***************************************
*         SCIP-based CCP Solver       *
*                                     *
*    Wei Lv and Wei-Kun Chen (2024)   *
***************************************
/share/home/wangzhaowei/lvwei/scipoptsuite-9.1.0/build/bin/examples/ccp -f CCRPData/20-30-3000-0.ccrp -s CCRPSetting/DB-OPF1.set 
SCIP version 9.1.0 [precision: 8 byte] [memory: block] [mode: optimized] [LP solver: Soplex 7.1.0] [GitHash: 8cab0278ba]
Copyright (c) 2002-2024 Zuse Institute Berlin (ZIB)

External libraries: 
  Soplex 7.1.0         Linear Programming Solver developed at Zuse Institute Berlin (soplex.zib.de) [GitHash: 595bfac9]
  CppAD 20180000.0     Algorithmic Differentiation of C++ algorithms developed by B. Bell (github.com/coin-or/CppAD)
  ZLIB 1.2.7           General purpose compression library by J. Gailly and M. Adler (zlib.net)
  GMP 6.0.0            GNU Multiple Precision Arithmetic Library developed by T. Granlund (gmplib.org)
  AMPL/MP 690e9e7      AMPL .nl file reader library (github.com/ampl/mp)
  PaPILO 2.3.0         parallel presolve for integer and linear optimization (github.com/scipopt/papilo) (built with TBB) [GitHash: 4b8ce6ed]
  Nauty 2.8.8          Computing Graph Automorphism Groups by Brendan D. McKay (users.cecs.anu.edu.au/~bdm/nauty)
  sassy 1.1            Symmetry preprocessor by Markus Anders (github.com/markusa4/sassy)

reading user parameter file <CCRPSetting/DB-OPF1.set>

read problem <CCRPData/20-30-3000-0.ccrp>
============

File name: 	CCRPData/20-30-3000-0.ccrp
Problem name:	20-30-3000-0
NumResource: 	20
Dimension: 	30
NumScenario: 	3000
ConfidenceParameter: 	0.10
IsEqualProbability: 	1
BnC+MIX+DI: 	0
BnC+MIX+sDI: 	0
DB: 	0
DB+OPF: 	1
Dominance and Aggregation Statistics......
NumEdge:        4157987
NumBiEdge: 	910575
NumDomIneqs: 	3247412
DominanceRatio: 0.7219
NumAggScenario: 1651 
BasicNumScenario: 1650 
Propagator Statistics......
NumBasicDomIneqs: 109337
NumNonReDomIneqs: 20984
Duration: 0.1200 s 

original problem has 2301 variables (1651 bin, 0 int, 0 impl, 650 cont) and 9052 constraints

solve problem
=============

presolving:
(round 1, fast)       282 del vars, 0 del conss, 0 add conss, 30 chg bounds, 0 chg sides, 0 chg coeffs, 0 upgd conss, 0 impls, 20620 clqs
   (0.1s) running MILP presolver
   (0.1s) MILP presolver (3 rounds): 50 aggregations, 289 fixings, 0 bound changes
(round 2, medium)     621 del vars, 0 del conss, 0 add conss, 30 chg bounds, 0 chg sides, 0 chg coeffs, 0 upgd conss, 0 impls, 20620 clqs
(round 3, fast)       621 del vars, 50 del conss, 0 add conss, 30 chg bounds, 0 chg sides, 0 chg coeffs, 0 upgd conss, 0 impls, 20620 clqs
(round 4, fast)       621 del vars, 50 del conss, 0 add conss, 60 chg bounds, 0 chg sides, 0 chg coeffs, 0 upgd conss, 0 impls, 20620 clqs
(round 5, exhaustive) 621 del vars, 50 del conss, 0 add conss, 60 chg bounds, 0 chg sides, 0 chg coeffs, 9000 upgd conss, 0 impls, 20620 clqs
   (4.0s) probing: 1000/1650 (60.6%) - 0 fixings, 0 aggregations, 190223 implications, 0 bound changes
   (4.0s) probing: 1001/1650 (60.7%) - 0 fixings, 0 aggregations, 190765 implications, 0 bound changes
   (4.0s) probing aborted: 1000/1000 successive useless probings
   (4.0s) symmetry computation started: requiring (bin +, int +, cont +), (fixed: bin -, int -, cont -)
   Symmetry detection interrupted: constraints of type chancecons do not provide symmetry information.
   If symmetries shall be detected, implement the CONSGETPERMSYMGRAPH callback.
   (4.0s) could not compute symmetry
presolving (6 rounds: 6 fast, 3 medium, 2 exhaustive):
 621 deleted vars, 50 deleted constraints, 0 added constraints, 60 tightened bounds, 0 added holes, 0 changed sides, 0 changed coefficients
 15663 implications, 20620 cliques
presolved problem has 1680 variables (1650 bin, 0 int, 0 impl, 30 cont) and 9002 constraints
      1 constraints of type <chancecons>
   9000 constraints of type <varbound>
      1 constraints of type <knapsack>
Presolving Time: 3.99

 time | node  | left  |LP iter|LP it/n|mem/heur|mdpt |vars |cons |rows |cuts |sepa|confs|strbr|  dualbound   | primalbound  |  gap   | compl. 
p 4.3s|     1 |     0 |     0 |     - |  clique|   0 |1680 |9002 |9001 |   0 |  0 |   0 |   0 | 1.807428e+03 | 2.110129e+03 |  16.75%| unknown
p 5.4s|     1 |     0 |     0 |     - | vbounds|   0 |1680 |9003 |9001 |   0 |  0 |   1 |   0 | 1.807428e+03 | 2.110127e+03 |  16.75%| unknown
  5.7s|     1 |     0 |  2043 |     - |   205M |   0 |1680 |9005 |9001 |   0 |  0 |   5 |   0 | 1.931084e+03 | 2.110127e+03 |   9.27%| unknown
  6.0s|     1 |     0 |  2438 |     - |   207M |   0 |1680 |9005 |9039 |  38 |  1 |   5 |   0 | 1.946717e+03 | 2.110127e+03 |   8.39%| unknown
  6.2s|     1 |     0 |  2802 |     - |   209M |   0 |1680 |9005 |9108 | 107 |  2 |   5 |   0 | 1.958345e+03 | 2.110127e+03 |   7.75%| unknown
  6.4s|     1 |     0 |  3145 |     - |   210M |   0 |1680 |9005 |9187 | 186 |  3 |   5 |   0 | 1.967849e+03 | 2.110127e+03 |   7.23%| unknown
  6.6s|     1 |     0 |  3570 |     - |   212M |   0 |1680 |9005 |9272 | 271 |  4 |   5 |   0 | 1.976398e+03 | 2.110127e+03 |   6.77%| unknown
  6.8s|     1 |     0 |  3965 |     - |   214M |   0 |1680 |9005 |9360 | 359 |  5 |   5 |   0 | 1.984073e+03 | 2.110127e+03 |   6.35%| unknown
  7.0s|     1 |     0 |  4294 |     - |   216M |   0 |1680 |9005 |9444 | 443 |  6 |   5 |   0 | 1.988056e+03 | 2.110127e+03 |   6.14%| unknown
  7.3s|     1 |     0 |  4695 |     - |   217M |   0 |1680 |9005 |9523 | 522 |  7 |   5 |   0 | 1.992185e+03 | 2.110127e+03 |   5.92%| unknown
  7.5s|     1 |     0 |  5144 |     - |   220M |   0 |1680 |9005 |9607 | 606 |  8 |   5 |   0 | 1.995945e+03 | 2.110127e+03 |   5.72%| unknown
  7.8s|     1 |     0 |  5531 |     - |   222M |   0 |1680 |9005 |9686 | 685 |  9 |   5 |   0 | 1.998193e+03 | 2.110127e+03 |   5.60%| unknown
  8.0s|     1 |     0 |  5920 |     - |   223M |   0 |1680 |9005 |9762 | 761 | 10 |   5 |   0 | 2.000477e+03 | 2.110127e+03 |   5.48%| unknown
  8.2s|     1 |     0 |  6207 |     - |   224M |   0 |1680 |9005 |9829 | 828 | 11 |   5 |   0 | 2.001679e+03 | 2.110127e+03 |   5.42%| unknown
  8.5s|     1 |     0 |  6677 |     - |   226M |   0 |1680 |9005 |9885 | 884 | 12 |   5 |   0 | 2.003903e+03 | 2.110127e+03 |   5.30%| unknown
 time | node  | left  |LP iter|LP it/n|mem/heur|mdpt |vars |cons |rows |cuts |sepa|confs|strbr|  dualbound   | primalbound  |  gap   | compl. 
  8.7s|     1 |     0 |  7032 |     - |   227M |   0 |1680 |9005 |9969 | 968 | 13 |   5 |   0 | 2.005257e+03 | 2.110127e+03 |   5.23%| unknown
  9.0s|     1 |     0 |  7480 |     - |   229M |   0 |1680 |9005 |  10k|1023 | 14 |   5 |   0 | 2.006590e+03 | 2.110127e+03 |   5.16%| unknown
  9.3s|     1 |     0 |  8170 |     - |   231M |   0 |1680 |9005 |  10k|1094 | 15 |   5 |   0 | 2.008035e+03 | 2.110127e+03 |   5.08%| unknown
  9.6s|     1 |     0 |  8754 |     - |   232M |   0 |1680 |9005 |  10k|1156 | 16 |   5 |   0 | 2.009252e+03 | 2.110127e+03 |   5.02%| unknown
  9.9s|     1 |     0 |  9300 |     - |   233M |   0 |1680 |9005 |  10k|1213 | 17 |   5 |   0 | 2.010131e+03 | 2.110127e+03 |   4.97%| unknown
 10.3s|     1 |     0 |  9921 |     - |   234M |   0 |1680 |9005 |  10k|1282 | 18 |   5 |   0 | 2.011378e+03 | 2.110127e+03 |   4.91%| unknown
 10.7s|     1 |     0 | 10728 |     - |   235M |   0 |1680 |9005 |  10k|1352 | 19 |   5 |   0 | 2.012448e+03 | 2.110127e+03 |   4.85%| unknown
 11.0s|     1 |     0 | 11249 |     - |   237M |   0 |1680 |9005 |  10k|1416 | 20 |   5 |   0 | 2.012875e+03 | 2.110127e+03 |   4.83%| unknown
 11.4s|     1 |     0 | 11996 |     - |   239M |   0 |1680 |9005 |  10k|1468 | 21 |   5 |   0 | 2.013689e+03 | 2.110127e+03 |   4.79%| unknown
 11.8s|     1 |     0 | 12823 |     - |   240M |   0 |1680 |9005 |  10k|1528 | 22 |   5 |   0 | 2.014498e+03 | 2.110127e+03 |   4.75%| unknown
 12.2s|     1 |     0 | 13754 |     - |   240M |   0 |1680 |9005 |  10k|1589 | 23 |   5 |   0 | 2.015218e+03 | 2.110127e+03 |   4.71%| unknown
 12.7s|     1 |     0 | 14592 |     - |   241M |   0 |1680 |9005 |  10k|1659 | 24 |   5 |   0 | 2.015836e+03 | 2.110127e+03 |   4.68%| unknown
 13.1s|     1 |     0 | 15472 |     - |   241M |   0 |1680 |9005 |  10k|1726 | 25 |   5 |   0 | 2.016378e+03 | 2.110127e+03 |   4.65%| unknown
 13.7s|     1 |     0 | 16452 |     - |   241M |   0 |1680 |9005 |  10k|1803 | 26 |   5 |   0 | 2.017010e+03 | 2.110127e+03 |   4.62%| unknown
 14.3s|     1 |     0 | 17566 |     - |   242M |   0 |1680 |9005 |  10k|1869 | 27 |   5 |   0 | 2.017544e+03 | 2.110127e+03 |   4.59%| unknown
 time | node  | left  |LP iter|LP it/n|mem/heur|mdpt |vars |cons |rows |cuts |sepa|confs|strbr|  dualbound   | primalbound  |  gap   | compl. 
 14.9s|     1 |     0 | 18685 |     - |   244M |   0 |1680 |9005 |  10k|1937 | 28 |   5 |   0 | 2.018114e+03 | 2.110127e+03 |   4.56%| unknown
 15.5s|     1 |     0 | 19820 |     - |   244M |   0 |1680 |9005 |  10k|2010 | 29 |   5 |   0 | 2.018606e+03 | 2.110127e+03 |   4.53%| unknown
 16.2s|     1 |     0 | 20989 |     - |   245M |   0 |1680 |9005 |  10k|2075 | 30 |   5 |   0 | 2.019001e+03 | 2.110127e+03 |   4.51%| unknown
 16.9s|     1 |     0 | 22498 |     - |   245M |   0 |1680 |9005 |  10k|2137 | 31 |   5 |   0 | 2.019418e+03 | 2.110127e+03 |   4.49%| unknown
 17.6s|     1 |     0 | 23599 |     - |   245M |   0 |1680 |9005 |  10k|2214 | 32 |   5 |   0 | 2.019785e+03 | 2.110127e+03 |   4.47%| unknown
 18.4s|     1 |     0 | 24821 |     - |   245M |   0 |1680 |9005 |  10k|2283 | 33 |   5 |   0 | 2.020219e+03 | 2.110127e+03 |   4.45%| unknown
 19.1s|     1 |     0 | 25903 |     - |   247M |   0 |1680 |9005 |  10k|2350 | 34 |   5 |   0 | 2.020421e+03 | 2.110127e+03 |   4.44%| unknown
 19.8s|     1 |     0 | 27021 |     - |   248M |   0 |1680 |9005 |  10k|2416 | 35 |   5 |   0 | 2.020625e+03 | 2.110127e+03 |   4.43%| unknown
 20.7s|     1 |     0 | 28408 |     - |   248M |   0 |1680 |9005 |  10k|2485 | 36 |   5 |   0 | 2.020923e+03 | 2.110127e+03 |   4.41%| unknown
 21.7s|     1 |     0 | 29963 |     - |   249M |   0 |1680 |9005 |  10k|2557 | 37 |   5 |   0 | 2.021210e+03 | 2.110127e+03 |   4.40%| unknown
 22.4s|     1 |     0 | 31248 |     - |   249M |   0 |1680 |9005 |  10k|2616 | 38 |   5 |   0 | 2.021385e+03 | 2.110127e+03 |   4.39%| unknown
 23.5s|     1 |     0 | 32779 |     - |   250M |   0 |1680 |9005 |  10k|2676 | 39 |   5 |   0 | 2.021572e+03 | 2.110127e+03 |   4.38%| unknown
 24.5s|     1 |     0 | 33976 |     - |   251M |   0 |1680 |9005 |  10k|2742 | 40 |   5 |   0 | 2.021757e+03 | 2.110127e+03 |   4.37%| unknown
 25.5s|     1 |     0 | 35131 |     - |   251M |   0 |1680 |9005 |  10k|2813 | 41 |   5 |   0 | 2.021902e+03 | 2.110127e+03 |   4.36%| unknown
 26.6s|     1 |     0 | 36650 |     - |   251M |   0 |1680 |9005 |  10k|2876 | 42 |   5 |   0 | 2.022047e+03 | 2.110127e+03 |   4.36%| unknown
 time | node  | left  |LP iter|LP it/n|mem/heur|mdpt |vars |cons |rows |cuts |sepa|confs|strbr|  dualbound   | primalbound  |  gap   | compl. 
 27.6s|     1 |     0 | 38258 |     - |   253M |   0 |1680 |9005 |  10k|2935 | 43 |   5 |   0 | 2.022196e+03 | 2.110127e+03 |   4.35%| unknown
 28.4s|     1 |     0 | 39560 |     - |   254M |   0 |1680 |9005 |  10k|2995 | 44 |   5 |   0 | 2.022297e+03 | 2.110127e+03 |   4.34%| unknown
 29.3s|     1 |     0 | 41183 |     - |   254M |   0 |1680 |9005 |  10k|3050 | 45 |   5 |   0 | 2.022421e+03 | 2.110127e+03 |   4.34%| unknown
 30.2s|     1 |     0 | 42360 |     - |   255M |   0 |1680 |9004 |  10k|3109 | 46 |   5 |   0 | 2.022488e+03 | 2.110127e+03 |   4.33%| unknown
 31.4s|     1 |     0 | 43897 |     - |   255M |   0 |1680 |9004 |  10k|3170 | 47 |   5 |   0 | 2.022595e+03 | 2.110127e+03 |   4.33%| unknown
r31.7s|     1 |     0 | 44635 |     - |intshift|   0 |1680 |9004 |  10k|3170 | 47 |   5 |   0 | 2.022595e+03 | 2.083483e+03 |   3.01%| unknown
o35.6s|     1 |     0 | 56179 |     - |feaspump|   0 |1680 |9004 |  10k|3170 | 47 |   5 |   0 | 2.022595e+03 | 2.035399e+03 |   0.63%| unknown
 41.0s|     1 |     0 | 62665 |     - |   256M |   0 |1680 |9007 |  10k|3170 | 47 |   8 |   0 | 2.022595e+03 | 2.035399e+03 |   0.63%| unknown
 41.1s|     1 |     0 | 62665 |     - |   257M |   0 |1680 |9007 |  10k|3170 | 47 |   8 |   0 | 2.022595e+03 | 2.035399e+03 |   0.63%| unknown
 42.2s|     1 |     0 | 64228 |     - |   257M |   0 |1680 |9007 |  10k|3232 | 48 |   8 |   0 | 2.022715e+03 | 2.035399e+03 |   0.63%| unknown
 42.7s|     1 |     0 | 65343 |     - |   257M |   0 |1680 |9007 |  10k|3285 | 49 |   8 |   0 | 2.022787e+03 | 2.035399e+03 |   0.62%| unknown
 58.4s|     1 |     2 | 65343 |     - |   258M |   0 |1680 |8947 |  10k|3285 | 49 |   8 |  35 | 2.022865e+03 | 2.035399e+03 |   0.62%| unknown
o 146s|    71 |    58 |144050 |1392.6 |objpscos|  23 |1680 |8946 |9874 |4318 |  1 |   9 | 286 | 2.022881e+03 | 2.033393e+03 |   0.52%|   0.48%
d 156s|    96 |    57 |171894 |1319.2 |pscostdi|  32 |1680 |8946 |9947 |   0 |  1 |   9 | 298 | 2.022881e+03 | 2.029927e+03 |   0.35%|   0.57%
  159s|   100 |    61 |178182 |1329.4 |   262M |  33 |1680 |8947 |9963 |4552 |  1 |  10 | 302 | 2.022881e+03 | 2.029927e+03 |   0.35%|   0.60%
 time | node  | left  |LP iter|LP it/n|mem/heur|mdpt |vars |cons |rows |cuts |sepa|confs|strbr|  dualbound   | primalbound  |  gap   | compl. 
o 172s|   124 |    81 |208416 |1315.8 |objpscos|  36 |1680 |8950 |9938 |4641 |  1 |  13 | 331 | 2.022881e+03 | 2.026353e+03 |   0.17%|   0.67%
* 175s|   136 |    46 |215400 |1250.6 |strongbr|  40 |1680 |8950 |  10k|4936 | 21 |  13 | 331 | 2.022881e+03 | 2.026219e+03 |   0.17%|  12.22%
* 186s|   175 |    36 |235043 |1083.2 |    LP  |  50 |1680 |8952 |  10k|5003 |  1 |  17 | 356 | 2.022911e+03 | 2.025523e+03 |   0.13%|  15.03%
* 186s|   182 |    35 |235460 |1043.6 |    LP  |  50 |1680 |8952 |  10k|5003 |  1 |  17 | 356 | 2.022911e+03 | 2.025463e+03 |   0.13%|  15.06%
  189s|   200 |    33 |242855 | 986.4 |   270M |  51 |1680 |8952 |  10k|5010 |  0 |  17 | 356 | 2.022931e+03 | 2.025463e+03 |   0.13%|  15.76%
  216s|   300 |    63 |297608 | 839.6 |   271M |  51 |1680 |8955 |  10k|5327 |  2 |  21 | 404 | 2.022983e+03 | 2.025463e+03 |   0.12%|  18.58%
d 217s|   317 |    60 |301790 | 807.7 |fracdivi|  59 |1680 |8955 |  10k|   0 |  1 |  21 | 409 | 2.022983e+03 | 2.024964e+03 |   0.10%|  18.58%
* 218s|   327 |    54 |302945 | 786.4 |    LP  |  60 |1680 |8955 |  10k|5343 |  7 |  21 | 409 | 2.022983e+03 | 2.024836e+03 |   0.09%|  18.62%
* 218s|   329 |    46 |303214 | 782.4 |    LP  |  60 |1680 |8955 |  10k|5355 |  2 |  22 | 409 | 2.022983e+03 | 2.024722e+03 |   0.09%|  18.65%
* 222s|   346 |    43 |309255 | 761.4 |    LP  |  60 |1680 |8954 |9999 |5355 |  1 |  22 | 415 | 2.023012e+03 | 2.024623e+03 |   0.08%|  19.20%
  247s|   400 |    51 |356097 | 775.8 |   275M |  60 |1680 |8955 |9990 |5758 |  3 |  26 | 451 | 2.023060e+03 | 2.024623e+03 |   0.08%|  24.04%
* 247s|   403 |    49 |356211 | 770.2 |    LP  |  60 |1680 |8955 |9990 |5758 |  3 |  26 | 451 | 2.023060e+03 | 2.024584e+03 |   0.08%|  24.05%
* 247s|   407 |    44 |356299 | 762.9 |    LP  |  60 |1680 |8955 |9990 |5758 |  1 |  26 | 451 | 2.023060e+03 | 2.024172e+03 |   0.05%|  26.42%
d 276s|   457 |    41 |414625 | 807.1 |linesear|  60 |1680 |8960 |9979 |   0 |  3 |  33 | 493 | 2.023099e+03 | 2.023995e+03 |   0.04%|  31.96%
* 277s|   458 |    33 |415481 | 807.2 |    LP  |  60 |1680 |8960 |9979 |6567 |  5 |  33 | 493 | 2.023099e+03 | 2.023881e+03 |   0.04%|  32.24%
 time | node  | left  |LP iter|LP it/n|mem/heur|mdpt |vars |cons |rows |cuts |sepa|confs|strbr|  dualbound   | primalbound  |  gap   | compl. 
  338s|   500 |     7 |525245 | 959.3 |   277M |  60 |1680 |8988 |9777 |7035 |  0 |  63 | 587 | 2.023234e+03 | 2.023881e+03 |   0.03%|  80.59%

SCIP Status        : problem is solved [optimal solution found]
Solving Time (sec) : 352.95
Solving Nodes      : 511
Primal Bound       : +2.02388072302810e+03 (40 solutions)
Dual Bound         : +2.02388072302810e+03
Gap                : 0.00 %

primal solution (original space):
=================================

objective value:                      2023.8807230281
z#2                                 0.999999999999988 	(obj:0)
z#7                                                 1 	(obj:0)
z#10                                 1.00000000000001 	(obj:0)
z#11                                0.999999999999995 	(obj:0)
z#12                                 1.00000000000004 	(obj:0)
z#14                                                1 	(obj:0)
z#18                                                1 	(obj:0)
z#26                                 1.00000000000005 	(obj:0)
z#30                                                1 	(obj:0)
z#35                                0.999999999999895 	(obj:0)
z#37                                                1 	(obj:0)
z#46                                 1.00000000000011 	(obj:0)
z#48                                                1 	(obj:0)
z#49                                                1 	(obj:0)
z#52                                                1 	(obj:0)
z#65                                 1.00000000000001 	(obj:0)
z#67                                                1 	(obj:0)
z#70                                 1.00000000000006 	(obj:0)
z#72                                 1.00000000000001 	(obj:0)
z#86                                                1 	(obj:0)
z#90                                                1 	(obj:0)
z#91                                                1 	(obj:0)
z#98                                0.999999999999488 	(obj:0)
z#101                                               1 	(obj:0)
z#113                                1.00000000000007 	(obj:0)
z#117                                1.00000000000001 	(obj:0)
z#125                                               1 	(obj:0)
z#130                                               1 	(obj:0)
z#138                                1.00000000000006 	(obj:0)
z#140                                               1 	(obj:0)
z#142                               0.999999999999631 	(obj:0)
z#145                               0.999999999999986 	(obj:0)
z#147                               0.999999999999993 	(obj:0)
z#149                                               1 	(obj:0)
z#151                                1.00000000000001 	(obj:0)
z#161                                               1 	(obj:0)
z#168                                               1 	(obj:0)
z#177                               0.999999999999943 	(obj:0)
z#178                                0.99999999999992 	(obj:0)
z#183                                               1 	(obj:0)
z#192                               0.999999999999992 	(obj:0)
z#195                               0.999999999999662 	(obj:0)
z#198                                               1 	(obj:0)
z#202                                               1 	(obj:0)
z#204                                               1 	(obj:0)
z#205                                1.00000000000002 	(obj:0)
z#207                                               1 	(obj:0)
z#210                                               1 	(obj:0)
z#220                                1.00000000000001 	(obj:0)
z#223                                               1 	(obj:0)
z#235                                               1 	(obj:0)
z#238                                               1 	(obj:0)
z#240                                               1 	(obj:0)
z#245                               0.999999999999972 	(obj:0)
z#249                               0.999999999999936 	(obj:0)
z#257                               0.999999999999972 	(obj:0)
z#262                               0.999999999999431 	(obj:0)
z#290                               0.999999999999375 	(obj:0)
z#298                                               1 	(obj:0)
z#300                                               1 	(obj:0)
z#304                                               1 	(obj:0)
z#312                                               1 	(obj:0)
z#326                                               1 	(obj:0)
z#341                                               1 	(obj:0)
z#343                                               1 	(obj:0)
z#344                               0.999999999999901 	(obj:0)
z#350                               0.999999999999601 	(obj:0)
z#352                                               1 	(obj:0)
z#354                               0.999999999999929 	(obj:0)
z#365                                               1 	(obj:0)
z#368                                               1 	(obj:0)
z#375                                               1 	(obj:0)
z#382                                               1 	(obj:0)
z#386                               0.999999999999993 	(obj:0)
z#388                                               1 	(obj:0)
z#392                                               1 	(obj:0)
z#393                                               1 	(obj:0)
z#402                               0.999999999999998 	(obj:0)
z#413                                               1 	(obj:0)
z#414                                               1 	(obj:0)
z#418                                               1 	(obj:0)
z#423                                               1 	(obj:0)
z#424                                               1 	(obj:0)
z#427                                0.99999999999994 	(obj:0)
z#432                                               1 	(obj:0)
z#444                                1.00000000000006 	(obj:0)
z#445                                               1 	(obj:0)
z#448                                1.00000000000003 	(obj:0)
z#453                               0.999999999999968 	(obj:0)
z#457                               0.999999999999988 	(obj:0)
z#480                                               1 	(obj:0)
z#482                                               1 	(obj:0)
z#483                                               1 	(obj:0)
z#497                                               1 	(obj:0)
z#499                                               1 	(obj:0)
z#501                                               1 	(obj:0)
z#504                                               1 	(obj:0)
z#505                                1.00000000000006 	(obj:0)
z#507                                1.00000000000005 	(obj:0)
z#508                                1.00000000000001 	(obj:0)
z#512                                               1 	(obj:0)
z#522                                0.99999999999998 	(obj:0)
z#542                                 1.0000000000001 	(obj:0)
z#546                                1.00000000000005 	(obj:0)
z#552                                               1 	(obj:0)
z#558                                               1 	(obj:0)
z#560                                1.00000000000003 	(obj:0)
z#564                                               1 	(obj:0)
z#570                                               1 	(obj:0)
z#578                                1.00000000000005 	(obj:0)
z#588                                1.00000000000006 	(obj:0)
z#591                                               1 	(obj:0)
z#593                                               1 	(obj:0)
z#602                                1.00000000000001 	(obj:0)
z#615                                1.00000000000002 	(obj:0)
z#616                                               1 	(obj:0)
z#619                               0.999999999999974 	(obj:0)
z#621                                               1 	(obj:0)
z#626                                               1 	(obj:0)
z#627                                1.00000000000002 	(obj:0)
z#638                                               1 	(obj:0)
z#642                               0.999999999999979 	(obj:0)
z#644                                               1 	(obj:0)
z#646                                               1 	(obj:0)
z#654                                               1 	(obj:0)
z#659                                               1 	(obj:0)
z#666                                               1 	(obj:0)
z#678                                               1 	(obj:0)
z#681                                               1 	(obj:0)
z#689                                               1 	(obj:0)
z#694                                               1 	(obj:0)
z#697                                               1 	(obj:0)
z#699                                               1 	(obj:0)
z#716                                               1 	(obj:0)
z#742                                               1 	(obj:0)
z#743                                               1 	(obj:0)
z#757                               0.999999999999343 	(obj:0)
z#762                                               1 	(obj:0)
z#763                                               1 	(obj:0)
z#767                                               1 	(obj:0)
z#772                                               1 	(obj:0)
z#776                                               1 	(obj:0)
z#781                                               1 	(obj:0)
z#791                               0.999999999999989 	(obj:0)
z#803                                               1 	(obj:0)
z#815                                               1 	(obj:0)
z#818                                               1 	(obj:0)
z#823                                               1 	(obj:0)
z#829                                               1 	(obj:0)
z#831                                               1 	(obj:0)
z#836                                1.00000000000003 	(obj:0)
z#838                               0.999999999999996 	(obj:0)
z#839                                               1 	(obj:0)
z#846                                               1 	(obj:0)
z#852                                               1 	(obj:0)
z#860                               0.999999999999936 	(obj:0)
z#862                                1.00000000000006 	(obj:0)
z#866                                1.00000000000003 	(obj:0)
z#870                                               1 	(obj:0)
z#871                               0.999999999999976 	(obj:0)
z#874                                               1 	(obj:0)
z#879                                               1 	(obj:0)
z#894                                               1 	(obj:0)
z#905                               0.999999999999997 	(obj:0)
z#915                               0.999999999999964 	(obj:0)
z#916                               0.999999999999997 	(obj:0)
z#918                               0.999999999999803 	(obj:0)
z#924                                               1 	(obj:0)
z#926                                               1 	(obj:0)
z#931                                1.00000000000021 	(obj:0)
z#933                                               1 	(obj:0)
z#934                                               1 	(obj:0)
z#940                                               1 	(obj:0)
z#946                                               1 	(obj:0)
z#955                                1.00000000000001 	(obj:0)
z#960                                               1 	(obj:0)
z#962                                               1 	(obj:0)
z#964                               0.999999999999431 	(obj:0)
z#977                                               1 	(obj:0)
z#980                                               1 	(obj:0)
z#989                                               1 	(obj:0)
z#1009                               1.00000000000007 	(obj:0)
z#1014                                              1 	(obj:0)
z#1019                                              1 	(obj:0)
z#1040                                              1 	(obj:0)
z#1042                              0.999999999999997 	(obj:0)
z#1046                                              1 	(obj:0)
z#1050                                              1 	(obj:0)
z#1056                                              1 	(obj:0)
z#1070                               1.00000000000006 	(obj:0)
z#1072                                              1 	(obj:0)
z#1076                                              1 	(obj:0)
z#1077                              0.999999999999961 	(obj:0)
z#1080                                              1 	(obj:0)
z#1085                              0.999999999999997 	(obj:0)
z#1090                                              1 	(obj:0)
z#1103                               1.00000000000003 	(obj:0)
z#1110                                              1 	(obj:0)
z#1112                              0.999999999999972 	(obj:0)
z#1118                                              1 	(obj:0)
z#1120                                              1 	(obj:0)
z#1121                                              1 	(obj:0)
z#1122                                              1 	(obj:0)
z#1141                               1.00000000000009 	(obj:0)
z#1152                                              1 	(obj:0)
z#1153                                              1 	(obj:0)
z#1159                                              1 	(obj:0)
z#1165                               1.00000000000001 	(obj:0)
z#1168                                              1 	(obj:0)
z#1190                                              1 	(obj:0)
z#1191                                              1 	(obj:0)
z#1194                                              1 	(obj:0)
z#1195                               0.99999999999999 	(obj:0)
z#1207                                              1 	(obj:0)
z#1224                               1.00000000000001 	(obj:0)
z#1226                                              1 	(obj:0)
z#1235                              0.999999999999973 	(obj:0)
z#1236                                              1 	(obj:0)
z#1248                               1.00000000000006 	(obj:0)
z#1256                              0.999999999999993 	(obj:0)
z#1259                               1.00000000000002 	(obj:0)
z#1263                               1.00000000000001 	(obj:0)
z#1266                                              1 	(obj:0)
z#1270                                              1 	(obj:0)
z#1272                                              1 	(obj:0)
z#1276                                              1 	(obj:0)
z#1284                                              1 	(obj:0)
z#1289                                              1 	(obj:0)
z#1292                              0.999999999999967 	(obj:0)
z#1304                                              1 	(obj:0)
z#1306                                              1 	(obj:0)
z#1308                              0.999999999999995 	(obj:0)
z#1313                                              1 	(obj:0)
z#1314                              0.999999999999768 	(obj:0)
z#1322                               1.00000000000025 	(obj:0)
z#1328                               1.00000000000001 	(obj:0)
z#1337                               1.00000000000001 	(obj:0)
z#1342                                              1 	(obj:0)
z#1343                                              1 	(obj:0)
z#1349                                              1 	(obj:0)
z#1350                               1.00000000000002 	(obj:0)
z#1352                              0.999999999999997 	(obj:0)
z#1353                                              1 	(obj:0)
z#1358                                              1 	(obj:0)
z#1361                                              1 	(obj:0)
z#1364                               0.99999999999992 	(obj:0)
z#1371                               1.00000000000006 	(obj:0)
z#1372                                              1 	(obj:0)
z#1376                               1.00000000000002 	(obj:0)
z#1390                                              1 	(obj:0)
z#1394                                              1 	(obj:0)
z#1398                                              1 	(obj:0)
z#1404                               1.00000000000001 	(obj:0)
z#1406                               1.00000000000017 	(obj:0)
z#1407                               1.00000000000008 	(obj:0)
z#1410                              0.999999999999997 	(obj:0)
z#1413                               1.00000000000001 	(obj:0)
z#1425                                              1 	(obj:0)
z#1438                                              1 	(obj:0)
z#1445                                              1 	(obj:0)
z#1447                                              1 	(obj:0)
z#1463                                              1 	(obj:0)
z#1468                               1.00000000000013 	(obj:0)
z#1471                                              1 	(obj:0)
z#1478                                              1 	(obj:0)
z#1480                                              1 	(obj:0)
z#1481                                              1 	(obj:0)
z#1483                              0.999999999999886 	(obj:0)
z#1493                               1.00000000000013 	(obj:0)
z#1495                                              1 	(obj:0)
z#1502                                              1 	(obj:0)
z#1529                               1.00000000000001 	(obj:0)
z#1537                                              1 	(obj:0)
z#1538                               1.00000000000002 	(obj:0)
z#1546                                              1 	(obj:0)
z#1547                                              1 	(obj:0)
z#1550                              0.999999999999964 	(obj:0)
z#1559                                              1 	(obj:0)
z#1562                              0.999999999999994 	(obj:0)
z#1564                                              1 	(obj:0)
z#1566                                              1 	(obj:0)
z#1578                                              1 	(obj:0)
z#1581                              0.999999999999957 	(obj:0)
z#1585                                              1 	(obj:0)
z#1586                              0.999999999999994 	(obj:0)
z#1591                                              1 	(obj:0)
z#1592                                              1 	(obj:0)
z#1602                                              1 	(obj:0)
z#1603                              0.999999999999989 	(obj:0)
z#1604                              0.999999999999984 	(obj:0)
z#1611                                              1 	(obj:0)
z#1612                              0.999999999999981 	(obj:0)
z#1615                               1.00000000000008 	(obj:0)
z#1617                               0.99999999999996 	(obj:0)
z#1624                              0.999999999999997 	(obj:0)
z#1625                                              1 	(obj:0)
z#1626                                              1 	(obj:0)
z#1643                               1.00000000000001 	(obj:0)
z#1645                                              1 	(obj:0)
z#1648                                              1 	(obj:0)
y#15#2                               90.3268199233717 	(obj:0)
x#0                                  105.061014994233 	(obj:0.89)
x#1                                  77.3258304412493 	(obj:0.95)
x#2                                  794.359755929289 	(obj:0.82)
x#4                                  918.911393579499 	(obj:0.76)
x#10                                 388.143650255674 	(obj:0.79)
x#11                                 128.056918187792 	(obj:0.91)
x#15                                 90.3268199233717 	(obj:0.93)
y#0#0                                105.061014994233 	(obj:0)
y#1#11                               77.3258304412493 	(obj:0)
y#2#3                                56.5198608137045 	(obj:0)
y#2#4                                107.082365145228 	(obj:0)
y#2#5                                76.0626874279123 	(obj:0)
y#2#6                                75.8633569739953 	(obj:0)
y#2#13                               64.9568996960486 	(obj:0)
y#2#14                               90.7447510497904 	(obj:0)
y#2#20                               60.9718647764449 	(obj:0)
y#2#23                               64.2745192307691 	(obj:0)
y#2#26                               99.5537508153958 	(obj:0)
y#2#27                               98.3297000000001 	(obj:0)
y#4#1                                77.1185259969712 	(obj:0)
y#4#10                               80.9502460360853 	(obj:0)
y#4#12                               103.509009009009 	(obj:0)
y#4#15                               92.4095176848873 	(obj:0)
y#4#16                               57.7252636405319 	(obj:0)
y#4#18                               122.385772083614 	(obj:0)
y#4#24                               93.6344549125168 	(obj:0)
y#4#25                               146.255695142379 	(obj:0)
y#4#28                               89.3228079612695 	(obj:0)
y#4#29                               55.6001011122346 	(obj:0)
y#10#7                               75.5392424242424 	(obj:0)
y#10#8                               73.3061634658328 	(obj:0)
y#10#9                               73.5003884572698 	(obj:0)
y#10#17                              98.7997671711292 	(obj:0)
y#10#21                              66.9980887371998 	(obj:0)
y#11#19                              59.6643199233717 	(obj:0)
y#11#22                              68.3925982644206 	(obj:0)
v#0                                          182.1758 	(obj:0)
v#1                                          152.7718 	(obj:0)
v#2                                          141.4518 	(obj:0)
v#3                                          105.5791 	(obj:0)
v#4                                          154.8411 	(obj:0)
v#5                                          131.8927 	(obj:0)
v#6                                           160.451 	(obj:0)
v#7                                          149.5677 	(obj:0)
v#8                                          164.1325 	(obj:0)
v#9                                          132.4477 	(obj:0)
v#10                                          148.058 	(obj:0)
v#11                                         155.9662 	(obj:0)
v#12                                          183.832 	(obj:0)
v#13                                         106.8541 	(obj:0)
v#14                                 151.271500000001 	(obj:0)
v#15                                         143.6968 	(obj:0)
v#16                                         125.8988 	(obj:0)
v#17                                          169.738 	(obj:0)
v#18                                         181.4981 	(obj:0)
v#19                                         124.5791 	(obj:0)
v#20                                         111.8224 	(obj:0)
v#21                                 98.1521999999977 	(obj:0)
v#22                                         133.9811 	(obj:0)
v#23                                         106.9528 	(obj:0)
v#24                                         139.1408 	(obj:0)
v#25                                         174.6293 	(obj:0)
v#26                                 152.615900000002 	(obj:0)
v#27                                         196.6594 	(obj:0)
v#28                                         166.0511 	(obj:0)
v#29                                          109.977 	(obj:0)

Statistics
==========

SCIP Status        : problem is solved [optimal solution found]
Total Time         :     353.41
  solving          :     352.95
  presolving       :       3.99 (included in solving)
  reading          :       0.46
  copying          :       0.22 (6 #copies) (minimal 0.03, maximal 0.04, average 0.04)
Original Problem   :
  Problem name     : 20-30-3000-0
  Variables        : 2301 (1651 binary, 0 integer, 0 implicit integer, 650 continuous)
  Constraints      : 9052 initial, 9052 maximal
  Objective        : minimize, 20 non-zeros (abs.min = 0.76, abs.max = 1.15)
Presolved Problem  :
  Problem name     : t_20-30-3000-0
  Variables        : 1680 (1650 binary, 0 integer, 0 implicit integer, 30 continuous)
  Constraints      : 9002 initial, 9007 maximal
  Objective        : minimize, 30 non-zeros (abs.min = 0.352836, abs.max = 0.95)
  Nonzeros         : 19650 constraint, 25996 clique table
Presolvers         :   ExecTime  SetupTime  Calls  FixedVars   AggrVars   ChgTypes  ChgBounds   AddHoles    DelCons    AddCons   ChgSides   ChgCoefs
  boundshift       :       0.00       0.00      0          0          0          0          0          0          0          0          0          0
  convertinttobin  :       0.00       0.00      0          0          0          0          0          0          0          0          0          0
  domcol           :       0.04       0.00      1          0          0          0          0          0          0          0          0          0
  dualagg          :       0.00       0.00      0          0          0          0          0          0          0          0          0          0
  dualcomp         :       0.01       0.00      1          0          0          0          0          0          0          0          0          0
  dualinfer        :       0.00       0.00      0          0          0          0          0          0          0          0          0          0
  dualsparsify     :       0.03       0.00      1          0          0          0          0          0          0          0          0          0
  gateextraction   :       0.00       0.00      0          0          0          0          0          0          0          0          0          0
  implics          :       0.00       0.00      3          0          0          0          0          0          0          0          0          0
  inttobinary      :       0.00       0.00      0          0          0          0          0          0          0          0          0          0
  milp             :       0.02       0.00      1        289         50          0          0          0          0          0          0          0
  qpkktref         :       0.00       0.00      0          0          0          0          0          0          0          0          0          0
  redvub           :       0.00       0.00      0          0          0          0          0          0          0          0          0          0
  sparsify         :       0.01       0.00      1          0          0          0          0          0          0          0          0          0
  stuffing         :       0.00       0.00      0          0          0          0          0          0          0          0          0          0
  trivial          :       0.00       0.00      6          0          0          0          0          0          0          0          0          0
  tworowbnd        :       0.00       0.00      0          0          0          0          0          0          0          0          0          0
  dualfix          :       0.00       0.00      6        282          0          0          0          0          0          0          0          0
  genvbounds       :       0.00       0.00      0          0          0          0          0          0          0          0          0          0
  probing          :       3.81       0.00      1          0          0          0          0          0          0          0          0          0
  pseudoobj        :       0.00       0.00      0          0          0          0          0          0          0          0          0          0
  symmetry         :       0.00       0.00      1          0          0          0          0          0          0          0          0          0
  vbounds          :       0.00       0.00      1          0          0          0          0          0          0          0          0          0
  chancecons       :       0.01       0.00      1          0          0          0          0          0          0          0          0          0
  varbound         :       0.01       0.00      2          0          0          0          0          0          0          0          0          0
  knapsack         :       0.00       0.00      0          0          0          0          0          0          0          0          0          0
  linear           :       0.04       0.00      8          0          0          0         60          0         50          0          0          0
  logicor          :       0.00       0.00      0          0          0          0          0          0          0          0          0          0
  bounddisjunction :       0.00       0.00      0          0          0          0          0          0          0          0          0          0
  benders          :       0.00       0.00      0          0          0          0          0          0          0          0          0          0
  components       :       0.00       0.00      1          0          0          0          0          0          0          0          0          0
  root node        :          -          -      -        755          -          -        819          -          -          -          -          -
Constraints        :     Number  MaxNumber  #Separate #Propagate    #EnfoLP    #EnfoRelax  #EnfoPS    #Check   #ResProp    Cutoffs    DomReds       Cuts    Applied      Conss   Children
  benderslp        :          0          0          0          0        402          0          0        193          0          0          0          0          0          0          0
  chancecons       :          1          1        107      15889          0          0          0          0          0         38      28348       2367        956          0          0
  integral         :          0          0          0          0        402          0          0        193          0          0        786          0          0         38        648
  varbound         :       9000       9000         48      15866          8          0          0        188        111          0       3199          0          0          0          0
  knapsack         :          1          1         48      15463          8          0          0         62          2          2          0          0          0          0          0
  linear           :          0+         3          0      10777          0          0          0          3          4          9          0          0          0          0          0
  logicor          :          0+        15          0        273          0          0          0          0          0          0          0          0          0          0          0
  bounddisjunction :          0+        31          0        691          0          0          0          0          0          0          0          0          0          0          0
  benders          :          0          0          0          0          8          0          0         33          0          0          0          0          0          0          0
  fixedvar         :          0          0          0          0          8          0          0         33          0          0          0          0          0          0          0
  countsols        :          0          0          0          0          8          0          0         33          0          0          0          0          0          0          0
  components       :          0          0          0          0          0          0          0          0          0          0          0          0          0          0          0
Constraint Timings :  TotalTime  SetupTime   Separate  Propagate     EnfoLP     EnfoPS     EnfoRelax   Check    ResProp    SB-Prop
  benderslp        :       0.00       0.00       0.00       0.00       0.00       0.00       0.00       0.00       0.00       0.00
  chancecons       :       7.91       0.00       0.09       6.57       0.00       0.00       0.00       0.00       0.00       1.25
  integral         :     143.53       0.00       0.00       0.00     143.53       0.00       0.00       0.00       0.00       0.00
  varbound         :       1.52       0.00       0.05       1.21       0.00       0.00       0.00       0.04       0.00       0.21
  knapsack         :       0.86       0.00       0.74       0.11       0.00       0.00       0.00       0.00       0.00       0.00
  linear           :       0.01       0.00       0.00       0.01       0.00       0.00       0.00       0.00       0.00       0.00
  logicor          :       0.00       0.00       0.00       0.00       0.00       0.00       0.00       0.00       0.00       0.00
  bounddisjunction :       0.00       0.00       0.00       0.00       0.00       0.00       0.00       0.00       0.00       0.00
  benders          :       0.00       0.00       0.00       0.00       0.00       0.00       0.00       0.00       0.00       0.00
  fixedvar         :       0.00       0.00       0.00       0.00       0.00       0.00       0.00       0.00       0.00       0.00
  countsols        :       0.00       0.00       0.00       0.00       0.00       0.00       0.00       0.00       0.00       0.00
  components       :       0.00       0.00       0.00       0.00       0.00       0.00       0.00       0.00       0.00       0.00
Propagators        : #Propagate   #ResProp    Cutoffs    DomReds
  dualfix          :          4          0          0          0
  genvbounds       :          0          0          0          0
  nlobbt           :          0          0          0          0
  obbt             :          0          0          0          0
  probing          :          0          0          0          0
  pseudoobj        :       2333          0          0         88
  redcost          :       1803          0          0       8566
  rootredcost      :         15          0          0        136
  symmetry         :          0          0          0          0
  vbounds          :      10744          0          0          0
Propagator Timings :  TotalTime  SetupTime   Presolve  Propagate    ResProp    SB-Prop
  dualfix          :       0.00       0.00       0.00       0.00       0.00       0.00
  genvbounds       :       0.00       0.00       0.00       0.00       0.00       0.00
  nlobbt           :       0.00       0.00       0.00       0.00       0.00       0.00
  obbt             :       0.00       0.00       0.00       0.00       0.00       0.00
  probing          :       3.81       0.00       3.81       0.00       0.00       0.00
  pseudoobj        :       0.02       0.00       0.00       0.02       0.00       0.00
  redcost          :       0.09       0.00       0.00       0.09       0.00       0.00
  rootredcost      :       0.01       0.00       0.00       0.01       0.00       0.00
  symmetry         :       0.01       0.00       0.00       0.00       0.00       0.00
  vbounds          :       0.04       0.00       0.00       0.03       0.00       0.01
Symmetry           :
  orbitopal red.   :          0 reductions applied,          0 cutoffs
  orbital reduction:          0 reductions applied,          0 cutoffs
  lexicographic red:          0 reductions applied,          0 cutoffs
  shadow tree time :       0.00 s
Conflict Analysis  :       Time      Calls    Success    DomReds  Conflicts   Literals    Reconvs ReconvLits   Dualrays   Nonzeros   LP Iters   (pool size: [10000,10000])
  propagation      :       0.00          2          1          -          2      327.0          0        0.0          -          -          -
  infeasible LP    :       0.00          0          0          -          0        0.0          0        0.0          0        0.0          0
  bound exceed. LP :       0.91        250         47          -         70      134.9          0        0.0          3       30.0       1879
  strong branching :       0.00          0          0          -          0        0.0          0        0.0          -          -          0
  pseudo solution  :       0.00          0          0          -          0        0.0          0        0.0          -          -          -
  applied globally :       0.01          -          -          0         54       97.5          -          -          3          -          -
  applied locally  :          -          -          -          0          8      276.4          -          -          0          -          -
Separators         :   ExecTime  SetupTime      Calls  RootCalls    Cutoffs    DomReds  FoundCuts ViaPoolAdd  DirectAdd    Applied ViaPoolApp  DirectApp      Conss
  cut pool         :       0.33          -        232         96          -          -      26207     101150          -          -          -          -          -    (maximal pool size:      26075)
  aggregation      :       5.24       0.00         74         48          0          0      22595      91282          0       4770       4770          0          0
  > cmir           :          -          -          -          -          -          -          -      91043          0       4769       4769          0          -
  > flowcover      :          -          -          -          -          -          -          -        239          0          1          1          0          -
  > knapsackcover  :          -          -          -          -          -          -          -          0          0          0          0          0          -
  cgmip            :       0.00       0.00          0          0          0          0          0          0          0          0          0          0          0
  clique           :       1.16       0.00         48         48          0          0          0          0          0          0          0          0          0
  closecuts        :       0.00       0.00          0          0          0          0          0          0          0          0          0          0          0
  convexproj       :       0.00       0.00          0          0          0          0          0          0          0          0          0          0          0
  disjunctive      :       0.00       0.00          0          0          0          0          0          0          0          0          0          0          0
  eccuts           :       0.00       0.00          0          0          0          0          0          0          0          0          0          0          0
  gauge            :       0.00       0.00          0          0          0          0          0          0          0          0          0          0          0
  gomory           :       0.30       0.00         21         10          0          0       2015       5741          0        547        547          0          0
  > gomorymi       :          -          -          -          -          -          -          -       5741          0        547        547          0          -
  > strongcg       :          -          -          -          -          -          -          -          0          0          0          0          0          -
  impliedbounds    :       0.06       0.00         74         48          0        266       1597       4127          0       1189       1189          0          0
  interminor       :       0.00       0.00          0          0          0          0          0          0          0          0          0          0          0
  intobj           :       0.00       0.00          0          0          0          0          0          0          0          0          0          0          0
  lagromory        :       0.00       0.00          0          0          0          0          0          0          0          0          0          0          0
  mcf              :       0.00       0.00          1          1          0          0          0          0          0          0          0          0          0
  minor            :       0.00       0.00         10         10          0          0          0          0          0          0          0          0          0
  mixing           :       0.00       0.00          0          0          0          0          0          0          0          0          0          0          0
  oddcycle         :       0.00       0.00          0          0          0          0          0          0          0          0          0          0          0
  rapidlearning    :       0.00       0.00          0          0          0          0          0          0          0          0          0          0          0
  rlt              :       0.00       0.00         10         10          0          0          0          0          0          0          0          0          0
  zerohalf         :       0.03       0.00         31         20          0          0          0          0          0          0          0          0          0
Cutselectors       :   ExecTime  SetupTime      Calls  RootCalls   Selected     Forced   Filtered  RootSelec   RootForc   RootFilt 
  hybrid           :       0.20       0.00        169         49       7462          0      96055       3285          0      49530
  ensemble         :       0.00       0.00          0          0          0          0          0          0          0          0
  dynamic          :       0.00       0.00          0          0          0          0          0          0          0          0
Pricers            :   ExecTime  SetupTime      Calls       Vars
  problem variables:       0.00          -          0          0
Branching Rules    :   ExecTime  SetupTime   BranchLP  BranchExt   BranchPS    Cutoffs    DomReds       Cuts      Conss   Children
  allfullstrong    :       0.00       0.00          0          0          0          0          0          0          0          0
  cloud            :       0.00       0.00          0          0          0          0          0          0          0          0
  distribution     :       0.00       0.00          0          0          0          0          0          0          0          0
  fullstrong       :       0.00       0.00          0          0          0          0          0          0          0          0
  gomory           :       0.00       0.00          0          0          0          0          0          0          0          0
  inference        :       0.00       0.00          0          0          0          0          0          0          0          0
  leastinf         :       0.00       0.00          0          0          0          0          0          0          0          0
  lookahead        :       0.00       0.00          0          0          0          0          0          0          0          0
  mostinf          :       0.00       0.00          0          0          0          0          0          0          0          0
  multaggr         :       0.00       0.00          0          0          0          0          0          0          0          0
  nodereopt        :       0.00       0.00          0          0          0          0          0          0          0          0
  pscost           :       0.00       0.00          0          0          0          0          0          0          0          0
  random           :       0.00       0.00          0          0          0          0          0          0          0          0
  relpscost        :     143.53       0.00        394          0          0          0        786          0         38        648
  vanillafullstrong:       0.00       0.00          0          0          0          0          0          0          0          0
Primal Heuristics  :   ExecTime  SetupTime      Calls      Found       Best
  LP solutions     :       0.00          -          -          8          8
  relax solutions  :       0.00          -          -          0          0
  pseudo solutions :       0.00          -          -          0          0
  strong branching :       0.00          -          -          1          1
  actconsdiving    :       0.00       0.00          0          0          0
  adaptivediving   :       0.25       0.00          4          0          0
  alns             :       0.46       0.00          5          0          0
  bound            :       0.00       0.00          0          0          0
  clique           :       0.05       0.00          1          1          1
  coefdiving       :       0.00       0.00          0          0          0
  completesol      :       0.00       0.00          0          0          0
  conflictdiving   :       3.18       0.00          3          0          0
  crossover        :       0.00       0.00          0          0          0
  dins             :       0.00       0.00          0          0          0
  distributiondivin:       1.74       0.00          3          0          0
  dps              :       0.00       0.00          0          0          0
  dualval          :       0.00       0.00          0          0          0
  farkasdiving     :       0.00       0.00          0          0          0
  feaspump         :       3.93       0.00          1          1          1
  fixandinfer      :       0.00       0.00          0          0          0
  fracdiving       :       0.91       0.00          3          1          1
  gins             :       0.00       0.00          0          0          0
  guideddiving     :       0.53       0.00          2          0          0
  indicator        :       0.00       0.00          0          0          0
  indicatordiving  :       0.00       0.00          0          0          0
  intdiving        :       0.00       0.00          0          0          0
  intshifting      :       0.88       0.00         13          1          1
  linesearchdiving :       0.42       0.00          3          1          1
  localbranching   :       0.00       0.00          0          0          0
  locks            :       0.73       0.00          1          0          0
  lpface           :       0.00       0.00          0          0          0
  mpec             :       0.00       0.00          0          0          0
  multistart       :       0.00       0.00          0          0          0
  mutation         :       0.00       0.00          0          0          0
  nlpdiving        :       0.00       0.00          0          0          0
  objpscostdiving  :       4.58       0.00          2          2          2
  octane           :       0.00       0.00          0          0          0
  ofins            :       0.00       0.00          0          0          0
  oneopt           :       0.02       0.00         15          0          0
  padm             :       0.00       0.00          0          0          0
  proximity        :       0.00       0.00          0          0          0
  pscostdiving     :       1.08       0.00          3          1          1
  randrounding     :       2.19       0.00        148          0          0
  rens             :       2.61       0.00          1          1          0
  reoptsols        :       0.00       0.00          0          0          0
  repair           :       0.00       0.00          0          0          0
  rins             :       0.00       0.00          0          0          0
  rootsoldiving    :       1.13       0.00          2          2          0
  rounding         :       0.19       0.00        328          0          0
  scheduler        :       0.00       0.00          0          0          0
  shiftandpropagate:       0.00       0.00          0          0          0
  shifting         :       2.61       0.00        225         19          0
  simplerounding   :       0.00       0.00          0          0          0
  subnlp           :       0.00       0.00          0          0          0
  trivial          :       0.00       0.00          2          0          0
  trivialnegation  :       0.00       0.00          0          0          0
  trustregion      :       0.00       0.00          0          0          0
  trysol           :       0.00       0.00          0          0          0
  twoopt           :       0.00       0.00          0          0          0
  undercover       :       0.00       0.00          0          0          0
  vbounds          :       0.43       0.00          1          1          1
  veclendiving     :       0.23       0.00          3          0          0
  zeroobj          :       0.00       0.00          0          0          0
  zirounding       :       0.17       0.00        324          0          0
  other solutions  :          -          -          -          0          -
LNS (Scheduler)    :      Calls  SetupTime  SolveTime SolveNodes       Sols       Best       Exp3    Exp3-IX  EpsGreedy        UCB TgtFixRate  Opt  Inf Node Stal  Sol  Usr Othr Actv
  rens             :          0       0.00       0.00          0          0          0    0.00000    0.12500   -1.00000    1.00000      0.900    0    0    0    0    0    0    0    1
  rins             :          0       0.00       0.00          0          0          0    0.00000    0.12500   -1.00000    1.00000      0.900    0    0    0    0    0    0    0    1
  mutation         :          0       0.00       0.00          0          0          0    0.00000    0.12500   -1.00000    1.00000      0.900    0    0    0    0    0    0    0    1
  localbranching   :          0       0.00       0.00          0          0          0    0.00000    0.12500   -1.00000    1.00000      0.900    0    0    0    0    0    0    0    1
  crossover        :          0       0.00       0.00          0          0          0    0.00000    0.12500   -1.00000    1.00000      0.900    0    0    0    0    0    0    0    1
  proximity        :          0       0.00       0.00          0          0          0    0.00000    0.12500   -1.00000    1.00000      0.900    0    0    0    0    0    0    0    1
  zeroobjective    :          0       0.00       0.00          0          0          0    0.00000    0.12500   -1.00000    1.00000      0.900    0    0    0    0    0    0    0    1
  dins             :          0       0.00       0.00          0          0          0    0.00000    0.12500   -1.00000    1.00000      0.900    0    0    0    0    0    0    0    1
  trustregion      :          0       0.00       0.00          0          0          0    0.00000    0.00000   -1.00000    1.00000      0.900    0    0    0    0    0    0    0    0
LP                 :       Time      Calls Iterations  Iter/call   Iter/sec  Time-0-It Calls-0-It    ItLimit
  primal LP        :       0.09         70          0       0.00       0.00       0.09         70
  dual LP          :     165.56       1395     502138     486.57    3032.96       0.50        363
  lex dual LP      :       0.00          0          0       0.00          -
  barrier LP       :       0.00          0          0       0.00          -       0.00          0
  resolve instable :       0.00          0          0       0.00          -
  diving/probing LP:      17.83        621      63234     101.83    3546.39
  strong branching :     139.38        587     364022     620.14    2611.67          -          -        404
    (at root node) :          -         35      32204     920.11          -
  conflict analysis:       0.68        191       1879       9.84    2748.37
B&B Tree           :
  number of runs   :          1
  nodes            :        511 (324 internal, 187 leaves)
  feasible leaves  :          8
  infeas. leaves   :          1
  objective leaves :        178
  nodes (total)    :        511 (324 internal, 187 leaves)
  nodes left       :          0
  max depth        :         60
  max depth (total):         60
  backtracks       :        111 (21.7%)
  early backtracks :          0 (0.0%)
  nodes exc. ref.  :          0 (0.0%)
  delayed cutoffs  :          0
  repropagations   :         16 (0 domain reductions, 0 cutoffs)
  avg switch length:       6.21
  switching time   :       0.25
Root Node          :
  First LP value   : +1.93108416547591e+03
  First LP Iters   :       2039 (6679.46 Iter/sec)
  First LP Time    :       0.31
  Final Dual Bound : +2.02286485729901e+03
  Final Root Iters :      46571
  Root LP Estimate : +2.02799204056544e+03
Solution           :
  Solutions found  :         40 (18 improvements)
  First Solution   : +2.11012909140403e+03   (in run 1, after 1 nodes, 4.27 seconds, depth 38, found by <clique>)
  Gap First Sol.   :      16.75 %
  Gap Last Sol.    :       0.04 %
  Primal Bound     : +2.02388072302810e+03   (in run 1, after 458 nodes, 276.57 seconds, depth 23, found by <relaxation>)
  Dual Bound       : +2.02388072302810e+03
  Gap              :       0.00 %
Integrals          :      Total       Avg%
  primal-dual      :     668.23       1.89
  primal-ref       :          -          - (not evaluated)
  dual-ref         :          -          - (not evaluated)

 Branching Statistics...

 Total number of propagations -> 15889

 Number of cutoffs of KnaCons -> 0

 Total number of variables fixed to 1 by the propagator -> 8123

 Total number of variables fixed to 0 by the propagator -> 19002

 Maximum number of rounds of the approximation algorithm -> 6

 Runtime of the exact algorithm -> 0.0000 s

 Total number of variables fixed to 1 in the exact algorithm -> 0

 Total number of variables fixed to 0 in the exact algorithm -> 0

 Number of cutoffs in the exact algorithm -> 0

 Number of cutoffs in the approximation algorithm -> 1

 PS:  
