***************************************
*         SCIP-based CCP Solver       *
*                                     *
*    Wei Lv and Wei-Kun Chen (2024)   *
***************************************
/beegfs/home/30150120/SCIP-CCP/build/ccp -f data/CCMPPData/100-2000-0.ccmpp -s settings/CCMPPSetting/BASE+DB1.set 
SCIP version 9.1.0 [precision: 8 byte] [memory: block] [mode: optimized] [LP solver: Soplex 7.1.0] [GitHash: 8cab0278ba]
Copyright (c) 2002-2024 Zuse Institute Berlin (ZIB)

External libraries: 
  Soplex 7.1.0         Linear Programming Solver developed at Zuse Institute Berlin (soplex.zib.de) [GitHash: 595bfac9]
  CppAD 20180000.0     Algorithmic Differentiation of C++ algorithms developed by B. Bell (github.com/coin-or/CppAD)
  ZLIB 1.2.7           General purpose compression library by J. Gailly and M. Adler (zlib.net)
  GMP 6.2.1            GNU Multiple Precision Arithmetic Library developed by T. Granlund (gmplib.org)
  AMPL/MP 690e9e7      AMPL .nl file reader library (github.com/ampl/mp)
  PaPILO 2.3.0         parallel presolve for integer and linear optimization (github.com/scipopt/papilo) (built with TBB) [GitHash: 4b8ce6ed]
  Nauty 2.8.8          Computing Graph Automorphism Groups by Brendan D. McKay (users.cecs.anu.edu.au/~bdm/nauty)
  sassy 1.1            Symmetry preprocessor by Markus Anders (github.com/markusa4/sassy)

reading user parameter file <settings/CCMPPSetting/BASE+DB1.set>

read problem <data/CCMPPData/100-2000-0.ccmpp>
============

File name: 	data/CCMPPData/100-2000-0.ccmpp
Problem name:	CCMPPData/100-2000-0
Dimension: 	100
NumScenario: 	2000
ConfidenceParameter: 	0.10
IsEqualProbability: 	1
BASE+DI: 	0
BASE+sDI: 	0
BASE+DB: 	1
BASE+DB+OPF: 	0
Dominance and Aggregation Statistics......
NumEdge:        167
NumBiEdge: 	0
NumDomIneqs: 	167
DominanceRatio: 0.0001
NumAggScenario: 2000 
BasicNumScenario: 2000 
Propagator Statistics......
NumBasicDomIneqs: 167
NumNonReDomIneqs: 167
Duration: 0.2300 s 

original problem has 2500 variables (2000 bin, 0 int, 0 impl, 500 cont) and 20402 constraints

solve problem
=============

presolving:
(round 1, fast)       4 del vars, 276 del conss, 0 add conss, 100 chg bounds, 0 chg sides, 0 chg coeffs, 0 upgd conss, 0 impls, 167 clqs
   (0.1s) running MILP presolver
   (0.2s) MILP presolver (3 rounds): 102 aggregations, 1 fixings, 49 bound changes
(round 2, medium)     107 del vars, 276 del conss, 0 add conss, 149 chg bounds, 0 chg sides, 0 chg coeffs, 0 upgd conss, 0 impls, 167 clqs
(round 3, fast)       107 del vars, 378 del conss, 0 add conss, 149 chg bounds, 0 chg sides, 0 chg coeffs, 0 upgd conss, 0 impls, 167 clqs
(round 4, exhaustive) 107 del vars, 378 del conss, 0 add conss, 149 chg bounds, 0 chg sides, 0 chg coeffs, 19728 upgd conss, 0 impls, 167 clqs
   (0.6s) probing: 1000/2000 (50.0%) - 0 fixings, 0 aggregations, 657 implications, 0 bound changes
   (0.6s) probing: 1001/2000 (50.0%) - 0 fixings, 0 aggregations, 657 implications, 0 bound changes
   (0.6s) probing aborted: 1000/1000 successive useless probings
   (0.6s) symmetry computation started: requiring (bin +, int +, cont +), (fixed: bin -, int -, cont -)
   Symmetry detection interrupted: constraints of type chancecons do not provide symmetry information.
   If symmetries shall be detected, implement the CONSGETPERMSYMGRAPH callback.
   (0.6s) could not compute symmetry
presolving (5 rounds: 5 fast, 3 medium, 2 exhaustive):
 107 deleted vars, 378 deleted constraints, 0 added constraints, 149 tightened bounds, 0 added holes, 0 changed sides, 0 changed coefficients
 20385 implications, 167 cliques
presolved problem has 2393 variables (2000 bin, 0 int, 0 impl, 393 cont) and 20024 constraints
      1 constraints of type <chancecons>
  19728 constraints of type <varbound>
      1 constraints of type <knapsack>
    294 constraints of type <linear>
Presolving Time: 0.60

 time | node  | left  |LP iter|LP it/n|mem/heur|mdpt |vars |cons |rows |cuts |sepa|confs|strbr|  dualbound   | primalbound  |  gap   | compl. 
p 0.7s|     1 |     0 |   214 |     - |   locks|   0 |2393 |  20k|  20k|   0 |  0 |   0 |   0 | 0.000000e+00 | 7.300422e+05 |    Inf | unknown
  3.0s|     1 |     0 |  8179 |     - |   229M |   0 |2393 |  20k|  20k|   0 |  0 |   0 |   0 | 7.192928e+05 | 7.300422e+05 |   1.49%| unknown
  3.3s|     1 |     0 |  8632 |     - |   232M |   0 |2393 |  20k|  20k|  98 |  1 |   0 |   0 | 7.199765e+05 | 7.300422e+05 |   1.40%| unknown
  3.6s|     1 |     0 |  9020 |     - |   235M |   0 |2393 |  20k|  20k| 189 |  2 |   0 |   0 | 7.204798e+05 | 7.300422e+05 |   1.33%| unknown
  3.9s|     1 |     0 |  9401 |     - |   237M |   0 |2393 |  20k|  20k| 287 |  3 |   0 |   0 | 7.209224e+05 | 7.300422e+05 |   1.27%| unknown
  4.3s|     1 |     0 |  9861 |     - |   241M |   0 |2393 |  20k|  20k| 382 |  4 |   0 |   0 | 7.212685e+05 | 7.300422e+05 |   1.22%| unknown
  4.6s|     1 |     0 | 10207 |     - |   243M |   0 |2393 |  20k|  20k| 477 |  5 |   0 |   0 | 7.215310e+05 | 7.300422e+05 |   1.18%| unknown
  4.9s|     1 |     0 | 10656 |     - |   245M |   0 |2393 |  20k|  20k| 587 |  6 |   0 |   0 | 7.218043e+05 | 7.300422e+05 |   1.14%| unknown
  5.3s|     1 |     0 | 11245 |     - |   248M |   0 |2393 |  20k|  20k| 710 |  7 |   0 |   0 | 7.221438e+05 | 7.300422e+05 |   1.09%| unknown
  5.7s|     1 |     0 | 11852 |     - |   251M |   0 |2393 |  20k|  20k| 816 |  8 |   0 |   0 | 7.223887e+05 | 7.300422e+05 |   1.06%| unknown
  6.1s|     1 |     0 | 12530 |     - |   254M |   0 |2393 |  20k|  20k| 928 |  9 |   0 |   0 | 7.225933e+05 | 7.300422e+05 |   1.03%| unknown
  6.6s|     1 |     0 | 13221 |     - |   257M |   0 |2393 |  20k|  21k|1049 | 10 |   0 |   0 | 7.227809e+05 | 7.300422e+05 |   1.00%| unknown
  7.1s|     1 |     0 | 14124 |     - |   259M |   0 |2393 |  20k|  21k|1171 | 11 |   0 |   0 | 7.229745e+05 | 7.300422e+05 |   0.98%| unknown
  7.6s|     1 |     0 | 14911 |     - |   262M |   0 |2393 |  20k|  21k|1285 | 12 |   0 |   0 | 7.231188e+05 | 7.300422e+05 |   0.96%| unknown
  8.2s|     1 |     0 | 15824 |     - |   264M |   0 |2393 |  20k|  21k|1391 | 13 |   0 |   0 | 7.232604e+05 | 7.300422e+05 |   0.94%| unknown
 time | node  | left  |LP iter|LP it/n|mem/heur|mdpt |vars |cons |rows |cuts |sepa|confs|strbr|  dualbound   | primalbound  |  gap   | compl. 
  8.8s|     1 |     0 | 16947 |     - |   266M |   0 |2393 |  20k|  21k|1501 | 14 |   0 |   0 | 7.233980e+05 | 7.300422e+05 |   0.92%| unknown
  9.4s|     1 |     0 | 18020 |     - |   270M |   0 |2393 |  20k|  21k|1617 | 15 |   0 |   0 | 7.235350e+05 | 7.300422e+05 |   0.90%| unknown
 10.1s|     1 |     0 | 19197 |     - |   273M |   0 |2393 |  20k|  21k|1734 | 16 |   0 |   0 | 7.236768e+05 | 7.300422e+05 |   0.88%| unknown
 10.8s|     1 |     0 | 20365 |     - |   275M |   0 |2393 |  20k|  21k|1827 | 17 |   0 |   0 | 7.237919e+05 | 7.300422e+05 |   0.86%| unknown
 11.5s|     1 |     0 | 21660 |     - |   278M |   0 |2393 |  20k|  21k|1939 | 18 |   0 |   0 | 7.239117e+05 | 7.300422e+05 |   0.85%| unknown
 12.3s|     1 |     0 | 23000 |     - |   282M |   0 |2393 |  20k|  21k|2059 | 19 |   0 |   0 | 7.239984e+05 | 7.300422e+05 |   0.83%| unknown
 13.1s|     1 |     0 | 24432 |     - |   285M |   0 |2393 |  20k|  21k|2148 | 20 |   0 |   0 | 7.241369e+05 | 7.300422e+05 |   0.82%| unknown
 13.9s|     1 |     0 | 25855 |     - |   286M |   0 |2393 |  20k|  22k|2266 | 21 |   0 |   0 | 7.242346e+05 | 7.300422e+05 |   0.80%| unknown
 15.1s|     1 |     0 | 27949 |     - |   286M |   0 |2393 |  20k|  22k|2373 | 22 |   0 |   0 | 7.243215e+05 | 7.300422e+05 |   0.79%| unknown
 16.2s|     1 |     0 | 29886 |     - |   287M |   0 |2393 |  20k|  22k|2464 | 23 |   0 |   0 | 7.244119e+05 | 7.300422e+05 |   0.78%| unknown
 17.4s|     1 |     0 | 31842 |     - |   289M |   0 |2393 |  20k|  22k|2559 | 24 |   0 |   0 | 7.244793e+05 | 7.300422e+05 |   0.77%| unknown
 18.9s|     1 |     0 | 34488 |     - |   290M |   0 |2393 |  20k|  22k|2679 | 25 |   0 |   0 | 7.245718e+05 | 7.300422e+05 |   0.75%| unknown
 20.3s|     1 |     0 | 36946 |     - |   291M |   0 |2393 |  20k|  22k|2791 | 26 |   0 |   0 | 7.246566e+05 | 7.300422e+05 |   0.74%| unknown
 22.0s|     1 |     0 | 39695 |     - |   292M |   0 |2393 |  20k|  22k|2899 | 27 |   0 |   0 | 7.247435e+05 | 7.300422e+05 |   0.73%| unknown
 24.0s|     1 |     0 | 43232 |     - |   292M |   0 |2393 |  20k|  22k|3022 | 28 |   0 |   0 | 7.248350e+05 | 7.300422e+05 |   0.72%| unknown
 time | node  | left  |LP iter|LP it/n|mem/heur|mdpt |vars |cons |rows |cuts |sepa|confs|strbr|  dualbound   | primalbound  |  gap   | compl. 
 25.9s|     1 |     0 | 46287 |     - |   293M |   0 |2393 |  20k|  22k|3158 | 29 |   0 |   0 | 7.249033e+05 | 7.300422e+05 |   0.71%| unknown
 27.8s|     1 |     0 | 49324 |     - |   293M |   0 |2393 |  20k|  22k|3270 | 30 |   0 |   0 | 7.249596e+05 | 7.300422e+05 |   0.70%| unknown
 29.9s|     1 |     0 | 52633 |     - |   294M |   0 |2393 |  20k|  22k|3392 | 31 |   0 |   0 | 7.250111e+05 | 7.300422e+05 |   0.69%| unknown
 32.1s|     1 |     0 | 56148 |     - |   294M |   0 |2393 |  20k|  22k|3504 | 32 |   0 |   0 | 7.250633e+05 | 7.300422e+05 |   0.69%| unknown
 34.5s|     1 |     0 | 59838 |     - |   296M |   0 |2393 |  20k|  22k|3622 | 33 |   0 |   0 | 7.251080e+05 | 7.300422e+05 |   0.68%| unknown
 36.9s|     1 |     0 | 63413 |     - |   297M |   0 |2393 |  20k|  23k|3724 | 34 |   0 |   0 | 7.251547e+05 | 7.300422e+05 |   0.67%| unknown
 39.7s|     1 |     0 | 67599 |     - |   298M |   0 |2393 |  20k|  23k|3824 | 35 |   0 |   0 | 7.251980e+05 | 7.300422e+05 |   0.67%| unknown
 43.0s|     1 |     0 | 72354 |     - |   298M |   0 |2393 |  20k|  23k|3921 | 36 |   0 |   0 | 7.252483e+05 | 7.300422e+05 |   0.66%| unknown
 45.9s|     1 |     0 | 76508 |     - |   299M |   0 |2393 |  20k|  22k|4028 | 37 |   0 |   0 | 7.252821e+05 | 7.300422e+05 |   0.66%| unknown
 49.2s|     1 |     0 | 81228 |     - |   299M |   0 |2393 |  20k|  23k|4145 | 38 |   0 |   0 | 7.253229e+05 | 7.300422e+05 |   0.65%| unknown
r50.0s|     1 |     0 | 83065 |     - |intshift|   0 |2393 |  20k|  23k|4145 | 38 |   0 |   0 | 7.253229e+05 | 7.299902e+05 |   0.64%| unknown
o58.6s|     1 |     0 | 98145 |     - |feaspump|   0 |2393 |  20k|  23k|4145 | 38 |   0 |   0 | 7.253229e+05 | 7.296038e+05 |   0.59%| unknown
 58.7s|     1 |     0 | 98145 |     - |   300M |   0 |2393 |  20k|  23k|4145 | 38 |   0 |   0 | 7.253229e+05 | 7.296038e+05 |   0.59%| unknown
 62.7s|     1 |     0 |103347 |     - |   300M |   0 |2393 |  20k|  23k|4245 | 39 |   0 |   0 | 7.253538e+05 | 7.296038e+05 |   0.59%| unknown
 65.0s|     1 |     0 |106097 |     - |   300M |   0 |2393 |  20k|  23k|4337 | 40 |   0 |   0 | 7.253652e+05 | 7.296038e+05 |   0.58%| unknown
 time | node  | left  |LP iter|LP it/n|mem/heur|mdpt |vars |cons |rows |cuts |sepa|confs|strbr|  dualbound   | primalbound  |  gap   | compl. 
  109s|     1 |     2 |106097 |     - |   301M |   0 |2393 |  20k|  23k|4337 | 40 |   0 |  50 | 7.253749e+05 | 7.296038e+05 |   0.58%| unknown
d 260s|    10 |    11 |161126 |8088.9 |pscostdi|   7 |2393 |  20k|  21k|   0 |  1 |   1 | 232 | 7.253891e+05 | 7.294312e+05 |   0.56%| unknown
d 310s|    13 |    14 |285863 |16461.4 |fracdivi|   8 |2393 |  20k|  21k|   0 |  1 |   5 | 232 | 7.253966e+05 | 7.293660e+05 |   0.55%| unknown
d 430s|    19 |    20 |485056 |22040.6 |guideddi|   8 |2393 |  20k|  21k|   0 |  1 |  11 | 249 | 7.254109e+05 | 7.293070e+05 |   0.54%| unknown
d 467s|    22 |    23 |574425 |23147.6 |fracdivi|   8 |2393 |  20k|  21k|   0 |  1 |  14 | 249 | 7.254109e+05 | 7.292742e+05 |   0.53%| unknown
d 567s|    45 |    46 |722657 |14416.6 |guideddi|  22 |2393 |  20k|  22k|   0 |  2 |  19 | 292 | 7.254109e+05 | 7.292256e+05 |   0.53%| unknown
d 591s|    48 |    49 |783123 |14782.9 |pscostdi|  22 |2393 |  20k|  21k|   0 |  1 |  20 | 292 | 7.254109e+05 | 7.292208e+05 |   0.53%| unknown
d 606s|    51 |    52 |822764 |14688.8 |fracdivi|  22 |2393 |  20k|  21k|   0 |  1 |  21 | 292 | 7.254109e+05 | 7.291728e+05 |   0.52%| unknown
d 661s|    77 |    78 |915862 |10888.6 |guideddi|  33 |2393 |  20k|  22k|   0 |  1 |  31 | 337 | 7.254109e+05 | 7.291648e+05 |   0.52%| unknown
d 681s|    89 |    90 |970874 |10029.0 |pscostdi|  38 |2393 |  20k|  22k|   0 |  1 |  33 | 345 | 7.254109e+05 | 7.291605e+05 |   0.52%| unknown
d 689s|    93 |    94 |989696 |9797.5 |fracdivi|  39 |2393 |  20k|  22k|   0 |  1 |  34 | 345 | 7.254109e+05 | 7.291564e+05 |   0.52%| unknown
  698s|   100 |   101 |  1004k|9258.9 |   317M |  39 |2393 |  20k|  22k|5613 |  1 |  36 | 355 | 7.254109e+05 | 7.291564e+05 |   0.52%| unknown
d 718s|   110 |   111 |  1045k|8785.1 |guideddi|  44 |2393 |  20k|  22k|   0 |  1 |  39 | 368 | 7.254109e+05 | 7.291404e+05 |   0.51%| unknown
d 755s|   115 |   116 |  1101k|8888.8 |fracdivi|  44 |2393 |  20k|  21k|   0 |  1 |  40 | 383 | 7.254134e+05 | 7.291362e+05 |   0.51%| unknown
  886s|   200 |   201 |  1294k|6063.4 |   326M |  66 |2393 |  20k|  22k|6423 |  1 | 245 | 441 | 7.254134e+05 | 7.291362e+05 |   0.51%| unknown
 time | node  | left  |LP iter|LP it/n|mem/heur|mdpt |vars |cons |rows |cuts |sepa|confs|strbr|  dualbound   | primalbound  |  gap   | compl. 
L 960s|   290 |   282 |  1469k|4780.1 |    alns|  80 |2393 |  20k|  22k|7232 |  2 | 297 | 589 | 7.254134e+05 | 7.286775e+05 |   0.45%| unknown
  963s|   300 |   288 |  1477k|4645.7 |   331M |  82 |2393 |  20k|  22k|7387 |  0 | 297 | 591 | 7.254134e+05 | 7.286775e+05 |   0.45%| unknown
  995s|   400 |   354 |  1534k|3624.3 |   337M | 102 |2393 |  20k|  22k|8193 |  1 | 328 | 838 | 7.254134e+05 | 7.286775e+05 |   0.45%| unknown
d1017s|   443 |   349 |  1581k|3379.2 |fracdivi| 109 |2393 |  20k|  22k|   0 |  1 | 366 | 900 | 7.254134e+05 | 7.285932e+05 |   0.44%| unknown
d1030s|   459 |   362 |  1611k|3324.6 |guideddi| 113 |2393 |  20k|  22k|   0 |  1 | 367 | 907 | 7.254134e+05 | 7.285822e+05 |   0.44%| unknown
d1042s|   473 |   374 |  1635k|3278.5 |guideddi| 116 |2393 |  20k|  22k|   0 |  1 | 368 | 918 | 7.254134e+05 | 7.285452e+05 |   0.43%| unknown
 1047s|   500 |   401 |  1646k|3122.5 |   341M | 117 |2393 |  20k|  22k|8713 |  1 | 369 | 950 | 7.254134e+05 | 7.285452e+05 |   0.43%| unknown
d1093s|   524 |   411 |  1723k|3126.3 |fracdivi| 118 |2393 |  20k|  22k|   0 |  1 | 374 | 965 | 7.254154e+05 | 7.284966e+05 |   0.42%| unknown
d1104s|   536 |   417 |  1746k|3099.8 |guideddi| 119 |2393 |  20k|  22k|   0 |  1 | 375 | 978 | 7.254154e+05 | 7.284596e+05 |   0.42%| unknown
d1154s|   572 |   453 |  1823k|3039.1 |linesear| 119 |2393 |  20k|  21k|   0 |  1 | 378 |1027 | 7.254159e+05 | 7.284592e+05 |   0.42%| unknown
 1165s|   600 |   481 |  1850k|2941.9 |   345M | 122 |2393 |  20k|  22k|9529 |  1 | 380 |1045 | 7.254159e+05 | 7.284592e+05 |   0.42%| unknown
d1185s|   611 |   485 |  1891k|2955.3 |fracdivi| 122 |2393 |  20k|  23k|   0 |  1 | 381 |1050 | 7.254159e+05 | 7.283630e+05 |   0.41%| unknown
d1207s|   640 |   512 |  1929k|2881.9 |guideddi| 125 |2393 |  20k|  23k|   0 |  1 | 389 |1076 | 7.254159e+05 | 7.283520e+05 |   0.40%| unknown
d1268s|   668 |   535 |  2017k|2892.0 |fracdivi| 127 |2393 |  20k|  23k|   0 |  1 | 391 |1120 | 7.254159e+05 | 7.283034e+05 |   0.40%| unknown
r1272s|   681 |   548 |  2028k|2853.4 |intshift| 128 |2393 |  20k|  23k|  10k|  1 | 393 |1124 | 7.254159e+05 | 7.273114e+05 |   0.26%| unknown
 time | node  | left  |LP iter|LP it/n|mem/heur|mdpt |vars |cons |rows |cuts |sepa|confs|strbr|  dualbound   | primalbound  |  gap   | compl. 
 1276s|   700 |   470 |  2036k|2786.8 |   350M | 129 |2393 |  20k|  23k|  10k|  1 | 396 |1134 | 7.254159e+05 | 7.273114e+05 |   0.26%| unknown
d1285s|   716 |   481 |  2054k|2749.3 |guideddi| 135 |2393 |  20k|  23k|   0 |  1 | 396 |1141 | 7.254159e+05 | 7.272741e+05 |   0.26%| unknown
 1331s|   800 |   565 |  2145k|2575.2 |   355M | 142 |2393 |  20k|  23k|  10k|  1 | 412 |1205 | 7.254159e+05 | 7.272741e+05 |   0.26%| unknown
d1337s|   809 |   574 |  2157k|2561.0 |guideddi| 142 |2393 |  20k|  23k|   0 |  1 | 414 |1208 | 7.254159e+05 | 7.272681e+05 |   0.26%| unknown
d1384s|   858 |   622 |  2268k|2544.2 |guideddi| 148 |2393 |  20k|  23k|   0 |  1 | 419 |1250 | 7.254159e+05 | 7.272571e+05 |   0.25%| unknown
d1405s|   889 |   647 |  2310k|2502.9 |guideddi| 149 |2393 |  20k|  23k|   0 |  1 | 421 |1277 | 7.254159e+05 | 7.272171e+05 |   0.25%| unknown
 1409s|   900 |   658 |  2317k|2480.0 |   358M | 149 |2393 |  20k|  23k|  10k|  1 | 421 |1286 | 7.254159e+05 | 7.272171e+05 |   0.25%| unknown
 1453s|  1000 |   754 |  2399k|2313.1 |   362M | 158 |2393 |  20k|  23k|  11k|  1 | 437 |1359 | 7.254159e+05 | 7.272171e+05 |   0.25%| unknown
L1533s|  1089 |   781 |  2503k|2219.4 |    rins| 166 |2393 |  20k|  23k|  12k|  1 | 455 |1464 | 7.254181e+05 | 7.271866e+05 |   0.24%| unknown
 1537s|  1100 |   788 |  2511k|2204.8 |   380M | 166 |2393 |  20k|  23k|  12k|  0 | 469 |1479 | 7.254181e+05 | 7.271866e+05 |   0.24%| unknown
 1567s|  1200 |   822 |  2562k|2063.4 |   397M | 177 |2393 |  20k|  23k|  12k|  0 | 530 |1564 | 7.254181e+05 | 7.271866e+05 |   0.24%| unknown
*1582s|  1245 |   546 |  2585k|2007.5 |    LP  | 177 |2393 |  20k|  23k|  12k|  1 | 543 |1599 | 7.254181e+05 | 7.270091e+05 |   0.22%| unknown
 1595s|  1300 |   567 |  2610k|1941.4 |   412M | 177 |2393 |  20k|  23k|  12k|  0 | 543 |1613 | 7.254181e+05 | 7.270091e+05 |   0.22%| unknown
 1733s|  1400 |   629 |  2765k|1914.0 |   424M | 190 |2393 |  20k|  22k|  13k|  1 | 557 |1725 | 7.254193e+05 | 7.270091e+05 |   0.22%| unknown
L1834s|  1445 |   600 |  2871k|1927.3 |crossove| 190 |2393 |  20k|  21k|  14k|  1 | 559 |1799 | 7.254327e+05 | 7.269941e+05 |   0.22%| unknown
 time | node  | left  |LP iter|LP it/n|mem/heur|mdpt |vars |cons |rows |cuts |sepa|confs|strbr|  dualbound   | primalbound  |  gap   | compl. 
 1912s|  1500 |   629 |  2960k|1916.2 |   429M | 190 |2393 |  20k|  23k|  15k|  1 | 571 |1864 | 7.254327e+05 | 7.269941e+05 |   0.22%| unknown
 2020s|  1600 |   665 |  3070k|1865.2 |   431M | 190 |2393 |  20k|  23k|  16k|  0 | 587 |1955 | 7.254475e+05 | 7.269941e+05 |   0.21%| unknown
L2242s|  1680 |   551 |  3271k|1896.1 |    rins| 190 |2393 |  20k|  22k|  17k|  1 | 590 |2108 | 7.254532e+05 | 7.269124e+05 |   0.20%| unknown
 2284s|  1700 |   571 |  3323k|1904.3 |   440M | 190 |2393 |  20k|  22k|  18k|  1 | 591 |2147 | 7.254532e+05 | 7.269124e+05 |   0.20%| unknown
 2398s|  1800 |   601 |  3455k|1871.5 |   443M | 190 |2393 |  20k|  23k|  19k|  0 | 598 |2247 | 7.254554e+05 | 7.269124e+05 |   0.20%| unknown
L2496s|  1880 |   608 |  3592k|1865.1 |crossove| 190 |2393 |  20k|  22k|  20k|  2 | 602 |2351 | 7.254557e+05 | 7.268494e+05 |   0.19%| unknown
 2526s|  1900 |   626 |  3630k|1865.1 |   447M | 190 |2393 |  20k|  22k|  20k|  0 | 602 |2376 | 7.254577e+05 | 7.268494e+05 |   0.19%| unknown
 2618s|  2000 |   656 |  3771k|1842.3 |   452M | 190 |2393 |  20k|  22k|  21k|  0 | 610 |2424 | 7.254600e+05 | 7.268494e+05 |   0.19%| unknown
 2744s|  2100 |   690 |  3926k|1828.7 |   455M | 190 |2393 |  20k|  22k|  23k|  1 | 625 |2515 | 7.254618e+05 | 7.268494e+05 |   0.19%| unknown
L2863s|  2178 |   665 |  4078k|1832.9 |    rins| 190 |2393 |  20k|  22k|  24k|  1 | 647 |2659 | 7.254661e+05 | 7.267134e+05 |   0.17%| unknown
 2897s|  2200 |   685 |  4130k|1838.0 |   459M | 190 |2393 |  20k|  22k|  25k|  1 | 651 |2664 | 7.254700e+05 | 7.267134e+05 |   0.17%| unknown
 3077s|  2300 |   753 |  4330k|1845.4 |   462M | 190 |2393 |  20k|  22k|  26k|  1 | 660 |2787 | 7.254765e+05 | 7.267134e+05 |   0.17%| unknown
L3162s|  2379 |   763 |  4434k|1827.6 |    rins| 190 |2393 |  20k|  22k|  27k|  1 | 666 |2842 | 7.254775e+05 | 7.266704e+05 |   0.16%| unknown
 3164s|  2400 |   766 |  4438k|1813.1 |   464M | 190 |2393 |  20k|  22k|  27k|  2 | 666 |2843 | 7.254775e+05 | 7.266704e+05 |   0.16%| unknown
 3267s|  2500 |   788 |  4572k|1794.3 |   467M | 190 |2393 |  20k|  22k|  28k|  1 | 673 |2940 | 7.254786e+05 | 7.266704e+05 |   0.16%| unknown
 time | node  | left  |LP iter|LP it/n|mem/heur|mdpt |vars |cons |rows |cuts |sepa|confs|strbr|  dualbound   | primalbound  |  gap   | compl. 
 3414s|  2600 |   828 |  4742k|1790.6 |   470M | 190 |2393 |  20k|  21k|  30k|  1 | 682 |3053 | 7.254812e+05 | 7.266704e+05 |   0.16%| unknown
 3502s|  2700 |   860 |  4839k|1760.2 |   473M | 190 |2393 |  20k|  22k|  31k|  1 | 697 |3112 | 7.254837e+05 | 7.266704e+05 |   0.16%| unknown
 3606s|  2800 |   908 |  4963k|1741.8 |   479M | 190 |2393 |  20k|  22k|  32k|  1 | 699 |3209 | 7.254877e+05 | 7.266704e+05 |   0.16%| unknown
 3667s|  2900 |   920 |  5045k|1710.1 |   481M | 190 |2393 |  20k|  22k|  33k|  0 | 717 |3271 | 7.254883e+05 | 7.266704e+05 |   0.16%| unknown
 3748s|  3000 |   952 |  5136k|1683.3 |   484M | 190 |2393 |  20k|  22k|  34k|  1 | 721 |3354 | 7.254888e+05 | 7.266704e+05 |   0.16%| unknown
 3842s|  3100 |   950 |  5261k|1669.5 |   487M | 190 |2393 |  20k|  22k|  35k|  0 | 748 |3472 | 7.254889e+05 | 7.266704e+05 |   0.16%| unknown
 3960s|  3200 |   974 |  5398k|1660.1 |   489M | 190 |2393 |  20k|  22k|  36k|  1 | 767 |3585 | 7.254915e+05 | 7.266704e+05 |   0.16%| unknown
 4039s|  3300 |   988 |  5490k|1637.6 |   491M | 190 |2393 |  20k|  22k|  37k|  0 | 781 |3695 | 7.254929e+05 | 7.266704e+05 |   0.16%| unknown
 4184s|  3400 |  1032 |  5672k|1642.8 |   493M | 190 |2393 |  20k|  23k|  38k|  0 | 786 |3802 | 7.254932e+05 | 7.266704e+05 |   0.16%| unknown
 4315s|  3500 |  1040 |  5833k|1642.0 |   495M | 190 |2393 |  20k|  22k|  39k|  1 | 803 |3883 | 7.254953e+05 | 7.266704e+05 |   0.16%| unknown
 4472s|  3600 |  1082 |  6015k|1646.8 |   497M | 190 |2393 |  20k|  22k|  40k|  0 | 833 |3995 | 7.255002e+05 | 7.266704e+05 |   0.16%| unknown
 4613s|  3700 |  1122 |  6194k|1650.7 |   509M | 190 |2393 |  20k|  22k|  41k|  1 | 852 |4082 | 7.255006e+05 | 7.266704e+05 |   0.16%| unknown
 4820s|  3800 |  1186 |  6432k|1669.9 |   514M | 190 |2393 |  20k|  22k|  43k|  1 | 857 |4228 | 7.255021e+05 | 7.266704e+05 |   0.16%| unknown
 4966s|  3900 |  1226 |  6594k|1668.8 |   519M | 190 |2393 |  20k|  22k|  44k|  1 | 889 |4400 | 7.255040e+05 | 7.266704e+05 |   0.16%| unknown
 5114s|  4000 |  1264 |  6771k|1671.1 |   523M | 190 |2393 |  20k|  22k|  45k|  1 | 902 |4514 | 7.255062e+05 | 7.266704e+05 |   0.16%| unknown
 time | node  | left  |LP iter|LP it/n|mem/heur|mdpt |vars |cons |rows |cuts |sepa|confs|strbr|  dualbound   | primalbound  |  gap   | compl. 
L5135s|  4061 |  1230 |  6802k|1653.8 |crossove| 190 |2393 |  20k|  22k|  46k|  0 | 902 |4539 | 7.255062e+05 | 7.266334e+05 |   0.16%| unknown
 5147s|  4100 |  1235 |  6821k|1642.7 |   529M | 190 |2393 |  20k|  22k|  46k|  2 | 905 |4546 | 7.255062e+05 | 7.266334e+05 |   0.16%| unknown
 5212s|  4200 |  1261 |  6911k|1625.0 |   530M | 190 |2393 |  20k|  22k|  47k|  1 | 911 |4591 | 7.255098e+05 | 7.266334e+05 |   0.15%| unknown
 5275s|  4300 |  1287 |  7006k|1609.3 |   531M | 190 |2393 |  20k|  22k|  48k|  5 | 918 |4649 | 7.255102e+05 | 7.266334e+05 |   0.15%| unknown
 5361s|  4400 |  1297 |  7130k|1600.9 |   539M | 190 |2393 |  20k|  22k|  49k|  2 | 925 |4714 | 7.255107e+05 | 7.266334e+05 |   0.15%| unknown
 5501s|  4500 |  1293 |  7276k|1597.8 |   543M | 190 |2393 |  20k|  22k|  50k|  0 | 961 |4825 | 7.255107e+05 | 7.266334e+05 |   0.15%| unknown
 5605s|  4600 |  1293 |  7418k|1593.8 |   562M | 190 |2393 |  20k|  23k|  50k|  0 | 968 |4845 | 7.255107e+05 | 7.266334e+05 |   0.15%| unknown
 5703s|  4700 |  1301 |  7553k|1588.7 |   565M | 190 |2393 |  20k|  23k|  51k|  0 | 973 |4854 | 7.255110e+05 | 7.266334e+05 |   0.15%| unknown
 5871s|  4800 |  1339 |  7776k|1602.0 |   581M | 190 |2393 |  20k|  23k|  52k|  0 | 980 |4898 | 7.255116e+05 | 7.266334e+05 |   0.15%| unknown
 5986s|  4900 |  1409 |  7951k|1605.1 |   583M | 190 |2393 |  20k|  22k|  54k|  1 | 985 |4940 | 7.255120e+05 | 7.266334e+05 |   0.15%| unknown
 6081s|  5000 |  1463 |  8112k|1605.2 |   584M | 190 |2393 |  20k|  22k|  55k|  1 | 996 |4968 | 7.255120e+05 | 7.266334e+05 |   0.15%| unknown
 6247s|  5100 |  1517 |  8322k|1614.9 |   585M | 190 |2393 |  20k|  22k|  57k|  1 |1026 |5094 | 7.255120e+05 | 7.266334e+05 |   0.15%| unknown
 6371s|  5200 |  1569 |  8489k|1615.8 |   587M | 190 |2393 |  20k|  22k|  58k|  1 |1033 |5190 | 7.255126e+05 | 7.266334e+05 |   0.15%| unknown
 6508s|  5300 |  1617 |  8666k|1618.9 |   590M | 190 |2393 |  20k|  22k|  59k|  1 |1035 |5314 | 7.255126e+05 | 7.266334e+05 |   0.15%| unknown
 6592s|  5400 |  1663 |  8787k|1611.3 |   600M | 190 |2393 |  20k|  22k|  61k|  1 |1041 |5379 | 7.255126e+05 | 7.266334e+05 |   0.15%| unknown
 time | node  | left  |LP iter|LP it/n|mem/heur|mdpt |vars |cons |rows |cuts |sepa|confs|strbr|  dualbound   | primalbound  |  gap   | compl. 
 6711s|  5500 |  1713 |  8943k|1610.4 |   602M | 190 |2393 |  20k|  22k|  62k|  1 |1043 |5462 | 7.255130e+05 | 7.266334e+05 |   0.15%| unknown
 6807s|  5600 |  1745 |  9076k|1605.4 |   603M | 190 |2393 |  20k|  23k|  62k|  1 |1062 |5527 | 7.255130e+05 | 7.266334e+05 |   0.15%| unknown
 6909s|  5700 |  1761 |  9207k|1600.2 |   604M | 190 |2393 |  20k|  22k|  63k|  1 |1087 |5587 | 7.255142e+05 | 7.266334e+05 |   0.15%| unknown
 7024s|  5800 |  1793 |  9372k|1601.0 |   606M | 190 |2393 |  20k|  23k|  64k|  1 |1105 |5667 | 7.255146e+05 | 7.266334e+05 |   0.15%| unknown
 7151s|  5900 |  1795 |  9562k|1606.1 |   609M | 190 |2393 |  20k|  23k|  64k|  3 |1125 |5758 | 7.255146e+05 | 7.266334e+05 |   0.15%| unknown
 7268s|  6000 |  1795 |  9735k|1608.2 |   611M | 190 |2393 |  20k|  23k|  65k|  0 |1151 |5848 | 7.255151e+05 | 7.266334e+05 |   0.15%| unknown
Restart triggered after 50 consecutive estimations that the remaining tree will be large
(run 1, node 6077) performing user restart

(restart) converted 844 cuts from the global cut pool into linear constraints

presolving:
(round 1, fast)       1 del vars, 0 del conss, 0 add conss, 26 chg bounds, 0 chg sides, 0 chg coeffs, 0 upgd conss, 20385 impls, 167 clqs
(round 2, exhaustive) 1 del vars, 0 del conss, 0 add conss, 56 chg bounds, 0 chg sides, 0 chg coeffs, 0 upgd conss, 20385 impls, 167 clqs
presolving (3 rounds: 3 fast, 2 medium, 2 exhaustive):
 1 deleted vars, 0 deleted constraints, 0 added constraints, 56 tightened bounds, 0 added holes, 0 changed sides, 0 changed coefficients
 20385 implications, 167 cliques
presolved problem has 2392 variables (2000 bin, 0 int, 0 impl, 392 cont) and 20968 constraints
      1 constraints of type <chancecons>
  19728 constraints of type <varbound>
      1 constraints of type <knapsack>
   1162 constraints of type <linear>
      1 constraints of type <logicor>
     75 constraints of type <bounddisjunction>
Presolving Time: 0.68
transformed 64/64 original solutions to the transformed problem space

 time | node  | left  |LP iter|LP it/n|mem/heur|mdpt |vars |cons |rows |cuts |sepa|confs|strbr|  dualbound   | primalbound  |  gap   | compl. 
 7359s|     1 |     0 |  9873k|     - |   607M |   0 |2392 |  20k|  20k|   0 |  0 |1153 |5872 | 7.255161e+05 | 7.266334e+05 |   0.15%| unknown
 7360s|     1 |     0 |  9874k|     - |   609M |   0 |2392 |  20k|  20k|  91 |  1 |1153 |5872 | 7.255161e+05 | 7.266334e+05 |   0.15%| unknown
 7360s|     1 |     0 |  9876k|     - |   611M |   0 |2392 |  20k|  21k| 193 |  2 |1153 |5872 | 7.255161e+05 | 7.266334e+05 |   0.15%| unknown
 7361s|     1 |     0 |  9877k|     - |   613M |   0 |2392 |  20k|  21k| 278 |  3 |1153 |5872 | 7.255161e+05 | 7.266334e+05 |   0.15%| unknown
 7362s|     1 |     0 |  9879k|     - |   615M |   0 |2392 |  20k|  21k| 369 |  4 |1153 |5872 | 7.255161e+05 | 7.266334e+05 |   0.15%| unknown
 7363s|     1 |     0 |  9881k|     - |   619M |   0 |2392 |  20k|  21k| 481 |  5 |1153 |5872 | 7.255161e+05 | 7.266334e+05 |   0.15%| unknown
 7364s|     1 |     0 |  9883k|     - |   621M |   0 |2392 |  20k|  21k| 601 |  6 |1153 |5872 | 7.255161e+05 | 7.266334e+05 |   0.15%| unknown
 7366s|     1 |     0 |  9886k|     - |   623M |   0 |2392 |  20k|  21k| 714 |  7 |1153 |5872 | 7.255161e+05 | 7.266334e+05 |   0.15%| unknown
 7368s|     1 |     0 |  9889k|     - |   625M |   0 |2392 |  20k|  21k| 835 |  8 |1153 |5872 | 7.255161e+05 | 7.266334e+05 |   0.15%| unknown
 7369s|     1 |     0 |  9893k|     - |   628M |   0 |2392 |  20k|  21k| 962 |  9 |1153 |5872 | 7.255161e+05 | 7.266334e+05 |   0.15%| unknown
 7371s|     1 |     0 |  9896k|     - |   631M |   0 |2392 |  20k|  21k|1063 | 10 |1153 |5872 | 7.255161e+05 | 7.266334e+05 |   0.15%| unknown
 7373s|     1 |     0 |  9900k|     - |   633M |   0 |2392 |  20k|  21k|1173 | 11 |1153 |5872 | 7.255161e+05 | 7.266334e+05 |   0.15%| unknown
 7375s|     1 |     0 |  9903k|     - |   635M |   0 |2392 |  20k|  22k|1273 | 12 |1153 |5872 | 7.255161e+05 | 7.266334e+05 |   0.15%| unknown
 7377s|     1 |     0 |  9906k|     - |   635M |   0 |2392 |  20k|  22k|1374 | 13 |1153 |5872 | 7.255161e+05 | 7.266334e+05 |   0.15%| unknown
 7379s|     1 |     0 |  9909k|     - |   637M |   0 |2392 |  20k|  22k|1466 | 14 |1153 |5872 | 7.255161e+05 | 7.266334e+05 |   0.15%| unknown
 time | node  | left  |LP iter|LP it/n|mem/heur|mdpt |vars |cons |rows |cuts |sepa|confs|strbr|  dualbound   | primalbound  |  gap   | compl. 
 7381s|     1 |     0 |  9913k|     - |   640M |   0 |2392 |  20k|  22k|1562 | 15 |1153 |5872 | 7.255161e+05 | 7.266334e+05 |   0.15%| unknown
 7384s|     1 |     0 |  9919k|     - |   642M |   0 |2392 |  20k|  22k|1671 | 16 |1153 |5872 | 7.255161e+05 | 7.266334e+05 |   0.15%| unknown
 7387s|     1 |     0 |  9923k|     - |   644M |   0 |2392 |  20k|  22k|1770 | 17 |1153 |5872 | 7.255161e+05 | 7.266334e+05 |   0.15%| unknown
 7390s|     1 |     0 |  9928k|     - |   647M |   0 |2392 |  20k|  22k|1858 | 18 |1153 |5872 | 7.255161e+05 | 7.266334e+05 |   0.15%| unknown
 7395s|     1 |     0 |  9935k|     - |   649M |   0 |2392 |  20k|  22k|1954 | 19 |1153 |5872 | 7.255161e+05 | 7.266334e+05 |   0.15%| unknown
 7399s|     1 |     0 |  9941k|     - |   651M |   0 |2392 |  20k|  22k|2042 | 20 |1153 |5872 | 7.255161e+05 | 7.266334e+05 |   0.15%| unknown
 7405s|     1 |     0 |  9950k|     - |   652M |   0 |2392 |  20k|  22k|2155 | 21 |1153 |5872 | 7.255161e+05 | 7.266334e+05 |   0.15%| unknown
 7410s|     1 |     0 |  9956k|     - |   653M |   0 |2392 |  20k|  22k|2256 | 22 |1153 |5872 | 7.255161e+05 | 7.266334e+05 |   0.15%| unknown
 7416s|     1 |     0 |  9964k|     - |   653M |   0 |2392 |  20k|  22k|2350 | 23 |1153 |5872 | 7.255161e+05 | 7.266334e+05 |   0.15%| unknown
 7443s|     1 |     2 |  9978k|     - |   653M |   0 |2392 |  20k|  22k|2350 | 23 |1155 |5895 | 7.255161e+05 | 7.266334e+05 |   0.15%| unknown
 8119s|   100 |   101 | 10427k|1657.5 |   658M |  39 |2392 |  20k|  21k|3031 |  1 |1399 |6907 | 7.255161e+05 | 7.266334e+05 |   0.15%| unknown
 8296s|   200 |   167 | 10595k|1657.8 |   661M |  64 |2392 |  20k|  22k|4060 |  1 |1521 |7360 | 7.255161e+05 | 7.266334e+05 |   0.15%| unknown
 8497s|   300 |   239 | 10847k|1671.3 |   665M |  76 |2392 |  20k|  22k|5131 |  1 |1534 |7652 | 7.255161e+05 | 7.266334e+05 |   0.15%| unknown
 8558s|   400 |   271 | 10939k|1659.7 |   666M |  95 |2392 |  20k|  22k|5563 |  1 |1534 |7697 | 7.255161e+05 | 7.266334e+05 |   0.15%| unknown
 8685s|   500 |   323 | 11110k|1660.5 |   668M |  98 |2392 |  20k|  22k|6539 |  1 |1563 |7802 | 7.255161e+05 | 7.266334e+05 |   0.15%| unknown
 time | node  | left  |LP iter|LP it/n|mem/heur|mdpt |vars |cons |rows |cuts |sepa|confs|strbr|  dualbound   | primalbound  |  gap   | compl. 
 8863s|   600 |   423 | 11368k|1674.2 |   671M |  98 |2392 |  20k|  22k|8108 |  3 |1590 |7896 | 7.255161e+05 | 7.266334e+05 |   0.15%| unknown
 8996s|   700 |   511 | 11586k|1681.7 |   673M |  98 |2392 |  20k|  22k|9530 |  1 |1628 |7971 | 7.255161e+05 | 7.266334e+05 |   0.15%| unknown
 9109s|   800 |   567 | 11781k|1685.6 |   675M | 102 |2392 |  20k|  23k|  10k|  1 |1640 |8001 | 7.255161e+05 | 7.266334e+05 |   0.15%| unknown
 9203s|   900 |   603 | 11925k|1682.0 |   676M | 114 |2392 |  20k|  23k|  10k|  1 |1647 |8052 | 7.255161e+05 | 7.266334e+05 |   0.15%| unknown
 9331s|  1000 |   643 | 12099k|1682.9 |   678M | 127 |2392 |  20k|  23k|  11k|  3 |1653 |8073 | 7.255161e+05 | 7.266334e+05 |   0.15%| unknown
 9424s|  1100 |   679 | 12257k|1681.5 |   678M | 127 |2392 |  20k|  23k|  11k|  0 |1669 |8088 | 7.255161e+05 | 7.266334e+05 |   0.15%| unknown
 9556s|  1200 |   721 | 12427k|1681.7 |   680M | 127 |2392 |  20k|  22k|  12k|  1 |1679 |8181 | 7.255161e+05 | 7.266334e+05 |   0.15%| unknown
 9710s|  1300 |   753 | 12629k|1686.4 |   682M | 127 |2392 |  20k|  23k|  12k|  1 |1694 |8283 | 7.255161e+05 | 7.266334e+05 |   0.15%| unknown
 9805s|  1400 |   767 | 12790k|1685.3 |   683M | 127 |2392 |  20k|  23k|  13k|  1 |1701 |8308 | 7.255161e+05 | 7.266334e+05 |   0.15%| unknown
 9936s|  1500 |   807 | 12983k|1688.5 |   688M | 127 |2392 |  20k|  22k|  14k|  1 |1709 |8345 | 7.255161e+05 | 7.266334e+05 |   0.15%| unknown
  167m|  1600 |   839 | 13161k|1689.7 |   688M | 127 |2392 |  20k|  22k|  15k|  1 |1709 |8361 | 7.255161e+05 | 7.266334e+05 |   0.15%| unknown
  170m|  1700 |   861 | 13355k|1693.0 |   694M | 127 |2392 |  20k|  23k|  16k|  1 |1716 |8409 | 7.255161e+05 | 7.266334e+05 |   0.15%| unknown
  172m|  1800 |   885 | 13582k|1700.2 |   698M | 127 |2392 |  20k|  22k|  17k|  2 |1721 |8472 | 7.255161e+05 | 7.266334e+05 |   0.15%| unknown
  173m|  1900 |   885 | 13682k|1691.5 |   700M | 127 |2392 |  20k|  22k|  17k|  0 |1750 |8516 | 7.255161e+05 | 7.266334e+05 |   0.15%| unknown
  175m|  2000 |   911 | 13877k|1694.7 |   706M | 127 |2392 |  20k|  23k|  18k|  5 |1761 |8578 | 7.255161e+05 | 7.266334e+05 |   0.15%| unknown
 time | node  | left  |LP iter|LP it/n|mem/heur|mdpt |vars |cons |rows |cuts |sepa|confs|strbr|  dualbound   | primalbound  |  gap   | compl. 
  178m|  2100 |   929 | 14082k|1699.1 |   706M | 127 |2392 |  20k|   0 |  18k|  0 |1772 |8611 | 7.255161e+05 | 7.266334e+05 |   0.15%| unknown
  180m|  2200 |   959 | 14276k|1701.9 |   714M | 127 |2392 |  20k|  23k|  19k|  2 |1773 |8633 | 7.255161e+05 | 7.266334e+05 |   0.15%| unknown
  181m|  2300 |   973 | 14391k|1695.3 |   715M | 127 |2392 |  20k|  23k|  19k|  0 |1794 |8647 | 7.255161e+05 | 7.266334e+05 |   0.15%| unknown
  182m|  2400 |  1003 | 14562k|1695.5 |   716M | 127 |2392 |  20k|  23k|  20k|  3 |1805 |8679 | 7.255161e+05 | 7.266334e+05 |   0.15%| unknown
  184m|  2500 |  1019 | 14699k|1691.7 |   720M | 127 |2392 |  20k|  23k|  21k|  0 |1812 |8709 | 7.255161e+05 | 7.266334e+05 |   0.15%| unknown
  186m|  2600 |  1057 | 14903k|1695.8 |   737M | 127 |2392 |  20k|  23k|  22k|  0 |1832 |8771 | 7.255161e+05 | 7.266334e+05 |   0.15%| unknown
  188m|  2700 |  1073 | 15107k|1699.6 |   744M | 127 |2392 |  20k|  22k|  23k|  1 |1842 |8851 | 7.255161e+05 | 7.266334e+05 |   0.15%| unknown
  191m|  2800 |  1125 | 15332k|1705.9 |   746M | 127 |2392 |  20k|  23k|  24k|  0 |1855 |8886 | 7.255161e+05 | 7.266334e+05 |   0.15%| unknown
  193m|  2900 |  1147 | 15605k|1717.2 |   749M | 127 |2392 |  20k|  23k|  24k|  3 |1872 |8960 | 7.255161e+05 | 7.266334e+05 |   0.15%| unknown
  196m|  3000 |  1175 | 15832k|1723.4 |   752M | 127 |2392 |  20k|  23k|  25k|  2 |1872 |9005 | 7.255161e+05 | 7.266334e+05 |   0.15%| unknown
  199m|  3100 |  1203 | 16061k|1729.5 |   757M | 127 |2392 |  20k|  23k|  26k|  1 |1891 |9115 | 7.255161e+05 | 7.266334e+05 |   0.15%| unknown
  202m|  3200 |  1221 | 16336k|1740.6 |   765M | 127 |2392 |  20k|  22k|  27k|  1 |1899 |9231 | 7.255161e+05 | 7.266334e+05 |   0.15%| unknown
* 204m|  3260 |  1227 | 16534k|1750.5 |    LP  | 127 |2392 |  20k|  23k|  28k|  6 |1906 |9280 | 7.255161e+05 | 7.266261e+05 |   0.15%| unknown
  206m|  3300 |  1243 | 16683k|1759.0 |   775M | 127 |2392 |  20k|  22k|  29k|  1 |1916 |9342 | 7.255161e+05 | 7.266261e+05 |   0.15%| unknown
  210m|  3400 |  1257 | 16940k|1767.6 |   783M | 127 |2392 |  20k|  23k|  30k|  0 |1929 |9398 | 7.255161e+05 | 7.266261e+05 |   0.15%| unknown
 time | node  | left  |LP iter|LP it/n|mem/heur|mdpt |vars |cons |rows |cuts |sepa|confs|strbr|  dualbound   | primalbound  |  gap   | compl. 
  213m|  3500 |  1301 | 17201k|1776.3 |   786M | 127 |2392 |  20k|  23k|  32k|  2 |1934 |9485 | 7.255161e+05 | 7.266261e+05 |   0.15%| unknown
  215m|  3600 |  1337 | 17349k|1773.3 |   787M | 127 |2392 |  20k|  23k|  32k|  0 |1949 |9556 | 7.255161e+05 | 7.266261e+05 |   0.15%| unknown
  219m|  3700 |  1347 | 17611k|1781.9 |   788M | 127 |2392 |  20k|  23k|  33k|  1 |1973 |9598 | 7.255161e+05 | 7.266261e+05 |   0.15%| unknown
  222m|  3800 |  1375 | 17819k|1785.0 |   789M | 127 |2392 |  20k|  23k|  33k|  0 |1979 |9622 | 7.255161e+05 | 7.266261e+05 |   0.15%| unknown
  224m|  3900 |  1379 | 18048k|1790.1 |   790M | 127 |2392 |  20k|  23k|  34k|  2 |1991 |9650 | 7.255161e+05 | 7.266261e+05 |   0.15%| unknown
  226m|  4000 |  1393 | 18224k|1789.7 |   791M | 127 |2392 |  20k|  23k|  35k|  2 |2012 |9715 | 7.255161e+05 | 7.266261e+05 |   0.15%| unknown
  230m|  4100 |  1401 | 18596k|1808.6 |   794M | 127 |2392 |  21k|  23k|  36k|  3 |2035 |9785 | 7.255161e+05 | 7.266261e+05 |   0.15%| unknown
  234m|  4200 |  1421 | 18875k|1818.2 |   796M | 127 |2392 |  20k|  23k|  37k|  4 |2039 |9864 | 7.255161e+05 | 7.266261e+05 |   0.15%| unknown
  238m|  4300 |  1453 | 19179k|1830.0 |   798M | 127 |2392 |  21k|  23k|  37k|  0 |2075 |9932 | 7.255161e+05 | 7.266261e+05 |   0.15%| unknown

SCIP Status        : solving was interrupted [time limit reached]
Solving Time (sec) : 14400.00
Solving Nodes      : 4351 (total of 10428 nodes in 2 runs)
Primal Bound       : +7.26626120000000e+05 (76 solutions)
Dual Bound         : +7.25516082040830e+05
Gap                : 0.15 %

primal solution (original space):
=================================

objective value:                            726626.12
z#8                                                 1 	(obj:0)
z#12                                 1.00000000000014 	(obj:0)
z#33                                                1 	(obj:0)
z#36                                                1 	(obj:0)
z#47                                                1 	(obj:0)
z#97                                                1 	(obj:0)
z#103                                               1 	(obj:0)
z#116                                               1 	(obj:0)
z#121                                               1 	(obj:0)
z#126                                               1 	(obj:0)
z#129                                               1 	(obj:0)
z#144                                 1.0000000000001 	(obj:0)
z#169                                               1 	(obj:0)
z#171                                               1 	(obj:0)
z#172                                               1 	(obj:0)
z#188                                               1 	(obj:0)
z#192                                               1 	(obj:0)
z#206                                               1 	(obj:0)
z#255                                               1 	(obj:0)
z#267                                1.00000000000032 	(obj:0)
z#271                                1.00000000000003 	(obj:0)
z#278                                               1 	(obj:0)
z#280                                               1 	(obj:0)
z#295                                               1 	(obj:0)
z#309                                               1 	(obj:0)
z#325                                               1 	(obj:0)
z#328                                               1 	(obj:0)
z#340                                               1 	(obj:0)
z#376                                               1 	(obj:0)
z#406                                               1 	(obj:0)
z#412                                               1 	(obj:0)
z#414                                               1 	(obj:0)
z#425                                               1 	(obj:0)
z#427                               0.999999999999765 	(obj:0)
z#432                                               1 	(obj:0)
z#442                                               1 	(obj:0)
z#452                                               1 	(obj:0)
z#467                                               1 	(obj:0)
z#472                                               1 	(obj:0)
z#496                                               1 	(obj:0)
z#512                                               1 	(obj:0)
z#514                                               1 	(obj:0)
z#517                               0.999999999999961 	(obj:0)
z#542                                               1 	(obj:0)
z#551                                               1 	(obj:0)
z#552                                               1 	(obj:0)
z#562                                               1 	(obj:0)
z#589                                               1 	(obj:0)
z#608                                               1 	(obj:0)
z#610                                               1 	(obj:0)
z#617                                               1 	(obj:0)
z#620                                1.00000000000113 	(obj:0)
z#621                                               1 	(obj:0)
z#644                                               1 	(obj:0)
z#654                                               1 	(obj:0)
z#684                                1.00000000000014 	(obj:0)
z#685                                               1 	(obj:0)
z#697                                               1 	(obj:0)
z#704                                               1 	(obj:0)
z#707                                               1 	(obj:0)
z#708                               0.999999999999792 	(obj:0)
z#709                                               1 	(obj:0)
z#722                                               1 	(obj:0)
z#734                                               1 	(obj:0)
z#738                                               1 	(obj:0)
z#758                                               1 	(obj:0)
z#760                                               1 	(obj:0)
z#764                                               1 	(obj:0)
z#809                                               1 	(obj:0)
z#811                                               1 	(obj:0)
z#820                                               1 	(obj:0)
z#854                                               1 	(obj:0)
z#859                                               1 	(obj:0)
z#874                                               1 	(obj:0)
z#888                                               1 	(obj:0)
z#892                                               1 	(obj:0)
z#900                                               1 	(obj:0)
z#914                                               1 	(obj:0)
z#926                                               1 	(obj:0)
z#931                                               1 	(obj:0)
z#935                                               1 	(obj:0)
z#943                               0.999999999999993 	(obj:0)
z#953                                               1 	(obj:0)
z#958                                               1 	(obj:0)
z#960                                               1 	(obj:0)
z#961                                               1 	(obj:0)
z#973                               0.999999999999678 	(obj:0)
z#976                                               1 	(obj:0)
z#979                                1.00000000000001 	(obj:0)
z#981                                               1 	(obj:0)
z#982                                               1 	(obj:0)
z#985                                               1 	(obj:0)
z#986                               0.999999999999995 	(obj:0)
z#994                                               1 	(obj:0)
z#1004                                              1 	(obj:0)
z#1010                                              1 	(obj:0)
z#1018                                              1 	(obj:0)
z#1032                                              1 	(obj:0)
z#1050                               1.00000000000011 	(obj:0)
z#1073                                              1 	(obj:0)
z#1079                                              1 	(obj:0)
z#1091                                              1 	(obj:0)
z#1093                                              1 	(obj:0)
z#1103                                              1 	(obj:0)
z#1114                                              1 	(obj:0)
z#1116                                              1 	(obj:0)
z#1117                                              1 	(obj:0)
z#1120                                              1 	(obj:0)
z#1126                                              1 	(obj:0)
z#1133                                              1 	(obj:0)
z#1138                                              1 	(obj:0)
z#1139                                              1 	(obj:0)
z#1147                                              1 	(obj:0)
z#1148                                              1 	(obj:0)
z#1150                                              1 	(obj:0)
z#1166                                              1 	(obj:0)
z#1179                                              1 	(obj:0)
z#1186                                              1 	(obj:0)
z#1212                                              1 	(obj:0)
z#1214                              0.999999999999848 	(obj:0)
z#1218                                              1 	(obj:0)
z#1225                                              1 	(obj:0)
z#1239                                              1 	(obj:0)
z#1243                                              1 	(obj:0)
z#1258                               1.00000000000032 	(obj:0)
z#1266                                              1 	(obj:0)
z#1284                                              1 	(obj:0)
z#1296                                              1 	(obj:0)
z#1299                                              1 	(obj:0)
z#1308                              0.999999999999893 	(obj:0)
z#1310                                              1 	(obj:0)
z#1311                                              1 	(obj:0)
z#1312                                              1 	(obj:0)
z#1313                                              1 	(obj:0)
z#1329                                              1 	(obj:0)
z#1372                                              1 	(obj:0)
z#1373                                              1 	(obj:0)
z#1376                                              1 	(obj:0)
z#1384                                              1 	(obj:0)
z#1387                                              1 	(obj:0)
z#1390                              0.999999999999965 	(obj:0)
z#1396                                              1 	(obj:0)
z#1436                                              1 	(obj:0)
z#1444                              0.999999999999547 	(obj:0)
z#1448                                              1 	(obj:0)
z#1457                               1.00000000000004 	(obj:0)
z#1489                                              1 	(obj:0)
z#1504                               1.00000000000001 	(obj:0)
z#1505                                              1 	(obj:0)
z#1509                                              1 	(obj:0)
z#1510                                              1 	(obj:0)
z#1513                                              1 	(obj:0)
z#1541                               1.00000000000013 	(obj:0)
z#1546                                              1 	(obj:0)
z#1572                                              1 	(obj:0)
z#1580                               1.00000000000014 	(obj:0)
z#1598                                              1 	(obj:0)
z#1599                                              1 	(obj:0)
z#1602                                              1 	(obj:0)
z#1607                                              1 	(obj:0)
z#1609                              0.999999999999868 	(obj:0)
z#1612                                              1 	(obj:0)
z#1615                               1.00000000000015 	(obj:0)
z#1617                                              1 	(obj:0)
z#1642                                              1 	(obj:0)
z#1651                                              1 	(obj:0)
z#1656                                              1 	(obj:0)
z#1667                                              1 	(obj:0)
z#1673                                              1 	(obj:0)
z#1706                                              1 	(obj:0)
z#1710                                              1 	(obj:0)
z#1754                                              1 	(obj:0)
z#1775                                              1 	(obj:0)
z#1784                                              1 	(obj:0)
z#1807                                              1 	(obj:0)
z#1810                               1.00000000000008 	(obj:0)
z#1820                                              1 	(obj:0)
z#1823                                              1 	(obj:0)
z#1832                               1.00000000000012 	(obj:0)
z#1840                                              1 	(obj:0)
z#1864                                              1 	(obj:0)
z#1877                                              1 	(obj:0)
z#1887                                              1 	(obj:0)
z#1888                                              1 	(obj:0)
z#1900                                              1 	(obj:0)
z#1909                                              1 	(obj:0)
z#1914                                              1 	(obj:0)
z#1915                                              1 	(obj:0)
z#1934                                              1 	(obj:0)
z#1951                                              1 	(obj:0)
z#1956                                              1 	(obj:0)
z#1958                               1.00000000000015 	(obj:0)
z#1960                                              1 	(obj:0)
z#1967                                              1 	(obj:0)
z#1974                                              1 	(obj:0)
z#1977                                              1 	(obj:0)
z#1987                                              1 	(obj:0)
z#1989                                              1 	(obj:0)
z#1996                                              1 	(obj:0)
z#1997                                              1 	(obj:0)
x#0                                  497.096999999983 	(obj:211)
x#4                                            40.838 	(obj:132)
x#8                                  6.99000000000069 	(obj:124)
x#9                                  94.1200000000166 	(obj:113)
x#12                                 402.217999999983 	(obj:104)
x#14                                          139.882 	(obj:130)
x#16                                 5.66499999999974 	(obj:140)
x#19                                           45.393 	(obj:107)
x#23                                 103.146000000017 	(obj:112)
x#26                                0.501999999999839 	(obj:105)
x#27                                 403.027999999984 	(obj:111)
x#29                                          140.206 	(obj:117)
x#30                                 52.3779999999998 	(obj:125)
x#37                                 103.474000000017 	(obj:151)
x#42                                 403.117999999983 	(obj:184)
x#45                                 53.4969999999998 	(obj:110)
x#50                                0.586000000006948 	(obj:173)
x#52                                  103.48600000001 	(obj:163)
x#54                                 542.391999999984 	(obj:114)
x#59                                 16.9999999999991 	(obj:149)
x#64                                0.601000000008071 	(obj:133)
x#69                                 578.904999999995 	(obj:101)
x#73                             0.000999999999066858 	(obj:187)
x#75                                 541.598000000001 	(obj:121)
x#85                                 23.0000000000006 	(obj:155)
x#86                                 676.999999999999 	(obj:134)
y#0                                  59.9030000000172 	(obj:159)
y#1                                            19.453 	(obj:142)
y#2                                  16.8060000000004 	(obj:154)
y#3                                  14.5199999999996 	(obj:133)
y#41                                0.557999999999993 	(obj:104)
y#44                                          139.242 	(obj:122)
y#53                              0.00900000000001455 	(obj:154)
y#59                                 36.5100000000001 	(obj:108)
y#66                                 103.489999999998 	(obj:122)
y#78                                 135.400000000001 	(obj:104)
u#0                                  497.096999999983 	(obj:0)
u#1                                  497.096999999983 	(obj:0)
u#2                                  497.096999999983 	(obj:0)
u#3                                  497.096999999983 	(obj:0)
u#4                                  537.934999999983 	(obj:0)
u#5                                  537.934999999983 	(obj:0)
u#6                                  537.934999999983 	(obj:0)
u#7                                  537.934999999983 	(obj:0)
u#8                                  544.924999999983 	(obj:0)
u#9                                           639.045 	(obj:0)
u#10                                          639.045 	(obj:0)
u#11                                          639.045 	(obj:0)
u#12                                 1041.26299999998 	(obj:0)
u#13                                 1041.26299999998 	(obj:0)
u#14                                 1181.14499999998 	(obj:0)
u#15                                          684.048 	(obj:0)
u#16                                          689.713 	(obj:0)
u#17                                          689.713 	(obj:0)
u#18                                          689.713 	(obj:0)
u#19                                          694.268 	(obj:0)
u#20                                          694.268 	(obj:0)
u#21                                          694.268 	(obj:0)
u#22                                          694.268 	(obj:0)
u#23                                 790.424000000017 	(obj:0)
u#24                                          696.304 	(obj:0)
u#25                                          696.304 	(obj:0)
u#26                                          696.806 	(obj:0)
u#27                                          697.616 	(obj:0)
u#28                                          697.616 	(obj:0)
u#29                                           697.94 	(obj:0)
u#30                                          750.318 	(obj:0)
u#31                                          744.653 	(obj:0)
u#32                                          744.653 	(obj:0)
u#33                                          744.653 	(obj:0)
u#34                                           699.26 	(obj:0)
u#35                                           699.26 	(obj:0)
u#36                                           699.26 	(obj:0)
u#37                                 802.734000000017 	(obj:0)
u#38                                          699.588 	(obj:0)
u#39                                          699.588 	(obj:0)
u#40                                          699.588 	(obj:0)
u#41                                          699.086 	(obj:0)
u#42                                          699.176 	(obj:0)
u#43                                          699.176 	(obj:0)
u#44                                           558.97 	(obj:0)
u#45                                          560.089 	(obj:0)
u#46                                          560.089 	(obj:0)
u#47                                          560.089 	(obj:0)
u#48                                          560.089 	(obj:0)
u#49                                          560.089 	(obj:0)
u#50                                 560.675000000007 	(obj:0)
u#51                                 560.675000000007 	(obj:0)
u#52                                          560.687 	(obj:0)
u#53                                          560.687 	(obj:0)
u#54                                 1103.07899999998 	(obj:0)
u#55                                 1103.07899999998 	(obj:0)
u#56                                 1103.07899999998 	(obj:0)
u#57                                 699.961000000001 	(obj:0)
u#58                                          699.961 	(obj:0)
u#59                                          716.961 	(obj:0)
u#60                                          663.464 	(obj:0)
u#61                                          663.464 	(obj:0)
u#62                                          663.464 	(obj:0)
u#63                                          663.464 	(obj:0)
u#64                                 664.065000000008 	(obj:0)
u#65                                 663.479000000001 	(obj:0)
u#66                                 663.479000000001 	(obj:0)
u#67                                 559.992999999991 	(obj:0)
u#68                                 559.992999999991 	(obj:0)
u#69                                 596.506000000002 	(obj:0)
u#70                                 596.506000000002 	(obj:0)
u#71                                 596.506000000002 	(obj:0)
u#72                                 596.506000000002 	(obj:0)
u#73                                 596.507000000002 	(obj:0)
u#74                                 579.507000000002 	(obj:0)
u#75                                         1121.105 	(obj:0)
u#76                                         1121.105 	(obj:0)
u#77                                         1121.105 	(obj:0)
u#78                                         1121.105 	(obj:0)
u#79                                         1120.504 	(obj:0)
u#80                                         1120.504 	(obj:0)
u#81                                         1120.504 	(obj:0)
u#82                                         1120.504 	(obj:0)
u#83                                         1120.504 	(obj:0)
u#84                                          541.599 	(obj:0)
u#85                                 564.599000000001 	(obj:0)
u#86                                         1241.599 	(obj:0)
u#87                                         1241.599 	(obj:0)
u#88                                         1241.598 	(obj:0)
u#89                                         1241.598 	(obj:0)
u#90                                              700 	(obj:0)
u#91                                              700 	(obj:0)
u#92                                              700 	(obj:0)
u#93                                              700 	(obj:0)
u#94                                              700 	(obj:0)
u#95                                              700 	(obj:0)
u#96                                              700 	(obj:0)
u#97                                              700 	(obj:0)
u#98                                              700 	(obj:0)
u#99                                              700 	(obj:0)
v#0                                  59.9030000000172 	(obj:0)
v#1                                  79.3560000000172 	(obj:0)
v#2                                  96.1620000000175 	(obj:0)
v#3                                  110.682000000017 	(obj:0)
v#4                                  110.682000000017 	(obj:0)
v#5                                  110.682000000017 	(obj:0)
v#6                                  110.682000000017 	(obj:0)
v#7                                  110.682000000017 	(obj:0)
v#8                                  110.682000000017 	(obj:0)
v#9                                  110.682000000017 	(obj:0)
v#10                                           50.779 	(obj:0)
v#11                                           31.326 	(obj:0)
v#12                                 14.5199999999995 	(obj:0)
v#41                                0.557999999999993 	(obj:0)
v#42                                0.557999999999993 	(obj:0)
v#43                                0.557999999999993 	(obj:0)
v#44                                            139.8 	(obj:0)
v#45                                            139.8 	(obj:0)
v#46                                            139.8 	(obj:0)
v#47                                            139.8 	(obj:0)
v#48                                            139.8 	(obj:0)
v#49                                            139.8 	(obj:0)
v#50                                            139.8 	(obj:0)
v#51                                          139.242 	(obj:0)
v#52                                          139.242 	(obj:0)
v#53                                          139.251 	(obj:0)
v#54                              0.00900000000001455 	(obj:0)
v#55                              0.00900000000001455 	(obj:0)
v#56                              0.00900000000001455 	(obj:0)
v#57                              0.00900000000001455 	(obj:0)
v#58                              0.00900000000001455 	(obj:0)
v#59                                 36.5190000000001 	(obj:0)
v#60                                 36.5190000000001 	(obj:0)
v#61                                 36.5190000000001 	(obj:0)
v#62                                 36.5190000000001 	(obj:0)
v#63                                 36.5100000000001 	(obj:0)
v#64                                 36.5100000000001 	(obj:0)
v#65                                 36.5100000000001 	(obj:0)
v#66                                 139.999999999998 	(obj:0)
v#67                                 139.999999999998 	(obj:0)
v#68                                 139.999999999998 	(obj:0)
v#69                                 103.489999999998 	(obj:0)
v#70                                 103.489999999998 	(obj:0)
v#71                                 103.489999999998 	(obj:0)
v#72                                 103.489999999998 	(obj:0)
v#73                                 103.489999999998 	(obj:0)
v#74                                 103.489999999998 	(obj:0)
v#75                                 103.489999999998 	(obj:0)
v#78                                 135.400000000001 	(obj:0)
v#79                                 135.400000000001 	(obj:0)
v#80                                 135.400000000001 	(obj:0)
v#81                                 135.400000000001 	(obj:0)
v#82                                 135.400000000001 	(obj:0)
v#83                                 135.400000000001 	(obj:0)
v#84                                            135.4 	(obj:0)
v#85                                            135.4 	(obj:0)
v#86                                            135.4 	(obj:0)
v#87                                            135.4 	(obj:0)
w#0                                               557 	(obj:0)
w#1                                           576.453 	(obj:0)
w#2                                           593.259 	(obj:0)
w#3                                           607.779 	(obj:0)
w#4                                           648.617 	(obj:0)
w#5                                           648.617 	(obj:0)
w#6                                           648.617 	(obj:0)
w#7                                           648.617 	(obj:0)
w#8                                  655.607000000001 	(obj:0)
w#9                                  749.727000000017 	(obj:0)
w#10                                          689.824 	(obj:0)
w#11                                          670.371 	(obj:0)
w#12                                 1055.78299999998 	(obj:0)
w#13                                 1041.26299999998 	(obj:0)
w#14                                 1181.14499999998 	(obj:0)
w#15                                          684.048 	(obj:0)
w#16                                          689.713 	(obj:0)
w#17                                          689.713 	(obj:0)
w#18                                          689.713 	(obj:0)
w#19                                          694.268 	(obj:0)
w#20                                          694.268 	(obj:0)
w#21                                          694.268 	(obj:0)
w#22                                          694.268 	(obj:0)
w#23                                 790.424000000017 	(obj:0)
w#24                                          696.304 	(obj:0)
w#25                                          696.304 	(obj:0)
w#26                                          696.806 	(obj:0)
w#27                                          697.616 	(obj:0)
w#28                                          697.616 	(obj:0)
w#29                                           697.94 	(obj:0)
w#30                                          750.318 	(obj:0)
w#31                                          744.653 	(obj:0)
w#32                                          744.653 	(obj:0)
w#33                                          744.653 	(obj:0)
w#34                                           699.26 	(obj:0)
w#35                                           699.26 	(obj:0)
w#36                                           699.26 	(obj:0)
w#37                                 802.734000000017 	(obj:0)
w#38                                          699.588 	(obj:0)
w#39                                          699.588 	(obj:0)
w#40                                          699.588 	(obj:0)
w#41                                          699.644 	(obj:0)
w#42                                          699.734 	(obj:0)
w#43                                          699.734 	(obj:0)
w#44                                           698.77 	(obj:0)
w#45                                          699.889 	(obj:0)
w#46                                          699.889 	(obj:0)
w#47                                          699.889 	(obj:0)
w#48                                          699.889 	(obj:0)
w#49                                          699.889 	(obj:0)
w#50                                 700.475000000007 	(obj:0)
w#51                                 699.917000000007 	(obj:0)
w#52                                          699.929 	(obj:0)
w#53                                          699.938 	(obj:0)
w#54                                 1103.08799999998 	(obj:0)
w#55                                 1103.08799999998 	(obj:0)
w#56                                 1103.08799999998 	(obj:0)
w#57                                 699.970000000001 	(obj:0)
w#58                                           699.97 	(obj:0)
w#59                                           753.48 	(obj:0)
w#60                                          699.983 	(obj:0)
w#61                                          699.983 	(obj:0)
w#62                                          699.983 	(obj:0)
w#63                                          699.974 	(obj:0)
w#64                                 700.575000000008 	(obj:0)
w#65                                 699.989000000001 	(obj:0)
w#66                                 803.478999999999 	(obj:0)
w#67                                 699.992999999988 	(obj:0)
w#68                                 699.992999999988 	(obj:0)
w#69                                          699.996 	(obj:0)
w#70                                          699.996 	(obj:0)
w#71                                          699.996 	(obj:0)
w#72                                          699.996 	(obj:0)
w#73                                 699.996999999999 	(obj:0)
w#74                                          682.997 	(obj:0)
w#75                                         1224.595 	(obj:0)
w#76                                         1121.105 	(obj:0)
w#77                                         1121.105 	(obj:0)
w#78                                         1256.505 	(obj:0)
w#79                                         1255.904 	(obj:0)
w#80                                         1255.904 	(obj:0)
w#81                                         1255.904 	(obj:0)
w#82                                         1255.904 	(obj:0)
w#83                                         1255.904 	(obj:0)
w#84                                          676.999 	(obj:0)
w#85                                 699.999000000001 	(obj:0)
w#86                                         1376.999 	(obj:0)
w#87                                         1376.999 	(obj:0)
w#88                                         1241.598 	(obj:0)
w#89                                         1241.598 	(obj:0)
w#90                                 699.999999999999 	(obj:0)
w#91                                 699.999999999999 	(obj:0)
w#92                                 699.999999999999 	(obj:0)
w#93                                 699.999999999999 	(obj:0)
w#94                                              700 	(obj:0)
w#95                                              700 	(obj:0)
w#96                                              700 	(obj:0)
w#97                                              700 	(obj:0)
w#98                                              700 	(obj:0)
w#99                                              700 	(obj:0)

Statistics
==========

SCIP Status        : solving was interrupted [time limit reached]
Total Time         :   14400.64
  solving          :   14400.00
  presolving       :       0.68 (included in solving)
  reading          :       0.63
  copying          :       1.09 (23 #copies) (minimal 0.04, maximal 0.05, average 0.05)
Original Problem   :
  Problem name     : CCMPPData/100-2000-0
  Variables        : 2500 (2000 binary, 0 integer, 0 implicit integer, 500 continuous)
  Constraints      : 20402 initial, 20402 maximal
  Objective        : minimize, 200 non-zeros (abs.min = 101, abs.max = 300)
Presolved Problem  :
  Problem name     : t_CCMPPData/100-2000-0
  Variables        : 2392 (2000 binary, 0 integer, 0 implicit integer, 392 continuous)
  Constraints      : 20968 initial, 21020 maximal
  Objective        : minimize, 199 non-zeros (abs.min = 3, abs.max = 300)
  Nonzeros         : 61456 constraint, 334 clique table
Presolvers         :   ExecTime  SetupTime  Calls  FixedVars   AggrVars   ChgTypes  ChgBounds   AddHoles    DelCons    AddCons   ChgSides   ChgCoefs
  boundshift       :       0.00       0.00      0          0          0          0          0          0          0          0          0          0
  convertinttobin  :       0.00       0.00      0          0          0          0          0          0          0          0          0          0
  domcol           :       0.06       0.00      2          0          0          0          0          0          0          0          0          0
  dualagg          :       0.00       0.00      0          0          0          0          0          0          0          0          0          0
  dualcomp         :       0.02       0.00      2          0          0          0          0          0          0          0          0          0
  dualinfer        :       0.00       0.00      0          0          0          0          0          0          0          0          0          0
  dualsparsify     :       0.05       0.00      1          0          0          0          0          0          0          0          0          0
  gateextraction   :       0.00       0.00      0          0          0          0          0          0          0          0          0          0
  implics          :       0.00       0.00      5          0          0          0          0          0          0          0          0          0
  inttobinary      :       0.00       0.00      0          0          0          0          0          0          0          0          0          0
  milp             :       0.13       0.00      1          1        102          0         49          0          0          0          0          0
  qpkktref         :       0.00       0.00      0          0          0          0          0          0          0          0          0          0
  redvub           :       0.00       0.00      0          0          0          0          0          0          0          0          0          0
  sparsify         :       0.02       0.00      1          0          0          0          0          0          0          0          0          0
  stuffing         :       0.00       0.00      0          0          0          0          0          0          0          0          0          0
  trivial          :       0.00       0.00      8          0          0          0          0          0          0          0          0          0
  tworowbnd        :       0.00       0.00      0          0          0          0          0          0          0          0          0          0
  dualfix          :       0.00       0.00      8          0          0          0          0          0          0          0          0          0
  genvbounds       :       0.00       0.00      0          0          0          0          0          0          0          0          0          0
  probing          :       0.29       0.00      1          0          0          0          0          0          0          0          0          0
  pseudoobj        :       0.00       0.00      1          0          0          0          0          0          0          0          0          0
  symmetry         :       0.00       0.00      1          0          0          0          0          0          0          0          0          0
  vbounds          :       0.00       0.00      2          0          0          0          0          0          0          0          0          0
  chancecons       :       0.00       0.00      1          0          0          0          0          0          0          0          0          0
  varbound         :       0.02       0.00      7          0          0          0          0          0          0          0          0          0
  knapsack         :       0.00       0.00      7          0          0          0          0          0          0          0          0          0
  linear           :       0.06       0.01     12          0          5          0        156          0        378          0          0          0
  logicor          :       0.00       0.00      6          0          0          0          0          0          0          0          0          0
  bounddisjunction :       0.00       0.00      3          0          0          0          0          0          0          0          0          0
  benders          :       0.00       0.00      0          0          0          0          0          0          0          0          0          0
  components       :       0.00       0.00      2          0          0          0          0          0          0          0          0          0
  root node        :          -          -      -          0          -          -       3508          -          -          -          -          -
Constraints        :     Number  MaxNumber  #Separate #Propagate    #EnfoLP    #EnfoRelax  #EnfoPS    #Check   #ResProp    Cutoffs    DomReds       Cuts    Applied      Conss   Children
  benderslp        :          0          0          0          0       7959          0          0       1807          0          0          0          0          0          0          0
  chancecons       :          1          1       2077     246519          0          0          0          0          0          0        295      54060      40051          0          0
  integral         :          0          0          0          0       7959          0          0       1807          0          0      13827          0          0        361      14732
  varbound         :      19728      19728         62     245901          2          0          0       1801      48201          0     192317          0          0          0          0
  knapsack         :          1          1         62     247616          2          0          0        145          0        191       3999          0          0          0          0
  linear           :       1162       1162         62     247783          2          0          0        141       4467        340    1557355         72         34          0          0
  logicor          :          1+        16         23        983          0          0          0          0          0          0          0          0          0          0          0
  bounddisjunction :         75+       145          0      17652          0          0          0          0          4          1          9          0          0          0          0
  benders          :          0          0          0          0          2          0          0        139          0          0          0          0          0          0          0
  fixedvar         :          0          0          0          0          2          0          0        139          0          0          0          0          0          0          0
  countsols        :          0          0          0          0          2          0          0        139          0          0          0          0          0          0          0
  components       :          0          0          0          0          0          0          0          0          0          0          0          0          0          0          0
Constraint Timings :  TotalTime  SetupTime   Separate  Propagate     EnfoLP     EnfoPS     EnfoRelax   Check    ResProp    SB-Prop
  benderslp        :       0.01       0.00       0.00       0.00       0.01       0.00       0.00       0.00       0.00       0.00
  chancecons       :      14.41       0.00       3.49       8.92       0.00       0.00       0.00       0.00       0.00       2.00
  integral         :    3116.86       0.00       0.00       0.00    3116.86       0.00       0.00       0.00       0.00       0.00
  varbound         :       9.70       0.00       0.11       6.13       0.00       0.00       0.00       0.25       0.01       3.20
  knapsack         :       1.63       0.00       1.43       0.16       0.00       0.00       0.00       0.00       0.00       0.03
  linear           :      14.54       0.01       0.20      10.87       0.00       0.00       0.00       0.01       0.01       3.45
  logicor          :       0.00       0.00       0.00       0.00       0.00       0.00       0.00       0.00       0.00       0.00
  bounddisjunction :       0.15       0.00       0.00       0.10       0.00       0.00       0.00       0.00       0.00       0.05
  benders          :       0.00       0.00       0.00       0.00       0.00       0.00       0.00       0.00       0.00       0.00
  fixedvar         :       0.01       0.00       0.00       0.00       0.00       0.00       0.00       0.01       0.00       0.00
  countsols        :       0.00       0.00       0.00       0.00       0.00       0.00       0.00       0.00       0.00       0.00
  components       :       0.02       0.00       0.00       0.01       0.00       0.00       0.00       0.00       0.00       0.01
Propagators        : #Propagate   #ResProp    Cutoffs    DomReds
  dualfix          :          9          0          0          0
  genvbounds       :          0          0          0          0
  nlobbt           :          0          0          0          0
  obbt             :          0          0          0          0
  probing          :          0          0          0          0
  pseudoobj        :      55384          0          0        201
  redcost          :      27771          0          0     515268
  rootredcost      :         38          0          0       1548
  symmetry         :          0          0          0          0
  vbounds          :     120574          0          0          0
Propagator Timings :  TotalTime  SetupTime   Presolve  Propagate    ResProp    SB-Prop
  dualfix          :       0.00       0.00       0.00       0.00       0.00       0.00
  genvbounds       :       0.05       0.00       0.00       0.03       0.00       0.02
  nlobbt           :       0.00       0.00       0.00       0.00       0.00       0.00
  obbt             :       0.00       0.00       0.00       0.00       0.00       0.00
  probing          :       0.29       0.00       0.29       0.00       0.00       0.00
  pseudoobj        :       0.36       0.00       0.00       0.35       0.00       0.01
  redcost          :       2.12       0.00       0.00       2.11       0.00       0.01
  rootredcost      :       0.05       0.00       0.00       0.03       0.00       0.01
  symmetry         :       0.06       0.00       0.00       0.04       0.00       0.03
  vbounds          :       0.22       0.00       0.00       0.19       0.00       0.03
Symmetry           :
  orbitopal red.   :          0 reductions applied,          0 cutoffs
  orbital reduction:          0 reductions applied,          0 cutoffs
  lexicographic red:          0 reductions applied,          0 cutoffs
  shadow tree time :       0.00 s
Conflict Analysis  :       Time      Calls    Success    DomReds  Conflicts   Literals    Reconvs ReconvLits   Dualrays   Nonzeros   LP Iters   (pool size: [10000,10000])
  propagation      :       0.05        192        192          -       2433      129.3         31       32.9          -          -          -
  infeasible LP    :       0.00          1          1          -          3       27.0          0        0.0          1        4.0          0
  bound exceed. LP :      11.10       3151       1042          -       3822       98.9          5       34.0        509       27.5      15667
  strong branching :       0.00          0          0          -          0        0.0          0        0.0          -          -          0
  pseudo solution  :       0.00          0          0          -          0        0.0          0        0.0          -          -          -
  applied globally :       0.09          -          -        440       1565      119.6          -          -        510          -          -
  applied locally  :          -          -          -          0          0        0.0          -          -          0          -          -
Separators         :   ExecTime  SetupTime      Calls  RootCalls    Cutoffs    DomReds  FoundCuts ViaPoolAdd  DirectAdd    Applied ViaPoolApp  DirectApp      Conss
  cut pool         :       1.04          -       2787        123          -          -      44759     372042          -          -          -          -          -    (maximal pool size:      21659)
  aggregation      :       1.80       0.00        166         62          0          0      38682     281762          8      46362      46359          3          0
  > cmir           :          -          -          -          -          -          -          -     281762          8      46362      46359          3          -
  > flowcover      :          -          -          -          -          -          -          -          0          0          0          0          0          -
  > knapsackcover  :          -          -          -          -          -          -          -          0          0          0          0          0          -
  cgmip            :       0.00       0.00          0          0          0          0          0          0          0          0          0          0          0
  clique           :       0.01       0.00         62         62          0          0          0          0          0          0          0          0          0
  closecuts        :       0.00       0.00          0          0          0          0          0          0          0          0          0          0          0
  convexproj       :       0.00       0.00          0          0          0          0          0          0          0          0          0          0          0
  disjunctive      :       0.00       0.00          0          0          0          0          0          0          0          0          0          0          0
  eccuts           :       0.00       0.00          0          0          0          0          0          0          0          0          0          0          0
  gauge            :       0.00       0.00          0          0          0          0          0          0          0          0          0          0          0
  gomory           :      11.39       0.00        124         20          0          0       6085      90280          0      17767      17767          0          0
  > gomorymi       :          -          -          -          -          -          -          -      90280          0      17767      17767          0          -
  > strongcg       :          -          -          -          -          -          -          -          0          0          0          0          0          -
  impliedbounds    :       0.07       0.00        166         62          0          0          0          0          0          0          0          0          0
  interminor       :       0.00       0.00          0          0          0          0          0          0          0          0          0          0          0
  intobj           :       0.00       0.00          0          0          0          0          0          0          0          0          0          0          0
  lagromory        :       0.00       0.00          0          0          0          0          0          0          0          0          0          0          0
  mcf              :       0.01       0.00          2          2          0          0          0          0          0          0          0          0          0
  minor            :       0.00       0.00         20         20          0          0          0          0          0          0          0          0          0
  mixing           :       0.00       0.00          0          0          0          0          0          0          0          0          0          0          0
  oddcycle         :       0.00       0.00          0          0          0          0          0          0          0          0          0          0          0
  rapidlearning    :       0.00       0.00          0          0          0          0          0          0          0          0          0          0          0
  rlt              :       0.00       0.00         20         20          0          0          0          0          0          0          0          0          0
  zerohalf         :       0.27       0.00        144         40          0          0          0          0          0          0          0          0          0
Cutselectors       :   ExecTime  SetupTime      Calls  RootCalls   Selected     Forced   Filtered  RootSelec   RootForc   RootFilt 
  hybrid           :       0.81       0.00       2626         63     104214          0     321968       6687          0      57241
  ensemble         :       0.00       0.00          0          0          0          0          0          0          0          0
  dynamic          :       0.00       0.00          0          0          0          0          0          0          0          0
Pricers            :   ExecTime  SetupTime      Calls       Vars
  problem variables:       0.00          -          0          0
Branching Rules    :   ExecTime  SetupTime   BranchLP  BranchExt   BranchPS    Cutoffs    DomReds       Cuts      Conss   Children
  allfullstrong    :       0.00       0.00          0          0          0          0          0          0          0          0
  cloud            :       0.00       0.00          0          0          0          0          0          0          0          0
  distribution     :       0.00       0.00          0          0          0          0          0          0          0          0
  fullstrong       :       0.00       0.00          0          0          0          0          0          0          0          0
  gomory           :       0.00       0.00          0          0          0          0          0          0          0          0
  inference        :       0.00       0.00          0          0          0          0          0          0          0          0
  leastinf         :       0.00       0.00          0          0          0          0          0          0          0          0
  lookahead        :       0.00       0.00          0          0          0          0          0          0          0          0
  mostinf          :       0.00       0.00          0          0          0          0          0          0          0          0
  multaggr         :       0.00       0.00          0          0          0          0          0          0          0          0
  nodereopt        :       0.00       0.00          0          0          0          0          0          0          0          0
  pscost           :       0.00       0.00          0          0          0          0          0          0          0          0
  random           :       0.00       0.00          0          0          0          0          0          0          0          0
  relpscost        :    3116.85       0.00       7957          0          0          0      13827          0        398      14732
  vanillafullstrong:       0.00       0.00          0          0          0          0          0          0          0          0
Primal Heuristics  :   ExecTime  SetupTime      Calls      Found       Best
  LP solutions     :       0.00          -          -          2          2
  relax solutions  :       0.00          -          -          0          0
  pseudo solutions :       0.00          -          -          0          0
  strong branching :       0.05          -          -          0          0
  actconsdiving    :       0.00       0.00          0          0          0
  adaptivediving   :      38.54       0.00         24          0          0
  alns             :       1.07       0.00          6          1          1
  bound            :       0.00       0.00          0          0          0
  clique           :       0.04       0.00          1          0          0
  coefdiving       :       0.00       0.00          0          0          0
  completesol      :       0.00       0.00          0          0          0
  conflictdiving   :      84.49       0.00         29          0          0
  crossover        :       1.87       0.00          8          5          3
  dins             :       0.00       0.00          0          0          0
  distributiondivin:      83.42       0.00         28          0          0
  dps              :       0.00       0.00          0          0          0
  dualval          :       0.00       0.00          0          0          0
  farkasdiving     :       0.00       0.00          0          0          0
  feaspump         :       8.58       0.00          1          1          1
  fixandinfer      :       0.00       0.00          0          0          0
  fracdiving       :     173.44       0.00         29          9          9
  gins             :       0.03       0.00          0          0          0
  guideddiving     :     159.80       0.00         29         12         12
  indicator        :       0.01       0.00          0          0          0
  indicatordiving  :       0.00       0.00          0          0          0
  intdiving        :       0.00       0.00          0          0          0
  intshifting      :      79.55       0.00         80          2          2
  linesearchdiving :      82.11       0.00         28          1          1
  localbranching   :       0.00       0.00          0          0          0
  locks            :       0.05       0.00          1          1          1
  lpface           :       0.01       0.00          0          0          0
  mpec             :       0.00       0.00          0          0          0
  multistart       :       0.00       0.00          0          0          0
  mutation         :       0.00       0.00          0          0          0
  nlpdiving        :       0.00       0.00          0          0          0
  objpscostdiving  :     597.32       0.00         15         15          0
  octane           :       0.00       0.00          0          0          0
  ofins            :       0.01       0.00          0          0          0
  oneopt           :       0.08       0.00         38          0          0
  padm             :       0.00       0.00          0          0          0
  proximity        :       0.00       0.00          0          0          0
  pscostdiving     :     109.31       0.00         29          3          3
  randrounding     :       4.72       0.00       1678          0          0
  rens             :       0.00       0.00          0          0          0
  reoptsols        :       0.00       0.00          0          0          0
  repair           :       0.00       0.00          0          0          0
  rins             :       4.90       0.00          9          9          4
  rootsoldiving    :      31.05       0.00         15         15          0
  rounding         :       1.48       0.00       1594          0          0
  scheduler        :       0.00       0.00          0          0          0
  shiftandpropagate:       0.00       0.00          0          0          0
  shifting         :      17.58       0.00        818          0          0
  simplerounding   :       0.01       0.00          0          0          0
  subnlp           :       0.01       0.00          0          0          0
  trivial          :       0.01       0.00          4          0          0
  trivialnegation  :       0.00       0.00          0          0          0
  trustregion      :       0.00       0.00          0          0          0
  trysol           :       0.01       0.00          0          0          0
  twoopt           :       0.00       0.00          0          0          0
  undercover       :       0.00       0.00          0          0          0
  vbounds          :       0.25       0.00          2          0          0
  veclendiving     :      43.01       0.00         29          0          0
  zeroobj          :       0.00       0.00          0          0          0
  zirounding       :       1.24       0.00       1000          0          0
  other solutions  :          -          -          -          0          -
LNS (Scheduler)    :      Calls  SetupTime  SolveTime SolveNodes       Sols       Best       Exp3    Exp3-IX  EpsGreedy        UCB TgtFixRate  Opt  Inf Node Stal  Sol  Usr Othr Actv
  rens             :          0       0.00       0.00          0          0          0    0.00000    0.12500   -1.00000    1.00000      0.900    0    0    0    0    0    0    0    1
  rins             :          0       0.00       0.00          0          0          0    0.00000    0.12500   -1.00000    1.00000      0.900    0    0    0    0    0    0    0    1
  mutation         :          0       0.00       0.00          0          0          0    0.00000    0.12500   -1.00000    1.00000      0.900    0    0    0    0    0    0    0    1
  localbranching   :          0       0.00       0.00          0          0          0    0.00000    0.12500   -1.00000    1.00000      0.900    0    0    0    0    0    0    0    1
  crossover        :          0       0.00       0.00          0          0          0    0.00000    0.12500   -1.00000    1.00000      0.900    0    0    0    0    0    0    0    1
  proximity        :          0       0.00       0.00          0          0          0    0.00000    0.12500   -1.00000    1.00000      0.900    0    0    0    0    0    0    0    1
  zeroobjective    :          0       0.00       0.00          0          0          0    0.00000    0.12500   -1.00000    1.00000      0.900    0    0    0    0    0    0    0    1
  dins             :          0       0.00       0.00          0          0          0    0.00000    0.12500   -1.00000    1.00000      0.900    0    0    0    0    0    0    0    1
  trustregion      :          0       0.00       0.00          0          0          0    0.00000    0.00000   -1.00000    1.00000      0.900    0    0    0    0    0    0    0    0
LP                 :       Time      Calls Iterations  Iter/call   Iter/sec  Time-0-It Calls-0-It    ItLimit
  primal LP        :       7.42       1345         15       7.50       2.02       7.40       1343
  dual LP          :    9667.89      21370   16713931     945.04    1728.81       7.78       3684
  lex dual LP      :       0.00          0          0       0.00          -
  barrier LP       :       0.00          0          0       0.00          -       0.00          0
  resolve instable :       0.00          0          0       0.00          -
  diving/probing LP:    1480.20      10307    2617844     253.99    1768.57
  strong branching :    3034.82       9947    5111053     513.83    1684.14          -          -       5464
    (at root node) :          -         73      71024     972.93          -
  conflict analysis:       8.33       1575      15667       9.95    1879.80
B&B Tree           :
  number of runs   :          2
  nodes            :       4351 (2909 internal, 1442 leaves)
  feasible leaves  :          1
  infeas. leaves   :         21
  objective leaves :       1419
  nodes (total)    :      10428 (7366 internal, 3062 leaves)
  nodes left       :       1463
  max depth        :        127
  max depth (total):        190
  backtracks       :        726 (16.7%)
  early backtracks :          0 (0.0%)
  nodes exc. ref.  :          0 (0.0%)
  delayed cutoffs  :          0
  repropagations   :        366 (468 domain reductions, 0 cutoffs)
  avg switch length:       7.71
  switching time   :      12.63
Root Node          :
  First LP value   : +7.19292811547625e+05
  First LP Iters   :       7325 (3623.71 Iter/sec)
  First LP Time    :       2.02
  Final Dual Bound : +7.25516082040830e+05
  Final Root Iters :     191260
  Root LP Estimate : +7.30724387531585e+05
Solution           :
  Solutions found  :         76 (39 improvements)
  First Solution   : +7.30042190000000e+05   (in run 1, after 1 nodes, 0.74 seconds, depth 201, found by <locks>)
  Gap First Sol.   :   infinite
  Gap Last Sol.    :       0.15 %
  Primal Bound     : +7.26626120000000e+05   (in run 2, after 3260 nodes, 12260.96 seconds, depth 114, found by <relaxation>)
  Dual Bound       : +7.25516082040830e+05
  Gap              :       0.15 %
Integrals          :      Total       Avg%
  primal-dual      :    3093.88       0.21
  primal-ref       :          -          - (not evaluated)
  dual-ref         :          -          - (not evaluated)

 Branching Statistics...

 Total number of propagations -> 246519

 Number of cutoffs of KnaCons -> 0

 Total number of variables fixed to 1 by the propagator -> 0

 Total number of variables fixed to 0 by the propagator -> 295

 Maximum number of rounds of the approximation algorithm -> 0

 Runtime of the exact algorithm -> 0.0000 s

 Total number of variables fixed to 1 in the exact algorithm -> 0

 Total number of variables fixed to 0 in the exact algorithm -> 0

 Number of cutoffs in the exact algorithm -> 0

 Number of cutoffs in the approximation algorithm -> 0

 PS:  
