***************************************
*         SCIP-based CCP Solver       *
*                                     *
*    Wei Lv and Wei-Kun Chen (2024)   *
***************************************
/beegfs/home/30150120/SCIP-CCP/build/ccp -f data/CCMPPData/20-3000-4.ccmpp -s settings/CCMPPSetting/BASE+DB1.set 
SCIP version 9.1.0 [precision: 8 byte] [memory: block] [mode: optimized] [LP solver: Soplex 7.1.0] [GitHash: 8cab0278ba]
Copyright (c) 2002-2024 Zuse Institute Berlin (ZIB)

External libraries: 
  Soplex 7.1.0         Linear Programming Solver developed at Zuse Institute Berlin (soplex.zib.de) [GitHash: 595bfac9]
  CppAD 20180000.0     Algorithmic Differentiation of C++ algorithms developed by B. Bell (github.com/coin-or/CppAD)
  ZLIB 1.2.7           General purpose compression library by J. Gailly and M. Adler (zlib.net)
  GMP 6.2.1            GNU Multiple Precision Arithmetic Library developed by T. Granlund (gmplib.org)
  AMPL/MP 690e9e7      AMPL .nl file reader library (github.com/ampl/mp)
  PaPILO 2.3.0         parallel presolve for integer and linear optimization (github.com/scipopt/papilo) (built with TBB) [GitHash: 4b8ce6ed]
  Nauty 2.8.8          Computing Graph Automorphism Groups by Brendan D. McKay (users.cecs.anu.edu.au/~bdm/nauty)
  sassy 1.1            Symmetry preprocessor by Markus Anders (github.com/markusa4/sassy)

reading user parameter file <settings/CCMPPSetting/BASE+DB1.set>

read problem <data/CCMPPData/20-3000-4.ccmpp>
============

File name: 	data/CCMPPData/20-3000-4.ccmpp
Problem name:	CCMPPData/20-3000-4
Dimension: 	20
NumScenario: 	3000
ConfidenceParameter: 	0.10
IsEqualProbability: 	1
BASE+DI: 	0
BASE+sDI: 	0
BASE+DB: 	1
BASE+DB+OPF: 	0
Dominance and Aggregation Statistics......
NumEdge:        1179934
NumBiEdge: 	61180
NumDomIneqs: 	1118754
DominanceRatio: 0.2487
NumAggScenario: 2318 
BasicNumScenario: 2317 
Propagator Statistics......
NumBasicDomIneqs: 79993
NumNonReDomIneqs: 9111
Duration: 0.3600 s 

original problem has 2418 variables (2318 bin, 0 int, 0 impl, 100 cont) and 5737 constraints

solve problem
=============

presolving:
(round 1, fast)       5 del vars, 82 del conss, 0 add conss, 20 chg bounds, 0 chg sides, 0 chg coeffs, 0 upgd conss, 0 impls, 9111 clqs
   (0.1s) running MILP presolver
   (0.2s) MILP presolver (3 rounds): 22 aggregations, 1 fixings, 7 bound changes
(round 2, medium)     28 del vars, 82 del conss, 0 add conss, 27 chg bounds, 0 chg sides, 0 chg coeffs, 0 upgd conss, 0 impls, 9111 clqs
(round 3, fast)       28 del vars, 104 del conss, 0 add conss, 27 chg bounds, 0 chg sides, 0 chg coeffs, 0 upgd conss, 0 impls, 9111 clqs
(round 4, exhaustive) 28 del vars, 104 del conss, 0 add conss, 27 chg bounds, 0 chg sides, 0 chg coeffs, 5577 upgd conss, 0 impls, 9111 clqs
   (0.6s) probing: 1000/2317 (43.2%) - 0 fixings, 0 aggregations, 57210 implications, 0 bound changes
   (0.6s) probing: 1001/2317 (43.2%) - 0 fixings, 0 aggregations, 57282 implications, 0 bound changes
   (0.6s) probing aborted: 1000/1000 successive useless probings
   (0.6s) symmetry computation started: requiring (bin +, int +, cont +), (fixed: bin -, int -, cont -)
   Symmetry detection interrupted: constraints of type chancecons do not provide symmetry information.
   If symmetries shall be detected, implement the CONSGETPERMSYMGRAPH callback.
   (0.6s) could not compute symmetry
presolving (5 rounds: 5 fast, 3 medium, 2 exhaustive):
 28 deleted vars, 104 deleted constraints, 0 added constraints, 27 tightened bounds, 0 added holes, 0 changed sides, 0 changed coefficients
 5629 implications, 14040 cliques
presolved problem has 2390 variables (2317 bin, 0 int, 0 impl, 73 cont) and 5633 constraints
      1 constraints of type <chancecons>
   5577 constraints of type <varbound>
     55 constraints of type <linear>
Presolving Time: 0.57

 time | node  | left  |LP iter|LP it/n|mem/heur|mdpt |vars |cons |rows |cuts |sepa|confs|strbr|  dualbound   | primalbound  |  gap   | compl. 
p 0.7s|     1 |     0 |    44 |     - |   locks|   0 |2390 |5633 |5632 |   0 |  0 |   0 |   0 | 0.000000e+00 | 2.600759e+05 |    Inf | unknown
p 0.9s|     1 |     0 |   133 |     - | vbounds|   0 |2390 |5633 |5632 |   0 |  0 |   0 |   0 | 0.000000e+00 | 2.580939e+05 |    Inf | unknown
p 1.1s|     1 |     0 |   175 |     - | vbounds|   0 |2390 |5633 |5632 |   0 |  0 |   0 |   0 | 0.000000e+00 | 2.568359e+05 |    Inf | unknown
  1.5s|     1 |     0 |  2150 |     - |   206M |   0 |2390 |5634 |5632 |   0 |  0 |   1 |   0 | 2.507450e+05 | 2.568359e+05 |   2.43%| unknown
  1.7s|     1 |     0 |  2290 |     - |   208M |   0 |2390 |5634 |5675 |  43 |  1 |   1 |   0 | 2.509594e+05 | 2.568359e+05 |   2.34%| unknown
  1.8s|     1 |     0 |  2390 |     - |   209M |   0 |2390 |5634 |5715 |  83 |  2 |   1 |   0 | 2.510955e+05 | 2.568359e+05 |   2.29%| unknown
  2.0s|     1 |     0 |  2526 |     - |   210M |   0 |2390 |5634 |5786 | 154 |  3 |   1 |   0 | 2.512595e+05 | 2.568359e+05 |   2.22%| unknown
  2.1s|     1 |     0 |  2868 |     - |   211M |   0 |2390 |5634 |5854 | 222 |  4 |   1 |   0 | 2.515570e+05 | 2.568359e+05 |   2.10%| unknown
  2.3s|     1 |     0 |  3180 |     - |   213M |   0 |2390 |5634 |5947 | 315 |  5 |   1 |   0 | 2.517683e+05 | 2.568359e+05 |   2.01%| unknown
  2.4s|     1 |     0 |  3480 |     - |   214M |   0 |2390 |5634 |6045 | 413 |  6 |   1 |   0 | 2.520438e+05 | 2.568359e+05 |   1.90%| unknown
  2.6s|     1 |     0 |  3681 |     - |   215M |   0 |2390 |5634 |6136 | 504 |  7 |   1 |   0 | 2.522655e+05 | 2.568359e+05 |   1.81%| unknown
  2.8s|     1 |     0 |  4094 |     - |   216M |   0 |2390 |5634 |6236 | 604 |  8 |   1 |   0 | 2.525174e+05 | 2.568359e+05 |   1.71%| unknown
  3.0s|     1 |     0 |  4534 |     - |   218M |   0 |2390 |5634 |6357 | 725 |  9 |   1 |   0 | 2.529204e+05 | 2.568359e+05 |   1.55%| unknown
  3.2s|     1 |     0 |  5027 |     - |   219M |   0 |2390 |5634 |6485 | 853 | 10 |   1 |   0 | 2.531594e+05 | 2.568359e+05 |   1.45%| unknown
  3.4s|     1 |     0 |  5401 |     - |   220M |   0 |2390 |5634 |6591 | 959 | 11 |   1 |   0 | 2.533140e+05 | 2.568359e+05 |   1.39%| unknown
 time | node  | left  |LP iter|LP it/n|mem/heur|mdpt |vars |cons |rows |cuts |sepa|confs|strbr|  dualbound   | primalbound  |  gap   | compl. 
  3.6s|     1 |     0 |  5895 |     - |   221M |   0 |2390 |5634 |6685 |1056 | 12 |   1 |   0 | 2.535184e+05 | 2.568359e+05 |   1.31%| unknown
  3.8s|     1 |     0 |  6418 |     - |   222M |   0 |2390 |5634 |6790 |1161 | 13 |   1 |   0 | 2.536577e+05 | 2.568359e+05 |   1.25%| unknown
  4.0s|     1 |     0 |  6933 |     - |   223M |   0 |2390 |5634 |6906 |1277 | 14 |   1 |   0 | 2.537946e+05 | 2.568359e+05 |   1.20%| unknown
  4.1s|     1 |     0 |  7418 |     - |   225M |   0 |2390 |5634 |7013 |1384 | 15 |   1 |   0 | 2.539095e+05 | 2.568359e+05 |   1.15%| unknown
  4.3s|     1 |     0 |  7975 |     - |   226M |   0 |2390 |5634 |7121 |1492 | 16 |   1 |   0 | 2.540182e+05 | 2.568359e+05 |   1.11%| unknown
  4.5s|     1 |     0 |  8439 |     - |   228M |   0 |2390 |5634 |7217 |1588 | 17 |   1 |   0 | 2.540855e+05 | 2.568359e+05 |   1.08%| unknown
  4.8s|     1 |     0 |  8932 |     - |   229M |   0 |2390 |5634 |7204 |1688 | 18 |   1 |   0 | 2.541475e+05 | 2.568359e+05 |   1.06%| unknown
  5.0s|     1 |     0 |  9365 |     - |   230M |   0 |2390 |5634 |7292 |1776 | 19 |   1 |   0 | 2.542104e+05 | 2.568359e+05 |   1.03%| unknown
  5.2s|     1 |     0 |  9803 |     - |   232M |   0 |2390 |5634 |7369 |1853 | 20 |   1 |   0 | 2.542532e+05 | 2.568359e+05 |   1.02%| unknown
  5.5s|     1 |     0 | 10568 |     - |   233M |   0 |2390 |5634 |7463 |1947 | 21 |   1 |   0 | 2.543457e+05 | 2.568359e+05 |   0.98%| unknown
  5.7s|     1 |     0 | 11085 |     - |   233M |   0 |2390 |5634 |7549 |2033 | 22 |   1 |   0 | 2.544016e+05 | 2.568359e+05 |   0.96%| unknown
  5.9s|     1 |     0 | 11561 |     - |   233M |   0 |2390 |5634 |7629 |2113 | 23 |   1 |   0 | 2.544423e+05 | 2.568359e+05 |   0.94%| unknown
  6.3s|     1 |     0 | 12334 |     - |   234M |   0 |2390 |5634 |7456 |2213 | 24 |   1 |   0 | 2.544903e+05 | 2.568359e+05 |   0.92%| unknown
  6.6s|     1 |     0 | 13171 |     - |   234M |   0 |2390 |5634 |7533 |2290 | 25 |   1 |   0 | 2.545459e+05 | 2.568359e+05 |   0.90%| unknown
  6.9s|     1 |     0 | 13910 |     - |   235M |   0 |2390 |5634 |7606 |2363 | 26 |   1 |   0 | 2.545777e+05 | 2.568359e+05 |   0.89%| unknown
 time | node  | left  |LP iter|LP it/n|mem/heur|mdpt |vars |cons |rows |cuts |sepa|confs|strbr|  dualbound   | primalbound  |  gap   | compl. 
  7.2s|     1 |     0 | 14553 |     - |   236M |   0 |2390 |5634 |7680 |2437 | 27 |   1 |   0 | 2.546129e+05 | 2.568359e+05 |   0.87%| unknown
  7.4s|     1 |     0 | 15073 |     - |   237M |   0 |2390 |5634 |7742 |2499 | 28 |   1 |   0 | 2.546324e+05 | 2.568359e+05 |   0.87%| unknown
  7.8s|     1 |     0 | 16039 |     - |   237M |   0 |2390 |5634 |7806 |2563 | 29 |   1 |   0 | 2.546842e+05 | 2.568359e+05 |   0.84%| unknown
  8.2s|     1 |     0 | 17033 |     - |   237M |   0 |2390 |5634 |7514 |2640 | 30 |   1 |   0 | 2.547306e+05 | 2.568359e+05 |   0.83%| unknown
  8.5s|     1 |     0 | 17865 |     - |   238M |   0 |2390 |5634 |7583 |2709 | 31 |   1 |   0 | 2.547655e+05 | 2.568359e+05 |   0.81%| unknown
  8.9s|     1 |     0 | 18711 |     - |   239M |   0 |2390 |5634 |7651 |2777 | 32 |   1 |   0 | 2.547926e+05 | 2.568359e+05 |   0.80%| unknown
  9.2s|     1 |     0 | 19282 |     - |   241M |   0 |2390 |5634 |7702 |2828 | 33 |   1 |   0 | 2.548106e+05 | 2.568359e+05 |   0.79%| unknown
  9.4s|     1 |     0 | 19823 |     - |   241M |   0 |2390 |5634 |7753 |2879 | 34 |   1 |   0 | 2.548309e+05 | 2.568359e+05 |   0.79%| unknown
  9.8s|     1 |     0 | 20576 |     - |   242M |   0 |2390 |5634 |7799 |2925 | 35 |   1 |   0 | 2.548561e+05 | 2.568359e+05 |   0.78%| unknown
 10.0s|     1 |     0 | 21216 |     - |   242M |   0 |2390 |5634 |7433 |2988 | 36 |   1 |   0 | 2.548703e+05 | 2.568359e+05 |   0.77%| unknown
 10.4s|     1 |     0 | 22083 |     - |   242M |   0 |2390 |5634 |7487 |3042 | 37 |   1 |   0 | 2.548928e+05 | 2.568359e+05 |   0.76%| unknown
 10.7s|     1 |     0 | 22817 |     - |   242M |   0 |2390 |5634 |7539 |3094 | 38 |   1 |   0 | 2.549134e+05 | 2.568359e+05 |   0.75%| unknown
 11.1s|     1 |     0 | 23734 |     - |   243M |   0 |2390 |5634 |7596 |3151 | 39 |   1 |   0 | 2.549357e+05 | 2.568359e+05 |   0.75%| unknown
 11.5s|     1 |     0 | 24746 |     - |   243M |   0 |2390 |5634 |7659 |3214 | 40 |   1 |   0 | 2.549638e+05 | 2.568359e+05 |   0.73%| unknown
 11.9s|     1 |     0 | 25484 |     - |   244M |   0 |2390 |5634 |7713 |3268 | 41 |   1 |   0 | 2.549830e+05 | 2.568359e+05 |   0.73%| unknown
 time | node  | left  |LP iter|LP it/n|mem/heur|mdpt |vars |cons |rows |cuts |sepa|confs|strbr|  dualbound   | primalbound  |  gap   | compl. 
 12.2s|     1 |     0 | 26383 |     - |   245M |   0 |2390 |5634 |7352 |3321 | 42 |   1 |   0 | 2.550031e+05 | 2.568359e+05 |   0.72%| unknown
 12.5s|     1 |     0 | 27184 |     - |   245M |   0 |2390 |5634 |7405 |3374 | 43 |   1 |   0 | 2.550222e+05 | 2.568359e+05 |   0.71%| unknown
 12.8s|     1 |     0 | 27740 |     - |   245M |   0 |2390 |5634 |7462 |3431 | 44 |   1 |   0 | 2.550323e+05 | 2.568359e+05 |   0.71%| unknown
 13.2s|     1 |     0 | 28513 |     - |   246M |   0 |2390 |5634 |7506 |3475 | 45 |   1 |   0 | 2.550458e+05 | 2.568359e+05 |   0.70%| unknown
 13.6s|     1 |     0 | 29212 |     - |   246M |   0 |2390 |5634 |7554 |3523 | 46 |   1 |   0 | 2.550590e+05 | 2.568359e+05 |   0.70%| unknown
 13.9s|     1 |     0 | 29881 |     - |   246M |   0 |2390 |5634 |7601 |3570 | 47 |   1 |   0 | 2.550690e+05 | 2.568359e+05 |   0.69%| unknown
 14.2s|     1 |     0 | 30501 |     - |   247M |   0 |2390 |5634 |7358 |3607 | 48 |   1 |   0 | 2.550804e+05 | 2.568359e+05 |   0.69%| unknown
 14.6s|     1 |     0 | 31267 |     - |   247M |   0 |2390 |5634 |7399 |3648 | 49 |   1 |   0 | 2.550914e+05 | 2.568359e+05 |   0.68%| unknown
 15.0s|     1 |     0 | 32200 |     - |   247M |   0 |2390 |5634 |7436 |3685 | 50 |   1 |   0 | 2.551031e+05 | 2.568359e+05 |   0.68%| unknown
L20.0s|     1 |     0 | 40656 |     - |    rens|   0 |2390 |5635 |7436 |3685 | 50 |   2 |   0 | 2.551031e+05 | 2.558892e+05 |   0.31%| unknown
 20.1s|     1 |     0 | 40656 |     - |   248M |   0 |2390 |5635 |7436 |3685 | 50 |   2 |   0 | 2.551031e+05 | 2.558892e+05 |   0.31%| unknown
 20.4s|     1 |     0 | 41421 |     - |   248M |   0 |2390 |5636 |7482 |3731 | 51 |   3 |   0 | 2.551144e+05 | 2.558892e+05 |   0.30%| unknown
 20.6s|     1 |     0 | 41742 |     - |   248M |   0 |2390 |5636 |7519 |3768 | 52 |   3 |   0 | 2.551158e+05 | 2.558892e+05 |   0.30%| unknown
 26.9s|     1 |     2 | 41742 |     - |   248M |   0 |2390 |5636 |7519 |3768 | 52 |   3 |  27 | 2.551540e+05 | 2.558892e+05 |   0.29%| unknown
 62.0s|   100 |    27 | 73228 | 405.4 |   263M |  20 |2390 |5646 |6835 |5676 |  1 |  36 | 506 | 2.551602e+05 | 2.558892e+05 |   0.29%|  10.45%
 time | node  | left  |LP iter|LP it/n|mem/heur|mdpt |vars |cons |rows |cuts |sepa|confs|strbr|  dualbound   | primalbound  |  gap   | compl. 
*63.9s|   182 |    51 | 76899 | 242.0 |    LP  |  38 |2390 |5646 |6885 |6005 |  1 |  39 | 525 | 2.551602e+05 | 2.558271e+05 |   0.26%|  10.45%
 64.1s|   200 |    59 | 77616 | 223.8 |   266M |  38 |2390 |5646 |6890 |6081 |  0 |  39 | 525 | 2.551602e+05 | 2.558271e+05 |   0.26%|  10.60%
 69.5s|   300 |   107 | 94883 | 206.7 |   269M |  42 |2390 |5646 |6874 |6266 |  2 |  39 | 550 | 2.551695e+05 | 2.558271e+05 |   0.26%|  13.88%
L71.6s|   382 |    32 |100349 | 176.5 |crossove|  44 |2390 |5653 |6901 |6394 |  1 |  46 | 550 | 2.551976e+05 | 2.557331e+05 |   0.21%|  15.96%
 72.3s|   400 |    36 |103942 | 177.6 |   272M |  44 |2390 |5653 |6918 |6513 |  1 |  46 | 550 | 2.551976e+05 | 2.557331e+05 |   0.21%|  17.09%
 78.2s|   500 |    50 |124541 | 183.3 |   273M |  44 |2390 |5653 |6920 |6632 |  0 |  48 | 573 | 2.552305e+05 | 2.557331e+05 |   0.20%|  19.20%
*85.7s|   575 |    57 |150013 | 203.7 |    LP  |  44 |2390 |5662 |6843 |7006 |  1 |  59 | 634 | 2.552363e+05 | 2.557239e+05 |   0.19%|  20.64%
*86.2s|   590 |    54 |151172 | 200.5 |    LP  |  44 |2390 |5662 |6864 |7035 |  2 |  59 | 644 | 2.552363e+05 | 2.556872e+05 |   0.18%|  20.77%
 87.5s|   600 |    54 |155351 | 204.1 |   278M |  44 |2390 |5661 |   0 |7127 |  0 |  60 | 655 | 2.552363e+05 | 2.556872e+05 |   0.18%|  22.15%
*89.3s|   653 |    76 |162017 | 197.7 |    LP  |  44 |2390 |5661 |6775 |7216 |  2 |  60 | 670 | 2.552363e+05 | 2.556467e+05 |   0.16%|  23.10%
 92.8s|   700 |    77 |173111 | 200.3 |   284M |  49 |2390 |5633 |6806 |7381 |  2 |  62 | 681 | 2.552363e+05 | 2.556467e+05 |   0.16%|  25.25%
 94.6s|   800 |    79 |177142 | 180.3 |   288M |  49 |2390 |5635 |6804 |7533 |  1 |  64 | 769 | 2.552509e+05 | 2.556467e+05 |   0.16%|  27.25%
*98.8s|   819 |    82 |201537 | 205.9 |    LP  |  49 |2390 |5635 |6800 |7781 |  1 |  64 | 780 | 2.552753e+05 | 2.556437e+05 |   0.14%|  28.46%
  106s|   900 |    73 |224948 | 213.4 |   293M |  49 |2390 |5638 |6789 |8354 |  4 |  67 | 822 | 2.552944e+05 | 2.556437e+05 |   0.14%|  32.69%
Restart triggered after 50 consecutive estimations that the remaining tree will be large
(run 1, node 932) performing user restart

(restart) converted 855 cuts from the global cut pool into linear constraints

presolving:
(round 1, fast)       4 del vars, 0 del conss, 0 add conss, 21 chg bounds, 0 chg sides, 256 chg coeffs, 0 upgd conss, 5629 impls, 13940 clqs
(round 2, exhaustive) 4 del vars, 0 del conss, 0 add conss, 28 chg bounds, 0 chg sides, 256 chg coeffs, 673 upgd conss, 5629 impls, 13940 clqs
presolving (3 rounds: 3 fast, 2 medium, 2 exhaustive):
 4 deleted vars, 0 deleted constraints, 0 added constraints, 28 tightened bounds, 0 added holes, 0 changed sides, 256 changed coefficients
 5629 implications, 13940 cliques
presolved problem has 2386 variables (2314 bin, 0 int, 0 impl, 72 cont) and 6496 constraints
      1 constraints of type <chancecons>
   5551 constraints of type <varbound>
    673 constraints of type <setppc>
    239 constraints of type <linear>
      5 constraints of type <logicor>
     27 constraints of type <bounddisjunction>
Presolving Time: 0.62
transformed 13/13 original solutions to the transformed problem space

 time | node  | left  |LP iter|LP it/n|mem/heur|mdpt |vars |cons |rows |cuts |sepa|confs|strbr|  dualbound   | primalbound  |  gap   | compl. 
  108s|     1 |     0 |235458 |     - |   284M |   0 |2386 |6496 |6459 |   0 |  0 |  70 | 822 | 2.552944e+05 | 2.556437e+05 |   0.14%| unknown
  108s|     1 |     0 |236956 |     - |   286M |   0 |2386 |6496 |6616 | 157 |  1 |  70 | 822 | 2.552944e+05 | 2.556437e+05 |   0.14%| unknown
  109s|     1 |     0 |237977 |     - |   287M |   0 |2386 |6496 |6735 | 276 |  2 |  70 | 822 | 2.552944e+05 | 2.556437e+05 |   0.14%| unknown
  109s|     1 |     0 |238938 |     - |   288M |   0 |2386 |6496 |6820 | 361 |  3 |  70 | 822 | 2.552944e+05 | 2.556437e+05 |   0.14%| unknown
  109s|     1 |     0 |240104 |     - |   289M |   0 |2386 |6496 |6888 | 429 |  4 |  70 | 822 | 2.552944e+05 | 2.556437e+05 |   0.14%| unknown
  110s|     1 |     0 |241248 |     - |   289M |   0 |2386 |6496 |6946 | 487 |  5 |  70 | 822 | 2.552944e+05 | 2.556437e+05 |   0.14%| unknown
  110s|     1 |     0 |242612 |     - |   291M |   0 |2386 |6496 |7010 | 551 |  6 |  70 | 822 | 2.552944e+05 | 2.556437e+05 |   0.14%| unknown
  110s|     1 |     0 |243374 |     - |   292M |   0 |2386 |6496 |7071 | 612 |  7 |  70 | 822 | 2.552944e+05 | 2.556437e+05 |   0.14%| unknown
  111s|     1 |     0 |244507 |     - |   293M |   0 |2386 |6496 |7115 | 656 |  8 |  70 | 822 | 2.552944e+05 | 2.556437e+05 |   0.14%| unknown
  111s|     1 |     0 |245502 |     - |   293M |   0 |2386 |6496 |7166 | 707 |  9 |  70 | 822 | 2.552944e+05 | 2.556437e+05 |   0.14%| unknown
  112s|     1 |     0 |246489 |     - |   294M |   0 |2386 |6496 |7210 | 751 | 10 |  70 | 822 | 2.552944e+05 | 2.556437e+05 |   0.14%| unknown
  112s|     1 |     0 |247650 |     - |   295M |   0 |2386 |6496 |7240 | 781 | 11 |  70 | 822 | 2.552944e+05 | 2.556437e+05 |   0.14%| unknown
  112s|     1 |     0 |248266 |     - |   296M |   0 |2386 |6496 |7096 | 813 | 12 |  70 | 822 | 2.552944e+05 | 2.556437e+05 |   0.14%| unknown
  113s|     1 |     0 |249264 |     - |   296M |   0 |2386 |6496 |7126 | 843 | 13 |  70 | 822 | 2.552944e+05 | 2.556437e+05 |   0.14%| unknown
  113s|     1 |     0 |250125 |     - |   297M |   0 |2386 |6496 |7165 | 882 | 14 |  70 | 822 | 2.552944e+05 | 2.556437e+05 |   0.14%| unknown
 time | node  | left  |LP iter|LP it/n|mem/heur|mdpt |vars |cons |rows |cuts |sepa|confs|strbr|  dualbound   | primalbound  |  gap   | compl. 
  113s|     1 |     0 |251156 |     - |   298M |   0 |2386 |6496 |7191 | 908 | 15 |  70 | 822 | 2.552944e+05 | 2.556437e+05 |   0.14%| unknown
  114s|     1 |     0 |252218 |     - |   299M |   0 |2386 |6496 |7220 | 937 | 16 |  70 | 822 | 2.552944e+05 | 2.556437e+05 |   0.14%| unknown
  114s|     1 |     0 |252970 |     - |   300M |   0 |2386 |6496 |7250 | 967 | 17 |  70 | 822 | 2.552944e+05 | 2.556437e+05 |   0.14%| unknown
  114s|     1 |     0 |253640 |     - |   301M |   0 |2386 |6496 |7058 | 991 | 18 |  70 | 822 | 2.552944e+05 | 2.556437e+05 |   0.14%| unknown
  114s|     1 |     0 |254697 |     - |   302M |   0 |2386 |6496 |7081 |1014 | 19 |  70 | 822 | 2.552944e+05 | 2.556437e+05 |   0.14%| unknown
  115s|     1 |     0 |255693 |     - |   303M |   0 |2386 |6496 |7112 |1045 | 20 |  70 | 822 | 2.552944e+05 | 2.556437e+05 |   0.14%| unknown
  115s|     1 |     0 |256894 |     - |   303M |   0 |2386 |6496 |7148 |1081 | 21 |  70 | 822 | 2.552944e+05 | 2.556437e+05 |   0.14%| unknown
  115s|     1 |     0 |257617 |     - |   303M |   0 |2386 |6496 |7174 |1107 | 22 |  70 | 822 | 2.552944e+05 | 2.556437e+05 |   0.14%| unknown
  116s|     1 |     0 |258812 |     - |   303M |   0 |2386 |6496 |7206 |1139 | 23 |  70 | 822 | 2.552944e+05 | 2.556437e+05 |   0.14%| unknown
  123s|     1 |     2 |261988 |     - |   303M |   0 |2386 |6496 |7206 |1139 | 23 |  70 | 839 | 2.552944e+05 | 2.556437e+05 |   0.14%| unknown
  147s|   100 |    19 |329468 | 255.7 |   329M |  20 |2386 |6496 |6648 |3111 |  2 |  76 | 967 | 2.552944e+05 | 2.556437e+05 |   0.14%|   0.39%
  154s|   200 |    31 |355101 | 255.8 |   334M |  20 |2386 |6496 |6793 |3550 |  3 |  79 |1003 | 2.552944e+05 | 2.556437e+05 |   0.14%|   1.07%
  166s|   300 |    35 |395886 | 268.1 |   345M |  20 |2386 |6496 |6761 |4460 |  1 |  91 |1077 | 2.552944e+05 | 2.556437e+05 |   0.14%|   4.02%
* 171s|   342 |    35 |413402 | 273.0 |    LP  |  20 |2386 |6495 |6730 |4925 |  2 |  91 |1098 | 2.552944e+05 | 2.556331e+05 |   0.13%|   4.81%
  172s|   400 |    45 |419250 | 265.5 |   350M |  28 |2386 |6494 |6745 |4958 |  1 |  92 |1112 | 2.552944e+05 | 2.556331e+05 |   0.13%|   8.87%
 time | node  | left  |LP iter|LP it/n|mem/heur|mdpt |vars |cons |rows |cuts |sepa|confs|strbr|  dualbound   | primalbound  |  gap   | compl. 
  181s|   500 |    31 |457400 | 273.6 |   356M |  29 |2386 |6499 |6538 |5376 |  1 | 103 |1166 | 2.552944e+05 | 2.556331e+05 |   0.13%|  26.60%
  195s|   600 |    17 |502443 | 285.2 |   366M |  29 |2386 |6498 |6773 |6596 |  1 | 108 |1237 | 2.552944e+05 | 2.556331e+05 |   0.13%|  62.22%
  205s|   700 |    27 |535451 | 287.9 |   366M |  29 |2386 |6501 |6753 |6886 |  1 | 111 |1309 | 2.552944e+05 | 2.556331e+05 |   0.13%|  64.68%
  214s|   800 |    27 |566266 | 289.1 |   371M |  29 |2386 |6503 |6626 |7568 |  2 | 117 |1376 | 2.552944e+05 | 2.556331e+05 |   0.13%|  69.17%
  221s|   900 |    35 |592452 | 287.6 |   371M |  29 |2386 |6502 |6672 |8157 |  0 | 120 |1408 | 2.552944e+05 | 2.556331e+05 |   0.13%|  70.13%
  226s|  1000 |    35 |610991 | 282.3 |   374M |  29 |2386 |6513 |6648 |8475 |  2 | 131 |1457 | 2.552944e+05 | 2.556331e+05 |   0.13%|  70.31%
  230s|  1100 |    27 |625322 | 275.5 |   374M |  29 |2386 |6518 |6660 |8729 |  0 | 137 |1497 | 2.552944e+05 | 2.556331e+05 |   0.13%|  70.38%
  238s|  1200 |    31 |657806 | 277.8 |   376M |  29 |2386 |6529 |6710 |9181 |  0 | 148 |1565 | 2.552944e+05 | 2.556331e+05 |   0.13%|  70.57%
  244s|  1300 |    37 |680579 | 275.5 |   376M |  29 |2386 |6537 |   0 |9624 |  0 | 158 |1649 | 2.552944e+05 | 2.556331e+05 |   0.13%|  70.58%
  252s|  1400 |    33 |706550 | 274.9 |   378M |  29 |2386 |6554 |   0 |  10k|  0 | 175 |1743 | 2.553008e+05 | 2.556331e+05 |   0.13%|  72.04%
  258s|  1500 |    21 |726804 | 271.9 |   379M |  30 |2386 |6575 |6793 |  10k|  8 | 198 |1839 | 2.553008e+05 | 2.556331e+05 |   0.13%|  74.85%
  266s|  1600 |    15 |756237 | 272.8 |   380M |  30 |2386 |6582 |6722 |  11k|  1 | 206 |1932 | 2.554025e+05 | 2.556331e+05 |   0.09%|  83.90%

SCIP Status        : problem is solved [optimal solution found]
Solving Time (sec) : 270.41
Solving Nodes      : 1623 (total of 2555 nodes in 2 runs)
Primal Bound       : +2.55633058000000e+05 (25 solutions)
Dual Bound         : +2.55633058000000e+05
Gap                : 0.00 %

primal solution (original space):
=================================

objective value:                           255633.058
z#1                                                 1 	(obj:0)
z#5                                                 1 	(obj:0)
z#34                                                1 	(obj:0)
z#41                                                1 	(obj:0)
z#42                                                1 	(obj:0)
z#52                                                1 	(obj:0)
z#56                                                1 	(obj:0)
z#79                                                1 	(obj:0)
z#116                                               1 	(obj:0)
z#129                                               1 	(obj:0)
z#133                                               1 	(obj:0)
z#135                                               1 	(obj:0)
z#143                                               1 	(obj:0)
z#144                                               1 	(obj:0)
z#156                                               1 	(obj:0)
z#158                                               1 	(obj:0)
z#161                                               1 	(obj:0)
z#175                                               1 	(obj:0)
z#176                                               1 	(obj:0)
z#195                                               1 	(obj:0)
z#201                                               1 	(obj:0)
z#225                                               1 	(obj:0)
z#226                                               1 	(obj:0)
z#228                                               1 	(obj:0)
z#230                                               1 	(obj:0)
z#234                                               1 	(obj:0)
z#236                                               1 	(obj:0)
z#237                                               1 	(obj:0)
z#245                                               1 	(obj:0)
z#278                                               1 	(obj:0)
z#279                                               1 	(obj:0)
z#288                                               1 	(obj:0)
z#291                                               1 	(obj:0)
z#313                                               1 	(obj:0)
z#327                                               1 	(obj:0)
z#328                                               1 	(obj:0)
z#337                                               1 	(obj:0)
z#340                                               1 	(obj:0)
z#342                                               1 	(obj:0)
z#350                                               1 	(obj:0)
z#360                                               1 	(obj:0)
z#364                                               1 	(obj:0)
z#368                                               1 	(obj:0)
z#369                                               1 	(obj:0)
z#370                                               1 	(obj:0)
z#375                                               1 	(obj:0)
z#389                                               1 	(obj:0)
z#393                                               1 	(obj:0)
z#404                                               1 	(obj:0)
z#406                                               1 	(obj:0)
z#412                                               1 	(obj:0)
z#416                                               1 	(obj:0)
z#425                                               1 	(obj:0)
z#428                                               1 	(obj:0)
z#435                                               1 	(obj:0)
z#446                                               1 	(obj:0)
z#448                                               1 	(obj:0)
z#458                                               1 	(obj:0)
z#466                                               1 	(obj:0)
z#477                                               1 	(obj:0)
z#489                                               1 	(obj:0)
z#494                                               1 	(obj:0)
z#499                                               1 	(obj:0)
z#503                                               1 	(obj:0)
z#514                                               1 	(obj:0)
z#521                                               1 	(obj:0)
z#528                                               1 	(obj:0)
z#530                                               1 	(obj:0)
z#540                                               1 	(obj:0)
z#545                                               1 	(obj:0)
z#557                                               1 	(obj:0)
z#560                                               1 	(obj:0)
z#566                                               1 	(obj:0)
z#567                                               1 	(obj:0)
z#568                                               1 	(obj:0)
z#569                                               1 	(obj:0)
z#570                                               1 	(obj:0)
z#571                                               1 	(obj:0)
z#586                                               1 	(obj:0)
z#598                                               1 	(obj:0)
z#602                                               1 	(obj:0)
z#604                                               1 	(obj:0)
z#608                                               1 	(obj:0)
z#643                                               1 	(obj:0)
z#647                                               1 	(obj:0)
z#662                                               1 	(obj:0)
z#672                                               1 	(obj:0)
z#683                                               1 	(obj:0)
z#689                                               1 	(obj:0)
z#690                                               1 	(obj:0)
z#699                                               1 	(obj:0)
z#705                               0.999999999999899 	(obj:0)
z#706                                               1 	(obj:0)
z#727                                               1 	(obj:0)
z#743                                               1 	(obj:0)
z#755                                               1 	(obj:0)
z#774                                               1 	(obj:0)
z#779                                               1 	(obj:0)
z#790                                               1 	(obj:0)
z#799                                               1 	(obj:0)
z#808                                               1 	(obj:0)
z#810                                               1 	(obj:0)
z#811                                               1 	(obj:0)
z#822                                               1 	(obj:0)
z#827                                               1 	(obj:0)
z#828                                               1 	(obj:0)
z#829                                               1 	(obj:0)
z#842                                               1 	(obj:0)
z#855                                               1 	(obj:0)
z#870                                               1 	(obj:0)
z#872                                               1 	(obj:0)
z#883                                               1 	(obj:0)
z#889                                               1 	(obj:0)
z#894                                               1 	(obj:0)
z#903                                               1 	(obj:0)
z#904                                               1 	(obj:0)
z#909                                               1 	(obj:0)
z#916                                               1 	(obj:0)
z#931                                               1 	(obj:0)
z#934                                               1 	(obj:0)
z#957                                               1 	(obj:0)
z#969                                               1 	(obj:0)
z#984                                               1 	(obj:0)
z#994                                               1 	(obj:0)
z#1006                                              1 	(obj:0)
z#1008                                              1 	(obj:0)
z#1021                                              1 	(obj:0)
z#1026                                              1 	(obj:0)
z#1042                                              1 	(obj:0)
z#1050                                              1 	(obj:0)
z#1063                                              1 	(obj:0)
z#1069                                              1 	(obj:0)
z#1080                                              1 	(obj:0)
z#1088                                              1 	(obj:0)
z#1089                                              1 	(obj:0)
z#1090                                              1 	(obj:0)
z#1102                                              1 	(obj:0)
z#1107                                              1 	(obj:0)
z#1109                                              1 	(obj:0)
z#1117                                              1 	(obj:0)
z#1118                                              1 	(obj:0)
z#1119                                              1 	(obj:0)
z#1155                                              1 	(obj:0)
z#1166                                              1 	(obj:0)
z#1171                                              1 	(obj:0)
z#1180                                              1 	(obj:0)
z#1195                                              1 	(obj:0)
z#1209                                              1 	(obj:0)
z#1215                                              1 	(obj:0)
z#1224                                              1 	(obj:0)
z#1232                                              1 	(obj:0)
z#1238                                              1 	(obj:0)
z#1247                                              1 	(obj:0)
z#1268                                              1 	(obj:0)
z#1269                                              1 	(obj:0)
z#1279                                              1 	(obj:0)
z#1301                                              1 	(obj:0)
z#1304                                              1 	(obj:0)
z#1316                                              1 	(obj:0)
z#1323                                              1 	(obj:0)
z#1325                                              1 	(obj:0)
z#1327                                              1 	(obj:0)
z#1334                                              1 	(obj:0)
z#1343                                              1 	(obj:0)
z#1344                                              1 	(obj:0)
z#1345                                              1 	(obj:0)
z#1360                                              1 	(obj:0)
z#1379                                              1 	(obj:0)
z#1390                                              1 	(obj:0)
z#1391                              0.999999999999899 	(obj:0)
z#1399                                              1 	(obj:0)
z#1406                                              1 	(obj:0)
z#1416                                              1 	(obj:0)
z#1437                                              1 	(obj:0)
z#1445                                              1 	(obj:0)
z#1450                                              1 	(obj:0)
z#1455                                              1 	(obj:0)
z#1460                                              1 	(obj:0)
z#1464                                              1 	(obj:0)
z#1470                                              1 	(obj:0)
z#1473                                              1 	(obj:0)
z#1479                                              1 	(obj:0)
z#1485                                              1 	(obj:0)
z#1492                                              1 	(obj:0)
z#1494                                              1 	(obj:0)
z#1495                                              1 	(obj:0)
z#1500                                              1 	(obj:0)
z#1520                                              1 	(obj:0)
z#1528                                              1 	(obj:0)
z#1531                                              1 	(obj:0)
z#1541                                              1 	(obj:0)
z#1549                              0.999999999999899 	(obj:0)
z#1551                                              1 	(obj:0)
z#1552                                              1 	(obj:0)
z#1555                                              1 	(obj:0)
z#1561                                              1 	(obj:0)
z#1588                                              1 	(obj:0)
z#1590                                              1 	(obj:0)
z#1598                                              1 	(obj:0)
z#1600                                              1 	(obj:0)
z#1608                                              1 	(obj:0)
z#1621                                              1 	(obj:0)
z#1639                                              1 	(obj:0)
z#1658                                              1 	(obj:0)
z#1662                                              1 	(obj:0)
z#1667                                              1 	(obj:0)
z#1683                                              1 	(obj:0)
z#1689                                              1 	(obj:0)
z#1691                                              1 	(obj:0)
z#1694                                              1 	(obj:0)
z#1703                                              1 	(obj:0)
z#1705                                              1 	(obj:0)
z#1711                                              1 	(obj:0)
z#1717                                              1 	(obj:0)
z#1722                                              1 	(obj:0)
z#1725                                              1 	(obj:0)
z#1729                                              1 	(obj:0)
z#1732                                              1 	(obj:0)
z#1736                                              1 	(obj:0)
z#1738                                              1 	(obj:0)
z#1743                                              1 	(obj:0)
z#1776                                              1 	(obj:0)
z#1780                                              1 	(obj:0)
z#1785                                              1 	(obj:0)
z#1801                                              1 	(obj:0)
z#1825                                              1 	(obj:0)
z#1826                                              1 	(obj:0)
z#1840                                              1 	(obj:0)
z#1852                                              1 	(obj:0)
z#1874                                              1 	(obj:0)
z#1882                                              1 	(obj:0)
z#1889                                              1 	(obj:0)
z#1893                                              1 	(obj:0)
z#1897                                              1 	(obj:0)
z#1908                                              1 	(obj:0)
z#1922                                              1 	(obj:0)
z#1924                                              1 	(obj:0)
z#1934                                              1 	(obj:0)
z#1939                                              1 	(obj:0)
z#1940                                              1 	(obj:0)
z#1946                                              1 	(obj:0)
z#1955                                              1 	(obj:0)
z#1962                                              1 	(obj:0)
z#1968                                              1 	(obj:0)
z#1975                                              1 	(obj:0)
z#1980                                              1 	(obj:0)
z#1985                                              1 	(obj:0)
z#2006                                              1 	(obj:0)
z#2013                                              1 	(obj:0)
z#2017                                              1 	(obj:0)
z#2033                                              1 	(obj:0)
z#2048                                              1 	(obj:0)
z#2050                                              1 	(obj:0)
z#2053                                              1 	(obj:0)
z#2054                                              1 	(obj:0)
z#2063                                              1 	(obj:0)
z#2070                                              1 	(obj:0)
z#2094                                              1 	(obj:0)
z#2099                                              1 	(obj:0)
z#2103                                              1 	(obj:0)
z#2110                                              1 	(obj:0)
z#2118                                              1 	(obj:0)
z#2121                                              1 	(obj:0)
z#2135                                              1 	(obj:0)
z#2140                                              1 	(obj:0)
z#2151                                              1 	(obj:0)
z#2154                                              1 	(obj:0)
z#2158                                              1 	(obj:0)
z#2178                                              1 	(obj:0)
z#2184                                              1 	(obj:0)
z#2186                                              1 	(obj:0)
z#2197                                              1 	(obj:0)
z#2204                                              1 	(obj:0)
z#2210                                              1 	(obj:0)
z#2215                                              1 	(obj:0)
z#2227                                              1 	(obj:0)
z#2236                                              1 	(obj:0)
z#2240                                              1 	(obj:0)
z#2251                                              1 	(obj:0)
z#2260                                              1 	(obj:0)
z#2271                                              1 	(obj:0)
z#2281                                              1 	(obj:0)
z#2283                                              1 	(obj:0)
z#2312                                              1 	(obj:0)
z#2315                                              1 	(obj:0)
z#2316                                              1 	(obj:0)
x#0                                  438.253000000012 	(obj:299)
x#2                                   22.325999999988 	(obj:208)
x#4                                            21.545 	(obj:126)
x#5                                  41.3220000000002 	(obj:160)
x#10                                 113.963999999988 	(obj:153)
x#11                                 378.226000000012 	(obj:144)
y#0                                  108.746999999988 	(obj:186)
y#1                                   29.453000000012 	(obj:105)
y#14                                 108.835000000012 	(obj:114)
y#17                                 26.7649999999879 	(obj:112)
u#0                                  438.253000000012 	(obj:0)
u#1                                  438.253000000012 	(obj:0)
u#2                                           460.579 	(obj:0)
u#3                                           460.579 	(obj:0)
u#4                                           482.124 	(obj:0)
u#5                                           523.446 	(obj:0)
u#6                                           523.446 	(obj:0)
u#7                                           523.446 	(obj:0)
u#8                                           523.446 	(obj:0)
u#9                                           523.446 	(obj:0)
u#10                                 637.409999999988 	(obj:0)
u#11                                         1015.636 	(obj:0)
u#12                                         1015.636 	(obj:0)
u#13                                         1015.636 	(obj:0)
u#14                                         1015.636 	(obj:0)
u#15                                 577.382999999988 	(obj:0)
u#16                                 577.382999999988 	(obj:0)
u#17                                          555.057 	(obj:0)
u#18                                          555.057 	(obj:0)
u#19                                          533.512 	(obj:0)
v#0                                  108.746999999988 	(obj:0)
v#1                                             138.2 	(obj:0)
v#2                                             138.2 	(obj:0)
v#3                                             138.2 	(obj:0)
v#4                                             138.2 	(obj:0)
v#5                                             138.2 	(obj:0)
v#6                                             138.2 	(obj:0)
v#7                                             138.2 	(obj:0)
v#8                                             138.2 	(obj:0)
v#9                                             138.2 	(obj:0)
v#10                                  29.453000000012 	(obj:0)
v#14                                 108.835000000012 	(obj:0)
v#15                                 108.835000000012 	(obj:0)
v#16                                 108.835000000012 	(obj:0)
v#17                                            135.6 	(obj:0)
v#18                                            135.6 	(obj:0)
v#19                                            135.6 	(obj:0)
w#0                                               547 	(obj:0)
w#1                                  576.453000000012 	(obj:0)
w#2                                           598.779 	(obj:0)
w#3                                           598.779 	(obj:0)
w#4                                           620.324 	(obj:0)
w#5                                           661.646 	(obj:0)
w#6                                           661.646 	(obj:0)
w#7                                           661.646 	(obj:0)
w#8                                           661.646 	(obj:0)
w#9                                           661.646 	(obj:0)
w#10                                          666.863 	(obj:0)
w#11                                         1015.636 	(obj:0)
w#12                                         1015.636 	(obj:0)
w#13                                         1015.636 	(obj:0)
w#14                                 1124.47100000001 	(obj:0)
w#15                                          686.218 	(obj:0)
w#16                                          686.218 	(obj:0)
w#17                                          690.657 	(obj:0)
w#18                                          690.657 	(obj:0)
w#19                                          669.112 	(obj:0)

Statistics
==========

SCIP Status        : problem is solved [optimal solution found]
Total Time         :     271.34
  solving          :     270.41
  presolving       :       0.62 (included in solving)
  reading          :       0.94
  copying          :       0.48 (13 #copies) (minimal 0.04, maximal 0.04, average 0.04)
Original Problem   :
  Problem name     : CCMPPData/20-3000-4
  Variables        : 2418 (2318 binary, 0 integer, 0 implicit integer, 100 continuous)
  Constraints      : 5737 initial, 5737 maximal
  Objective        : minimize, 40 non-zeros (abs.min = 104, abs.max = 299)
Presolved Problem  :
  Problem name     : t_CCMPPData/20-3000-4
  Variables        : 2386 (2314 binary, 0 integer, 0 implicit integer, 72 continuous)
  Constraints      : 6496 initial, 6584 maximal
  Objective        : minimize, 40 non-zeros (abs.min = 1, abs.max = 299)
  Nonzeros         : 22201 constraint, 27880 clique table
Presolvers         :   ExecTime  SetupTime  Calls  FixedVars   AggrVars   ChgTypes  ChgBounds   AddHoles    DelCons    AddCons   ChgSides   ChgCoefs
  boundshift       :       0.00       0.00      0          0          0          0          0          0          0          0          0          0
  convertinttobin  :       0.00       0.00      0          0          0          0          0          0          0          0          0          0
  domcol           :       0.04       0.00      2          0          0          0          0          0          0          0          0          0
  dualagg          :       0.00       0.00      0          0          0          0          0          0          0          0          0          0
  dualcomp         :       0.01       0.00      2          0          0          0          0          0          0          0          0          0
  dualinfer        :       0.00       0.00      0          0          0          0          0          0          0          0          0          0
  dualsparsify     :       0.01       0.00      1          0          0          0          0          0          0          0          0          0
  gateextraction   :       0.00       0.00      1          0          0          0          0          0          0          0          0          0
  implics          :       0.00       0.00      5          0          0          0          0          0          0          0          0          0
  inttobinary      :       0.00       0.00      0          0          0          0          0          0          0          0          0          0
  milp             :       0.10       0.00      1          1         22          0          7          0          0          0          0          0
  qpkktref         :       0.00       0.00      0          0          0          0          0          0          0          0          0          0
  redvub           :       0.00       0.00      0          0          0          0          0          0          0          0          0          0
  sparsify         :       0.00       0.00      1          0          0          0          0          0          0          0          0          0
  stuffing         :       0.00       0.00      0          0          0          0          0          0          0          0          0          0
  trivial          :       0.00       0.00      8          3          0          0          0          0          0          0          0          0
  tworowbnd        :       0.00       0.00      0          0          0          0          0          0          0          0          0          0
  dualfix          :       0.00       0.00      8          1          0          0          0          0          0          0          0          0
  genvbounds       :       0.00       0.00      0          0          0          0          0          0          0          0          0          0
  probing          :       0.38       0.00      1          0          0          0          0          0          0          0          0          0
  pseudoobj        :       0.00       0.00      1          0          0          0          0          0          0          0          0          0
  symmetry         :       0.00       0.00      1          0          0          0          0          0          0          0          0          0
  vbounds          :       0.00       0.00      2          0          0          0          0          0          0          0          0          0
  chancecons       :       0.01       0.00      1          0          0          0          0          0          0          0          0          0
  varbound         :       0.01       0.00      7          0          0          0          0          0          0          0          0        256
  setppc           :       0.00       0.00      3          0          0          0          0          0          0          0          0          0
  linear           :       0.03       0.00     12          0          5          0         48          0        104          0          0          0
  logicor          :       0.00       0.00      6          0          0          0          0          0          0          0          0          0
  bounddisjunction :       0.00       0.00      3          0          0          0          0          0          0          0          0          0
  benders          :       0.00       0.00      0          0          0          0          0          0          0          0          0          0
  components       :       0.00       0.00      2          0          0          0          0          0          0          0          0          0
  root node        :          -          -      -        275          -          -        798          -          -          -          -          -
Constraints        :     Number  MaxNumber  #Separate #Propagate    #EnfoLP    #EnfoRelax  #EnfoPS    #Check   #ResProp    Cutoffs    DomReds       Cuts    Applied      Conss   Children
  benderslp        :          0          0          0          0       1642          0          0        728          0          0          0          0          0          0          0
  chancecons       :          1          1        979      49253          0          0          0          0          0         18     101284       3422       3035          0          0
  integral         :          0          0          0          0       1642          0          0        728          0          0       3084          0          0         80       2766
  varbound         :       5551       5551         74      49094          4          0          0        722        926          9      34528          0          0          0          0
  setppc           :        673        673         23      16334          0          0          0          0          0          0          0         50          1          0          0
  linear           :        239+       241         74      49339          6          0          0         42        114        535      95259          6          1          0          0
  logicor          :          5+        26         23       1209          0          0          0          0          0          0          2          0          0          0          0
  bounddisjunction :         27+        95          0       3535          0          0          0          0          0          1          2          0          0          0          0
  benders          :          0          0          0          0          6          0          0         33          0          0          0          0          0          0          0
  fixedvar         :          0          0          0          0          6          0          0         33          0          0          0          0          0          0          0
  countsols        :          0          0          0          0          6          0          0         33          0          0          0          0          0          0          0
  components       :          0          0          0          0          0          0          0          0          0          0          0          0          0          0          0
Constraint Timings :  TotalTime  SetupTime   Separate  Propagate     EnfoLP     EnfoPS     EnfoRelax   Check    ResProp    SB-Prop
  benderslp        :       0.00       0.00       0.00       0.00       0.00       0.00       0.00       0.00       0.00       0.00
  chancecons       :       6.15       0.00       0.47       4.85       0.00       0.00       0.00       0.00       0.00       0.83
  integral         :      98.29       0.00       0.00       0.00      98.29       0.00       0.00       0.00       0.00       0.00
  varbound         :       1.39       0.00       0.04       0.88       0.00       0.00       0.00       0.03       0.00       0.43
  setppc           :       0.02       0.00       0.00       0.01       0.00       0.00       0.00       0.00       0.00       0.00
  linear           :       0.96       0.00       0.06       0.65       0.00       0.00       0.00       0.00       0.00       0.26
  logicor          :       0.00       0.00       0.00       0.00       0.00       0.00       0.00       0.00       0.00       0.00
  bounddisjunction :       0.01       0.00       0.00       0.01       0.00       0.00       0.00       0.00       0.00       0.00
  benders          :       0.00       0.00       0.00       0.00       0.00       0.00       0.00       0.00       0.00       0.00
  fixedvar         :       0.00       0.00       0.00       0.00       0.00       0.00       0.00       0.00       0.00       0.00
  countsols        :       0.00       0.00       0.00       0.00       0.00       0.00       0.00       0.00       0.00       0.00
  components       :       0.00       0.00       0.00       0.00       0.00       0.00       0.00       0.00       0.00       0.00
Propagators        : #Propagate   #ResProp    Cutoffs    DomReds
  dualfix          :          9          0          0          0
  genvbounds       :          0          0          0          0
  nlobbt           :          0          0          0          0
  obbt             :          0          0          0          0
  probing          :          0          0          0          0
  pseudoobj        :      12995          0          0         39
  redcost          :       7653          0          0     335309
  rootredcost      :          9          0          0        135
  symmetry         :          0          0          0          0
  vbounds          :      33994          0          0          0
Propagator Timings :  TotalTime  SetupTime   Presolve  Propagate    ResProp    SB-Prop
  dualfix          :       0.00       0.00       0.00       0.00       0.00       0.00
  genvbounds       :       0.01       0.00       0.00       0.01       0.00       0.00
  nlobbt           :       0.00       0.00       0.00       0.00       0.00       0.00
  obbt             :       0.00       0.00       0.00       0.00       0.00       0.00
  probing          :       0.38       0.00       0.38       0.00       0.00       0.00
  pseudoobj        :       0.05       0.00       0.00       0.05       0.00       0.00
  redcost          :       0.71       0.00       0.00       0.71       0.00       0.00
  rootredcost      :       0.01       0.00       0.00       0.01       0.00       0.00
  symmetry         :       0.01       0.00       0.00       0.01       0.00       0.00
  vbounds          :       0.11       0.00       0.00       0.09       0.00       0.02
Symmetry           :
  orbitopal red.   :          0 reductions applied,          0 cutoffs
  orbital reduction:          0 reductions applied,          0 cutoffs
  lexicographic red:          0 reductions applied,          0 cutoffs
  shadow tree time :       0.00 s
Conflict Analysis  :       Time      Calls    Success    DomReds  Conflicts   Literals    Reconvs ReconvLits   Dualrays   Nonzeros   LP Iters   (pool size: [10000,10000])
  propagation      :       0.00         10         10          -         22       76.4          0        0.0          -          -          -
  infeasible LP    :       0.00          0          0          -          0        0.0          0        0.0          0        0.0          0
  bound exceed. LP :       1.53        843        180          -        300      184.1          2        7.5         50        5.3       5685
  strong branching :       0.00          0          0          -          0        0.0          0        0.0          -          -          0
  pseudo solution  :       0.00          0          0          -          0        0.0          0        0.0          -          -          -
  applied globally :       0.01          -          -         44        158       94.5          -          -         50          -          -
  applied locally  :          -          -          -          0          0        0.0          -          -          0          -          -
Separators         :   ExecTime  SetupTime      Calls  RootCalls    Cutoffs    DomReds  FoundCuts ViaPoolAdd  DirectAdd    Applied ViaPoolApp  DirectApp      Conss
  cut pool         :       0.62          -       1392        147          -          -      48684     150484          -          -          -          -          -    (maximal pool size:      27259)
  aggregation      :       3.29       0.00        378         74          0          0      37082     100221         18       5593       5581         12          0
  > cmir           :          -          -          -          -          -          -          -     100221          2       5582       5581          1          -
  > flowcover      :          -          -          -          -          -          -          -          0         16         11          0         11          -
  > knapsackcover  :          -          -          -          -          -          -          -          0          0          0          0          0          -
  cgmip            :       0.00       0.00          0          0          0          0          0          0          0          0          0          0          0
  clique           :       1.96       0.00         74         74          0          0          0          0          0          0          0          0          0
  closecuts        :       0.00       0.00          0          0          0          0          0          0          0          0          0          0          0
  convexproj       :       0.00       0.00          0          0          0          0          0          0          0          0          0          0          0
  disjunctive      :       0.00       0.00          0          0          0          0          0          0          0          0          0          0          0
  eccuts           :       0.00       0.00          0          0          0          0          0          0          0          0          0          0          0
  gauge            :       0.00       0.00          0          0          0          0          0          0          0          0          0          0          0
  gomory           :       4.15       0.00        220         20          0          0       4519      22119          0       1472       1472          0          0
  > gomorymi       :          -          -          -          -          -          -          -      22119          0       1472       1472          0          -
  > strongcg       :          -          -          -          -          -          -          -          0          0          0          0          0          -
  impliedbounds    :       0.15       0.00        378         74          0          2       7101      28144          0       9978       9978          0          0
  interminor       :       0.00       0.00          0          0          0          0          0          0          0          0          0          0          0
  intobj           :       0.00       0.00          0          0          0          0          0          0          0          0          0          0          0
  lagromory        :       0.00       0.00          0          0          0          0          0          0          0          0          0          0          0
  mcf              :       0.00       0.00          2          2          0          0          0          0          0          0          0          0          0
  minor            :       0.00       0.00         20         20          0          0          0          0          0          0          0          0          0
  mixing           :       0.00       0.00          0          0          0          0          0          0          0          0          0          0          0
  oddcycle         :       0.00       0.00          0          0          0          0          0          0          0          0          0          0          0
  rapidlearning    :       0.00       0.00          0          0          0          0          0          0          0          0          0          0          0
  rlt              :       0.00       0.00         20         20          0          0          0          0          0          0          0          0          0
  zerohalf         :       0.24       0.00        240         40          0          0          0          0          0          0          0          0          0
Cutselectors       :   ExecTime  SetupTime      Calls  RootCalls   Selected     Forced   Filtered  RootSelec   RootForc   RootFilt 
  hybrid           :       0.17       0.00       1050         75      20080          0     133900       4907          0      64567
  ensemble         :       0.00       0.00          0          0          0          0          0          0          0          0
  dynamic          :       0.00       0.00          0          0          0          0          0          0          0          0
Pricers            :   ExecTime  SetupTime      Calls       Vars
  problem variables:       0.00          -          0          0
Branching Rules    :   ExecTime  SetupTime   BranchLP  BranchExt   BranchPS    Cutoffs    DomReds       Cuts      Conss   Children
  allfullstrong    :       0.00       0.00          0          0          0          0          0          0          0          0
  cloud            :       0.00       0.00          0          0          0          0          0          0          0          0
  distribution     :       0.00       0.00          0          0          0          0          0          0          0          0
  fullstrong       :       0.00       0.00          0          0          0          0          0          0          0          0
  gomory           :       0.00       0.00          0          0          0          0          0          0          0          0
  inference        :       0.00       0.00          0          0          0          0          0          0          0          0
  leastinf         :       0.00       0.00          0          0          0          0          0          0          0          0
  lookahead        :       0.00       0.00          0          0          0          0          0          0          0          0
  mostinf          :       0.00       0.00          0          0          0          0          0          0          0          0
  multaggr         :       0.00       0.00          0          0          0          0          0          0          0          0
  nodereopt        :       0.00       0.00          0          0          0          0          0          0          0          0
  pscost           :       0.00       0.00          0          0          0          0          0          0          0          0
  random           :       0.00       0.00          0          0          0          0          0          0          0          0
  relpscost        :      98.29       0.00       1636          0          0          0       3084          0         80       2766
  vanillafullstrong:       0.00       0.00          0          0          0          0          0          0          0          0
Primal Heuristics  :   ExecTime  SetupTime      Calls      Found       Best
  LP solutions     :       0.00          -          -          6          6
  relax solutions  :       0.00          -          -          0          0
  pseudo solutions :       0.00          -          -          0          0
  strong branching :       0.01          -          -          0          0
  actconsdiving    :       0.00       0.00          0          0          0
  adaptivediving   :       0.84       0.00         12          0          0
  alns             :       0.37       0.00          4          0          0
  bound            :       0.00       0.00          0          0          0
  clique           :       0.02       0.00          1          0          0
  coefdiving       :       0.00       0.00          0          0          0
  completesol      :       0.00       0.00          0          0          0
  conflictdiving   :       2.01       0.00          7          0          0
  crossover        :       1.39       0.00          3          3          1
  dins             :       0.00       0.00          0          0          0
  distributiondivin:       0.85       0.00          6          0          0
  dps              :       0.00       0.00          0          0          0
  dualval          :       0.00       0.00          0          0          0
  farkasdiving     :       0.00       0.00          0          0          0
  feaspump         :       0.76       0.00          1          1          0
  fixandinfer      :       0.00       0.00          0          0          0
  fracdiving       :       0.56       0.00          6          0          0
  gins             :       0.01       0.00          0          0          0
  guideddiving     :       0.53       0.00          6          0          0
  indicator        :       0.00       0.00          0          0          0
  indicatordiving  :       0.00       0.00          0          0          0
  intdiving        :       0.00       0.00          0          0          0
  intshifting      :       0.25       0.00          7          0          0
  linesearchdiving :       0.53       0.00          6          0          0
  localbranching   :       0.00       0.00          0          0          0
  locks            :       0.03       0.00          1          1          1
  lpface           :       0.00       0.00          0          0          0
  mpec             :       0.00       0.00          0          0          0
  multistart       :       0.00       0.00          0          0          0
  mutation         :       0.00       0.00          0          0          0
  nlpdiving        :       0.00       0.00          0          0          0
  objpscostdiving  :       3.75       0.00          4          2          0
  octane           :       0.00       0.00          0          0          0
  ofins            :       0.00       0.00          0          0          0
  oneopt           :       0.01       0.00          9          0          0
  padm             :       0.00       0.00          0          0          0
  proximity        :       0.00       0.00          0          0          0
  pscostdiving     :       0.74       0.00          7          0          0
  randrounding     :       2.75       0.00        721          0          0
  rens             :       5.98       0.00          2          2          1
  reoptsols        :       0.00       0.00          0          0          0
  repair           :       0.00       0.00          0          0          0
  rins             :       1.13       0.00          4          4          0
  rootsoldiving    :       0.68       0.00          4          4          0
  rounding         :       0.22       0.00        662          0          0
  scheduler        :       0.00       0.00          0          0          0
  shiftandpropagate:       0.00       0.00          0          0          0
  shifting         :       2.29       0.00        421          0          0
  simplerounding   :       0.00       0.00          0          0          0
  subnlp           :       0.00       0.00          0          0          0
  trivial          :       0.00       0.00          4          0          0
  trivialnegation  :       0.00       0.00          0          0          0
  trustregion      :       0.00       0.00          0          0          0
  trysol           :       0.00       0.00          0          0          0
  twoopt           :       0.00       0.00          0          0          0
  undercover       :       0.00       0.00          0          0          0
  vbounds          :       0.69       0.00          2          2          2
  veclendiving     :       0.77       0.00          6          0          0
  zeroobj          :       0.00       0.00          0          0          0
  zirounding       :       0.21       0.00       1000          0          0
  other solutions  :          -          -          -          0          -
LNS (Scheduler)    :      Calls  SetupTime  SolveTime SolveNodes       Sols       Best       Exp3    Exp3-IX  EpsGreedy        UCB TgtFixRate  Opt  Inf Node Stal  Sol  Usr Othr Actv
  rens             :          0       0.00       0.00          0          0          0    0.00000    0.12500   -1.00000    1.00000      0.900    0    0    0    0    0    0    0    1
  rins             :          0       0.00       0.00          0          0          0    0.00000    0.12500   -1.00000    1.00000      0.900    0    0    0    0    0    0    0    1
  mutation         :          0       0.00       0.00          0          0          0    0.00000    0.12500   -1.00000    1.00000      0.900    0    0    0    0    0    0    0    1
  localbranching   :          0       0.00       0.00          0          0          0    0.00000    0.12500   -1.00000    1.00000      0.900    0    0    0    0    0    0    0    1
  crossover        :          0       0.00       0.00          0          0          0    0.00000    0.12500   -1.00000    1.00000      0.900    0    0    0    0    0    0    0    1
  proximity        :          0       0.00       0.00          0          0          0    0.00000    0.12500   -1.00000    1.00000      0.900    0    0    0    0    0    0    0    1
  zeroobjective    :          0       0.00       0.00          0          0          0    0.00000    0.12500   -1.00000    1.00000      0.900    0    0    0    0    0    0    0    1
  dins             :          0       0.00       0.00          0          0          0    0.00000    0.12500   -1.00000    1.00000      0.900    0    0    0    0    0    0    0    1
  trustregion      :          0       0.00       0.00          0          0          0    0.00000    0.00000   -1.00000    1.00000      0.900    0    0    0    0    0    0    0    0
LP                 :       Time      Calls Iterations  Iter/call   Iter/sec  Time-0-It Calls-0-It    ItLimit
  primal LP        :       0.23        351          0       0.00       0.00       0.23        351
  dual LP          :     123.66       6371     693494     177.23    5608.22       1.95       2458
  lex dual LP      :       0.00          0          0       0.00          -
  barrier LP       :       0.00          0          0       0.00          -       0.00          0
  resolve instable :       0.00          0          0       0.00          -
  diving/probing LP:      11.34        497      77810     156.56    6863.87
  strong branching :      91.88       1954     482443     246.90    5250.93          -          -        488
    (at root node) :          -         44      39307     893.34          -
  conflict analysis:       0.96        576       5685       9.87    5925.79
B&B Tree           :
  number of runs   :          2
  nodes            :       1623 (811 internal, 812 leaves)
  feasible leaves  :          1
  infeas. leaves   :        210
  objective leaves :        601
  nodes (total)    :       2555 (1383 internal, 1172 leaves)
  nodes left       :          0
  max depth        :         30
  max depth (total):         49
  backtracks       :        507 (31.2%)
  early backtracks :          0 (0.0%)
  nodes exc. ref.  :          0 (0.0%)
  delayed cutoffs  :          0
  repropagations   :         12 (1 domain reductions, 0 cutoffs)
  avg switch length:       3.46
  switching time   :       1.10
Root Node          :
  First LP value   : +2.50745030533894e+05
  First LP Iters   :       1953 (12043.14 Iter/sec)
  First LP Time    :       0.16
  Final Dual Bound : +2.55294380745051e+05
  Final Root Iters :      65841
  Root LP Estimate : +2.59243213771545e+05
Solution           :
  Solutions found  :         25 (11 improvements)
  First Solution   : +2.60075858000000e+05   (in run 1, after 1 nodes, 0.66 seconds, depth 301, found by <locks>)
  Gap First Sol.   :   infinite
  Gap Last Sol.    :       0.13 %
  Primal Bound     : +2.55633058000000e+05   (in run 2, after 342 nodes, 170.59 seconds, depth 18, found by <relaxation>)
  Dual Bound       : +2.55633058000000e+05
  Gap              :       0.00 %
Integrals          :      Total       Avg%
  primal-dual      :     203.36       0.75
  primal-ref       :          -          - (not evaluated)
  dual-ref         :          -          - (not evaluated)

 Branching Statistics...

 Total number of propagations -> 49253

 Number of cutoffs of KnaCons -> 1

 Total number of variables fixed to 1 by the propagator -> 15733

 Total number of variables fixed to 0 by the propagator -> 85551

 Maximum number of rounds of the approximation algorithm -> 0

 Runtime of the exact algorithm -> 0.0000 s

 Total number of variables fixed to 1 in the exact algorithm -> 0

 Total number of variables fixed to 0 in the exact algorithm -> 0

 Number of cutoffs in the exact algorithm -> 0

 Number of cutoffs in the approximation algorithm -> 0

 PS:  
