***************************************
*         SCIP-based CCP Solver       *
*                                     *
*    Wei Lv and Wei-Kun Chen (2024)   *
***************************************
/beegfs/home/30150120/SCIP-CCP/build/ccp -f data/CCMPPData/30-1000-2.ccmpp -s settings/CCMPPSetting/BASE+DB+EOPF1.set 
SCIP version 9.1.0 [precision: 8 byte] [memory: block] [mode: optimized] [LP solver: Soplex 7.1.0] [GitHash: 8cab0278ba]
Copyright (c) 2002-2024 Zuse Institute Berlin (ZIB)

External libraries: 
  Soplex 7.1.0         Linear Programming Solver developed at Zuse Institute Berlin (soplex.zib.de) [GitHash: 595bfac9]
  CppAD 20180000.0     Algorithmic Differentiation of C++ algorithms developed by B. Bell (github.com/coin-or/CppAD)
  ZLIB 1.2.7           General purpose compression library by J. Gailly and M. Adler (zlib.net)
  GMP 6.2.1            GNU Multiple Precision Arithmetic Library developed by T. Granlund (gmplib.org)
  AMPL/MP 690e9e7      AMPL .nl file reader library (github.com/ampl/mp)
  PaPILO 2.3.0         parallel presolve for integer and linear optimization (github.com/scipopt/papilo) (built with TBB) [GitHash: 4b8ce6ed]
  Nauty 2.8.8          Computing Graph Automorphism Groups by Brendan D. McKay (users.cecs.anu.edu.au/~bdm/nauty)
  sassy 1.1            Symmetry preprocessor by Markus Anders (github.com/markusa4/sassy)

reading user parameter file <settings/CCMPPSetting/BASE+DB+EOPF1.set>

read problem <data/CCMPPData/30-1000-2.ccmpp>
============

File name: 	data/CCMPPData/30-1000-2.ccmpp
Problem name:	CCMPPData/30-1000-2
Dimension: 	30
NumScenario: 	1000
ConfidenceParameter: 	0.10
IsEqualProbability: 	1
BASE+DI: 	0
BASE+sDI: 	0
BASE+DB: 	0
BASE+DB+OPF: 	1
Dominance and Aggregation Statistics......
NumEdge:        52190
NumBiEdge: 	955
NumDomIneqs: 	51235
DominanceRatio: 0.1026
NumAggScenario: 948 
BasicNumScenario: 947 
Propagator Statistics......
NumBasicDomIneqs: 7712
NumNonReDomIneqs: 2700
Duration: 0.0500 s 

original problem has 1098 variables (948 bin, 0 int, 0 impl, 150 cont) and 3113 constraints

solve problem
=============

presolving:
(round 1, fast)       5 del vars, 51 del conss, 0 add conss, 30 chg bounds, 0 chg sides, 0 chg coeffs, 0 upgd conss, 0 impls, 2700 clqs
   (0.0s) running MILP presolver
   (0.0s) MILP presolver (3 rounds): 32 aggregations, 1 fixings, 11 bound changes
(round 2, medium)     38 del vars, 51 del conss, 0 add conss, 41 chg bounds, 0 chg sides, 0 chg coeffs, 0 upgd conss, 0 impls, 2700 clqs
(round 3, fast)       38 del vars, 83 del conss, 0 add conss, 41 chg bounds, 0 chg sides, 0 chg coeffs, 0 upgd conss, 0 impls, 2700 clqs
(round 4, exhaustive) 38 del vars, 83 del conss, 0 add conss, 41 chg bounds, 0 chg sides, 0 chg coeffs, 2944 upgd conss, 0 impls, 2700 clqs
   (1.6s) probing cycle finished: starting next cycle
   (1.7s) symmetry computation started: requiring (bin +, int +, cont +), (fixed: bin -, int -, cont -)
   Symmetry detection interrupted: constraints of type chancecons do not provide symmetry information.
   If symmetries shall be detected, implement the CONSGETPERMSYMGRAPH callback.
   (1.7s) could not compute symmetry
presolving (5 rounds: 5 fast, 3 medium, 2 exhaustive):
 38 deleted vars, 83 deleted constraints, 0 added constraints, 41 tightened bounds, 0 added holes, 0 changed sides, 0 changed coefficients
 17663 implications, 7693 cliques
presolved problem has 1060 variables (947 bin, 0 int, 0 impl, 113 cont) and 3030 constraints
      1 constraints of type <chancecons>
   2944 constraints of type <varbound>
     85 constraints of type <linear>
Presolving Time: 1.65

 time | node  | left  |LP iter|LP it/n|mem/heur|mdpt |vars |cons |rows |cuts |sepa|confs|strbr|  dualbound   | primalbound  |  gap   | compl. 
p 1.7s|     1 |     0 |    52 |     - |  clique|   0 |1060 |3030 |3029 |   0 |  0 |   0 |   0 | 0.000000e+00 | 1.809836e+05 |    Inf | unknown
  2.1s|     1 |     0 |  1379 |     - |    79M |   0 |1060 |3034 |3029 |   0 |  0 |   4 |   0 | 1.767994e+05 | 1.809836e+05 |   2.37%| unknown
  2.1s|     1 |     0 |  1501 |     - |    81M |   0 |1060 |3034 |3092 |  63 |  1 |   4 |   0 | 1.770916e+05 | 1.809836e+05 |   2.20%| unknown
  2.2s|     1 |     0 |  1669 |     - |    81M |   0 |1060 |3034 |3158 | 129 |  2 |   4 |   0 | 1.774384e+05 | 1.809836e+05 |   2.00%| unknown
  2.3s|     1 |     0 |  1888 |     - |    83M |   0 |1060 |3034 |3241 | 212 |  3 |   4 |   0 | 1.777601e+05 | 1.809836e+05 |   1.81%| unknown
  2.4s|     1 |     0 |  2076 |     - |    85M |   0 |1060 |3034 |3318 | 289 |  4 |   4 |   0 | 1.779774e+05 | 1.809836e+05 |   1.69%| unknown
  2.5s|     1 |     0 |  2368 |     - |    86M |   0 |1060 |3034 |3433 | 404 |  5 |   4 |   0 | 1.781456e+05 | 1.809836e+05 |   1.59%| unknown
  2.6s|     1 |     0 |  2669 |     - |    87M |   0 |1060 |3034 |3535 | 506 |  6 |   4 |   0 | 1.783121e+05 | 1.809836e+05 |   1.50%| unknown
  2.7s|     1 |     0 |  3074 |     - |    88M |   0 |1060 |3034 |3638 | 609 |  7 |   4 |   0 | 1.784201e+05 | 1.809836e+05 |   1.44%| unknown
  2.8s|     1 |     0 |  3467 |     - |    92M |   0 |1060 |3034 |3732 | 703 |  8 |   4 |   0 | 1.784882e+05 | 1.809836e+05 |   1.40%| unknown
  3.0s|     1 |     0 |  3857 |     - |    94M |   0 |1060 |3034 |3822 | 793 |  9 |   4 |   0 | 1.785821e+05 | 1.809836e+05 |   1.34%| unknown
  3.2s|     1 |     0 |  4272 |     - |    95M |   0 |1060 |3034 |3905 | 876 | 10 |   4 |   0 | 1.786573e+05 | 1.809836e+05 |   1.30%| unknown
  3.4s|     1 |     0 |  4634 |     - |    96M |   0 |1060 |3034 |3994 | 965 | 11 |   4 |   0 | 1.787172e+05 | 1.809836e+05 |   1.27%| unknown
  3.7s|     1 |     0 |  5017 |     - |    97M |   0 |1060 |3034 |4073 |1061 | 12 |   4 |   0 | 1.787615e+05 | 1.809836e+05 |   1.24%| unknown
  3.8s|     1 |     0 |  5560 |     - |    97M |   0 |1060 |3034 |4146 |1134 | 13 |   4 |   0 | 1.788057e+05 | 1.809836e+05 |   1.22%| unknown
 time | node  | left  |LP iter|LP it/n|mem/heur|mdpt |vars |cons |rows |cuts |sepa|confs|strbr|  dualbound   | primalbound  |  gap   | compl. 
  3.9s|     1 |     0 |  6064 |     - |    98M |   0 |1060 |3034 |4236 |1224 | 14 |   4 |   0 | 1.788434e+05 | 1.809836e+05 |   1.20%| unknown
  4.1s|     1 |     0 |  6763 |     - |   101M |   0 |1060 |3034 |4334 |1322 | 15 |   4 |   0 | 1.788845e+05 | 1.809836e+05 |   1.17%| unknown
  4.3s|     1 |     0 |  7414 |     - |   101M |   0 |1060 |3034 |4431 |1419 | 16 |   4 |   0 | 1.789137e+05 | 1.809836e+05 |   1.16%| unknown
  4.5s|     1 |     0 |  8044 |     - |   102M |   0 |1060 |3034 |4520 |1508 | 17 |   4 |   0 | 1.789522e+05 | 1.809836e+05 |   1.14%| unknown
  4.7s|     1 |     0 |  8754 |     - |   103M |   0 |1060 |3034 |4430 |1614 | 18 |   4 |   0 | 1.789774e+05 | 1.809836e+05 |   1.12%| unknown
  4.9s|     1 |     0 |  9678 |     - |   105M |   0 |1060 |3034 |4535 |1719 | 19 |   4 |   0 | 1.790054e+05 | 1.809836e+05 |   1.11%| unknown
  5.2s|     1 |     0 | 10411 |     - |   106M |   0 |1060 |3034 |4651 |1835 | 20 |   4 |   0 | 1.790205e+05 | 1.809836e+05 |   1.10%| unknown
  5.5s|     1 |     0 | 11278 |     - |   107M |   0 |1060 |3034 |4763 |1947 | 21 |   4 |   0 | 1.790370e+05 | 1.809836e+05 |   1.09%| unknown
  5.8s|     1 |     0 | 12290 |     - |   107M |   0 |1060 |3034 |4858 |2042 | 22 |   4 |   0 | 1.790531e+05 | 1.809836e+05 |   1.08%| unknown
  6.1s|     1 |     0 | 13181 |     - |   107M |   0 |1060 |3034 |4953 |2137 | 23 |   4 |   0 | 1.790672e+05 | 1.809836e+05 |   1.07%| unknown
  6.4s|     1 |     0 | 14092 |     - |   107M |   0 |1060 |3034 |4698 |2228 | 24 |   4 |   0 | 1.790816e+05 | 1.809836e+05 |   1.06%| unknown
  6.6s|     1 |     0 | 14964 |     - |   108M |   0 |1060 |3034 |4774 |2304 | 25 |   4 |   0 | 1.790954e+05 | 1.809836e+05 |   1.05%| unknown
  6.9s|     1 |     0 | 15808 |     - |   108M |   0 |1060 |3034 |4842 |2372 | 26 |   4 |   0 | 1.791061e+05 | 1.809836e+05 |   1.05%| unknown
  7.1s|     1 |     0 | 16484 |     - |   108M |   0 |1060 |3034 |4902 |2432 | 27 |   4 |   0 | 1.791142e+05 | 1.809836e+05 |   1.04%| unknown
  7.4s|     1 |     0 | 17582 |     - |   108M |   0 |1060 |3034 |4965 |2495 | 28 |   4 |   0 | 1.791228e+05 | 1.809836e+05 |   1.04%| unknown
 time | node  | left  |LP iter|LP it/n|mem/heur|mdpt |vars |cons |rows |cuts |sepa|confs|strbr|  dualbound   | primalbound  |  gap   | compl. 
  7.7s|     1 |     0 | 18513 |     - |   108M |   0 |1060 |3034 |5028 |2558 | 29 |   4 |   0 | 1.791309e+05 | 1.809836e+05 |   1.03%| unknown
r 7.8s|     1 |     0 | 19196 |     - |intshift|   0 |1060 |3034 |5028 |2558 | 29 |   4 |   0 | 1.791309e+05 | 1.808557e+05 |   0.96%| unknown
o 8.8s|     1 |     0 | 26871 |     - |feaspump|   0 |1060 |3034 |5028 |2558 | 29 |   4 |   0 | 1.791309e+05 | 1.801037e+05 |   0.54%| unknown
  9.3s|     1 |     0 | 29107 |     - |   109M |   0 |1060 |3036 |5028 |2558 | 29 |   6 |   0 | 1.791309e+05 | 1.801037e+05 |   0.54%| unknown
  9.5s|     1 |     0 | 29871 |     - |   109M |   0 |1060 |3036 |5080 |2610 | 30 |   6 |   0 | 1.791366e+05 | 1.801037e+05 |   0.54%| unknown
  9.6s|     1 |     0 | 30340 |     - |   110M |   0 |1060 |3036 |5123 |2653 | 31 |   6 |   0 | 1.791377e+05 | 1.801037e+05 |   0.54%| unknown
  9.8s|     1 |     0 | 30340 |     - |   110M |   0 |1060 |3035 |5123 |2653 | 31 |   6 |   1 | 1.791408e+05 | 1.801037e+05 |   0.54%| unknown
 10.1s|     1 |     0 | 31365 |     - |   110M |   0 |1060 |3035 |5164 |2694 | 32 |   6 |   1 | 1.791457e+05 | 1.801037e+05 |   0.53%| unknown
 10.2s|     1 |     0 | 32317 |     - |   110M |   0 |1060 |3035 |5201 |2731 | 33 |   6 |   1 | 1.791471e+05 | 1.801037e+05 |   0.53%| unknown
 12.0s|     1 |     0 | 32317 |     - |   110M |   0 |1060 |3035 |5201 |2731 | 33 |   6 |  10 | 1.791544e+05 | 1.801037e+05 |   0.53%| unknown
 12.6s|     1 |     0 | 35397 |     - |   110M |   0 |1060 |3035 |4447 |2764 | 34 |   6 |  10 | 1.791544e+05 | 1.801037e+05 |   0.53%| unknown
 12.8s|     1 |     0 | 36444 |     - |   110M |   0 |1060 |3035 |4484 |2801 | 35 |   6 |  10 | 1.791552e+05 | 1.801037e+05 |   0.53%| unknown
 17.4s|     1 |     0 | 36444 |     - |   110M |   0 |1060 |3035 |4484 |2801 | 35 |   6 |  38 | 1.791617e+05 | 1.801037e+05 |   0.53%| unknown
 17.8s|     1 |     0 | 38626 |     - |   110M |   0 |1060 |3035 |4518 |2835 | 36 |   6 |  38 | 1.791617e+05 | 1.801037e+05 |   0.53%| unknown
 18.0s|     1 |     0 | 39514 |     - |   110M |   0 |1060 |3035 |4557 |2874 | 37 |   6 |  38 | 1.791622e+05 | 1.801037e+05 |   0.53%| unknown
 time | node  | left  |LP iter|LP it/n|mem/heur|mdpt |vars |cons |rows |cuts |sepa|confs|strbr|  dualbound   | primalbound  |  gap   | compl. 
 21.5s|     1 |     2 | 39514 |     - |   110M |   0 |1060 |3035 |4557 |2874 | 37 |   6 |  59 | 1.791683e+05 | 1.801037e+05 |   0.52%| unknown
*1320s|    33 |    28 | 51493 | 713.3 |    LP  |  28 |1060 |3035 |3786 |3087 |  1 |  12 | 346 | 1.791683e+05 | 1.800267e+05 |   0.48%|   1.45%
*1322s|    36 |    29 | 51525 | 653.1 |    LP  |  30 |1060 |3035 |3786 |3087 |  1 |  12 | 346 | 1.791683e+05 | 1.800097e+05 |   0.47%|   1.45%
*1322s|    37 |    27 | 51534 | 635.2 |    LP  |  30 |1060 |3035 |3786 |3087 |  1 |  12 | 346 | 1.791683e+05 | 1.799627e+05 |   0.44%|   2.59%
*1333s|    44 |    25 | 51655 | 534.6 |    LP  |  30 |1060 |3035 |3786 |3087 |  1 |  12 | 346 | 1.791683e+05 | 1.798727e+05 |   0.39%|   2.70%
*1348s|    50 |    25 | 51780 | 471.7 |    LP  |  30 |1060 |3035 |3786 |3087 |  2 |  12 | 346 | 1.791683e+05 | 1.798647e+05 |   0.39%|   3.08%
r1378s|    66 |    31 | 51883 | 357.2 |rounding|  34 |1060 |3035 |3788 |3097 |  0 |  12 | 346 | 1.791683e+05 | 1.798557e+05 |   0.38%|   3.18%
*1378s|    67 |    28 | 51893 | 351.9 |    LP  |  34 |1060 |3035 |3788 |3097 |  1 |  12 | 346 | 1.791683e+05 | 1.798367e+05 |   0.37%|   3.18%
*1384s|    73 |    26 | 51952 | 323.4 |    LP  |  34 |1060 |3035 |3786 |3097 |  1 |  12 | 346 | 1.791683e+05 | 1.798338e+05 |   0.37%|   3.60%
*1518s|    86 |    23 | 54143 | 299.7 |    LP  |  34 |1060 |3035 |3832 |3222 |  2 |  12 | 346 | 1.791683e+05 | 1.798227e+05 |   0.37%|   5.55%
 1930s|   100 |    27 | 58197 | 298.3 |   112M |  34 |1060 |3035 |3677 |3222 |  1 |  13 | 346 | 1.791793e+05 | 1.798227e+05 |   0.36%|   6.78%
*2329s|   130 |    29 | 64709 | 279.4 |    LP  |  34 |1060 |3035 |3807 |3478 |  2 |  14 | 354 | 1.791793e+05 | 1.798101e+05 |   0.35%|   8.34%
*3497s|   191 |    32 | 79939 | 269.9 |    LP  |  34 |1060 |3039 |3797 |3996 |  2 |  23 | 377 | 1.791801e+05 | 1.798092e+05 |   0.35%|  13.56%
 3584s|   200 |    29 | 80933 | 262.6 |   113M |  34 |1060 |3039 |3810 |4020 |  0 |  23 | 388 | 1.791801e+05 | 1.798092e+05 |   0.35%|  14.03%
d4789s|   225 |    48 | 98589 | 312.2 |pscostdi|  34 |1060 |3039 |3813 |   0 |  1 |  23 | 402 | 1.791882e+05 | 1.797899e+05 |   0.34%|  14.40%
 time | node  | left  |LP iter|LP it/n|mem/heur|mdpt |vars |cons |rows |cuts |sepa|confs|strbr|  dualbound   | primalbound  |  gap   | compl. 
 7941s|   300 |    77 |114680 | 287.7 |   115M |  34 |1060 |3039 |3719 |5081 |  1 |  25 | 423 | 1.791935e+05 | 1.797899e+05 |   0.33%|  15.07%
r9066s|   357 |    82 |119591 | 255.4 |rounding|  34 |1060 |3040 |3792 |5214 |  0 |  31 | 456 | 1.791935e+05 | 1.797453e+05 |   0.31%|  15.19%
*9457s|   377 |    85 |121429 | 246.7 |    LP  |  34 |1060 |3040 |3790 |5231 |  1 |  31 | 456 | 1.791935e+05 | 1.797117e+05 |   0.29%|  16.62%
  171m|   400 |    92 |128402 | 250.0 |   118M |  34 |1060 |3040 |3676 |5231 |  1 |  31 | 466 | 1.791943e+05 | 1.797117e+05 |   0.29%|  17.37%
o 172m|   407 |    97 |129715 | 248.9 |objpscos|  34 |1060 |3040 |3696 |5283 |  1 |  31 | 466 | 1.791943e+05 | 1.795986e+05 |   0.23%|  17.37%
* 173m|   413 |    73 |130294 | 246.7 |    LP  |  34 |1060 |3040 |3696 |5283 |  1 |  31 | 466 | 1.791943e+05 | 1.795346e+05 |   0.19%|  18.01%
* 174m|   417 |    68 |130347 | 244.4 |    LP  |  34 |1060 |3040 |3696 |5283 |  2 |  31 | 466 | 1.791943e+05 | 1.795171e+05 |   0.18%|  18.22%
* 188m|   450 |    65 |137064 | 241.4 |strongbr|  34 |1060 |3042 |3684 |5373 |  1 |  40 | 479 | 1.791958e+05 | 1.794857e+05 |   0.16%|  20.94%
r 210m|   500 |    64 |142715 | 228.6 |rounding|  34 |1060 |3042 |3726 |5439 |  0 |  46 | 493 | 1.791980e+05 | 1.794821e+05 |   0.16%|  27.75%
* 214m|   518 |    48 |143596 | 222.3 |    LP  |  34 |1060 |3042 |3711 |5465 |  1 |  46 | 493 | 1.791980e+05 | 1.794271e+05 |   0.13%|  29.83%
  326m|   600 |    40 |173914 | 242.5 |   139M |  34 |1060 |2910 |3804 |6227 |  2 |  70 | 546 | 1.792072e+05 | 1.794271e+05 |   0.12%|  47.05%
  389m|   700 |    54 |210384 | 260.0 |   147M |  34 |1060 |2912 |3794 |7214 |  2 |  73 | 599 | 1.792268e+05 | 1.794271e+05 |   0.11%|  53.53%
* 394m|   715 |    45 |213415 | 258.8 |    LP  |  34 |1060 |2911 |3795 |7214 |  1 |  75 | 605 | 1.792274e+05 | 1.793531e+05 |   0.07%|  57.82%
* 436m|   788 |    30 |234057 | 261.0 |strongbr|  34 |1060 |2913 |3792 |7971 |  2 |  80 | 650 | 1.792294e+05 | 1.793351e+05 |   0.06%|  66.04%
  440m|   800 |    28 |239269 | 263.6 |   171M |  34 |1060 |2858 |   0 |8229 |  0 |  81 | 671 | 1.792294e+05 | 1.793351e+05 |   0.06%|  66.44%

SCIP Status        : problem is solved [optimal solution found]
Solving Time (sec) : 32914.82
Solving Nodes      : 874
Primal Bound       : +1.79335051000000e+05 (26 solutions)
Dual Bound         : +1.79335051000000e+05
Gap                : 0.00 %

primal solution (original space):
=================================

objective value:                           179335.051
z#13                                                1 	(obj:0)
z#44                                                1 	(obj:0)
z#56                                                1 	(obj:0)
z#80                                                1 	(obj:0)
z#89                                                1 	(obj:0)
z#99                                                1 	(obj:0)
z#102                                               1 	(obj:0)
z#120                                               1 	(obj:0)
z#139                                               1 	(obj:0)
z#145                                1.00000000000013 	(obj:0)
z#150                                               1 	(obj:0)
z#152                               0.999999999999965 	(obj:0)
z#157                                               1 	(obj:0)
z#159                                               1 	(obj:0)
z#161                                               1 	(obj:0)
z#184                                               1 	(obj:0)
z#199                                               1 	(obj:0)
z#221                                               1 	(obj:0)
z#224                                               1 	(obj:0)
z#231                                               1 	(obj:0)
z#241                                               1 	(obj:0)
z#260                                               1 	(obj:0)
z#261                                               1 	(obj:0)
z#275                                               1 	(obj:0)
z#283                                1.00000000000002 	(obj:0)
z#306                                1.00000000000003 	(obj:0)
z#316                                               1 	(obj:0)
z#317                                               1 	(obj:0)
z#319                                               1 	(obj:0)
z#320                                               1 	(obj:0)
z#328                                               1 	(obj:0)
z#332                                               1 	(obj:0)
z#344                                               1 	(obj:0)
z#348                                               1 	(obj:0)
z#350                                               1 	(obj:0)
z#360                                               1 	(obj:0)
z#363                                               1 	(obj:0)
z#367                                               1 	(obj:0)
z#368                                               1 	(obj:0)
z#381                                               1 	(obj:0)
z#397                                               1 	(obj:0)
z#398                                               1 	(obj:0)
z#406                                               1 	(obj:0)
z#407                                               1 	(obj:0)
z#415                                               1 	(obj:0)
z#422                                               1 	(obj:0)
z#425                                               1 	(obj:0)
z#429                                               1 	(obj:0)
z#457                                               1 	(obj:0)
z#460                                               1 	(obj:0)
z#474                                1.00000000000002 	(obj:0)
z#476                                               1 	(obj:0)
z#482                                               1 	(obj:0)
z#487                                1.00000000000045 	(obj:0)
z#488                                               1 	(obj:0)
z#494                                               1 	(obj:0)
z#506                                               1 	(obj:0)
z#511                                               1 	(obj:0)
z#521                                               1 	(obj:0)
z#533                                               1 	(obj:0)
z#543                                               1 	(obj:0)
z#554                                               1 	(obj:0)
z#563                                               1 	(obj:0)
z#570                                               1 	(obj:0)
z#587                                               1 	(obj:0)
z#594                                               1 	(obj:0)
z#600                                1.00000000000002 	(obj:0)
z#622                                               1 	(obj:0)
z#623                                               1 	(obj:0)
z#630                                               1 	(obj:0)
z#631                                               1 	(obj:0)
z#642                                               1 	(obj:0)
z#650                                               1 	(obj:0)
z#657                                               1 	(obj:0)
z#668                                               1 	(obj:0)
z#671                                               1 	(obj:0)
z#694                                               1 	(obj:0)
z#709                                               1 	(obj:0)
z#714                                1.00000000000001 	(obj:0)
z#719                                               1 	(obj:0)
z#721                                               1 	(obj:0)
z#724                                               1 	(obj:0)
z#735                                               1 	(obj:0)
z#744                                               1 	(obj:0)
z#781                                               1 	(obj:0)
z#790                                               1 	(obj:0)
z#802                                               1 	(obj:0)
z#805                                               1 	(obj:0)
z#829                                               1 	(obj:0)
z#831                                               1 	(obj:0)
z#833                                               1 	(obj:0)
z#834                                               1 	(obj:0)
z#848                                1.00000000000005 	(obj:0)
z#881                                               1 	(obj:0)
z#885                                               1 	(obj:0)
z#895                                               1 	(obj:0)
z#910                                               1 	(obj:0)
z#932                                               1 	(obj:0)
z#939                                               1 	(obj:0)
z#940                                               1 	(obj:0)
y#22                                 11.5300000000005 	(obj:105)
y#27                                0.434999999999945 	(obj:104)
x#0                                           639.527 	(obj:107)
x#7                                  7.09000000000003 	(obj:142)
x#15                                          614.945 	(obj:158)
x#16                                 70.3309999999997 	(obj:122)
y#8                                            29.013 	(obj:100)
u#0                                           639.527 	(obj:0)
u#1                                           639.527 	(obj:0)
u#2                                           639.527 	(obj:0)
u#3                                           639.527 	(obj:0)
u#4                                           639.527 	(obj:0)
u#5                                           639.527 	(obj:0)
u#6                                           639.527 	(obj:0)
u#7                                           646.617 	(obj:0)
u#8                                           646.617 	(obj:0)
u#9                                           646.617 	(obj:0)
u#10                                          646.617 	(obj:0)
u#11                                          646.617 	(obj:0)
u#12                                          646.617 	(obj:0)
u#13                                          646.617 	(obj:0)
u#14                                          646.617 	(obj:0)
u#15                                          622.035 	(obj:0)
u#16                                          692.366 	(obj:0)
u#17                                          692.366 	(obj:0)
u#18                                          692.366 	(obj:0)
u#19                                          692.366 	(obj:0)
u#20                                          692.366 	(obj:0)
u#21                                          692.366 	(obj:0)
u#22                                 685.275999999999 	(obj:0)
u#23                                 685.275999999999 	(obj:0)
u#24                                 685.275999999999 	(obj:0)
u#25                                 685.275999999999 	(obj:0)
u#26                                 685.275999999999 	(obj:0)
u#27                                 685.275999999999 	(obj:0)
u#28                                 685.275999999999 	(obj:0)
u#29                                 685.275999999999 	(obj:0)
v#8                                            29.013 	(obj:0)
v#9                                            29.013 	(obj:0)
v#10                                           29.013 	(obj:0)
v#11                                           29.013 	(obj:0)
v#12                                           29.013 	(obj:0)
v#13                                           29.013 	(obj:0)
v#14                                           29.013 	(obj:0)
v#15                                           29.013 	(obj:0)
v#16                                           29.013 	(obj:0)
v#17                                           29.013 	(obj:0)
v#22                                 11.5300000000005 	(obj:0)
v#23                                 11.5300000000005 	(obj:0)
v#24                                 11.5300000000005 	(obj:0)
v#25                                 11.5300000000005 	(obj:0)
v#26                                 11.5300000000005 	(obj:0)
v#27                                 11.9650000000005 	(obj:0)
v#28                                 11.9650000000005 	(obj:0)
v#29                                 11.9650000000005 	(obj:0)
w#0                                           639.527 	(obj:0)
w#1                                           639.527 	(obj:0)
w#2                                           639.527 	(obj:0)
w#3                                           639.527 	(obj:0)
w#4                                           639.527 	(obj:0)
w#5                                           639.527 	(obj:0)
w#6                                           639.527 	(obj:0)
w#7                                           646.617 	(obj:0)
w#8                                            675.63 	(obj:0)
w#9                                            675.63 	(obj:0)
w#10                                           675.63 	(obj:0)
w#11                                           675.63 	(obj:0)
w#12                                           675.63 	(obj:0)
w#13                                           675.63 	(obj:0)
w#14                                           675.63 	(obj:0)
w#15                                          651.048 	(obj:0)
w#16                                          721.379 	(obj:0)
w#17                                          721.379 	(obj:0)
w#18                                          692.366 	(obj:0)
w#19                                          692.366 	(obj:0)
w#20                                          692.366 	(obj:0)
w#21                                          692.366 	(obj:0)
w#22                                          696.806 	(obj:0)
w#23                                          696.806 	(obj:0)
w#24                                          696.806 	(obj:0)
w#25                                          696.806 	(obj:0)
w#26                                          696.806 	(obj:0)
w#27                                          697.241 	(obj:0)
w#28                                          697.241 	(obj:0)
w#29                                          697.241 	(obj:0)

Statistics
==========

SCIP Status        : problem is solved [optimal solution found]
Total Time         :   32914.97
  solving          :   32914.82
  presolving       :       1.65 (included in solving)
  reading          :       0.15
  copying          :       0.05 (4 #copies) (minimal 0.01, maximal 0.01, average 0.01)
Original Problem   :
  Problem name     : CCMPPData/30-1000-2
  Variables        : 1098 (948 binary, 0 integer, 0 implicit integer, 150 continuous)
  Constraints      : 3113 initial, 3113 maximal
  Objective        : minimize, 60 non-zeros (abs.min = 100, abs.max = 288)
Presolved Problem  :
  Problem name     : t_CCMPPData/30-1000-2
  Variables        : 1060 (947 binary, 0 integer, 0 implicit integer, 113 continuous)
  Constraints      : 3030 initial, 3045 maximal
  Objective        : minimize, 59 non-zeros (abs.min = 100, abs.max = 288)
  Nonzeros         : 7588 constraint, 8652 clique table
Presolvers         :   ExecTime  SetupTime  Calls  FixedVars   AggrVars   ChgTypes  ChgBounds   AddHoles    DelCons    AddCons   ChgSides   ChgCoefs
  boundshift       :       0.00       0.00      0          0          0          0          0          0          0          0          0          0
  convertinttobin  :       0.00       0.00      0          0          0          0          0          0          0          0          0          0
  domcol           :       0.01       0.00      1          0          0          0          0          0          0          0          0          0
  dualagg          :       0.00       0.00      0          0          0          0          0          0          0          0          0          0
  dualcomp         :       0.00       0.00      1          0          0          0          0          0          0          0          0          0
  dualinfer        :       0.00       0.00      0          0          0          0          0          0          0          0          0          0
  dualsparsify     :       0.01       0.00      1          0          0          0          0          0          0          0          0          0
  gateextraction   :       0.00       0.00      0          0          0          0          0          0          0          0          0          0
  implics          :       0.00       0.00      3          0          0          0          0          0          0          0          0          0
  inttobinary      :       0.00       0.00      0          0          0          0          0          0          0          0          0          0
  milp             :       0.02       0.00      1          1         32          0         11          0          0          0          0          0
  qpkktref         :       0.00       0.00      0          0          0          0          0          0          0          0          0          0
  redvub           :       0.00       0.00      0          0          0          0          0          0          0          0          0          0
  sparsify         :       0.00       0.00      1          0          0          0          0          0          0          0          0          0
  stuffing         :       0.00       0.00      0          0          0          0          0          0          0          0          0          0
  trivial          :       0.00       0.00      5          0          0          0          0          0          0          0          0          0
  tworowbnd        :       0.00       0.00      0          0          0          0          0          0          0          0          0          0
  dualfix          :       0.00       0.00      5          1          0          0          0          0          0          0          0          0
  genvbounds       :       0.00       0.00      0          0          0          0          0          0          0          0          0          0
  probing          :       1.59       0.00      1          0          0          0          0          0          0          0          0          0
  pseudoobj        :       0.00       0.00      0          0          0          0          0          0          0          0          0          0
  symmetry         :       0.00       0.00      1          0          0          0          0          0          0          0          0          0
  vbounds          :       0.00       0.00      1          0          0          0          0          0          0          0          0          0
  chancecons       :       0.00       0.00      1          0          0          0          0          0          0          0          0          0
  varbound         :       0.00       0.00      2          0          0          0          0          0          0          0          0          0
  linear           :       0.01       0.00      7          0          4          0         30          0         83          0          0          0
  logicor          :       0.00       0.00      0          0          0          0          0          0          0          0          0          0
  bounddisjunction :       0.00       0.00      0          0          0          0          0          0          0          0          0          0
  benders          :       0.00       0.00      0          0          0          0          0          0          0          0          0          0
  components       :       0.00       0.00      1          0          0          0          0          0          0          0          0          0
  root node        :          -          -      -        157          -          -       1588          -          -          -          -          -
Constraints        :     Number  MaxNumber  #Separate #Propagate    #EnfoLP    #EnfoRelax  #EnfoPS    #Check   #ResProp    Cutoffs    DomReds       Cuts    Applied      Conss   Children
  benderslp        :          0          0          0          0        676          0          0        105          0          0          0          0          0          0          0
  chancecons       :          1          1        197      14790          0          0          0          0          0         96      74627       1173        916          0          0
  integral         :          0          0          0          0        676          0          0        105          0          0       3428          0          0         23        968
  varbound         :       2944       2944         33      15069         13          0          0        100          1          0       7724          0          0          0          0
  linear           :         85+        91         33      15125         15          0          0         17          0         46      34852          0          0          0          0
  logicor          :          0+         1          0          1          0          0          0          0          0          0          0          0          0          0          0
  bounddisjunction :          0+        18          0        984          0          0          0          0          0          0          1          0          0          0          0
  benders          :          0          0          0          0         15          0          0         12          0          0          0          0          0          0          0
  fixedvar         :          0          0          0          0         15          0          0         12          0          0          0          0          0          0          0
  countsols        :          0          0          0          0         15          0          0         12          0          0          0          0          0          0          0
  components       :          0          0          0          0          0          0          0          0          0          0          0          0          0          0          0
Constraint Timings :  TotalTime  SetupTime   Separate  Propagate     EnfoLP     EnfoPS     EnfoRelax   Check    ResProp    SB-Prop
  benderslp        :       0.00       0.00       0.00       0.00       0.00       0.00       0.00       0.00       0.00       0.00
  chancecons       :   32832.16       0.00       0.04   32830.52       0.00       0.00       0.00       0.00       0.00       1.60
  integral         :      42.09       0.00       0.00       0.00      42.09       0.00       0.00       0.00       0.00       0.00
  varbound         :       0.44       0.00       0.01       0.33       0.00       0.00       0.00       0.01       0.00       0.09
  linear           :       0.25       0.00       0.01       0.18       0.00       0.00       0.00       0.00       0.00       0.06
  logicor          :       0.00       0.00       0.00       0.00       0.00       0.00       0.00       0.00       0.00       0.00
  bounddisjunction :       0.00       0.00       0.00       0.00       0.00       0.00       0.00       0.00       0.00       0.00
  benders          :       0.00       0.00       0.00       0.00       0.00       0.00       0.00       0.00       0.00       0.00
  fixedvar         :       0.00       0.00       0.00       0.00       0.00       0.00       0.00       0.00       0.00       0.00
  countsols        :       0.00       0.00       0.00       0.00       0.00       0.00       0.00       0.00       0.00       0.00
  components       :       0.00       0.00       0.00       0.00       0.00       0.00       0.00       0.00       0.00       0.00
Propagators        : #Propagate   #ResProp    Cutoffs    DomReds
  dualfix          :         11          0          0          0
  genvbounds       :          0          0          0          0
  nlobbt           :          0          0          0          0
  obbt             :          0          0          0          0
  probing          :          0          0          0          0
  pseudoobj        :       5506          0          0         61
  redcost          :       2301          0          0      15840
  rootredcost      :         23          0          0        679
  symmetry         :          0          0          0          0
  vbounds          :       8503          0          0          0
Propagator Timings :  TotalTime  SetupTime   Presolve  Propagate    ResProp    SB-Prop
  dualfix          :       0.00       0.00       0.00       0.00       0.00       0.00
  genvbounds       :       0.00       0.00       0.00       0.00       0.00       0.00
  nlobbt           :       0.00       0.00       0.00       0.00       0.00       0.00
  obbt             :       0.00       0.00       0.00       0.00       0.00       0.00
  probing          :       1.59       0.00       1.59       0.00       0.00       0.00
  pseudoobj        :       0.03       0.00       0.00       0.03       0.00       0.00
  redcost          :       0.06       0.00       0.00       0.06       0.00       0.00
  rootredcost      :       0.01       0.00       0.00       0.00       0.00       0.00
  symmetry         :       0.01       0.00       0.00       0.00       0.00       0.00
  vbounds          :       0.03       0.00       0.00       0.03       0.00       0.01
Symmetry           :
  orbitopal red.   :          0 reductions applied,          0 cutoffs
  orbital reduction:          0 reductions applied,          0 cutoffs
  lexicographic red:          0 reductions applied,          0 cutoffs
  shadow tree time :       0.00 s
Conflict Analysis  :       Time      Calls    Success    DomReds  Conflicts   Literals    Reconvs ReconvLits   Dualrays   Nonzeros   LP Iters   (pool size: [10000,10000])
  propagation      :       0.00          0          0          -          0        0.0          0        0.0          -          -          -
  infeasible LP    :       0.00          0          0          -          0        0.0          0        0.0          0        0.0          0
  bound exceed. LP :       0.33        303        141          -         39       85.5          0        0.0         75        6.6       2333
  strong branching :       0.00          0          0          -          0        0.0          0        0.0          -          -          0
  pseudo solution  :       0.00          0          0          -          0        0.0          0        0.0          -          -          -
  applied globally :       0.00          -          -         68         26       68.9          -          -         75          -          -
  applied locally  :          -          -          -          0          7      151.7          -          -          0          -          -
Separators         :   ExecTime  SetupTime      Calls  RootCalls    Cutoffs    DomReds  FoundCuts ViaPoolAdd  DirectAdd    Applied ViaPoolApp  DirectApp      Conss
  cut pool         :       0.42          -        394         69          -          -      20226      91714          -          -          -          -          -    (maximal pool size:      16026)
  aggregation      :       2.14       0.00        140         33          0          0      14833      74069          0       6054       6054          0          0
  > cmir           :          -          -          -          -          -          -          -      74069          0       6054       6054          0          -
  > flowcover      :          -          -          -          -          -          -          -          0          0          0          0          0          -
  > knapsackcover  :          -          -          -          -          -          -          -          0          0          0          0          0          -
  cgmip            :       0.00       0.00          0          0          0          0          0          0          0          0          0          0          0
  clique           :       0.19       0.00         33         33          0          0         72        335          0          7          7          0          0
  closecuts        :       0.00       0.00          0          0          0          0          0          0          0          0          0          0          0
  convexproj       :       0.00       0.00          0          0          0          0          0          0          0          0          0          0          0
  disjunctive      :       0.00       0.00          0          0          0          0          0          0          0          0          0          0          0
  eccuts           :       0.00       0.00          0          0          0          0          0          0          0          0          0          0          0
  gauge            :       0.00       0.00          0          0          0          0          0          0          0          0          0          0          0
  gomory           :       1.17       0.00         89         10          0          0       4143      11788          0        766        766          0          0
  > gomorymi       :          -          -          -          -          -          -          -      11788          0        766        766          0          -
  > strongcg       :          -          -          -          -          -          -          -          0          0          0          0          0          -
  impliedbounds    :       0.03       0.00        140         33          0         11       1178       5522          0       1452       1452          0          0
  interminor       :       0.00       0.00          0          0          0          0          0          0          0          0          0          0          0
  intobj           :       0.00       0.00          0          0          0          0          0          0          0          0          0          0          0
  lagromory        :       0.00       0.00          0          0          0          0          0          0          0          0          0          0          0
  mcf              :       0.00       0.00          1          1          0          0          0          0          0          0          0          0          0
  minor            :       0.00       0.00         10         10          0          0          0          0          0          0          0          0          0
  mixing           :       0.00       0.00          0          0          0          0          0          0          0          0          0          0          0
  oddcycle         :       0.00       0.00          0          0          0          0          0          0          0          0          0          0          0
  rapidlearning    :       0.00       0.00          0          0          0          0          0          0          0          0          0          0          0
  rlt              :       0.00       0.00         10         10          0          0          0          0          0          0          0          0          0
  zerohalf         :       0.04       0.00         99         20          0          0          0          0          0          0          0          0          0
Cutselectors       :   ExecTime  SetupTime      Calls  RootCalls   Selected     Forced   Filtered  RootSelec   RootForc   RootFilt 
  hybrid           :       0.15       0.00        262         37       9195          0      83692       2874          0      28238
  ensemble         :       0.00       0.00          0          0          0          0          0          0          0          0
  dynamic          :       0.00       0.00          0          0          0          0          0          0          0          0
Pricers            :   ExecTime  SetupTime      Calls       Vars
  problem variables:       0.00          -          0          0
Branching Rules    :   ExecTime  SetupTime   BranchLP  BranchExt   BranchPS    Cutoffs    DomReds       Cuts      Conss   Children
  allfullstrong    :       0.00       0.00          0          0          0          0          0          0          0          0
  cloud            :       0.00       0.00          0          0          0          0          0          0          0          0
  distribution     :       0.00       0.00          0          0          0          0          0          0          0          0
  fullstrong       :       0.00       0.00          0          0          0          0          0          0          0          0
  gomory           :       0.00       0.00          0          0          0          0          0          0          0          0
  inference        :       0.00       0.00          0          0          0          0          0          0          0          0
  leastinf         :       0.00       0.00          0          0          0          0          0          0          0          0
  lookahead        :       0.00       0.00          0          0          0          0          0          0          0          0
  mostinf          :       0.00       0.00          0          0          0          0          0          0          0          0
  multaggr         :       0.00       0.00          0          0          0          0          0          0          0          0
  nodereopt        :       0.00       0.00          0          0          0          0          0          0          0          0
  pscost           :       0.00       0.00          0          0          0          0          0          0          0          0
  random           :       0.00       0.00          0          0          0          0          0          0          0          0
  relpscost        :      42.08       0.00        661          0          0          0       3428          0         24        968
  vanillafullstrong:       0.00       0.00          0          0          0          0          0          0          0          0
Primal Heuristics  :   ExecTime  SetupTime      Calls      Found       Best
  LP solutions     :       0.00          -          -         15         15
  relax solutions  :       0.00          -          -          0          0
  pseudo solutions :       0.00          -          -          0          0
  strong branching :       0.00          -          -          2          2
  actconsdiving    :       0.00       0.00          0          0          0
  adaptivediving   :       0.09       0.00          2          0          0
  alns             :       0.17       0.00          4          0          0
  bound            :       0.00       0.00          0          0          0
  clique           :       0.03       0.00          1          1          1
  coefdiving       :       0.00       0.00          0          0          0
  completesol      :       0.00       0.00          0          0          0
  conflictdiving   :       0.51       0.00          2          0          0
  crossover        :       0.00       0.00          0          0          0
  dins             :       0.00       0.00          0          0          0
  distributiondivin:       0.08       0.00          1          0          0
  dps              :       0.00       0.00          0          0          0
  dualval          :       0.00       0.00          0          0          0
  farkasdiving     :       0.00       0.00          0          0          0
  feaspump         :       1.03       0.00          1          1          1
  fixandinfer      :       0.00       0.00          0          0          0
  fracdiving       :       0.04       0.00          2          0          0
  gins             :       0.00       0.00          0          0          0
  guideddiving     :       0.03       0.00          1          0          0
  indicator        :       0.00       0.00          0          0          0
  indicatordiving  :       0.00       0.00          0          0          0
  intdiving        :       0.00       0.00          0          0          0
  intshifting      :       0.17       0.00          6          1          1
  linesearchdiving :       0.03       0.00          2          0          0
  localbranching   :       0.00       0.00          0          0          0
  locks            :       0.07       0.00          1          0          0
  lpface           :       0.00       0.00          0          0          0
  mpec             :       0.00       0.00          0          0          0
  multistart       :       0.00       0.00          0          0          0
  mutation         :       0.00       0.00          0          0          0
  nlpdiving        :       0.00       0.00          0          0          0
  objpscostdiving  :       0.05       0.00          1          1          1
  octane           :       0.00       0.00          0          0          0
  ofins            :       0.00       0.00          0          0          0
  oneopt           :       0.01       0.00         24          0          0
  padm             :       0.00       0.00          0          0          0
  proximity        :       0.00       0.00          0          0          0
  pscostdiving     :       0.30       0.00          2          1          1
  randrounding     :       0.81       0.00        101          0          0
  rens             :       0.00       0.00          0          0          0
  reoptsols        :       0.00       0.00          0          0          0
  repair           :       0.00       0.00          0          0          0
  rins             :       0.00       0.00          0          0          0
  rootsoldiving    :       0.01       0.00          1          1          0
  rounding         :       0.13       0.00       1060          3          3
  scheduler        :       0.00       0.00          0          0          0
  shiftandpropagate:       0.00       0.00          0          0          0
  shifting         :       0.50       0.00        284          0          0
  simplerounding   :       0.00       0.00          0          0          0
  subnlp           :       0.00       0.00          0          0          0
  trivial          :       0.00       0.00          2          0          0
  trivialnegation  :       0.00       0.00          0          0          0
  trustregion      :       0.00       0.00          0          0          0
  trysol           :       0.00       0.00          0          0          0
  twoopt           :       0.00       0.00          0          0          0
  undercover       :       0.00       0.00          0          0          0
  vbounds          :       0.24       0.00          1          0          0
  veclendiving     :       0.07       0.00          2          0          0
  zeroobj          :       0.00       0.00          0          0          0
  zirounding       :       0.07       0.00        483          0          0
  other solutions  :          -          -          -          0          -
LNS (Scheduler)    :      Calls  SetupTime  SolveTime SolveNodes       Sols       Best       Exp3    Exp3-IX  EpsGreedy        UCB TgtFixRate  Opt  Inf Node Stal  Sol  Usr Othr Actv
  rens             :          0       0.00       0.00          0          0          0    0.00000    0.12500   -1.00000    1.00000      0.900    0    0    0    0    0    0    0    1
  rins             :          0       0.00       0.00          0          0          0    0.00000    0.12500   -1.00000    1.00000      0.900    0    0    0    0    0    0    0    1
  mutation         :          0       0.00       0.00          0          0          0    0.00000    0.12500   -1.00000    1.00000      0.900    0    0    0    0    0    0    0    1
  localbranching   :          0       0.00       0.00          0          0          0    0.00000    0.12500   -1.00000    1.00000      0.900    0    0    0    0    0    0    0    1
  crossover        :          0       0.00       0.00          0          0          0    0.00000    0.12500   -1.00000    1.00000      0.900    0    0    0    0    0    0    0    1
  proximity        :          0       0.00       0.00          0          0          0    0.00000    0.12500   -1.00000    1.00000      0.900    0    0    0    0    0    0    0    1
  zeroobjective    :          0       0.00       0.00          0          0          0    0.00000    0.12500   -1.00000    1.00000      0.900    0    0    0    0    0    0    0    1
  dins             :          0       0.00       0.00          0          0          0    0.00000    0.12500   -1.00000    1.00000      0.900    0    0    0    0    0    0    0    1
  trustregion      :          0       0.00       0.00          0          0          0    0.00000    0.00000   -1.00000    1.00000      0.900    0    0    0    0    0    0    0    0
LP                 :       Time      Calls Iterations  Iter/call   Iter/sec  Time-0-It Calls-0-It    ItLimit
  primal LP        :       0.04        116          0       0.00       0.00       0.04        116
  dual LP          :      32.73       1773     290275     220.24    8867.64       0.20        455
  lex dual LP      :       0.00          0          0       0.00          -
  barrier LP       :       0.00          0          0       0.00          -       0.00          0
  resolve instable :       0.00          0          0       0.00          -
  diving/probing LP:       2.30         89      16958     190.54    7364.41
  strong branching :      39.15        776     301692     388.78    7705.52          -          -        296
    (at root node) :          -         59      57127     968.25          -
  conflict analysis:       0.24        240       2333       9.72    9921.16
B&B Tree           :
  number of runs   :          1
  nodes            :        874 (484 internal, 390 leaves)
  feasible leaves  :         15
  infeas. leaves   :         61
  objective leaves :        314
  nodes (total)    :        874 (484 internal, 390 leaves)
  nodes left       :          0
  max depth        :         34
  max depth (total):         34
  backtracks       :        212 (24.3%)
  early backtracks :          0 (0.0%)
  nodes exc. ref.  :          0 (0.0%)
  delayed cutoffs  :          0
  repropagations   :        255 (872 domain reductions, 0 cutoffs)
  avg switch length:       4.73
  switching time   :       0.25
Root Node          :
  First LP value   : +1.76799368837094e+05
  First LP Iters   :       1125 (20830.25 Iter/sec)
  First LP Time    :       0.05
  Final Dual Bound : +1.79168318847976e+05
  Final Root Iters :      28666
  Root LP Estimate : +1.80498830494989e+05
Solution           :
  Solutions found  :         26 (25 improvements)
  First Solution   : +1.80983564000000e+05   (in run 1, after 1 nodes, 1.69 seconds, depth 30, found by <clique>)
  Gap First Sol.   :   infinite
  Gap Last Sol.    :       0.06 %
  Primal Bound     : +1.79335051000000e+05   (in run 1, after 788 nodes, 26170.06 seconds, depth 16, found by <relaxation>)
  Dual Bound       : +1.79335051000000e+05
  Gap              :       0.00 %
Integrals          :      Total       Avg%
  primal-dual      :    6192.53       0.19
  primal-ref       :          -          - (not evaluated)
  dual-ref         :          -          - (not evaluated)

 Branching Statistics...

 Total number of propagations -> 14790

 Number of cutoffs of KnaCons -> 1

 Total number of variables fixed to 1 by the propagator -> 5137

 Total number of variables fixed to 0 by the propagator -> 36102

 Maximum number of rounds of the approximation algorithm -> 6

 Runtime of the exact algorithm -> 32748.7300 s

 Total number of variables fixed to 1 in the exact algorithm -> 1270

 Total number of variables fixed to 0 in the exact algorithm -> 23030

 Number of cutoffs in the exact algorithm -> 0

 Number of cutoffs in the approximation algorithm -> 44

 PS:  
