***************************************
*         SCIP-based CCP Solver       *
*                                     *
*    Wei Lv and Wei-Kun Chen (2024)   *
***************************************
/beegfs/home/30150120/SCIP-CCP/build/ccp -f data/CCMPPData/100-3000-1.ccmpp -s settings/CCMPPSetting/BASE05.set 
SCIP version 9.1.0 [precision: 8 byte] [memory: block] [mode: optimized] [LP solver: Soplex 7.1.0] [GitHash: 8cab0278ba]
Copyright (c) 2002-2024 Zuse Institute Berlin (ZIB)

External libraries: 
  Soplex 7.1.0         Linear Programming Solver developed at Zuse Institute Berlin (soplex.zib.de) [GitHash: 595bfac9]
  CppAD 20180000.0     Algorithmic Differentiation of C++ algorithms developed by B. Bell (github.com/coin-or/CppAD)
  ZLIB 1.2.7           General purpose compression library by J. Gailly and M. Adler (zlib.net)
  GMP 6.2.1            GNU Multiple Precision Arithmetic Library developed by T. Granlund (gmplib.org)
  AMPL/MP 690e9e7      AMPL .nl file reader library (github.com/ampl/mp)
  PaPILO 2.3.0         parallel presolve for integer and linear optimization (github.com/scipopt/papilo) (built with TBB) [GitHash: 4b8ce6ed]
  Nauty 2.8.8          Computing Graph Automorphism Groups by Brendan D. McKay (users.cecs.anu.edu.au/~bdm/nauty)
  sassy 1.1            Symmetry preprocessor by Markus Anders (github.com/markusa4/sassy)

reading user parameter file <settings/CCMPPSetting/BASE05.set>

read problem <data/CCMPPData/100-3000-1.ccmpp>
============

File name: 	data/CCMPPData/100-3000-1.ccmpp
Problem name:	CCMPPData/100-3000-1
Dimension: 	100
NumScenario: 	3000
ConfidenceParameter: 	0.05
IsEqualProbability: 	1
BASE+DI: 	0
BASE+sDI: 	0
BASE+DB: 	0
BASE+DB+OPF: 	0
Dominance and Aggregation Statistics......
NumEdge:        0
NumBiEdge: 	0
NumDomIneqs: 	0
DominanceRatio: 0.0000
NumAggScenario: 3000 
BasicNumScenario: 2978 
original problem has 3500 variables (3000 bin, 0 int, 0 impl, 500 cont) and 15402 constraints

solve problem
=============

presolving:
(round 1, fast)       26 del vars, 365 del conss, 0 add conss, 100 chg bounds, 0 chg sides, 0 chg coeffs, 0 upgd conss, 0 impls, 0 clqs
   (0.1s) running MILP presolver
   (0.1s) MILP presolver (3 rounds): 102 aggregations, 2 fixings, 48 bound changes
(round 2, medium)     130 del vars, 365 del conss, 0 add conss, 148 chg bounds, 0 chg sides, 0 chg coeffs, 0 upgd conss, 0 impls, 0 clqs
(round 3, fast)       130 del vars, 467 del conss, 0 add conss, 148 chg bounds, 0 chg sides, 0 chg coeffs, 0 upgd conss, 0 impls, 0 clqs
(round 4, exhaustive) 130 del vars, 467 del conss, 0 add conss, 148 chg bounds, 0 chg sides, 0 chg coeffs, 14639 upgd conss, 0 impls, 0 clqs
   (0.2s) probing: 51/2978 (1.7%) - 0 fixings, 0 aggregations, 0 implications, 0 bound changes
   (0.2s) probing aborted: 50/50 successive totally useless probings
   (0.2s) symmetry computation started: requiring (bin +, int +, cont +), (fixed: bin -, int -, cont -)
   Symmetry detection interrupted: constraints of type chancecons do not provide symmetry information.
   If symmetries shall be detected, implement the CONSGETPERMSYMGRAPH callback.
   (0.2s) could not compute symmetry
presolving (5 rounds: 5 fast, 3 medium, 2 exhaustive):
 130 deleted vars, 467 deleted constraints, 0 added constraints, 148 tightened bounds, 0 added holes, 0 changed sides, 0 changed coefficients
 14639 implications, 0 cliques
presolved problem has 3370 variables (2978 bin, 0 int, 0 impl, 392 cont) and 14935 constraints
      1 constraints of type <chancecons>
  14639 constraints of type <varbound>
      1 constraints of type <knapsack>
    294 constraints of type <linear>
Presolving Time: 0.22

 time | node  | left  |LP iter|LP it/n|mem/heur|mdpt |vars |cons |rows |cuts |sepa|confs|strbr|  dualbound   | primalbound  |  gap   | compl. 
p 0.3s|     1 |     0 |   196 |     - |   locks|   0 |3370 |  14k|  14k|   0 |  0 |   0 |   0 | 0.000000e+00 | 7.053183e+05 |    Inf | unknown
p 0.3s|     1 |     0 |   397 |     - | vbounds|   0 |3370 |  14k|  14k|   0 |  0 |   0 |   0 | 0.000000e+00 | 7.047703e+05 |    Inf | unknown
  1.1s|     1 |     0 |  4064 |     - |   115M |   0 |3370 |  14k|  14k|   0 |  0 |   1 |   0 | 7.002574e+05 | 7.047703e+05 |   0.64%| unknown
  1.3s|     1 |     0 |  4407 |     - |   120M |   0 |3370 |  14k|  15k|  94 |  1 |   1 |   0 | 7.004933e+05 | 7.047703e+05 |   0.61%| unknown
  1.5s|     1 |     0 |  4674 |     - |   123M |   0 |3370 |  14k|  15k| 194 |  2 |   1 |   0 | 7.006679e+05 | 7.047703e+05 |   0.59%| unknown
  1.7s|     1 |     0 |  4949 |     - |   125M |   0 |3370 |  14k|  15k| 311 |  3 |   1 |   0 | 7.009227e+05 | 7.047703e+05 |   0.55%| unknown
  2.0s|     1 |     0 |  5297 |     - |   127M |   0 |3370 |  14k|  15k| 390 |  4 |   1 |   0 | 7.011487e+05 | 7.047703e+05 |   0.52%| unknown
  2.2s|     1 |     0 |  5633 |     - |   129M |   0 |3370 |  14k|  15k| 517 |  5 |   1 |   0 | 7.013098e+05 | 7.047703e+05 |   0.49%| unknown
  2.4s|     1 |     0 |  5985 |     - |   132M |   0 |3370 |  14k|  15k| 641 |  6 |   1 |   0 | 7.014959e+05 | 7.047703e+05 |   0.47%| unknown
  2.6s|     1 |     0 |  6331 |     - |   134M |   0 |3370 |  14k|  15k| 748 |  7 |   1 |   0 | 7.016178e+05 | 7.047703e+05 |   0.45%| unknown
  2.8s|     1 |     0 |  6648 |     - |   137M |   0 |3370 |  14k|  15k| 845 |  8 |   1 |   0 | 7.017024e+05 | 7.047703e+05 |   0.44%| unknown
  3.1s|     1 |     0 |  6941 |     - |   139M |   0 |3370 |  14k|  15k| 935 |  9 |   1 |   0 | 7.017805e+05 | 7.047703e+05 |   0.43%| unknown
  3.3s|     1 |     0 |  7275 |     - |   141M |   0 |3370 |  14k|  15k|1016 | 10 |   1 |   0 | 7.018720e+05 | 7.047703e+05 |   0.41%| unknown
  3.5s|     1 |     0 |  7599 |     - |   142M |   0 |3370 |  14k|  16k|1113 | 11 |   1 |   0 | 7.019344e+05 | 7.047703e+05 |   0.40%| unknown
  3.8s|     1 |     0 |  7959 |     - |   146M |   0 |3370 |  14k|  16k|1208 | 12 |   1 |   0 | 7.020288e+05 | 7.047703e+05 |   0.39%| unknown
 time | node  | left  |LP iter|LP it/n|mem/heur|mdpt |vars |cons |rows |cuts |sepa|confs|strbr|  dualbound   | primalbound  |  gap   | compl. 
  4.0s|     1 |     0 |  8371 |     - |   148M |   0 |3370 |  14k|  16k|1300 | 13 |   1 |   0 | 7.020986e+05 | 7.047703e+05 |   0.38%| unknown
  4.3s|     1 |     0 |  8750 |     - |   150M |   0 |3370 |  14k|  16k|1377 | 14 |   1 |   0 | 7.021501e+05 | 7.047703e+05 |   0.37%| unknown
  4.5s|     1 |     0 |  9128 |     - |   152M |   0 |3370 |  14k|  16k|1457 | 15 |   1 |   0 | 7.021974e+05 | 7.047703e+05 |   0.37%| unknown
  4.8s|     1 |     0 |  9479 |     - |   154M |   0 |3370 |  14k|  16k|1521 | 16 |   1 |   0 | 7.022398e+05 | 7.047703e+05 |   0.36%| unknown
  5.1s|     1 |     0 | 10061 |     - |   156M |   0 |3370 |  14k|  16k|1588 | 17 |   1 |   0 | 7.022850e+05 | 7.047703e+05 |   0.35%| unknown
  5.5s|     1 |     0 | 10838 |     - |   159M |   0 |3370 |  14k|  16k|1667 | 18 |   1 |   0 | 7.023401e+05 | 7.047703e+05 |   0.35%| unknown
  5.8s|     1 |     0 | 11545 |     - |   162M |   0 |3370 |  14k|  16k|1727 | 19 |   1 |   0 | 7.023791e+05 | 7.047703e+05 |   0.34%| unknown
  6.2s|     1 |     0 | 12261 |     - |   164M |   0 |3370 |  14k|  16k|1810 | 20 |   1 |   0 | 7.024069e+05 | 7.047703e+05 |   0.34%| unknown
  6.6s|     1 |     0 | 13001 |     - |   164M |   0 |3370 |  14k|  16k|1872 | 21 |   1 |   0 | 7.024328e+05 | 7.047703e+05 |   0.33%| unknown
  7.0s|     1 |     0 | 13963 |     - |   164M |   0 |3370 |  14k|  16k|1936 | 22 |   1 |   0 | 7.024599e+05 | 7.047703e+05 |   0.33%| unknown
o 7.9s|     1 |     0 | 17423 |     - |feaspump|   0 |3370 |  14k|  16k|1936 | 22 |   1 |   0 | 7.024599e+05 | 7.039435e+05 |   0.21%| unknown
L13.7s|     1 |     0 | 24257 |     - |    rens|   0 |3370 |  14k|  16k|1936 | 22 |   2 |   0 | 7.024599e+05 | 7.031709e+05 |   0.10%| unknown
 13.8s|     1 |     0 | 24257 |     - |   166M |   0 |3370 |  14k|  16k|1936 | 22 |   2 |   0 | 7.024599e+05 | 7.031709e+05 |   0.10%| unknown
 14.3s|     1 |     0 | 25285 |     - |   166M |   0 |3370 |  14k|  16k|2015 | 23 |   2 |   0 | 7.024865e+05 | 7.031709e+05 |   0.10%| unknown
 14.6s|     1 |     0 | 25769 |     - |   167M |   0 |3370 |  14k|  16k|2063 | 24 |   3 |   0 | 7.024920e+05 | 7.031709e+05 |   0.10%| unknown
 time | node  | left  |LP iter|LP it/n|mem/heur|mdpt |vars |cons |rows |cuts |sepa|confs|strbr|  dualbound   | primalbound  |  gap   | compl. 
 18.7s|     1 |     2 | 25769 |     - |   167M |   0 |3370 |  14k|  16k|2063 | 24 |   3 |  19 | 7.024992e+05 | 7.031709e+05 |   0.10%| unknown
 84.3s|   100 |    35 | 66275 | 518.5 |   171M |  20 |3370 |  14k|  15k|2805 |  1 |  84 | 535 | 7.025197e+05 | 7.031709e+05 |   0.09%|   5.86%
L86.1s|   113 |    27 | 70323 | 494.5 |    alns|  20 |3370 |  14k|  16k|3066 |  2 |  87 | 535 | 7.025197e+05 | 7.030235e+05 |   0.07%|   6.25%
  113s|   200 |    80 |122675 | 541.4 |   176M |  29 |3370 |  15k|  15k|3745 |  1 | 189 | 599 | 7.025231e+05 | 7.030235e+05 |   0.07%|   6.82%
  142s|   300 |   136 |181204 | 556.1 |   180M |  49 |3370 |  15k|  16k|4686 |  1 | 272 | 657 | 7.025493e+05 | 7.030235e+05 |   0.07%|   7.92%
L 144s|   313 |   121 |186890 | 551.1 |crossove|  53 |3370 |  15k|  16k|4858 |  1 | 281 | 657 | 7.025493e+05 | 7.029795e+05 |   0.06%|   9.41%
  169s|   400 |   166 |229365 | 537.4 |   184M |  77 |3370 |  15k|  16k|5739 |  1 | 410 | 720 | 7.025528e+05 | 7.029795e+05 |   0.06%|  13.23%
  195s|   500 |   194 |274331 | 519.8 |   186M |  80 |3370 |  15k|  16k|6522 |  0 | 443 | 801 | 7.025644e+05 | 7.029795e+05 |   0.06%|  14.56%
  224s|   600 |   236 |326267 | 519.7 |   189M |  80 |3370 |  15k|  16k|7007 |  2 | 456 | 866 | 7.025709e+05 | 7.029795e+05 |   0.06%|  14.82%
  254s|   700 |   254 |378447 | 520.0 |   192M |  80 |3370 |  15k|  16k|7545 |  1 | 501 | 937 | 7.025709e+05 | 7.029795e+05 |   0.06%|  14.82%
  291s|   800 |   268 |440487 | 532.6 |   197M |  80 |3370 |  15k|  16k|8400 |  0 | 557 |1036 | 7.025784e+05 | 7.029795e+05 |   0.06%|  15.84%
  315s|   900 |   290 |480600 | 518.0 |   198M |  85 |3370 |  15k|  16k|8577 |  0 | 579 |1081 | 7.025784e+05 | 7.029795e+05 |   0.06%|  15.91%
* 333s|   946 |   273 |508010 | 521.8 |    LP  |  87 |3370 |  15k|  16k|8671 |  2 | 606 |1158 | 7.025784e+05 | 7.029719e+05 |   0.06%|  15.91%
  349s|  1000 |   281 |536602 | 522.2 |   202M |  87 |3370 |  15k|  16k|8776 |  0 | 621 |1202 | 7.025784e+05 | 7.029719e+05 |   0.06%|  15.97%
  390s|  1100 |   287 |604249 | 536.2 |   208M |  87 |3370 |  15k|  16k|9168 |  1 | 657 |1303 | 7.025876e+05 | 7.029719e+05 |   0.05%|  17.56%
 time | node  | left  |LP iter|LP it/n|mem/heur|mdpt |vars |cons |rows |cuts |sepa|confs|strbr|  dualbound   | primalbound  |  gap   | compl. 
  421s|  1200 |   301 |655582 | 534.3 |   213M |  87 |3370 |  15k|  16k|9491 |  2 | 677 |1366 | 7.025883e+05 | 7.029719e+05 |   0.05%|  18.48%
L 434s|  1242 |   217 |679212 | 535.3 |crossove|  87 |3370 |  15k|  16k|9750 |  0 | 683 |1399 | 7.026022e+05 | 7.029485e+05 |   0.05%|  19.10%
  463s|  1300 |   225 |727211 | 548.3 |   219M |  87 |3370 |  15k|  16k|  10k|  0 | 716 |1470 | 7.026022e+05 | 7.029485e+05 |   0.05%|  19.15%
  507s|  1400 |   223 |796653 | 558.8 |   227M |  87 |3370 |  14k|  16k|  10k|  3 | 879 |1597 | 7.026095e+05 | 7.029485e+05 |   0.05%|  21.28%
  545s|  1500 |   227 |867037 | 568.4 |   229M |  87 |3370 |  14k|  16k|  11k|  1 | 918 |1691 | 7.026221e+05 | 7.029485e+05 |   0.05%|  25.50%
  589s|  1600 |   229 |936597 | 576.4 |   235M |  87 |3370 |  14k|  17k|  11k|  2 | 943 |1796 | 7.026247e+05 | 7.029485e+05 |   0.05%|  28.38%
  627s|  1700 |   231 |997704 | 578.4 |   238M |  87 |3370 |  14k|  16k|  12k|  1 | 978 |1899 | 7.026380e+05 | 7.029485e+05 |   0.04%|  37.21%
  707s|  1800 |   249 |  1122k| 615.5 |   251M |  87 |3370 |  14k|  16k|  13k|  0 |1007 |2032 | 7.026473e+05 | 7.029485e+05 |   0.04%|  37.89%
  755s|  1900 |   263 |  1196k| 622.2 |   255M |  87 |3370 |  14k|  16k|  13k|  0 |1043 |2148 | 7.026527e+05 | 7.029485e+05 |   0.04%|  38.38%
  815s|  2000 |   239 |  1304k| 645.2 |   260M |  87 |3370 |  14k|  16k|  13k|  0 |1200 |2261 | 7.026735e+05 | 7.029485e+05 |   0.04%|  41.26%
  880s|  2100 |   247 |  1386k| 653.3 |   276M |  87 |3370 |  14k|  16k|  14k|  1 |1234 |2404 | 7.026820e+05 | 7.029485e+05 |   0.04%|  42.69%
  956s|  2200 |   257 |  1507k| 678.8 |   280M |  87 |3370 |  14k|  17k|  14k|  0 |1291 |2528 | 7.026820e+05 | 7.029485e+05 |   0.04%|  42.69%
 1007s|  2300 |   257 |  1588k| 684.4 |   285M |  87 |3370 |  14k|  16k|  14k|  0 |1336 |2630 | 7.026898e+05 | 7.029485e+05 |   0.04%|  45.03%
 1048s|  2400 |   265 |  1647k| 680.5 |   291M |  87 |3370 |  14k|  16k|  15k|  1 |1346 |2696 | 7.026948e+05 | 7.029485e+05 |   0.04%|  55.67%
 1087s|  2500 |   299 |  1708k| 677.8 |   294M |  87 |3370 |  14k|  16k|  15k|  0 |1384 |2778 | 7.026960e+05 | 7.029485e+05 |   0.04%|  55.73%
 time | node  | left  |LP iter|LP it/n|mem/heur|mdpt |vars |cons |rows |cuts |sepa|confs|strbr|  dualbound   | primalbound  |  gap   | compl. 
 1136s|  2600 |   309 |  1795k| 685.0 |   296M |  87 |3370 |  14k|  16k|  15k|  1 |1415 |2878 | 7.026960e+05 | 7.029485e+05 |   0.04%|  55.73%
 1203s|  2700 |   327 |  1891k| 695.3 |   306M |  93 |3370 |  14k|  17k|  16k|  0 |1443 |3005 | 7.026963e+05 | 7.029485e+05 |   0.04%|  56.15%
 1249s|  2800 |   295 |  1980k| 702.3 |   308M |  93 |3370 |  14k|  17k|  16k|  0 |1453 |3037 | 7.027059e+05 | 7.029485e+05 |   0.03%|  58.29%
 1311s|  2900 |   329 |  2089k| 715.4 |   323M |  93 |3370 |  14k|  17k|  16k|  2 |1472 |3123 | 7.027059e+05 | 7.029485e+05 |   0.03%|  58.49%
 1358s|  3000 |   367 |  2162k| 716.0 |   324M |  93 |3370 |  14k|  17k|  16k|  1 |1493 |3212 | 7.027059e+05 | 7.029485e+05 |   0.03%|  58.49%
 1389s|  3100 |   397 |  2206k| 707.2 |   325M | 100 |3370 |  14k|  17k|  16k|  2 |1493 |3243 | 7.027059e+05 | 7.029485e+05 |   0.03%|  58.49%
 1436s|  3200 |   403 |  2299k| 714.2 |   328M | 100 |3370 |  14k|  17k|  17k|  1 |1500 |3281 | 7.027217e+05 | 7.029485e+05 |   0.03%|  58.84%
 1483s|  3300 |   393 |  2399k| 722.7 |   329M | 100 |3370 |  14k|  17k|  17k|  1 |1511 |3299 | 7.027236e+05 | 7.029485e+05 |   0.03%|  59.24%
 1555s|  3400 |   397 |  2527k| 739.2 |   332M | 100 |3370 |  14k|  17k|  17k|  2 |1525 |3390 | 7.027236e+05 | 7.029485e+05 |   0.03%|  59.24%
L1582s|  3436 |   389 |  2581k| 747.3 |crossove| 100 |3370 |  14k|  17k|  17k| 11 |1558 |3415 | 7.027269e+05 | 7.029485e+05 |   0.03%|  60.40%
 1622s|  3500 |   395 |  2627k| 746.6 |   334M | 100 |3370 |  14k|  17k|  18k|  0 |1576 |3491 | 7.027275e+05 | 7.029485e+05 |   0.03%|  60.47%
 1694s|  3600 |   420 |  2723k| 752.6 |   336M | 100 |3370 |  14k|  17k|  18k|  1 |1581 |3580 | 7.027360e+05 | 7.029485e+05 |   0.03%|  61.26%
 1748s|  3700 |   414 |  2821k| 758.7 |   344M | 100 |3370 |  14k|  17k|  18k|  0 |1581 |3624 | 7.027461e+05 | 7.029485e+05 |   0.03%|  62.19%
 1840s|  3800 |   414 |  2969k| 777.7 |   358M | 100 |3370 |  14k|  17k|  19k|  0 |1602 |3763 | 7.027587e+05 | 7.029485e+05 |   0.03%|  63.33%
 1999s|  3900 |   438 |  3186k| 813.4 |   366M | 100 |3370 |  14k|  17k|  19k|  1 |1617 |4034 | 7.027587e+05 | 7.029485e+05 |   0.03%|  63.43%
 time | node  | left  |LP iter|LP it/n|mem/heur|mdpt |vars |cons |rows |cuts |sepa|confs|strbr|  dualbound   | primalbound  |  gap   | compl. 
 2054s|  4000 |   478 |  3326k| 828.1 |   370M | 162 |3370 |  14k|  17k|  19k|  0 |1617 |4034 | 7.027587e+05 | 7.029485e+05 |   0.03%|  63.43%
 2151s|  4100 |   451 |  3519k| 855.0 |   373M | 168 |3370 |  14k|  17k|  19k|  0 |1623 |4105 | 7.027627e+05 | 7.029485e+05 |   0.03%|  64.33%
 2226s|  4200 |   439 |  3662k| 868.7 |   374M | 168 |3370 |  14k|  17k|  19k|  0 |1658 |4161 | 7.027675e+05 | 7.029485e+05 |   0.03%|  65.29%
 2308s|  4300 |   469 |  3767k| 873.0 |   395M | 168 |3370 |  14k|  17k|  20k|  1 |1684 |4321 | 7.027692e+05 | 7.029485e+05 |   0.03%|  65.52%
 2332s|  4400 |   481 |  3811k| 863.1 |   396M | 168 |3370 |  14k|  17k|  20k|  1 |1789 |4346 | 7.027732e+05 | 7.029485e+05 |   0.02%|  65.53%
 2383s|  4500 |   509 |  3904k| 864.5 |   410M | 168 |3370 |  14k|  17k|  20k|  1 |1806 |4394 | 7.027732e+05 | 7.029485e+05 |   0.02%|  65.53%
 2417s|  4600 |   529 |  3980k| 862.3 |   412M | 168 |3370 |  14k|  17k|  20k|  2 |1816 |4397 | 7.027754e+05 | 7.029485e+05 |   0.02%|  65.53%
 2456s|  4700 |   527 |  4056k| 860.2 |   414M | 168 |3370 |  14k|  17k|  20k|  2 |1844 |4453 | 7.027758e+05 | 7.029485e+05 |   0.02%|  65.78%
 2497s|  4800 |   515 |  4137k| 859.1 |   417M | 168 |3370 |  14k|  17k|  20k|  0 |1866 |4506 | 7.027802e+05 | 7.029485e+05 |   0.02%|  66.05%
 2567s|  4900 |   525 |  4228k| 860.1 |   434M | 168 |3370 |  14k|  17k|  21k|  0 |2008 |4602 | 7.027840e+05 | 7.029485e+05 |   0.02%|  67.18%
 2623s|  5000 |   537 |  4325k| 862.3 |   444M | 168 |3370 |  14k|  17k|  21k|  0 |2192 |4675 | 7.027911e+05 | 7.029485e+05 |   0.02%|  67.26%
 2699s|  5100 |   528 |  4434k| 866.8 |   462M | 168 |3370 |  14k|  16k|  21k|  0 |2221 |4811 | 7.027948e+05 | 7.029485e+05 |   0.02%|  67.86%
 2781s|  5200 |   510 |  4558k| 873.9 |   477M | 168 |3370 |  14k|  17k|  21k|  1 |2245 |4907 | 7.028019e+05 | 7.029485e+05 |   0.02%|  69.36%
 2847s|  5300 |   516 |  4675k| 879.6 |   503M | 168 |3370 |  14k|   0 |  21k|  0 |2315 |4998 | 7.028024e+05 | 7.029485e+05 |   0.02%|  69.53%
Restart triggered after 50 consecutive estimations that the remaining tree will be large
(run 1, node 5352) performing user restart

(restart) converted 422 cuts from the global cut pool into linear constraints

presolving:
(round 1, fast)       22 del vars, 42 del conss, 0 add conss, 17 chg bounds, 34 chg sides, 475 chg coeffs, 0 upgd conss, 14639 impls, 0 clqs
presolving (2 rounds: 2 fast, 1 medium, 1 exhaustive):
 22 deleted vars, 50 deleted constraints, 0 added constraints, 34 tightened bounds, 0 added holes, 34 changed sides, 552 changed coefficients
 14639 implications, 0 cliques
presolved problem has 3348 variables (2958 bin, 0 int, 0 impl, 390 cont) and 15318 constraints
      1 constraints of type <chancecons>
  14250 constraints of type <varbound>
      1 constraints of type <knapsack>
    690 constraints of type <linear>
    156 constraints of type <logicor>
    220 constraints of type <bounddisjunction>
Presolving Time: 0.29
transformed 21/25 original solutions to the transformed problem space

 time | node  | left  |LP iter|LP it/n|mem/heur|mdpt |vars |cons |rows |cuts |sepa|confs|strbr|  dualbound   | primalbound  |  gap   | compl. 
 2901s|     1 |     0 |  4749k|     - |   501M |   0 |3348 |  14k|  13k|   0 |  0 |2341 |5094 | 7.028030e+05 | 7.029485e+05 |   0.02%| unknown
 2901s|     1 |     0 |  4750k|     - |   503M |   0 |3348 |  14k|  13k|  94 |  1 |2341 |5094 | 7.028030e+05 | 7.029485e+05 |   0.02%| unknown
 2901s|     1 |     0 |  4750k|     - |   505M |   0 |3348 |  14k|  13k| 184 |  2 |2342 |5094 | 7.028030e+05 | 7.029485e+05 |   0.02%| unknown
 2902s|     1 |     0 |  4751k|     - |   506M |   0 |3348 |  14k|  14k| 275 |  3 |2344 |5094 | 7.028030e+05 | 7.029485e+05 |   0.02%| unknown
 2902s|     1 |     0 |  4751k|     - |   508M |   0 |3348 |  14k|  14k| 367 |  4 |2348 |5094 | 7.028030e+05 | 7.029485e+05 |   0.02%| unknown
 2902s|     1 |     0 |  4752k|     - |   510M |   0 |3348 |  14k|  14k| 460 |  5 |2353 |5094 | 7.028030e+05 | 7.029485e+05 |   0.02%| unknown
 2902s|     1 |     0 |  4753k|     - |   512M |   0 |3348 |  14k|  14k| 558 |  6 |2354 |5094 | 7.028030e+05 | 7.029485e+05 |   0.02%| unknown
 2903s|     1 |     0 |  4753k|     - |   513M |   0 |3348 |  14k|  14k| 631 |  7 |2354 |5094 | 7.028030e+05 | 7.029485e+05 |   0.02%| unknown
 2903s|     1 |     0 |  4754k|     - |   515M |   0 |3348 |  14k|  14k| 712 |  8 |2355 |5094 | 7.028030e+05 | 7.029485e+05 |   0.02%| unknown
 2903s|     1 |     0 |  4755k|     - |   517M |   0 |3348 |  14k|  14k| 793 |  9 |2358 |5094 | 7.028030e+05 | 7.029485e+05 |   0.02%| unknown
 2904s|     1 |     0 |  4755k|     - |   519M |   0 |3348 |  14k|  14k| 859 | 10 |2361 |5094 | 7.028030e+05 | 7.029485e+05 |   0.02%| unknown
 2904s|     1 |     0 |  4756k|     - |   521M |   0 |3348 |  14k|  14k| 937 | 11 |2363 |5094 | 7.028030e+05 | 7.029485e+05 |   0.02%| unknown
 2905s|     1 |     0 |  4757k|     - |   523M |   0 |3348 |  14k|  14k|1017 | 12 |2364 |5094 | 7.028030e+05 | 7.029485e+05 |   0.02%| unknown
 2905s|     1 |     0 |  4758k|     - |   525M |   0 |3348 |  14k|  14k|1077 | 13 |2365 |5094 | 7.028030e+05 | 7.029485e+05 |   0.02%| unknown
 2905s|     1 |     0 |  4759k|     - |   526M |   0 |3348 |  14k|  14k|1143 | 14 |2368 |5094 | 7.028030e+05 | 7.029485e+05 |   0.02%| unknown
 time | node  | left  |LP iter|LP it/n|mem/heur|mdpt |vars |cons |rows |cuts |sepa|confs|strbr|  dualbound   | primalbound  |  gap   | compl. 
 2906s|     1 |     0 |  4759k|     - |   528M |   0 |3348 |  14k|  14k|1207 | 15 |2368 |5094 | 7.028030e+05 | 7.029485e+05 |   0.02%| unknown
 2909s|     1 |     2 |  4760k|     - |   528M |   0 |3348 |  14k|  14k|1207 | 15 |2370 |5096 | 7.028030e+05 | 7.029485e+05 |   0.02%| unknown
 2992s|   100 |    81 |  4797k| 873.3 |   535M |  49 |3348 |  14k|  14k|1841 |  1 |2411 |5661 | 7.028030e+05 | 7.029485e+05 |   0.02%| unknown
 3018s|   200 |   103 |  4852k| 867.5 |   539M |  60 |3348 |  14k|  14k|2428 |  0 |2427 |5754 | 7.028030e+05 | 7.029485e+05 |   0.02%|  12.25%
 3037s|   300 |   121 |  4886k| 858.3 |   544M |  60 |3348 |  14k|  14k|2963 |  1 |2439 |5824 | 7.028030e+05 | 7.029485e+05 |   0.02%|  12.37%
 3054s|   400 |   153 |  4920k| 849.2 |   547M |  60 |3348 |  14k|  14k|3580 |  1 |2446 |5864 | 7.028030e+05 | 7.029485e+05 |   0.02%|  13.28%
 3071s|   500 |   173 |  4946k| 839.2 |   549M |  60 |3348 |  14k|  14k|3709 |  0 |2446 |5940 | 7.028030e+05 | 7.029485e+05 |   0.02%|  13.28%
 3095s|   600 |   183 |  4995k| 833.2 |   551M |  60 |3348 |  14k|  14k|4523 |  0 |2446 |5975 | 7.028030e+05 | 7.029485e+05 |   0.02%|  13.29%
 3111s|   700 |   187 |  5029k| 825.1 |   553M |  60 |3348 |  14k|  14k|4985 |  1 |2446 |5999 | 7.028030e+05 | 7.029485e+05 |   0.02%|  13.29%
 3144s|   800 |   203 |  5071k| 818.5 |   558M |  60 |3348 |  14k|  14k|5526 |  1 |2455 |6139 | 7.028030e+05 | 7.029485e+05 |   0.02%|  13.29%
 3163s|   900 |   221 |  5110k| 811.7 |   563M |  60 |3348 |  14k|  14k|5831 |  1 |2464 |6184 | 7.028030e+05 | 7.029485e+05 |   0.02%|  13.43%
 3183s|  1000 |   237 |  5151k| 805.4 |   565M |  60 |3348 |  14k|  15k|6396 |  1 |2480 |6233 | 7.028030e+05 | 7.029485e+05 |   0.02%|  13.43%
 3216s|  1100 |   219 |  5220k| 803.5 |   570M |  60 |3348 |  14k|  14k|6960 |  0 |2506 |6280 | 7.028030e+05 | 7.029485e+05 |   0.02%|  13.47%
 3248s|  1200 |   251 |  5307k| 804.6 |   574M |  60 |3348 |  14k|  15k|7248 |  0 |2509 |6311 | 7.028030e+05 | 7.029485e+05 |   0.02%|  13.47%
 3274s|  1300 |   237 |  5366k| 801.4 |   580M |  60 |3348 |  14k|  14k|7812 |  0 |2514 |6320 | 7.028030e+05 | 7.029485e+05 |   0.02%|  13.47%
 time | node  | left  |LP iter|LP it/n|mem/heur|mdpt |vars |cons |rows |cuts |sepa|confs|strbr|  dualbound   | primalbound  |  gap   | compl. 
 3315s|  1400 |   273 |  5430k| 799.0 |   586M |  60 |3348 |  14k|  14k|8282 |  2 |2521 |6437 | 7.028030e+05 | 7.029485e+05 |   0.02%|  13.47%
 3353s|  1500 |   291 |  5495k| 796.7 |   591M |  60 |3348 |  14k|  15k|8825 |  6 |2546 |6520 | 7.028030e+05 | 7.029485e+05 |   0.02%|  30.14%
 3386s|  1600 |   293 |  5556k| 794.0 |   597M |  60 |3348 |  14k|  15k|9180 |  0 |2557 |6597 | 7.028030e+05 | 7.029485e+05 |   0.02%|  35.21%
 3416s|  1700 |   297 |  5612k| 790.7 |   606M |  60 |3348 |  14k|  14k|9491 |  2 |2581 |6665 | 7.028030e+05 | 7.029485e+05 |   0.02%|  35.25%
 3447s|  1800 |   315 |  5668k| 787.6 |   609M |  60 |3348 |  14k|  15k|9785 |  0 |2600 |6719 | 7.028030e+05 | 7.029485e+05 |   0.02%|  38.95%
 3475s|  1900 |   317 |  5715k| 783.1 |   610M |  60 |3348 |  14k|  15k|  10k|  0 |2608 |6799 | 7.028030e+05 | 7.029485e+05 |   0.02%|  38.95%
 3501s|  2000 |   339 |  5771k| 780.2 |   623M |  60 |3348 |  14k|  15k|  10k|  3 |2631 |6819 | 7.028030e+05 | 7.029485e+05 |   0.02%|  39.42%
 3522s|  2100 |   343 |  5821k| 776.4 |   624M |  60 |3348 |  14k|  15k|  10k|  2 |2645 |6837 | 7.028030e+05 | 7.029485e+05 |   0.02%|  39.42%
 3557s|  2200 |   347 |  5897k| 776.2 |   630M |  60 |3348 |  14k|  15k|  11k|  2 |2647 |6850 | 7.028030e+05 | 7.029485e+05 |   0.02%|  39.49%
 3581s|  2300 |   355 |  5947k| 772.5 |   631M |  60 |3348 |  14k|  15k|  11k|  1 |2667 |6886 | 7.028030e+05 | 7.029485e+05 |   0.02%|  39.49%
 3625s|  2400 |   359 |  6045k| 775.3 |   644M |  60 |3348 |  14k|  14k|  12k|  0 |2670 |6898 | 7.028030e+05 | 7.029485e+05 |   0.02%|  39.50%
 3688s|  2500 |   373 |  6215k| 787.0 |   645M |  60 |3348 |  14k|  15k|  12k|  2 |2678 |6927 | 7.028030e+05 | 7.029485e+05 |   0.02%|  39.80%
 3747s|  2600 |   381 |  6333k| 791.9 |   658M |  60 |3348 |  14k|  15k|  12k|  0 |2697 |6963 | 7.028030e+05 | 7.029485e+05 |   0.02%|  39.80%
 3815s|  2700 |   361 |  6478k| 800.1 |   660M |  60 |3348 |  14k|  15k|  13k|  0 |2717 |7079 | 7.028030e+05 | 7.029485e+05 |   0.02%|  39.80%
 3878s|  2800 |   335 |  6575k| 802.2 |   663M |  60 |3348 |  14k|  15k|  13k|  0 |2736 |7183 | 7.028030e+05 | 7.029485e+05 |   0.02%|  39.80%
 time | node  | left  |LP iter|LP it/n|mem/heur|mdpt |vars |cons |rows |cuts |sepa|confs|strbr|  dualbound   | primalbound  |  gap   | compl. 
 3964s|  2900 |   337 |  6752k| 814.0 |   664M |  60 |3348 |  14k|  15k|  14k|  2 |2750 |7231 | 7.028030e+05 | 7.029485e+05 |   0.02%|  39.81%
 4036s|  3000 |   385 |  6878k| 819.2 |   680M |  60 |3348 |  14k|  15k|  15k|  2 |2822 |7306 | 7.028030e+05 | 7.029485e+05 |   0.02%|  39.81%
 4088s|  3100 |   419 |  6982k| 821.8 |   686M |  61 |3348 |  14k|  15k|  15k|  0 |2849 |7372 | 7.028030e+05 | 7.029485e+05 |   0.02%|  39.81%
 4136s|  3200 |   429 |  7087k| 824.6 |   709M |  61 |3348 |  14k|  15k|  15k|  0 |2879 |7405 | 7.028030e+05 | 7.029485e+05 |   0.02%|  39.95%
 4197s|  3300 |   431 |  7209k| 829.1 |   731M |  61 |3348 |  14k|  15k|  15k|  0 |2897 |7467 | 7.028045e+05 | 7.029485e+05 |   0.02%|  40.40%
 4250s|  3400 |   441 |  7318k| 832.1 |   743M |  61 |3348 |  14k|  15k|  16k|  0 |2952 |7531 | 7.028075e+05 | 7.029485e+05 |   0.02%|  41.04%
*4300s|  3469 |   363 |  7424k| 837.6 |    LP  |  61 |3348 |  14k|  15k|  16k|  2 |2957 |7560 | 7.028180e+05 | 7.029371e+05 |   0.02%|  43.37%
 4320s|  3500 |   360 |  7471k| 840.0 |   749M |  61 |3348 |  14k|  15k|  16k|  0 |2958 |7569 | 7.028198e+05 | 7.029371e+05 |   0.02%|  44.28%
 4377s|  3600 |   338 |  7591k| 844.0 |   753M |  61 |3348 |  14k|  15k|  16k|  2 |2985 |7613 | 7.028288e+05 | 7.029371e+05 |   0.02%|  47.86%
 4481s|  3700 |   330 |  7758k| 853.1 |   777M |  61 |3348 |  14k|  15k|  16k|  1 |3029 |7732 | 7.028293e+05 | 7.029371e+05 |   0.02%|  49.01%
 4586s|  3800 |   296 |  7967k| 866.6 |   782M |  61 |3348 |  14k|  15k|  17k|  0 |3035 |7772 | 7.028356e+05 | 7.029371e+05 |   0.01%|  52.37%
 4628s|  3900 |   282 |  8048k| 866.1 |   786M |  61 |3348 |  14k|  15k|  17k|  4 |3056 |7793 | 7.028452e+05 | 7.029371e+05 |   0.01%|  55.86%
 4671s|  4000 |   284 |  8130k| 865.6 |   795M |  61 |3348 |  14k|  15k|  17k|  0 |3080 |7828 | 7.028463e+05 | 7.029371e+05 |   0.01%|  57.21%
 4711s|  4100 |   260 |  8213k| 865.2 |   826M |  61 |3348 |  14k|  16k|  17k|  0 |3091 |7847 | 7.028489e+05 | 7.029371e+05 |   0.01%|  58.50%
 4750s|  4200 |   181 |  8288k| 864.0 |   827M |  61 |3348 |  14k|  17k|  17k|  0 |3112 |7858 | 7.028578e+05 | 7.029371e+05 |   0.01%|  68.98%
 time | node  | left  |LP iter|LP it/n|mem/heur|mdpt |vars |cons |rows |cuts |sepa|confs|strbr|  dualbound   | primalbound  |  gap   | compl. 
 4763s|  4300 |    81 |  8310k| 857.3 |   827M |  61 |3348 |  14k|  18k|  17k|  0 |3112 |7858 | 7.028635e+05 | 7.029371e+05 |   0.01%|  85.81%

SCIP Status        : problem is solved [optimal solution found]
Solving Time (sec) : 4775.25
Solving Nodes      : 4381 (total of 9733 nodes in 2 runs)
Primal Bound       : +7.02937104000000e+05 (33 solutions)
Dual Bound         : +7.02937104000000e+05
Gap                : 0.00 %

primal solution (original space):
=================================

objective value:                           702937.104
z#14                                                1 	(obj:0)
z#22                                                1 	(obj:0)
z#27                                                1 	(obj:0)
z#55                                                1 	(obj:0)
z#74                                 1.00000000000729 	(obj:0)
z#107                                               1 	(obj:0)
z#110                                               1 	(obj:0)
z#178                                               1 	(obj:0)
z#226                                               1 	(obj:0)
z#235                                               1 	(obj:0)
z#242                                 1.0000000000005 	(obj:0)
z#244                                               1 	(obj:0)
z#263                                               1 	(obj:0)
z#296                                               1 	(obj:0)
z#330                                               1 	(obj:0)
z#343                                               1 	(obj:0)
z#345                                               1 	(obj:0)
z#350                                               1 	(obj:0)
z#360                                               1 	(obj:0)
z#381                                               1 	(obj:0)
z#432                                               1 	(obj:0)
z#438                               0.999999999999989 	(obj:0)
z#466                                0.99999999999999 	(obj:0)
z#468                                               1 	(obj:0)
z#505                               0.999999999997788 	(obj:0)
z#526                                               1 	(obj:0)
z#538                                               1 	(obj:0)
z#541                                               1 	(obj:0)
z#542                               0.999999999999277 	(obj:0)
z#543                               0.999999999999966 	(obj:0)
z#566                                               1 	(obj:0)
z#639                                               1 	(obj:0)
z#682                                1.00000000000025 	(obj:0)
z#700                                               1 	(obj:0)
z#728                               0.999999999999115 	(obj:0)
z#732                                               1 	(obj:0)
z#747                                               1 	(obj:0)
z#752                                               1 	(obj:0)
z#778                                               1 	(obj:0)
z#812                                               1 	(obj:0)
z#835                                1.00000000000018 	(obj:0)
z#889                                1.00000000000148 	(obj:0)
z#892                                               1 	(obj:0)
z#909                                               1 	(obj:0)
z#935                                               1 	(obj:0)
z#964                                               1 	(obj:0)
z#985                                               1 	(obj:0)
z#986                                1.00000000000041 	(obj:0)
z#992                                               1 	(obj:0)
z#1002                                              1 	(obj:0)
z#1024                                              1 	(obj:0)
z#1044                                              1 	(obj:0)
z#1057                                              1 	(obj:0)
z#1068                                              1 	(obj:0)
z#1083                              0.999999999998794 	(obj:0)
z#1122                                              1 	(obj:0)
z#1126                                              1 	(obj:0)
z#1130                                              1 	(obj:0)
z#1131                                              1 	(obj:0)
z#1138                                              1 	(obj:0)
z#1139                                              1 	(obj:0)
z#1149                                              1 	(obj:0)
z#1150                                              1 	(obj:0)
z#1162                                              1 	(obj:0)
z#1178                                              1 	(obj:0)
z#1198                                              1 	(obj:0)
z#1220                                              1 	(obj:0)
z#1224                               0.99999999999978 	(obj:0)
z#1232                               0.99999999999829 	(obj:0)
z#1237                                              1 	(obj:0)
z#1253                                              1 	(obj:0)
z#1285                                              1 	(obj:0)
z#1289                                              1 	(obj:0)
z#1293                                              1 	(obj:0)
z#1297                                              1 	(obj:0)
z#1305                                              1 	(obj:0)
z#1311                               1.00000000000007 	(obj:0)
z#1321                                              1 	(obj:0)
z#1339                                              1 	(obj:0)
z#1347                                              1 	(obj:0)
z#1359                                              1 	(obj:0)
z#1389                                              1 	(obj:0)
z#1440                                              1 	(obj:0)
z#1474                                              1 	(obj:0)
z#1478                                              1 	(obj:0)
z#1509                                              1 	(obj:0)
z#1534                                              1 	(obj:0)
z#1546                                              1 	(obj:0)
z#1547                                              1 	(obj:0)
z#1565                               1.00000000000104 	(obj:0)
z#1583                                              1 	(obj:0)
z#1590                                              1 	(obj:0)
z#1591                                              1 	(obj:0)
z#1594                                              1 	(obj:0)
z#1626                                              1 	(obj:0)
z#1629                                              1 	(obj:0)
z#1648                                              1 	(obj:0)
z#1660                                              1 	(obj:0)
z#1671                                1.0000000000007 	(obj:0)
z#1791                                              1 	(obj:0)
z#1852                                              1 	(obj:0)
z#1853                               1.00000000000018 	(obj:0)
z#1894                               1.00000000000017 	(obj:0)
z#1930                                              1 	(obj:0)
z#1968                                              1 	(obj:0)
z#1972                                              1 	(obj:0)
z#2056                                              1 	(obj:0)
z#2071                                              1 	(obj:0)
z#2096                                              1 	(obj:0)
z#2120                                              1 	(obj:0)
z#2126                                              1 	(obj:0)
z#2139                                              1 	(obj:0)
z#2141                                              1 	(obj:0)
z#2154                                              1 	(obj:0)
z#2183                                              1 	(obj:0)
z#2191                                              1 	(obj:0)
z#2230                                              1 	(obj:0)
z#2246                                              1 	(obj:0)
z#2269                                              1 	(obj:0)
z#2282                               1.00000000000033 	(obj:0)
z#2320                                              1 	(obj:0)
z#2378                                              1 	(obj:0)
z#2446                                              1 	(obj:0)
z#2457                               1.00000000000372 	(obj:0)
z#2460                               1.00000000000067 	(obj:0)
z#2524                                              1 	(obj:0)
z#2528                                              1 	(obj:0)
z#2557                                              1 	(obj:0)
z#2634                               1.00000000000003 	(obj:0)
z#2658                                              1 	(obj:0)
z#2662                                              1 	(obj:0)
z#2663                                              1 	(obj:0)
z#2667                                              1 	(obj:0)
z#2682                                              1 	(obj:0)
z#2713                                              1 	(obj:0)
z#2725                                              1 	(obj:0)
z#2735                               1.00000000000064 	(obj:0)
z#2747                                              1 	(obj:0)
z#2749                                              1 	(obj:0)
z#2803                                              1 	(obj:0)
z#2839                                              1 	(obj:0)
z#2855                                              1 	(obj:0)
z#2862                                              1 	(obj:0)
z#2893                                              1 	(obj:0)
z#2906                                              1 	(obj:0)
z#2919                                              1 	(obj:0)
z#2959                                              1 	(obj:0)
z#2967                               1.00000000000024 	(obj:0)
z#2995                                              1 	(obj:0)
z#2996                                              1 	(obj:0)
x#0                                           419.904 	(obj:274)
x#1                                            16.453 	(obj:230)
x#2                                            19.806 	(obj:155)
x#4                                           685.093 	(obj:106)
x#18                                          694.268 	(obj:108)
x#23                                 3.67200000000082 	(obj:115)
x#30                                0.522999999999342 	(obj:147)
x#32                                 694.657000000001 	(obj:137)
x#34                                 4.26800000000128 	(obj:102)
x#45                                 699.929000000001 	(obj:102)
x#59                              0.00400000000036016 	(obj:133)
x#60                                 699.984000000002 	(obj:102)
x#67                              0.00599999999940337 	(obj:100)
x#74                              0.00400000000092859 	(obj:168)
x#75                                          699.988 	(obj:148)
x#76                              0.00100000000054479 	(obj:108)
x#80                              0.00600000000042655 	(obj:103)
x#86                             0.000999999999627971 	(obj:206)
x#89                                 699.999000000002 	(obj:104)
y#0                                           137.096 	(obj:132)
y#39                                0.322000000000003 	(obj:102)
y#53                               0.0409999999995989 	(obj:102)
y#65                              0.00299999999822376 	(obj:100)
u#0                                           419.904 	(obj:0)
u#1                                           436.357 	(obj:0)
u#2                                           456.163 	(obj:0)
u#3                                           456.163 	(obj:0)
u#4                                          1141.256 	(obj:0)
u#5                                          1141.256 	(obj:0)
u#6                                          1141.256 	(obj:0)
u#7                                          1141.256 	(obj:0)
u#8                                          1141.256 	(obj:0)
u#9                                          1141.256 	(obj:0)
u#10                                         1141.256 	(obj:0)
u#11                                         1141.256 	(obj:0)
u#12                                         1141.256 	(obj:0)
u#13                                         1141.256 	(obj:0)
u#14                                         1141.256 	(obj:0)
u#15                                          721.352 	(obj:0)
u#16                                          704.899 	(obj:0)
u#17                                          685.093 	(obj:0)
u#18                                         1379.361 	(obj:0)
u#19                                          694.268 	(obj:0)
u#20                                          694.268 	(obj:0)
u#21                                          694.268 	(obj:0)
u#22                                          694.268 	(obj:0)
u#23                                 697.940000000001 	(obj:0)
u#24                                 697.940000000001 	(obj:0)
u#25                                 697.940000000001 	(obj:0)
u#26                                 697.940000000001 	(obj:0)
u#27                                 697.940000000001 	(obj:0)
u#28                                 697.940000000001 	(obj:0)
u#29                                 697.940000000001 	(obj:0)
u#30                                          698.463 	(obj:0)
u#31                                          698.463 	(obj:0)
u#32                                          1393.12 	(obj:0)
u#33                                 698.852000000001 	(obj:0)
u#34                                 703.120000000002 	(obj:0)
u#35                                 703.120000000002 	(obj:0)
u#36                                 703.120000000002 	(obj:0)
u#37                                 703.120000000002 	(obj:0)
u#38                                 699.448000000001 	(obj:0)
u#39                                 699.448000000001 	(obj:0)
u#40                                 699.448000000001 	(obj:0)
u#41                                 699.448000000001 	(obj:0)
u#42                                 699.448000000001 	(obj:0)
u#43                                 699.448000000001 	(obj:0)
u#44                                 699.448000000001 	(obj:0)
u#45                                         1398.854 	(obj:0)
u#46                                         1398.854 	(obj:0)
u#47                                 704.197000000002 	(obj:0)
u#48                                 704.197000000002 	(obj:0)
u#49                                 699.929000000001 	(obj:0)
u#50                                 699.929000000001 	(obj:0)
u#51                                 699.929000000001 	(obj:0)
u#52                                 699.929000000001 	(obj:0)
u#53                                 699.929000000001 	(obj:0)
u#54                                 699.929000000001 	(obj:0)
u#55                                 699.929000000001 	(obj:0)
u#56                                 699.929000000001 	(obj:0)
u#57                                 699.929000000001 	(obj:0)
u#58                                 699.929000000001 	(obj:0)
u#59                                 699.933000000001 	(obj:0)
u#60                                 699.988000000002 	(obj:0)
u#61                                 699.988000000002 	(obj:0)
u#62                                 699.988000000002 	(obj:0)
u#63                                 699.988000000002 	(obj:0)
u#64                                 699.988000000002 	(obj:0)
u#65                                 699.988000000002 	(obj:0)
u#66                                 699.988000000002 	(obj:0)
u#67                                 699.994000000002 	(obj:0)
u#68                                 699.994000000002 	(obj:0)
u#69                                 699.994000000002 	(obj:0)
u#70                                 699.994000000002 	(obj:0)
u#71                                 699.994000000002 	(obj:0)
u#72                                 699.994000000002 	(obj:0)
u#73                                 699.994000000002 	(obj:0)
u#74                                 699.994000000002 	(obj:0)
u#75                                          699.998 	(obj:0)
u#76                                 699.999000000001 	(obj:0)
u#77                                 699.999000000001 	(obj:0)
u#78                                 699.999000000001 	(obj:0)
u#79                                 699.999000000001 	(obj:0)
u#80                                 700.005000000001 	(obj:0)
u#81                                 700.005000000001 	(obj:0)
u#82                                 699.999000000002 	(obj:0)
u#83                                          699.999 	(obj:0)
u#84                                          699.999 	(obj:0)
u#85                                          699.999 	(obj:0)
u#86                                              700 	(obj:0)
u#87                                              700 	(obj:0)
u#88                                              700 	(obj:0)
u#89                                         1399.995 	(obj:0)
u#90                                 700.007000000001 	(obj:0)
u#91                                          700.006 	(obj:0)
u#92                                          700.006 	(obj:0)
u#93                                          700.006 	(obj:0)
u#94                                          700.006 	(obj:0)
u#95                                              700 	(obj:0)
u#96                                              700 	(obj:0)
u#97                                              700 	(obj:0)
u#98                                 700.000000000001 	(obj:0)
u#99                                 700.000000000001 	(obj:0)
v#0                                           137.096 	(obj:0)
v#1                                           137.096 	(obj:0)
v#2                                           137.096 	(obj:0)
v#3                                           137.096 	(obj:0)
v#4                                           137.096 	(obj:0)
v#5                                           137.096 	(obj:0)
v#6                                           137.096 	(obj:0)
v#7                                           137.096 	(obj:0)
v#8                                           137.096 	(obj:0)
v#9                                           137.096 	(obj:0)
v#39                                0.322000000000003 	(obj:0)
v#40                                0.322000000000003 	(obj:0)
v#41                                0.322000000000003 	(obj:0)
v#42                                0.322000000000003 	(obj:0)
v#43                                0.322000000000003 	(obj:0)
v#44                                0.322000000000003 	(obj:0)
v#45                                0.322000000000003 	(obj:0)
v#46                                0.322000000000116 	(obj:0)
v#47                                0.322000000000003 	(obj:0)
v#48                                0.322000000000003 	(obj:0)
v#53                               0.0409999999995989 	(obj:0)
v#54                               0.0409999999995989 	(obj:0)
v#55                               0.0409999999995989 	(obj:0)
v#56                               0.0409999999995989 	(obj:0)
v#57                               0.0409999999995989 	(obj:0)
v#58                               0.0409999999995989 	(obj:0)
v#59                               0.0409999999995989 	(obj:0)
v#60                               0.0409999999995989 	(obj:0)
v#61                               0.0409999999995989 	(obj:0)
v#62                               0.0409999999995989 	(obj:0)
v#65                              0.00299999999822376 	(obj:0)
v#66                              0.00299999999822376 	(obj:0)
v#67                              0.00299999999822376 	(obj:0)
v#68                              0.00299999999822376 	(obj:0)
v#69                              0.00299999999822376 	(obj:0)
v#70                              0.00299999999822376 	(obj:0)
v#71                              0.00299999999822376 	(obj:0)
v#72                              0.00299999999822376 	(obj:0)
v#73                              0.00299999999822376 	(obj:0)
v#74                              0.00299999999822376 	(obj:0)
w#0                                               557 	(obj:0)
w#1                                           573.453 	(obj:0)
w#2                                           593.259 	(obj:0)
w#3                                           593.259 	(obj:0)
w#4                                          1278.352 	(obj:0)
w#5                                          1278.352 	(obj:0)
w#6                                          1278.352 	(obj:0)
w#7                                          1278.352 	(obj:0)
w#8                                          1278.352 	(obj:0)
w#9                                          1278.352 	(obj:0)
w#10                                         1141.256 	(obj:0)
w#11                                         1141.256 	(obj:0)
w#12                                         1141.256 	(obj:0)
w#13                                         1141.256 	(obj:0)
w#14                                         1141.256 	(obj:0)
w#15                                          721.352 	(obj:0)
w#16                                          704.899 	(obj:0)
w#17                                          685.093 	(obj:0)
w#18                                         1379.361 	(obj:0)
w#19                                          694.268 	(obj:0)
w#20                                          694.268 	(obj:0)
w#21                                          694.268 	(obj:0)
w#22                                          694.268 	(obj:0)
w#23                                 697.940000000001 	(obj:0)
w#24                                 697.940000000001 	(obj:0)
w#25                                 697.940000000001 	(obj:0)
w#26                                 697.940000000001 	(obj:0)
w#27                                 697.940000000001 	(obj:0)
w#28                                 697.940000000001 	(obj:0)
w#29                                 697.940000000001 	(obj:0)
w#30                                          698.463 	(obj:0)
w#31                                          698.463 	(obj:0)
w#32                                          1393.12 	(obj:0)
w#33                                 698.852000000001 	(obj:0)
w#34                                 703.120000000002 	(obj:0)
w#35                                 703.120000000002 	(obj:0)
w#36                                 703.120000000002 	(obj:0)
w#37                                 703.120000000002 	(obj:0)
w#38                                 699.448000000001 	(obj:0)
w#39                                 699.770000000001 	(obj:0)
w#40                                 699.770000000001 	(obj:0)
w#41                                 699.770000000001 	(obj:0)
w#42                                 699.770000000001 	(obj:0)
w#43                                 699.770000000001 	(obj:0)
w#44                                 699.770000000001 	(obj:0)
w#45                                         1399.176 	(obj:0)
w#46                                         1399.176 	(obj:0)
w#47                                 704.519000000002 	(obj:0)
w#48                                 704.519000000002 	(obj:0)
w#49                                 699.929000000001 	(obj:0)
w#50                                 699.929000000001 	(obj:0)
w#51                                 699.929000000001 	(obj:0)
w#52                                 699.929000000001 	(obj:0)
w#53                                 699.970000000001 	(obj:0)
w#54                                 699.970000000001 	(obj:0)
w#55                                 699.970000000001 	(obj:0)
w#56                                 699.970000000001 	(obj:0)
w#57                                 699.970000000001 	(obj:0)
w#58                                 699.970000000001 	(obj:0)
w#59                                 699.974000000001 	(obj:0)
w#60                                 700.029000000002 	(obj:0)
w#61                                 700.029000000002 	(obj:0)
w#62                                 700.029000000002 	(obj:0)
w#63                                 699.988000000002 	(obj:0)
w#64                                 699.988000000002 	(obj:0)
w#65                                 699.991000000001 	(obj:0)
w#66                                 699.991000000001 	(obj:0)
w#67                                          699.997 	(obj:0)
w#68                                          699.997 	(obj:0)
w#69                                          699.997 	(obj:0)
w#70                                          699.997 	(obj:0)
w#71                                          699.997 	(obj:0)
w#72                                          699.997 	(obj:0)
w#73                                          699.997 	(obj:0)
w#74                                 699.997000000001 	(obj:0)
w#75                                          699.998 	(obj:0)
w#76                                 699.999000000001 	(obj:0)
w#77                                 699.999000000001 	(obj:0)
w#78                                 699.999000000001 	(obj:0)
w#79                                 699.999000000001 	(obj:0)
w#80                                 700.005000000001 	(obj:0)
w#81                                 700.005000000001 	(obj:0)
w#82                                 699.999000000002 	(obj:0)
w#83                                          699.999 	(obj:0)
w#84                                          699.999 	(obj:0)
w#85                                          699.999 	(obj:0)
w#86                                              700 	(obj:0)
w#87                                              700 	(obj:0)
w#88                                              700 	(obj:0)
w#89                                         1399.995 	(obj:0)
w#90                                 700.007000000001 	(obj:0)
w#91                                          700.006 	(obj:0)
w#92                                          700.006 	(obj:0)
w#93                                          700.006 	(obj:0)
w#94                                          700.006 	(obj:0)
w#95                                              700 	(obj:0)
w#96                                              700 	(obj:0)
w#97                                              700 	(obj:0)
w#98                                 700.000000000001 	(obj:0)
w#99                                 700.000000000001 	(obj:0)

Statistics
==========

SCIP Status        : problem is solved [optimal solution found]
Total Time         :    4775.77
  solving          :    4775.25
  presolving       :       0.29 (included in solving)
  reading          :       0.52
  copying          :       0.60 (21 #copies) (minimal 0.02, maximal 0.03, average 0.03)
Original Problem   :
  Problem name     : CCMPPData/100-3000-1
  Variables        : 3500 (3000 binary, 0 integer, 0 implicit integer, 500 continuous)
  Constraints      : 15402 initial, 15402 maximal
  Objective        : minimize, 200 non-zeros (abs.min = 100, abs.max = 300)
Presolved Problem  :
  Problem name     : t_CCMPPData/100-3000-1
  Variables        : 3348 (2958 binary, 0 integer, 0 implicit integer, 390 continuous)
  Constraints      : 15318 initial, 15318 maximal
  Objective        : minimize, 198 non-zeros (abs.min = 100, abs.max = 300)
  Nonzeros         : 57840 constraint, 0 clique table
Presolvers         :   ExecTime  SetupTime  Calls  FixedVars   AggrVars   ChgTypes  ChgBounds   AddHoles    DelCons    AddCons   ChgSides   ChgCoefs
  boundshift       :       0.00       0.00      0          0          0          0          0          0          0          0          0          0
  convertinttobin  :       0.00       0.00      0          0          0          0          0          0          0          0          0          0
  domcol           :       0.06       0.00      2          0          0          0          0          0          0          0          0          0
  dualagg          :       0.00       0.00      0          0          0          0          0          0          0          0          0          0
  dualcomp         :       0.02       0.00      2          0          0          0          0          0          0          0          0          0
  dualinfer        :       0.00       0.00      0          0          0          0          0          0          0          0          0          0
  dualsparsify     :       0.06       0.00      1          0          0          0          0          0          0          0          0          0
  gateextraction   :       0.00       0.00      0          0          0          0          0          0          0          0          0          0
  implics          :       0.00       0.00      4          0          0          0          0          0          0          0          0          0
  inttobinary      :       0.00       0.00      0          0          0          0          0          0          0          0          0          0
  milp             :       0.05       0.00      1          2        102          0         48          0          0          0          0          0
  qpkktref         :       0.00       0.00      0          0          0          0          0          0          0          0          0          0
  redvub           :       0.00       0.00      0          0          0          0          0          0          0          0          0          0
  sparsify         :       0.01       0.00      1          0          0          0          0          0          0          0          0          0
  stuffing         :       0.00       0.00      0          0          0          0          0          0          0          0          0          0
  trivial          :       0.00       0.00      7         12          0          0          0          0          0          0          0          0
  tworowbnd        :       0.00       0.00      0          0          0          0          0          0          0          0          0          0
  dualfix          :       0.00       0.00      7         25          0          0          0          0          0          0          0          0
  genvbounds       :       0.00       0.00      0          0          0          0          0          0          0          0          0          0
  probing          :       0.01       0.00      1          0          0          0          0          0          0          0          0          0
  pseudoobj        :       0.00       0.00      2          0          0          0          0          0          0          0          0          0
  symmetry         :       0.00       0.00      1          0          0          0          0          0          0          0          0          0
  vbounds          :       0.00       0.00      0          0          0          0          0          0          0          0          0          0
  chancecons       :       0.00       0.00      0          0          0          0          0          0          0          0          0          0
  varbound         :       0.01       0.00      5          0          0          0          5          0         34          0         34          0
  knapsack         :       0.00       0.00      4          0          0          0          0          0          0          0          0          0
  linear           :       0.05       0.01     10          5          6          0        129          0        481          0          0          0
  logicor          :       0.00       0.00      4          0          0          0          0          0          0          0          0        552
  bounddisjunction :       0.00       0.00      2          0          0          0          0          0          2          0          0          0
  benders          :       0.00       0.00      0          0          0          0          0          0          0          0          0          0
  components       :       0.00       0.00      2          0          0          0          0          0          0          0          0          0
  root node        :          -          -      -         34          -          -       3646          -          -          -          -          -
Constraints        :     Number  MaxNumber  #Separate #Propagate    #EnfoLP    #EnfoRelax  #EnfoPS    #Check   #ResProp    Cutoffs    DomReds       Cuts    Applied      Conss   Children
  benderslp        :          0          0          0          0       6733          0          0       1518          0          0          0          0          0          0          0
  chancecons       :          1          1       1855          0          0          0          0          0          0          0          0      22624      19895          0          0
  integral         :          0          0          0          0       6733          0          0       1518          0          0      10773          0          0       1530      10464
  varbound         :      14250      14250         38     124513          2          0          0       1512      13992        147     228056          0          0          0          0
  knapsack         :          1          1         38     125260          2          0          0         60       1066         26          0          0          0          0          0
  linear           :        690+       691         38     125563          2          0          0         55        594        432     400261          5          2          0          0
  logicor          :        156+       168         15       8022          0          0          0          0        324          3         33          0          0          0          0
  bounddisjunction :        220+       255          0      18766          0          0          0          0        881         31        254          0          0          0          0
  benders          :          0          0          0          0          2          0          0         53          0          0          0          0          0          0          0
  fixedvar         :          0          0          0          0          2          0          0         53          0          0          0          0          0          0          0
  countsols        :          0          0          0          0          2          0          0         53          0          0          0          0          0          0          0
  components       :          0          0          0          0          0          0          0          0          0          0          0          0          0          0          0
Constraint Timings :  TotalTime  SetupTime   Separate  Propagate     EnfoLP     EnfoPS     EnfoRelax   Check    ResProp    SB-Prop
  benderslp        :       0.00       0.00       0.00       0.00       0.00       0.00       0.00       0.00       0.00       0.00
  chancecons       :       2.33       0.00       2.33       0.00       0.00       0.00       0.00       0.00       0.00       0.00
  integral         :    1220.74       0.00       0.00       0.00    1220.74       0.00       0.00       0.00       0.00       0.00
  varbound         :       5.96       0.00       0.06       4.42       0.00       0.00       0.00       0.11       0.01       1.37
  knapsack         :       1.80       0.00       0.43       1.32       0.00       0.00       0.00       0.00       0.03       0.03
  linear           :       3.60       0.01       0.11       2.73       0.00       0.00       0.00       0.00       0.00       0.75
  logicor          :       0.07       0.00       0.00       0.06       0.00       0.00       0.00       0.00       0.00       0.01
  bounddisjunction :       0.20       0.00       0.00       0.16       0.00       0.00       0.00       0.00       0.00       0.03
  benders          :       0.00       0.00       0.00       0.00       0.00       0.00       0.00       0.00       0.00       0.00
  fixedvar         :       0.00       0.00       0.00       0.00       0.00       0.00       0.00       0.00       0.00       0.00
  countsols        :       0.00       0.00       0.00       0.00       0.00       0.00       0.00       0.00       0.00       0.00
  components       :       0.01       0.00       0.00       0.01       0.00       0.00       0.00       0.00       0.00       0.01
Propagators        : #Propagate   #ResProp    Cutoffs    DomReds
  dualfix          :          9          0          0          0
  genvbounds       :          0          0          0          0
  nlobbt           :          0          0          0          0
  obbt             :          0          0          0          0
  probing          :          0          0          0          0
  pseudoobj        :      46949          0          0        198
  redcost          :      24188          0          0    1407091
  rootredcost      :          8          0          0        659
  symmetry         :          0          0          0          0
  vbounds          :      55583          0          0          0
Propagator Timings :  TotalTime  SetupTime   Presolve  Propagate    ResProp    SB-Prop
  dualfix          :       0.00       0.00       0.00       0.00       0.00       0.00
  genvbounds       :       0.03       0.00       0.00       0.02       0.00       0.01
  nlobbt           :       0.00       0.00       0.00       0.00       0.00       0.00
  obbt             :       0.00       0.00       0.00       0.00       0.00       0.00
  probing          :       0.01       0.00       0.01       0.00       0.00       0.00
  pseudoobj        :       0.33       0.00       0.00       0.32       0.00       0.01
  redcost          :       3.35       0.00       0.00       3.34       0.00       0.01
  rootredcost      :       0.03       0.00       0.00       0.02       0.00       0.01
  symmetry         :       0.04       0.00       0.00       0.02       0.00       0.01
  vbounds          :       0.45       0.00       0.00       0.43       0.00       0.02
Symmetry           :
  orbitopal red.   :          0 reductions applied,          0 cutoffs
  orbital reduction:          0 reductions applied,          0 cutoffs
  lexicographic red:          0 reductions applied,          0 cutoffs
  shadow tree time :       0.00 s
Conflict Analysis  :       Time      Calls    Success    DomReds  Conflicts   Literals    Reconvs ReconvLits   Dualrays   Nonzeros   LP Iters   (pool size: [10000,10000])
  propagation      :       0.04        207        195          -        632      117.8          1       20.0          -          -          -
  infeasible LP    :       0.00          0          0          -          0        0.0          0        0.0          0        0.0          0
  bound exceed. LP :      13.46       3876       2102          -       3660       70.4          1       20.0        976        2.2      21938
  strong branching :       0.00          0          0          -          0        0.0          0        0.0          -          -          0
  pseudo solution  :       0.00          0          0          -          0        0.0          0        0.0          -          -          -
  applied globally :       0.03          -          -        970       2136       78.1          -          -        976          -          -
  applied locally  :          -          -          -          0          0        0.0          -          -          0          -          -
Separators         :   ExecTime  SetupTime      Calls  RootCalls    Cutoffs    DomReds  FoundCuts ViaPoolAdd  DirectAdd    Applied ViaPoolApp  DirectApp      Conss
  cut pool         :       0.99          -       2373         75          -          -      36096     239132          -          -          -          -          -    (maximal pool size:      13568)
  aggregation      :       2.93       0.00        403         38          0          0      30350     201665         22      15722      15719          3          0
  > cmir           :          -          -          -          -          -          -          -     201665          0      15719      15719          0          -
  > flowcover      :          -          -          -          -          -          -          -          0         22          3          0          3          -
  > knapsackcover  :          -          -          -          -          -          -          -          0          0          0          0          0          -
  cgmip            :       0.00       0.00          0          0          0          0          0          0          0          0          0          0          0
  clique           :       0.00       0.00          2          2          0          0          0          0          0          0          0          0          0
  closecuts        :       0.00       0.00          0          0          0          0          0          0          0          0          0          0          0
  convexproj       :       0.00       0.00          0          0          0          0          0          0          0          0          0          0          0
  disjunctive      :       0.00       0.00          0          0          0          0          0          0          0          0          0          0          0
  eccuts           :       0.00       0.00          0          0          0          0          0          0          0          0          0          0          0
  gauge            :       0.00       0.00          0          0          0          0          0          0          0          0          0          0          0
  gomory           :       4.52       0.00        298         20          0          0       5768      37467          0       4064       4064          0          0
  > gomorymi       :          -          -          -          -          -          -          -      37467          0       4064       4064          0          -
  > strongcg       :          -          -          -          -          -          -          -          0          0          0          0          0          -
  impliedbounds    :       0.06       0.00        403         38          0          0          0          0          0          0          0          0          0
  interminor       :       0.00       0.00          0          0          0          0          0          0          0          0          0          0          0
  intobj           :       0.00       0.00          0          0          0          0          0          0          0          0          0          0          0
  lagromory        :       0.00       0.00          0          0          0          0          0          0          0          0          0          0          0
  mcf              :       0.00       0.00          2          2          0          0          0          0          0          0          0          0          0
  minor            :       0.00       0.00         20         20          0          0          0          0          0          0          0          0          0
  mixing           :       0.00       0.00          0          0          0          0          0          0          0          0          0          0          0
  oddcycle         :       0.00       0.00          0          0          0          0          0          0          0          0          0          0          0
  rapidlearning    :       0.00       0.00          0          0          0          0          0          0          0          0          0          0          0
  rlt              :       0.00       0.00         20         20          0          0          0          0          0          0          0          0          0
  zerohalf         :       0.49       0.00        312         35          0          0          0          0          0          0          0          0          0
Cutselectors       :   ExecTime  SetupTime      Calls  RootCalls   Selected     Forced   Filtered  RootSelec   RootForc   RootFilt 
  hybrid           :       0.30       0.00       2089         39      39683          0     222100       3270          0      39692
  ensemble         :       0.00       0.00          0          0          0          0          0          0          0          0
  dynamic          :       0.00       0.00          0          0          0          0          0          0          0          0
Pricers            :   ExecTime  SetupTime      Calls       Vars
  problem variables:       0.00          -          0          0
Branching Rules    :   ExecTime  SetupTime   BranchLP  BranchExt   BranchPS    Cutoffs    DomReds       Cuts      Conss   Children
  allfullstrong    :       0.00       0.00          0          0          0          0          0          0          0          0
  cloud            :       0.00       0.00          0          0          0          0          0          0          0          0
  distribution     :       0.00       0.00          0          0          0          0          0          0          0          0
  fullstrong       :       0.00       0.00          0          0          0          0          0          0          0          0
  gomory           :       0.00       0.00          0          0          0          0          0          0          0          0
  inference        :       0.00       0.00          0          0          0          0          0          0          0          0
  leastinf         :       0.00       0.00          0          0          0          0          0          0          0          0
  lookahead        :       0.00       0.00          0          0          0          0          0          0          0          0
  mostinf          :       0.00       0.00          0          0          0          0          0          0          0          0
  multaggr         :       0.00       0.00          0          0          0          0          0          0          0          0
  nodereopt        :       0.00       0.00          0          0          0          0          0          0          0          0
  pscost           :       0.00       0.00          0          0          0          0          0          0          0          0
  random           :       0.00       0.00          0          0          0          0          0          0          0          0
  relpscost        :    1220.73       0.00       6731          0          0          0      10773          0       1569      10464
  vanillafullstrong:       0.00       0.00          0          0          0          0          0          0          0          0
Primal Heuristics  :   ExecTime  SetupTime      Calls      Found       Best
  LP solutions     :       0.00          -          -          2          2
  relax solutions  :       0.00          -          -          0          0
  pseudo solutions :       0.00          -          -          0          0
  strong branching :       0.04          -          -          0          0
  actconsdiving    :       0.00       0.00          0          0          0
  adaptivediving   :       4.31       0.00         22          0          0
  alns             :       0.89       0.00          5          1          1
  bound            :       0.00       0.00          0          0          0
  clique           :       0.00       0.00          0          0          0
  coefdiving       :       0.00       0.00          0          0          0
  completesol      :       0.00       0.00          0          0          0
  conflictdiving   :       4.40       0.00         12          0          0
  crossover        :       0.96       0.00          8          8          3
  dins             :       0.00       0.00          0          0          0
  distributiondivin:       2.80       0.00         12          0          0
  dps              :       0.00       0.00          0          0          0
  dualval          :       0.00       0.00          0          0          0
  farkasdiving     :       0.00       0.00          0          0          0
  feaspump         :       0.75       0.00          2          2          1
  fixandinfer      :       0.00       0.00          0          0          0
  fracdiving       :       5.14       0.00         12          0          0
  gins             :       0.02       0.00          0          0          0
  guideddiving     :       5.58       0.00         12          0          0
  indicator        :       0.01       0.00          0          0          0
  indicatordiving  :       0.00       0.00          0          0          0
  intdiving        :       0.00       0.00          0          0          0
  intshifting      :       1.19       0.00         11          0          0
  linesearchdiving :       3.83       0.00         11          0          0
  localbranching   :       0.00       0.00          0          0          0
  locks            :       0.05       0.00          1          1          1
  lpface           :       0.01       0.00          0          0          0
  mpec             :       0.00       0.00          0          0          0
  multistart       :       0.00       0.00          0          0          0
  mutation         :       0.00       0.00          0          0          0
  nlpdiving        :       0.00       0.00          0          0          0
  objpscostdiving  :      36.36       0.00          6          5          0
  octane           :       0.00       0.00          0          0          0
  ofins            :       0.00       0.00          0          0          0
  oneopt           :       0.03       0.00          8          0          0
  padm             :       0.00       0.00          0          0          0
  proximity        :       0.00       0.00          0          0          0
  pscostdiving     :       5.32       0.00         12          0          0
  randrounding     :       1.41       0.00       1469          0          0
  rens             :       6.00       0.00          2          2          1
  reoptsols        :       0.00       0.00          0          0          0
  repair           :       0.00       0.00          0          0          0
  rins             :       1.13       0.00          6          5          0
  rootsoldiving    :       6.43       0.00          6          6          0
  rounding         :       1.16       0.00       1397          0          0
  scheduler        :       0.00       0.00          0          0          0
  shiftandpropagate:       0.00       0.00          0          0          0
  shifting         :      19.50       0.00        651          0          0
  simplerounding   :       0.01       0.00          0          0          0
  subnlp           :       0.01       0.00          0          0          0
  trivial          :       0.01       0.00          4          0          0
  trivialnegation  :       0.00       0.00          0          0          0
  trustregion      :       0.00       0.00          0          0          0
  trysol           :       0.01       0.00          0          0          0
  twoopt           :       0.00       0.00          0          0          0
  undercover       :       0.00       0.00          0          0          0
  vbounds          :       0.04       0.00          2          1          1
  veclendiving     :       1.65       0.00         12          0          0
  zeroobj          :       0.00       0.00          0          0          0
  zirounding       :       0.73       0.00       1000          0          0
  other solutions  :          -          -          -          0          -
LNS (Scheduler)    :      Calls  SetupTime  SolveTime SolveNodes       Sols       Best       Exp3    Exp3-IX  EpsGreedy        UCB TgtFixRate  Opt  Inf Node Stal  Sol  Usr Othr Actv
  rens             :          0       0.00       0.00          0          0          0    0.00000    0.12500   -1.00000    1.00000      0.900    0    0    0    0    0    0    0    1
  rins             :          0       0.00       0.00          0          0          0    0.00000    0.12500   -1.00000    1.00000      0.900    0    0    0    0    0    0    0    1
  mutation         :          0       0.00       0.00          0          0          0    0.00000    0.12500   -1.00000    1.00000      0.900    0    0    0    0    0    0    0    1
  localbranching   :          0       0.00       0.00          0          0          0    0.00000    0.12500   -1.00000    1.00000      0.900    0    0    0    0    0    0    0    1
  crossover        :          0       0.00       0.00          0          0          0    0.00000    0.12500   -1.00000    1.00000      0.900    0    0    0    0    0    0    0    1
  proximity        :          0       0.00       0.00          0          0          0    0.00000    0.12500   -1.00000    1.00000      0.900    0    0    0    0    0    0    0    1
  zeroobjective    :          0       0.00       0.00          0          0          0    0.00000    0.12500   -1.00000    1.00000      0.900    0    0    0    0    0    0    0    1
  dins             :          0       0.00       0.00          0          0          0    0.00000    0.12500   -1.00000    1.00000      0.900    0    0    0    0    0    0    0    1
  trustregion      :          0       0.00       0.00          0          0          0    0.00000    0.00000   -1.00000    1.00000      0.900    0    0    0    0    0    0    0    0
LP                 :       Time      Calls Iterations  Iter/call   Iter/sec  Time-0-It Calls-0-It    ItLimit
  primal LP        :       1.72       1087         20       6.67      11.66       1.68       1084
  dual LP          :    3386.95      21114    8064852     530.51    2381.15      10.39       5912
  lex dual LP      :       0.00          0          0       0.00          -
  barrier LP       :       0.00          0          0       0.00          -       0.00          0
  resolve instable :       0.00          0          0       0.00          -
  diving/probing LP:      82.79       3544     262903      74.18    3175.55
  strong branching :    1165.38       7858    2807756     357.31    2409.31          -          -       2890
    (at root node) :          -         21      11708     557.52          -
  conflict analysis:       9.60       2196      21938       9.99    2286.31
B&B Tree           :
  number of runs   :          2
  nodes            :       4381 (2221 internal, 2160 leaves)
  feasible leaves  :          1
  infeas. leaves   :          2
  objective leaves :       2157
  nodes (total)    :       9733 (5232 internal, 4501 leaves)
  nodes left       :          0
  max depth        :         61
  max depth (total):        168
  backtracks       :       1348 (30.8%)
  early backtracks :          0 (0.0%)
  nodes exc. ref.  :          0 (0.0%)
  delayed cutoffs  :          1
  repropagations   :         98 (508 domain reductions, 0 cutoffs)
  avg switch length:       8.61
  switching time   :       6.29
Root Node          :
  First LP value   : +7.00257353838806e+05
  First LP Iters   :       3529 (4751.83 Iter/sec)
  First LP Time    :       0.74
  Final Dual Bound : +7.02802962492134e+05
  Final Root Iters :      36704
  Root LP Estimate : +7.03283644908525e+05
Solution           :
  Solutions found  :         33 (10 improvements)
  First Solution   : +7.05318336000000e+05   (in run 1, after 1 nodes, 0.30 seconds, depth 151, found by <locks>)
  Gap First Sol.   :   infinite
  Gap Last Sol.    :       0.02 %
  Primal Bound     : +7.02937104000000e+05   (in run 2, after 3469 nodes, 4299.55 seconds, depth 49, found by <relaxation>)
  Dual Bound       : +7.02937104000000e+05
  Gap              :       0.00 %
Integrals          :      Total       Avg%
  primal-dual      :     211.36       0.04
  primal-ref       :          -          - (not evaluated)
  dual-ref         :          -          - (not evaluated)

 Branching Statistics...

 Total number of propagations -> 0

 Number of cutoffs of KnaCons -> 0

 Total number of variables fixed to 1 by the propagator -> 0

 Total number of variables fixed to 0 by the propagator -> 0

 Maximum number of rounds of the approximation algorithm -> 0

 Runtime of the exact algorithm -> 0.0000 s

 Total number of variables fixed to 1 in the exact algorithm -> 0

 Total number of variables fixed to 0 in the exact algorithm -> 0

 Number of cutoffs in the exact algorithm -> 0

 Number of cutoffs in the approximation algorithm -> 0

 PS:  
