***************************************
*         SCIP-based CCP Solver       *
*                                     *
*    Wei Lv and Wei-Kun Chen (2024)   *
***************************************
/beegfs/home/30150120/SCIP-CCP/build/ccp -f data/CCMPPData/150-3000-1.ccmpp -s settings/CCMPPSetting/BASE05.set 
SCIP version 9.1.0 [precision: 8 byte] [memory: block] [mode: optimized] [LP solver: Soplex 7.1.0] [GitHash: 8cab0278ba]
Copyright (c) 2002-2024 Zuse Institute Berlin (ZIB)

External libraries: 
  Soplex 7.1.0         Linear Programming Solver developed at Zuse Institute Berlin (soplex.zib.de) [GitHash: 595bfac9]
  CppAD 20180000.0     Algorithmic Differentiation of C++ algorithms developed by B. Bell (github.com/coin-or/CppAD)
  ZLIB 1.2.7           General purpose compression library by J. Gailly and M. Adler (zlib.net)
  GMP 6.2.1            GNU Multiple Precision Arithmetic Library developed by T. Granlund (gmplib.org)
  AMPL/MP 690e9e7      AMPL .nl file reader library (github.com/ampl/mp)
  PaPILO 2.3.0         parallel presolve for integer and linear optimization (github.com/scipopt/papilo) (built with TBB) [GitHash: 4b8ce6ed]
  Nauty 2.8.8          Computing Graph Automorphism Groups by Brendan D. McKay (users.cecs.anu.edu.au/~bdm/nauty)
  sassy 1.1            Symmetry preprocessor by Markus Anders (github.com/markusa4/sassy)

reading user parameter file <settings/CCMPPSetting/BASE05.set>

read problem <data/CCMPPData/150-3000-1.ccmpp>
============

File name: 	data/CCMPPData/150-3000-1.ccmpp
Problem name:	CCMPPData/150-3000-1
Dimension: 	150
NumScenario: 	3000
ConfidenceParameter: 	0.05
IsEqualProbability: 	1
BASE+DI: 	0
BASE+sDI: 	0
BASE+DB: 	0
BASE+DB+OPF: 	0
Dominance and Aggregation Statistics......
NumEdge:        0
NumBiEdge: 	0
NumDomIneqs: 	0
DominanceRatio: 0.0000
NumAggScenario: 3000 
BasicNumScenario: 3000 
original problem has 3750 variables (3000 bin, 0 int, 0 impl, 750 cont) and 23102 constraints

solve problem
=============

presolving:
(round 1, fast)       4 del vars, 538 del conss, 0 add conss, 150 chg bounds, 0 chg sides, 0 chg coeffs, 0 upgd conss, 0 impls, 0 clqs
   (0.1s) running MILP presolver
   (0.1s) MILP presolver (3 rounds): 152 aggregations, 2 fixings, 73 bound changes
(round 2, medium)     158 del vars, 538 del conss, 0 add conss, 223 chg bounds, 0 chg sides, 0 chg coeffs, 0 upgd conss, 0 impls, 0 clqs
(round 3, fast)       158 del vars, 690 del conss, 0 add conss, 223 chg bounds, 0 chg sides, 0 chg coeffs, 0 upgd conss, 0 impls, 0 clqs
(round 4, exhaustive) 158 del vars, 690 del conss, 0 add conss, 223 chg bounds, 0 chg sides, 0 chg coeffs, 21966 upgd conss, 0 impls, 0 clqs
   (0.3s) probing: 51/3000 (1.7%) - 0 fixings, 0 aggregations, 0 implications, 0 bound changes
   (0.3s) probing aborted: 50/50 successive totally useless probings
   (0.4s) symmetry computation started: requiring (bin +, int +, cont +), (fixed: bin -, int -, cont -)
   Symmetry detection interrupted: constraints of type chancecons do not provide symmetry information.
   If symmetries shall be detected, implement the CONSGETPERMSYMGRAPH callback.
   (0.4s) could not compute symmetry
presolving (5 rounds: 5 fast, 3 medium, 2 exhaustive):
 158 deleted vars, 690 deleted constraints, 0 added constraints, 223 tightened bounds, 0 added holes, 0 changed sides, 0 changed coefficients
 21966 implications, 0 cliques
presolved problem has 3592 variables (3000 bin, 0 int, 0 impl, 592 cont) and 22412 constraints
      1 constraints of type <chancecons>
  21966 constraints of type <varbound>
      1 constraints of type <knapsack>
    444 constraints of type <linear>
Presolving Time: 0.33

 time | node  | left  |LP iter|LP it/n|mem/heur|mdpt |vars |cons |rows |cuts |sepa|confs|strbr|  dualbound   | primalbound  |  gap   | compl. 
p 0.5s|     1 |     0 |   283 |     - |   locks|   0 |3592 |  22k|  22k|   0 |  0 |   0 |   0 | 0.000000e+00 | 9.630462e+05 |    Inf | unknown
  2.7s|     1 |     0 |  7552 |     - |   152M |   0 |3592 |  22k|  22k|   0 |  0 |   0 |   0 | 9.584798e+05 | 9.630462e+05 |   0.48%| unknown
  3.0s|     1 |     0 |  8034 |     - |   156M |   0 |3592 |  22k|  22k| 135 |  1 |   0 |   0 | 9.588293e+05 | 9.630462e+05 |   0.44%| unknown
  3.4s|     1 |     0 |  8473 |     - |   159M |   0 |3592 |  22k|  22k| 249 |  2 |   0 |   0 | 9.590592e+05 | 9.630462e+05 |   0.42%| unknown
  3.7s|     1 |     0 |  8874 |     - |   161M |   0 |3592 |  22k|  22k| 378 |  3 |   0 |   0 | 9.592789e+05 | 9.630462e+05 |   0.39%| unknown
  4.1s|     1 |     0 |  9417 |     - |   165M |   0 |3592 |  22k|  22k| 541 |  4 |   0 |   0 | 9.595535e+05 | 9.630462e+05 |   0.36%| unknown
  4.5s|     1 |     0 |  9972 |     - |   169M |   0 |3592 |  22k|  23k| 663 |  5 |   0 |   0 | 9.597159e+05 | 9.630462e+05 |   0.35%| unknown
  4.9s|     1 |     0 | 10557 |     - |   171M |   0 |3592 |  22k|  23k| 802 |  6 |   0 |   0 | 9.598874e+05 | 9.630462e+05 |   0.33%| unknown
  5.4s|     1 |     0 | 11186 |     - |   176M |   0 |3592 |  22k|  23k| 951 |  7 |   0 |   0 | 9.600112e+05 | 9.630462e+05 |   0.32%| unknown
  5.9s|     1 |     0 | 11930 |     - |   179M |   0 |3592 |  22k|  23k|1098 |  8 |   0 |   0 | 9.601596e+05 | 9.630462e+05 |   0.30%| unknown
  6.6s|     1 |     0 | 12748 |     - |   181M |   0 |3592 |  22k|  23k|1257 |  9 |   0 |   0 | 9.602621e+05 | 9.630462e+05 |   0.29%| unknown
  7.1s|     1 |     0 | 13472 |     - |   185M |   0 |3592 |  22k|  23k|1391 | 10 |   0 |   0 | 9.603527e+05 | 9.630462e+05 |   0.28%| unknown
  7.7s|     1 |     0 | 14222 |     - |   188M |   0 |3592 |  22k|  23k|1535 | 11 |   0 |   0 | 9.604318e+05 | 9.630462e+05 |   0.27%| unknown
  8.3s|     1 |     0 | 15151 |     - |   192M |   0 |3592 |  22k|  24k|1672 | 12 |   0 |   0 | 9.605126e+05 | 9.630462e+05 |   0.26%| unknown
  9.0s|     1 |     0 | 16091 |     - |   195M |   0 |3592 |  22k|  24k|1807 | 13 |   0 |   0 | 9.605995e+05 | 9.630462e+05 |   0.25%| unknown
 time | node  | left  |LP iter|LP it/n|mem/heur|mdpt |vars |cons |rows |cuts |sepa|confs|strbr|  dualbound   | primalbound  |  gap   | compl. 
  9.7s|     1 |     0 | 17139 |     - |   198M |   0 |3592 |  22k|  24k|1913 | 14 |   0 |   0 | 9.606676e+05 | 9.630462e+05 |   0.25%| unknown
 10.5s|     1 |     0 | 18450 |     - |   200M |   0 |3592 |  22k|  24k|2064 | 15 |   0 |   0 | 9.607268e+05 | 9.630462e+05 |   0.24%| unknown
 11.3s|     1 |     0 | 19529 |     - |   204M |   0 |3592 |  22k|  24k|2181 | 16 |   0 |   0 | 9.607693e+05 | 9.630462e+05 |   0.24%| unknown
 12.2s|     1 |     0 | 20909 |     - |   207M |   0 |3592 |  22k|  24k|2327 | 17 |   0 |   0 | 9.608271e+05 | 9.630462e+05 |   0.23%| unknown
 13.0s|     1 |     0 | 21953 |     - |   210M |   0 |3592 |  22k|  24k|2455 | 18 |   0 |   0 | 9.608610e+05 | 9.630462e+05 |   0.23%| unknown
 14.1s|     1 |     0 | 23688 |     - |   213M |   0 |3592 |  22k|  24k|2597 | 19 |   0 |   0 | 9.609266e+05 | 9.630462e+05 |   0.22%| unknown
o16.8s|     1 |     0 | 31659 |     - |feaspump|   0 |3592 |  22k|  24k|2597 | 19 |   0 |   0 | 9.609266e+05 | 9.629772e+05 |   0.21%| unknown
 16.9s|     1 |     0 | 31659 |     - |   215M |   0 |3592 |  22k|  24k|2597 | 19 |   0 |   0 | 9.609266e+05 | 9.629772e+05 |   0.21%| unknown
 18.7s|     1 |     0 | 34605 |     - |   218M |   0 |3592 |  22k|  25k|2733 | 20 |   0 |   0 | 9.609667e+05 | 9.629772e+05 |   0.21%| unknown
 19.2s|     1 |     0 | 35285 |     - |   218M |   0 |3592 |  22k|  25k|2767 | 21 |   0 |   0 | 9.609697e+05 | 9.629772e+05 |   0.21%| unknown
 28.7s|     1 |     2 | 35285 |     - |   218M |   0 |3592 |  22k|  25k|2767 | 21 |   0 |  20 | 9.609763e+05 | 9.629772e+05 |   0.21%| unknown
d 113s|    40 |    41 | 69668 |1109.3 |adaptive|  14 |3592 |  22k|  23k|   0 |  1 |   3 | 475 | 9.609889e+05 | 9.629202e+05 |   0.20%| unknown
d 121s|    53 |    54 | 80972 |1049.4 |fracdivi|  16 |3592 |  22k|  24k|   0 |  1 |   4 | 484 | 9.609901e+05 | 9.629175e+05 |   0.20%| unknown
d 130s|    66 |    67 | 95146 |1057.6 |distribu|  17 |3592 |  22k|  24k|   0 |  1 |   5 | 493 | 9.609901e+05 | 9.629142e+05 |   0.20%| unknown
d 170s|    92 |    93 |169007 |1567.1 |guideddi|  19 |3592 |  22k|  23k|   0 |  1 |  38 | 528 | 9.610050e+05 | 9.628512e+05 |   0.19%| unknown
 time | node  | left  |LP iter|LP it/n|mem/heur|mdpt |vars |cons |rows |cuts |sepa|confs|strbr|  dualbound   | primalbound  |  gap   | compl. 
d 181s|   100 |   101 |190277 |1655.3 |pscostdi|  19 |3592 |  22k|  24k|   0 |  1 |  44 | 528 | 9.610050e+05 | 9.628325e+05 |   0.19%| unknown
d 190s|   104 |   105 |208939 |1772.2 |fracdivi|  19 |3592 |  22k|  24k|   0 |  1 |  66 | 528 | 9.610082e+05 | 9.627942e+05 |   0.19%| unknown
d 223s|   129 |   130 |255819 |1792.3 |guideddi|  23 |3592 |  22k|  24k|   0 |  1 |  75 | 557 | 9.610177e+05 | 9.627634e+05 |   0.18%| unknown
d 227s|   133 |   134 |262788 |1790.8 |adaptive|  24 |3592 |  22k|  24k|   0 |  1 |  76 | 557 | 9.610177e+05 | 9.627312e+05 |   0.18%| unknown
d 232s|   137 |   138 |272323 |1808.2 |pscostdi|  25 |3592 |  22k|  24k|   0 |  1 |  77 | 557 | 9.610177e+05 | 9.626913e+05 |   0.17%| unknown
d 248s|   150 |   151 |298741 |1827.8 |fracdivi|  28 |3592 |  22k|  24k|   0 |  1 |  78 | 572 | 9.610177e+05 | 9.626830e+05 |   0.17%| unknown
d 277s|   172 |   173 |344708 |1861.4 |guideddi|  33 |3592 |  22k|  24k|   0 |  1 |  92 | 592 | 9.610193e+05 | 9.626714e+05 |   0.17%| unknown
d 284s|   177 |   178 |352776 |1854.4 |adaptive|  34 |3592 |  22k|  24k|   0 |  1 |  93 | 606 | 9.610193e+05 | 9.626672e+05 |   0.17%| unknown
d 298s|   187 |   188 |370834 |1851.8 |pscostdi|  36 |3592 |  22k|  24k|   0 |  1 |  94 | 620 | 9.610193e+05 | 9.626447e+05 |   0.17%| unknown
  312s|   200 |   201 |391631 |1835.3 |   243M |  38 |3592 |  22k|  24k|4977 |  1 |  95 | 633 | 9.610193e+05 | 9.626447e+05 |   0.17%| unknown
d 322s|   208 |   209 |413016 |1867.7 |adaptive|  41 |3592 |  22k|  24k|   0 |  1 |  99 | 633 | 9.610193e+05 | 9.626077e+05 |   0.17%| unknown
  420s|   300 |   301 |571498 |1823.1 |   250M |  56 |3592 |  22k|  24k|6085 |  1 | 159 | 732 | 9.610233e+05 | 9.626077e+05 |   0.16%| unknown
d 426s|   303 |   304 |578020 |1826.5 |guideddi|  58 |3592 |  22k|  24k|   0 |  1 | 160 | 745 | 9.610233e+05 | 9.625576e+05 |   0.16%| unknown
L 447s|   328 |   329 |607836 |1778.1 |    alns|  60 |3592 |  22k|  24k|6215 |  2 | 170 | 767 | 9.610323e+05 | 9.625423e+05 |   0.16%| unknown
L 484s|   355 |   356 |658677 |1786.1 |    alns|  64 |3592 |  22k|  24k|6865 |  2 | 177 | 811 | 9.610375e+05 | 9.624978e+05 |   0.15%| unknown
 time | node  | left  |LP iter|LP it/n|mem/heur|mdpt |vars |cons |rows |cuts |sepa|confs|strbr|  dualbound   | primalbound  |  gap   | compl. 
  527s|   400 |   401 |722078 |1743.5 |   258M |  68 |3592 |  22k|  24k|7241 |  1 | 208 | 855 | 9.610539e+05 | 9.624978e+05 |   0.15%| unknown
L 615s|   483 |   484 |833305 |1674.1 |    alns|  80 |3592 |  22k|  24k|8391 |  2 | 229 | 962 | 9.610552e+05 | 9.624834e+05 |   0.15%| unknown
  629s|   500 |   501 |853313 |1657.1 |   263M |  81 |3592 |  22k|  24k|8546 |  1 | 232 | 979 | 9.610552e+05 | 9.624834e+05 |   0.15%| unknown
  781s|   600 |   601 |  1081k|1760.9 |   268M |  92 |3592 |  22k|  24k|9776 |  1 | 250 |1115 | 9.610552e+05 | 9.624834e+05 |   0.15%| unknown
d 817s|   622 |   623 |  1127k|1773.1 |pscostdi|  95 |3592 |  22k|  24k|   0 |  1 | 279 |1149 | 9.610552e+05 | 9.624632e+05 |   0.15%| unknown
  952s|   700 |   701 |  1295k|1815.2 |   274M | 101 |3592 |  22k|  24k|  11k|  2 | 296 |1297 | 9.610552e+05 | 9.624632e+05 |   0.15%| unknown
 1098s|   800 |   801 |  1487k|1828.9 |   280M | 101 |3592 |  22k|  24k|  12k|  1 | 330 |1438 | 9.610652e+05 | 9.624632e+05 |   0.15%| unknown
L1127s|   822 |   750 |  1520k|1819.7 |    rins| 101 |3592 |  22k|  24k|  12k|  1 | 331 |1481 | 9.610652e+05 | 9.622478e+05 |   0.12%| unknown
 1243s|   900 |   824 |  1666k|1824.7 |   285M | 101 |3592 |  22k|  25k|  13k|  1 | 350 |1597 | 9.610672e+05 | 9.622478e+05 |   0.12%| unknown
 1392s|  1000 |   906 |  1845k|1820.5 |   292M | 107 |3592 |  22k|  25k|  15k|  2 | 381 |1768 | 9.610672e+05 | 9.622478e+05 |   0.12%| unknown
L1435s|  1022 |   523 |  1896k|1831.7 |crossove| 108 |3592 |  22k|  25k|  15k|  1 | 383 |1812 | 9.610719e+05 | 9.618596e+05 |   0.08%| unknown
 1493s|  1100 |   533 |  1972k|1770.6 |   298M | 108 |3592 |  22k|  25k|  15k|  4 | 432 |1860 | 9.610719e+05 | 9.618596e+05 |   0.08%| unknown
 1612s|  1200 |   557 |  2099k|1729.2 |   304M | 109 |3592 |  22k|  25k|  16k|  0 | 434 |1994 | 9.610720e+05 | 9.618596e+05 |   0.08%| unknown
 1752s|  1300 |   597 |  2266k|1724.6 |   308M | 109 |3592 |  22k|  25k|  17k|  1 | 440 |2101 | 9.610720e+05 | 9.618596e+05 |   0.08%| unknown
 1900s|  1400 |   645 |  2448k|1731.1 |   313M | 109 |3592 |  22k|  25k|  18k|  0 | 444 |2243 | 9.610794e+05 | 9.618596e+05 |   0.08%| unknown
 time | node  | left  |LP iter|LP it/n|mem/heur|mdpt |vars |cons |rows |cuts |sepa|confs|strbr|  dualbound   | primalbound  |  gap   | compl. 
L1922s|  1417 |   616 |  2474k|1729.0 |    rins| 109 |3592 |  22k|  25k|  18k|  1 | 444 |2267 | 9.610795e+05 | 9.618358e+05 |   0.08%| unknown
 2018s|  1500 |   619 |  2599k|1716.3 |   321M | 109 |3592 |  22k|  25k|  19k|  0 | 470 |2318 | 9.610825e+05 | 9.618358e+05 |   0.08%| unknown
 2112s|  1600 |   635 |  2738k|1696.1 |   323M | 109 |3592 |  22k|  25k|  19k|  2 | 474 |2361 | 9.610884e+05 | 9.618358e+05 |   0.08%| unknown
 2200s|  1700 |   667 |  2854k|1664.4 |   328M | 109 |3592 |  22k|  25k|  20k|  1 | 485 |2452 | 9.610971e+05 | 9.618358e+05 |   0.08%| unknown
 2244s|  1800 |   669 |  2924k|1611.0 |   329M | 109 |3592 |  22k|  25k|  21k|  0 | 485 |2459 | 9.610971e+05 | 9.618358e+05 |   0.08%| unknown
 2351s|  1900 |   679 |  3073k|1604.6 |   334M | 109 |3592 |  22k|  26k|  21k|  0 | 487 |2496 | 9.610999e+05 | 9.618358e+05 |   0.08%| unknown
 2444s|  2000 |   703 |  3196k|1585.8 |   336M | 109 |3592 |  22k|  25k|  22k|  0 | 490 |2546 | 9.611015e+05 | 9.618358e+05 |   0.08%| unknown
 2637s|  2100 |   747 |  3415k|1614.7 |   340M | 110 |3592 |  22k|  25k|  23k|  2 | 500 |2675 | 9.611075e+05 | 9.618358e+05 |   0.08%| unknown
 2808s|  2200 |   761 |  3592k|1621.8 |   346M | 110 |3592 |  22k|  25k|  24k|  1 | 501 |2796 | 9.611115e+05 | 9.618358e+05 |   0.08%| unknown
 2902s|  2300 |   781 |  3709k|1602.2 |   347M | 110 |3592 |  22k|  25k|  24k|  0 | 509 |2864 | 9.611118e+05 | 9.618358e+05 |   0.08%| unknown
 3082s|  2400 |   811 |  3902k|1615.6 |   351M | 110 |3592 |  22k|  25k|  25k|  1 | 532 |3061 | 9.611162e+05 | 9.618358e+05 |   0.07%| unknown
 3189s|  2500 |   815 |  4020k|1598.1 |   352M | 110 |3592 |  22k|  26k|  26k|  0 | 538 |3180 | 9.611175e+05 | 9.618358e+05 |   0.07%| unknown
 3448s|  2600 |   863 |  4302k|1645.3 |   358M | 110 |3592 |  22k|  25k|  28k|  0 | 559 |3343 | 9.611207e+05 | 9.618358e+05 |   0.07%| unknown
 3715s|  2700 |   909 |  4540k|1672.6 |   362M | 110 |3592 |  22k|  25k|  29k|  1 | 566 |3552 | 9.611210e+05 | 9.618358e+05 |   0.07%| unknown
 4032s|  2800 |   975 |  4893k|1739.0 |   365M | 110 |3592 |  22k|  25k|  30k|  1 | 605 |3671 | 9.611302e+05 | 9.618358e+05 |   0.07%| unknown
 time | node  | left  |LP iter|LP it/n|mem/heur|mdpt |vars |cons |rows |cuts |sepa|confs|strbr|  dualbound   | primalbound  |  gap   | compl. 
L4142s|  2842 |   803 |  5010k|1754.4 |    rins| 110 |3592 |  22k|  26k|  31k|  1 | 618 |3732 | 9.611323e+05 | 9.617728e+05 |   0.07%| unknown
 4256s|  2900 |   833 |  5131k|1761.0 |   369M | 110 |3592 |  22k|  26k|  31k|  1 | 621 |3824 | 9.611334e+05 | 9.617728e+05 |   0.07%| unknown
 4458s|  3000 |   851 |  5353k|1776.2 |   377M | 110 |3592 |  22k|  26k|  32k|  2 | 673 |3893 | 9.611334e+05 | 9.617728e+05 |   0.07%| unknown
 4680s|  3100 |   883 |  5594k|1796.8 |   381M | 110 |3592 |  22k|  26k|  33k|  0 | 677 |4030 | 9.611434e+05 | 9.617728e+05 |   0.07%| unknown
Restart triggered after 50 consecutive estimations that the remaining tree will be large
(run 1, node 3178) performing user restart

(restart) converted 656 cuts from the global cut pool into linear constraints

presolving:
(round 1, fast)       0 del vars, 2 del conss, 0 add conss, 53 chg bounds, 0 chg sides, 0 chg coeffs, 0 upgd conss, 21966 impls, 0 clqs
presolving (2 rounds: 2 fast, 1 medium, 1 exhaustive):
 0 deleted vars, 2 deleted constraints, 0 added constraints, 74 tightened bounds, 0 added holes, 0 changed sides, 2 changed coefficients
 21966 implications, 0 cliques
presolved problem has 3592 variables (3000 bin, 0 int, 0 impl, 592 cont) and 23163 constraints
      1 constraints of type <chancecons>
  21966 constraints of type <varbound>
      1 constraints of type <knapsack>
   1131 constraints of type <linear>
     10 constraints of type <logicor>
     54 constraints of type <bounddisjunction>
Presolving Time: 0.42
transformed 45/45 original solutions to the transformed problem space

 time | node  | left  |LP iter|LP it/n|mem/heur|mdpt |vars |cons |rows |cuts |sepa|confs|strbr|  dualbound   | primalbound  |  gap   | compl. 
 4862s|     1 |     0 |  5821k|     - |   380M |   0 |3592 |  23k|  23k|   0 |  0 | 684 |4099 | 9.611466e+05 | 9.617728e+05 |   0.07%| unknown
 4863s|     1 |     0 |  5823k|     - |   382M |   0 |3592 |  23k|  23k| 133 |  1 | 685 |4099 | 9.611466e+05 | 9.617728e+05 |   0.07%| unknown
 4864s|     1 |     0 |  5824k|     - |   386M |   0 |3592 |  23k|  23k| 257 |  2 | 685 |4099 | 9.611466e+05 | 9.617728e+05 |   0.07%| unknown
 4865s|     1 |     0 |  5825k|     - |   389M |   0 |3592 |  23k|  23k| 382 |  3 | 686 |4099 | 9.611466e+05 | 9.617728e+05 |   0.07%| unknown
 4865s|     1 |     0 |  5826k|     - |   391M |   0 |3592 |  23k|  23k| 498 |  4 | 686 |4099 | 9.611466e+05 | 9.617728e+05 |   0.07%| unknown
 4866s|     1 |     0 |  5827k|     - |   394M |   0 |3592 |  23k|  23k| 634 |  5 | 687 |4099 | 9.611466e+05 | 9.617728e+05 |   0.07%| unknown
 4867s|     1 |     0 |  5829k|     - |   398M |   0 |3592 |  23k|  23k| 747 |  6 | 688 |4099 | 9.611466e+05 | 9.617728e+05 |   0.07%| unknown
 4868s|     1 |     0 |  5830k|     - |   401M |   0 |3592 |  23k|  23k| 890 |  7 | 689 |4099 | 9.611466e+05 | 9.617728e+05 |   0.07%| unknown
 4869s|     1 |     0 |  5831k|     - |   404M |   0 |3592 |  23k|  24k|1014 |  8 | 690 |4099 | 9.611466e+05 | 9.617728e+05 |   0.07%| unknown
 4870s|     1 |     0 |  5833k|     - |   406M |   0 |3592 |  23k|  24k|1161 |  9 | 691 |4099 | 9.611466e+05 | 9.617728e+05 |   0.07%| unknown
 4871s|     1 |     0 |  5835k|     - |   409M |   0 |3592 |  23k|  24k|1296 | 10 | 693 |4099 | 9.611466e+05 | 9.617728e+05 |   0.07%| unknown
 4873s|     1 |     0 |  5837k|     - |   412M |   0 |3592 |  23k|  24k|1420 | 11 | 693 |4099 | 9.611466e+05 | 9.617728e+05 |   0.07%| unknown
 4874s|     1 |     0 |  5839k|     - |   413M |   0 |3592 |  23k|  24k|1544 | 12 | 695 |4099 | 9.611466e+05 | 9.617728e+05 |   0.07%| unknown
 4875s|     1 |     0 |  5841k|     - |   416M |   0 |3592 |  23k|  24k|1654 | 13 | 696 |4099 | 9.611466e+05 | 9.617728e+05 |   0.07%| unknown
 4877s|     1 |     0 |  5843k|     - |   419M |   0 |3592 |  23k|  24k|1754 | 14 | 697 |4099 | 9.611466e+05 | 9.617728e+05 |   0.07%| unknown
 time | node  | left  |LP iter|LP it/n|mem/heur|mdpt |vars |cons |rows |cuts |sepa|confs|strbr|  dualbound   | primalbound  |  gap   | compl. 
 4878s|     1 |     0 |  5845k|     - |   421M |   0 |3592 |  23k|  24k|1880 | 15 | 702 |4099 | 9.611466e+05 | 9.617728e+05 |   0.07%| unknown
 4888s|     1 |     2 |  5849k|     - |   421M |   0 |3592 |  23k|  24k|1880 | 15 | 705 |4115 | 9.611466e+05 | 9.617728e+05 |   0.07%| unknown
 5180s|   100 |   101 |  5964k|1801.1 |   428M |  43 |3592 |  23k|  24k|2633 |  1 | 729 |5267 | 9.611466e+05 | 9.617728e+05 |   0.07%| unknown
 5297s|   200 |   171 |  6080k|1782.2 |   432M |  68 |3592 |  23k|  24k|3819 |  0 | 810 |5759 | 9.611466e+05 | 9.617728e+05 |   0.07%| unknown
 5366s|   300 |   233 |  6157k|1752.9 |   436M |  80 |3592 |  23k|  24k|4705 |  2 | 813 |5929 | 9.611466e+05 | 9.617728e+05 |   0.07%| unknown
 5423s|   400 |   263 |  6230k|1724.4 |   438M |  94 |3592 |  23k|  24k|5602 |  1 | 825 |6020 | 9.611466e+05 | 9.617728e+05 |   0.07%| unknown
 5490s|   500 |   279 |  6328k|1704.3 |   441M |  94 |3592 |  23k|  24k|6245 |  0 | 827 |6073 | 9.611466e+05 | 9.617728e+05 |   0.07%| unknown
 5590s|   600 |   377 |  6432k|1686.7 |   449M |  94 |3592 |  23k|  24k|7914 |  1 | 875 |6343 | 9.611466e+05 | 9.617728e+05 |   0.07%| unknown
 5689s|   700 |   477 |  6576k|1680.1 |   455M |  94 |3592 |  23k|  24k|9680 |  1 | 890 |6473 | 9.611466e+05 | 9.617728e+05 |   0.07%| unknown
 5766s|   800 |   577 |  6695k|1667.8 |   462M |  94 |3592 |  23k|  24k|  11k|  1 | 944 |6549 | 9.611466e+05 | 9.617728e+05 |   0.07%| unknown
 5850s|   900 |   677 |  6832k|1660.7 |   464M |  94 |3592 |  23k|  24k|  13k|  1 | 947 |6602 | 9.611466e+05 | 9.617728e+05 |   0.07%| unknown
 5929s|  1000 |   777 |  6956k|1650.6 |   470M |  94 |3592 |  23k|  24k|  14k|  1 | 970 |6669 | 9.611466e+05 | 9.617728e+05 |   0.07%| unknown
 6001s|  1100 |   877 |  7066k|1637.7 |   473M |  94 |3592 |  23k|  24k|  16k|  1 |1004 |6733 | 9.611466e+05 | 9.617728e+05 |   0.07%| unknown
 6088s|  1200 |   977 |  7211k|1633.3 |   477M |  94 |3592 |  23k|  24k|  17k|  1 |1020 |6771 | 9.611466e+05 | 9.617728e+05 |   0.07%| unknown
 6162s|  1300 |  1077 |  7333k|1624.2 |   479M |  94 |3592 |  23k|  24k|  19k|  1 |1026 |6797 | 9.611466e+05 | 9.617728e+05 |   0.07%| unknown
 time | node  | left  |LP iter|LP it/n|mem/heur|mdpt |vars |cons |rows |cuts |sepa|confs|strbr|  dualbound   | primalbound  |  gap   | compl. 
 6287s|  1400 |  1177 |  7537k|1633.2 |   484M |  94 |3592 |  23k|  24k|  21k|  1 |1080 |6856 | 9.611466e+05 | 9.617728e+05 |   0.07%| unknown
 6381s|  1500 |  1277 |  7688k|1630.5 |   488M |  94 |3592 |  23k|  24k|  22k|  1 |1097 |6889 | 9.611466e+05 | 9.617728e+05 |   0.07%| unknown
 6464s|  1600 |  1377 |  7823k|1624.7 |   489M |  94 |3592 |  23k|  24k|  24k|  1 |1103 |6909 | 9.611466e+05 | 9.617728e+05 |   0.07%| unknown
 6594s|  1700 |  1477 |  8048k|1637.6 |   493M |  94 |3592 |  23k|  24k|  25k|  1 |1107 |6931 | 9.611466e+05 | 9.617728e+05 |   0.07%| unknown
 6736s|  1800 |  1577 |  8257k|1646.6 |   496M |  94 |3592 |  23k|  24k|  27k|  2 |1146 |6988 | 9.611466e+05 | 9.617728e+05 |   0.07%| unknown
 6909s|  1900 |  1677 |  8488k|1659.6 |   502M |  94 |3592 |  23k|  24k|  28k|  1 |1153 |7107 | 9.611466e+05 | 9.617728e+05 |   0.07%| unknown
 7072s|  2000 |  1775 |  8700k|1668.6 |   505M |  94 |3592 |  23k|  24k|  30k|  1 |1170 |7231 | 9.611466e+05 | 9.617728e+05 |   0.07%| unknown
 7145s|  2100 |  1803 |  8788k|1653.7 |   506M | 100 |3592 |  23k|  25k|  31k|  2 |1174 |7308 | 9.611470e+05 | 9.617728e+05 |   0.07%| unknown
 7224s|  2200 |  1813 |  8908k|1645.1 |   510M | 100 |3592 |  23k|  24k|  31k|  0 |1182 |7351 | 9.611470e+05 | 9.617728e+05 |   0.07%| unknown
 7330s|  2300 |  1829 |  9016k|1634.9 |   512M | 100 |3592 |  23k|  25k|  32k|  0 |1184 |7463 | 9.611478e+05 | 9.617728e+05 |   0.07%| unknown
 7427s|  2400 |  1849 |  9167k|1632.6 |   514M | 100 |3592 |  23k|  25k|  33k|  0 |1188 |7488 | 9.611486e+05 | 9.617728e+05 |   0.06%| unknown
 7505s|  2500 |  1861 |  9287k|1625.0 |   516M | 100 |3592 |  23k|  25k|  33k|  0 |1190 |7516 | 9.611488e+05 | 9.617728e+05 |   0.06%| unknown
 7592s|  2600 |  1891 |  9405k|1617.3 |   517M | 100 |3592 |  23k|  25k|  34k|  1 |1191 |7574 | 9.611494e+05 | 9.617728e+05 |   0.06%| unknown
 7705s|  2700 |  1901 |  9577k|1619.0 |   518M | 100 |3592 |  23k|  25k|  34k|  0 |1206 |7588 | 9.611494e+05 | 9.617728e+05 |   0.06%| unknown
 7821s|  2800 |  1915 |  9753k|1621.4 |   520M | 100 |3592 |  23k|  25k|  35k|  1 |1208 |7607 | 9.611497e+05 | 9.617728e+05 |   0.06%| unknown
 time | node  | left  |LP iter|LP it/n|mem/heur|mdpt |vars |cons |rows |cuts |sepa|confs|strbr|  dualbound   | primalbound  |  gap   | compl. 
 7903s|  2900 |  1953 |  9882k|1616.0 |   525M | 100 |3592 |  23k|  24k|  36k|  0 |1208 |7614 | 9.611506e+05 | 9.617728e+05 |   0.06%| unknown
 8027s|  3000 |  1963 | 10050k|1616.9 |   532M | 100 |3592 |  23k|  25k|  37k|  1 |1208 |7659 | 9.611509e+05 | 9.617728e+05 |   0.06%| unknown
 8125s|  3100 |  1999 | 10204k|1615.8 |   534M | 100 |3592 |  23k|  25k|  38k|  1 |1211 |7686 | 9.611515e+05 | 9.617728e+05 |   0.06%| unknown
 8203s|  3200 |  2041 | 10328k|1609.9 |   537M | 100 |3592 |  23k|  25k|  38k|  2 |1211 |7704 | 9.611519e+05 | 9.617728e+05 |   0.06%| unknown
 8307s|  3300 |  2067 | 10480k|1608.5 |   542M | 100 |3592 |  23k|  25k|  39k|  0 |1215 |7767 | 9.611531e+05 | 9.617728e+05 |   0.06%| unknown
 8403s|  3400 |  2083 | 10632k|1607.1 |   544M | 100 |3592 |  23k|  25k|  40k|  0 |1225 |7796 | 9.611552e+05 | 9.617728e+05 |   0.06%| unknown
 8506s|  3500 |  2115 | 10790k|1606.8 |   548M | 100 |3592 |  23k|  25k|  40k|  2 |1276 |7815 | 9.611562e+05 | 9.617728e+05 |   0.06%| unknown
 8584s|  3600 |  2141 | 10904k|1599.8 |   549M | 100 |3592 |  23k|  25k|  41k|  1 |1281 |7843 | 9.611597e+05 | 9.617728e+05 |   0.06%| unknown
 8731s|  3700 |  2135 | 11104k|1605.7 |   553M | 100 |3592 |  23k|  25k|  42k|  0 |1281 |7858 | 9.611604e+05 | 9.617728e+05 |   0.06%| unknown
 8800s|  3800 |  2161 | 11198k|1596.2 |   555M | 100 |3592 |  23k|  24k|  42k|  1 |1290 |7900 | 9.611633e+05 | 9.617728e+05 |   0.06%| unknown
 8873s|  3900 |  2191 | 11289k|1586.5 |   557M | 100 |3592 |  23k|  25k|  43k|  0 |1315 |7995 | 9.611658e+05 | 9.617728e+05 |   0.06%| unknown
 8972s|  4000 |  2217 | 11422k|1582.9 |   558M | 100 |3592 |  23k|  25k|  43k|  1 |1315 |8038 | 9.611693e+05 | 9.617728e+05 |   0.06%| unknown
 9068s|  4100 |  2243 | 11538k|1577.1 |   560M | 100 |3592 |  23k|  25k|  44k|  0 |1317 |8116 | 9.611709e+05 | 9.617728e+05 |   0.06%| unknown
 9170s|  4200 |  2279 | 11661k|1572.3 |   564M | 100 |3592 |  23k|  25k|  45k|  3 |1336 |8203 | 9.611719e+05 | 9.617728e+05 |   0.06%| unknown
 9271s|  4300 |  2295 | 11780k|1567.2 |   566M | 100 |3592 |  23k|  24k|  45k|  1 |1341 |8301 | 9.611729e+05 | 9.617728e+05 |   0.06%| unknown
 time | node  | left  |LP iter|LP it/n|mem/heur|mdpt |vars |cons |rows |cuts |sepa|confs|strbr|  dualbound   | primalbound  |  gap   | compl. 
 9453s|  4400 |  2305 | 11971k|1571.8 |   568M | 100 |3592 |  23k|  25k|  46k|  1 |1350 |8394 | 9.611731e+05 | 9.617728e+05 |   0.06%| unknown
 9538s|  4500 |  2357 | 12073k|1564.5 |   571M | 100 |3592 |  23k|  25k|  46k|  1 |1356 |8425 | 9.611745e+05 | 9.617728e+05 |   0.06%| unknown
 9641s|  4600 |  2379 | 12196k|1560.2 |   572M | 100 |3592 |  23k|  25k|  46k|  1 |1356 |8488 | 9.611760e+05 | 9.617728e+05 |   0.06%| unknown
 9690s|  4700 |  2387 | 12263k|1548.9 |   574M | 100 |3592 |  23k|  25k|  47k|  0 |1359 |8503 | 9.611766e+05 | 9.617728e+05 |   0.06%| unknown
 9834s|  4800 |  2419 | 12451k|1553.1 |   575M | 100 |3592 |  23k|  25k|  47k|  2 |1370 |8548 | 9.611769e+05 | 9.617728e+05 |   0.06%| unknown
 9964s|  4900 |  2445 | 12619k|1554.7 |   579M | 100 |3592 |  23k|  25k|  48k|  1 |1372 |8619 | 9.611796e+05 | 9.617728e+05 |   0.06%| unknown
  168m|  5000 |  2449 | 12775k|1554.8 |   580M | 100 |3592 |  23k|  24k|  48k|  1 |1387 |8643 | 9.611810e+05 | 9.617728e+05 |   0.06%| unknown
  169m|  5100 |  2473 | 12884k|1549.2 |   583M | 100 |3592 |  23k|  25k|  48k|  2 |1388 |8654 | 9.611810e+05 | 9.617728e+05 |   0.06%| unknown
  171m|  5200 |  2473 | 13027k|1547.7 |   585M | 100 |3592 |  23k|  25k|  49k|  1 |1388 |8682 | 9.611824e+05 | 9.617728e+05 |   0.06%| unknown
  173m|  5300 |  2489 | 13195k|1549.2 |   590M | 100 |3592 |  23k|  25k|  49k|  0 |1390 |8716 | 9.611867e+05 | 9.617728e+05 |   0.06%| unknown
  176m|  5400 |  2505 | 13393k|1554.3 |   591M | 100 |3592 |  23k|  25k|  50k|  1 |1391 |8742 | 9.611883e+05 | 9.617728e+05 |   0.06%| unknown
  178m|  5500 |  2519 | 13570k|1556.8 |   592M | 100 |3592 |  23k|  24k|  51k|  0 |1394 |8766 | 9.611897e+05 | 9.617728e+05 |   0.06%| unknown
  180m|  5600 |  2541 | 13715k|1555.6 |   594M | 100 |3592 |  23k|  25k|  52k|  2 |1398 |8786 | 9.611913e+05 | 9.617728e+05 |   0.06%| unknown
  181m|  5700 |  2561 | 13855k|1553.8 |   595M | 100 |3592 |  23k|  25k|  52k|  1 |1405 |8795 | 9.611925e+05 | 9.617728e+05 |   0.06%| unknown
  182m|  5800 |  2579 | 13965k|1548.8 |   596M | 100 |3592 |  23k|  25k|  53k|  1 |1409 |8833 | 9.611935e+05 | 9.617728e+05 |   0.06%| unknown
 time | node  | left  |LP iter|LP it/n|mem/heur|mdpt |vars |cons |rows |cuts |sepa|confs|strbr|  dualbound   | primalbound  |  gap   | compl. 
  184m|  5900 |  2599 | 14082k|1544.6 |   598M | 100 |3592 |  23k|  25k|  53k|  1 |1411 |8848 | 9.611952e+05 | 9.617728e+05 |   0.06%| unknown
  186m|  6000 |  2613 | 14238k|1544.8 |   602M | 100 |3592 |  23k|  24k|  54k|  1 |1416 |8884 | 9.611967e+05 | 9.617728e+05 |   0.06%| unknown
  187m|  6100 |  2617 | 14345k|1539.6 |   604M | 100 |3592 |  23k|  25k|  55k|  2 |1421 |8931 | 9.611967e+05 | 9.617728e+05 |   0.06%| unknown
  190m|  6200 |  2649 | 14542k|1544.3 |   605M | 100 |3592 |  23k|  24k|  55k|  2 |1431 |9112 | 9.611979e+05 | 9.617728e+05 |   0.06%| unknown
  191m|  6300 |  2687 | 14627k|1537.0 |   608M | 100 |3592 |  23k|  25k|  56k|  1 |1443 |9165 | 9.611982e+05 | 9.617728e+05 |   0.06%| unknown
  192m|  6400 |  2711 | 14711k|1529.7 |   610M | 100 |3592 |  23k|  25k|  57k|  1 |1445 |9219 | 9.611983e+05 | 9.617728e+05 |   0.06%| unknown
  194m|  6500 |  2727 | 14814k|1524.5 |   611M | 100 |3592 |  23k|  25k|  57k|  2 |1451 |9352 | 9.611999e+05 | 9.617728e+05 |   0.06%| unknown
  195m|  6600 |  2759 | 14960k|1523.8 |   615M | 100 |3592 |  23k|  24k|  58k|  1 |1463 |9502 | 9.612008e+05 | 9.617728e+05 |   0.06%| unknown
  199m|  6700 |  2777 | 15189k|1531.6 |   622M | 100 |3592 |  23k|  25k|  59k|  1 |1475 |9755 | 9.612032e+05 | 9.617728e+05 |   0.06%| unknown
  201m|  6800 |  2827 | 15348k|1532.2 |   624M | 100 |3592 |  23k|  25k|  60k|  2 |1478 |9820 | 9.612034e+05 | 9.617728e+05 |   0.06%| unknown
  203m|  6900 |  2863 | 15473k|1529.3 |   627M | 100 |3592 |  23k|  25k|  60k|  1 |1509 |9926 | 9.612041e+05 | 9.617728e+05 |   0.06%| unknown
  205m|  7000 |  2887 | 15649k|1531.6 |   629M | 100 |3592 |  23k|  26k|  61k|  0 |1514 |9967 | 9.612076e+05 | 9.617728e+05 |   0.06%| unknown
  210m|  7100 |  2919 | 16029k|1553.7 |   634M | 100 |3592 |  23k|  26k|  63k|  2 |1514 |  10k| 9.612083e+05 | 9.617728e+05 |   0.06%| unknown
  213m|  7200 |  2909 | 16238k|1558.8 |   638M | 100 |3592 |  23k|  25k|  64k|  0 |1520 |  10k| 9.612102e+05 | 9.617728e+05 |   0.06%| unknown
  215m|  7300 |  2951 | 16403k|1559.7 |   640M | 100 |3592 |  23k|  24k|  65k|  2 |1520 |  10k| 9.612114e+05 | 9.617728e+05 |   0.06%| unknown
 time | node  | left  |LP iter|LP it/n|mem/heur|mdpt |vars |cons |rows |cuts |sepa|confs|strbr|  dualbound   | primalbound  |  gap   | compl. 
  217m|  7400 |  2965 | 16611k|1564.7 |   642M | 100 |3592 |  23k|  25k|  66k|  0 |1520 |  10k| 9.612144e+05 | 9.617728e+05 |   0.06%| unknown
  220m|  7500 |  3015 | 16828k|1570.3 |   644M | 100 |3592 |  23k|  25k|  67k|  1 |1522 |  10k| 9.612160e+05 | 9.617728e+05 |   0.06%| unknown
  222m|  7600 |  3031 | 16977k|1569.5 |   645M | 100 |3592 |  23k|  25k|  67k|  1 |1536 |  10k| 9.612165e+05 | 9.617728e+05 |   0.06%| unknown
  225m|  7700 |  3065 | 17158k|1571.8 |   648M | 100 |3592 |  23k|  25k|  68k|  0 |1545 |  10k| 9.612181e+05 | 9.617728e+05 |   0.06%| unknown
  228m|  7800 |  3077 | 17374k|1577.2 |   650M | 100 |3592 |  23k|  25k|  69k|  0 |1557 |  10k| 9.612185e+05 | 9.617728e+05 |   0.06%| unknown
  229m|  7900 |  3107 | 17460k|1570.7 |   652M | 100 |3592 |  23k|  25k|  69k|  1 |1559 |  10k| 9.612201e+05 | 9.617728e+05 |   0.06%| unknown
  232m|  8000 |  3137 | 17693k|1577.5 |   655M | 100 |3592 |  23k|  27k|  70k|  1 |1559 |  10k| 9.612208e+05 | 9.617728e+05 |   0.06%| unknown
  234m|  8100 |  3155 | 17811k|1573.9 |   657M | 100 |3592 |  23k|  25k|  71k|  0 |1564 |  10k| 9.612218e+05 | 9.617728e+05 |   0.06%| unknown
  238m|  8200 |  3155 | 18081k|1583.8 |   660M | 100 |3592 |  23k|  25k|  72k|  0 |1564 |  10k| 9.612218e+05 | 9.617728e+05 |   0.06%| unknown

SCIP Status        : solving was interrupted [time limit reached]
Solving Time (sec) : 14400.00
Solving Nodes      : 8276 (total of 11454 nodes in 2 runs)
Primal Bound       : +9.61772799000001e+05 (72 solutions)
Dual Bound         : +9.61222099797082e+05
Gap                : 0.06 %

primal solution (original space):
=================================

objective value:                     961772.799000002
z#26                                                1 	(obj:0)
z#42                                                1 	(obj:0)
z#68                                                1 	(obj:0)
z#73                                                1 	(obj:0)
z#95                                                1 	(obj:0)
z#136                                               1 	(obj:0)
z#168                                               1 	(obj:0)
z#182                                               1 	(obj:0)
z#199                                               1 	(obj:0)
z#225                                               1 	(obj:0)
z#228                                               1 	(obj:0)
z#241                                               1 	(obj:0)
z#278                                               1 	(obj:0)
z#283                                               1 	(obj:0)
z#293                                               1 	(obj:0)
z#377                                               1 	(obj:0)
z#383                                               1 	(obj:0)
z#400                                               1 	(obj:0)
z#418                                               1 	(obj:0)
z#468                                               1 	(obj:0)
z#506                                               1 	(obj:0)
z#521                                               1 	(obj:0)
z#541                                               1 	(obj:0)
z#545                                               1 	(obj:0)
z#554                                               1 	(obj:0)
z#557                                               1 	(obj:0)
z#572                                               1 	(obj:0)
z#581                                               1 	(obj:0)
z#584                                               1 	(obj:0)
z#616                                               1 	(obj:0)
z#619                                               1 	(obj:0)
z#622                                               1 	(obj:0)
z#625                                               1 	(obj:0)
z#669                                               1 	(obj:0)
z#671                                               1 	(obj:0)
z#672                                               1 	(obj:0)
z#708                                               1 	(obj:0)
z#713                                               1 	(obj:0)
z#753                                               1 	(obj:0)
z#755                                               1 	(obj:0)
z#786                                               1 	(obj:0)
z#792                                               1 	(obj:0)
z#808                                               1 	(obj:0)
z#823                                               1 	(obj:0)
z#833                                               1 	(obj:0)
z#871                                               1 	(obj:0)
z#923                                               1 	(obj:0)
z#937                                               1 	(obj:0)
z#956                                               1 	(obj:0)
z#1063                                              1 	(obj:0)
z#1078                                              1 	(obj:0)
z#1083                                              1 	(obj:0)
z#1126                                              1 	(obj:0)
z#1198                                              1 	(obj:0)
z#1223                                              1 	(obj:0)
z#1224                                              1 	(obj:0)
z#1245                                              1 	(obj:0)
z#1265                                              1 	(obj:0)
z#1284                                              1 	(obj:0)
z#1295                                              1 	(obj:0)
z#1332                                              1 	(obj:0)
z#1338                                              1 	(obj:0)
z#1374                                              1 	(obj:0)
z#1375                                              1 	(obj:0)
z#1386                                              1 	(obj:0)
z#1423                                              1 	(obj:0)
z#1425                                              1 	(obj:0)
z#1442                                              1 	(obj:0)
z#1452                                              1 	(obj:0)
z#1466                                              1 	(obj:0)
z#1486                                              1 	(obj:0)
z#1494                                              1 	(obj:0)
z#1511                                              1 	(obj:0)
z#1513                                              1 	(obj:0)
z#1529                                              1 	(obj:0)
z#1533                                              1 	(obj:0)
z#1554                                              1 	(obj:0)
z#1559                                              1 	(obj:0)
z#1565                                              1 	(obj:0)
z#1606                                              1 	(obj:0)
z#1630                                              1 	(obj:0)
z#1638                                              1 	(obj:0)
z#1642                                              1 	(obj:0)
z#1647                                              1 	(obj:0)
z#1676                                              1 	(obj:0)
z#1705                                              1 	(obj:0)
z#1765                                              1 	(obj:0)
z#1791                                              1 	(obj:0)
z#1795                                              1 	(obj:0)
z#1800                                              1 	(obj:0)
z#1815                                              1 	(obj:0)
z#1817                                              1 	(obj:0)
z#1830                                              1 	(obj:0)
z#1837                                              1 	(obj:0)
z#1846                                              1 	(obj:0)
z#1871                                              1 	(obj:0)
z#1885                                              1 	(obj:0)
z#1921                                              1 	(obj:0)
z#1933                                              1 	(obj:0)
z#1952                                              1 	(obj:0)
z#1959                                              1 	(obj:0)
z#1961                                              1 	(obj:0)
z#1995                                              1 	(obj:0)
z#2014                                              1 	(obj:0)
z#2045                                              1 	(obj:0)
z#2048                                              1 	(obj:0)
z#2067                                              1 	(obj:0)
z#2076                                              1 	(obj:0)
z#2091                                              1 	(obj:0)
z#2111                                              1 	(obj:0)
z#2118                                              1 	(obj:0)
z#2121                                              1 	(obj:0)
z#2175                                              1 	(obj:0)
z#2204                                              1 	(obj:0)
z#2209                                              1 	(obj:0)
z#2234                                              1 	(obj:0)
z#2263                                              1 	(obj:0)
z#2272                                              1 	(obj:0)
z#2273                                              1 	(obj:0)
z#2278                                              1 	(obj:0)
z#2301                                              1 	(obj:0)
z#2334                                              1 	(obj:0)
z#2377                                              1 	(obj:0)
z#2428                                              1 	(obj:0)
z#2465                                              1 	(obj:0)
z#2476                                              1 	(obj:0)
z#2481                                              1 	(obj:0)
z#2506                                              1 	(obj:0)
z#2513                                              1 	(obj:0)
z#2516                                              1 	(obj:0)
z#2522                                              1 	(obj:0)
z#2555                                              1 	(obj:0)
z#2558                                              1 	(obj:0)
z#2566                                              1 	(obj:0)
z#2598                                              1 	(obj:0)
z#2647                                              1 	(obj:0)
z#2685                                              1 	(obj:0)
z#2691                                              1 	(obj:0)
z#2698                                              1 	(obj:0)
z#2711                                              1 	(obj:0)
z#2747                                              1 	(obj:0)
z#2773                                              1 	(obj:0)
z#2822                                              1 	(obj:0)
z#2830                                              1 	(obj:0)
z#2862                                              1 	(obj:0)
z#2887                                              1 	(obj:0)
z#2909                                              1 	(obj:0)
z#2928                                              1 	(obj:0)
z#2938                                              1 	(obj:0)
z#2986                                              1 	(obj:0)
x#0                                           631.163 	(obj:101)
x#6                                            43.102 	(obj:101)
x#13                                           648.01 	(obj:104)
x#20                                 1.20900000000006 	(obj:173)
x#21                                 47.0849999999998 	(obj:142)
x#27                                0.434999999999945 	(obj:135)
x#28                                           648.99 	(obj:129)
x#34                                0.157000000000039 	(obj:134)
x#35                                           49.148 	(obj:128)
x#38                                0.162000000000148 	(obj:126)
x#41                                0.687000000000012 	(obj:139)
x#42                                          649.633 	(obj:121)
x#48                                 49.6270000000001 	(obj:113)
x#55                                          510.343 	(obj:122)
x#59                               0.0109999999999673 	(obj:114)
x#62                              0.00199999999995271 	(obj:161)
x#63                                 49.6320000000002 	(obj:131)
x#65                                          140.006 	(obj:134)
x#70                                          510.345 	(obj:122)
x#77                                 49.6349999999802 	(obj:133)
x#80                                          140.006 	(obj:102)
x#82                                  510.35900000002 	(obj:131)
x#92                                 49.6349999999802 	(obj:116)
x#93                                          135.006 	(obj:113)
x#95                                                5 	(obj:132)
x#97                                  510.35900000002 	(obj:164)
x#106                                 184.64099999998 	(obj:103)
x#111                                 515.35900000002 	(obj:118)
x#117                                35.2409999999801 	(obj:143)
x#119                                               7 	(obj:199)
x#122                                               3 	(obj:125)
x#125                                 515.35900000002 	(obj:134)
x#130                                 174.64099999998 	(obj:111)
x#134                                              10 	(obj:104)
x#140                                 377.35900000002 	(obj:143)
x#145                                 174.64099999998 	(obj:120)
y#26                                 0.50200000000018 	(obj:107)
y#31                                0.630999999999972 	(obj:107)
y#40                               0.0649999999998272 	(obj:105)
y#57                                              140 	(obj:101)
y#72                               0.0130000000199288 	(obj:105)
y#120                                           139.4 	(obj:132)
y#140                                             138 	(obj:133)
u#0                                           631.163 	(obj:0)
u#1                                           631.163 	(obj:0)
u#2                                           631.163 	(obj:0)
u#3                                           631.163 	(obj:0)
u#4                                           631.163 	(obj:0)
u#5                                           631.163 	(obj:0)
u#6                                           674.265 	(obj:0)
u#7                                           674.265 	(obj:0)
u#8                                           674.265 	(obj:0)
u#9                                           674.265 	(obj:0)
u#10                                          674.265 	(obj:0)
u#11                                          674.265 	(obj:0)
u#12                                          674.265 	(obj:0)
u#13                                         1322.275 	(obj:0)
u#14                                         1322.275 	(obj:0)
u#15                                          691.112 	(obj:0)
u#16                                          691.112 	(obj:0)
u#17                                          691.112 	(obj:0)
u#18                                          691.112 	(obj:0)
u#19                                          691.112 	(obj:0)
u#20                                          692.321 	(obj:0)
u#21                                          696.304 	(obj:0)
u#22                                          696.304 	(obj:0)
u#23                                          696.304 	(obj:0)
u#24                                          696.304 	(obj:0)
u#25                                          696.304 	(obj:0)
u#26                                          696.304 	(obj:0)
u#27                                          696.739 	(obj:0)
u#28                                          697.719 	(obj:0)
u#29                                          697.719 	(obj:0)
u#30                                          697.719 	(obj:0)
u#31                                          697.719 	(obj:0)
u#32                                          697.719 	(obj:0)
u#33                                          697.719 	(obj:0)
u#34                                          697.876 	(obj:0)
u#35                                          745.815 	(obj:0)
u#36                                           698.73 	(obj:0)
u#37                                           698.73 	(obj:0)
u#38                                          698.892 	(obj:0)
u#39                                          698.892 	(obj:0)
u#40                                          698.892 	(obj:0)
u#41                                          699.579 	(obj:0)
u#42                                         1348.777 	(obj:0)
u#43                                          699.787 	(obj:0)
u#44                                          699.787 	(obj:0)
u#45                                          699.787 	(obj:0)
u#46                                          699.787 	(obj:0)
u#47                                          699.787 	(obj:0)
u#48                                          749.414 	(obj:0)
u#49                                          749.257 	(obj:0)
u#50                                          700.109 	(obj:0)
u#51                                          700.109 	(obj:0)
u#52                                          700.109 	(obj:0)
u#53                                          699.947 	(obj:0)
u#54                                          699.947 	(obj:0)
u#55                                          1210.29 	(obj:0)
u#56                                         1209.603 	(obj:0)
u#57                                           559.97 	(obj:0)
u#58                                           559.97 	(obj:0)
u#59                                          559.981 	(obj:0)
u#60                                          559.981 	(obj:0)
u#61                                          559.981 	(obj:0)
u#62                                          559.983 	(obj:0)
u#63                                          559.988 	(obj:0)
u#64                                          559.988 	(obj:0)
u#65                                          699.994 	(obj:0)
u#66                                          699.994 	(obj:0)
u#67                                          699.994 	(obj:0)
u#68                                          699.994 	(obj:0)
u#69                                          699.994 	(obj:0)
u#70                                          699.996 	(obj:0)
u#71                                          699.996 	(obj:0)
u#72                                          699.996 	(obj:0)
u#73                                          699.996 	(obj:0)
u#74                                          699.985 	(obj:0)
u#75                                          699.985 	(obj:0)
u#76                                          699.985 	(obj:0)
u#77                                  749.61799999998 	(obj:0)
u#78                                  699.98599999998 	(obj:0)
u#79                                  699.98599999998 	(obj:0)
u#80                                  699.98599999998 	(obj:0)
u#81                                  699.98599999998 	(obj:0)
u#82                                         1210.345 	(obj:0)
u#83                                         1210.345 	(obj:0)
u#84                                         1210.345 	(obj:0)
u#85                                              700 	(obj:0)
u#86                                              700 	(obj:0)
u#87                                              700 	(obj:0)
u#88                                              700 	(obj:0)
u#89                                              700 	(obj:0)
u#90                                              700 	(obj:0)
u#91                                              700 	(obj:0)
u#92                                              700 	(obj:0)
u#93                                          835.006 	(obj:0)
u#94                                          835.006 	(obj:0)
u#95                                              700 	(obj:0)
u#96                                              700 	(obj:0)
u#97                                              700 	(obj:0)
u#98                                              700 	(obj:0)
u#99                                              700 	(obj:0)
u#100                                             700 	(obj:0)
u#101                                             700 	(obj:0)
u#102                                             700 	(obj:0)
u#103                                             700 	(obj:0)
u#104                                             700 	(obj:0)
u#105                                             700 	(obj:0)
u#106                                 884.64099999998 	(obj:0)
u#107                                         835.006 	(obj:0)
u#108                                             700 	(obj:0)
u#109                                             700 	(obj:0)
u#110                                             695 	(obj:0)
u#111                                1210.35900000002 	(obj:0)
u#112                                             700 	(obj:0)
u#113                                             700 	(obj:0)
u#114                                             700 	(obj:0)
u#115                                             700 	(obj:0)
u#116                                             700 	(obj:0)
u#117                                 735.24099999998 	(obj:0)
u#118                                 735.24099999998 	(obj:0)
u#119                                 742.24099999998 	(obj:0)
u#120                                 742.24099999998 	(obj:0)
u#121                                           557.6 	(obj:0)
u#122                                           560.6 	(obj:0)
u#123                                           560.6 	(obj:0)
u#124                                           560.6 	(obj:0)
u#125                                1075.95900000002 	(obj:0)
u#126                                           560.6 	(obj:0)
u#127                                           560.6 	(obj:0)
u#128                                           560.6 	(obj:0)
u#129                                           560.6 	(obj:0)
u#130                                 735.24099999998 	(obj:0)
u#131                                 735.24099999998 	(obj:0)
u#132                                             700 	(obj:0)
u#133                                             700 	(obj:0)
u#134                                             703 	(obj:0)
u#135                                             703 	(obj:0)
u#136                                             703 	(obj:0)
u#137                                             700 	(obj:0)
u#138                                             700 	(obj:0)
u#139                                             700 	(obj:0)
u#140                                             562 	(obj:0)
u#141                                             562 	(obj:0)
u#142                                             562 	(obj:0)
u#143                                             562 	(obj:0)
u#144                                             562 	(obj:0)
u#145                                             562 	(obj:0)
u#146                                             562 	(obj:0)
u#147                                             562 	(obj:0)
u#148                                             562 	(obj:0)
u#149                                             552 	(obj:0)
v#26                                 0.50200000000018 	(obj:0)
v#27                                 0.50200000000018 	(obj:0)
v#28                                 0.50200000000018 	(obj:0)
v#29                                 0.50200000000018 	(obj:0)
v#30                                 0.50200000000018 	(obj:0)
v#31                                 1.13300000000015 	(obj:0)
v#32                                 1.13300000000015 	(obj:0)
v#33                                 1.13300000000015 	(obj:0)
v#34                                 1.13300000000015 	(obj:0)
v#35                                 1.13300000000015 	(obj:0)
v#36                                0.630999999999972 	(obj:0)
v#37                                0.630999999999972 	(obj:0)
v#38                                0.630999999999972 	(obj:0)
v#39                                0.630999999999972 	(obj:0)
v#40                                0.695999999999799 	(obj:0)
v#41                               0.0649999999998272 	(obj:0)
v#42                               0.0649999999998272 	(obj:0)
v#43                               0.0649999999998272 	(obj:0)
v#44                               0.0649999999998272 	(obj:0)
v#45                               0.0649999999998272 	(obj:0)
v#46                               0.0649999999998272 	(obj:0)
v#47                               0.0649999999998272 	(obj:0)
v#48                               0.0649999999998272 	(obj:0)
v#49                               0.0649999999998272 	(obj:0)
v#57                                              140 	(obj:0)
v#58                                              140 	(obj:0)
v#59                                              140 	(obj:0)
v#60                                              140 	(obj:0)
v#61                                              140 	(obj:0)
v#62                                              140 	(obj:0)
v#63                                              140 	(obj:0)
v#64                                              140 	(obj:0)
v#65                                              140 	(obj:0)
v#66                                              140 	(obj:0)
v#72                               0.0130000000199288 	(obj:0)
v#73                               0.0130000000199288 	(obj:0)
v#74                               0.0130000000199288 	(obj:0)
v#75                               0.0130000000199288 	(obj:0)
v#76                               0.0130000000199288 	(obj:0)
v#77                               0.0130000000199288 	(obj:0)
v#78                               0.0130000000199288 	(obj:0)
v#79                               0.0130000000199288 	(obj:0)
v#80                               0.0130000000199288 	(obj:0)
v#81                               0.0130000000199288 	(obj:0)
v#120                                           139.4 	(obj:0)
v#121                                           139.4 	(obj:0)
v#122                                           139.4 	(obj:0)
v#123                                           139.4 	(obj:0)
v#124                                           139.4 	(obj:0)
v#125                                           139.4 	(obj:0)
v#126                                           139.4 	(obj:0)
v#127                                           139.4 	(obj:0)
v#128                                           139.4 	(obj:0)
v#129                                           139.4 	(obj:0)
v#140                                             138 	(obj:0)
v#141                                             138 	(obj:0)
v#142                                             138 	(obj:0)
v#143                                             138 	(obj:0)
v#144                                             138 	(obj:0)
v#145                                             138 	(obj:0)
v#146                                             138 	(obj:0)
v#147                                             138 	(obj:0)
v#148                                             138 	(obj:0)
v#149                                             138 	(obj:0)
w#0                                           631.163 	(obj:0)
w#1                                           631.163 	(obj:0)
w#2                                           631.163 	(obj:0)
w#3                                           631.163 	(obj:0)
w#4                                           631.163 	(obj:0)
w#5                                           631.163 	(obj:0)
w#6                                           674.265 	(obj:0)
w#7                                           674.265 	(obj:0)
w#8                                           674.265 	(obj:0)
w#9                                           674.265 	(obj:0)
w#10                                          674.265 	(obj:0)
w#11                                          674.265 	(obj:0)
w#12                                          674.265 	(obj:0)
w#13                                         1322.275 	(obj:0)
w#14                                         1322.275 	(obj:0)
w#15                                          691.112 	(obj:0)
w#16                                          691.112 	(obj:0)
w#17                                          691.112 	(obj:0)
w#18                                          691.112 	(obj:0)
w#19                                          691.112 	(obj:0)
w#20                                          692.321 	(obj:0)
w#21                                          696.304 	(obj:0)
w#22                                          696.304 	(obj:0)
w#23                                          696.304 	(obj:0)
w#24                                          696.304 	(obj:0)
w#25                                          696.304 	(obj:0)
w#26                                          696.806 	(obj:0)
w#27                                          697.241 	(obj:0)
w#28                                          698.221 	(obj:0)
w#29                                          698.221 	(obj:0)
w#30                                          698.221 	(obj:0)
w#31                                          698.852 	(obj:0)
w#32                                          698.852 	(obj:0)
w#33                                          698.852 	(obj:0)
w#34                                          699.009 	(obj:0)
w#35                                          746.948 	(obj:0)
w#36                                          699.361 	(obj:0)
w#37                                          699.361 	(obj:0)
w#38                                          699.523 	(obj:0)
w#39                                          699.523 	(obj:0)
w#40                                          699.588 	(obj:0)
w#41                                          699.644 	(obj:0)
w#42                                         1348.842 	(obj:0)
w#43                                          699.852 	(obj:0)
w#44                                          699.852 	(obj:0)
w#45                                          699.852 	(obj:0)
w#46                                          699.852 	(obj:0)
w#47                                          699.852 	(obj:0)
w#48                                          749.479 	(obj:0)
w#49                                          749.322 	(obj:0)
w#50                                          700.109 	(obj:0)
w#51                                          700.109 	(obj:0)
w#52                                          700.109 	(obj:0)
w#53                                          699.947 	(obj:0)
w#54                                          699.947 	(obj:0)
w#55                                          1210.29 	(obj:0)
w#56                                         1209.603 	(obj:0)
w#57                                           699.97 	(obj:0)
w#58                                           699.97 	(obj:0)
w#59                                          699.981 	(obj:0)
w#60                                          699.981 	(obj:0)
w#61                                          699.981 	(obj:0)
w#62                                          699.983 	(obj:0)
w#63                                          699.988 	(obj:0)
w#64                                          699.988 	(obj:0)
w#65                                          839.994 	(obj:0)
w#66                                          839.994 	(obj:0)
w#67                                          699.994 	(obj:0)
w#68                                          699.994 	(obj:0)
w#69                                          699.994 	(obj:0)
w#70                                          699.996 	(obj:0)
w#71                                          699.996 	(obj:0)
w#72                                  700.00900000002 	(obj:0)
w#73                                  700.00900000002 	(obj:0)
w#74                                  699.99800000002 	(obj:0)
w#75                                  699.99800000002 	(obj:0)
w#76                                  699.99800000002 	(obj:0)
w#77                                          749.631 	(obj:0)
w#78                                          699.999 	(obj:0)
w#79                                          699.999 	(obj:0)
w#80                                          699.999 	(obj:0)
w#81                                          699.999 	(obj:0)
w#82                                         1210.345 	(obj:0)
w#83                                         1210.345 	(obj:0)
w#84                                         1210.345 	(obj:0)
w#85                                              700 	(obj:0)
w#86                                              700 	(obj:0)
w#87                                              700 	(obj:0)
w#88                                              700 	(obj:0)
w#89                                              700 	(obj:0)
w#90                                              700 	(obj:0)
w#91                                              700 	(obj:0)
w#92                                              700 	(obj:0)
w#93                                          835.006 	(obj:0)
w#94                                          835.006 	(obj:0)
w#95                                              700 	(obj:0)
w#96                                              700 	(obj:0)
w#97                                              700 	(obj:0)
w#98                                              700 	(obj:0)
w#99                                              700 	(obj:0)
w#100                                             700 	(obj:0)
w#101                                             700 	(obj:0)
w#102                                             700 	(obj:0)
w#103                                             700 	(obj:0)
w#104                                             700 	(obj:0)
w#105                                             700 	(obj:0)
w#106                                 884.64099999998 	(obj:0)
w#107                                         835.006 	(obj:0)
w#108                                             700 	(obj:0)
w#109                                             700 	(obj:0)
w#110                                             695 	(obj:0)
w#111                                1210.35900000002 	(obj:0)
w#112                                             700 	(obj:0)
w#113                                             700 	(obj:0)
w#114                                             700 	(obj:0)
w#115                                             700 	(obj:0)
w#116                                             700 	(obj:0)
w#117                                 735.24099999998 	(obj:0)
w#118                                 735.24099999998 	(obj:0)
w#119                                 742.24099999998 	(obj:0)
w#120                                 881.64099999998 	(obj:0)
w#121                                             697 	(obj:0)
w#122                                             700 	(obj:0)
w#123                                             700 	(obj:0)
w#124                                             700 	(obj:0)
w#125                                1215.35900000002 	(obj:0)
w#126                                             700 	(obj:0)
w#127                                             700 	(obj:0)
w#128                                             700 	(obj:0)
w#129                                             700 	(obj:0)
w#130                                 735.24099999998 	(obj:0)
w#131                                 735.24099999998 	(obj:0)
w#132                                             700 	(obj:0)
w#133                                             700 	(obj:0)
w#134                                             703 	(obj:0)
w#135                                             703 	(obj:0)
w#136                                             703 	(obj:0)
w#137                                             700 	(obj:0)
w#138                                             700 	(obj:0)
w#139                                             700 	(obj:0)
w#140                                             700 	(obj:0)
w#141                                             700 	(obj:0)
w#142                                             700 	(obj:0)
w#143                                             700 	(obj:0)
w#144                                             700 	(obj:0)
w#145                                             700 	(obj:0)
w#146                                             700 	(obj:0)
w#147                                             700 	(obj:0)
w#148                                             700 	(obj:0)
w#149                                             690 	(obj:0)

Statistics
==========

SCIP Status        : solving was interrupted [time limit reached]
Total Time         :   14400.68
  solving          :   14400.00
  presolving       :       0.42 (included in solving)
  reading          :       0.67
  copying          :       1.04 (24 #copies) (minimal 0.04, maximal 0.05, average 0.04)
Original Problem   :
  Problem name     : CCMPPData/150-3000-1
  Variables        : 3750 (3000 binary, 0 integer, 0 implicit integer, 750 continuous)
  Constraints      : 23102 initial, 23102 maximal
  Objective        : minimize, 300 non-zeros (abs.min = 101, abs.max = 299)
Presolved Problem  :
  Problem name     : t_CCMPPData/150-3000-1
  Variables        : 3592 (3000 binary, 0 integer, 0 implicit integer, 592 continuous)
  Constraints      : 23163 initial, 23210 maximal
  Objective        : minimize, 298 non-zeros (abs.min = 101, abs.max = 299)
  Nonzeros         : 69020 constraint, 0 clique table
Presolvers         :   ExecTime  SetupTime  Calls  FixedVars   AggrVars   ChgTypes  ChgBounds   AddHoles    DelCons    AddCons   ChgSides   ChgCoefs
  boundshift       :       0.00       0.00      0          0          0          0          0          0          0          0          0          0
  convertinttobin  :       0.00       0.00      0          0          0          0          0          0          0          0          0          0
  domcol           :       0.06       0.00      2          0          0          0          0          0          0          0          0          0
  dualagg          :       0.00       0.00      0          0          0          0          0          0          0          0          0          0
  dualcomp         :       0.03       0.00      2          0          0          0          0          0          0          0          0          0
  dualinfer        :       0.00       0.00      0          0          0          0          0          0          0          0          0          0
  dualsparsify     :       0.10       0.00      1          0          0          0          0          0          0          0          0          0
  gateextraction   :       0.00       0.00      0          0          0          0          0          0          0          0          0          0
  implics          :       0.00       0.00      4          0          0          0          0          0          0          0          0          0
  inttobinary      :       0.00       0.00      0          0          0          0          0          0          0          0          0          0
  milp             :       0.06       0.00      1          2        152          0         73          0          0          0          0          0
  qpkktref         :       0.00       0.00      0          0          0          0          0          0          0          0          0          0
  redvub           :       0.00       0.00      0          0          0          0          0          0          0          0          0          0
  sparsify         :       0.02       0.00      1          0          0          0          0          0          0          0          0          0
  stuffing         :       0.00       0.00      0          0          0          0          0          0          0          0          0          0
  trivial          :       0.00       0.00      7          0          0          0          0          0          0          0          0          0
  tworowbnd        :       0.00       0.00      0          0          0          0          0          0          0          0          0          0
  dualfix          :       0.00       0.00      7          0          0          0          0          0          0          0          0          0
  genvbounds       :       0.00       0.00      0          0          0          0          0          0          0          0          0          0
  probing          :       0.01       0.00      1          0          0          0          0          0          0          0          0          0
  pseudoobj        :       0.00       0.00      1          0          0          0          0          0          0          0          0          0
  symmetry         :       0.00       0.00      1          0          0          0          0          0          0          0          0          0
  vbounds          :       0.00       0.00      0          0          0          0          0          0          0          0          0          0
  chancecons       :       0.00       0.00      0          0          0          0          0          0          0          0          0          0
  varbound         :       0.02       0.00      5          0          0          0          0          0          0          0          0          0
  knapsack         :       0.00       0.00      4          0          0          0          0          0          0          0          0          0
  linear           :       0.08       0.01     10          0          4          0        224          0        692          0          0          0
  logicor          :       0.00       0.00      4          0          0          0          0          0          0          0          0          2
  bounddisjunction :       0.00       0.00      2          0          0          0          0          0          0          0          0          0
  benders          :       0.00       0.00      0          0          0          0          0          0          0          0          0          0
  components       :       0.00       0.00      2          0          0          0          0          0          0          0          0          0
  root node        :          -          -      -          0          -          -       4853          -          -          -          -          -
Constraints        :     Number  MaxNumber  #Separate #Propagate    #EnfoLP    #EnfoRelax  #EnfoPS    #Check   #ResProp    Cutoffs    DomReds       Cuts    Applied      Conss   Children
  benderslp        :          0          0          0          0       8525          0          0       1574          0          0          0          0          0          0          0
  chancecons       :          1          1       1565          0          0          0          0          0          0          0          0      68213      49538          0          0
  integral         :          0          0          0          0       8525          0          0       1574          0          0       4740          0          0        213      16242
  varbound         :      21966      21966         35     286787          0          0          0       1568      17396          3     238570          0          0          0          0
  knapsack         :          1          1         35     287226          0          0          0        123         35         54          0          0          0          0          0
  linear           :       1131+      1134         35     287875          0          0          0        120       1017        570    1212845          0          0          0          0
  logicor          :         10         10         15       1303          0          0          0          0          0          0          1          0          0          0          0
  bounddisjunction :         54+       106          0      15499          0          0          0          0          0          0          1          0          0          0          0
  benders          :          0          0          0          0          0          0          0        118          0          0          0          0          0          0          0
  fixedvar         :          0          0          0          0          0          0          0        118          0          0          0          0          0          0          0
  countsols        :          0          0          0          0          0          0          0        118          0          0          0          0          0          0          0
  components       :          0          0          0          0          0          0          0          0          0          0          0          0          0          0          0
Constraint Timings :  TotalTime  SetupTime   Separate  Propagate     EnfoLP     EnfoPS     EnfoRelax   Check    ResProp    SB-Prop
  benderslp        :       0.01       0.00       0.00       0.00       0.01       0.00       0.00       0.00       0.00       0.00
  chancecons       :       3.51       0.00       3.51       0.00       0.00       0.00       0.00       0.00       0.00       0.00
  integral         :    2932.47       0.00       0.00       0.00    2932.46       0.00       0.00       0.00       0.00       0.00
  varbound         :      20.90       0.00       0.09      14.05       0.00       0.00       0.00       0.39       0.01       6.37
  knapsack         :       2.76       0.00       0.68       2.04       0.00       0.00       0.00       0.00       0.00       0.04
  linear           :      23.45       0.01       0.19      18.45       0.00       0.00       0.00       0.01       0.00       4.79
  logicor          :       0.00       0.00       0.00       0.00       0.00       0.00       0.00       0.00       0.00       0.00
  bounddisjunction :       0.09       0.00       0.00       0.07       0.00       0.00       0.00       0.00       0.00       0.02
  benders          :       0.00       0.00       0.00       0.00       0.00       0.00       0.00       0.00       0.00       0.00
  fixedvar         :       0.01       0.00       0.00       0.00       0.00       0.00       0.00       0.01       0.00       0.00
  countsols        :       0.00       0.00       0.00       0.00       0.00       0.00       0.00       0.00       0.00       0.00
  components       :       0.02       0.00       0.00       0.01       0.00       0.00       0.00       0.00       0.00       0.01
Propagators        : #Propagate   #ResProp    Cutoffs    DomReds
  dualfix          :          9          0          0          0
  genvbounds       :          0          0          0          0
  nlobbt           :          0          0          0          0
  obbt             :          0          0          0          0
  probing          :          0          0          0          0
  pseudoobj        :      56667          0          0        376
  redcost          :      24138          0          0     617593
  rootredcost      :         25          0          0       1839
  symmetry         :          0          0          0          0
  vbounds          :     113250          0          0          0
Propagator Timings :  TotalTime  SetupTime   Presolve  Propagate    ResProp    SB-Prop
  dualfix          :       0.00       0.00       0.00       0.00       0.00       0.00
  genvbounds       :       0.05       0.00       0.00       0.03       0.00       0.02
  nlobbt           :       0.00       0.00       0.00       0.00       0.00       0.00
  obbt             :       0.00       0.00       0.00       0.00       0.00       0.00
  probing          :       0.01       0.00       0.01       0.00       0.00       0.00
  pseudoobj        :       0.42       0.00       0.00       0.41       0.00       0.01
  redcost          :       2.35       0.00       0.00       2.33       0.00       0.02
  rootredcost      :       0.06       0.00       0.00       0.05       0.00       0.02
  symmetry         :       0.08       0.00       0.00       0.05       0.00       0.03
  vbounds          :       0.42       0.00       0.00       0.39       0.00       0.04
Symmetry           :
  orbitopal red.   :          0 reductions applied,          0 cutoffs
  orbital reduction:          0 reductions applied,          0 cutoffs
  lexicographic red:          0 reductions applied,          0 cutoffs
  shadow tree time :       0.00 s
Conflict Analysis  :       Time      Calls    Success    DomReds  Conflicts   Literals    Reconvs ReconvLits   Dualrays   Nonzeros   LP Iters   (pool size: [10000,10000])
  propagation      :       0.01         58         58          -        553      111.0          1       41.0          -          -          -
  infeasible LP    :       0.00          2          2          -         20      104.2          0        0.0          0        0.0          0
  bound exceed. LP :      12.86       3585       1186          -       2110       74.2          1       43.0        688       37.8      17723
  strong branching :       0.00          0          0          -          0        0.0          0        0.0          -          -          0
  pseudo solution  :       0.00          0          0          -          0        0.0          0        0.0          -          -          -
  applied globally :       0.05          -          -        602        878       87.1          -          -        688          -          -
  applied locally  :          -          -          -          0          0        0.0          -          -          0          -          -
Separators         :   ExecTime  SetupTime      Calls  RootCalls    Cutoffs    DomReds  FoundCuts ViaPoolAdd  DirectAdd    Applied ViaPoolApp  DirectApp      Conss
  cut pool         :       0.82          -       2228         69          -          -      25567     386509          -          -          -          -          -    (maximal pool size:      12290)
  aggregation      :       0.78       0.00         65         35          0          0      20498     285243          0      39628      39628          0          0
  > cmir           :          -          -          -          -          -          -          -     285243          0      39628      39628          0          -
  > flowcover      :          -          -          -          -          -          -          -          0          0          0          0          0          -
  > knapsackcover  :          -          -          -          -          -          -          -          0          0          0          0          0          -
  cgmip            :       0.00       0.00          0          0          0          0          0          0          0          0          0          0          0
  clique           :       0.00       0.00          2          2          0          0          0          0          0          0          0          0          0
  closecuts        :       0.00       0.00          0          0          0          0          0          0          0          0          0          0          0
  convexproj       :       0.00       0.00          0          0          0          0          0          0          0          0          0          0          0
  disjunctive      :       0.00       0.00          0          0          0          0          0          0          0          0          0          0          0
  eccuts           :       0.00       0.00          0          0          0          0          0          0          0          0          0          0          0
  gauge            :       0.00       0.00          0          0          0          0          0          0          0          0          0          0          0
  gomory           :       3.39       0.00         50         20          0          0       5069     101266          0      18617      18617          0          0
  > gomorymi       :          -          -          -          -          -          -          -     101266          0      18617      18617          0          -
  > strongcg       :          -          -          -          -          -          -          -          0          0          0          0          0          -
  impliedbounds    :       0.03       0.00         65         35          0          0          0          0          0          0          0          0          0
  interminor       :       0.00       0.00          0          0          0          0          0          0          0          0          0          0          0
  intobj           :       0.00       0.00          0          0          0          0          0          0          0          0          0          0          0
  lagromory        :       0.00       0.00          0          0          0          0          0          0          0          0          0          0          0
  mcf              :       0.01       0.00          2          2          0          0          0          0          0          0          0          0          0
  minor            :       0.00       0.00         20         20          0          0          0          0          0          0          0          0          0
  mixing           :       0.00       0.00          0          0          0          0          0          0          0          0          0          0          0
  oddcycle         :       0.00       0.00          0          0          0          0          0          0          0          0          0          0          0
  rapidlearning    :       0.00       0.00          0          0          0          0          0          0          0          0          0          0          0
  rlt              :       0.00       0.00         20         20          0          0          0          0          0          0          0          0          0
  zerohalf         :       0.15       0.00         65         35          0          0          0          0          0          0          0          0          0
Cutselectors       :   ExecTime  SetupTime      Calls  RootCalls   Selected     Forced   Filtered  RootSelec   RootForc   RootFilt 
  hybrid           :       0.84       0.00       2165         36     107783          0     346939       4647          0      33931
  ensemble         :       0.00       0.00          0          0          0          0          0          0          0          0
  dynamic          :       0.00       0.00          0          0          0          0          0          0          0          0
Pricers            :   ExecTime  SetupTime      Calls       Vars
  problem variables:       0.00          -          0          0
Branching Rules    :   ExecTime  SetupTime   BranchLP  BranchExt   BranchPS    Cutoffs    DomReds       Cuts      Conss   Children
  allfullstrong    :       0.00       0.00          0          0          0          0          0          0          0          0
  cloud            :       0.00       0.00          0          0          0          0          0          0          0          0
  distribution     :       0.00       0.00          0          0          0          0          0          0          0          0
  fullstrong       :       0.00       0.00          0          0          0          0          0          0          0          0
  gomory           :       0.00       0.00          0          0          0          0          0          0          0          0
  inference        :       0.00       0.00          0          0          0          0          0          0          0          0
  leastinf         :       0.00       0.00          0          0          0          0          0          0          0          0
  lookahead        :       0.00       0.00          0          0          0          0          0          0          0          0
  mostinf          :       0.00       0.00          0          0          0          0          0          0          0          0
  multaggr         :       0.00       0.00          0          0          0          0          0          0          0          0
  nodereopt        :       0.00       0.00          0          0          0          0          0          0          0          0
  pscost           :       0.00       0.00          0          0          0          0          0          0          0          0
  random           :       0.00       0.00          0          0          0          0          0          0          0          0
  relpscost        :    2932.45       0.00       8525          0          0          0       4740          0        218      16242
  vanillafullstrong:       0.00       0.00          0          0          0          0          0          0          0          0
Primal Heuristics  :   ExecTime  SetupTime      Calls      Found       Best
  LP solutions     :       0.00          -          -          0          0
  relax solutions  :       0.00          -          -          0          0
  pseudo solutions :       0.00          -          -          0          0
  strong branching :       0.07          -          -          0          0
  actconsdiving    :       0.00       0.00          0          0          0
  adaptivediving   :      93.49       0.00         71          4          4
  alns             :       1.15       0.00          6          3          3
  bound            :       0.00       0.00          0          0          0
  clique           :       0.00       0.00          0          0          0
  coefdiving       :       0.00       0.00          0          0          0
  completesol      :       0.00       0.00          0          0          0
  conflictdiving   :      61.26       0.00         36          0          0
  crossover        :       1.45       0.00          7          4          1
  dins             :       0.00       0.00          0          0          0
  distributiondivin:      43.46       0.00         36          1          1
  dps              :       0.00       0.00          0          0          0
  dualval          :       0.00       0.00          0          0          0
  farkasdiving     :       0.00       0.00          0          0          0
  feaspump         :       1.70       0.00          1          1          1
  fixandinfer      :       0.00       0.00          0          0          0
  fracdiving       :      74.25       0.00         36          3          3
  gins             :       0.04       0.00          0          0          0
  guideddiving     :      46.57       0.00         36          4          4
  indicator        :       0.01       0.00          0          0          0
  indicatordiving  :       0.00       0.00          0          0          0
  intdiving        :       0.00       0.00          0          0          0
  intshifting      :      40.12       0.00         64          0          0
  linesearchdiving :      50.75       0.00         36          0          0
  localbranching   :       0.00       0.00          0          0          0
  locks            :       0.09       0.00          1          1          1
  lpface           :       0.01       0.00          0          0          0
  mpec             :       0.00       0.00          0          0          0
  multistart       :       0.00       0.00          0          0          0
  mutation         :       0.00       0.00          0          0          0
  nlpdiving        :       0.00       0.00          0          0          0
  objpscostdiving  :     308.36       0.00         18         18          0
  octane           :       0.00       0.00          0          0          0
  ofins            :       0.01       0.00          0          0          0
  oneopt           :       0.08       0.00         25          0          0
  padm             :       0.00       0.00          0          0          0
  proximity        :       0.00       0.00          0          0          0
  pscostdiving     :      55.14       0.00         36          4          4
  randrounding     :       2.44       0.00       1458          0          0
  rens             :       0.00       0.00          0          0          0
  reoptsols        :       0.00       0.00          0          0          0
  repair           :       0.00       0.00          0          0          0
  rins             :       4.42       0.00         11         11          3
  rootsoldiving    :      39.74       0.00         18         18          0
  rounding         :       1.52       0.00       1448          0          0
  scheduler        :       0.00       0.00          0          0          0
  shiftandpropagate:       0.00       0.00          0          0          0
  shifting         :      45.27       0.00        699          0          0
  simplerounding   :       0.01       0.00          0          0          0
  subnlp           :       0.01       0.00          0          0          0
  trivial          :       0.01       0.00          4          0          0
  trivialnegation  :       0.00       0.00          0          0          0
  trustregion      :       0.00       0.00          0          0          0
  trysol           :       0.01       0.00          0          0          0
  twoopt           :       0.00       0.00          0          0          0
  undercover       :       0.00       0.00          0          0          0
  vbounds          :       0.07       0.00          2          0          0
  veclendiving     :      24.34       0.00         36          0          0
  zeroobj          :       0.00       0.00          0          0          0
  zirounding       :       1.85       0.00       1000          0          0
  other solutions  :          -          -          -          0          -
LNS (Scheduler)    :      Calls  SetupTime  SolveTime SolveNodes       Sols       Best       Exp3    Exp3-IX  EpsGreedy        UCB TgtFixRate  Opt  Inf Node Stal  Sol  Usr Othr Actv
  rens             :          0       0.00       0.00          0          0          0    0.00000    0.12500   -1.00000    1.00000      0.900    0    0    0    0    0    0    0    1
  rins             :          0       0.00       0.00          0          0          0    0.00000    0.12500   -1.00000    1.00000      0.900    0    0    0    0    0    0    0    1
  mutation         :          0       0.00       0.00          0          0          0    0.00000    0.12500   -1.00000    1.00000      0.900    0    0    0    0    0    0    0    1
  localbranching   :          0       0.00       0.00          0          0          0    0.00000    0.12500   -1.00000    1.00000      0.900    0    0    0    0    0    0    0    1
  crossover        :          0       0.00       0.00          0          0          0    0.00000    0.12500   -1.00000    1.00000      0.900    0    0    0    0    0    0    0    1
  proximity        :          0       0.00       0.00          0          0          0    0.00000    0.12500   -1.00000    1.00000      0.900    0    0    0    0    0    0    0    1
  zeroobjective    :          0       0.00       0.00          0          0          0    0.00000    0.12500   -1.00000    1.00000      0.900    0    0    0    0    0    0    0    1
  dins             :          0       0.00       0.00          0          0          0    0.00000    0.12500   -1.00000    1.00000      0.900    0    0    0    0    0    0    0    1
  trustregion      :          0       0.00       0.00          0          0          0    0.00000    0.00000   -1.00000    1.00000      0.900    0    0    0    0    0    0    0    0
LP                 :       Time      Calls Iterations  Iter/call   Iter/sec  Time-0-It Calls-0-It    ItLimit
  primal LP        :      17.50       1481         13       6.50       0.74      17.46       1479
  dual LP          :   10474.65      18394   16645627    1098.21    1589.13      10.45       3237
  lex dual LP      :       0.00          0          0       0.00          -
  barrier LP       :       0.00          0          0       0.00          -       0.00          0
  resolve instable :       0.00          0          0       0.00          -
  diving/probing LP:     791.26      12862    1613607     125.46    2039.29
  strong branching :    2841.59      10908    4741777     434.71    1668.71          -          -       4352
    (at root node) :          -         36      28659     796.08          -
  conflict analysis:       8.76       1775      17723       9.98    2022.59
B&B Tree           :
  number of runs   :          2
  nodes            :       8276 (5718 internal, 2558 leaves)
  feasible leaves  :          0
  infeas. leaves   :          3
  objective leaves :       2554
  nodes (total)    :      11454 (8121 internal, 3333 leaves)
  nodes left       :       3162
  max depth        :        100
  max depth (total):        110
  backtracks       :       1559 (18.8%)
  early backtracks :          0 (0.0%)
  nodes exc. ref.  :          0 (0.0%)
  delayed cutoffs  :          0
  repropagations   :        732 (1876 domain reductions, 0 cutoffs)
  avg switch length:       6.46
  switching time   :      24.46
Root Node          :
  First LP value   : +9.58479817175495e+05
  First LP Iters   :       6643 (3107.50 Iter/sec)
  First LP Time    :       2.14
  Final Dual Bound : +9.61146586066701e+05
  Final Root Iters :      62254
  Root LP Estimate : +9.63808030003077e+05
Solution           :
  Solutions found  :         72 (25 improvements)
  First Solution   : +9.63046199000000e+05   (in run 1, after 1 nodes, 0.46 seconds, depth 151, found by <locks>)
  Gap First Sol.   :   infinite
  Gap Last Sol.    :       0.07 %
  Primal Bound     : +9.61772799000001e+05   (in run 1, after 2842 nodes, 4142.01 seconds, depth 75, found by <rins>)
  Dual Bound       : +9.61222099797082e+05
  Gap              :       0.06 %
Integrals          :      Total       Avg%
  primal-dual      :    1333.66       0.09
  primal-ref       :          -          - (not evaluated)
  dual-ref         :          -          - (not evaluated)

 Branching Statistics...

 Total number of propagations -> 0

 Number of cutoffs of KnaCons -> 0

 Total number of variables fixed to 1 by the propagator -> 0

 Total number of variables fixed to 0 by the propagator -> 0

 Maximum number of rounds of the approximation algorithm -> 0

 Runtime of the exact algorithm -> 0.0000 s

 Total number of variables fixed to 1 in the exact algorithm -> 0

 Total number of variables fixed to 0 in the exact algorithm -> 0

 Number of cutoffs in the exact algorithm -> 0

 Number of cutoffs in the approximation algorithm -> 0

 PS:  
