***************************************
*         SCIP-based CCP Solver       *
*                                     *
*    Wei Lv and Wei-Kun Chen (2024)   *
***************************************
/beegfs/home/30150120/SCIP-CCP/build/ccp -f data/CCMPPData/30-3000-4.ccmpp -s settings/CCMPPSetting/BASE05.set 
SCIP version 9.1.0 [precision: 8 byte] [memory: block] [mode: optimized] [LP solver: Soplex 7.1.0] [GitHash: 8cab0278ba]
Copyright (c) 2002-2024 Zuse Institute Berlin (ZIB)

External libraries: 
  Soplex 7.1.0         Linear Programming Solver developed at Zuse Institute Berlin (soplex.zib.de) [GitHash: 595bfac9]
  CppAD 20180000.0     Algorithmic Differentiation of C++ algorithms developed by B. Bell (github.com/coin-or/CppAD)
  ZLIB 1.2.7           General purpose compression library by J. Gailly and M. Adler (zlib.net)
  GMP 6.2.1            GNU Multiple Precision Arithmetic Library developed by T. Granlund (gmplib.org)
  AMPL/MP 690e9e7      AMPL .nl file reader library (github.com/ampl/mp)
  PaPILO 2.3.0         parallel presolve for integer and linear optimization (github.com/scipopt/papilo) (built with TBB) [GitHash: 4b8ce6ed]
  Nauty 2.8.8          Computing Graph Automorphism Groups by Brendan D. McKay (users.cecs.anu.edu.au/~bdm/nauty)
  sassy 1.1            Symmetry preprocessor by Markus Anders (github.com/markusa4/sassy)

reading user parameter file <settings/CCMPPSetting/BASE05.set>

read problem <data/CCMPPData/30-3000-4.ccmpp>
============

File name: 	data/CCMPPData/30-3000-4.ccmpp
Problem name:	CCMPPData/30-3000-4
Dimension: 	30
NumScenario: 	3000
ConfidenceParameter: 	0.05
IsEqualProbability: 	1
BASE+DI: 	0
BASE+sDI: 	0
BASE+DB: 	0
BASE+DB+OPF: 	0
Dominance and Aggregation Statistics......
NumEdge:        0
NumBiEdge: 	0
NumDomIneqs: 	0
DominanceRatio: 0.0000
NumAggScenario: 3000 
BasicNumScenario: 2354 
original problem has 3150 variables (3000 bin, 0 int, 0 impl, 150 cont) and 4622 constraints

solve problem
=============

presolving:
(round 1, fast)       650 del vars, 136 del conss, 0 add conss, 30 chg bounds, 0 chg sides, 0 chg coeffs, 0 upgd conss, 0 impls, 0 clqs
   (0.0s) running MILP presolver
   (0.1s) MILP presolver (3 rounds): 32 aggregations, 3 fixings, 8 bound changes
(round 2, medium)     685 del vars, 136 del conss, 0 add conss, 38 chg bounds, 0 chg sides, 0 chg coeffs, 0 upgd conss, 0 impls, 0 clqs
(round 3, fast)       685 del vars, 168 del conss, 0 add conss, 38 chg bounds, 0 chg sides, 0 chg coeffs, 0 upgd conss, 0 impls, 0 clqs
(round 4, exhaustive) 685 del vars, 168 del conss, 0 add conss, 38 chg bounds, 0 chg sides, 0 chg coeffs, 4368 upgd conss, 0 impls, 0 clqs
   (0.1s) probing: 51/2354 (2.2%) - 0 fixings, 0 aggregations, 0 implications, 0 bound changes
   (0.1s) probing aborted: 50/50 successive totally useless probings
   (0.2s) symmetry computation started: requiring (bin +, int +, cont +), (fixed: bin -, int -, cont -)
   Symmetry detection interrupted: constraints of type chancecons do not provide symmetry information.
   If symmetries shall be detected, implement the CONSGETPERMSYMGRAPH callback.
   (0.2s) could not compute symmetry
presolving (5 rounds: 5 fast, 3 medium, 2 exhaustive):
 685 deleted vars, 168 deleted constraints, 0 added constraints, 38 tightened bounds, 0 added holes, 0 changed sides, 0 changed coefficients
 4368 implications, 0 cliques
presolved problem has 2465 variables (2354 bin, 0 int, 0 impl, 111 cont) and 4454 constraints
      1 constraints of type <chancecons>
   4368 constraints of type <varbound>
      1 constraints of type <knapsack>
     84 constraints of type <linear>
Presolving Time: 0.15

 time | node  | left  |LP iter|LP it/n|mem/heur|mdpt |vars |cons |rows |cuts |sepa|confs|strbr|  dualbound   | primalbound  |  gap   | compl. 
p 0.2s|     1 |     0 |    57 |     - |   locks|   0 |2465 |4454 |4453 |   0 |  0 |   0 |   0 | 0.000000e+00 | 2.031557e+05 |    Inf | unknown
p 0.2s|     1 |     0 |   117 |     - | vbounds|   0 |2465 |4454 |4453 |   0 |  0 |   0 |   0 | 0.000000e+00 | 2.030797e+05 |    Inf | unknown
  0.3s|     1 |     0 |  1578 |     - |    46M |   0 |2465 |4453 |4453 |   0 |  0 |   1 |   0 | 2.002328e+05 | 2.030797e+05 |   1.42%| unknown
  0.4s|     1 |     0 |  1727 |     - |    47M |   0 |2465 |4453 |4477 |  24 |  1 |   1 |   0 | 2.003250e+05 | 2.030797e+05 |   1.38%| unknown
  0.4s|     1 |     0 |  1892 |     - |    48M |   0 |2465 |4453 |4516 |  63 |  2 |   1 |   0 | 2.004352e+05 | 2.030797e+05 |   1.32%| unknown
  0.5s|     1 |     0 |  2054 |     - |    50M |   0 |2465 |4453 |4571 | 118 |  3 |   1 |   0 | 2.005516e+05 | 2.030797e+05 |   1.26%| unknown
  0.6s|     1 |     0 |  2183 |     - |    51M |   0 |2465 |4453 |4622 | 169 |  4 |   1 |   0 | 2.006220e+05 | 2.030797e+05 |   1.23%| unknown
  0.6s|     1 |     0 |  2358 |     - |    51M |   0 |2465 |4453 |4683 | 230 |  5 |   1 |   0 | 2.006795e+05 | 2.030797e+05 |   1.20%| unknown
  0.7s|     1 |     0 |  2515 |     - |    52M |   0 |2465 |4453 |4759 | 306 |  6 |   1 |   0 | 2.007433e+05 | 2.030797e+05 |   1.16%| unknown
  0.8s|     1 |     0 |  2663 |     - |    53M |   0 |2465 |4453 |4820 | 367 |  7 |   1 |   0 | 2.007893e+05 | 2.030797e+05 |   1.14%| unknown
  0.8s|     1 |     0 |  2853 |     - |    55M |   0 |2465 |4453 |4869 | 416 |  8 |   1 |   0 | 2.008398e+05 | 2.030797e+05 |   1.12%| unknown
  0.9s|     1 |     0 |  3029 |     - |    56M |   0 |2465 |4453 |4960 | 507 |  9 |   1 |   0 | 2.008945e+05 | 2.030797e+05 |   1.09%| unknown
  1.0s|     1 |     0 |  3214 |     - |    57M |   0 |2465 |4453 |5012 | 559 | 10 |   1 |   0 | 2.009335e+05 | 2.030797e+05 |   1.07%| unknown
  1.0s|     1 |     0 |  3367 |     - |    58M |   0 |2465 |4453 |5080 | 627 | 11 |   1 |   0 | 2.009739e+05 | 2.030797e+05 |   1.05%| unknown
  1.1s|     1 |     0 |  3519 |     - |    58M |   0 |2465 |4453 |5121 | 668 | 12 |   1 |   0 | 2.009986e+05 | 2.030797e+05 |   1.04%| unknown
 time | node  | left  |LP iter|LP it/n|mem/heur|mdpt |vars |cons |rows |cuts |sepa|confs|strbr|  dualbound   | primalbound  |  gap   | compl. 
  1.2s|     1 |     0 |  3720 |     - |    60M |   0 |2465 |4453 |5177 | 724 | 13 |   1 |   0 | 2.010279e+05 | 2.030797e+05 |   1.02%| unknown
  1.2s|     1 |     0 |  3950 |     - |    62M |   0 |2465 |4453 |5228 | 793 | 14 |   1 |   0 | 2.010616e+05 | 2.030797e+05 |   1.00%| unknown
  1.3s|     1 |     0 |  4137 |     - |    63M |   0 |2465 |4453 |5282 | 847 | 15 |   1 |   0 | 2.010829e+05 | 2.030797e+05 |   0.99%| unknown
  1.4s|     1 |     0 |  4406 |     - |    63M |   0 |2465 |4453 |5336 | 901 | 16 |   1 |   0 | 2.011101e+05 | 2.030797e+05 |   0.98%| unknown
  1.5s|     1 |     0 |  4731 |     - |    64M |   0 |2465 |4453 |5399 | 964 | 17 |   1 |   0 | 2.011395e+05 | 2.030797e+05 |   0.96%| unknown
  1.6s|     1 |     0 |  5000 |     - |    65M |   0 |2465 |4453 |5463 |1028 | 18 |   1 |   0 | 2.011562e+05 | 2.030797e+05 |   0.96%| unknown
  1.7s|     1 |     0 |  5351 |     - |    66M |   0 |2465 |4453 |5520 |1085 | 19 |   1 |   0 | 2.011768e+05 | 2.030797e+05 |   0.95%| unknown
  1.8s|     1 |     0 |  5604 |     - |    68M |   0 |2465 |4453 |5396 |1142 | 20 |   1 |   0 | 2.011903e+05 | 2.030797e+05 |   0.94%| unknown
  1.8s|     1 |     0 |  5874 |     - |    69M |   0 |2465 |4453 |5446 |1192 | 21 |   1 |   0 | 2.012051e+05 | 2.030797e+05 |   0.93%| unknown
  1.9s|     1 |     0 |  6127 |     - |    69M |   0 |2465 |4453 |5486 |1232 | 22 |   1 |   0 | 2.012227e+05 | 2.030797e+05 |   0.92%| unknown
  2.0s|     1 |     0 |  6408 |     - |    69M |   0 |2465 |4453 |5538 |1284 | 23 |   1 |   0 | 2.012328e+05 | 2.030797e+05 |   0.92%| unknown
  2.1s|     1 |     0 |  6721 |     - |    70M |   0 |2465 |4453 |5592 |1338 | 24 |   1 |   0 | 2.012412e+05 | 2.030797e+05 |   0.91%| unknown
  2.2s|     1 |     0 |  7010 |     - |    71M |   0 |2465 |4453 |5644 |1390 | 25 |   1 |   0 | 2.012509e+05 | 2.030797e+05 |   0.91%| unknown
  2.3s|     1 |     0 |  7241 |     - |    72M |   0 |2465 |4453 |5449 |1432 | 26 |   1 |   0 | 2.012597e+05 | 2.030797e+05 |   0.90%| unknown
  2.4s|     1 |     0 |  7508 |     - |    72M |   0 |2465 |4453 |5487 |1470 | 27 |   1 |   0 | 2.012642e+05 | 2.030797e+05 |   0.90%| unknown
 time | node  | left  |LP iter|LP it/n|mem/heur|mdpt |vars |cons |rows |cuts |sepa|confs|strbr|  dualbound   | primalbound  |  gap   | compl. 
  2.6s|     1 |     0 |  7822 |     - |    72M |   0 |2465 |4453 |5537 |1520 | 28 |   1 |   0 | 2.012698e+05 | 2.030797e+05 |   0.90%| unknown
  2.7s|     1 |     0 |  8114 |     - |    73M |   0 |2465 |4453 |5607 |1590 | 29 |   1 |   0 | 2.012753e+05 | 2.030797e+05 |   0.90%| unknown
o 2.8s|     1 |     0 |  9664 |     - |feaspump|   0 |2465 |4453 |5607 |1590 | 29 |   1 |   0 | 2.012753e+05 | 2.019987e+05 |   0.36%| unknown
L 4.1s|     1 |     0 | 10866 |     - |    rens|   0 |2465 |4454 |5607 |1590 | 29 |  45 |   0 | 2.012753e+05 | 2.016868e+05 |   0.20%| unknown
  4.2s|     1 |     0 | 10866 |     - |    73M |   0 |2465 |4454 |5607 |1590 | 29 |  45 |   0 | 2.012753e+05 | 2.016868e+05 |   0.20%| unknown
  4.3s|     1 |     0 | 11152 |     - |    74M |   0 |2465 |4454 |5656 |1639 | 30 |  45 |   0 | 2.012809e+05 | 2.016868e+05 |   0.20%| unknown
  4.3s|     1 |     0 | 11308 |     - |    74M |   0 |2465 |4454 |5695 |1678 | 31 |  45 |   0 | 2.012819e+05 | 2.016868e+05 |   0.20%| unknown
  7.0s|     1 |     2 | 11308 |     - |    74M |   0 |2465 |4454 |5695 |1678 | 31 |  45 |  46 | 2.012850e+05 | 2.016868e+05 |   0.20%| unknown
 30.0s|   100 |    23 | 24753 | 165.3 |    85M |  22 |2465 |4565 |4934 |2455 |  1 | 259 |1599 | 2.012950e+05 | 2.016868e+05 |   0.19%|  29.11%
o32.0s|   157 |    36 | 28115 | 126.4 |objpscos|  22 |2465 |4560 |4988 |2624 |  1 | 264 |1697 | 2.012950e+05 | 2.016814e+05 |   0.19%|  30.41%
o32.4s|   172 |    47 | 30389 | 128.6 |rootsold|  22 |2465 |4559 |5083 |2881 |  2 | 265 |1706 | 2.012950e+05 | 2.016791e+05 |   0.19%|  31.06%
 33.3s|   200 |    69 | 33255 | 124.9 |    89M |  22 |2465 |4559 |5013 |3265 |  1 | 267 |1734 | 2.012950e+05 | 2.016791e+05 |   0.19%|  32.19%
d33.3s|   201 |    66 | 33369 | 124.9 |guideddi|  22 |2465 |4559 |5013 |   0 |  1 | 267 |1734 | 2.012950e+05 | 2.016717e+05 |   0.19%|  32.19%
 35.5s|   300 |   115 | 41598 | 111.1 |    89M |  22 |2465 |4563 |5024 |4082 |  0 | 276 |1792 | 2.012962e+05 | 2.016717e+05 |   0.19%|  33.72%
d37.4s|   380 |   149 | 48535 | 105.9 |adaptive|  26 |2465 |4587 |5050 |   0 |  1 | 309 |1864 | 2.012962e+05 | 2.016664e+05 |   0.18%|  33.90%
 time | node  | left  |LP iter|LP it/n|mem/heur|mdpt |vars |cons |rows |cuts |sepa|confs|strbr|  dualbound   | primalbound  |  gap   | compl. 
 37.8s|   400 |   155 | 50814 | 106.3 |    92M |  26 |2465 |4593 |5050 |4731 |  0 | 317 |1873 | 2.013018e+05 | 2.016664e+05 |   0.18%|  34.01%
 39.4s|   500 |   207 | 57388 |  98.2 |    94M |  41 |2465 |4603 |5103 |5172 |  0 | 335 |1908 | 2.013018e+05 | 2.016664e+05 |   0.18%|  34.07%
*39.7s|   510 |   186 | 57758 |  97.0 |    LP  |  41 |2465 |4603 |5103 |5172 |  1 | 335 |1946 | 2.013018e+05 | 2.016554e+05 |   0.18%|  34.07%
d39.7s|   513 |   184 | 57919 |  96.7 |pscostdi|  42 |2465 |4603 |5118 |   0 |  1 | 335 |1946 | 2.013018e+05 | 2.016531e+05 |   0.17%|  34.07%
d40.9s|   597 |   125 | 62859 |  91.4 |veclendi|  51 |2465 |4608 |5145 |   0 |  1 | 347 |1968 | 2.013018e+05 | 2.016074e+05 |   0.15%|  34.21%
 40.9s|   600 |   126 | 63104 |  91.3 |    96M |  51 |2465 |4608 |5078 |5609 |  0 | 347 |1968 | 2.013018e+05 | 2.016074e+05 |   0.15%|  34.24%
L41.3s|   632 |   104 | 64935 |  89.6 |    alns|  52 |2465 |4631 |   0 |5762 |  0 | 378 |1968 | 2.013018e+05 | 2.015611e+05 |   0.13%|  35.49%
 42.1s|   700 |   124 | 69261 |  87.1 |    97M |  52 |2465 |4632 |5062 |6188 |  1 | 391 |1972 | 2.013018e+05 | 2.015611e+05 |   0.13%|  35.75%
 44.1s|   800 |   146 | 75964 |  84.6 |    98M |  52 |2465 |4615 |5076 |6880 |  1 | 421 |2027 | 2.013076e+05 | 2.015611e+05 |   0.13%|  35.93%
 46.6s|   900 |   170 | 85151 |  85.4 |   102M |  52 |2465 |4622 |5119 |7679 |  0 | 451 |2069 | 2.013167e+05 | 2.015611e+05 |   0.12%|  36.90%
 49.2s|  1000 |   208 | 95730 |  87.4 |   104M |  52 |2465 |4642 |5125 |8440 |  0 | 497 |2092 | 2.013218e+05 | 2.015611e+05 |   0.12%|  37.41%
 50.9s|  1100 |   228 |103682 |  86.7 |   105M |  64 |2465 |4665 |5152 |9085 |  2 | 539 |2103 | 2.013223e+05 | 2.015611e+05 |   0.12%|  37.74%
 53.4s|  1200 |   274 |115916 |  89.7 |   109M |  64 |2465 |4683 |5154 |9667 |  1 | 572 |2120 | 2.013303e+05 | 2.015611e+05 |   0.11%|  37.87%
 54.3s|  1300 |   290 |120424 |  86.2 |   109M |  64 |2465 |4684 |   0 |9932 |  0 | 588 |2120 | 2.013303e+05 | 2.015611e+05 |   0.11%|  38.36%
 56.3s|  1400 |   320 |131083 |  87.7 |   110M |  64 |2465 |4736 |5140 |  10k|  1 | 652 |2129 | 2.013356e+05 | 2.015611e+05 |   0.11%|  38.86%
 time | node  | left  |LP iter|LP it/n|mem/heur|mdpt |vars |cons |rows |cuts |sepa|confs|strbr|  dualbound   | primalbound  |  gap   | compl. 
 57.3s|  1500 |   334 |135297 |  84.7 |   113M |  67 |2465 |4755 |5156 |  10k|  0 | 683 |2129 | 2.013356e+05 | 2.015611e+05 |   0.11%|  39.03%
 58.3s|  1600 |   352 |140582 |  82.7 |   114M |  67 |2465 |4771 |5227 |  11k|  2 | 703 |2129 | 2.013416e+05 | 2.015611e+05 |   0.11%|  39.17%
 60.2s|  1700 |   389 |151737 |  84.4 |   116M |  67 |2465 |4810 |5173 |  11k|  1 | 770 |2134 | 2.013439e+05 | 2.015611e+05 |   0.11%|  39.35%
 61.6s|  1800 |   411 |160213 |  84.4 |   117M |  67 |2465 |4853 |5189 |  12k|  1 | 837 |2136 | 2.013439e+05 | 2.015611e+05 |   0.11%|  39.76%
 64.7s|  1900 |   439 |173050 |  86.7 |   119M |  67 |2465 |4835 |5156 |  13k|  1 | 878 |2179 | 2.013487e+05 | 2.015611e+05 |   0.11%|  39.96%
 67.2s|  2000 |   465 |182481 |  87.1 |   120M |  67 |2465 |4837 |5190 |  13k|  3 | 961 |2239 | 2.013505e+05 | 2.015611e+05 |   0.10%|  40.22%
 69.1s|  2100 |   473 |188464 |  85.8 |   122M |  67 |2465 |4815 |5160 |  13k|  0 |1003 |2309 | 2.013505e+05 | 2.015611e+05 |   0.10%|  40.54%
 70.9s|  2200 |   489 |195374 |  85.0 |   125M |  67 |2465 |4771 |5204 |  14k|  2 |1029 |2370 | 2.013505e+05 | 2.015611e+05 |   0.10%|  40.60%
 73.7s|  2300 |   517 |204856 |  85.5 |   125M |  67 |2465 |4808 |5180 |  15k|  1 |1104 |2427 | 2.013527e+05 | 2.015611e+05 |   0.10%|  40.66%
 75.8s|  2400 |   537 |214022 |  85.7 |   127M |  67 |2465 |4864 |5137 |  15k|  1 |1198 |2469 | 2.013535e+05 | 2.015611e+05 |   0.10%|  41.01%
 79.2s|  2500 |   585 |233430 |  90.1 |   128M |  67 |2465 |4871 |5143 |  16k|  2 |1249 |2537 | 2.013535e+05 | 2.015611e+05 |   0.10%|  41.01%
Restart triggered after 50 consecutive estimations that the remaining tree will be large
(run 1, node 2539) performing user restart

(restart) converted 411 cuts from the global cut pool into linear constraints

presolving:
presolving (1 rounds: 1 fast, 1 medium, 1 exhaustive):
 0 deleted vars, 2 deleted constraints, 0 added constraints, 2 tightened bounds, 0 added holes, 0 changed sides, 0 changed coefficients
 4368 implications, 0 cliques
presolved problem has 2465 variables (2354 bin, 0 int, 0 impl, 111 cont) and 5272 constraints
      1 constraints of type <chancecons>
   4368 constraints of type <varbound>
      1 constraints of type <knapsack>
    499 constraints of type <linear>
     21 constraints of type <logicor>
    382 constraints of type <bounddisjunction>
Presolving Time: 0.19
transformed 25/25 original solutions to the transformed problem space

 time | node  | left  |LP iter|LP it/n|mem/heur|mdpt |vars |cons |rows |cuts |sepa|confs|strbr|  dualbound   | primalbound  |  gap   | compl. 
 80.5s|     1 |     0 |240054 |     - |   127M |   0 |2465 |5272 |4858 |   0 |  0 |1265 |2571 | 2.013535e+05 | 2.015611e+05 |   0.10%| unknown
 80.6s|     1 |     0 |240300 |     - |   127M |   0 |2465 |5276 |4880 |  22 |  1 |1269 |2571 | 2.013535e+05 | 2.015611e+05 |   0.10%| unknown
 80.7s|     1 |     0 |240540 |     - |   128M |   0 |2465 |5277 |4913 |  55 |  2 |1270 |2571 | 2.013535e+05 | 2.015611e+05 |   0.10%| unknown
 80.8s|     1 |     0 |240883 |     - |   128M |   0 |2465 |5277 |4953 |  95 |  3 |1270 |2571 | 2.013535e+05 | 2.015611e+05 |   0.10%| unknown
 80.9s|     1 |     0 |241264 |     - |   129M |   0 |2465 |5281 |4987 | 129 |  4 |1274 |2571 | 2.013535e+05 | 2.015611e+05 |   0.10%| unknown
 81.0s|     1 |     0 |241538 |     - |   130M |   0 |2465 |5281 |5030 | 172 |  5 |1274 |2571 | 2.013535e+05 | 2.015611e+05 |   0.10%| unknown
 81.1s|     1 |     0 |241916 |     - |   130M |   0 |2465 |5284 |5064 | 206 |  6 |1277 |2571 | 2.013535e+05 | 2.015611e+05 |   0.10%| unknown
 81.2s|     1 |     0 |242259 |     - |   132M |   0 |2465 |5284 |5108 | 250 |  7 |1277 |2571 | 2.013535e+05 | 2.015611e+05 |   0.10%| unknown
 81.3s|     1 |     0 |242585 |     - |   133M |   0 |2465 |5285 |5143 | 285 |  8 |1278 |2571 | 2.013535e+05 | 2.015611e+05 |   0.10%| unknown
 81.4s|     1 |     0 |242899 |     - |   133M |   0 |2465 |5288 |5177 | 319 |  9 |1281 |2571 | 2.013535e+05 | 2.015611e+05 |   0.10%| unknown
 81.5s|     1 |     0 |243216 |     - |   135M |   0 |2465 |5288 |5153 | 356 | 10 |1281 |2571 | 2.013535e+05 | 2.015611e+05 |   0.10%| unknown
 81.7s|     1 |     0 |243560 |     - |   135M |   0 |2465 |5291 |5185 | 388 | 11 |1284 |2571 | 2.013535e+05 | 2.015611e+05 |   0.10%| unknown
 81.8s|     1 |     0 |244030 |     - |   136M |   0 |2465 |5295 |5234 | 437 | 12 |1288 |2571 | 2.013535e+05 | 2.015611e+05 |   0.10%| unknown
 82.0s|     1 |     0 |244502 |     - |   136M |   0 |2465 |5301 |5272 | 475 | 13 |1294 |2571 | 2.013535e+05 | 2.015611e+05 |   0.10%| unknown
 82.2s|     1 |     0 |245090 |     - |   138M |   0 |2465 |5305 |5305 | 508 | 14 |1298 |2571 | 2.013535e+05 | 2.015611e+05 |   0.10%| unknown
 time | node  | left  |LP iter|LP it/n|mem/heur|mdpt |vars |cons |rows |cuts |sepa|confs|strbr|  dualbound   | primalbound  |  gap   | compl. 
 82.4s|     1 |     0 |245410 |     - |   139M |   0 |2465 |5306 |5336 | 539 | 15 |1299 |2571 | 2.013535e+05 | 2.015611e+05 |   0.10%| unknown
 82.6s|     1 |     0 |245964 |     - |   139M |   0 |2465 |5306 |5288 | 574 | 16 |1299 |2571 | 2.013535e+05 | 2.015611e+05 |   0.10%| unknown
 82.8s|     1 |     0 |246444 |     - |   140M |   0 |2465 |5306 |5336 | 622 | 17 |1299 |2571 | 2.013535e+05 | 2.015611e+05 |   0.10%| unknown
 82.9s|     1 |     0 |246769 |     - |   140M |   0 |2465 |5311 |5386 | 672 | 18 |1304 |2571 | 2.013535e+05 | 2.015611e+05 |   0.10%| unknown
 84.5s|     1 |     2 |246769 |     - |   140M |   0 |2465 |5309 |5386 | 672 | 18 |1310 |2579 | 2.013535e+05 | 2.015611e+05 |   0.10%| unknown
 96.9s|   100 |    57 |265849 |  94.2 |   150M |  45 |2465 |5404 |5194 |1364 |  5 |1587 |3036 | 2.013535e+05 | 2.015611e+05 |   0.10%|   4.59%
  101s|   200 |    75 |277549 |  95.1 |   153M |  51 |2465 |5568 |5092 |1634 |  1 |1914 |3233 | 2.013535e+05 | 2.015611e+05 |   0.10%|   6.78%
  105s|   300 |    93 |293124 |  97.2 |   155M |  51 |2465 |5522 |   0 |2279 |  0 |2050 |3352 | 2.013535e+05 | 2.015611e+05 |   0.10%|   7.77%
  109s|   400 |   121 |307549 |  98.8 |   156M |  51 |2465 |5499 |5085 |2882 |  0 |2212 |3463 | 2.013535e+05 | 2.015611e+05 |   0.10%|   7.85%
  111s|   500 |   127 |314828 |  98.0 |   158M |  51 |2465 |5506 |5118 |3143 |  0 |2282 |3501 | 2.013535e+05 | 2.015611e+05 |   0.10%|   7.85%
  113s|   600 |   153 |326166 |  98.4 |   159M |  55 |2465 |5578 |5152 |3662 |  2 |2477 |3616 | 2.013535e+05 | 2.015611e+05 |   0.10%|   7.90%
  115s|   700 |   165 |332826 |  97.5 |   161M |  55 |2465 |5637 |5112 |3958 |  0 |2610 |3679 | 2.013535e+05 | 2.015611e+05 |   0.10%|   7.90%
  117s|   800 |   175 |340037 |  96.7 |   161M |  55 |2465 |5632 |5206 |4320 |  3 |2668 |3722 | 2.013535e+05 | 2.015611e+05 |   0.10%|   7.90%
  120s|   900 |   197 |352056 |  97.4 |   165M |  55 |2465 |5602 |5131 |4730 |  1 |2753 |3799 | 2.013535e+05 | 2.015611e+05 |   0.10%|   8.22%
  122s|  1000 |   209 |359192 |  96.7 |   166M |  55 |2465 |5614 |5194 |5083 |  1 |2840 |3838 | 2.013535e+05 | 2.015611e+05 |   0.10%|   9.44%
 time | node  | left  |LP iter|LP it/n|mem/heur|mdpt |vars |cons |rows |cuts |sepa|confs|strbr|  dualbound   | primalbound  |  gap   | compl. 
  124s|  1100 |   223 |368259 |  96.5 |   168M |  55 |2465 |5686 |5166 |5598 |  1 |2945 |3860 | 2.013535e+05 | 2.015611e+05 |   0.10%|   9.51%
  126s|  1200 |   239 |376464 |  96.1 |   168M |  61 |2465 |5719 |5126 |5861 |  1 |3069 |3877 | 2.013535e+05 | 2.015611e+05 |   0.10%|   9.55%
  129s|  1300 |   259 |392666 |  97.8 |   168M |  61 |2465 |5707 |5152 |6367 |  2 |3141 |3940 | 2.013535e+05 | 2.015611e+05 |   0.10%|  10.43%
  131s|  1400 |   277 |402787 |  97.9 |   168M |  61 |2465 |5662 |5234 |6871 |  0 |3179 |3962 | 2.013535e+05 | 2.015611e+05 |   0.10%|  10.54%
  135s|  1500 |   287 |416964 |  99.0 |   168M |  61 |2465 |5632 |5256 |7439 |  3 |3269 |4013 | 2.013535e+05 | 2.015611e+05 |   0.10%|  10.65%
  137s|  1600 |   307 |427678 |  99.2 |   169M |  61 |2465 |5671 |5142 |7877 |  1 |3369 |4052 | 2.013535e+05 | 2.015611e+05 |   0.10%|  10.67%
  139s|  1700 |   337 |440957 | 100.0 |   170M |  61 |2465 |5623 |5184 |8351 |  1 |3437 |4106 | 2.013535e+05 | 2.015611e+05 |   0.10%|  10.68%
  142s|  1800 |   343 |452432 | 100.3 |   172M |  61 |2465 |5587 |5215 |8887 |  1 |3479 |4131 | 2.013535e+05 | 2.015611e+05 |   0.10%|  10.71%
  145s|  1900 |   357 |467266 | 101.4 |   172M |  61 |2465 |5574 |5095 |9323 |  0 |3535 |4152 | 2.013535e+05 | 2.015611e+05 |   0.10%|  10.72%
  149s|  2000 |   381 |493219 | 104.9 |   173M |  61 |2465 |5644 |5186 |9988 |  1 |3727 |4176 | 2.013535e+05 | 2.015611e+05 |   0.10%|  10.85%
  152s|  2100 |   417 |508469 | 105.9 |   174M |  61 |2465 |5613 |5121 |  10k|  1 |3764 |4206 | 2.013535e+05 | 2.015611e+05 |   0.10%|  10.86%
  154s|  2200 |   429 |519827 | 106.1 |   175M |  61 |2465 |5622 |4985 |  10k|  1 |3826 |4223 | 2.013535e+05 | 2.015611e+05 |   0.10%|  10.99%
  158s|  2300 |   471 |537893 | 107.6 |   175M |  61 |2465 |5625 |5224 |  11k|  1 |3905 |4232 | 2.013535e+05 | 2.015611e+05 |   0.10%|  10.99%
  159s|  2400 |   501 |547244 | 107.3 |   176M |  61 |2465 |5670 |5203 |  11k|  1 |4006 |4237 | 2.013535e+05 | 2.015611e+05 |   0.10%|  10.99%
  161s|  2500 |   513 |555954 | 106.9 |   176M |  61 |2465 |5737 |5219 |  12k|  1 |4139 |4248 | 2.013535e+05 | 2.015611e+05 |   0.10%|  10.99%
 time | node  | left  |LP iter|LP it/n|mem/heur|mdpt |vars |cons |rows |cuts |sepa|confs|strbr|  dualbound   | primalbound  |  gap   | compl. 
  164s|  2600 |   537 |574910 | 108.5 |   177M |  61 |2465 |5747 |5132 |  12k|  0 |4196 |4253 | 2.013535e+05 | 2.015611e+05 |   0.10%|  10.99%
  166s|  2700 |   549 |585235 | 108.4 |   177M |  61 |2465 |5773 |5176 |  12k|  1 |4262 |4275 | 2.013535e+05 | 2.015611e+05 |   0.10%|  10.99%
  168s|  2800 |   553 |595781 | 108.4 |   178M |  61 |2465 |5810 |4999 |  13k|  1 |4346 |4301 | 2.013535e+05 | 2.015611e+05 |   0.10%|  11.00%
  172s|  2900 |   581 |609661 | 108.9 |   178M |  61 |2465 |5871 |5137 |  13k|  1 |4510 |4386 | 2.013535e+05 | 2.015611e+05 |   0.10%|  11.01%
  174s|  3000 |   611 |618210 | 108.5 |   178M |  61 |2465 |5888 |   0 |  14k|  0 |4627 |4413 | 2.013535e+05 | 2.015611e+05 |   0.10%|  11.02%
  177s|  3100 |   651 |631561 | 109.0 |   178M |  61 |2465 |5824 |5187 |  14k|  1 |4721 |4465 | 2.013535e+05 | 2.015611e+05 |   0.10%|  11.02%
  181s|  3200 |   673 |648381 | 110.0 |   179M |  61 |2465 |5722 |5213 |  14k|  1 |4761 |4516 | 2.013535e+05 | 2.015611e+05 |   0.10%|  11.03%
  183s|  3300 |   693 |658946 | 109.9 |   179M |  61 |2465 |5696 |5216 |  14k|  1 |4814 |4562 | 2.013535e+05 | 2.015611e+05 |   0.10%|  11.04%
L 185s|  3391 |   257 |664954 | 109.2 |    rins|  61 |2465 |5674 |5195 |  14k|  1 |4857 |4593 | 2.013535e+05 | 2.015034e+05 |   0.07%|  12.04%
  185s|  3400 |   258 |666099 | 109.3 |   180M |  61 |2465 |5662 |5165 |  14k|  0 |4857 |4594 | 2.013535e+05 | 2.015034e+05 |   0.07%|  12.13%
  189s|  3500 |   282 |679779 | 109.7 |   180M |  61 |2465 |5678 |5228 |  15k|  1 |5046 |4635 | 2.013535e+05 | 2.015034e+05 |   0.07%|  12.87%
  192s|  3600 |   306 |695837 | 110.6 |   181M |  61 |2465 |5615 |   0 |  15k|  0 |5101 |4673 | 2.013535e+05 | 2.015034e+05 |   0.07%|  13.26%
  195s|  3700 |   314 |711078 | 111.2 |   183M |  61 |2465 |5622 |5096 |  16k|  1 |5160 |4689 | 2.013535e+05 | 2.015034e+05 |   0.07%|  13.68%
  198s|  3800 |   316 |724510 | 111.6 |   183M |  61 |2465 |5647 |5320 |  16k|  0 |5261 |4711 | 2.013535e+05 | 2.015034e+05 |   0.07%|  14.77%
  202s|  3900 |   336 |743264 | 112.8 |   183M |  61 |2465 |5594 |5238 |  16k|  1 |5285 |4735 | 2.013535e+05 | 2.015034e+05 |   0.07%|  15.91%
 time | node  | left  |LP iter|LP it/n|mem/heur|mdpt |vars |cons |rows |cuts |sepa|confs|strbr|  dualbound   | primalbound  |  gap   | compl. 
  205s|  4000 |   352 |760827 | 113.7 |   184M |  61 |2465 |5583 |5263 |  17k|  0 |5365 |4759 | 2.013535e+05 | 2.015034e+05 |   0.07%|  16.84%
  210s|  4100 |   372 |789545 | 116.3 |   185M |  61 |2465 |5558 |5214 |  17k|  0 |5387 |4771 | 2.013535e+05 | 2.015034e+05 |   0.07%|  18.03%
  213s|  4200 |   374 |807638 | 117.3 |   185M |  61 |2465 |5578 |5285 |  18k|  2 |5474 |4783 | 2.013535e+05 | 2.015034e+05 |   0.07%|  18.50%
  216s|  4300 |   396 |822136 | 117.7 |   185M |  61 |2465 |5639 |5194 |  18k|  1 |5582 |4802 | 2.013535e+05 | 2.015034e+05 |   0.07%|  18.91%
  218s|  4400 |   402 |832042 | 117.4 |   185M |  61 |2465 |5614 |5185 |  18k|  0 |5595 |4805 | 2.013535e+05 | 2.015034e+05 |   0.07%|  19.02%
  220s|  4500 |   406 |848611 | 118.1 |   185M |  61 |2465 |5622 |5233 |  19k|  2 |5658 |4805 | 2.013535e+05 | 2.015034e+05 |   0.07%|  19.96%
  223s|  4600 |   416 |860838 | 118.2 |   186M |  61 |2465 |5629 |5312 |  19k|  2 |5689 |4817 | 2.013535e+05 | 2.015034e+05 |   0.07%|  20.14%
  225s|  4700 |   425 |875680 | 118.6 |   186M |  61 |2465 |5592 |5165 |  19k|  1 |5715 |4822 | 2.013535e+05 | 2.015034e+05 |   0.07%|  21.07%
  228s|  4800 |   439 |889599 | 118.9 |   186M |  61 |2465 |5605 |5209 |  20k|  0 |5764 |4827 | 2.013535e+05 | 2.015034e+05 |   0.07%|  21.35%
  229s|  4900 |   435 |899959 | 118.7 |   186M |  61 |2465 |5599 |5210 |  20k|  1 |5798 |4829 | 2.013535e+05 | 2.015034e+05 |   0.07%|  21.81%
  232s|  5000 |   447 |914613 | 119.0 |   187M |  61 |2465 |5564 |5271 |  20k|  1 |5806 |4848 | 2.013535e+05 | 2.015034e+05 |   0.07%|  21.81%
  236s|  5100 |   457 |930987 | 119.6 |   187M |  61 |2465 |5520 |5260 |  21k|  3 |5820 |4877 | 2.013539e+05 | 2.015034e+05 |   0.07%|  22.15%
  240s|  5200 |   461 |950276 | 120.6 |   188M |  61 |2465 |5460 |5206 |  21k|  2 |5848 |4946 | 2.013542e+05 | 2.015034e+05 |   0.07%|  22.84%
  243s|  5300 |   473 |967252 | 121.2 |   188M |  61 |2465 |5445 |5265 |  21k|  0 |5893 |4989 | 2.013544e+05 | 2.015034e+05 |   0.07%|  22.92%
  247s|  5400 |   487 |983225 | 121.7 |   190M |  61 |2465 |5409 |5295 |  21k|  2 |5916 |5044 | 2.013560e+05 | 2.015034e+05 |   0.07%|  23.10%
 time | node  | left  |LP iter|LP it/n|mem/heur|mdpt |vars |cons |rows |cuts |sepa|confs|strbr|  dualbound   | primalbound  |  gap   | compl. 
  252s|  5500 |   486 |  1005k| 123.0 |   190M |  61 |2465 |5415 |5238 |  22k|  0 |6007 |5101 | 2.013564e+05 | 2.015034e+05 |   0.07%|  24.18%
  255s|  5600 |   486 |  1020k| 123.2 |   190M |  61 |2465 |5432 |5225 |  22k|  1 |6078 |5149 | 2.013565e+05 | 2.015034e+05 |   0.07%|  24.41%
  260s|  5700 |   492 |  1040k| 124.2 |   190M |  61 |2465 |5471 |5250 |  22k|  0 |6166 |5208 | 2.013572e+05 | 2.015034e+05 |   0.07%|  25.99%
  264s|  5800 |   512 |  1065k| 125.8 |   192M |  61 |2465 |5464 |5222 |  22k|  0 |6197 |5269 | 2.013583e+05 | 2.015034e+05 |   0.07%|  26.21%
  267s|  5900 |   534 |  1083k| 126.4 |   192M |  61 |2465 |5468 |5449 |  23k|  0 |6227 |5276 | 2.013596e+05 | 2.015034e+05 |   0.07%|  26.41%
  272s|  6000 |   542 |  1104k| 127.3 |   192M |  61 |2465 |5474 |5236 |  23k|  1 |6293 |5336 | 2.013625e+05 | 2.015034e+05 |   0.07%|  27.24%
  275s|  6100 |   564 |  1123k| 128.0 |   192M |  61 |2465 |5523 |5319 |  23k|  3 |6404 |5391 | 2.013655e+05 | 2.015034e+05 |   0.07%|  27.70%
  279s|  6200 |   578 |  1140k| 128.5 |   192M |  61 |2465 |5538 |5249 |  24k|  1 |6456 |5414 | 2.013656e+05 | 2.015034e+05 |   0.07%|  27.72%
  282s|  6300 |   578 |  1160k| 129.4 |   192M |  61 |2465 |5564 |5308 |  24k|  1 |6513 |5424 | 2.013659e+05 | 2.015034e+05 |   0.07%|  27.89%
  286s|  6400 |   570 |  1181k| 130.3 |   192M |  61 |2465 |5556 |5242 |  24k|  1 |6556 |5429 | 2.013685e+05 | 2.015034e+05 |   0.07%|  29.12%
  290s|  6500 |   568 |  1202k| 131.2 |   193M |  61 |2465 |5581 |   0 |  25k|  0 |6622 |5451 | 2.013694e+05 | 2.015034e+05 |   0.07%|  29.93%
  293s|  6600 |   572 |  1222k| 131.9 |   193M |  61 |2465 |5585 |5521 |  25k|  1 |6647 |5459 | 2.013701e+05 | 2.015034e+05 |   0.07%|  30.22%
  296s|  6700 |   578 |  1235k| 131.9 |   193M |  61 |2465 |5620 |5296 |  26k|  0 |6705 |5474 | 2.013707e+05 | 2.015034e+05 |   0.07%|  30.33%
* 297s|  6753 |   585 |  1245k| 132.2 |    LP  |  61 |2465 |5615 |5321 |  26k|  2 |6714 |5474 | 2.013709e+05 | 2.015034e+05 |   0.07%|  30.58%
  301s|  6800 |   596 |  1265k| 133.7 |   195M |  61 |2465 |5595 |5341 |  26k|  5 |6721 |5519 | 2.013710e+05 | 2.015034e+05 |   0.07%|  30.65%
 time | node  | left  |LP iter|LP it/n|mem/heur|mdpt |vars |cons |rows |cuts |sepa|confs|strbr|  dualbound   | primalbound  |  gap   | compl. 
  307s|  6900 |   620 |  1292k| 135.2 |   196M |  61 |2465 |5647 |5343 |  26k|  0 |6850 |5554 | 2.013744e+05 | 2.015034e+05 |   0.06%|  31.48%
  310s|  7000 |   630 |  1309k| 135.5 |   196M |  61 |2465 |5661 |5236 |  26k|  1 |6901 |5567 | 2.013749e+05 | 2.015034e+05 |   0.06%|  31.95%
  315s|  7100 |   646 |  1333k| 136.5 |   196M |  61 |2465 |5693 |5272 |  27k|  2 |6987 |5606 | 2.013757e+05 | 2.015034e+05 |   0.06%|  32.32%
  321s|  7200 |   664 |  1362k| 138.2 |   196M |  61 |2465 |5726 |5324 |  27k|  0 |7145 |5710 | 2.013761e+05 | 2.015034e+05 |   0.06%|  32.55%
  329s|  7300 |   662 |  1398k| 140.4 |   197M |  61 |2465 |5639 |5302 |  28k|  0 |7295 |5790 | 2.013767e+05 | 2.015034e+05 |   0.06%|  33.70%
  333s|  7400 |   666 |  1422k| 141.4 |   197M |  61 |2465 |5605 |5288 |  28k|  1 |7349 |5813 | 2.013769e+05 | 2.015034e+05 |   0.06%|  34.61%
  338s|  7500 |   678 |  1444k| 142.2 |   197M |  61 |2465 |5641 |5366 |  28k|  0 |7451 |5879 | 2.013776e+05 | 2.015034e+05 |   0.06%|  35.04%
  342s|  7600 |   678 |  1465k| 142.8 |   198M |  61 |2465 |5703 |5277 |  29k|  0 |7561 |5924 | 2.013778e+05 | 2.015034e+05 |   0.06%|  35.73%
  347s|  7700 |   682 |  1489k| 143.8 |   198M |  61 |2465 |5688 |5288 |  29k|  0 |7602 |5962 | 2.013779e+05 | 2.015034e+05 |   0.06%|  36.10%
  351s|  7800 |   680 |  1506k| 144.1 |   198M |  61 |2465 |5700 |5305 |  30k|  2 |7656 |5979 | 2.013782e+05 | 2.015034e+05 |   0.06%|  36.81%
  356s|  7900 |   686 |  1534k| 145.3 |   199M |  61 |2465 |5687 |5335 |  30k|  2 |7704 |5993 | 2.013783e+05 | 2.015034e+05 |   0.06%|  37.26%
  360s|  8000 |   694 |  1556k| 146.1 |   199M |  61 |2465 |5700 |5326 |  31k|  3 |7776 |6032 | 2.013804e+05 | 2.015034e+05 |   0.06%|  37.84%
  363s|  8100 |   702 |  1573k| 146.3 |   199M |  61 |2465 |5745 |5233 |  31k|  1 |7846 |6048 | 2.013818e+05 | 2.015034e+05 |   0.06%|  38.25%
  367s|  8200 |   710 |  1592k| 146.7 |   200M |  61 |2465 |5702 |5283 |  31k|  1 |7890 |6096 | 2.013845e+05 | 2.015034e+05 |   0.06%|  38.59%
  372s|  8300 |   730 |  1620k| 148.0 |   201M |  61 |2465 |5685 |5255 |  32k|  0 |7968 |6125 | 2.013857e+05 | 2.015034e+05 |   0.06%|  38.83%
 time | node  | left  |LP iter|LP it/n|mem/heur|mdpt |vars |cons |rows |cuts |sepa|confs|strbr|  dualbound   | primalbound  |  gap   | compl. 
  376s|  8400 |   738 |  1643k| 148.7 |   201M |  61 |2465 |5647 |5272 |  32k|  1 |8007 |6134 | 2.013863e+05 | 2.015034e+05 |   0.06%|  39.13%
  379s|  8500 |   742 |  1659k| 148.8 |   201M |  61 |2465 |5678 |5283 |  32k|  1 |8088 |6138 | 2.013868e+05 | 2.015034e+05 |   0.06%|  39.29%
* 382s|  8555 |   753 |  1675k| 149.5 |    LP  |  61 |2465 |5688 |5397 |  32k|  5 |8110 |6141 | 2.013868e+05 | 2.015034e+05 |   0.06%|  39.31%
  383s|  8600 |   756 |  1684k| 149.7 |   201M |  61 |2465 |5712 |   0 |  33k|  0 |8144 |6141 | 2.013871e+05 | 2.015034e+05 |   0.06%|  39.58%
  387s|  8700 |   778 |  1704k| 150.1 |   201M |  61 |2465 |5715 |5367 |  33k|  3 |8188 |6142 | 2.013881e+05 | 2.015034e+05 |   0.06%|  39.85%
  391s|  8800 |   802 |  1723k| 150.5 |   202M |  61 |2465 |5706 |5189 |  34k|  1 |8224 |6157 | 2.013891e+05 | 2.015034e+05 |   0.06%|  40.32%
  394s|  8900 |   810 |  1741k| 150.8 |   202M |  61 |2465 |5715 |5221 |  34k|  0 |8264 |6157 | 2.013892e+05 | 2.015034e+05 |   0.06%|  40.38%
  398s|  9000 |   818 |  1764k| 151.4 |   202M |  61 |2465 |5720 |5225 |  34k|  0 |8345 |6170 | 2.013901e+05 | 2.015034e+05 |   0.06%|  40.79%
  402s|  9100 |   810 |  1781k| 151.6 |   202M |  61 |2465 |5734 |5300 |  34k|  1 |8453 |6218 | 2.013901e+05 | 2.015034e+05 |   0.06%|  41.41%
  408s|  9200 |   814 |  1818k| 153.4 |   203M |  61 |2465 |5706 |5350 |  35k|  1 |8494 |6246 | 2.013906e+05 | 2.015034e+05 |   0.06%|  41.90%
  411s|  9300 |   820 |  1835k| 153.6 |   203M |  61 |2465 |5731 |5201 |  35k|  0 |8591 |6289 | 2.013919e+05 | 2.015034e+05 |   0.06%|  42.39%
  415s|  9400 |   832 |  1854k| 153.9 |   204M |  61 |2465 |5711 |5339 |  35k|  0 |8606 |6294 | 2.013927e+05 | 2.015034e+05 |   0.05%|  42.71%
* 420s|  9492 |   846 |  1880k| 154.9 |    LP  |  61 |2465 |5710 |5316 |  36k|  3 |8674 |6298 | 2.013937e+05 | 2.015034e+05 |   0.05%|  42.90%
  420s|  9500 |   840 |  1882k| 155.0 |   208M |  61 |2465 |5696 |5326 |  36k|  1 |8674 |6298 | 2.013937e+05 | 2.015034e+05 |   0.05%|  43.11%
  423s|  9600 |   854 |  1895k| 154.8 |   209M |  61 |2465 |5664 |5230 |  36k|  1 |8711 |6319 | 2.013937e+05 | 2.015034e+05 |   0.05%|  43.23%
 time | node  | left  |LP iter|LP it/n|mem/heur|mdpt |vars |cons |rows |cuts |sepa|confs|strbr|  dualbound   | primalbound  |  gap   | compl. 
  427s|  9700 |   868 |  1909k| 154.6 |   210M |  61 |2465 |5661 |5263 |  36k|  1 |8765 |6394 | 2.013947e+05 | 2.015034e+05 |   0.05%|  43.28%
  431s|  9800 |   874 |  1927k| 154.8 |   214M |  61 |2465 |5624 |   0 |  37k|  0 |8823 |6428 | 2.013951e+05 | 2.015034e+05 |   0.05%|  43.44%
  436s|  9900 |   872 |  1953k| 155.7 |   214M |  61 |2465 |5651 |5360 |  37k|  1 |8987 |6456 | 2.013976e+05 | 2.015034e+05 |   0.05%|  43.88%
  441s| 10000 |   876 |  1977k| 156.3 |   214M |  61 |2465 |5608 |5340 |  37k|  1 |9013 |6481 | 2.013976e+05 | 2.015034e+05 |   0.05%|  43.95%
  447s| 10100 |   894 |  2016k| 158.2 |   214M |  61 |2465 |5517 |5364 |  38k|  1 |9082 |6533 | 2.013990e+05 | 2.015034e+05 |   0.05%|  44.34%
  452s| 10200 |   908 |  2037k| 158.6 |   215M |  61 |2465 |5539 |5395 |  38k|  0 |9143 |6560 | 2.013996e+05 | 2.015034e+05 |   0.05%|  44.61%
  455s| 10300 |   912 |  2056k| 158.8 |   215M |  61 |2465 |5546 |5395 |  38k|  1 |9178 |6573 | 2.014009e+05 | 2.015034e+05 |   0.05%|  44.76%
  460s| 10400 |   912 |  2079k| 159.4 |   215M |  61 |2465 |5537 |5385 |  39k|  0 |9194 |6575 | 2.014009e+05 | 2.015034e+05 |   0.05%|  44.95%
  466s| 10500 |   910 |  2109k| 160.4 |   217M |  61 |2465 |5532 |5256 |  39k|  1 |9292 |6622 | 2.014019e+05 | 2.015034e+05 |   0.05%|  45.71%
  472s| 10600 |   918 |  2135k| 161.2 |   218M |  61 |2465 |5513 |5189 |  40k|  1 |9351 |6659 | 2.014034e+05 | 2.015034e+05 |   0.05%|  46.15%
  478s| 10700 |   912 |  2162k| 162.0 |   218M |  61 |2465 |5485 |5410 |  40k|  0 |9397 |6709 | 2.014034e+05 | 2.015034e+05 |   0.05%|  46.44%
  485s| 10800 |   922 |  2186k| 162.6 |   218M |  61 |2465 |5442 |5306 |  40k|  1 |9426 |6741 | 2.014048e+05 | 2.015034e+05 |   0.05%|  46.92%
  490s| 10900 |   935 |  2211k| 163.3 |   218M |  61 |2465 |5429 |5370 |  41k|  0 |9464 |6790 | 2.014048e+05 | 2.015034e+05 |   0.05%|  47.24%
  493s| 11000 |   949 |  2222k| 162.9 |   218M |  61 |2465 |5451 |5156 |  41k|  1 |9511 |6822 | 2.014058e+05 | 2.015034e+05 |   0.05%|  47.28%
  497s| 11100 |   951 |  2243k| 163.3 |   219M |  61 |2465 |5466 |5385 |  42k|  0 |9596 |6878 | 2.014061e+05 | 2.015034e+05 |   0.05%|  47.71%
 time | node  | left  |LP iter|LP it/n|mem/heur|mdpt |vars |cons |rows |cuts |sepa|confs|strbr|  dualbound   | primalbound  |  gap   | compl. 
  502s| 11200 |   949 |  2269k| 164.0 |   219M |  61 |2465 |5413 |5424 |  42k|  0 |9625 |6922 | 2.014067e+05 | 2.015034e+05 |   0.05%|  48.42%
  507s| 11300 |   947 |  2296k| 164.7 |   219M |  61 |2465 |5397 |5276 |  42k|  1 |9641 |6930 | 2.014069e+05 | 2.015034e+05 |   0.05%|  48.87%
  511s| 11400 |   963 |  2315k| 164.9 |   219M |  61 |2465 |5415 |5281 |  43k|  1 |9673 |6935 | 2.014072e+05 | 2.015034e+05 |   0.05%|  48.97%
  515s| 11500 |   969 |  2338k| 165.3 |   219M |  61 |2465 |5464 |5366 |  43k|  1 |9765 |6976 | 2.014082e+05 | 2.015034e+05 |   0.05%|  49.39%
  520s| 11600 |   973 |  2360k| 165.8 |   219M |  61 |2465 |5455 |5377 |  43k|  3 |9787 |6998 | 2.014082e+05 | 2.015034e+05 |   0.05%|  49.61%
  525s| 11700 |   975 |  2384k| 166.3 |   220M |  61 |2465 |5470 |5375 |  44k|  1 |9838 |7022 | 2.014092e+05 | 2.015034e+05 |   0.05%|  50.12%
  533s| 11800 |   999 |  2425k| 167.9 |   220M |  61 |2465 |5483 |5427 |  44k|  1 |9889 |7080 | 2.014100e+05 | 2.015034e+05 |   0.05%|  50.36%
  536s| 11900 |   993 |  2440k| 167.8 |   220M |  61 |2465 |5491 |5320 |  44k|  0 |9923 |7085 | 2.014100e+05 | 2.015034e+05 |   0.05%|  50.58%
  541s| 12000 |   997 |  2466k| 168.5 |   220M |  61 |2465 |5506 |5407 |  45k|  1 |9977 |7116 | 2.014105e+05 | 2.015034e+05 |   0.05%|  51.06%
  546s| 12100 |   985 |  2489k| 168.9 |   220M |  61 |2465 |5481 |5334 |  45k|  0 |  10k|7142 | 2.014107e+05 | 2.015034e+05 |   0.05%|  51.50%
  551s| 12200 |   993 |  2514k| 169.4 |   221M |  61 |2465 |5493 |5446 |  45k|  1 |  10k|7157 | 2.014119e+05 | 2.015034e+05 |   0.05%|  51.84%
* 554s| 12290 |  1008 |  2533k| 169.7 |    LP  |  61 |2465 |5516 |5275 |  46k|  5 |  10k|7171 | 2.014123e+05 | 2.015034e+05 |   0.05%|  51.99%
  554s| 12300 |  1006 |  2534k| 169.7 |   221M |  61 |2465 |5514 |5318 |  46k|  0 |  10k|7172 | 2.014125e+05 | 2.015034e+05 |   0.05%|  52.06%
  558s| 12400 |  1028 |  2553k| 169.8 |   222M |  61 |2465 |5533 |5292 |  46k|  0 |  10k|7185 | 2.014126e+05 | 2.015034e+05 |   0.05%|  52.24%
  562s| 12500 |  1020 |  2577k| 170.3 |   222M |  61 |2465 |5519 |5473 |  47k|  0 |  10k|7194 | 2.014143e+05 | 2.015034e+05 |   0.04%|  52.52%
 time | node  | left  |LP iter|LP it/n|mem/heur|mdpt |vars |cons |rows |cuts |sepa|confs|strbr|  dualbound   | primalbound  |  gap   | compl. 
  567s| 12600 |  1030 |  2602k| 170.8 |   222M |  61 |2465 |5515 |5390 |  47k|  0 |  10k|7205 | 2.014149e+05 | 2.015034e+05 |   0.04%|  52.69%
  573s| 12700 |  1028 |  2631k| 171.6 |   223M |  61 |2465 |5487 |5295 |  47k|  1 |  10k|7242 | 2.014150e+05 | 2.015034e+05 |   0.04%|  52.91%
  578s| 12800 |  1028 |  2657k| 172.2 |   223M |  61 |2465 |5484 |5356 |  47k|  0 |  10k|7271 | 2.014152e+05 | 2.015034e+05 |   0.04%|  53.20%
  583s| 12900 |  1046 |  2679k| 172.5 |   226M |  61 |2465 |5477 |5489 |  48k|  0 |  10k|7309 | 2.014153e+05 | 2.015034e+05 |   0.04%|  53.36%
  587s| 13000 |  1034 |  2702k| 172.8 |   226M |  61 |2465 |5493 |5188 |  48k|  1 |  10k|7336 | 2.014157e+05 | 2.015034e+05 |   0.04%|  53.61%
  592s| 13100 |  1027 |  2723k| 173.1 |   226M |  61 |2465 |5491 |5291 |  48k|  0 |  10k|7385 | 2.014163e+05 | 2.015034e+05 |   0.04%|  54.06%
  598s| 13200 |  1019 |  2748k| 173.5 |   227M |  61 |2465 |5448 |5319 |  48k|  2 |  10k|7450 | 2.014169e+05 | 2.015034e+05 |   0.04%|  54.49%
  603s| 13300 |  1013 |  2777k| 174.3 |   227M |  61 |2465 |5456 |5421 |  49k|  1 |  10k|7497 | 2.014177e+05 | 2.015034e+05 |   0.04%|  54.89%
  608s| 13400 |  1013 |  2802k| 174.7 |   227M |  61 |2465 |5461 |5385 |  49k|  1 |  10k|7515 | 2.014187e+05 | 2.015034e+05 |   0.04%|  55.30%
  613s| 13500 |  1005 |  2825k| 175.1 |   227M |  61 |2465 |5477 |5352 |  49k|  1 |  10k|7540 | 2.014195e+05 | 2.015034e+05 |   0.04%|  55.82%
  619s| 13600 |  1017 |  2853k| 175.7 |   227M |  61 |2465 |5430 |5405 |  50k|  0 |  10k|7592 | 2.014204e+05 | 2.015034e+05 |   0.04%|  56.23%
  625s| 13700 |  1025 |  2881k| 176.4 |   228M |  61 |2465 |5416 |5414 |  50k|  1 |  10k|7622 | 2.014205e+05 | 2.015034e+05 |   0.04%|  56.56%
  631s| 13800 |  1005 |  2912k| 177.2 |   228M |  61 |2465 |5395 |5975 |  51k|  0 |  10k|7680 | 2.014208e+05 | 2.015034e+05 |   0.04%|  57.14%
* 633s| 13869 |  1022 |  2924k| 177.2 |    LP  |  61 |2465 |5390 |5355 |  51k|  3 |  10k|7696 | 2.014213e+05 | 2.015034e+05 |   0.04%|  57.18%
  637s| 13900 |  1027 |  2951k| 178.5 |   230M |  61 |2465 |5408 |5391 |  51k|  0 |  10k|7708 | 2.014215e+05 | 2.015034e+05 |   0.04%|  57.32%
 time | node  | left  |LP iter|LP it/n|mem/heur|mdpt |vars |cons |rows |cuts |sepa|confs|strbr|  dualbound   | primalbound  |  gap   | compl. 
  644s| 14000 |  1029 |  2981k| 179.2 |   231M |  61 |2465 |5466 |5522 |  51k|  2 |  10k|7738 | 2.014226e+05 | 2.015034e+05 |   0.04%|  57.71%
  650s| 14100 |  1015 |  3011k| 180.0 |   231M |  61 |2465 |5443 |5485 |  52k|  0 |  11k|7806 | 2.014232e+05 | 2.015034e+05 |   0.04%|  58.25%
  655s| 14200 |  1007 |  3032k| 180.1 |   231M |  61 |2465 |5454 |5310 |  52k|  0 |  11k|7851 | 2.014234e+05 | 2.015034e+05 |   0.04%|  58.48%
  661s| 14300 |  1017 |  3062k| 180.9 |   231M |  61 |2465 |5456 |5314 |  52k|  0 |  11k|7886 | 2.014243e+05 | 2.015034e+05 |   0.04%|  58.76%
  666s| 14400 |  1019 |  3088k| 181.3 |   232M |  61 |2465 |5439 |5449 |  52k|  1 |  11k|7916 | 2.014245e+05 | 2.015034e+05 |   0.04%|  58.86%
  671s| 14500 |  1025 |  3110k| 181.6 |   232M |  61 |2465 |5489 |   0 |  53k|  0 |  11k|7962 | 2.014247e+05 | 2.015034e+05 |   0.04%|  58.98%
  677s| 14600 |  1017 |  3134k| 181.9 |   232M |  61 |2465 |5502 |5332 |  53k|  1 |  11k|8021 | 2.014252e+05 | 2.015034e+05 |   0.04%|  59.45%
  681s| 14700 |  1003 |  3159k| 182.3 |   232M |  61 |2465 |5551 |5351 |  53k|  0 |  11k|8062 | 2.014260e+05 | 2.015034e+05 |   0.04%|  59.79%
  686s| 14800 |   999 |  3182k| 182.5 |   232M |  61 |2465 |5545 |5898 |  54k|  0 |  11k|8098 | 2.014266e+05 | 2.015034e+05 |   0.04%|  60.14%
  693s| 14900 |   995 |  3216k| 183.4 |   232M |  61 |2465 |5546 |5426 |  54k|  1 |  11k|8132 | 2.014278e+05 | 2.015034e+05 |   0.04%|  60.64%
  701s| 15000 |   993 |  3250k| 184.3 |   233M |  61 |2465 |5523 |5308 |  54k|  0 |  11k|8190 | 2.014282e+05 | 2.015034e+05 |   0.04%|  61.03%
  708s| 15100 |   984 |  3280k| 185.0 |   233M |  61 |2465 |5509 |5384 |  55k|  1 |  11k|8215 | 2.014293e+05 | 2.015034e+05 |   0.04%|  61.44%
  713s| 15200 |   966 |  3305k| 185.4 |   234M |  61 |2465 |5503 |5253 |  55k|  1 |  11k|8222 | 2.014297e+05 | 2.015034e+05 |   0.04%|  63.10%
  719s| 15300 |   966 |  3337k| 186.1 |   234M |  61 |2465 |5500 |5428 |  55k|  0 |  11k|8240 | 2.014299e+05 | 2.015034e+05 |   0.04%|  63.20%
  726s| 15400 |   948 |  3368k| 186.8 |   235M |  61 |2465 |5509 |6311 |  56k|  0 |  11k|8262 | 2.014309e+05 | 2.015034e+05 |   0.04%|  63.68%
 time | node  | left  |LP iter|LP it/n|mem/heur|mdpt |vars |cons |rows |cuts |sepa|confs|strbr|  dualbound   | primalbound  |  gap   | compl. 
  732s| 15500 |   946 |  3395k| 187.3 |   235M |  61 |2465 |5480 |5446 |  56k|  2 |  11k|8289 | 2.014320e+05 | 2.015034e+05 |   0.04%|  64.18%
  737s| 15600 |   938 |  3421k| 187.7 |   235M |  61 |2465 |5493 |5438 |  57k|  2 |  11k|8316 | 2.014322e+05 | 2.015034e+05 |   0.04%|  64.63%
  743s| 15700 |   914 |  3448k| 188.1 |   236M |  61 |2465 |5520 |   0 |  57k|  0 |  11k|8349 | 2.014325e+05 | 2.015034e+05 |   0.04%|  65.00%
  749s| 15800 |   883 |  3476k| 188.6 |   236M |  61 |2465 |5486 |5437 |  57k|  4 |  12k|8401 | 2.014336e+05 | 2.015034e+05 |   0.03%|  65.77%
  757s| 15900 |   871 |  3515k| 189.7 |   236M |  61 |2465 |5454 |5487 |  58k|  0 |  12k|8420 | 2.014344e+05 | 2.015034e+05 |   0.03%|  66.18%
  765s| 16000 |   817 |  3550k| 190.6 |   237M |  61 |2465 |5427 |5649 |  58k|  2 |  12k|8466 | 2.014350e+05 | 2.015034e+05 |   0.03%|  67.11%
  771s| 16100 |   791 |  3576k| 191.0 |   237M |  61 |2465 |5427 |5908 |  58k|  0 |  12k|8496 | 2.014354e+05 | 2.015034e+05 |   0.03%|  67.71%
  778s| 16200 |   757 |  3609k| 191.7 |   237M |  61 |2465 |5393 |5226 |  58k|  1 |  12k|8499 | 2.014360e+05 | 2.015034e+05 |   0.03%|  68.44%
  784s| 16300 |   735 |  3639k| 192.3 |   237M |  61 |2465 |5403 |6057 |  59k|  0 |  12k|8503 | 2.014367e+05 | 2.015034e+05 |   0.03%|  68.90%
  792s| 16400 |   687 |  3673k| 193.1 |   237M |  61 |2465 |5408 |5324 |  59k|  0 |  12k|8534 | 2.014376e+05 | 2.015034e+05 |   0.03%|  69.92%
  800s| 16500 |   659 |  3706k| 193.8 |   238M |  61 |2465 |5405 |   0 |  59k|  0 |  12k|8579 | 2.014388e+05 | 2.015034e+05 |   0.03%|  70.57%
  806s| 16600 |   629 |  3734k| 194.2 |   238M |  61 |2465 |5415 |5602 |  60k|  0 |  12k|8596 | 2.014400e+05 | 2.015034e+05 |   0.03%|  71.10%
  815s| 16700 |   561 |  3773k| 195.3 |   239M |  61 |2465 |5381 |5537 |  60k|  1 |  12k|8601 | 2.014418e+05 | 2.015034e+05 |   0.03%|  72.12%
  819s| 16800 |   523 |  3792k| 195.2 |   239M |  61 |2465 |5382 |6894 |  60k|  0 |  12k|8616 | 2.014451e+05 | 2.015034e+05 |   0.03%|  73.01%
  826s| 16900 |   515 |  3822k| 195.8 |   240M |  61 |2465 |5397 |5405 |  60k|  1 |  12k|8647 | 2.014458e+05 | 2.015034e+05 |   0.03%|  73.42%
 time | node  | left  |LP iter|LP it/n|mem/heur|mdpt |vars |cons |rows |cuts |sepa|confs|strbr|  dualbound   | primalbound  |  gap   | compl. 
  833s| 17000 |   483 |  3853k| 196.3 |   240M |  61 |2465 |5383 |   0 |  60k|  0 |  12k|8659 | 2.014470e+05 | 2.015034e+05 |   0.03%|  73.90%
  841s| 17100 |   444 |  3882k| 196.8 |   240M |  61 |2465 |5375 |6165 |  61k|  0 |  12k|8702 | 2.014483e+05 | 2.015034e+05 |   0.03%|  74.47%
  850s| 17200 |   408 |  3922k| 197.8 |   241M |  61 |2465 |5346 |6328 |  61k|  3 |  12k|8740 | 2.014499e+05 | 2.015034e+05 |   0.03%|  75.35%
  858s| 17300 |   352 |  3957k| 198.6 |   241M |  61 |2465 |5318 |5668 |  61k|  0 |  12k|8751 | 2.014514e+05 | 2.015034e+05 |   0.03%|  76.19%
  864s| 17400 |   309 |  3985k| 199.0 |   241M |  61 |2465 |5305 |6611 |  62k|  0 |  12k|8777 | 2.014532e+05 | 2.015034e+05 |   0.02%|  76.80%
  871s| 17500 |   269 |  4014k| 199.5 |   242M |  61 |2465 |5292 |5287 |  62k|  0 |  12k|8814 | 2.014543e+05 | 2.015034e+05 |   0.02%|  77.56%
  878s| 17600 |   248 |  4042k| 199.9 |   243M |  61 |2465 |5288 |5458 |  62k|  1 |  12k|8845 | 2.014571e+05 | 2.015034e+05 |   0.02%|  78.21%
  884s| 17700 |   218 |  4067k| 200.1 |   243M |  61 |2465 |5272 |6295 |  62k|  0 |  12k|8898 | 2.014593e+05 | 2.015034e+05 |   0.02%|  78.63%
  892s| 17800 |   158 |  4101k| 200.8 |   243M |  61 |2465 |5256 |5365 |  62k|  3 |  12k|8899 | 2.014624e+05 | 2.015034e+05 |   0.02%|  79.51%
  901s| 17900 |    84 |  4137k| 201.6 |   243M |  61 |2465 |5238 |5763 |  62k|  3 |  12k|8922 | 2.014655e+05 | 2.015034e+05 |   0.02%|  80.51%

SCIP Status        : problem is solved [optimal solution found]
Solving Time (sec) : 906.82
Solving Nodes      : 17990 (total of 20529 nodes in 2 runs)
Primal Bound       : +2.01503391999853e+05 (75 solutions)
Dual Bound         : +2.01503391999853e+05
Gap                : 0.00 %

primal solution (original space):
=================================

objective value:                     201503.391999853
z#8                                                 1 	(obj:0)
z#34                                                1 	(obj:0)
z#96                                                1 	(obj:0)
z#133                                               1 	(obj:0)
z#135                                               1 	(obj:0)
z#147                                               1 	(obj:0)
z#154                                               1 	(obj:0)
z#189                                               1 	(obj:0)
z#231                            3.87297049986302e-09 	(obj:0)
z#236                                               1 	(obj:0)
z#239                                               1 	(obj:0)
z#247                                               1 	(obj:0)
z#284                                               1 	(obj:0)
z#294                                               1 	(obj:0)
z#328                                               1 	(obj:0)
z#331                                               1 	(obj:0)
z#339                                               1 	(obj:0)
z#345                                               1 	(obj:0)
z#346                                               1 	(obj:0)
z#368                                               1 	(obj:0)
z#379                                               1 	(obj:0)
z#418                                               1 	(obj:0)
z#427                                               1 	(obj:0)
z#431                                               1 	(obj:0)
z#448                                0.99999999954096 	(obj:0)
z#505                                               1 	(obj:0)
z#508                                               1 	(obj:0)
z#510                                               1 	(obj:0)
z#528                                               1 	(obj:0)
z#581                                               1 	(obj:0)
z#594                                               1 	(obj:0)
z#612                                               1 	(obj:0)
z#631                                               1 	(obj:0)
z#661                                               1 	(obj:0)
z#710                                               1 	(obj:0)
z#734                                               1 	(obj:0)
z#735                                               1 	(obj:0)
z#748                                               1 	(obj:0)
z#776                                               1 	(obj:0)
z#833                                               1 	(obj:0)
z#909                                               1 	(obj:0)
z#969                                               1 	(obj:0)
z#976                                               1 	(obj:0)
z#1014                                              1 	(obj:0)
z#1058                           -6.08602077404515e-09 	(obj:0)
z#1066                                              1 	(obj:0)
z#1095                                              1 	(obj:0)
z#1108                                              1 	(obj:0)
z#1118                                              1 	(obj:0)
z#1120                              0.999999998063515 	(obj:0)
z#1180                                              1 	(obj:0)
z#1181                                              1 	(obj:0)
z#1211                                              1 	(obj:0)
z#1215                                              1 	(obj:0)
z#1216                                              1 	(obj:0)
z#1271                                              1 	(obj:0)
z#1276                                              1 	(obj:0)
z#1310                                              1 	(obj:0)
z#1330                                              1 	(obj:0)
z#1333                                              1 	(obj:0)
z#1335                                              1 	(obj:0)
z#1336                                              1 	(obj:0)
z#1338                                              1 	(obj:0)
z#1344                               1.00000000009889 	(obj:0)
z#1392                                              1 	(obj:0)
z#1418                                              1 	(obj:0)
z#1419                                              1 	(obj:0)
z#1485                                              1 	(obj:0)
z#1493                                              1 	(obj:0)
z#1497                                              1 	(obj:0)
z#1503                                              1 	(obj:0)
z#1535                                              1 	(obj:0)
z#1537                                              1 	(obj:0)
z#1552                                              1 	(obj:0)
z#1565                                              1 	(obj:0)
z#1582                                              1 	(obj:0)
z#1588                                              1 	(obj:0)
z#1598                                              1 	(obj:0)
z#1599                                              1 	(obj:0)
z#1617                                              1 	(obj:0)
z#1618                                              1 	(obj:0)
z#1621                                              1 	(obj:0)
z#1628                                              1 	(obj:0)
z#1634                                              1 	(obj:0)
z#1648                                              1 	(obj:0)
z#1656                                              1 	(obj:0)
z#1665                                              1 	(obj:0)
z#1666                                              1 	(obj:0)
z#1681                              0.999999999961377 	(obj:0)
z#1688                                              1 	(obj:0)
z#1709                                              1 	(obj:0)
z#1742                                              1 	(obj:0)
z#1770                                              1 	(obj:0)
z#1773                                              1 	(obj:0)
z#1792                                              1 	(obj:0)
z#1793                                              1 	(obj:0)
z#1800                                              1 	(obj:0)
z#1824                                              1 	(obj:0)
z#1834                                              1 	(obj:0)
z#1852                                              1 	(obj:0)
z#1875                              0.999999992254059 	(obj:0)
z#1930                                              1 	(obj:0)
z#1934                                              1 	(obj:0)
z#1959                                              1 	(obj:0)
z#2044                                              1 	(obj:0)
z#2066                                              1 	(obj:0)
z#2070                                              1 	(obj:0)
z#2095                                              1 	(obj:0)
z#2123                                              1 	(obj:0)
z#2125                                              1 	(obj:0)
z#2128                                              1 	(obj:0)
z#2143                                              1 	(obj:0)
z#2148                                              1 	(obj:0)
z#2167                                              1 	(obj:0)
z#2175                                              1 	(obj:0)
z#2180                                              1 	(obj:0)
z#2185                                              1 	(obj:0)
z#2224                                              1 	(obj:0)
z#2231                                              1 	(obj:0)
z#2240                                              1 	(obj:0)
z#2290                                              1 	(obj:0)
z#2300                                              1 	(obj:0)
z#2327                                              1 	(obj:0)
z#2376                                              1 	(obj:0)
z#2398                                              1 	(obj:0)
z#2400                                              1 	(obj:0)
z#2423                                              1 	(obj:0)
z#2437                                              1 	(obj:0)
z#2456                                              1 	(obj:0)
z#2478                                              1 	(obj:0)
z#2489                                              1 	(obj:0)
z#2515                                              1 	(obj:0)
z#2518                                              1 	(obj:0)
z#2547                                              1 	(obj:0)
z#2561                                              1 	(obj:0)
z#2574                                              1 	(obj:0)
z#2656                                              1 	(obj:0)
z#2658                                              1 	(obj:0)
z#2685                                              1 	(obj:0)
z#2688                                              1 	(obj:0)
z#2716                                              1 	(obj:0)
z#2783                                              1 	(obj:0)
z#2807                                              1 	(obj:0)
z#2853                                              1 	(obj:0)
z#2882                                              1 	(obj:0)
z#2892                                              1 	(obj:0)
z#2897                                              1 	(obj:0)
z#2917                                              1 	(obj:0)
z#2921                                              1 	(obj:0)
z#2930                                              1 	(obj:0)
z#2934                                              1 	(obj:0)
z#2982                                              1 	(obj:0)
x#0                                               557 	(obj:202)
x#1                                            36.779 	(obj:198)
x#4                                  81.4859999999999 	(obj:109)
x#15                                          696.304 	(obj:104)
x#26                                 1.63600000000008 	(obj:100)
y#13                                 2.36499999858233 	(obj:104)
u#0                                               557 	(obj:0)
u#1                                           593.779 	(obj:0)
u#2                                           593.779 	(obj:0)
u#3                                           593.779 	(obj:0)
u#4                                           675.265 	(obj:0)
u#5                                           675.265 	(obj:0)
u#6                                           675.265 	(obj:0)
u#7                                           675.265 	(obj:0)
u#8                                           675.265 	(obj:0)
u#9                                           675.265 	(obj:0)
u#10                                          675.265 	(obj:0)
u#11                                          675.265 	(obj:0)
u#12                                          675.265 	(obj:0)
u#13                                          675.265 	(obj:0)
u#14                                          675.265 	(obj:0)
u#15                                          814.569 	(obj:0)
u#16                                           777.79 	(obj:0)
u#17                                           777.79 	(obj:0)
u#18                                           777.79 	(obj:0)
u#19                                          696.304 	(obj:0)
u#20                                          696.304 	(obj:0)
u#21                                          696.304 	(obj:0)
u#22                                          696.304 	(obj:0)
u#23                                          696.304 	(obj:0)
u#24                                          696.304 	(obj:0)
u#25                                          696.304 	(obj:0)
u#26                                           697.94 	(obj:0)
u#27                                           697.94 	(obj:0)
u#28                                           697.94 	(obj:0)
u#29                                           697.94 	(obj:0)
v#13                                 2.36499999858233 	(obj:0)
v#14                                 2.36499999858233 	(obj:0)
v#15                                 2.36499999858233 	(obj:0)
v#16                                 2.36499999858233 	(obj:0)
v#17                                 2.36499999858233 	(obj:0)
v#18                                 2.36499999858233 	(obj:0)
v#19                                 2.36499999858233 	(obj:0)
v#20                                 2.36499999858233 	(obj:0)
v#21                                 2.36499999858233 	(obj:0)
v#22                                 2.36499999858233 	(obj:0)
w#0                                               557 	(obj:0)
w#1                                           593.779 	(obj:0)
w#2                                           593.779 	(obj:0)
w#3                                           593.779 	(obj:0)
w#4                                           675.265 	(obj:0)
w#5                                           675.265 	(obj:0)
w#6                                           675.265 	(obj:0)
w#7                                           675.265 	(obj:0)
w#8                                           675.265 	(obj:0)
w#9                                           675.265 	(obj:0)
w#10                                          675.265 	(obj:0)
w#11                                          675.265 	(obj:0)
w#12                                          675.265 	(obj:0)
w#13                                 677.629999998582 	(obj:0)
w#14                                 677.629999998582 	(obj:0)
w#15                                 816.933999998582 	(obj:0)
w#16                                 780.154999998582 	(obj:0)
w#17                                 780.154999998582 	(obj:0)
w#18                                 780.154999998582 	(obj:0)
w#19                                 698.668999998582 	(obj:0)
w#20                                 698.668999998582 	(obj:0)
w#21                                 698.668999998582 	(obj:0)
w#22                                 698.668999998582 	(obj:0)
w#23                                          696.304 	(obj:0)
w#24                                          696.304 	(obj:0)
w#25                                          696.304 	(obj:0)
w#26                                           697.94 	(obj:0)
w#27                                           697.94 	(obj:0)
w#28                                           697.94 	(obj:0)
w#29                                           697.94 	(obj:0)

Statistics
==========

SCIP Status        : problem is solved [optimal solution found]
Total Time         :     907.15
  solving          :     906.82
  presolving       :       0.19 (included in solving)
  reading          :       0.33
  copying          :       0.52 (41 #copies) (minimal 0.01, maximal 0.01, average 0.01)
Original Problem   :
  Problem name     : CCMPPData/30-3000-4
  Variables        : 3150 (3000 binary, 0 integer, 0 implicit integer, 150 continuous)
  Constraints      : 4622 initial, 4622 maximal
  Objective        : minimize, 60 non-zeros (abs.min = 100, abs.max = 292)
Presolved Problem  :
  Problem name     : t_CCMPPData/30-3000-4
  Variables        : 2465 (2354 binary, 0 integer, 0 implicit integer, 111 continuous)
  Constraints      : 5272 initial, 5905 maximal
  Objective        : minimize, 57 non-zeros (abs.min = 100, abs.max = 292)
  Nonzeros         : 34207 constraint, 0 clique table
Presolvers         :   ExecTime  SetupTime  Calls  FixedVars   AggrVars   ChgTypes  ChgBounds   AddHoles    DelCons    AddCons   ChgSides   ChgCoefs
  boundshift       :       0.00       0.00      0          0          0          0          0          0          0          0          0          0
  convertinttobin  :       0.00       0.00      0          0          0          0          0          0          0          0          0          0
  domcol           :       0.04       0.00      2          0          0          0          0          0          0          0          0          0
  dualagg          :       0.00       0.00      0          0          0          0          0          0          0          0          0          0
  dualcomp         :       0.01       0.00      2          0          0          0          0          0          0          0          0          0
  dualinfer        :       0.00       0.00      0          0          0          0          0          0          0          0          0          0
  dualsparsify     :       0.02       0.00      1          0          0          0          0          0          0          0          0          0
  gateextraction   :       0.00       0.00      0          0          0          0          0          0          0          0          0          0
  implics          :       0.00       0.00      4          0          0          0          0          0          0          0          0          0
  inttobinary      :       0.00       0.00      0          0          0          0          0          0          0          0          0          0
  milp             :       0.07       0.00      1          3         32          0          8          0          0          0          0          0
  qpkktref         :       0.00       0.00      0          0          0          0          0          0          0          0          0          0
  redvub           :       0.00       0.00      0          0          0          0          0          0          0          0          0          0
  sparsify         :       0.00       0.00      1          0          0          0          0          0          0          0          0          0
  stuffing         :       0.00       0.00      0          0          0          0          0          0          0          0          0          0
  trivial          :       0.00       0.00      6          0          0          0          0          0          0          0          0          0
  tworowbnd        :       0.00       0.00      0          0          0          0          0          0          0          0          0          0
  dualfix          :       0.00       0.00      6        646          0          0          0          0          0          0          0          0
  genvbounds       :       0.00       0.00      0          0          0          0          0          0          0          0          0          0
  probing          :       0.01       0.00      1          0          0          0          0          0          0          0          0          0
  pseudoobj        :       0.00       0.00      1          0          0          0          0          0          0          0          0          0
  symmetry         :       0.00       0.00      1          0          0          0          0          0          0          0          0          0
  vbounds          :       0.00       0.00      0          0          0          0          0          0          0          0          0          0
  chancecons       :       0.00       0.00      0          0          0          0          0          0          0          0          0          0
  varbound         :       0.00       0.00      4          0          0          0          0          0          0          0          0          0
  knapsack         :       0.00       0.00      3          0          0          0          0          0          0          0          0          0
  linear           :       0.02       0.00      9          0          4          0         32          0        170          0          0          0
  logicor          :       0.00       0.00      3          0          0          0          0          0          0          0          0          0
  bounddisjunction :       0.00       0.00      1          0          0          0          0          0          0          0          0          0
  benders          :       0.00       0.00      0          0          0          0          0          0          0          0          0          0
  components       :       0.00       0.00      2          0          0          0          0          0          0          0          0          0
  root node        :          -          -      -        130          -          -       1225          -          -          -          -          -
Constraints        :     Number  MaxNumber  #Separate #Propagate    #EnfoLP    #EnfoRelax  #EnfoPS    #Check   #ResProp    Cutoffs    DomReds       Cuts    Applied      Conss   Children
  benderslp        :          0          0          0          0      13008          0          0       2890          0          0          0          0          0          0          0
  chancecons       :          1          1       1638          0          0          0          0          0          0          0          0       6909       6236          0          0
  integral         :          0          0          0          0      13008          0          0       2890          0          0       6287          0          0       3838      21754
  varbound         :       4368       4368         48     145225          1          0          0       2884     593348         28     618241          0          0          0          0
  knapsack         :          1          1         48     146117          1          0          0        104         79       4573     144078          0          0          0          0
  linear           :        499+       503         48     142965          6          0          0        100      60527        813     892102         27         11          0          0
  logicor          :         21+        95         18      18476          0          0          0          0        411          6         69          0          0          0          0
  bounddisjunction :        382+      1010          0      43342          0          0          0          0        915         90        535          0          0          0          0
  benders          :          0          0          0          0          6          0          0         98          0          0          0          0          0          0          0
  fixedvar         :          0          0          0          0          6          0          0         98          0          0          0          0          0          0          0
  countsols        :          0          0          0          0          6          0          0         98          0          0          0          0          0          0          0
  components       :          0          0          0          0          0          0          0          0          0          0          0          0          0          0          0
Constraint Timings :  TotalTime  SetupTime   Separate  Propagate     EnfoLP     EnfoPS     EnfoRelax   Check    ResProp    SB-Prop
  benderslp        :       0.01       0.00       0.00       0.00       0.01       0.00       0.00       0.00       0.00       0.00
  chancecons       :       0.72       0.00       0.72       0.00       0.00       0.00       0.00       0.00       0.00       0.00
  integral         :     139.67       0.00       0.00       0.00     139.67       0.00       0.00       0.00       0.00       0.00
  varbound         :       6.90       0.00       0.02       4.74       0.00       0.00       0.00       0.07       0.06       2.01
  knapsack         :       1.60       0.00       0.27       1.03       0.00       0.00       0.00       0.00       0.00       0.30
  linear           :       5.33       0.00       0.06       3.84       0.00       0.00       0.00       0.00       0.04       1.39
  logicor          :       0.06       0.00       0.00       0.06       0.00       0.00       0.00       0.00       0.00       0.01
  bounddisjunction :       1.75       0.00       0.00       1.37       0.00       0.00       0.00       0.00       0.00       0.38
  benders          :       0.00       0.00       0.00       0.00       0.00       0.00       0.00       0.00       0.00       0.00
  fixedvar         :       0.01       0.00       0.00       0.00       0.00       0.00       0.00       0.01       0.00       0.00
  countsols        :       0.00       0.00       0.00       0.00       0.00       0.00       0.00       0.00       0.00       0.00
  components       :       0.02       0.00       0.00       0.01       0.00       0.00       0.00       0.00       0.00       0.00
Propagators        : #Propagate   #ResProp    Cutoffs    DomReds
  dualfix          :         10          0          0          0
  genvbounds       :          0          0          0          0
  nlobbt           :          0          0          0          0
  obbt             :          0          0          0          0
  probing          :          0          0          0          0
  pseudoobj        :      78655          0          0        137
  redcost          :      36605          0          0    3810829
  rootredcost      :         16          0          0        248
  symmetry         :          0          0          0          0
  vbounds          :      55438          0          0          0
Propagator Timings :  TotalTime  SetupTime   Presolve  Propagate    ResProp    SB-Prop
  dualfix          :       0.00       0.00       0.00       0.00       0.00       0.00
  genvbounds       :       0.03       0.00       0.00       0.03       0.00       0.01
  nlobbt           :       0.00       0.00       0.00       0.00       0.00       0.00
  obbt             :       0.00       0.00       0.00       0.00       0.00       0.00
  probing          :       0.01       0.00       0.01       0.00       0.00       0.00
  pseudoobj        :       0.30       0.00       0.00       0.30       0.00       0.00
  redcost          :       4.91       0.00       0.00       4.90       0.00       0.01
  rootredcost      :       0.04       0.00       0.00       0.03       0.00       0.01
  symmetry         :       0.05       0.00       0.00       0.04       0.00       0.01
  vbounds          :       0.57       0.00       0.00       0.54       0.00       0.03
Symmetry           :
  orbitopal red.   :          0 reductions applied,          0 cutoffs
  orbital reduction:          0 reductions applied,          0 cutoffs
  lexicographic red:          0 reductions applied,          0 cutoffs
  shadow tree time :       0.00 s
Conflict Analysis  :       Time      Calls    Success    DomReds  Conflicts   Literals    Reconvs ReconvLits   Dualrays   Nonzeros   LP Iters   (pool size: [10000,10000])
  propagation      :       0.30       4697       4601          -      17542       61.4        296        3.8          -          -          -
  infeasible LP    :       0.00          0          0          -          0        0.0          0        0.0          0        0.0          0
  bound exceed. LP :       7.07       4476        798          -       2295       65.3          8        3.9        191        6.6      29186
  strong branching :       0.00          0          0          -          0        0.0          0        0.0          -          -          0
  pseudo solution  :       0.00          0          0          -          0        0.0          0        0.0          -          -          -
  applied globally :       0.14          -          -        172      12502       52.8          -          -        191          -          -
  applied locally  :          -          -          -          0          0        0.0          -          -          0          -          -
Separators         :   ExecTime  SetupTime      Calls  RootCalls    Cutoffs    DomReds  FoundCuts ViaPoolAdd  DirectAdd    Applied ViaPoolApp  DirectApp      Conss
  cut pool         :       2.23          -       3389         95          -          -      46742     934716          -          -          -          -          -    (maximal pool size:      18779)
  aggregation      :       2.07       0.00        252         48          0          0      37245     773647          0      60415      60415          0          0
  > cmir           :          -          -          -          -          -          -          -     773646          0      60414      60414          0          -
  > flowcover      :          -          -          -          -          -          -          -          1          0          1          1          0          -
  > knapsackcover  :          -          -          -          -          -          -          -          0          0          0          0          0          -
  cgmip            :       0.00       0.00          0          0          0          0          0          0          0          0          0          0          0
  clique           :       0.00       0.00          2          2          0          0          0          0          0          0          0          0          0
  closecuts        :       0.00       0.00          0          0          0          0          0          0          0          0          0          0          0
  convexproj       :       0.00       0.00          0          0          0          0          0          0          0          0          0          0          0
  disjunctive      :       0.00       0.00          0          0          0          0          0          0          0          0          0          0          0
  eccuts           :       0.00       0.00          0          0          0          0          0          0          0          0          0          0          0
  gauge            :       0.00       0.00          0          0          0          0          0          0          0          0          0          0          0
  gomory           :       1.21       0.00        223         20          0          0       9497     161069          0      12772      12772          0          0
  > gomorymi       :          -          -          -          -          -          -          -     161069          0      12772      12772          0          -
  > strongcg       :          -          -          -          -          -          -          -          0          0          0          0          0          -
  impliedbounds    :       0.01       0.00        252         48          0          0          0          0          0          0          0          0          0
  interminor       :       0.00       0.00          0          0          0          0          0          0          0          0          0          0          0
  intobj           :       0.00       0.00          0          0          0          0          0          0          0          0          0          0          0
  lagromory        :       0.00       0.00          0          0          0          0          0          0          0          0          0          0          0
  mcf              :       0.00       0.00          2          2          0          0          0          0          0          0          0          0          0
  minor            :       0.00       0.00         20         20          0          0          0          0          0          0          0          0          0
  mixing           :       0.00       0.00          0          0          0          0          0          0          0          0          0          0          0
  oddcycle         :       0.00       0.00          0          0          0          0          0          0          0          0          0          0          0
  rapidlearning    :       0.00       0.00          0          0          0          0          0          0          0          0          0          0          0
  rlt              :       0.00       0.00         20         20          0          0          0          0          0          0          0          0          0
  zerohalf         :       0.15       0.00        241         38          0          0          0          0          0          0          0          0          0
Cutselectors       :   ExecTime  SetupTime      Calls  RootCalls   Selected     Forced   Filtered  RootSelec   RootForc   RootFilt 
  hybrid           :       0.83       0.00       3137         49      79434          0     862218       2350          0      50149
  ensemble         :       0.00       0.00          0          0          0          0          0          0          0          0
  dynamic          :       0.00       0.00          0          0          0          0          0          0          0          0
Pricers            :   ExecTime  SetupTime      Calls       Vars
  problem variables:       0.00          -          0          0
Branching Rules    :   ExecTime  SetupTime   BranchLP  BranchExt   BranchPS    Cutoffs    DomReds       Cuts      Conss   Children
  allfullstrong    :       0.00       0.00          0          0          0          0          0          0          0          0
  cloud            :       0.00       0.00          0          0          0          0          0          0          0          0
  distribution     :       0.00       0.00          0          0          0          0          0          0          0          0
  fullstrong       :       0.00       0.00          0          0          0          0          0          0          0          0
  gomory           :       0.00       0.00          0          0          0          0          0          0          0          0
  inference        :       0.00       0.00          0          0          0          0          0          0          0          0
  leastinf         :       0.00       0.00          0          0          0          0          0          0          0          0
  lookahead        :       0.00       0.00          0          0          0          0          0          0          0          0
  mostinf          :       0.00       0.00          0          0          0          0          0          0          0          0
  multaggr         :       0.00       0.00          0          0          0          0          0          0          0          0
  nodereopt        :       0.00       0.00          0          0          0          0          0          0          0          0
  pscost           :       0.00       0.00          0          0          0          0          0          0          0          0
  random           :       0.00       0.00          0          0          0          0          0          0          0          0
  relpscost        :     139.65       0.00      13002          0          0          0       6287          0       4920      21754
  vanillafullstrong:       0.00       0.00          0          0          0          0          0          0          0          0
Primal Heuristics  :   ExecTime  SetupTime      Calls      Found       Best
  LP solutions     :       0.00          -          -          6          6
  relax solutions  :       0.00          -          -          0          0
  pseudo solutions :       0.00          -          -          0          0
  strong branching :       0.03          -          -          0          0
  actconsdiving    :       0.00       0.00          0          0          0
  adaptivediving   :       3.56       0.00         76          1          1
  alns             :       0.61       0.00          6          1          1
  bound            :       0.00       0.00          0          0          0
  clique           :       0.00       0.00          0          0          0
  coefdiving       :       0.00       0.00          0          0          0
  completesol      :       0.00       0.00          0          0          0
  conflictdiving   :       0.72       0.00         38          0          0
  crossover        :       0.87       0.00         21          8          0
  dins             :       0.00       0.00          0          0          0
  distributiondivin:       2.44       0.00         38          0          0
  dps              :       0.00       0.00          0          0          0
  dualval          :       0.00       0.00          0          0          0
  farkasdiving     :       0.00       0.00          0          0          0
  feaspump         :       0.09       0.00          1          1          1
  fixandinfer      :       0.00       0.00          0          0          0
  fracdiving       :       2.28       0.00         38          0          0
  gins             :       0.02       0.00          0          0          0
  guideddiving     :       2.25       0.00         38          1          1
  indicator        :       0.01       0.00          0          0          0
  indicatordiving  :       0.00       0.00          0          0          0
  intdiving        :       0.00       0.00          0          0          0
  intshifting      :       0.47       0.00         19          0          0
  linesearchdiving :       2.96       0.00         39          0          0
  localbranching   :       0.00       0.00          0          0          0
  locks            :       0.02       0.00          1          1          1
  lpface           :       0.01       0.00          0          0          0
  mpec             :       0.00       0.00          0          0          0
  multistart       :       0.00       0.00          0          0          0
  mutation         :       0.00       0.00          0          0          0
  nlpdiving        :       0.00       0.00          0          0          0
  objpscostdiving  :      19.13       0.00         20         20          1
  octane           :       0.00       0.00          0          0          0
  ofins            :       0.01       0.00          0          0          0
  oneopt           :       0.03       0.00         16          0          0
  padm             :       0.00       0.00          0          0          0
  proximity        :       0.00       0.00          0          0          0
  pscostdiving     :       2.86       0.00         39          1          1
  randrounding     :       0.53       0.00       2795          0          0
  rens             :       1.86       0.00          2          2          1
  reoptsols        :       0.00       0.00          0          0          0
  repair           :       0.00       0.00          0          0          0
  rins             :       0.84       0.00         12         11          1
  rootsoldiving    :       3.10       0.00         20         20          1
  rounding         :       0.68       0.00       1857          0          0
  scheduler        :       0.00       0.00          0          0          0
  shiftandpropagate:       0.00       0.00          0          0          0
  shifting         :       6.32       0.00        912          0          0
  simplerounding   :       0.02       0.00          0          0          0
  subnlp           :       0.02       0.00          0          0          0
  trivial          :       0.00       0.00          4          0          0
  trivialnegation  :       0.00       0.00          0          0          0
  trustregion      :       0.00       0.00          0          0          0
  trysol           :       0.01       0.00          0          0          0
  twoopt           :       0.00       0.00          0          0          0
  undercover       :       0.00       0.00          0          0          0
  vbounds          :       0.02       0.00          2          1          1
  veclendiving     :       0.50       0.00         38          1          1
  zeroobj          :       0.00       0.00          0          0          0
  zirounding       :       0.16       0.00       1000          0          0
  other solutions  :          -          -          -          0          -
LNS (Scheduler)    :      Calls  SetupTime  SolveTime SolveNodes       Sols       Best       Exp3    Exp3-IX  EpsGreedy        UCB TgtFixRate  Opt  Inf Node Stal  Sol  Usr Othr Actv
  rens             :          0       0.00       0.00          0          0          0    0.00000    0.12500   -1.00000    1.00000      0.900    0    0    0    0    0    0    0    1
  rins             :          0       0.00       0.00          0          0          0    0.00000    0.12500   -1.00000    1.00000      0.900    0    0    0    0    0    0    0    1
  mutation         :          0       0.00       0.00          0          0          0    0.00000    0.12500   -1.00000    1.00000      0.900    0    0    0    0    0    0    0    1
  localbranching   :          0       0.00       0.00          0          0          0    0.00000    0.12500   -1.00000    1.00000      0.900    0    0    0    0    0    0    0    1
  crossover        :          0       0.00       0.00          0          0          0    0.00000    0.12500   -1.00000    1.00000      0.900    0    0    0    0    0    0    0    1
  proximity        :          0       0.00       0.00          0          0          0    0.00000    0.12500   -1.00000    1.00000      0.900    0    0    0    0    0    0    0    1
  zeroobjective    :          0       0.00       0.00          0          0          0    0.00000    0.12500   -1.00000    1.00000      0.900    0    0    0    0    0    0    0    1
  dins             :          0       0.00       0.00          0          0          0    0.00000    0.12500   -1.00000    1.00000      0.900    0    0    0    0    0    0    0    1
  trustregion      :          0       0.00       0.00          0          0          0    0.00000    0.00000   -1.00000    1.00000      0.900    0    0    0    0    0    0    0    0
LP                 :       Time      Calls Iterations  Iter/call   Iter/sec  Time-0-It Calls-0-It    ItLimit
  primal LP        :       1.42       2457          0       0.00       0.00       1.42       2457
  dual LP          :     662.60      29134    3907208     156.99    5896.80       3.15       4245
  lex dual LP      :       0.00          0          0       0.00          -
  barrier LP       :       0.00          0          0       0.00          -       0.00          0
  resolve instable :       0.00          0          0       0.00          -
  diving/probing LP:      38.07       3977     252611      63.52    6635.77
  strong branching :     113.12       8923     645060      72.29    5702.31          -          -       1416
    (at root node) :          -         54      17058     315.89          -
  conflict analysis:       4.72       2941      29186       9.92    6181.96
B&B Tree           :
  number of runs   :          2
  nodes            :      17990 (9219 internal, 8771 leaves)
  feasible leaves  :          5
  infeas. leaves   :       1929
  objective leaves :       6837
  nodes (total)    :      20529 (10877 internal, 9652 leaves)
  nodes left       :          0
  max depth        :         61
  max depth (total):         67
  backtracks       :       4751 (26.4%)
  early backtracks :          0 (0.0%)
  nodes exc. ref.  :          0 (0.0%)
  delayed cutoffs  :         12
  repropagations   :       4921 (3620 domain reductions, 0 cutoffs)
  avg switch length:       7.66
  switching time   :       7.24
Root Node          :
  First LP value   : +2.00232833266778e+05
  First LP Iters   :       1412 (13979.78 Iter/sec)
  First LP Time    :       0.10
  Final Dual Bound : +2.01353464162015e+05
  Final Root Iters :      17235
  Root LP Estimate : +2.01975333752271e+05
Solution           :
  Solutions found  :         75 (18 improvements)
  First Solution   : +2.03155720000000e+05   (in run 1, after 1 nodes, 0.18 seconds, depth 151, found by <locks>)
  Gap First Sol.   :   infinite
  Gap Last Sol.    :       0.04 %
  Primal Bound     : +2.01503391999853e+05   (in run 2, after 13869 nodes, 633.33 seconds, depth 31, found by <relaxation>)
  Dual Bound       : +2.01503391999853e+05
  Gap              :       0.00 %
Integrals          :      Total       Avg%
  primal-dual      :      81.06       0.09
  primal-ref       :          -          - (not evaluated)
  dual-ref         :          -          - (not evaluated)

 Branching Statistics...

 Total number of propagations -> 0

 Number of cutoffs of KnaCons -> 0

 Total number of variables fixed to 1 by the propagator -> 0

 Total number of variables fixed to 0 by the propagator -> 0

 Maximum number of rounds of the approximation algorithm -> 0

 Runtime of the exact algorithm -> 0.0000 s

 Total number of variables fixed to 1 in the exact algorithm -> 0

 Total number of variables fixed to 0 in the exact algorithm -> 0

 Number of cutoffs in the exact algorithm -> 0

 Number of cutoffs in the approximation algorithm -> 0

 PS:  
