Set parameter TimeLimit to value 14400
Set parameter Threads to value 1
Set parameter MIPGap to value 0
Set parameter OutputFlag to value 1
Set parameter PreCrush to value 1
Gurobi Optimizer version 12.0.3 build v12.0.3rc0 (linux64 - "CentOS Linux 7 (Core)")

CPU model: Intel(R) Xeon(R) Gold 6230R CPU @ 2.10GHz, instruction set [SSE2|AVX|AVX2|AVX512]
Thread count: 52 physical cores, 52 logical processors, using up to 1 threads

Non-default parameters:
TimeLimit  14400
MIPGap  0
PreCrush  1
Threads  1

Optimize a model with 30151 rows, 8150 columns and 70997 nonzeros
Model fingerprint: 0x74dd25c1
Variable types: 5150 continuous, 3000 integer (3000 binary)
Coefficient statistics:
  Matrix range     [2e-04, 5e+01]
  Objective range  [8e-01, 1e+00]
  Bounds range     [6e+01, 2e+02]
  RHS range        [1e-01, 3e+02]
Found heuristic solution: objective 8222.5525641
Presolve removed 150 rows and 5900 columns
Presolve time: 0.21s
Presolved: 30001 rows, 2250 columns, 62150 nonzeros
Found heuristic solution: objective 7443.1878550
Variable types: 100 continuous, 2150 integer (2150 binary)
Root relaxation presolved: 30001 rows, 2250 columns, 62150 nonzeros


Root relaxation: objective 6.664926e+03, 5162 iterations, 1.61 seconds (1.31 work units)

    Nodes    |    Current Node    |     Objective Bounds      |     Work
 Expl Unexpl |  Obj  Depth IntInf | Incumbent    BestBd   Gap | It/Node Time

     0     0 6664.92601    0  911 7443.18785 6664.92601  10.5%     -    2s
H    0     0                    7050.1065344 6664.92601  5.46%     -    2s
H    0     0                    7050.0333653 6664.92601  5.46%     -    2s
H    0     0                    7049.9050565 6664.92601  5.46%     -    2s
H    0     0                    7049.2419377 6664.92601  5.45%     -    2s
     0     0 6802.38330    0  715 7049.24194 6802.38330  3.50%     -    5s
H    0     0                    7046.9733913 6802.68578  3.47%     -    5s
     0     0 6854.53553    0  674 7046.97339 6854.53553  2.73%     -    5s
     0     0 6894.72372    0  715 7046.97339 6894.72372  2.16%     -    5s
     0     0 6920.01898    0  714 7046.97339 6920.01898  1.80%     -    6s
     0     0 6937.22595    0  723 7046.97339 6937.22595  1.56%     -    6s
     0     0 6948.86148    0  708 7046.97339 6948.86148  1.39%     -    7s
     0     0 6956.49859    0  731 7046.97339 6956.49859  1.28%     -    7s
     0     0 6962.71223    0  728 7046.97339 6962.71223  1.20%     -    8s
     0     0 6967.08883    0  758 7046.97339 6967.08883  1.13%     -    9s
     0     0 6971.07777    0  756 7046.97339 6971.07777  1.08%     -   10s
     0     0 6974.10159    0  773 7046.97339 6974.10159  1.03%     -   10s
     0     0 6976.42802    0  789 7046.97339 6976.42802  1.00%     -   12s
     0     0 6978.59994    0  797 7046.97339 6978.59994  0.97%     -   13s
     0     0 6981.02163    0  813 7046.97339 6981.02163  0.94%     -   14s
     0     0 6983.08556    0  825 7046.97339 6983.08556  0.91%     -   15s
     0     0 6984.65716    0  820 7046.97339 6984.65716  0.88%     -   17s
     0     0 6985.87168    0  841 7046.97339 6985.87168  0.87%     -   18s
     0     0 6987.37417    0  844 7046.97339 6987.37417  0.85%     -   20s
     0     0 6988.36040    0  836 7046.97339 6988.36040  0.83%     -   21s
     0     0 6989.30866    0  852 7046.97339 6989.30866  0.82%     -   23s
     0     0 6989.97301    0  876 7046.97339 6989.97301  0.81%     -   24s
     0     0 6990.62858    0  888 7046.97339 6990.62858  0.80%     -   26s
     0     0 6991.24193    0  882 7046.97339 6991.24193  0.79%     -   28s
     0     0 6991.71610    0  882 7046.97339 6991.71610  0.78%     -   29s
     0     0 6992.07289    0  890 7046.97339 6992.07289  0.78%     -   31s
     0     0 6992.36305    0  893 7046.97339 6992.36305  0.77%     -   32s
     0     0 6992.68261    0  887 7046.97339 6992.68261  0.77%     -   33s
     0     0 6992.95206    0  893 7046.97339 6992.95206  0.77%     -   34s
     0     0 6993.14966    0  900 7046.97339 6993.14966  0.76%     -   36s
     0     0 6993.29123    0  900 7046.97339 6993.29123  0.76%     -   37s
     0     0 6993.38335    0  893 7046.97339 6993.38335  0.76%     -   38s
     0     0 6993.43423    0  886 7046.97339 6993.43423  0.76%     -   40s
     0     0 6993.46119    0  815 7046.97339 6993.46119  0.76%     -   41s
     0     0 6993.46866    0  833 7046.97339 6993.46866  0.76%     -   42s
H    0     0                    6994.2702689 6993.46867  0.01%     -   42s
H    0     0                    6993.4830047 6993.46867  0.00%     -   42s
     0     0 6993.47140    0   32 6993.48300 6993.47140  0.00%     -   42s
     0     0 6993.47140    0    8 6993.48300 6993.47140  0.00%     -   43s
     0     0 6993.47140    0    5 6993.48300 6993.47140  0.00%     -   43s
     0     0 infeasible    0      6993.48300 6993.48300  0.00%     -   43s

Explored 1 nodes (40168 simplex iterations) in 43.01 seconds (45.87 work units)
Thread count was 1 (of 52 available processors)

Solution count 10: 6993.48 7013.06 7016.06 ... 7443.19

Optimal solution found (tolerance 0.00e+00)
Best objective 6.993483004683e+03, best bound 6.993483004683e+03, gap 0.0000%

User-callback calls 1782, time in user-callback 1.60 sec
Instance: data/CCRPData/50-100-3000-4.ccrp
Setting: BASE
Epsilon: 0.1
Dimension: 100
NumScenario: 3000
NumAggScenario: 3000
BasicNumScenario: 2150
NumBasicDomIneqs: 0
NumNonReDomIneqs: 0
NumEdge:        106379
NumBiEdge:      0
NumDomIneqs:    106379
DominanceRatio: 0.0236
MixingCuts: on
MixingScope: root
DominanceLazy: 0
TerminationStatus: OPTIMAL
PrimalStatus: FEASIBLE_POINT
RawStatus: Model was solved to optimality (subject to tolerances), and an optimal solution is available.
SolvingTime: 43.011749029159546
NodeCount: 1
MixingCutsSubmitted: 3498
ObjectiveValue: 6993.483004682944
ObjectiveBound: 6993.483004682944
RelativeGap: 0.0
