***************************************
*         SCIP-based CCP Solver       *
*                                     *
*    Wei Lv and Wei-Kun Chen (2024)   *
***************************************
/share/home/wangzhaowei/lvwei/scipoptsuite-9.1.0/build/bin/examples/ccp -f CCMPPData/150-2000-4.ccmpp -s CCMPPSetting/DB-OPF2.set 
SCIP version 9.1.0 [precision: 8 byte] [memory: block] [mode: optimized] [LP solver: Soplex 7.1.0] [GitHash: 8cab0278ba]
Copyright (c) 2002-2024 Zuse Institute Berlin (ZIB)

External libraries: 
  Soplex 7.1.0         Linear Programming Solver developed at Zuse Institute Berlin (soplex.zib.de) [GitHash: 595bfac9]
  CppAD 20180000.0     Algorithmic Differentiation of C++ algorithms developed by B. Bell (github.com/coin-or/CppAD)
  ZLIB 1.2.7           General purpose compression library by J. Gailly and M. Adler (zlib.net)
  GMP 6.0.0            GNU Multiple Precision Arithmetic Library developed by T. Granlund (gmplib.org)
  AMPL/MP 690e9e7      AMPL .nl file reader library (github.com/ampl/mp)
  PaPILO 2.3.0         parallel presolve for integer and linear optimization (github.com/scipopt/papilo) (built with TBB) [GitHash: 4b8ce6ed]
  Nauty 2.8.8          Computing Graph Automorphism Groups by Brendan D. McKay (users.cecs.anu.edu.au/~bdm/nauty)
  sassy 1.1            Symmetry preprocessor by Markus Anders (github.com/markusa4/sassy)

reading user parameter file <CCMPPSetting/DB-OPF2.set>

read problem <CCMPPData/150-2000-4.ccmpp>
============

File name: 	CCMPPData/150-2000-4.ccmpp
Problem name:	150-2000-4
Dimension: 	150
NumScenario: 	2000
ConfidenceParameter: 	0.20
IsEqualProbability: 	1
BnC+MIX+DI: 	0
BnC+MIX+sDI: 	0
DB: 	0
DB+OPF: 	1
Dominance and Aggregation Statistics......
NumEdge:        0
NumBiEdge: 	0
NumDomIneqs: 	0
DominanceRatio: 0.0000
NumAggScenario: 2000 
BasicNumScenario: 2000 
Propagator Statistics......
NumBasicDomIneqs: 0
NumNonReDomIneqs: 0
Duration: 0.0900 s 

original problem has 2750 variables (2000 bin, 0 int, 0 impl, 750 cont) and 60602 constraints

solve problem
=============

presolving:
(round 1, fast)       4 del vars, 401 del conss, 0 add conss, 150 chg bounds, 0 chg sides, 0 chg coeffs, 0 upgd conss, 0 impls, 0 clqs
   (0.3s) running MILP presolver
   (0.3s) MILP presolver (3 rounds): 152 aggregations, 3 fixings, 69 bound changes
(round 2, medium)     159 del vars, 401 del conss, 0 add conss, 219 chg bounds, 0 chg sides, 0 chg coeffs, 0 upgd conss, 0 impls, 0 clqs
(round 3, fast)       159 del vars, 553 del conss, 0 add conss, 219 chg bounds, 0 chg sides, 0 chg coeffs, 0 upgd conss, 0 impls, 0 clqs
(round 4, exhaustive) 159 del vars, 553 del conss, 0 add conss, 219 chg bounds, 0 chg sides, 0 chg coeffs, 59604 upgd conss, 0 impls, 0 clqs
   (9.7s) probing: 1000/2000 (50.0%) - 0 fixings, 0 aggregations, 28040 implications, 0 bound changes
   (9.7s) probing: 1001/2000 (50.0%) - 0 fixings, 0 aggregations, 28066 implications, 0 bound changes
   (9.7s) probing aborted: 1000/1000 successive useless probings
   (9.9s) symmetry computation started: requiring (bin +, int +, cont +), (fixed: bin -, int -, cont -)
   Symmetry detection interrupted: constraints of type chancecons do not provide symmetry information.
   If symmetries shall be detected, implement the CONSGETPERMSYMGRAPH callback.
   (9.9s) could not compute symmetry
presolving (5 rounds: 5 fast, 3 medium, 2 exhaustive):
 159 deleted vars, 553 deleted constraints, 0 added constraints, 219 tightened bounds, 0 added holes, 0 changed sides, 0 changed coefficients
 87669 implications, 0 cliques
presolved problem has 2591 variables (2000 bin, 0 int, 0 impl, 591 cont) and 60049 constraints
      1 constraints of type <chancecons>
  59603 constraints of type <varbound>
      1 constraints of type <knapsack>
    444 constraints of type <linear>
Presolving Time: 9.74

 time | node  | left  |LP iter|LP it/n|mem/heur|mdpt |vars |cons |rows |cuts |sepa|confs|strbr|  dualbound   | primalbound  |  gap   | compl. 
p12.3s|     1 |     0 |   309 |     - | vbounds|   0 |2591 |  60k|  60k|   0 |  0 |   0 |   0 | 0.000000e+00 | 1.064352e+06 |    Inf | unknown
 34.3s|     1 |     0 | 13756 |     - |   430M |   0 |2591 |  60k|  60k|   0 |  0 |   1 |   0 | 1.033082e+06 | 1.064352e+06 |   3.03%| unknown
 36.0s|     1 |     0 | 14346 |     - |   437M |   0 |2591 |  60k|  60k|  88 |  1 |   1 |   0 | 1.033502e+06 | 1.064352e+06 |   2.99%| unknown
 37.3s|     1 |     0 | 15065 |     - |   444M |   0 |2591 |  60k|  60k| 188 |  2 |   1 |   0 | 1.033841e+06 | 1.064352e+06 |   2.95%| unknown
 38.9s|     1 |     0 | 15533 |     - |   450M |   0 |2591 |  60k|  60k| 296 |  3 |   1 |   0 | 1.034067e+06 | 1.064352e+06 |   2.93%| unknown
 40.6s|     1 |     0 | 16095 |     - |   457M |   0 |2591 |  60k|  60k| 399 |  4 |   1 |   0 | 1.034225e+06 | 1.064352e+06 |   2.91%| unknown
 42.3s|     1 |     0 | 16718 |     - |   463M |   0 |2591 |  60k|  60k| 504 |  5 |   1 |   0 | 1.034366e+06 | 1.064352e+06 |   2.90%| unknown
 44.1s|     1 |     0 | 17400 |     - |   471M |   0 |2591 |  60k|  60k| 615 |  6 |   1 |   0 | 1.034570e+06 | 1.064352e+06 |   2.88%| unknown
 46.3s|     1 |     0 | 18367 |     - |   478M |   0 |2591 |  60k|  60k| 714 |  7 |   1 |   0 | 1.034719e+06 | 1.064352e+06 |   2.86%| unknown
 48.2s|     1 |     0 | 19083 |     - |   484M |   0 |2591 |  60k|  60k| 832 |  8 |   1 |   0 | 1.034857e+06 | 1.064352e+06 |   2.85%| unknown
 50.3s|     1 |     0 | 19929 |     - |   491M |   0 |2591 |  60k|  60k| 945 |  9 |   1 |   0 | 1.035058e+06 | 1.064352e+06 |   2.83%| unknown
 53.0s|     1 |     0 | 21211 |     - |   497M |   0 |2591 |  60k|  61k|1061 | 10 |   1 |   0 | 1.035270e+06 | 1.064352e+06 |   2.81%| unknown
 54.6s|     1 |     0 | 22197 |     - |   503M |   0 |2591 |  60k|  61k|1207 | 11 |   1 |   0 | 1.035382e+06 | 1.064352e+06 |   2.80%| unknown
 56.3s|     1 |     0 | 23305 |     - |   510M |   0 |2591 |  60k|  61k|1355 | 12 |   1 |   0 | 1.035490e+06 | 1.064352e+06 |   2.79%| unknown
 58.7s|     1 |     0 | 24873 |     - |   518M |   0 |2591 |  60k|  61k|1501 | 13 |   1 |   0 | 1.035621e+06 | 1.064352e+06 |   2.77%| unknown
 time | node  | left  |LP iter|LP it/n|mem/heur|mdpt |vars |cons |rows |cuts |sepa|confs|strbr|  dualbound   | primalbound  |  gap   | compl. 
 60.7s|     1 |     0 | 26093 |     - |   524M |   0 |2591 |  60k|  61k|1649 | 14 |   1 |   0 | 1.035734e+06 | 1.064352e+06 |   2.76%| unknown
 62.9s|     1 |     0 | 27480 |     - |   531M |   0 |2591 |  60k|  61k|1812 | 15 |   1 |   0 | 1.035842e+06 | 1.064352e+06 |   2.75%| unknown
 64.8s|     1 |     0 | 28728 |     - |   537M |   0 |2591 |  60k|  61k|1944 | 16 |   1 |   0 | 1.035944e+06 | 1.064352e+06 |   2.74%| unknown
 67.8s|     1 |     0 | 30695 |     - |   544M |   0 |2591 |  60k|  62k|2077 | 17 |   1 |   0 | 1.036104e+06 | 1.064352e+06 |   2.73%| unknown
 70.5s|     1 |     0 | 32506 |     - |   550M |   0 |2591 |  60k|  62k|2235 | 18 |   1 |   0 | 1.036221e+06 | 1.064352e+06 |   2.71%| unknown
 73.6s|     1 |     0 | 34619 |     - |   558M |   0 |2591 |  60k|  62k|2369 | 19 |   1 |   0 | 1.036372e+06 | 1.064352e+06 |   2.70%| unknown
 76.3s|     1 |     0 | 36504 |     - |   564M |   0 |2591 |  60k|  62k|2514 | 20 |   1 |   0 | 1.036483e+06 | 1.064352e+06 |   2.69%| unknown
 79.8s|     1 |     0 | 38871 |     - |   565M |   0 |2591 |  60k|  62k|2670 | 21 |   1 |   0 | 1.036612e+06 | 1.064352e+06 |   2.68%| unknown
 83.1s|     1 |     0 | 41292 |     - |   565M |   0 |2591 |  60k|  62k|2836 | 22 |   1 |   0 | 1.036738e+06 | 1.064352e+06 |   2.66%| unknown
 86.3s|     1 |     0 | 43525 |     - |   566M |   0 |2591 |  60k|  62k|2997 | 23 |   1 |   0 | 1.036841e+06 | 1.064352e+06 |   2.65%| unknown
 90.4s|     1 |     0 | 46472 |     - |   566M |   0 |2591 |  60k|  62k|3167 | 24 |   1 |   0 | 1.036961e+06 | 1.064352e+06 |   2.64%| unknown
 95.0s|     1 |     0 | 49835 |     - |   567M |   0 |2591 |  60k|  63k|3328 | 25 |   1 |   0 | 1.037084e+06 | 1.064352e+06 |   2.63%| unknown
 99.3s|     1 |     0 | 52944 |     - |   568M |   0 |2591 |  60k|  63k|3504 | 26 |   1 |   0 | 1.037185e+06 | 1.064352e+06 |   2.62%| unknown
  104s|     1 |     0 | 56060 |     - |   570M |   0 |2591 |  60k|  63k|3693 | 27 |   1 |   0 | 1.037299e+06 | 1.064352e+06 |   2.61%| unknown
  108s|     1 |     0 | 58883 |     - |   570M |   0 |2591 |  60k|  63k|3864 | 28 |   1 |   0 | 1.037390e+06 | 1.064352e+06 |   2.60%| unknown
 time | node  | left  |LP iter|LP it/n|mem/heur|mdpt |vars |cons |rows |cuts |sepa|confs|strbr|  dualbound   | primalbound  |  gap   | compl. 
  113s|     1 |     0 | 62688 |     - |   571M |   0 |2591 |  60k|  63k|4034 | 29 |   1 |   0 | 1.037498e+06 | 1.064352e+06 |   2.59%| unknown
  117s|     1 |     0 | 65210 |     - |   572M |   0 |2591 |  60k|  63k|4228 | 30 |   1 |   0 | 1.037563e+06 | 1.064352e+06 |   2.58%| unknown
  121s|     1 |     0 | 68218 |     - |   573M |   0 |2591 |  60k|  63k|4395 | 31 |   1 |   0 | 1.037667e+06 | 1.064352e+06 |   2.57%| unknown
  126s|     1 |     0 | 71418 |     - |   574M |   0 |2591 |  60k|  63k|4583 | 32 |   1 |   0 | 1.037748e+06 | 1.064352e+06 |   2.56%| unknown
  129s|     1 |     0 | 73241 |     - |   575M |   0 |2591 |  60k|  63k|4791 | 33 |   1 |   0 | 1.037799e+06 | 1.064352e+06 |   2.56%| unknown
  133s|     1 |     0 | 76209 |     - |   575M |   0 |2591 |  60k|  63k|4961 | 34 |   1 |   0 | 1.037868e+06 | 1.064352e+06 |   2.55%| unknown
  138s|     1 |     0 | 79670 |     - |   575M |   0 |2591 |  60k|  63k|5114 | 35 |   1 |   0 | 1.037962e+06 | 1.064352e+06 |   2.54%| unknown
  145s|     1 |     0 | 84202 |     - |   575M |   0 |2591 |  60k|  64k|5320 | 36 |   1 |   0 | 1.038029e+06 | 1.064352e+06 |   2.54%| unknown
  152s|     1 |     0 | 89217 |     - |   576M |   0 |2591 |  60k|  64k|5481 | 37 |   1 |   0 | 1.038104e+06 | 1.064352e+06 |   2.53%| unknown
  159s|     1 |     0 | 93582 |     - |   576M |   0 |2591 |  60k|  64k|5667 | 38 |   1 |   0 | 1.038159e+06 | 1.064352e+06 |   2.52%| unknown
  167s|     1 |     0 | 99117 |     - |   576M |   0 |2591 |  60k|  63k|5811 | 39 |   1 |   0 | 1.038252e+06 | 1.064352e+06 |   2.51%| unknown
  175s|     1 |     0 |104423 |     - |   576M |   0 |2591 |  60k|  64k|5993 | 40 |   1 |   0 | 1.038310e+06 | 1.064352e+06 |   2.51%| unknown
  181s|     1 |     0 |108560 |     - |   576M |   0 |2591 |  60k|  64k|6082 | 41 |   1 |   0 | 1.038342e+06 | 1.064352e+06 |   2.50%| unknown
d 218s|     1 |     0 |145452 |     - |conflict|   0 |2591 |  60k|  64k|   0 | 41 |   1 |   0 | 1.038342e+06 | 1.064349e+06 |   2.50%| unknown
  218s|     1 |     0 |145453 |     - |   580M |   0 |2591 |  60k|  64k|6082 | 41 |   1 |   0 | 1.038342e+06 | 1.064349e+06 |   2.50%| unknown
 time | node  | left  |LP iter|LP it/n|mem/heur|mdpt |vars |cons |rows |cuts |sepa|confs|strbr|  dualbound   | primalbound  |  gap   | compl. 
  225s|     1 |     0 |149863 |     - |   580M |   0 |2591 |  60k|  64k|6213 | 42 |   1 |   0 | 1.038391e+06 | 1.064349e+06 |   2.50%| unknown
  227s|     1 |     0 |151284 |     - |   580M |   0 |2591 |  60k|  64k|6281 | 43 |   1 |   0 | 1.038393e+06 | 1.064349e+06 |   2.50%| unknown
  259s|     1 |     2 |151284 |     - |   580M |   0 |2591 |  60k|  64k|6281 | 43 |   1 |  21 | 1.038442e+06 | 1.064349e+06 |   2.49%| unknown
d 553s|     8 |     9 |217725 |14842.6 |fracdivi|   4 |2591 |  60k|  61k|   0 |  1 |   1 | 214 | 1.038618e+06 | 1.062971e+06 |   2.34%| unknown
d 827s|    16 |    17 |397871 |18936.3 |linesear|   6 |2591 |  60k|  61k|   0 |  1 |   2 | 272 | 1.038618e+06 | 1.062812e+06 |   2.33%| unknown
d 875s|    18 |    19 |438442 |19095.0 |linesear|   6 |2591 |  60k|  61k|   0 |  1 |   2 | 272 | 1.038655e+06 | 1.060357e+06 |   2.09%| unknown
d 922s|    21 |    22 |479713 |18294.3 |guideddi|   7 |2591 |  60k|  61k|   0 |  1 |   2 | 272 | 1.038655e+06 | 1.060169e+06 |   2.07%| unknown
d 952s|    24 |    25 |498284 |16715.5 |fracdivi|   7 |2591 |  60k|  61k|   0 |  1 |   2 | 287 | 1.038655e+06 | 1.060109e+06 |   2.07%| unknown
d1076s|    31 |    32 |620469 |16888.1 |guideddi|   7 |2591 |  60k|  61k|   0 |  1 |  72 | 287 | 1.038697e+06 | 1.059911e+06 |   2.04%| unknown
d1242s|    70 |    71 |753780 |9274.7 |guideddi|  29 |2591 |  60k|  62k|   0 |  1 |  74 | 327 | 1.038721e+06 | 1.059393e+06 |   1.99%| unknown
 1333s|   100 |   101 |837930 |7314.2 |   609M |  38 |2591 |  60k|  62k|7781 |  1 | 119 | 346 | 1.038721e+06 | 1.059393e+06 |   1.99%| unknown
 1420s|   200 |   147 |902467 |3963.0 |   625M |  80 |2591 |  60k|  63k|9213 |  1 | 173 | 416 | 1.038728e+06 | 1.059393e+06 |   1.99%| unknown
L1547s|   270 |   151 |977135 |3209.3 |crossove|  80 |2591 |  60k|  63k|  11k|  1 | 228 | 514 | 1.038728e+06 | 1.058879e+06 |   1.94%| unknown
 1648s|   300 |   173 |  1033k|3075.1 |   634M |  80 |2591 |  60k|  63k|  11k|  0 | 228 | 557 | 1.038983e+06 | 1.058879e+06 |   1.91%| unknown
 1937s|   400 |   213 |  1208k|2743.2 |   644M |  80 |2591 |  60k|  63k|  13k|  0 | 318 | 672 | 1.039186e+06 | 1.058879e+06 |   1.90%| unknown
 time | node  | left  |LP iter|LP it/n|mem/heur|mdpt |vars |cons |rows |cuts |sepa|confs|strbr|  dualbound   | primalbound  |  gap   | compl. 
 2224s|   500 |   259 |  1378k|2535.1 |   655M |  80 |2591 |  60k|  63k|  15k|  1 | 348 | 807 | 1.039386e+06 | 1.058879e+06 |   1.88%| unknown
 2404s|   600 |   285 |  1479k|2280.5 |   657M |  80 |2591 |  60k|  64k|  17k|  1 | 352 | 870 | 1.039411e+06 | 1.058879e+06 |   1.87%| unknown
 2778s|   700 |   331 |  1695k|2262.7 |   671M |  85 |2591 |  60k|  64k|  19k|  0 | 401 |1012 | 1.039533e+06 | 1.058879e+06 |   1.86%| unknown
 3061s|   800 |   349 |  1860k|2186.6 |   679M |  89 |2591 |  60k|  64k|  20k|  0 | 409 |1128 | 1.039552e+06 | 1.058879e+06 |   1.86%| unknown
 3409s|   900 |   401 |  2060k|2165.0 |   694M |  89 |2591 |  60k|  64k|  22k|  1 | 429 |1289 | 1.039654e+06 | 1.058879e+06 |   1.85%| unknown
 3942s|  1000 |   491 |  2358k|2246.6 |   707M |  90 |2591 |  60k|  62k|  23k|  1 | 430 |1497 | 1.039740e+06 | 1.058879e+06 |   1.84%| unknown
 4462s|  1100 |   591 |  2702k|2355.9 |   721M |  90 |2591 |  60k|  62k|  25k|  1 | 459 |1652 | 1.039799e+06 | 1.058879e+06 |   1.83%| unknown
 4940s|  1200 |   691 |  3011k|2416.4 |   738M |  90 |2591 |  60k|  62k|  28k|  1 | 484 |1838 | 1.039867e+06 | 1.058879e+06 |   1.83%| unknown
 5482s|  1300 |   791 |  3345k|2487.9 |   755M |  90 |2591 |  60k|  62k|  30k|  1 | 520 |2031 | 1.039918e+06 | 1.058879e+06 |   1.82%| unknown
 5913s|  1400 |   891 |  3658k|2533.6 |   766M |  90 |2591 |  60k|  62k|  32k|  1 | 527 |2102 | 1.039957e+06 | 1.058879e+06 |   1.82%| unknown
 6370s|  1500 |   991 |  3978k|2577.9 |   777M |  90 |2591 |  60k|  62k|  34k|  1 | 536 |2178 | 1.040008e+06 | 1.058879e+06 |   1.81%| unknown
 6812s|  1600 |  1091 |  4309k|2623.7 |   788M |  90 |2591 |  60k|  62k|  36k|  1 | 542 |2254 | 1.040039e+06 | 1.058879e+06 |   1.81%| unknown
 7336s|  1700 |  1191 |  4652k|2671.5 |   801M |  90 |2591 |  60k|  63k|  38k|  1 | 557 |2405 | 1.040077e+06 | 1.058879e+06 |   1.81%| unknown
 7789s|  1800 |  1291 |  4948k|2687.4 |   815M |  90 |2591 |  60k|  62k|  40k|  1 | 597 |2550 | 1.040124e+06 | 1.058879e+06 |   1.80%| unknown
 8284s|  1900 |  1391 |  5266k|2713.3 |   825M |  90 |2591 |  60k|  63k|  42k|  1 | 608 |2705 | 1.040162e+06 | 1.058879e+06 |   1.80%| unknown
 time | node  | left  |LP iter|LP it/n|mem/heur|mdpt |vars |cons |rows |cuts |sepa|confs|strbr|  dualbound   | primalbound  |  gap   | compl. 
 8765s|  2000 |  1491 |  5597k|2743.2 |   837M |  90 |2591 |  60k|  62k|  44k|  1 | 640 |2850 | 1.040194e+06 | 1.058879e+06 |   1.80%| unknown
 9257s|  2100 |  1591 |  5911k|2762.0 |   849M |  90 |2591 |  60k|  63k|  46k|  1 | 647 |3014 | 1.040219e+06 | 1.058879e+06 |   1.79%| unknown
 9738s|  2200 |  1691 |  6264k|2797.0 |   860M |  90 |2591 |  60k|  63k|  48k|  1 | 668 |3033 | 1.040257e+06 | 1.058879e+06 |   1.79%| unknown
  169m|  2300 |  1791 |  6579k|2812.4 |   881M |  90 |2591 |  60k|  62k|  51k|  1 | 682 |3034 | 1.040291e+06 | 1.058879e+06 |   1.79%| unknown
  176m|  2400 |  1891 |  6901k|2829.3 |   892M |  90 |2591 |  60k|  63k|  53k|  1 | 701 |3035 | 1.040325e+06 | 1.058879e+06 |   1.78%| unknown
  185m|  2500 |  1991 |  7255k|2857.7 |   901M |  90 |2591 |  60k|  62k|  55k|  2 | 731 |3078 | 1.040348e+06 | 1.058879e+06 |   1.78%| unknown
  193m|  2600 |  2091 |  7599k|2880.2 |   910M |  90 |2591 |  60k|  63k|  58k|  1 | 745 |3237 | 1.040375e+06 | 1.058879e+06 |   1.78%| unknown
  202m|  2700 |  2191 |  7925k|2894.4 |   923M |  90 |2591 |  60k|  62k|  60k|  1 | 748 |3366 | 1.040415e+06 | 1.058879e+06 |   1.77%| unknown
  209m|  2800 |  2291 |  8232k|2900.4 |   937M |  90 |2591 |  60k|  63k|  63k|  1 | 760 |3515 | 1.040440e+06 | 1.058879e+06 |   1.77%| unknown
  218m|  2900 |  2391 |  8557k|2912.5 |   978M |  90 |2591 |  60k|  63k|  65k|  1 | 772 |3598 | 1.040469e+06 | 1.058879e+06 |   1.77%| unknown
  225m|  3000 |  2491 |  8884k|2924.5 |   989M |  90 |2591 |  60k|  63k|  67k|  2 | 778 |3617 | 1.040498e+06 | 1.058879e+06 |   1.77%| unknown
  232m|  3100 |  2591 |  9195k|2930.6 |  1000M |  90 |2591 |  60k|  63k|  70k|  1 | 793 |3630 | 1.040527e+06 | 1.058879e+06 |   1.76%| unknown
  238m|  3200 |  2691 |  9521k|2940.7 |  1011M |  90 |2591 |  60k|  63k|  72k|  1 | 804 |3630 | 1.040545e+06 | 1.058879e+06 |   1.76%| unknown

SCIP Status        : solving was interrupted [time limit reached]
Solving Time (sec) : 14400.00
Solving Nodes      : 3224
Primal Bound       : +1.05887920200000e+06 (46 solutions)
Dual Bound         : +1.04056051604610e+06
Gap                : 1.76 %

primal solution (original space):
=================================

objective value:                          1058879.202
z#1                                                 1 	(obj:0)
z#6                                                 1 	(obj:0)
z#7                                                 1 	(obj:0)
z#15                                                1 	(obj:0)
z#20                                                1 	(obj:0)
z#22                                                1 	(obj:0)
z#23                                                1 	(obj:0)
z#27                                                1 	(obj:0)
z#28                                                1 	(obj:0)
z#29                                                1 	(obj:0)
z#31                                                1 	(obj:0)
z#32                                                1 	(obj:0)
z#35                                                1 	(obj:0)
z#37                                                1 	(obj:0)
z#41                                                1 	(obj:0)
z#45                                                1 	(obj:0)
z#48                                                1 	(obj:0)
z#50                                                1 	(obj:0)
z#51                                                1 	(obj:0)
z#61                                                1 	(obj:0)
z#67                                                1 	(obj:0)
z#69                                                1 	(obj:0)
z#73                                                1 	(obj:0)
z#76                                                1 	(obj:0)
z#83                                0.999999999999943 	(obj:0)
z#89                                                1 	(obj:0)
z#90                                                1 	(obj:0)
z#93                                                1 	(obj:0)
z#94                                                1 	(obj:0)
z#98                                                1 	(obj:0)
z#120                                               1 	(obj:0)
z#124                                               1 	(obj:0)
z#127                                               1 	(obj:0)
z#128                                               1 	(obj:0)
z#132                                               1 	(obj:0)
z#135                                               1 	(obj:0)
z#139                                               1 	(obj:0)
z#145                                               1 	(obj:0)
z#149                                               1 	(obj:0)
z#155                                               1 	(obj:0)
z#158                                               1 	(obj:0)
z#160                                               1 	(obj:0)
z#161                                1.00000000000045 	(obj:0)
z#167                                               1 	(obj:0)
z#168                                               1 	(obj:0)
z#177                                               1 	(obj:0)
z#178                                               1 	(obj:0)
z#190                                               1 	(obj:0)
z#192                                               1 	(obj:0)
z#196                                               1 	(obj:0)
z#201                                               1 	(obj:0)
z#203                                               1 	(obj:0)
z#211                               0.999999999999943 	(obj:0)
z#214                                               1 	(obj:0)
z#216                                               1 	(obj:0)
z#219                                               1 	(obj:0)
z#221                                               1 	(obj:0)
z#228                                               1 	(obj:0)
z#231                                               1 	(obj:0)
z#241                                               1 	(obj:0)
z#243                                               1 	(obj:0)
z#246                                               1 	(obj:0)
z#255                                               1 	(obj:0)
z#262                                               1 	(obj:0)
z#267                                               1 	(obj:0)
z#276                                               1 	(obj:0)
z#278                                               1 	(obj:0)
z#280                               0.999999999999261 	(obj:0)
z#283                                               1 	(obj:0)
z#292                                               1 	(obj:0)
z#303                                               1 	(obj:0)
z#304                                               1 	(obj:0)
z#308                                               1 	(obj:0)
z#311                                               1 	(obj:0)
z#313                                               1 	(obj:0)
z#318                                               1 	(obj:0)
z#339                                               1 	(obj:0)
z#342                                               1 	(obj:0)
z#353                                               1 	(obj:0)
z#354                                               1 	(obj:0)
z#363                                               1 	(obj:0)
z#364                                               1 	(obj:0)
z#376                                               1 	(obj:0)
z#378                                               1 	(obj:0)
z#390                                               1 	(obj:0)
z#391                                               1 	(obj:0)
z#408                                               1 	(obj:0)
z#409                                               1 	(obj:0)
z#417                                               1 	(obj:0)
z#423                                               1 	(obj:0)
z#424                                               1 	(obj:0)
z#428                                               1 	(obj:0)
z#436                                               1 	(obj:0)
z#442                                               1 	(obj:0)
z#446                                               1 	(obj:0)
z#451                                               1 	(obj:0)
z#453                                               1 	(obj:0)
z#455                                               1 	(obj:0)
z#463                                               1 	(obj:0)
z#466                                               1 	(obj:0)
z#470                                               1 	(obj:0)
z#471                                               1 	(obj:0)
z#484                                               1 	(obj:0)
z#493                                               1 	(obj:0)
z#496                                               1 	(obj:0)
z#498                                               1 	(obj:0)
z#502                                               1 	(obj:0)
z#509                                               1 	(obj:0)
z#515                                               1 	(obj:0)
z#520                                               1 	(obj:0)
z#521                                               1 	(obj:0)
z#529                                               1 	(obj:0)
z#530                                               1 	(obj:0)
z#532                                               1 	(obj:0)
z#533                                               1 	(obj:0)
z#535                                               1 	(obj:0)
z#541                                               1 	(obj:0)
z#545                                               1 	(obj:0)
z#551                                               1 	(obj:0)
z#556                                               1 	(obj:0)
z#559                                               1 	(obj:0)
z#572                                               1 	(obj:0)
z#578                                               1 	(obj:0)
z#584                                               1 	(obj:0)
z#590                                               1 	(obj:0)
z#593                                               1 	(obj:0)
z#598                                               1 	(obj:0)
z#603                                               1 	(obj:0)
z#607                                               1 	(obj:0)
z#609                                               1 	(obj:0)
z#610                                               1 	(obj:0)
z#614                                               1 	(obj:0)
z#619                                               1 	(obj:0)
z#622                                               1 	(obj:0)
z#623                                               1 	(obj:0)
z#629                                               1 	(obj:0)
z#638                                               1 	(obj:0)
z#642                                               1 	(obj:0)
z#650                                               1 	(obj:0)
z#655                                               1 	(obj:0)
z#670                                               1 	(obj:0)
z#673                                               1 	(obj:0)
z#686                                               1 	(obj:0)
z#688                                               1 	(obj:0)
z#692                                               1 	(obj:0)
z#697                                               1 	(obj:0)
z#698                                               1 	(obj:0)
z#699                                               1 	(obj:0)
z#700                                               1 	(obj:0)
z#701                                               1 	(obj:0)
z#705                                               1 	(obj:0)
z#716                                               1 	(obj:0)
z#721                                               1 	(obj:0)
z#722                                               1 	(obj:0)
z#728                                               1 	(obj:0)
z#732                                               1 	(obj:0)
z#737                                               1 	(obj:0)
z#747                               0.999999999999943 	(obj:0)
z#750                                               1 	(obj:0)
z#752                                               1 	(obj:0)
z#763                                               1 	(obj:0)
z#777                                               1 	(obj:0)
z#781                                               1 	(obj:0)
z#783                                               1 	(obj:0)
z#788                                               1 	(obj:0)
z#790                                               1 	(obj:0)
z#792                                               1 	(obj:0)
z#798                                               1 	(obj:0)
z#799                                               1 	(obj:0)
z#801                                               1 	(obj:0)
z#805                                               1 	(obj:0)
z#809                                               1 	(obj:0)
z#814                                               1 	(obj:0)
z#820                                               1 	(obj:0)
z#828                                1.00000000000045 	(obj:0)
z#831                                               1 	(obj:0)
z#833                                               1 	(obj:0)
z#834                                               1 	(obj:0)
z#841                                               1 	(obj:0)
z#843                                               1 	(obj:0)
z#845                                               1 	(obj:0)
z#847                                               1 	(obj:0)
z#856                                               1 	(obj:0)
z#858                                               1 	(obj:0)
z#861                                               1 	(obj:0)
z#874                                               1 	(obj:0)
z#876                                               1 	(obj:0)
z#877                                               1 	(obj:0)
z#878                                               1 	(obj:0)
z#879                                               1 	(obj:0)
z#888                                               1 	(obj:0)
z#891                                               1 	(obj:0)
z#896                                               1 	(obj:0)
z#909                                               1 	(obj:0)
z#930                                               1 	(obj:0)
z#933                                               1 	(obj:0)
z#935                                               1 	(obj:0)
z#937                                               1 	(obj:0)
z#942                                               1 	(obj:0)
z#943                                               1 	(obj:0)
z#945                                               1 	(obj:0)
z#947                                               1 	(obj:0)
z#950                                               1 	(obj:0)
z#955                                               1 	(obj:0)
z#958                                               1 	(obj:0)
z#969                                               1 	(obj:0)
z#971                                               1 	(obj:0)
z#974                                               1 	(obj:0)
z#976                                               1 	(obj:0)
z#981                                               1 	(obj:0)
z#983                                               1 	(obj:0)
z#986                                               1 	(obj:0)
z#987                                               1 	(obj:0)
z#988                                               1 	(obj:0)
z#993                                               1 	(obj:0)
z#998                                               1 	(obj:0)
z#1005                                              1 	(obj:0)
z#1008                                              1 	(obj:0)
z#1012                                              1 	(obj:0)
z#1014                                              1 	(obj:0)
z#1019                                              1 	(obj:0)
z#1021                                              1 	(obj:0)
z#1023                                              1 	(obj:0)
z#1030                                              1 	(obj:0)
z#1032                                              1 	(obj:0)
z#1040                                              1 	(obj:0)
z#1043                                              1 	(obj:0)
z#1046                                              1 	(obj:0)
z#1061                                              1 	(obj:0)
z#1066                                              1 	(obj:0)
z#1069                                              1 	(obj:0)
z#1070                                              1 	(obj:0)
z#1080                                              1 	(obj:0)
z#1081                                              1 	(obj:0)
z#1084                                              1 	(obj:0)
z#1097                                              1 	(obj:0)
z#1100                                              1 	(obj:0)
z#1106                                              1 	(obj:0)
z#1109                                              1 	(obj:0)
z#1110                                              1 	(obj:0)
z#1123                                              1 	(obj:0)
z#1125                                              1 	(obj:0)
z#1131                                              1 	(obj:0)
z#1134                                              1 	(obj:0)
z#1139                                              1 	(obj:0)
z#1149                                              1 	(obj:0)
z#1150                                              1 	(obj:0)
z#1161                                              1 	(obj:0)
z#1164                                              1 	(obj:0)
z#1170                                              1 	(obj:0)
z#1173                                              1 	(obj:0)
z#1188                                              1 	(obj:0)
z#1189                                              1 	(obj:0)
z#1191                                              1 	(obj:0)
z#1195                                              1 	(obj:0)
z#1201                                              1 	(obj:0)
z#1204                                              1 	(obj:0)
z#1214                                              1 	(obj:0)
z#1215                                              1 	(obj:0)
z#1216                                              1 	(obj:0)
z#1219                                              1 	(obj:0)
z#1220                                              1 	(obj:0)
z#1225                                              1 	(obj:0)
z#1234                                              1 	(obj:0)
z#1235                                              1 	(obj:0)
z#1237                                              1 	(obj:0)
z#1240                                              1 	(obj:0)
z#1242                                              1 	(obj:0)
z#1252                                              1 	(obj:0)
z#1253                                              1 	(obj:0)
z#1259                                              1 	(obj:0)
z#1271                                              1 	(obj:0)
z#1274                                              1 	(obj:0)
z#1277                                              1 	(obj:0)
z#1279                                              1 	(obj:0)
z#1289                                              1 	(obj:0)
z#1292                                              1 	(obj:0)
z#1296                                              1 	(obj:0)
z#1302                                              1 	(obj:0)
z#1306                                              1 	(obj:0)
z#1309                                              1 	(obj:0)
z#1311                                              1 	(obj:0)
z#1312                                              1 	(obj:0)
z#1320                                              1 	(obj:0)
z#1328                                              1 	(obj:0)
z#1343                                              1 	(obj:0)
z#1355                                              1 	(obj:0)
z#1363                                              1 	(obj:0)
z#1368                                              1 	(obj:0)
z#1370                                              1 	(obj:0)
z#1374                                              1 	(obj:0)
z#1376                                              1 	(obj:0)
z#1379                                              1 	(obj:0)
z#1387                                              1 	(obj:0)
z#1396                                              1 	(obj:0)
z#1414                                              1 	(obj:0)
z#1426                                              1 	(obj:0)
z#1428                                              1 	(obj:0)
z#1430                                              1 	(obj:0)
z#1456                                              1 	(obj:0)
z#1458                                              1 	(obj:0)
z#1459                                              1 	(obj:0)
z#1460                                              1 	(obj:0)
z#1461                                              1 	(obj:0)
z#1463                                              1 	(obj:0)
z#1472                                              1 	(obj:0)
z#1476                                              1 	(obj:0)
z#1484                                              1 	(obj:0)
z#1485                                              1 	(obj:0)
z#1490                                              1 	(obj:0)
z#1496                                              1 	(obj:0)
z#1503                                              1 	(obj:0)
z#1504                                              1 	(obj:0)
z#1506                                              1 	(obj:0)
z#1516                                              1 	(obj:0)
z#1517                                              1 	(obj:0)
z#1526                                              1 	(obj:0)
z#1530                                              1 	(obj:0)
z#1531                                              1 	(obj:0)
z#1533                                              1 	(obj:0)
z#1536                                              1 	(obj:0)
z#1537                                              1 	(obj:0)
z#1539                                              1 	(obj:0)
z#1557                                              1 	(obj:0)
z#1570                                              1 	(obj:0)
z#1574                                              1 	(obj:0)
z#1575                                              1 	(obj:0)
z#1585                                              1 	(obj:0)
z#1593                                              1 	(obj:0)
z#1613                                              1 	(obj:0)
z#1614                                              1 	(obj:0)
z#1617                                              1 	(obj:0)
z#1618                                              1 	(obj:0)
z#1622                                              1 	(obj:0)
z#1623                                              1 	(obj:0)
z#1633                                              1 	(obj:0)
z#1638                                              1 	(obj:0)
z#1644                                              1 	(obj:0)
z#1649                                              1 	(obj:0)
z#1653                                              1 	(obj:0)
z#1656                                              1 	(obj:0)
z#1674                                              1 	(obj:0)
z#1690                                              1 	(obj:0)
z#1691                                              1 	(obj:0)
z#1695                                              1 	(obj:0)
z#1698                                              1 	(obj:0)
z#1709                                              1 	(obj:0)
z#1719                                              1 	(obj:0)
z#1720                                              1 	(obj:0)
z#1732                                              1 	(obj:0)
z#1742                                              1 	(obj:0)
z#1750                                              1 	(obj:0)
z#1754                                              1 	(obj:0)
z#1755                                              1 	(obj:0)
z#1757                                              1 	(obj:0)
z#1767                                              1 	(obj:0)
z#1771                                              1 	(obj:0)
z#1775                                              1 	(obj:0)
z#1778                                              1 	(obj:0)
z#1780                                              1 	(obj:0)
z#1792                                              1 	(obj:0)
z#1796                                              1 	(obj:0)
z#1797                                              1 	(obj:0)
z#1801                                              1 	(obj:0)
z#1802                                              1 	(obj:0)
z#1819                                              1 	(obj:0)
z#1821                                              1 	(obj:0)
z#1825                                              1 	(obj:0)
z#1840                                              1 	(obj:0)
z#1844                                              1 	(obj:0)
z#1846                                              1 	(obj:0)
z#1849                                              1 	(obj:0)
z#1854                                              1 	(obj:0)
z#1869                                              1 	(obj:0)
z#1872                                              1 	(obj:0)
z#1877                                              1 	(obj:0)
z#1881                                              1 	(obj:0)
z#1882                                              1 	(obj:0)
z#1888                                              1 	(obj:0)
z#1889                                              1 	(obj:0)
z#1891                                              1 	(obj:0)
z#1892                                              1 	(obj:0)
z#1899                                              1 	(obj:0)
z#1905                                              1 	(obj:0)
z#1915                                              1 	(obj:0)
z#1916                                              1 	(obj:0)
z#1919                                              1 	(obj:0)
z#1927                                              1 	(obj:0)
z#1930                                              1 	(obj:0)
z#1939                                              1 	(obj:0)
z#1940                                              1 	(obj:0)
z#1957                                              1 	(obj:0)
z#1959                                              1 	(obj:0)
z#1963                                              1 	(obj:0)
z#1966                                              1 	(obj:0)
z#1969                                              1 	(obj:0)
z#1971                                              1 	(obj:0)
z#1979                                              1 	(obj:0)
z#1980                                              1 	(obj:0)
z#1999                                              1 	(obj:0)
y#63                                            136.2 	(obj:110)
y#78                                                1 	(obj:126)
y#79                                 66.3799999999836 	(obj:125)
x#0                                             389.8 	(obj:285)
x#1                                            42.653 	(obj:174)
x#2                                  48.8710000000001 	(obj:122)
x#5                                  10.8389999999999 	(obj:154)
x#6                                             152.9 	(obj:106)
x#11                                 36.4740000000002 	(obj:119)
x#15                                          437.134 	(obj:185)
x#17                                           52.366 	(obj:172)
x#19                                 1.39900000000034 	(obj:177)
x#20                                          157.993 	(obj:149)
x#22                                 47.9140000000007 	(obj:114)
x#27                                 1.13399999999956 	(obj:154)
x#30                                 437.656999999999 	(obj:114)
x#32                                 52.5750000000003 	(obj:107)
x#33                                 159.979999999999 	(obj:115)
x#37                                 48.0150000000021 	(obj:110)
x#38                               0.0870000000001028 	(obj:110)
x#42                                 1.25999999999954 	(obj:149)
x#45                                 437.715999999999 	(obj:126)
x#47                                 50.5980000000005 	(obj:136)
x#48                                 161.999999999998 	(obj:107)
x#49                                  48.373000000003 	(obj:156)
x#55                              0.00699999999983447 	(obj:198)
x#56                                 439.002999999998 	(obj:136)
x#62                                 57.4029999999989 	(obj:150)
x#64                                 67.3789999999832 	(obj:117)
x#68                                0.010000000000673 	(obj:178)
x#71                                 439.003999999998 	(obj:167)
x#73                                 136.201999999999 	(obj:149)
x#76                                 56.4029999999989 	(obj:141)
x#80                                                1 	(obj:164)
x#83                                 439.015000000018 	(obj:115)
x#87                                 258.984999999982 	(obj:108)
x#91                                                1 	(obj:134)
x#98                                              699 	(obj:125)
x#107                                               1 	(obj:146)
x#112                                             699 	(obj:110)
x#122                                               1 	(obj:133)
x#126                                             699 	(obj:104)
x#137                                               1 	(obj:128)
x#141                                             699 	(obj:124)
y#0                                             133.2 	(obj:165)
y#1                                  5.79999999999998 	(obj:105)
y#39                                0.139999999999759 	(obj:108)
y#41                               0.0560000000002674 	(obj:101)
u#0                                             389.8 	(obj:0)
u#1                                           432.453 	(obj:0)
u#2                                           481.324 	(obj:0)
u#3                                           481.324 	(obj:0)
u#4                                           481.324 	(obj:0)
u#5                                           492.163 	(obj:0)
u#6                                           645.063 	(obj:0)
u#7                                           645.063 	(obj:0)
u#8                                           645.063 	(obj:0)
u#9                                           645.063 	(obj:0)
u#10                                          645.063 	(obj:0)
u#11                                          681.537 	(obj:0)
u#12                                          681.537 	(obj:0)
u#13                                          681.537 	(obj:0)
u#14                                          681.537 	(obj:0)
u#15                                          728.871 	(obj:0)
u#16                                          686.218 	(obj:0)
u#17                                          689.713 	(obj:0)
u#18                                          689.713 	(obj:0)
u#19                                          691.112 	(obj:0)
u#20                                          838.266 	(obj:0)
u#21                                          685.366 	(obj:0)
u#22                                 733.280000000001 	(obj:0)
u#23                                 733.280000000001 	(obj:0)
u#24                                 733.280000000001 	(obj:0)
u#25                                 733.280000000001 	(obj:0)
u#26                                          696.806 	(obj:0)
u#27                                           697.94 	(obj:0)
u#28                                           697.94 	(obj:0)
u#29                                           697.94 	(obj:0)
u#30                                          698.463 	(obj:0)
u#31                                          698.463 	(obj:0)
u#32                                          698.672 	(obj:0)
u#33                                 858.651999999999 	(obj:0)
u#34                                 857.252999999998 	(obj:0)
u#35                                 699.259999999998 	(obj:0)
u#36                                 699.259999999998 	(obj:0)
u#37                                          699.361 	(obj:0)
u#38                                          699.448 	(obj:0)
u#39                                          699.448 	(obj:0)
u#40                                          699.448 	(obj:0)
u#41                                          699.448 	(obj:0)
u#42                                          699.574 	(obj:0)
u#43                                          699.574 	(obj:0)
u#44                                          699.574 	(obj:0)
u#45                                          699.633 	(obj:0)
u#46                                          699.633 	(obj:0)
u#47                                          697.656 	(obj:0)
u#48                                 699.675999999999 	(obj:0)
u#49                                 748.049000000002 	(obj:0)
u#50                                 748.049000000002 	(obj:0)
u#51                                 748.049000000002 	(obj:0)
u#52                                          700.034 	(obj:0)
u#53                                          699.947 	(obj:0)
u#54                                          699.947 	(obj:0)
u#55                                          699.954 	(obj:0)
u#56                                         1138.957 	(obj:0)
u#57                                         1137.697 	(obj:0)
u#58                                         1137.697 	(obj:0)
u#59                                         1137.697 	(obj:0)
u#60                                          699.981 	(obj:0)
u#61                                          699.981 	(obj:0)
u#62                                 706.785999999998 	(obj:0)
u#63                                          544.786 	(obj:0)
u#64                                  563.79199999998 	(obj:0)
u#65                                  563.79199999998 	(obj:0)
u#66                                  563.79199999998 	(obj:0)
u#67                                          563.792 	(obj:0)
u#68                                 563.802000000001 	(obj:0)
u#69                                 563.802000000001 	(obj:0)
u#70                                 563.795000000001 	(obj:0)
u#71                                          563.796 	(obj:0)
u#72                                          563.796 	(obj:0)
u#73                                          699.998 	(obj:0)
u#74                                          699.998 	(obj:0)
u#75                                          699.998 	(obj:0)
u#76                                 756.400999999998 	(obj:0)
u#77                                          698.998 	(obj:0)
u#78                                          698.998 	(obj:0)
u#79                                 631.619000000016 	(obj:0)
u#80                                 632.619000000016 	(obj:0)
u#81                                 632.619000000016 	(obj:0)
u#82                                 632.618999999997 	(obj:0)
u#83                                 1071.62400000001 	(obj:0)
u#84                                 1071.62400000001 	(obj:0)
u#85                                 1071.62400000001 	(obj:0)
u#86                                 632.620000000016 	(obj:0)
u#87                                 891.604999999998 	(obj:0)
u#88                                 755.402999999999 	(obj:0)
u#89                                 755.402999999999 	(obj:0)
u#90                                 755.402999999999 	(obj:0)
u#91                                              700 	(obj:0)
u#92                                              700 	(obj:0)
u#93                                              700 	(obj:0)
u#94                                              700 	(obj:0)
u#95                                              699 	(obj:0)
u#96                                              699 	(obj:0)
u#97                                              699 	(obj:0)
u#98                                 958.984999999982 	(obj:0)
u#99                                 958.984999999982 	(obj:0)
u#100                                958.984999999982 	(obj:0)
u#101                                958.984999999982 	(obj:0)
u#102                                             700 	(obj:0)
u#103                                             700 	(obj:0)
u#104                                             700 	(obj:0)
u#105                                             700 	(obj:0)
u#106                                             699 	(obj:0)
u#107                                             700 	(obj:0)
u#108                                             700 	(obj:0)
u#109                                             700 	(obj:0)
u#110                                             700 	(obj:0)
u#111                                             700 	(obj:0)
u#112                                            1399 	(obj:0)
u#113                                             700 	(obj:0)
u#114                                             700 	(obj:0)
u#115                                             700 	(obj:0)
u#116                                             700 	(obj:0)
u#117                                             700 	(obj:0)
u#118                                             700 	(obj:0)
u#119                                             700 	(obj:0)
u#120                                             700 	(obj:0)
u#121                                             700 	(obj:0)
u#122                                             700 	(obj:0)
u#123                                             700 	(obj:0)
u#124                                             700 	(obj:0)
u#125                                             700 	(obj:0)
u#126                                            1399 	(obj:0)
u#127                                             700 	(obj:0)
u#128                                             700 	(obj:0)
u#129                                             700 	(obj:0)
u#130                                             700 	(obj:0)
u#131                                             700 	(obj:0)
u#132                                             700 	(obj:0)
u#133                                             700 	(obj:0)
u#134                                             700 	(obj:0)
u#135                                             700 	(obj:0)
u#136                                             700 	(obj:0)
u#137                                             700 	(obj:0)
u#138                                             700 	(obj:0)
u#139                                             700 	(obj:0)
u#140                                             700 	(obj:0)
u#141                                             700 	(obj:0)
u#142                                             700 	(obj:0)
u#143                                             700 	(obj:0)
u#144                                             700 	(obj:0)
u#145                                             700 	(obj:0)
u#146                                             700 	(obj:0)
u#147                                             700 	(obj:0)
u#148                                             700 	(obj:0)
u#149                                             700 	(obj:0)
v#0                                             133.2 	(obj:0)
v#1                                               139 	(obj:0)
v#2                                               139 	(obj:0)
v#3                                               139 	(obj:0)
v#4                                               139 	(obj:0)
v#5                                               139 	(obj:0)
v#6                                               139 	(obj:0)
v#7                                               139 	(obj:0)
v#8                                               139 	(obj:0)
v#9                                               139 	(obj:0)
v#10                                 5.79999999999998 	(obj:0)
v#39                                0.139999999999759 	(obj:0)
v#40                                0.139999999999759 	(obj:0)
v#41                                0.196000000000026 	(obj:0)
v#42                                0.196000000000026 	(obj:0)
v#43                                0.196000000000026 	(obj:0)
v#44                                0.196000000000026 	(obj:0)
v#45                                0.196000000000026 	(obj:0)
v#46                                0.196000000000026 	(obj:0)
v#47                                0.196000000000026 	(obj:0)
v#48                                0.196000000000026 	(obj:0)
v#49                               0.0560000000002674 	(obj:0)
v#50                               0.0560000000002674 	(obj:0)
v#63                                            136.2 	(obj:0)
v#64                                            136.2 	(obj:0)
v#65                                            136.2 	(obj:0)
v#66                                            136.2 	(obj:0)
v#67                                            136.2 	(obj:0)
v#68                                            136.2 	(obj:0)
v#69                                            136.2 	(obj:0)
v#70                                            136.2 	(obj:0)
v#71                                            136.2 	(obj:0)
v#72                                            136.2 	(obj:0)
v#78                                                1 	(obj:0)
v#79                                 67.3799999999836 	(obj:0)
v#80                                 67.3799999999836 	(obj:0)
v#81                                 67.3799999999836 	(obj:0)
v#82                                 67.3799999999836 	(obj:0)
v#83                                 67.3799999999837 	(obj:0)
v#84                                 67.3799999999836 	(obj:0)
v#85                                 67.3799999999836 	(obj:0)
v#86                                 67.3799999999836 	(obj:0)
v#87                                 67.3799999999836 	(obj:0)
v#88                                 66.3799999999836 	(obj:0)
w#0                                               523 	(obj:0)
w#1                                           571.453 	(obj:0)
w#2                                           620.324 	(obj:0)
w#3                                           620.324 	(obj:0)
w#4                                           620.324 	(obj:0)
w#5                                           631.163 	(obj:0)
w#6                                           784.063 	(obj:0)
w#7                                           784.063 	(obj:0)
w#8                                           784.063 	(obj:0)
w#9                                           784.063 	(obj:0)
w#10                                          650.863 	(obj:0)
w#11                                          681.537 	(obj:0)
w#12                                          681.537 	(obj:0)
w#13                                          681.537 	(obj:0)
w#14                                          681.537 	(obj:0)
w#15                                          728.871 	(obj:0)
w#16                                          686.218 	(obj:0)
w#17                                          689.713 	(obj:0)
w#18                                          689.713 	(obj:0)
w#19                                          691.112 	(obj:0)
w#20                                          838.266 	(obj:0)
w#21                                          685.366 	(obj:0)
w#22                                 733.280000000001 	(obj:0)
w#23                                 733.280000000001 	(obj:0)
w#24                                 733.280000000001 	(obj:0)
w#25                                 733.280000000001 	(obj:0)
w#26                                          696.806 	(obj:0)
w#27                                           697.94 	(obj:0)
w#28                                           697.94 	(obj:0)
w#29                                           697.94 	(obj:0)
w#30                                          698.463 	(obj:0)
w#31                                          698.463 	(obj:0)
w#32                                          698.672 	(obj:0)
w#33                                 858.651999999999 	(obj:0)
w#34                                 857.252999999998 	(obj:0)
w#35                                 699.259999999998 	(obj:0)
w#36                                 699.259999999998 	(obj:0)
w#37                                          699.361 	(obj:0)
w#38                                          699.448 	(obj:0)
w#39                                          699.588 	(obj:0)
w#40                                          699.588 	(obj:0)
w#41                                          699.644 	(obj:0)
w#42                                           699.77 	(obj:0)
w#43                                           699.77 	(obj:0)
w#44                                           699.77 	(obj:0)
w#45                                          699.829 	(obj:0)
w#46                                          699.829 	(obj:0)
w#47                                          697.852 	(obj:0)
w#48                                 699.871999999999 	(obj:0)
w#49                                 748.105000000003 	(obj:0)
w#50                                 748.105000000003 	(obj:0)
w#51                                 748.049000000002 	(obj:0)
w#52                                          700.034 	(obj:0)
w#53                                          699.947 	(obj:0)
w#54                                          699.947 	(obj:0)
w#55                                          699.954 	(obj:0)
w#56                                         1138.957 	(obj:0)
w#57                                         1137.697 	(obj:0)
w#58                                         1137.697 	(obj:0)
w#59                                         1137.697 	(obj:0)
w#60                                          699.981 	(obj:0)
w#61                                          699.981 	(obj:0)
w#62                                 706.785999999998 	(obj:0)
w#63                                          680.986 	(obj:0)
w#64                                  699.99199999998 	(obj:0)
w#65                                  699.99199999998 	(obj:0)
w#66                                  699.99199999998 	(obj:0)
w#67                                          699.992 	(obj:0)
w#68                                 700.002000000001 	(obj:0)
w#69                                 700.002000000001 	(obj:0)
w#70                                 699.995000000001 	(obj:0)
w#71                                          699.996 	(obj:0)
w#72                                          699.996 	(obj:0)
w#73                                          699.998 	(obj:0)
w#74                                          699.998 	(obj:0)
w#75                                          699.998 	(obj:0)
w#76                                 756.400999999998 	(obj:0)
w#77                                          698.998 	(obj:0)
w#78                                          699.998 	(obj:0)
w#79                                          698.999 	(obj:0)
w#80                                          699.999 	(obj:0)
w#81                                          699.999 	(obj:0)
w#82                                  699.99899999998 	(obj:0)
w#83                                         1139.004 	(obj:0)
w#84                                         1139.004 	(obj:0)
w#85                                         1139.004 	(obj:0)
w#86                                              700 	(obj:0)
w#87                                 958.984999999982 	(obj:0)
w#88                                 821.782999999983 	(obj:0)
w#89                                 755.402999999999 	(obj:0)
w#90                                 755.402999999999 	(obj:0)
w#91                                              700 	(obj:0)
w#92                                              700 	(obj:0)
w#93                                              700 	(obj:0)
w#94                                              700 	(obj:0)
w#95                                              699 	(obj:0)
w#96                                              699 	(obj:0)
w#97                                              699 	(obj:0)
w#98                                 958.984999999982 	(obj:0)
w#99                                 958.984999999982 	(obj:0)
w#100                                958.984999999982 	(obj:0)
w#101                                958.984999999982 	(obj:0)
w#102                                             700 	(obj:0)
w#103                                             700 	(obj:0)
w#104                                             700 	(obj:0)
w#105                                             700 	(obj:0)
w#106                                             699 	(obj:0)
w#107                                             700 	(obj:0)
w#108                                             700 	(obj:0)
w#109                                             700 	(obj:0)
w#110                                             700 	(obj:0)
w#111                                             700 	(obj:0)
w#112                                            1399 	(obj:0)
w#113                                             700 	(obj:0)
w#114                                             700 	(obj:0)
w#115                                             700 	(obj:0)
w#116                                             700 	(obj:0)
w#117                                             700 	(obj:0)
w#118                                             700 	(obj:0)
w#119                                             700 	(obj:0)
w#120                                             700 	(obj:0)
w#121                                             700 	(obj:0)
w#122                                             700 	(obj:0)
w#123                                             700 	(obj:0)
w#124                                             700 	(obj:0)
w#125                                             700 	(obj:0)
w#126                                            1399 	(obj:0)
w#127                                             700 	(obj:0)
w#128                                             700 	(obj:0)
w#129                                             700 	(obj:0)
w#130                                             700 	(obj:0)
w#131                                             700 	(obj:0)
w#132                                             700 	(obj:0)
w#133                                             700 	(obj:0)
w#134                                             700 	(obj:0)
w#135                                             700 	(obj:0)
w#136                                             700 	(obj:0)
w#137                                             700 	(obj:0)
w#138                                             700 	(obj:0)
w#139                                             700 	(obj:0)
w#140                                             700 	(obj:0)
w#141                                             700 	(obj:0)
w#142                                             700 	(obj:0)
w#143                                             700 	(obj:0)
w#144                                             700 	(obj:0)
w#145                                             700 	(obj:0)
w#146                                             700 	(obj:0)
w#147                                             700 	(obj:0)
w#148                                             700 	(obj:0)
w#149                                             700 	(obj:0)

Statistics
==========

SCIP Status        : solving was interrupted [time limit reached]
Total Time         :   14400.42
  solving          :   14400.00
  presolving       :       9.74 (included in solving)
  reading          :       0.42
  copying          :       0.71 (6 #copies) (minimal 0.08, maximal 0.13, average 0.12)
Original Problem   :
  Problem name     : 150-2000-4
  Variables        : 2750 (2000 binary, 0 integer, 0 implicit integer, 750 continuous)
  Constraints      : 60602 initial, 60602 maximal
  Objective        : minimize, 300 non-zeros (abs.min = 101, abs.max = 299)
Presolved Problem  :
  Problem name     : t_150-2000-4
  Variables        : 2591 (2000 binary, 0 integer, 0 implicit integer, 591 continuous)
  Constraints      : 60049 initial, 60102 maximal
  Objective        : minimize, 297 non-zeros (abs.min = 101, abs.max = 299)
  Nonzeros         : 125556 constraint, 0 clique table
Presolvers         :   ExecTime  SetupTime  Calls  FixedVars   AggrVars   ChgTypes  ChgBounds   AddHoles    DelCons    AddCons   ChgSides   ChgCoefs
  boundshift       :       0.00       0.00      0          0          0          0          0          0          0          0          0          0
  convertinttobin  :       0.00       0.00      0          0          0          0          0          0          0          0          0          0
  domcol           :       0.06       0.00      1          0          0          0          0          0          0          0          0          0
  dualagg          :       0.00       0.00      0          0          0          0          0          0          0          0          0          0
  dualcomp         :       0.03       0.00      1          0          0          0          0          0          0          0          0          0
  dualinfer        :       0.00       0.00      0          0          0          0          0          0          0          0          0          0
  dualsparsify     :       0.12       0.00      1          0          0          0          0          0          0          0          0          0
  gateextraction   :       0.00       0.00      0          0          0          0          0          0          0          0          0          0
  implics          :       0.00       0.00      3          0          0          0          0          0          0          0          0          0
  inttobinary      :       0.00       0.00      0          0          0          0          0          0          0          0          0          0
  milp             :       0.15       0.00      1          3        152          0         69          0          0          0          0          0
  qpkktref         :       0.00       0.00      0          0          0          0          0          0          0          0          0          0
  redvub           :       0.00       0.00      0          0          0          0          0          0          0          0          0          0
  sparsify         :       0.05       0.00      1          0          0          0          0          0          0          0          0          0
  stuffing         :       0.00       0.00      0          0          0          0          0          0          0          0          0          0
  trivial          :       0.00       0.00      5          0          0          0          0          0          0          0          0          0
  tworowbnd        :       0.00       0.00      0          0          0          0          0          0          0          0          0          0
  dualfix          :       0.00       0.00      5          0          0          0          0          0          0          0          0          0
  genvbounds       :       0.00       0.00      0          0          0          0          0          0          0          0          0          0
  probing          :       9.03       0.00      1          0          0          0          0          0          0          0          0          0
  pseudoobj        :       0.00       0.00      0          0          0          0          0          0          0          0          0          0
  symmetry         :       0.00       0.00      1          0          0          0          0          0          0          0          0          0
  vbounds          :       0.00       0.00      0          0          0          0          0          0          0          0          0          0
  chancecons       :       0.00       0.00      1          0          0          0          0          0          0          0          0          0
  varbound         :       0.08       0.00      2          0          0          0          0          0          0          0          0          0
  knapsack         :       0.00       0.00      3          0          0          0          0          0          0          0          0          0
  linear           :       0.19       0.02      7          0          4          0        150          0        553          0          0          0
  bounddisjunction :       0.00       0.00      0          0          0          0          0          0          0          0          0          0
  benders          :       0.00       0.00      0          0          0          0          0          0          0          0          0          0
  components       :       0.00       0.00      1          0          0          0          0          0          0          0          0          0
  root node        :          -          -      -          0          -          -       4061          -          -          -          -          -
Constraints        :     Number  MaxNumber  #Separate #Propagate    #EnfoLP    #EnfoRelax  #EnfoPS    #Check   #ResProp    Cutoffs    DomReds       Cuts    Applied      Conss   Children
  benderslp        :          0          0          0          0       3203          0          0        589          0          0          0          0          0          0          0
  chancecons       :          1          1        215     166362          0          0          0          0          0       1007      64740      21101       5596          0          0
  integral         :          0          0          0          0       3203          0          0        589          0          0       1505          0          0         13       5942
  varbound         :      59603      59603         42     168169          0          0          0        584     136180          0       1595          0          0          0          0
  knapsack         :          1          1         42     167985          0          0          0         48          0        404          0          0          0          0          0
  linear           :        444+       474         42     167771          0          0          0         49      10540        176     977762          0          0          0          0
  bounddisjunction :          0+        32          0       3068          0          0          0          0          0          0          0          0          0          0          0
  benders          :          0          0          0          0          0          0          0         47          0          0          0          0          0          0          0
  fixedvar         :          0          0          0          0          0          0          0         47          0          0          0          0          0          0          0
  countsols        :          0          0          0          0          0          0          0         47          0          0          0          0          0          0          0
  components       :          0          0          0          0          0          0          0          0          0          0          0          0          0          0          0
Constraint Timings :  TotalTime  SetupTime   Separate  Propagate     EnfoLP     EnfoPS     EnfoRelax   Check    ResProp    SB-Prop
  benderslp        :       0.00       0.00       0.00       0.00       0.00       0.00       0.00       0.00       0.00       0.00
  chancecons       :     289.52       0.00       1.03     250.24       0.00       0.00       0.00       0.00       0.00      38.25
  integral         :    2437.39       0.00       0.00       0.00    2437.39       0.00       0.00       0.00       0.00       0.00
  varbound         :      30.78       0.00       0.29      21.39       0.00       0.00       0.00       0.07       0.02       9.01
  knapsack         :       3.46       0.00       3.13       0.29       0.00       0.00       0.00       0.00       0.00       0.03
  linear           :      28.59       0.02       0.13      21.67       0.00       0.00       0.00       0.00       0.06       6.71
  bounddisjunction :       0.02       0.00       0.00       0.01       0.00       0.00       0.00       0.00       0.00       0.01
  benders          :       0.00       0.00       0.00       0.00       0.00       0.00       0.00       0.00       0.00       0.00
  fixedvar         :       0.00       0.00       0.00       0.00       0.00       0.00       0.00       0.00       0.00       0.00
  countsols        :       0.00       0.00       0.00       0.00       0.00       0.00       0.00       0.00       0.00       0.00
  components       :       0.01       0.00       0.00       0.01       0.00       0.00       0.00       0.00       0.00       0.00
Propagators        : #Propagate   #ResProp    Cutoffs    DomReds
  dualfix          :          8          0          0          0
  genvbounds       :          0          0          0          0
  nlobbt           :          0          0          0          0
  obbt             :          0          0          0          0
  probing          :          0          0          0          0
  pseudoobj        :      21558          0          0        297
  redcost          :       7279          0          0       4665
  rootredcost      :          9          0          0        820
  symmetry         :          0          0          0          0
  vbounds          :      64490          0          0          0
Propagator Timings :  TotalTime  SetupTime   Presolve  Propagate    ResProp    SB-Prop
  dualfix          :       0.00       0.00       0.00       0.00       0.00       0.00
  genvbounds       :       0.03       0.00       0.00       0.03       0.00       0.01
  nlobbt           :       0.00       0.00       0.00       0.00       0.00       0.00
  obbt             :       0.00       0.00       0.00       0.00       0.00       0.00
  probing          :       9.03       0.00       9.03       0.00       0.00       0.00
  pseudoobj        :       0.20       0.00       0.00       0.19       0.00       0.00
  redcost          :       0.23       0.00       0.00       0.22       0.00       0.01
  rootredcost      :       0.04       0.00       0.00       0.03       0.00       0.01
  symmetry         :       0.05       0.00       0.00       0.04       0.00       0.01
  vbounds          :       0.19       0.00       0.00       0.18       0.00       0.01
Symmetry           :
  orbitopal red.   :          0 reductions applied,          0 cutoffs
  orbital reduction:          0 reductions applied,          0 cutoffs
  lexicographic red:          0 reductions applied,          0 cutoffs
  shadow tree time :       0.00 s
Conflict Analysis  :       Time      Calls    Success    DomReds  Conflicts   Literals    Reconvs ReconvLits   Dualrays   Nonzeros   LP Iters   (pool size: [10000,10000])
  propagation      :       0.12        405        404          -       1073      138.5          0        0.0          -          -          -
  infeasible LP    :       0.00          0          0          -          0        0.0          0        0.0          0        0.0          0
  bound exceed. LP :       6.24        618        777          -        160      257.4          0        0.0        590       28.5       5140
  strong branching :       0.00          0          0          -          0        0.0          0        0.0          -          -          0
  pseudo solution  :       0.00          0          0          -          0        0.0          0        0.0          -          -          -
  applied globally :       0.10          -          -        534        180      170.4          -          -        590          -          -
  applied locally  :          -          -          -          0         56      415.8          -          -          0          -          -
Separators         :   ExecTime  SetupTime      Calls  RootCalls    Cutoffs    DomReds  FoundCuts ViaPoolAdd  DirectAdd    Applied ViaPoolApp  DirectApp      Conss
  cut pool         :       0.58          -        796         84          -          -      20256     375357          -          -          -          -          -    (maximal pool size:      19380)
  aggregation      :       1.51       0.00         49         42          0          0      19699     367989          0      66870      66870          0          0
  > cmir           :          -          -          -          -          -          -          -     367989          0      66870      66870          0          -
  > flowcover      :          -          -          -          -          -          -          -          0          0          0          0          0          -
  > knapsackcover  :          -          -          -          -          -          -          -          0          0          0          0          0          -
  cgmip            :       0.00       0.00          0          0          0          0          0          0          0          0          0          0          0
  clique           :       0.00       0.00          1          1          0          0          0          0          0          0          0          0          0
  closecuts        :       0.00       0.00          0          0          0          0          0          0          0          0          0          0          0
  convexproj       :       0.00       0.00          0          0          0          0          0          0          0          0          0          0          0
  disjunctive      :       0.00       0.00          0          0          0          0          0          0          0          0          0          0          0
  eccuts           :       0.00       0.00          0          0          0          0          0          0          0          0          0          0          0
  gauge            :       0.00       0.00          0          0          0          0          0          0          0          0          0          0          0
  gomory           :       6.29       0.00         17         10          0          0        557       7368          0        499        499          0          0
  > gomorymi       :          -          -          -          -          -          -          -       7368          0        499        499          0          -
  > strongcg       :          -          -          -          -          -          -          -          0          0          0          0          0          -
  impliedbounds    :       0.08       0.00         49         42          0          0          0          0          0          0          0          0          0
  interminor       :       0.00       0.00          0          0          0          0          0          0          0          0          0          0          0
  intobj           :       0.00       0.00          0          0          0          0          0          0          0          0          0          0          0
  lagromory        :       0.00       0.00          0          0          0          0          0          0          0          0          0          0          0
  mcf              :       0.01       0.00          1          1          0          0          0          0          0          0          0          0          0
  minor            :       0.00       0.00         10         10          0          0          0          0          0          0          0          0          0
  mixing           :       0.00       0.00          0          0          0          0          0          0          0          0          0          0          0
  oddcycle         :       0.00       0.00          0          0          0          0          0          0          0          0          0          0          0
  rapidlearning    :       0.00       0.00          0          0          0          0          0          0          0          0          0          0          0
  rlt              :       0.00       0.00         10         10          0          0          0          0          0          0          0          0          0
  zerohalf         :       0.10       0.00         27         20          0          0          0          0          0          0          0          0          0
Cutselectors       :   ExecTime  SetupTime      Calls  RootCalls   Selected     Forced   Filtered  RootSelec   RootForc   RootFilt 
  hybrid           :       1.09       0.00        748         43      72965          0     323493       6281          0      30869
  ensemble         :       0.00       0.00          0          0          0          0          0          0          0          0
  dynamic          :       0.00       0.00          0          0          0          0          0          0          0          0
Pricers            :   ExecTime  SetupTime      Calls       Vars
  problem variables:       0.00          -          0          0
Branching Rules    :   ExecTime  SetupTime   BranchLP  BranchExt   BranchPS    Cutoffs    DomReds       Cuts      Conss   Children
  allfullstrong    :       0.00       0.00          0          0          0          0          0          0          0          0
  cloud            :       0.00       0.00          0          0          0          0          0          0          0          0
  distribution     :       0.00       0.00          0          0          0          0          0          0          0          0
  fullstrong       :       0.00       0.00          0          0          0          0          0          0          0          0
  gomory           :       0.00       0.00          0          0          0          0          0          0          0          0
  inference        :       0.00       0.00          0          0          0          0          0          0          0          0
  leastinf         :       0.00       0.00          0          0          0          0          0          0          0          0
  lookahead        :       0.00       0.00          0          0          0          0          0          0          0          0
  mostinf          :       0.00       0.00          0          0          0          0          0          0          0          0
  multaggr         :       0.00       0.00          0          0          0          0          0          0          0          0
  nodereopt        :       0.00       0.00          0          0          0          0          0          0          0          0
  pscost           :       0.00       0.00          0          0          0          0          0          0          0          0
  random           :       0.00       0.00          0          0          0          0          0          0          0          0
  relpscost        :    2437.39       0.00       3203          0          0          0       1505          0         13       5942
  vanillafullstrong:       0.00       0.00          0          0          0          0          0          0          0          0
Primal Heuristics  :   ExecTime  SetupTime      Calls      Found       Best
  LP solutions     :       0.00          -          -          0          0
  relax solutions  :       0.00          -          -          0          0
  pseudo solutions :       0.00          -          -          0          0
  strong branching :       0.02          -          -          0          0
  actconsdiving    :       0.00       0.00          0          0          0
  adaptivediving   :     106.69       0.00          8          0          0
  alns             :       1.38       0.00          5          0          0
  bound            :       0.00       0.00          0          0          0
  clique           :       0.00       0.00          0          0          0
  coefdiving       :       0.00       0.00          0          0          0
  completesol      :       0.00       0.00          0          0          0
  conflictdiving   :     285.50       0.00         35          1          1
  crossover        :       4.06       0.00          2          1          1
  dins             :       0.00       0.00          0          0          0
  distributiondivin:     347.00       0.00         35          0          0
  dps              :       0.00       0.00          0          0          0
  dualval          :       0.00       0.00          0          0          0
  farkasdiving     :       0.00       0.00          0          0          0
  feaspump         :      19.31       0.00          1          1          0
  fixandinfer      :       0.00       0.00          0          0          0
  fracdiving       :     402.76       0.00         35          2          2
  gins             :       0.07       0.00          0          0          0
  guideddiving     :     461.88       0.00         35          3          3
  indicator        :       0.00       0.00          0          0          0
  indicatordiving  :       0.00       0.00          0          0          0
  intdiving        :       0.00       0.00          0          0          0
  intshifting      :     157.43       0.00         40          0          0
  linesearchdiving :     448.42       0.00         35          2          2
  localbranching   :       0.00       0.00          0          0          0
  locks            :       1.70       0.00          1          0          0
  lpface           :       0.00       0.00          0          0          0
  mpec             :       0.00       0.00          0          0          0
  multistart       :       0.00       0.00          0          0          0
  mutation         :       0.00       0.00          0          0          0
  nlpdiving        :       0.00       0.00          0          0          0
  objpscostdiving  :    1272.30       0.00         18         18          0
  octane           :       0.00       0.00          0          0          0
  ofins            :       0.00       0.00          0          0          0
  oneopt           :       0.06       0.00         10          0          0
  padm             :       0.00       0.00          0          0          0
  proximity        :       0.00       0.00          0          0          0
  pscostdiving     :     253.39       0.00         35          0          0
  randrounding     :      10.30       0.00        578          0          0
  rens             :       0.00       0.00          0          0          0
  reoptsols        :       0.00       0.00          0          0          0
  repair           :       0.00       0.00          0          0          0
  rins             :       0.02       0.00          0          0          0
  rootsoldiving    :     125.53       0.00         18         17          0
  rounding         :       1.53       0.00        826          0          0
  scheduler        :       0.00       0.00          0          0          0
  shiftandpropagate:       0.00       0.00          0          0          0
  shifting         :      25.47       0.00        399          0          0
  simplerounding   :       0.00       0.00          0          0          0
  subnlp           :       0.00       0.00          0          0          0
  trivial          :       0.01       0.00          2          0          0
  trivialnegation  :       0.00       0.00          0          0          0
  trustregion      :       0.00       0.00          0          0          0
  trysol           :       0.00       0.00          0          0          0
  twoopt           :       0.00       0.00          0          0          0
  undercover       :       0.00       0.00          0          0          0
  vbounds          :       4.27       0.00          1          1          1
  veclendiving     :     349.50       0.00         35          0          0
  zeroobj          :       0.00       0.00          0          0          0
  zirounding       :       5.19       0.00       1000          0          0
  other solutions  :          -          -          -          0          -
LNS (Scheduler)    :      Calls  SetupTime  SolveTime SolveNodes       Sols       Best       Exp3    Exp3-IX  EpsGreedy        UCB TgtFixRate  Opt  Inf Node Stal  Sol  Usr Othr Actv
  rens             :          0       0.00       0.00          0          0          0    0.00000    0.12500   -1.00000    1.00000      0.900    0    0    0    0    0    0    0    1
  rins             :          0       0.00       0.00          0          0          0    0.00000    0.12500   -1.00000    1.00000      0.900    0    0    0    0    0    0    0    1
  mutation         :          0       0.00       0.00          0          0          0    0.00000    0.12500   -1.00000    1.00000      0.900    0    0    0    0    0    0    0    1
  localbranching   :          0       0.00       0.00          0          0          0    0.00000    0.12500   -1.00000    1.00000      0.900    0    0    0    0    0    0    0    1
  crossover        :          0       0.00       0.00          0          0          0    0.00000    0.12500   -1.00000    1.00000      0.900    0    0    0    0    0    0    0    1
  proximity        :          0       0.00       0.00          0          0          0    0.00000    0.12500   -1.00000    1.00000      0.900    0    0    0    0    0    0    0    1
  zeroobjective    :          0       0.00       0.00          0          0          0    0.00000    0.12500   -1.00000    1.00000      0.900    0    0    0    0    0    0    0    1
  dins             :          0       0.00       0.00          0          0          0    0.00000    0.12500   -1.00000    1.00000      0.900    0    0    0    0    0    0    0    1
  trustregion      :          0       0.00       0.00          0          0          0    0.00000    0.00000   -1.00000    1.00000      0.900    0    0    0    0    0    0    0    0
LP                 :       Time      Calls Iterations  Iter/call   Iter/sec  Time-0-It Calls-0-It    ItLimit
  primal LP        :       2.53        543          0       0.00       0.00       2.53        543
  dual LP          :    7582.40       4251    6117791    1533.67     806.84       1.19        262
  lex dual LP      :       0.00          0          0       0.00          -
  barrier LP       :       0.00          0          0       0.00          -       0.00          0
  resolve instable :       0.00          0          0       0.00          -
  diving/probing LP:    3923.30      14986    3485784     232.60     888.48
  strong branching :    2333.15       3630    1871405     515.54     802.09          -          -       2794
    (at root node) :          -         21      20948     997.52          -
  conflict analysis:       5.03        514       5140      10.00    1022.64
B&B Tree           :
  number of runs   :          1
  nodes            :       3224 (2971 internal, 253 leaves)
  feasible leaves  :          0
  infeas. leaves   :         44
  objective leaves :        208
  nodes (total)    :       3224 (2971 internal, 253 leaves)
  nodes left       :       2714
  max depth        :         90
  max depth (total):         90
  backtracks       :        431 (13.4%)
  early backtracks :          0 (0.0%)
  nodes exc. ref.  :          0 (0.0%)
  delayed cutoffs  :          0
  repropagations   :       1710 (20284 domain reductions, 0 cutoffs)
  avg switch length:       6.33
  switching time   :       6.70
Root Node          :
  First LP value   : +1.03308208509404e+06
  First LP Iters   :      13192 (717.49 Iter/sec)
  First LP Time    :      18.39
  Final Dual Bound : +1.03844184564270e+06
  Final Root Iters :     113827
  Root LP Estimate : +1.10759480279171e+06
Solution           :
  Solutions found  :         46 (10 improvements)
  First Solution   : +1.06435239000000e+06   (in run 1, after 1 nodes, 12.26 seconds, depth 265, found by <vbounds>)
  Gap First Sol.   :   infinite
  Gap Last Sol.    :       1.94 %
  Primal Bound     : +1.05887920200000e+06   (in run 1, after 270 nodes, 1547.21 seconds, depth 75, found by <crossover>)
  Dual Bound       : +1.04056051604610e+06
  Gap              :       1.76 %
Integrals          :      Total       Avg%
  primal-dual      :   29619.93       2.06
  primal-ref       :          -          - (not evaluated)
  dual-ref         :          -          - (not evaluated)

 Branching Statistics...

 Total number of propagations -> 166362

 Number of cutoffs of KnaCons -> 11

 Total number of variables fixed to 1 by the propagator -> 8785

 Total number of variables fixed to 0 by the propagator -> 2242

 Maximum number of rounds of the approximation algorithm -> 8

 Runtime of the exact algorithm -> 0.0000 s

 Total number of variables fixed to 1 in the exact algorithm -> 0

 Total number of variables fixed to 0 in the exact algorithm -> 0

 Number of cutoffs in the exact algorithm -> 0

 Number of cutoffs in the approximation algorithm -> 26

 PS:  
