***************************************
*         SCIP-based CCP Solver       *
*                                     *
*    Wei Lv and Wei-Kun Chen (2024)   *
***************************************
/share/home/wangzhaowei/lvwei/scipoptsuite-9.1.0/build/bin/examples/ccp -f CCMPPData/10-1000-2.ccmpp -s CCMPPSetting/DB1.set 
SCIP version 9.1.0 [precision: 8 byte] [memory: block] [mode: optimized] [LP solver: Soplex 7.1.0] [GitHash: 8cab0278ba]
Copyright (c) 2002-2024 Zuse Institute Berlin (ZIB)

External libraries: 
  Soplex 7.1.0         Linear Programming Solver developed at Zuse Institute Berlin (soplex.zib.de) [GitHash: 595bfac9]
  CppAD 20180000.0     Algorithmic Differentiation of C++ algorithms developed by B. Bell (github.com/coin-or/CppAD)
  ZLIB 1.2.7           General purpose compression library by J. Gailly and M. Adler (zlib.net)
  GMP 6.0.0            GNU Multiple Precision Arithmetic Library developed by T. Granlund (gmplib.org)
  AMPL/MP 690e9e7      AMPL .nl file reader library (github.com/ampl/mp)
  PaPILO 2.3.0         parallel presolve for integer and linear optimization (github.com/scipopt/papilo) (built with TBB) [GitHash: 4b8ce6ed]
  Nauty 2.8.8          Computing Graph Automorphism Groups by Brendan D. McKay (users.cecs.anu.edu.au/~bdm/nauty)
  sassy 1.1            Symmetry preprocessor by Markus Anders (github.com/markusa4/sassy)

reading user parameter file <CCMPPSetting/DB1.set>

read problem <CCMPPData/10-1000-2.ccmpp>
============

File name: 	CCMPPData/10-1000-2.ccmpp
Problem name:	10-1000-2
Dimension: 	10
NumScenario: 	1000
ConfidenceParameter: 	0.10
IsEqualProbability: 	1
BnC+MIX+DI: 	0
BnC+MIX+sDI: 	0
DB: 	1
DB+OPF: 	0
Dominance and Aggregation Statistics......
NumEdge:        363063
NumBiEdge: 	58862
NumDomIneqs: 	304201
DominanceRatio: 0.6090
NumAggScenario: 508 
BasicNumScenario: 507 
Propagator Statistics......
NumBasicDomIneqs: 11073
NumNonReDomIneqs: 1084
Duration: 0.0100 s 

original problem has 558 variables (508 bin, 0 int, 0 impl, 50 cont) and 886 constraints

solve problem
=============

presolving:
(round 1, fast)       5 del vars, 16 del conss, 0 add conss, 10 chg bounds, 0 chg sides, 0 chg coeffs, 0 upgd conss, 0 impls, 1084 clqs
   (0.0s) running MILP presolver
   (0.0s) MILP presolver (3 rounds): 12 aggregations, 2 fixings, 1 bound changes
(round 2, medium)     19 del vars, 16 del conss, 0 add conss, 11 chg bounds, 0 chg sides, 0 chg coeffs, 0 upgd conss, 0 impls, 1084 clqs
(round 3, fast)       19 del vars, 28 del conss, 0 add conss, 11 chg bounds, 0 chg sides, 0 chg coeffs, 0 upgd conss, 0 impls, 1084 clqs
(round 4, exhaustive) 19 del vars, 28 del conss, 0 add conss, 11 chg bounds, 0 chg sides, 0 chg coeffs, 832 upgd conss, 0 impls, 1084 clqs
   (0.1s) probing cycle finished: starting next cycle
   (0.1s) symmetry computation started: requiring (bin +, int +, cont +), (fixed: bin -, int -, cont -)
   Symmetry detection interrupted: constraints of type chancecons do not provide symmetry information.
   If symmetries shall be detected, implement the CONSGETPERMSYMGRAPH callback.
   (0.1s) could not compute symmetry
presolving (5 rounds: 5 fast, 3 medium, 2 exhaustive):
 19 deleted vars, 28 deleted constraints, 0 added constraints, 11 tightened bounds, 0 added holes, 0 changed sides, 0 changed coefficients
 920 implications, 2364 cliques
presolved problem has 539 variables (507 bin, 0 int, 0 impl, 32 cont) and 858 constraints
      1 constraints of type <chancecons>
    832 constraints of type <varbound>
     25 constraints of type <linear>
Presolving Time: 0.08

 time | node  | left  |LP iter|LP it/n|mem/heur|mdpt |vars |cons |rows |cuts |sepa|confs|strbr|  dualbound   | primalbound  |  gap   | compl. 
p 0.1s|     1 |     0 |    20 |     - |  clique|   0 | 539 | 858 | 857 |   0 |  0 |   0 |   0 | 0.000000e+00 | 1.493137e+05 |    Inf | unknown
  0.1s|     1 |     0 |   576 |     - |    19M |   0 | 539 | 866 | 857 |   0 |  0 |   9 |   0 | 1.444112e+05 | 1.493137e+05 |   3.39%| unknown
  0.2s|     1 |     0 |   683 |     - |    20M |   0 | 539 | 866 | 908 |  51 |  1 |   9 |   0 | 1.448440e+05 | 1.493137e+05 |   3.09%| unknown
  0.2s|     1 |     0 |   821 |     - |    21M |   0 | 539 | 866 | 958 | 101 |  2 |   9 |   0 | 1.453851e+05 | 1.493137e+05 |   2.70%| unknown
  0.2s|     1 |     0 |   972 |     - |    22M |   0 | 539 | 866 |1024 | 167 |  3 |   9 |   0 | 1.457097e+05 | 1.493137e+05 |   2.47%| unknown
  0.3s|     1 |     0 |  1145 |     - |    24M |   0 | 539 | 866 |1111 | 254 |  4 |   9 |   0 | 1.460148e+05 | 1.493137e+05 |   2.26%| unknown
  0.3s|     1 |     0 |  1353 |     - |    25M |   0 | 539 | 866 |1184 | 327 |  5 |   9 |   0 | 1.463550e+05 | 1.493137e+05 |   2.02%| unknown
  0.4s|     1 |     0 |  1518 |     - |    27M |   0 | 539 | 866 |1257 | 400 |  6 |   9 |   0 | 1.465392e+05 | 1.493137e+05 |   1.89%| unknown
  0.5s|     1 |     0 |  1773 |     - |    29M |   0 | 539 | 866 |1343 | 486 |  7 |   9 |   0 | 1.467159e+05 | 1.493137e+05 |   1.77%| unknown
  0.6s|     1 |     0 |  2056 |     - |    33M |   0 | 539 | 866 |1421 | 564 |  8 |   9 |   0 | 1.468002e+05 | 1.493137e+05 |   1.71%| unknown
  0.7s|     1 |     0 |  2295 |     - |    36M |   0 | 539 | 866 |1488 | 631 |  9 |   9 |   0 | 1.468747e+05 | 1.493137e+05 |   1.66%| unknown
  0.8s|     1 |     0 |  2508 |     - |    41M |   0 | 539 | 866 |1556 | 699 | 10 |   9 |   0 | 1.469450e+05 | 1.493137e+05 |   1.61%| unknown
  0.9s|     1 |     0 |  2795 |     - |    42M |   0 | 539 | 866 |1616 | 759 | 11 |   9 |   0 | 1.470306e+05 | 1.493137e+05 |   1.55%| unknown
  1.0s|     1 |     0 |  2985 |     - |    42M |   0 | 539 | 866 |1690 | 833 | 12 |   9 |   0 | 1.470688e+05 | 1.493137e+05 |   1.53%| unknown
  1.1s|     1 |     0 |  3233 |     - |    43M |   0 | 539 | 866 |1726 | 869 | 13 |   9 |   0 | 1.471093e+05 | 1.493137e+05 |   1.50%| unknown
 time | node  | left  |LP iter|LP it/n|mem/heur|mdpt |vars |cons |rows |cuts |sepa|confs|strbr|  dualbound   | primalbound  |  gap   | compl. 
  1.3s|     1 |     0 |  3502 |     - |    43M |   0 | 539 | 866 |1767 | 910 | 14 |   9 |   0 | 1.471354e+05 | 1.493137e+05 |   1.48%| unknown
  1.5s|     1 |     0 |  3688 |     - |    43M |   0 | 539 | 866 |1807 | 950 | 15 |   9 |   0 | 1.471695e+05 | 1.493137e+05 |   1.46%| unknown
  1.6s|     1 |     0 |  3921 |     - |    43M |   0 | 539 | 866 |1736 | 983 | 16 |   9 |   0 | 1.472056e+05 | 1.493137e+05 |   1.43%| unknown
  1.7s|     1 |     0 |  4223 |     - |    44M |   0 | 539 | 866 |1777 |1024 | 17 |   9 |   0 | 1.472497e+05 | 1.493137e+05 |   1.40%| unknown
  1.8s|     1 |     0 |  4383 |     - |    46M |   0 | 539 | 866 |1809 |1056 | 18 |   9 |   0 | 1.472613e+05 | 1.493137e+05 |   1.39%| unknown
  1.9s|     1 |     0 |  4644 |     - |    47M |   0 | 539 | 866 |1838 |1085 | 19 |   9 |   0 | 1.472775e+05 | 1.493137e+05 |   1.38%| unknown
  2.0s|     1 |     0 |  4867 |     - |    47M |   0 | 539 | 866 |1876 |1123 | 20 |   9 |   0 | 1.472938e+05 | 1.493137e+05 |   1.37%| unknown
  2.1s|     1 |     0 |  5041 |     - |    47M |   0 | 539 | 866 |1902 |1149 | 21 |   9 |   0 | 1.473038e+05 | 1.493137e+05 |   1.36%| unknown
  2.2s|     1 |     0 |  5255 |     - |    47M |   0 | 539 | 866 |1641 |1173 | 22 |   9 |   0 | 1.473115e+05 | 1.493137e+05 |   1.36%| unknown
  2.2s|     1 |     0 |  5482 |     - |    47M |   0 | 539 | 866 |1661 |1193 | 23 |   9 |   0 | 1.473198e+05 | 1.493137e+05 |   1.35%| unknown
  2.3s|     1 |     0 |  5757 |     - |    47M |   0 | 539 | 866 |1686 |1218 | 24 |   9 |   0 | 1.473343e+05 | 1.493137e+05 |   1.34%| unknown
  2.3s|     1 |     0 |  5953 |     - |    47M |   0 | 539 | 866 |1705 |1237 | 25 |   9 |   0 | 1.473402e+05 | 1.493137e+05 |   1.34%| unknown
  2.4s|     1 |     0 |  6155 |     - |    47M |   0 | 539 | 866 |1714 |1246 | 26 |   9 |   0 | 1.473460e+05 | 1.493137e+05 |   1.34%| unknown
  2.4s|     1 |     0 |  6364 |     - |    47M |   0 | 539 | 866 |1729 |1261 | 27 |   9 |   0 | 1.473536e+05 | 1.493137e+05 |   1.33%| unknown
  2.5s|     1 |     0 |  6623 |     - |    48M |   0 | 539 | 866 |1551 |1277 | 28 |   9 |   0 | 1.473585e+05 | 1.493137e+05 |   1.33%| unknown
 time | node  | left  |LP iter|LP it/n|mem/heur|mdpt |vars |cons |rows |cuts |sepa|confs|strbr|  dualbound   | primalbound  |  gap   | compl. 
  2.5s|     1 |     0 |  6766 |     - |    48M |   0 | 539 | 866 |1576 |1302 | 29 |   9 |   0 | 1.473615e+05 | 1.493137e+05 |   1.32%| unknown
  2.6s|     1 |     0 |  6965 |     - |    48M |   0 | 539 | 866 |1591 |1317 | 30 |   9 |   0 | 1.473660e+05 | 1.493137e+05 |   1.32%| unknown
  4.1s|     1 |     2 |  8915 |     - |    48M |   0 | 539 | 867 |1591 |1317 | 30 |  10 |  26 | 1.474044e+05 | 1.493137e+05 |   1.30%| unknown
r 5.1s|    10 |     8 |  9613 | 305.7 |ziroundi|   9 | 539 | 871 |1215 |1317 |  1 |  18 | 234 | 1.474044e+05 | 1.491282e+05 |   1.17%| unknown
* 8.0s|    16 |     9 | 10655 | 252.9 |strongbr|   9 | 539 | 873 |1215 |1317 |  1 |  27 | 421 | 1.474832e+05 | 1.490083e+05 |   1.03%|   9.07%
r 8.9s|    29 |    16 | 11536 | 166.9 |rounding|  12 | 539 | 875 |1222 |1425 |  0 |  30 | 582 | 1.474832e+05 | 1.488912e+05 |   0.95%|  12.09%
* 9.0s|    41 |    17 | 11693 | 120.8 |    LP  |  12 | 539 | 878 |1220 |1431 |  1 |  33 | 613 | 1.474832e+05 | 1.488546e+05 |   0.93%|  14.06%
* 9.0s|    44 |    12 | 11698 | 112.5 |    LP  |  12 | 539 | 878 |1220 |1431 |  1 |  33 | 613 | 1.474832e+05 | 1.488322e+05 |   0.91%|  14.42%
* 9.0s|    46 |    11 | 11719 | 107.9 |    LP  |  12 | 539 | 878 |1225 |1440 |  3 |  33 | 613 | 1.474832e+05 | 1.488160e+05 |   0.90%|  14.57%
* 9.2s|    62 |    17 | 12091 |  85.7 |    LP  |  15 | 539 | 878 |1243 |1488 |  1 |  37 | 659 | 1.474832e+05 | 1.488146e+05 |   0.90%|  16.80%
* 9.2s|    65 |    16 | 12096 |  81.8 |    LP  |  16 | 539 | 878 |1243 |1488 |  2 |  37 | 659 | 1.474832e+05 | 1.488056e+05 |   0.90%|  16.86%
* 9.2s|    74 |    15 | 12243 |  73.7 |    LP  |  16 | 539 | 878 |1241 |1537 |  1 |  37 | 673 | 1.474832e+05 | 1.486789e+05 |   0.81%|  17.28%
r 9.2s|    75 |    14 | 12246 |  72.8 |ziroundi|  16 | 539 | 878 |1241 |1537 |  1 |  37 | 673 | 1.474832e+05 | 1.486076e+05 |   0.76%|  17.43%
* 9.2s|    78 |    12 | 12265 |  70.2 |    LP  |  16 | 539 | 878 |1241 |1537 |  1 |  37 | 673 | 1.474832e+05 | 1.485889e+05 |   0.75%|  17.64%
*10.7s|    89 |    13 | 13683 |  77.5 |strongbr|  16 | 539 | 878 |1276 |1688 |  2 |  44 | 825 | 1.474832e+05 | 1.485743e+05 |   0.74%|  17.92%
 time | node  | left  |LP iter|LP it/n|mem/heur|mdpt |vars |cons |rows |cuts |sepa|confs|strbr|  dualbound   | primalbound  |  gap   | compl. 
*10.8s|    96 |    16 | 13806 |  73.1 |    LP  |  17 | 539 | 878 |1276 |1688 |  1 |  44 | 832 | 1.474832e+05 | 1.485264e+05 |   0.71%|  27.26%
*10.8s|   100 |    14 | 13826 |  70.3 |    LP  |  19 | 539 | 878 |1276 |1688 |  1 |  44 | 832 | 1.474832e+05 | 1.484983e+05 |   0.69%|  28.34%
*11.1s|   103 |     5 | 14156 |  71.5 |strongbr|  19 | 539 | 879 |1215 |1688 |  1 |  46 | 866 | 1.474832e+05 | 1.481424e+05 |   0.45%|  33.74%
L11.6s|   154 |    26 | 16733 |  64.5 |    alns|  20 | 539 | 873 |1340 |1948 |  4 |  48 | 903 | 1.475643e+05 | 1.481356e+05 |   0.39%|  35.88%
*11.6s|   161 |    20 | 16840 |  62.4 |    LP  |  21 | 539 | 874 |1310 |1981 |  1 |  50 | 903 | 1.475643e+05 | 1.481120e+05 |   0.37%|  36.55%
 11.8s|   200 |    17 | 17936 |  55.6 |    59M |  21 | 539 | 877 |1326 |2086 |  1 |  53 | 906 | 1.475643e+05 | 1.481120e+05 |   0.37%|  38.69%
*11.8s|   214 |    21 | 18179 |  53.1 |    LP  |  21 | 539 | 877 |1302 |2086 |  2 |  53 | 906 | 1.475643e+05 | 1.480937e+05 |   0.36%|  38.69%
*11.9s|   218 |    18 | 18194 |  52.2 |    LP  |  21 | 539 | 877 |1302 |2086 |  1 |  53 | 906 | 1.475643e+05 | 1.480819e+05 |   0.35%|  38.89%
*11.9s|   222 |    17 | 18394 |  52.2 |    LP  |  21 | 539 | 878 |1310 |2103 |  2 |  54 | 906 | 1.475643e+05 | 1.480583e+05 |   0.33%|  39.14%
*12.2s|   259 |    21 | 20519 |  52.9 |    LP  |  21 | 539 | 879 |1317 |2261 |  1 |  55 | 913 | 1.475671e+05 | 1.480488e+05 |   0.33%|  41.32%
 12.5s|   300 |    30 | 22868 |  53.5 |    59M |  21 | 539 | 880 |1330 |2486 |  1 |  61 | 928 | 1.475734e+05 | 1.480488e+05 |   0.32%|  42.23%
*12.6s|   335 |    31 | 23224 |  49.0 |    LP  |  30 | 539 | 881 |1330 |2489 |  1 |  62 | 928 | 1.475734e+05 | 1.480202e+05 |   0.30%|  42.24%
*12.9s|   392 |    32 | 25174 |  46.8 |    LP  |  30 | 539 | 883 |1320 |2651 |  1 |  65 | 943 | 1.475766e+05 | 1.480154e+05 |   0.30%|  44.49%
*13.0s|   397 |    33 | 25218 |  46.4 |    LP  |  30 | 539 | 883 |1320 |2651 |  1 |  65 | 943 | 1.475766e+05 | 1.480035e+05 |   0.29%|  44.52%
 13.0s|   400 |    30 | 25248 |  46.1 |    60M |  30 | 539 | 883 |1320 |2651 |  0 |  65 | 943 | 1.475766e+05 | 1.480035e+05 |   0.29%|  44.65%
 time | node  | left  |LP iter|LP it/n|mem/heur|mdpt |vars |cons |rows |cuts |sepa|confs|strbr|  dualbound   | primalbound  |  gap   | compl. 
*13.2s|   413 |    29 | 26750 |  48.3 |    LP  |  30 | 539 | 883 |1326 |2842 |  1 |  67 | 952 | 1.475825e+05 | 1.479696e+05 |   0.26%|  47.04%
r13.5s|   454 |    29 | 28566 |  47.9 |ziroundi|  30 | 539 | 883 |1313 |3008 |  1 |  71 | 966 | 1.476074e+05 | 1.479661e+05 |   0.24%|  49.03%
*13.6s|   472 |    31 | 28869 |  46.7 |    LP  |  30 | 539 | 883 |1305 |3008 |  1 |  72 | 967 | 1.476074e+05 | 1.479623e+05 |   0.24%|  49.65%
 13.8s|   500 |    31 | 29544 |  45.5 |    61M |  30 | 539 | 885 |1305 |3014 |  0 |  79 | 992 | 1.476118e+05 | 1.479623e+05 |   0.24%|  52.49%
*14.1s|   545 |    39 | 31971 |  46.2 |    LP  |  30 | 539 | 886 |1332 |3182 |  1 |  81 | 995 | 1.476263e+05 | 1.479376e+05 |   0.21%|  54.85%
 14.4s|   600 |    42 | 34000 |  45.3 |    63M |  30 | 539 | 890 |1332 |3361 |  1 |  87 | 995 | 1.476364e+05 | 1.479376e+05 |   0.20%|  59.26%
r14.4s|   605 |    39 | 34126 |  45.1 |ziroundi|  30 | 539 | 890 |1346 |3388 |  1 |  87 | 995 | 1.476364e+05 | 1.479340e+05 |   0.20%|  59.26%
r14.6s|   651 |    44 | 35767 |  44.5 |ziroundi|  30 | 539 | 891 |1296 |3530 |  1 |  89 |1000 | 1.476381e+05 | 1.479208e+05 |   0.19%|  60.46%
 15.0s|   700 |    45 | 37967 |  44.5 |    64M |  30 | 539 | 893 |1315 |3774 |  2 |  95 |1021 | 1.476381e+05 | 1.479208e+05 |   0.19%|  61.86%
*15.1s|   715 |    40 | 38533 |  44.4 |    LP  |  30 | 539 | 893 |1262 |3817 |  6 |  96 |1023 | 1.476381e+05 | 1.478976e+05 |   0.18%|  62.51%
*15.2s|   719 |    39 | 39072 |  44.9 |    LP  |  30 | 539 | 893 |1266 |3925 |  1 |  96 |1023 | 1.476381e+05 | 1.478972e+05 |   0.18%|  63.13%
 16.6s|   800 |    24 | 46671 |  49.8 |    66M |  30 | 539 | 904 |1312 |4532 |  3 | 112 |1094 | 1.477271e+05 | 1.478972e+05 |   0.12%|  84.98%
*16.7s|   810 |    28 | 47661 |  50.4 |    LP  |  30 | 539 | 904 |1341 |4650 |  1 | 112 |1106 | 1.477271e+05 | 1.478954e+05 |   0.11%|  84.98%
 17.4s|   900 |     6 | 51240 |  49.4 |    68M |  30 | 539 | 835 |1303 |4733 |  0 | 128 |1175 | 1.478145e+05 | 1.478954e+05 |   0.05%|  98.41%

SCIP Status        : problem is solved [optimal solution found]
Solving Time (sec) : 17.51
Solving Nodes      : 928
Primal Bound       : +1.47895401000000e+05 (36 solutions)
Dual Bound         : +1.47895401000000e+05
Gap                : 0.00 %

primal solution (original space):
=================================

objective value:                           147895.401
z#10                                                1 	(obj:0)
z#18                                                1 	(obj:0)
z#24                                                1 	(obj:0)
z#37                                                1 	(obj:0)
z#38                                                1 	(obj:0)
z#41                                                1 	(obj:0)
z#46                                                1 	(obj:0)
z#47                                                1 	(obj:0)
z#48                                                1 	(obj:0)
z#51                                                1 	(obj:0)
z#52                                                1 	(obj:0)
z#59                                                1 	(obj:0)
z#67                                                1 	(obj:0)
z#78                                                1 	(obj:0)
z#87                                                1 	(obj:0)
z#96                                                1 	(obj:0)
z#99                                                1 	(obj:0)
z#107                                               1 	(obj:0)
z#109                                               1 	(obj:0)
z#117                                               1 	(obj:0)
z#123                                               1 	(obj:0)
z#124                                               1 	(obj:0)
z#139                                               1 	(obj:0)
z#143                                               1 	(obj:0)
z#150                                               1 	(obj:0)
z#151                                               1 	(obj:0)
z#161                                0.99999999999997 	(obj:0)
z#166                                               1 	(obj:0)
z#170                                               1 	(obj:0)
z#182                                               1 	(obj:0)
z#193                                               1 	(obj:0)
z#197                                               1 	(obj:0)
z#199                                               1 	(obj:0)
z#206                                               1 	(obj:0)
z#224                                               1 	(obj:0)
z#230                                               1 	(obj:0)
z#232                                               1 	(obj:0)
z#233                                               1 	(obj:0)
z#246                                               1 	(obj:0)
z#258                                               1 	(obj:0)
z#260                                               1 	(obj:0)
z#267                                               1 	(obj:0)
z#270                                               1 	(obj:0)
z#272                                               1 	(obj:0)
z#275                                               1 	(obj:0)
z#283                                               1 	(obj:0)
z#287                                               1 	(obj:0)
z#289                                               1 	(obj:0)
z#301                                               1 	(obj:0)
z#302                                               1 	(obj:0)
z#312                                               1 	(obj:0)
z#313                                               1 	(obj:0)
z#315                                               1 	(obj:0)
z#320                                               1 	(obj:0)
z#324                                               1 	(obj:0)
z#329                                               1 	(obj:0)
z#335                                               1 	(obj:0)
z#340                                               1 	(obj:0)
z#341                                               1 	(obj:0)
z#343                                               1 	(obj:0)
z#348                                               1 	(obj:0)
z#353                                               1 	(obj:0)
z#354                                               1 	(obj:0)
z#383                                               1 	(obj:0)
z#386                                               1 	(obj:0)
z#392                                               1 	(obj:0)
z#394                                               1 	(obj:0)
z#398                                               1 	(obj:0)
z#407                                               1 	(obj:0)
z#420                                               1 	(obj:0)
z#421                                               1 	(obj:0)
z#428                                               1 	(obj:0)
z#430                                               1 	(obj:0)
z#435                                               1 	(obj:0)
z#438                                               1 	(obj:0)
z#449                                               1 	(obj:0)
z#454                                               1 	(obj:0)
z#467                                               1 	(obj:0)
z#474                                               1 	(obj:0)
z#476                                               1 	(obj:0)
z#477                                               1 	(obj:0)
z#483                                               1 	(obj:0)
z#490                                1.00000000000002 	(obj:0)
z#491                                               1 	(obj:0)
z#507                                               1 	(obj:0)
x#8                                  2.02900000000005 	(obj:118)
y#0                                             137.4 	(obj:144)
y#1                                 0.400000000000006 	(obj:107)
x#0                                             406.6 	(obj:269)
x#1                                            21.053 	(obj:231)
x#2                                            72.074 	(obj:169)
x#7                                  11.0899999999999 	(obj:127)
u#0                                             406.6 	(obj:0)
u#1                                           427.653 	(obj:0)
u#2                                           499.727 	(obj:0)
u#3                                           499.727 	(obj:0)
u#4                                           499.727 	(obj:0)
u#5                                           499.727 	(obj:0)
u#6                                           499.727 	(obj:0)
u#7                                           510.817 	(obj:0)
u#8                                           512.846 	(obj:0)
u#9                                           512.846 	(obj:0)
v#0                                             137.4 	(obj:0)
v#1                                             137.8 	(obj:0)
v#2                                             137.8 	(obj:0)
v#3                                             137.8 	(obj:0)
v#4                                             137.8 	(obj:0)
v#5                                             137.8 	(obj:0)
v#6                                             137.8 	(obj:0)
v#7                                             137.8 	(obj:0)
v#8                                             137.8 	(obj:0)
v#9                                             137.8 	(obj:0)
w#0                                               544 	(obj:0)
w#1                                           565.453 	(obj:0)
w#2                                           637.527 	(obj:0)
w#3                                           637.527 	(obj:0)
w#4                                           637.527 	(obj:0)
w#5                                           637.527 	(obj:0)
w#6                                           637.527 	(obj:0)
w#7                                           648.617 	(obj:0)
w#8                                           650.646 	(obj:0)
w#9                                           650.646 	(obj:0)

Statistics
==========

SCIP Status        : problem is solved [optimal solution found]
Total Time         :      17.56
  solving          :      17.51
  presolving       :       0.08 (included in solving)
  reading          :       0.05
  copying          :       0.03 (5 #copies) (minimal 0.01, maximal 0.01, average 0.01)
Original Problem   :
  Problem name     : 10-1000-2
  Variables        : 558 (508 binary, 0 integer, 0 implicit integer, 50 continuous)
  Constraints      : 886 initial, 886 maximal
  Objective        : minimize, 20 non-zeros (abs.min = 107, abs.max = 277)
Presolved Problem  :
  Problem name     : t_10-1000-2
  Variables        : 539 (507 binary, 0 integer, 0 implicit integer, 32 continuous)
  Constraints      : 858 initial, 911 maximal
  Objective        : minimize, 18 non-zeros (abs.min = 107, abs.max = 277)
  Nonzeros         : 2333 constraint, 4714 clique table
Presolvers         :   ExecTime  SetupTime  Calls  FixedVars   AggrVars   ChgTypes  ChgBounds   AddHoles    DelCons    AddCons   ChgSides   ChgCoefs
  boundshift       :       0.00       0.00      0          0          0          0          0          0          0          0          0          0
  convertinttobin  :       0.00       0.00      0          0          0          0          0          0          0          0          0          0
  domcol           :       0.00       0.00      1          0          0          0          0          0          0          0          0          0
  dualagg          :       0.00       0.00      0          0          0          0          0          0          0          0          0          0
  dualcomp         :       0.00       0.00      1          0          0          0          0          0          0          0          0          0
  dualinfer        :       0.00       0.00      0          0          0          0          0          0          0          0          0          0
  dualsparsify     :       0.00       0.00      1          0          0          0          0          0          0          0          0          0
  gateextraction   :       0.00       0.00      0          0          0          0          0          0          0          0          0          0
  implics          :       0.00       0.00      3          0          0          0          0          0          0          0          0          0
  inttobinary      :       0.00       0.00      0          0          0          0          0          0          0          0          0          0
  milp             :       0.00       0.00      1          2         12          0          1          0          0          0          0          0
  qpkktref         :       0.00       0.00      0          0          0          0          0          0          0          0          0          0
  redvub           :       0.00       0.00      0          0          0          0          0          0          0          0          0          0
  sparsify         :       0.00       0.00      1          0          0          0          0          0          0          0          0          0
  stuffing         :       0.00       0.00      0          0          0          0          0          0          0          0          0          0
  trivial          :       0.00       0.00      5          0          0          0          0          0          0          0          0          0
  tworowbnd        :       0.00       0.00      0          0          0          0          0          0          0          0          0          0
  dualfix          :       0.00       0.00      5          1          0          0          0          0          0          0          0          0
  genvbounds       :       0.00       0.00      0          0          0          0          0          0          0          0          0          0
  probing          :       0.06       0.00      1          0          0          0          0          0          0          0          0          0
  pseudoobj        :       0.00       0.00      0          0          0          0          0          0          0          0          0          0
  symmetry         :       0.00       0.00      1          0          0          0          0          0          0          0          0          0
  vbounds          :       0.00       0.00      1          0          0          0          0          0          0          0          0          0
  chancecons       :       0.00       0.00      1          0          0          0          0          0          0          0          0          0
  varbound         :       0.00       0.00      2          0          0          0          0          0          0          0          0          0
  setppc           :       0.00       0.00      0          0          0          0          0          0          0          0          0          0
  linear           :       0.01       0.00      7          0          4          0         10          0         28          0          0          0
  logicor          :       0.00       0.00      0          0          0          0          0          0          0          0          0          0
  bounddisjunction :       0.00       0.00      0          0          0          0          0          0          0          0          0          0
  benders          :       0.00       0.00      0          0          0          0          0          0          0          0          0          0
  components       :       0.00       0.00      1          0          0          0          0          0          0          0          0          0
  root node        :          -          -      -        159          -          -        521          -          -          -          -          -
Constraints        :     Number  MaxNumber  #Separate #Propagate    #EnfoLP    #EnfoRelax  #EnfoPS    #Check   #ResProp    Cutoffs    DomReds       Cuts    Applied      Conss   Children
  benderslp        :          0          0          0          0        656          0          0        212          0          0          0          0          0          0          0
  chancecons       :          1          1        317      13740          0          0          0          0          0         11      14505        958        715          0          0
  integral         :          0          0          0          0        656          0          0        212          0          0        650          0          0         37        996
  varbound         :        832        832         30      13838         20          0          0        207        136          0       2695          0          0          0          0
  setppc           :          0+         2          0         25          0          0          0          0          0          0          0          0          0          0          0
  linear           :         25+        38         30      13891         23          0          0         19         20        145       9471          0          0          0          0
  logicor          :          0+        16          0        429          0          0          0          0          0          2          0          0          0          0          0
  bounddisjunction :          0+        29          0       2051          0          0          0          0          0          0          6          0          0          0          0
  benders          :          0          0          0          0         23          0          0         14          0          0          0          0          0          0          0
  fixedvar         :          0          0          0          0         23          0          0         14          0          0          0          0          0          0          0
  countsols        :          0          0          0          0         23          0          0         14          0          0          0          0          0          0          0
  components       :          0          0          0          0          0          0          0          0          0          0          0          0          0          0          0
Constraint Timings :  TotalTime  SetupTime   Separate  Propagate     EnfoLP     EnfoPS     EnfoRelax   Check    ResProp    SB-Prop
  benderslp        :       0.00       0.00       0.00       0.00       0.00       0.00       0.00       0.00       0.00       0.00
  chancecons       :       0.26       0.00       0.02       0.16       0.00       0.00       0.00       0.00       0.00       0.09
  integral         :       8.92       0.00       0.00       0.00       8.92       0.00       0.00       0.00       0.00       0.00
  varbound         :       0.09       0.00       0.00       0.04       0.00       0.00       0.00       0.00       0.00       0.04
  setppc           :       0.00       0.00       0.00       0.00       0.00       0.00       0.00       0.00       0.00       0.00
  linear           :       0.06       0.00       0.00       0.03       0.00       0.00       0.00       0.00       0.00       0.03
  logicor          :       0.00       0.00       0.00       0.00       0.00       0.00       0.00       0.00       0.00       0.00
  bounddisjunction :       0.00       0.00       0.00       0.00       0.00       0.00       0.00       0.00       0.00       0.00
  benders          :       0.00       0.00       0.00       0.00       0.00       0.00       0.00       0.00       0.00       0.00
  fixedvar         :       0.00       0.00       0.00       0.00       0.00       0.00       0.00       0.00       0.00       0.00
  countsols        :       0.00       0.00       0.00       0.00       0.00       0.00       0.00       0.00       0.00       0.00
  components       :       0.00       0.00       0.00       0.00       0.00       0.00       0.00       0.00       0.00       0.00
Propagators        : #Propagate   #ResProp    Cutoffs    DomReds
  dualfix          :          8          0          0          0
  genvbounds       :          0          0          0          0
  nlobbt           :          0          0          0          0
  obbt             :          0          0          0          0
  probing          :          0          0          0          0
  pseudoobj        :       4211          0          0        342
  redcost          :       2669          0          0      15401
  rootredcost      :         34          0          0        112
  symmetry         :          0          0          0          0
  vbounds          :       9230          0          0          0
Propagator Timings :  TotalTime  SetupTime   Presolve  Propagate    ResProp    SB-Prop
  dualfix          :       0.00       0.00       0.00       0.00       0.00       0.00
  genvbounds       :       0.00       0.00       0.00       0.00       0.00       0.00
  nlobbt           :       0.00       0.00       0.00       0.00       0.00       0.00
  obbt             :       0.00       0.00       0.00       0.00       0.00       0.00
  probing          :       0.06       0.00       0.06       0.00       0.00       0.00
  pseudoobj        :       0.01       0.00       0.00       0.01       0.00       0.00
  redcost          :       0.04       0.00       0.00       0.04       0.00       0.00
  rootredcost      :       0.00       0.00       0.00       0.00       0.00       0.00
  symmetry         :       0.00       0.00       0.00       0.00       0.00       0.00
  vbounds          :       0.01       0.00       0.00       0.01       0.00       0.00
Symmetry           :
  orbitopal red.   :          0 reductions applied,          0 cutoffs
  orbital reduction:          0 reductions applied,          0 cutoffs
  lexicographic red:          0 reductions applied,          0 cutoffs
  shadow tree time :       0.00 s
Conflict Analysis  :       Time      Calls    Success    DomReds  Conflicts   Literals    Reconvs ReconvLits   Dualrays   Nonzeros   LP Iters   (pool size: [10000,10000])
  propagation      :       0.00          2          0          -          0        0.0          0        0.0          -          -          -
  infeasible LP    :       0.00          0          0          -          0        0.0          0        0.0          0        0.0          0
  bound exceed. LP :       0.14        250        142          -        126       59.2          0        0.0         62        4.2       1815
  strong branching :       0.00          0          0          -          0        0.0          0        0.0          -          -          0
  pseudo solution  :       0.00          0          0          -          0        0.0          0        0.0          -          -          -
  applied globally :       0.00          -          -         49         53       33.0          -          -         62          -          -
  applied locally  :          -          -          -          0         14       81.3          -          -          0          -          -
Separators         :   ExecTime  SetupTime      Calls  RootCalls    Cutoffs    DomReds  FoundCuts ViaPoolAdd  DirectAdd    Applied ViaPoolApp  DirectApp      Conss
  cut pool         :       0.45          -        476         58          -          -      14904      46360          -          -          -          -          -    (maximal pool size:      10046)
  aggregation      :       1.54       0.00        152         30          0          0       8277      32009          0       1957       1957          0          0
  > cmir           :          -          -          -          -          -          -          -      32008          0       1956       1956          0          -
  > flowcover      :          -          -          -          -          -          -          -          1          0          1          1          0          -
  > knapsackcover  :          -          -          -          -          -          -          -          0          0          0          0          0          -
  cgmip            :       0.00       0.00          0          0          0          0          0          0          0          0          0          0          0
  clique           :       0.10       0.00         30         30          0          0          0          0          0          0          0          0          0
  closecuts        :       0.00       0.00          0          0          0          0          0          0          0          0          0          0          0
  convexproj       :       0.00       0.00          0          0          0          0          0          0          0          0          0          0          0
  disjunctive      :       0.00       0.00          0          0          0          0          0          0          0          0          0          0          0
  eccuts           :       0.00       0.00          0          0          0          0          0          0          0          0          0          0          0
  gauge            :       0.00       0.00          0          0          0          0          0          0          0          0          0          0          0
  gomory           :       1.21       0.00         90         10          0          0       5169       9463          0        251        251          0          0
  > gomorymi       :          -          -          -          -          -          -          -       9463          0        251        251          0          -
  > strongcg       :          -          -          -          -          -          -          -          0          0          0          0          0          -
  impliedbounds    :       0.02       0.00        152         30          0          0       1458       4888          0       1810       1810          0          0
  interminor       :       0.00       0.00          0          0          0          0          0          0          0          0          0          0          0
  intobj           :       0.00       0.00          0          0          0          0          0          0          0          0          0          0          0
  lagromory        :       0.00       0.00          0          0          0          0          0          0          0          0          0          0          0
  mcf              :       0.00       0.00          1          1          0          0          0          0          0          0          0          0          0
  minor            :       0.00       0.00         10         10          0          0          0          0          0          0          0          0          0
  mixing           :       0.00       0.00          0          0          0          0          0          0          0          0          0          0          0
  oddcycle         :       0.00       0.00          0          0          0          0          0          0          0          0          0          0          0
  rapidlearning    :       0.00       0.00          0          0          0          0          0          0          0          0          0          0          0
  rlt              :       0.00       0.00         10         10          0          0          0          0          0          0          0          0          0
  zerohalf         :       0.03       0.00        100         20          0          0          0          0          0          0          0          0          0
Cutselectors       :   ExecTime  SetupTime      Calls  RootCalls   Selected     Forced   Filtered  RootSelec   RootForc   RootFilt 
  hybrid           :       0.07       0.00        316         30       4733          0      42585       1317          0      16291
  ensemble         :       0.00       0.00          0          0          0          0          0          0          0          0
  dynamic          :       0.00       0.00          0          0          0          0          0          0          0          0
Pricers            :   ExecTime  SetupTime      Calls       Vars
  problem variables:       0.00          -          0          0
Branching Rules    :   ExecTime  SetupTime   BranchLP  BranchExt   BranchPS    Cutoffs    DomReds       Cuts      Conss   Children
  allfullstrong    :       0.00       0.00          0          0          0          0          0          0          0          0
  cloud            :       0.00       0.00          0          0          0          0          0          0          0          0
  distribution     :       0.00       0.00          0          0          0          0          0          0          0          0
  fullstrong       :       0.00       0.00          0          0          0          0          0          0          0          0
  gomory           :       0.00       0.00          0          0          0          0          0          0          0          0
  inference        :       0.00       0.00          0          0          0          0          0          0          0          0
  leastinf         :       0.00       0.00          0          0          0          0          0          0          0          0
  lookahead        :       0.00       0.00          0          0          0          0          0          0          0          0
  mostinf          :       0.00       0.00          0          0          0          0          0          0          0          0
  multaggr         :       0.00       0.00          0          0          0          0          0          0          0          0
  nodereopt        :       0.00       0.00          0          0          0          0          0          0          0          0
  pscost           :       0.00       0.00          0          0          0          0          0          0          0          0
  random           :       0.00       0.00          0          0          0          0          0          0          0          0
  relpscost        :       8.91       0.00        633          0          0          0        650          0         37        996
  vanillafullstrong:       0.00       0.00          0          0          0          0          0          0          0          0
Primal Heuristics  :   ExecTime  SetupTime      Calls      Found       Best
  LP solutions     :       0.00          -          -         23         23
  relax solutions  :       0.00          -          -          0          0
  pseudo solutions :       0.00          -          -          0          0
  strong branching :       0.00          -          -          3          3
  actconsdiving    :       0.00       0.00          0          0          0
  adaptivediving   :       0.00       0.00          0          0          0
  alns             :       0.10       0.00          5          1          1
  bound            :       0.00       0.00          0          0          0
  clique           :       0.01       0.00          1          1          1
  coefdiving       :       0.00       0.00          0          0          0
  completesol      :       0.00       0.00          0          0          0
  conflictdiving   :       0.03       0.00          1          0          0
  crossover        :       0.00       0.00          0          0          0
  dins             :       0.00       0.00          0          0          0
  distributiondivin:       0.01       0.00          0          0          0
  dps              :       0.00       0.00          0          0          0
  dualval          :       0.00       0.00          0          0          0
  farkasdiving     :       0.00       0.00          0          0          0
  feaspump         :       0.09       0.00          1          1          0
  fixandinfer      :       0.00       0.00          0          0          0
  fracdiving       :       0.00       0.00          0          0          0
  gins             :       0.00       0.00          0          0          0
  guideddiving     :       0.00       0.00          0          0          0
  indicator        :       0.00       0.00          0          0          0
  indicatordiving  :       0.00       0.00          0          0          0
  intdiving        :       0.00       0.00          0          0          0
  intshifting      :       0.02       0.00          1          0          0
  linesearchdiving :       0.00       0.00          0          0          0
  localbranching   :       0.00       0.00          0          0          0
  locks            :       0.00       0.00          1          0          0
  lpface           :       0.00       0.00          0          0          0
  mpec             :       0.00       0.00          0          0          0
  multistart       :       0.00       0.00          0          0          0
  mutation         :       0.00       0.00          0          0          0
  nlpdiving        :       0.00       0.00          0          0          0
  objpscostdiving  :       0.00       0.00          0          0          0
  octane           :       0.00       0.00          0          0          0
  ofins            :       0.00       0.00          0          0          0
  oneopt           :       0.00       0.00         34          0          0
  padm             :       0.00       0.00          0          0          0
  proximity        :       0.00       0.00          0          0          0
  pscostdiving     :       0.01       0.00          1          0          0
  randrounding     :       0.09       0.00        194          0          0
  rens             :       0.00       0.00          0          0          0
  reoptsols        :       0.00       0.00          0          0          0
  repair           :       0.00       0.00          0          0          0
  rins             :       0.00       0.00          0          0          0
  rootsoldiving    :       0.00       0.00          0          0          0
  rounding         :       0.06       0.00       1025          1          1
  scheduler        :       0.00       0.00          0          0          0
  shiftandpropagate:       0.00       0.00          0          0          0
  shifting         :       0.19       0.00        275          1          0
  simplerounding   :       0.00       0.00          0          0          0
  subnlp           :       0.00       0.00          0          0          0
  trivial          :       0.00       0.00          2          0          0
  trivialnegation  :       0.00       0.00          0          0          0
  trustregion      :       0.00       0.00          0          0          0
  trysol           :       0.00       0.00          0          0          0
  twoopt           :       0.00       0.00          0          0          0
  undercover       :       0.00       0.00          0          0          0
  vbounds          :       0.02       0.00          1          0          0
  veclendiving     :       0.00       0.00          0          0          0
  zeroobj          :       0.00       0.00          0          0          0
  zirounding       :       0.02       0.00        498          5          5
  other solutions  :          -          -          -          0          -
LNS (Scheduler)    :      Calls  SetupTime  SolveTime SolveNodes       Sols       Best       Exp3    Exp3-IX  EpsGreedy        UCB TgtFixRate  Opt  Inf Node Stal  Sol  Usr Othr Actv
  rens             :          0       0.00       0.00          0          0          0    0.00000    0.12500   -1.00000    1.00000      0.900    0    0    0    0    0    0    0    1
  rins             :          0       0.00       0.00          0          0          0    0.00000    0.12500   -1.00000    1.00000      0.900    0    0    0    0    0    0    0    1
  mutation         :          0       0.00       0.00          0          0          0    0.00000    0.12500   -1.00000    1.00000      0.900    0    0    0    0    0    0    0    1
  localbranching   :          0       0.00       0.00          0          0          0    0.00000    0.12500   -1.00000    1.00000      0.900    0    0    0    0    0    0    0    1
  crossover        :          0       0.00       0.00          0          0          0    0.00000    0.12500   -1.00000    1.00000      0.900    0    0    0    0    0    0    0    1
  proximity        :          0       0.00       0.00          0          0          0    0.00000    0.12500   -1.00000    1.00000      0.900    0    0    0    0    0    0    0    1
  zeroobjective    :          0       0.00       0.00          0          0          0    0.00000    0.12500   -1.00000    1.00000      0.900    0    0    0    0    0    0    0    1
  dins             :          0       0.00       0.00          0          0          0    0.00000    0.12500   -1.00000    1.00000      0.900    0    0    0    0    0    0    0    1
  trustregion      :          0       0.00       0.00          0          0          0    0.00000    0.00000   -1.00000    1.00000      0.900    0    0    0    0    0    0    0    0
LP                 :       Time      Calls Iterations  Iter/call   Iter/sec  Time-0-It Calls-0-It    ItLimit
  primal LP        :       0.04        118          0       0.00       0.00       0.04        118
  dual LP          :       3.71       2275      49790      35.26   13412.41       0.30        863
  lex dual LP      :       0.00          0          0       0.00          -
  barrier LP       :       0.00          0          0       0.00          -       0.00          0
  resolve instable :       0.00          0          0       0.00          -
  diving/probing LP:       0.27         21       2156     102.67    7984.45
  strong branching :       8.10       1186     111135      93.71   13726.63          -          -         60
    (at root node) :          -         26      15580     599.23          -
  conflict analysis:       0.10        190       1815       9.55   17548.61
B&B Tree           :
  number of runs   :          1
  nodes            :        928 (498 internal, 430 leaves)
  feasible leaves  :         23
  infeas. leaves   :         18
  objective leaves :        389
  nodes (total)    :        928 (498 internal, 430 leaves)
  nodes left       :          0
  max depth        :         30
  max depth (total):         30
  backtracks       :        210 (22.6%)
  early backtracks :          0 (0.0%)
  nodes exc. ref.  :          0 (0.0%)
  delayed cutoffs  :          0
  repropagations   :        128 (162 domain reductions, 0 cutoffs)
  avg switch length:       4.34
  switching time   :       0.11
Root Node          :
  First LP value   : +1.44411180945994e+05
  First LP Iters   :        473 (40800.48 Iter/sec)
  First LP Time    :       0.01
  Final Dual Bound : +1.47404381951492e+05
  Final Root Iters :       6862
  Root LP Estimate : +1.50535876220067e+05
Solution           :
  Solutions found  :         36 (34 improvements)
  First Solution   : +1.49313716200000e+05   (in run 1, after 1 nodes, 0.09 seconds, depth 5, found by <clique>)
  Gap First Sol.   :   infinite
  Gap Last Sol.    :       0.11 %
  Primal Bound     : +1.47895401000000e+05   (in run 1, after 810 nodes, 16.73 seconds, depth 24, found by <relaxation>)
  Dual Bound       : +1.47895401000000e+05
  Gap              :       0.00 %
Integrals          :      Total       Avg%
  primal-dual      :      26.67       1.52
  primal-ref       :          -          - (not evaluated)
  dual-ref         :          -          - (not evaluated)

 Branching Statistics...

 Total number of propagations -> 13740

 Number of cutoffs of KnaCons -> 1

 Total number of variables fixed to 1 by the propagator -> 2469

 Total number of variables fixed to 0 by the propagator -> 12036

 Maximum number of rounds of the approximation algorithm -> 0

 Runtime of the exact algorithm -> 0.0000 s

 Total number of variables fixed to 1 in the exact algorithm -> 0

 Total number of variables fixed to 0 in the exact algorithm -> 0

 Number of cutoffs in the exact algorithm -> 0

 Number of cutoffs in the approximation algorithm -> 0

 PS:  
