***************************************
*         SCIP-based CCP Solver       *
*                                     *
*    Wei Lv and Wei-Kun Chen (2024)   *
***************************************
/share/home/wangzhaowei/lvwei/scipoptsuite-9.1.0/build/bin/examples/ccp -f CCMPPData/150-3000-2.ccmpp -s CCMPPSetting/DB05.set 
SCIP version 9.1.0 [precision: 8 byte] [memory: block] [mode: optimized] [LP solver: Soplex 7.1.0] [GitHash: 8cab0278ba]
Copyright (c) 2002-2024 Zuse Institute Berlin (ZIB)

External libraries: 
  Soplex 7.1.0         Linear Programming Solver developed at Zuse Institute Berlin (soplex.zib.de) [GitHash: 595bfac9]
  CppAD 20180000.0     Algorithmic Differentiation of C++ algorithms developed by B. Bell (github.com/coin-or/CppAD)
  ZLIB 1.2.7           General purpose compression library by J. Gailly and M. Adler (zlib.net)
  GMP 6.0.0            GNU Multiple Precision Arithmetic Library developed by T. Granlund (gmplib.org)
  AMPL/MP 690e9e7      AMPL .nl file reader library (github.com/ampl/mp)
  PaPILO 2.3.0         parallel presolve for integer and linear optimization (github.com/scipopt/papilo) (built with TBB) [GitHash: 4b8ce6ed]
  Nauty 2.8.8          Computing Graph Automorphism Groups by Brendan D. McKay (users.cecs.anu.edu.au/~bdm/nauty)
  sassy 1.1            Symmetry preprocessor by Markus Anders (github.com/markusa4/sassy)

reading user parameter file <CCMPPSetting/DB05.set>

read problem <CCMPPData/150-3000-2.ccmpp>
============

File name: 	CCMPPData/150-3000-2.ccmpp
Problem name:	150-3000-2
Dimension: 	150
NumScenario: 	3000
ConfidenceParameter: 	0.05
IsEqualProbability: 	1
BnC+MIX+DI: 	0
BnC+MIX+sDI: 	0
DB: 	1
DB+OPF: 	0
Dominance and Aggregation Statistics......
NumEdge:        12863
NumBiEdge: 	6
NumDomIneqs: 	12857
DominanceRatio: 0.0029
NumAggScenario: 2997 
BasicNumScenario: 2996 
Propagator Statistics......
NumBasicDomIneqs: 867
NumNonReDomIneqs: 861
Duration: 0.3200 s 

original problem has 3747 variables (2997 bin, 0 int, 0 impl, 750 cont) and 23102 constraints

solve problem
=============

presolving:
(round 1, fast)       5 del vars, 546 del conss, 0 add conss, 150 chg bounds, 0 chg sides, 0 chg coeffs, 0 upgd conss, 0 impls, 861 clqs
   (0.1s) running MILP presolver
   (0.2s) MILP presolver (3 rounds): 152 aggregations, 2 fixings, 73 bound changes
(round 2, medium)     159 del vars, 546 del conss, 0 add conss, 223 chg bounds, 0 chg sides, 0 chg coeffs, 0 upgd conss, 0 impls, 861 clqs
(round 3, fast)       159 del vars, 698 del conss, 0 add conss, 223 chg bounds, 0 chg sides, 0 chg coeffs, 0 upgd conss, 0 impls, 861 clqs
(round 4, exhaustive) 159 del vars, 698 del conss, 0 add conss, 223 chg bounds, 0 chg sides, 0 chg coeffs, 21958 upgd conss, 0 impls, 861 clqs
   (0.4s) probing: 56/2996 (1.9%) - 0 fixings, 0 aggregations, 6 implications, 0 bound changes
   (0.4s) probing aborted: 50/50 successive totally useless probings
   (0.5s) symmetry computation started: requiring (bin +, int +, cont +), (fixed: bin -, int -, cont -)
   Symmetry detection interrupted: constraints of type chancecons do not provide symmetry information.
   If symmetries shall be detected, implement the CONSGETPERMSYMGRAPH callback.
   (0.5s) could not compute symmetry
presolving (5 rounds: 5 fast, 3 medium, 2 exhaustive):
 159 deleted vars, 698 deleted constraints, 0 added constraints, 223 tightened bounds, 0 added holes, 0 changed sides, 0 changed coefficients
 21958 implications, 867 cliques
presolved problem has 3588 variables (2996 bin, 0 int, 0 impl, 592 cont) and 22404 constraints
      1 constraints of type <chancecons>
  21958 constraints of type <varbound>
      1 constraints of type <knapsack>
    444 constraints of type <linear>
Presolving Time: 0.40

 time | node  | left  |LP iter|LP it/n|mem/heur|mdpt |vars |cons |rows |cuts |sepa|confs|strbr|  dualbound   | primalbound  |  gap   | compl. 
p 0.6s|     1 |     0 |   269 |     - |   locks|   0 |3588 |  22k|  22k|   0 |  0 |   0 |   0 | 0.000000e+00 | 1.056468e+06 |    Inf | unknown
  3.7s|     1 |     0 |  7781 |     - |   418M |   0 |3588 |  22k|  22k|   0 |  0 |   0 |   0 | 1.051067e+06 | 1.056468e+06 |   0.51%| unknown
  4.3s|     1 |     0 |  8446 |     - |   422M |   0 |3588 |  22k|  22k| 131 |  1 |   0 |   0 | 1.051495e+06 | 1.056468e+06 |   0.47%| unknown
  4.8s|     1 |     0 |  9068 |     - |   426M |   0 |3588 |  22k|  22k| 271 |  2 |   0 |   0 | 1.051846e+06 | 1.056468e+06 |   0.44%| unknown
  5.4s|     1 |     0 |  9629 |     - |   428M |   0 |3588 |  22k|  22k| 421 |  3 |   0 |   0 | 1.052108e+06 | 1.056468e+06 |   0.41%| unknown
  5.9s|     1 |     0 | 10222 |     - |   432M |   0 |3588 |  22k|  22k| 576 |  4 |   0 |   0 | 1.052304e+06 | 1.056468e+06 |   0.40%| unknown
  6.4s|     1 |     0 | 10695 |     - |   436M |   0 |3588 |  22k|  23k| 722 |  5 |   0 |   0 | 1.052492e+06 | 1.056468e+06 |   0.38%| unknown
  7.0s|     1 |     0 | 11157 |     - |   439M |   0 |3588 |  22k|  23k| 829 |  6 |   0 |   0 | 1.052608e+06 | 1.056468e+06 |   0.37%| unknown
  7.7s|     1 |     0 | 11906 |     - |   443M |   0 |3588 |  22k|  23k| 996 |  7 |   0 |   0 | 1.052752e+06 | 1.056468e+06 |   0.35%| unknown
  8.3s|     1 |     0 | 12576 |     - |   446M |   0 |3588 |  22k|  23k|1129 |  8 |   0 |   0 | 1.052881e+06 | 1.056468e+06 |   0.34%| unknown
  9.1s|     1 |     0 | 13219 |     - |   448M |   0 |3588 |  22k|  23k|1271 |  9 |   0 |   0 | 1.052985e+06 | 1.056468e+06 |   0.33%| unknown
  9.9s|     1 |     0 | 13876 |     - |   452M |   0 |3588 |  22k|  23k|1397 | 10 |   0 |   0 | 1.053081e+06 | 1.056468e+06 |   0.32%| unknown
 10.8s|     1 |     0 | 14913 |     - |   455M |   0 |3588 |  22k|  23k|1507 | 11 |   0 |   0 | 1.053172e+06 | 1.056468e+06 |   0.31%| unknown
 11.8s|     1 |     0 | 16179 |     - |   459M |   0 |3588 |  22k|  24k|1618 | 12 |   0 |   0 | 1.053242e+06 | 1.056468e+06 |   0.31%| unknown
 12.7s|     1 |     0 | 17166 |     - |   461M |   0 |3588 |  22k|  24k|1728 | 13 |   0 |   0 | 1.053294e+06 | 1.056468e+06 |   0.30%| unknown
 time | node  | left  |LP iter|LP it/n|mem/heur|mdpt |vars |cons |rows |cuts |sepa|confs|strbr|  dualbound   | primalbound  |  gap   | compl. 
 13.6s|     1 |     0 | 18244 |     - |   464M |   0 |3588 |  22k|  24k|1797 | 14 |   0 |   0 | 1.053362e+06 | 1.056468e+06 |   0.29%| unknown
 14.5s|     1 |     0 | 19246 |     - |   466M |   0 |3588 |  22k|  24k|1893 | 15 |   0 |   0 | 1.053402e+06 | 1.056468e+06 |   0.29%| unknown
 15.4s|     1 |     0 | 20387 |     - |   470M |   0 |3588 |  22k|  24k|1990 | 16 |   0 |   0 | 1.053455e+06 | 1.056468e+06 |   0.29%| unknown
 16.3s|     1 |     0 | 21390 |     - |   473M |   0 |3588 |  22k|  24k|2075 | 17 |   0 |   0 | 1.053486e+06 | 1.056468e+06 |   0.28%| unknown
 17.3s|     1 |     0 | 22597 |     - |   476M |   0 |3588 |  22k|  24k|2153 | 18 |   0 |   0 | 1.053519e+06 | 1.056468e+06 |   0.28%| unknown
o19.9s|     1 |     0 | 29270 |     - |feaspump|   0 |3588 |  22k|  24k|2153 | 18 |   0 |   0 | 1.053519e+06 | 1.054323e+06 |   0.08%| unknown
L27.8s|     1 |     0 | 29270 |     - |    rens|   0 |3588 |  22k|  24k|2153 | 18 |   0 |   0 | 1.053519e+06 | 1.054001e+06 |   0.05%| unknown
 28.0s|     1 |     0 | 29270 |     - |   478M |   0 |3588 |  22k|  24k|2153 | 18 |   0 |   0 | 1.053519e+06 | 1.054001e+06 |   0.05%| unknown
 28.2s|     1 |     0 | 29271 |     - |   478M |   0 |3588 |  22k|  24k|2153 | 18 |   0 |   0 | 1.053519e+06 | 1.054001e+06 |   0.05%| unknown
 29.1s|     1 |     0 | 30651 |     - |   480M |   0 |3588 |  22k|  24k|2259 | 19 |   0 |   0 | 1.053551e+06 | 1.054001e+06 |   0.04%| unknown
 29.5s|     1 |     0 | 30976 |     - |   481M |   0 |3588 |  22k|  24k|2285 | 20 |   0 |   0 | 1.053554e+06 | 1.054001e+06 |   0.04%| unknown
 45.4s|     1 |     2 | 30982 |     - |   481M |   0 |3588 |  22k|  24k|2285 | 20 |   0 |  37 | 1.053563e+06 | 1.054001e+06 |   0.04%| unknown
  153s|   100 |    27 | 63325 | 405.5 |   489M |  17 |3588 |  22k|  23k|3179 |  0 | 237 | 490 | 1.053603e+06 | 1.054001e+06 |   0.04%|   9.47%
L 166s|   133 |    32 | 71995 | 369.8 |    alns|  20 |3588 |  22k|  23k|3469 |  2 | 240 | 510 | 1.053603e+06 | 1.053996e+06 |   0.04%|   9.56%
  183s|   200 |    41 | 86009 | 315.7 |   490M |  32 |3588 |  22k|  23k|4030 |  0 | 243 | 534 | 1.053609e+06 | 1.053996e+06 |   0.04%|  15.40%
 time | node  | left  |LP iter|LP it/n|mem/heur|mdpt |vars |cons |rows |cuts |sepa|confs|strbr|  dualbound   | primalbound  |  gap   | compl. 
  210s|   300 |    69 |116222 | 311.2 |   493M |  34 |3588 |  22k|  23k|4476 |  1 | 484 | 561 | 1.053631e+06 | 1.053996e+06 |   0.03%|  17.64%
L 225s|   333 |    43 |128088 | 316.0 |crossove|  44 |3588 |  22k|  23k|4577 |  1 | 521 | 585 | 1.053631e+06 | 1.053898e+06 |   0.03%|  24.67%
  248s|   400 |    56 |155895 | 332.6 |   498M |  60 |3588 |  22k|  23k|4963 |  0 | 572 | 615 | 1.053631e+06 | 1.053898e+06 |   0.03%|  27.95%
  284s|   500 |    76 |191783 | 337.9 |   501M |  60 |3588 |  22k|  23k|5397 |  0 | 598 | 658 | 1.053662e+06 | 1.053898e+06 |   0.02%|  34.99%
  342s|   600 |    78 |246700 | 373.2 |   535M |  60 |3588 |  22k|  23k|6163 |  0 | 644 | 738 | 1.053665e+06 | 1.053898e+06 |   0.02%|  52.76%
  429s|   700 |    98 |338204 | 450.7 |   616M |  60 |3588 |  21k|  24k|7947 |  0 | 676 | 833 | 1.053681e+06 | 1.053898e+06 |   0.02%|  54.51%
  505s|   800 |   100 |419235 | 495.7 |   636M |  60 |3588 |  21k|  24k|9338 |  1 | 698 | 904 | 1.053708e+06 | 1.053898e+06 |   0.02%|  59.91%
  561s|   900 |   104 |476278 | 504.0 |   677M |  60 |3588 |  21k|  24k|9859 |  0 | 703 | 956 | 1.053720e+06 | 1.053898e+06 |   0.02%|  62.84%
  661s|  1000 |    94 |580338 | 557.7 |   740M |  60 |3588 |  21k|  24k|  11k|  3 | 800 |1151 | 1.053737e+06 | 1.053898e+06 |   0.02%|  63.23%
  757s|  1100 |    98 |666827 | 585.7 |   744M |  60 |3588 |  21k|  24k|  12k|  2 | 970 |1282 | 1.053742e+06 | 1.053898e+06 |   0.01%|  65.07%
  858s|  1200 |    86 |770084 | 622.9 |   747M |  60 |3588 |  21k|  24k|  12k|  8 |1133 |1438 | 1.053773e+06 | 1.053898e+06 |   0.01%|  67.10%
  991s|  1300 |    66 |903115 | 677.4 |   752M |  60 |3588 |  21k|  24k|  12k|  0 |1209 |1658 | 1.053788e+06 | 1.053898e+06 |   0.01%|  68.37%
 1136s|  1400 |    42 |  1037k| 724.7 |   762M |  60 |3588 |  21k|  24k|  13k|  3 |1289 |1851 | 1.053809e+06 | 1.053898e+06 |   0.01%|  79.34%

SCIP Status        : problem is solved [optimal solution found]
Solving Time (sec) : 1165.78
Solving Nodes      : 1448
Primal Bound       : +1.05389788339999e+06 (13 solutions)
Dual Bound         : +1.05389788339999e+06
Gap                : 0.00 %

primal solution (original space):
=================================

objective value:                     1053897.88339999
z#35                                                1 	(obj:0)
z#95                                                1 	(obj:0)
z#97                                                1 	(obj:0)
z#129                                               1 	(obj:0)
z#177                                               1 	(obj:0)
z#236                                               1 	(obj:0)
z#241                                               1 	(obj:0)
z#250                                               1 	(obj:0)
z#302                                               1 	(obj:0)
z#328                                               1 	(obj:0)
z#342                                               1 	(obj:0)
z#345                                               1 	(obj:0)
z#361                                               1 	(obj:0)
z#393                                               1 	(obj:0)
z#423                                               1 	(obj:0)
z#424                                               1 	(obj:0)
z#428                                               1 	(obj:0)
z#477                                               1 	(obj:0)
z#536                                               1 	(obj:0)
z#583                                               1 	(obj:0)
z#635                                               1 	(obj:0)
z#662                                               1 	(obj:0)
z#714                                               1 	(obj:0)
z#718                                               1 	(obj:0)
z#729                                               1 	(obj:0)
z#759                                               1 	(obj:0)
z#767                                               1 	(obj:0)
z#773                                               1 	(obj:0)
z#810                                               1 	(obj:0)
z#824                                               1 	(obj:0)
z#849                                               1 	(obj:0)
z#852                                               1 	(obj:0)
z#858                                               1 	(obj:0)
z#873                                               1 	(obj:0)
z#876                                               1 	(obj:0)
z#878                                               1 	(obj:0)
z#910                                               1 	(obj:0)
z#915                                               1 	(obj:0)
z#946                                               1 	(obj:0)
z#947                                               1 	(obj:0)
z#997                                               1 	(obj:0)
z#998                                               1 	(obj:0)
z#1005                                              1 	(obj:0)
z#1008                                              1 	(obj:0)
z#1018                                              1 	(obj:0)
z#1040                                              1 	(obj:0)
z#1045                                              1 	(obj:0)
z#1055                                              1 	(obj:0)
z#1068                                              1 	(obj:0)
z#1076                                              1 	(obj:0)
z#1080                                              1 	(obj:0)
z#1083                                              1 	(obj:0)
z#1086                                              1 	(obj:0)
z#1104                                              1 	(obj:0)
z#1127                                              1 	(obj:0)
z#1132                                              1 	(obj:0)
z#1136                                              1 	(obj:0)
z#1149                                              1 	(obj:0)
z#1154                                              1 	(obj:0)
z#1175                                              1 	(obj:0)
z#1181                                              1 	(obj:0)
z#1185                                              1 	(obj:0)
z#1220                                              1 	(obj:0)
z#1236                                              1 	(obj:0)
z#1269                                              1 	(obj:0)
z#1281                                              1 	(obj:0)
z#1285                                              1 	(obj:0)
z#1293                                              1 	(obj:0)
z#1299                                              1 	(obj:0)
z#1315                                              1 	(obj:0)
z#1318                                              1 	(obj:0)
z#1351                                              1 	(obj:0)
z#1355                                              1 	(obj:0)
z#1385                                              1 	(obj:0)
z#1413                                              1 	(obj:0)
z#1435                                              1 	(obj:0)
z#1447                                              1 	(obj:0)
z#1509                                              1 	(obj:0)
z#1523                                              1 	(obj:0)
z#1551                                              1 	(obj:0)
z#1585                                              1 	(obj:0)
z#1593                                              1 	(obj:0)
z#1597                                              1 	(obj:0)
z#1686                                              1 	(obj:0)
z#1704                                              1 	(obj:0)
z#1712                                              1 	(obj:0)
z#1714                                              1 	(obj:0)
z#1720                                              1 	(obj:0)
z#1722                                              1 	(obj:0)
z#1737                                              1 	(obj:0)
z#1739                                              1 	(obj:0)
z#1743                                              1 	(obj:0)
z#1780                                              1 	(obj:0)
z#1792                                              1 	(obj:0)
z#1795                                              1 	(obj:0)
z#1796                                              1 	(obj:0)
z#1799                                              1 	(obj:0)
z#1854                                              1 	(obj:0)
z#1858                                              1 	(obj:0)
z#1881                                              1 	(obj:0)
z#1900                                              1 	(obj:0)
z#1914                                              1 	(obj:0)
z#1962                                              1 	(obj:0)
z#1984                                              1 	(obj:0)
z#1991                                              1 	(obj:0)
z#2035                                              1 	(obj:0)
z#2053                                              1 	(obj:0)
z#2076                                              1 	(obj:0)
z#2090                                              1 	(obj:0)
z#2112                                              1 	(obj:0)
z#2119                                              1 	(obj:0)
z#2121                                              1 	(obj:0)
z#2144                                              1 	(obj:0)
z#2148                                              1 	(obj:0)
z#2198                                              1 	(obj:0)
z#2224                                              1 	(obj:0)
z#2245                                              1 	(obj:0)
z#2271                                              1 	(obj:0)
z#2292                                              1 	(obj:0)
z#2311                                              1 	(obj:0)
z#2321                                              1 	(obj:0)
z#2331                                              1 	(obj:0)
z#2335                                              1 	(obj:0)
z#2351                                              1 	(obj:0)
z#2370                                              1 	(obj:0)
z#2392                                              1 	(obj:0)
z#2436                                              1 	(obj:0)
z#2455                                              1 	(obj:0)
z#2574                                              1 	(obj:0)
z#2577                                              1 	(obj:0)
z#2598                                              1 	(obj:0)
z#2667                                              1 	(obj:0)
z#2669                                              1 	(obj:0)
z#2677                                              1 	(obj:0)
z#2680                                              1 	(obj:0)
z#2711                                              1 	(obj:0)
z#2740                                              1 	(obj:0)
z#2748                                              1 	(obj:0)
z#2755                                              1 	(obj:0)
z#2760                                              1 	(obj:0)
z#2770                                              1 	(obj:0)
z#2794                                              1 	(obj:0)
z#2810                                              1 	(obj:0)
z#2813                                              1 	(obj:0)
z#2819                                              1 	(obj:0)
z#2823                                              1 	(obj:0)
z#2880                                              1 	(obj:0)
z#2944                                              1 	(obj:0)
z#2952                                              1 	(obj:0)
z#2979                                              1 	(obj:0)
x#0                                          438.2142 	(obj:272)
x#3                                            33.326 	(obj:146)
x#4                                  44.0667999999999 	(obj:120)
x#9                                           605.064 	(obj:100)
x#17                                            1.875 	(obj:157)
x#18                                 695.366000000039 	(obj:126)
x#29                                0.605000000000018 	(obj:139)
x#31                                 698.381000000039 	(obj:131)
x#44                                0.640999999999963 	(obj:177)
x#45                                          699.297 	(obj:112)
x#54                              0.00900000000001455 	(obj:222)
x#55                              0.00699999999983447 	(obj:208)
x#56                                 559.974999999937 	(obj:133)
x#67                                          699.999 	(obj:105)
x#81                                              700 	(obj:103)
x#96                                              700 	(obj:102)
x#110                                             699 	(obj:151)
x#112                                               1 	(obj:119)
x#123                                             700 	(obj:103)
x#138                                             700 	(obj:150)
y#0                                          136.2388 	(obj:117)
y#8                                  3.76120000000003 	(obj:112)
y#28                                0.374999999961119 	(obj:111)
y#38                                 0.74799999996128 	(obj:101)
y#57                                 139.999999999984 	(obj:110)
u#0                                          438.2142 	(obj:0)
u#1                                          438.2142 	(obj:0)
u#2                                          438.2142 	(obj:0)
u#3                                          471.5402 	(obj:0)
u#4                                           515.607 	(obj:0)
u#5                                           515.607 	(obj:0)
u#6                                           515.607 	(obj:0)
u#7                                           515.607 	(obj:0)
u#8                                           515.607 	(obj:0)
u#9                                          1120.671 	(obj:0)
u#10                                         1120.671 	(obj:0)
u#11                                         1120.671 	(obj:0)
u#12                                         1120.671 	(obj:0)
u#13                                         1120.671 	(obj:0)
u#14                                         1120.671 	(obj:0)
u#15                                         682.4568 	(obj:0)
u#16                                         682.4568 	(obj:0)
u#17                                         684.3318 	(obj:0)
u#18                                 1346.37180000004 	(obj:0)
u#19                                 1302.30500000004 	(obj:0)
u#20                                 1302.30500000004 	(obj:0)
u#21                                 1302.30500000004 	(obj:0)
u#22                                 1302.30500000004 	(obj:0)
u#23                                 1302.30500000004 	(obj:0)
u#24                                 697.241000000039 	(obj:0)
u#25                                 697.241000000039 	(obj:0)
u#26                                 697.241000000039 	(obj:0)
u#27                                 697.241000000039 	(obj:0)
u#28                                 697.241000000039 	(obj:0)
u#29                                 697.846000000039 	(obj:0)
u#30                                 697.846000000039 	(obj:0)
u#31                                 1396.22700000008 	(obj:0)
u#32                                 1394.35200000008 	(obj:0)
u#33                                 698.986000000039 	(obj:0)
u#34                                 698.986000000039 	(obj:0)
u#35                                 698.986000000039 	(obj:0)
u#36                                 698.986000000039 	(obj:0)
u#37                                 698.986000000039 	(obj:0)
u#38                                 698.986000000039 	(obj:0)
u#39                                 698.986000000039 	(obj:0)
u#40                                 698.986000000039 	(obj:0)
u#41                                 698.986000000039 	(obj:0)
u#42                                 698.986000000039 	(obj:0)
u#43                                 698.986000000039 	(obj:0)
u#44                                 699.022000000039 	(obj:0)
u#45                                 1398.31900000004 	(obj:0)
u#46                                          699.938 	(obj:0)
u#47                                          699.938 	(obj:0)
u#48                                          699.938 	(obj:0)
u#49                                          699.938 	(obj:0)
u#50                                          699.938 	(obj:0)
u#51                                          699.938 	(obj:0)
u#52                                          699.938 	(obj:0)
u#53                                          699.938 	(obj:0)
u#54                                          699.947 	(obj:0)
u#55                                          699.954 	(obj:0)
u#56                                 1259.92899999994 	(obj:0)
u#57                                 1259.92899999994 	(obj:0)
u#58                                 1259.92899999994 	(obj:0)
u#59                                 1259.28799999994 	(obj:0)
u#60                                 559.990999999936 	(obj:0)
u#61                                 559.990999999936 	(obj:0)
u#62                                 559.990999999936 	(obj:0)
u#63                                 559.990999999936 	(obj:0)
u#64                                 559.990999999936 	(obj:0)
u#65                                 559.990999999936 	(obj:0)
u#66                                 559.990999999936 	(obj:0)
u#67                                 1259.98999999994 	(obj:0)
u#68                                 1259.98999999994 	(obj:0)
u#69                                 1259.98099999994 	(obj:0)
u#70                                 1259.97399999994 	(obj:0)
u#71                                          699.999 	(obj:0)
u#72                                          699.999 	(obj:0)
u#73                                          699.999 	(obj:0)
u#74                                          699.999 	(obj:0)
u#75                                          699.999 	(obj:0)
u#76                                          699.999 	(obj:0)
u#77                                          699.999 	(obj:0)
u#78                                          699.999 	(obj:0)
u#79                                          699.999 	(obj:0)
u#80                                          699.999 	(obj:0)
u#81                                         1399.999 	(obj:0)
u#82                                              700 	(obj:0)
u#83                                              700 	(obj:0)
u#84                                              700 	(obj:0)
u#85                                              700 	(obj:0)
u#86                                              700 	(obj:0)
u#87                                              700 	(obj:0)
u#88                                              700 	(obj:0)
u#89                                              700 	(obj:0)
u#90                                              700 	(obj:0)
u#91                                              700 	(obj:0)
u#92                                              700 	(obj:0)
u#93                                              700 	(obj:0)
u#94                                              700 	(obj:0)
u#95                                              700 	(obj:0)
u#96                                              700 	(obj:0)
u#97                                              700 	(obj:0)
u#98                                              700 	(obj:0)
u#99                                              700 	(obj:0)
u#100                                             700 	(obj:0)
u#101                                             700 	(obj:0)
u#102                                             700 	(obj:0)
u#103                                             700 	(obj:0)
u#104                                             700 	(obj:0)
u#105                                             700 	(obj:0)
u#106                                             700 	(obj:0)
u#107                                             700 	(obj:0)
u#108                                             700 	(obj:0)
u#109                                             700 	(obj:0)
u#110                                            1399 	(obj:0)
u#111                                             699 	(obj:0)
u#112                                             700 	(obj:0)
u#113                                             700 	(obj:0)
u#114                                             700 	(obj:0)
u#115                                             700 	(obj:0)
u#116                                             700 	(obj:0)
u#117                                             700 	(obj:0)
u#118                                             700 	(obj:0)
u#119                                             700 	(obj:0)
u#120                                             700 	(obj:0)
u#121                                             700 	(obj:0)
u#122                                             700 	(obj:0)
u#123                                            1400 	(obj:0)
u#124                                            1400 	(obj:0)
u#125                                             701 	(obj:0)
u#126                                             701 	(obj:0)
u#127                                             700 	(obj:0)
u#128                                             700 	(obj:0)
u#129                                             700 	(obj:0)
u#130                                             700 	(obj:0)
u#131                                             700 	(obj:0)
u#132                                             700 	(obj:0)
u#133                                             700 	(obj:0)
u#134                                             700 	(obj:0)
u#135                                             700 	(obj:0)
u#136                                             700 	(obj:0)
u#137                                             700 	(obj:0)
u#138                                             700 	(obj:0)
u#139                                             700 	(obj:0)
u#140                                             700 	(obj:0)
u#141                                             700 	(obj:0)
u#142                                             700 	(obj:0)
u#143                                             700 	(obj:0)
u#144                                             700 	(obj:0)
u#145                                             700 	(obj:0)
u#146                                             700 	(obj:0)
u#147                                             700 	(obj:0)
u#148                                             700 	(obj:0)
u#149                                             700 	(obj:0)
v#0                                          136.2388 	(obj:0)
v#1                                          136.2388 	(obj:0)
v#2                                          136.2388 	(obj:0)
v#3                                          136.2388 	(obj:0)
v#4                                          136.2388 	(obj:0)
v#5                                          136.2388 	(obj:0)
v#6                                          136.2388 	(obj:0)
v#7                                          136.2388 	(obj:0)
v#8                                               140 	(obj:0)
v#9                                               140 	(obj:0)
v#10                                 3.76120000000003 	(obj:0)
v#11                                 3.76119999999992 	(obj:0)
v#12                                 3.76119999999992 	(obj:0)
v#13                                 3.76119999999992 	(obj:0)
v#14                                 3.76120000000003 	(obj:0)
v#15                                 3.76120000000003 	(obj:0)
v#16                                 3.76120000000003 	(obj:0)
v#17                                 3.76120000000003 	(obj:0)
v#28                                0.374999999961119 	(obj:0)
v#29                                0.374999999961119 	(obj:0)
v#30                                0.374999999961119 	(obj:0)
v#31                                0.374999999961119 	(obj:0)
v#32                                0.374999999961119 	(obj:0)
v#33                                0.374999999961119 	(obj:0)
v#34                                0.374999999961119 	(obj:0)
v#35                                0.374999999961119 	(obj:0)
v#36                                0.374999999961119 	(obj:0)
v#37                                0.374999999961119 	(obj:0)
v#38                                 0.74799999996128 	(obj:0)
v#39                                 0.74799999996128 	(obj:0)
v#40                                 0.74799999996128 	(obj:0)
v#41                                 0.74799999996128 	(obj:0)
v#42                                 0.74799999996128 	(obj:0)
v#43                                 0.74799999996128 	(obj:0)
v#44                                 0.74799999996128 	(obj:0)
v#45                                0.747999999961166 	(obj:0)
v#46                                 0.74799999996128 	(obj:0)
v#47                                 0.74799999996128 	(obj:0)
v#57                                 139.999999999984 	(obj:0)
v#58                                 139.999999999984 	(obj:0)
v#59                                 139.999999999984 	(obj:0)
v#60                                 139.999999999984 	(obj:0)
v#61                                 139.999999999984 	(obj:0)
v#62                                 139.999999999984 	(obj:0)
v#63                                 139.999999999984 	(obj:0)
v#64                                 139.999999999984 	(obj:0)
v#65                                 139.999999999984 	(obj:0)
v#66                                 139.999999999984 	(obj:0)
w#0                                           574.453 	(obj:0)
w#1                                           574.453 	(obj:0)
w#2                                           574.453 	(obj:0)
w#3                                           607.779 	(obj:0)
w#4                                          651.8458 	(obj:0)
w#5                                          651.8458 	(obj:0)
w#6                                          651.8458 	(obj:0)
w#7                                          651.8458 	(obj:0)
w#8                                           655.607 	(obj:0)
w#9                                          1260.671 	(obj:0)
w#10                                        1124.4322 	(obj:0)
w#11                                        1124.4322 	(obj:0)
w#12                                        1124.4322 	(obj:0)
w#13                                        1124.4322 	(obj:0)
w#14                                        1124.4322 	(obj:0)
w#15                                          686.218 	(obj:0)
w#16                                          686.218 	(obj:0)
w#17                                          688.093 	(obj:0)
w#18                                 1346.37180000004 	(obj:0)
w#19                                 1302.30500000004 	(obj:0)
w#20                                 1302.30500000004 	(obj:0)
w#21                                 1302.30500000004 	(obj:0)
w#22                                 1302.30500000004 	(obj:0)
w#23                                 1302.30500000004 	(obj:0)
w#24                                 697.241000000039 	(obj:0)
w#25                                 697.241000000039 	(obj:0)
w#26                                 697.241000000039 	(obj:0)
w#27                                 697.241000000039 	(obj:0)
w#28                                          697.616 	(obj:0)
w#29                                          698.221 	(obj:0)
w#30                                          698.221 	(obj:0)
w#31                                 1396.60200000004 	(obj:0)
w#32                                 1394.72700000004 	(obj:0)
w#33                                          699.361 	(obj:0)
w#34                                          699.361 	(obj:0)
w#35                                          699.361 	(obj:0)
w#36                                          699.361 	(obj:0)
w#37                                          699.361 	(obj:0)
w#38                                          699.734 	(obj:0)
w#39                                          699.734 	(obj:0)
w#40                                          699.734 	(obj:0)
w#41                                          699.734 	(obj:0)
w#42                                          699.734 	(obj:0)
w#43                                          699.734 	(obj:0)
w#44                                           699.77 	(obj:0)
w#45                                         1399.067 	(obj:0)
w#46                                 700.685999999961 	(obj:0)
w#47                                 700.685999999961 	(obj:0)
w#48                                          699.938 	(obj:0)
w#49                                          699.938 	(obj:0)
w#50                                          699.938 	(obj:0)
w#51                                          699.938 	(obj:0)
w#52                                          699.938 	(obj:0)
w#53                                          699.938 	(obj:0)
w#54                                          699.947 	(obj:0)
w#55                                          699.954 	(obj:0)
w#56                                 1259.92899999994 	(obj:0)
w#57                                 1399.92899999992 	(obj:0)
w#58                                 1399.92899999992 	(obj:0)
w#59                                 1399.28799999992 	(obj:0)
w#60                                 699.990999999921 	(obj:0)
w#61                                 699.990999999921 	(obj:0)
w#62                                 699.990999999921 	(obj:0)
w#63                                 699.990999999921 	(obj:0)
w#64                                 699.990999999921 	(obj:0)
w#65                                 699.990999999921 	(obj:0)
w#66                                 699.990999999921 	(obj:0)
w#67                                 1259.98999999994 	(obj:0)
w#68                                 1259.98999999994 	(obj:0)
w#69                                 1259.98099999994 	(obj:0)
w#70                                 1259.97399999994 	(obj:0)
w#71                                          699.999 	(obj:0)
w#72                                          699.999 	(obj:0)
w#73                                          699.999 	(obj:0)
w#74                                          699.999 	(obj:0)
w#75                                          699.999 	(obj:0)
w#76                                          699.999 	(obj:0)
w#77                                          699.999 	(obj:0)
w#78                                          699.999 	(obj:0)
w#79                                          699.999 	(obj:0)
w#80                                          699.999 	(obj:0)
w#81                                         1399.999 	(obj:0)
w#82                                              700 	(obj:0)
w#83                                              700 	(obj:0)
w#84                                              700 	(obj:0)
w#85                                              700 	(obj:0)
w#86                                              700 	(obj:0)
w#87                                              700 	(obj:0)
w#88                                              700 	(obj:0)
w#89                                              700 	(obj:0)
w#90                                              700 	(obj:0)
w#91                                              700 	(obj:0)
w#92                                              700 	(obj:0)
w#93                                              700 	(obj:0)
w#94                                              700 	(obj:0)
w#95                                              700 	(obj:0)
w#96                                              700 	(obj:0)
w#97                                              700 	(obj:0)
w#98                                              700 	(obj:0)
w#99                                              700 	(obj:0)
w#100                                             700 	(obj:0)
w#101                                             700 	(obj:0)
w#102                                             700 	(obj:0)
w#103                                             700 	(obj:0)
w#104                                             700 	(obj:0)
w#105                                             700 	(obj:0)
w#106                                             700 	(obj:0)
w#107                                             700 	(obj:0)
w#108                                             700 	(obj:0)
w#109                                             700 	(obj:0)
w#110                                            1399 	(obj:0)
w#111                                             699 	(obj:0)
w#112                                             700 	(obj:0)
w#113                                             700 	(obj:0)
w#114                                             700 	(obj:0)
w#115                                             700 	(obj:0)
w#116                                             700 	(obj:0)
w#117                                             700 	(obj:0)
w#118                                             700 	(obj:0)
w#119                                             700 	(obj:0)
w#120                                             700 	(obj:0)
w#121                                             700 	(obj:0)
w#122                                             700 	(obj:0)
w#123                                            1400 	(obj:0)
w#124                                            1400 	(obj:0)
w#125                                             701 	(obj:0)
w#126                                             701 	(obj:0)
w#127                                             700 	(obj:0)
w#128                                             700 	(obj:0)
w#129                                             700 	(obj:0)
w#130                                             700 	(obj:0)
w#131                                             700 	(obj:0)
w#132                                             700 	(obj:0)
w#133                                             700 	(obj:0)
w#134                                             700 	(obj:0)
w#135                                             700 	(obj:0)
w#136                                             700 	(obj:0)
w#137                                             700 	(obj:0)
w#138                                             700 	(obj:0)
w#139                                             700 	(obj:0)
w#140                                             700 	(obj:0)
w#141                                             700 	(obj:0)
w#142                                             700 	(obj:0)
w#143                                             700 	(obj:0)
w#144                                             700 	(obj:0)
w#145                                             700 	(obj:0)
w#146                                             700 	(obj:0)
w#147                                             700 	(obj:0)
w#148                                             700 	(obj:0)
w#149                                             700 	(obj:0)

Statistics
==========

SCIP Status        : problem is solved [optimal solution found]
Total Time         :    1166.75
  solving          :    1165.78
  presolving       :       0.40 (included in solving)
  reading          :       0.97
  copying          :       0.89 (13 #copies) (minimal 0.05, maximal 0.09, average 0.07)
Original Problem   :
  Problem name     : 150-3000-2
  Variables        : 3747 (2997 binary, 0 integer, 0 implicit integer, 750 continuous)
  Constraints      : 23102 initial, 23102 maximal
  Objective        : minimize, 300 non-zeros (abs.min = 100, abs.max = 300)
Presolved Problem  :
  Problem name     : t_150-3000-2
  Variables        : 3588 (2996 binary, 0 integer, 0 implicit integer, 592 continuous)
  Constraints      : 22404 initial, 22404 maximal
  Objective        : minimize, 298 non-zeros (abs.min = 100, abs.max = 300)
  Nonzeros         : 51264 constraint, 420 clique table
Presolvers         :   ExecTime  SetupTime  Calls  FixedVars   AggrVars   ChgTypes  ChgBounds   AddHoles    DelCons    AddCons   ChgSides   ChgCoefs
  boundshift       :       0.00       0.00      0          0          0          0          0          0          0          0          0          0
  convertinttobin  :       0.00       0.00      0          0          0          0          0          0          0          0          0          0
  domcol           :       0.04       0.00      1          0          0          0          0          0          0          0          0          0
  dualagg          :       0.00       0.00      0          0          0          0          0          0          0          0          0          0
  dualcomp         :       0.02       0.00      1          0          0          0          0          0          0          0          0          0
  dualinfer        :       0.00       0.00      0          0          0          0          0          0          0          0          0          0
  dualsparsify     :       0.11       0.00      1          0          0          0          0          0          0          0          0          0
  gateextraction   :       0.00       0.00      0          0          0          0          0          0          0          0          0          0
  implics          :       0.00       0.00      3          0          0          0          0          0          0          0          0          0
  inttobinary      :       0.00       0.00      0          0          0          0          0          0          0          0          0          0
  milp             :       0.06       0.00      1          2        152          0         73          0          0          0          0          0
  qpkktref         :       0.00       0.00      0          0          0          0          0          0          0          0          0          0
  redvub           :       0.00       0.00      0          0          0          0          0          0          0          0          0          0
  sparsify         :       0.02       0.00      1          0          0          0          0          0          0          0          0          0
  stuffing         :       0.00       0.00      0          0          0          0          0          0          0          0          0          0
  trivial          :       0.00       0.00      5          0          0          0          0          0          0          0          0          0
  tworowbnd        :       0.00       0.00      0          0          0          0          0          0          0          0          0          0
  dualfix          :       0.00       0.00      5          1          0          0          0          0          0          0          0          0
  genvbounds       :       0.00       0.00      0          0          0          0          0          0          0          0          0          0
  probing          :       0.02       0.00      1          0          0          0          0          0          0          0          0          0
  pseudoobj        :       0.00       0.00      0          0          0          0          0          0          0          0          0          0
  symmetry         :       0.00       0.00      1          0          0          0          0          0          0          0          0          0
  vbounds          :       0.00       0.00      1          0          0          0          0          0          0          0          0          0
  chancecons       :       0.00       0.00      1          0          0          0          0          0          0          0          0          0
  varbound         :       0.02       0.00      2          0          0          0          0          0          0          0          0          0
  knapsack         :       0.00       0.00      0          0          0          0          0          0          0          0          0          0
  linear           :       0.08       0.01      7          0          4          0        150          0        698          0          0          0
  logicor          :       0.00       0.00      0          0          0          0          0          0          0          0          0          0
  bounddisjunction :       0.00       0.00      0          0          0          0          0          0          0          0          0          0
  benders          :       0.00       0.00      0          0          0          0          0          0          0          0          0          0
  components       :       0.00       0.00      1          0          0          0          0          0          0          0          0          0
  root node        :          -          -      -         21          -          -       4043          -          -          -          -          -
Constraints        :     Number  MaxNumber  #Separate #Propagate    #EnfoLP    #EnfoRelax  #EnfoPS    #Check   #ResProp    Cutoffs    DomReds       Cuts    Applied      Conss   Children
  benderslp        :          0          0          0          0       1074          0          0        446          0          0          0          0          0          0          0
  chancecons       :          1          1        372      51895          0          0          0          0          0          1        327       9179       7160          0          0
  integral         :          0          0          0          0       1074          0          0        446          0          0       1664          0          0        289       1482
  varbound         :      21958      21958         19      50976          0          0          0        441       4031          4      67134          0          0          0          0
  knapsack         :          1          1         19      51925          0          0          0         15          0         19          0          0          0          0          0
  linear           :        444        444         19      52725          0          0          0         16          0          0      23073          0          0          0          0
  logicor          :          0+        54          0        903          0          0          0          0          1          0          2          0          0          0          0
  bounddisjunction :          0+       156          0       2747          0          0          0          0        187          9         16          0          0          0          0
  benders          :          0          0          0          0          0          0          0         14          0          0          0          0          0          0          0
  fixedvar         :          0          0          0          0          0          0          0         14          0          0          0          0          0          0          0
  countsols        :          0          0          0          0          0          0          0         14          0          0          0          0          0          0          0
  components       :          0          0          0          0          0          0          0          0          0          0          0          0          0          0          0
Constraint Timings :  TotalTime  SetupTime   Separate  Propagate     EnfoLP     EnfoPS     EnfoRelax   Check    ResProp    SB-Prop
  benderslp        :       0.00       0.00       0.00       0.00       0.00       0.00       0.00       0.00       0.00       0.00
  chancecons       :       3.79       0.00       0.49       2.96       0.00       0.00       0.00       0.00       0.00       0.33
  integral         :     432.77       0.00       0.00       0.00     432.77       0.00       0.00       0.00       0.00       0.00
  varbound         :       2.06       0.00       0.06       1.50       0.00       0.00       0.00       0.11       0.00       0.38
  knapsack         :       0.46       0.00       0.41       0.04       0.00       0.00       0.00       0.00       0.00       0.01
  linear           :       0.34       0.01       0.06       0.18       0.00       0.00       0.00       0.00       0.00       0.09
  logicor          :       0.00       0.00       0.00       0.00       0.00       0.00       0.00       0.00       0.00       0.00
  bounddisjunction :       0.02       0.00       0.00       0.02       0.00       0.00       0.00       0.00       0.00       0.01
  benders          :       0.00       0.00       0.00       0.00       0.00       0.00       0.00       0.00       0.00       0.00
  fixedvar         :       0.00       0.00       0.00       0.00       0.00       0.00       0.00       0.00       0.00       0.00
  countsols        :       0.00       0.00       0.00       0.00       0.00       0.00       0.00       0.00       0.00       0.00
  components       :       0.00       0.00       0.00       0.00       0.00       0.00       0.00       0.00       0.00       0.00
Propagators        : #Propagate   #ResProp    Cutoffs    DomReds
  dualfix          :          9          0          0          0
  genvbounds       :          0          0          0          0
  nlobbt           :          0          0          0          0
  obbt             :          0          0          0          0
  probing          :          0          0          0          0
  pseudoobj        :       7142          0          0        405
  redcost          :       4708          0          0     212595
  rootredcost      :          3          0          0        429
  symmetry         :          0          0          0          0
  vbounds          :      38708          0          0          0
Propagator Timings :  TotalTime  SetupTime   Presolve  Propagate    ResProp    SB-Prop
  dualfix          :       0.00       0.00       0.00       0.00       0.00       0.00
  genvbounds       :       0.01       0.00       0.00       0.01       0.00       0.00
  nlobbt           :       0.00       0.00       0.00       0.00       0.00       0.00
  obbt             :       0.00       0.00       0.00       0.00       0.00       0.00
  probing          :       0.02       0.00       0.02       0.00       0.00       0.00
  pseudoobj        :       0.08       0.00       0.00       0.08       0.00       0.00
  redcost          :       0.89       0.00       0.00       0.88       0.00       0.00
  rootredcost      :       0.01       0.00       0.00       0.01       0.00       0.00
  symmetry         :       0.01       0.00       0.00       0.01       0.00       0.00
  vbounds          :       0.16       0.00       0.00       0.15       0.00       0.00
Symmetry           :
  orbitopal red.   :          0 reductions applied,          0 cutoffs
  orbital reduction:          0 reductions applied,          0 cutoffs
  lexicographic red:          0 reductions applied,          0 cutoffs
  shadow tree time :       0.00 s
Conflict Analysis  :       Time      Calls    Success    DomReds  Conflicts   Literals    Reconvs ReconvLits   Dualrays   Nonzeros   LP Iters   (pool size: [10000,10000])
  propagation      :       0.00         32          9          -          9       46.9          0        0.0          -          -          -
  infeasible LP    :       0.00          0          0          -          0        0.0          0        0.0          0        0.0          0
  bound exceed. LP :       8.19       1202       1277          -        595       98.9          0        0.0        988        1.0       9038
  strong branching :       0.00          0          0          -          0        0.0          0        0.0          -          -          0
  pseudo solution  :       0.00          0          0          -          0        0.0          0        0.0          -          -          -
  applied globally :       0.01          -          -        988        303       89.8          -          -        988          -          -
  applied locally  :          -          -          -          0          0        0.0          -          -          0          -          -
Separators         :   ExecTime  SetupTime      Calls  RootCalls    Cutoffs    DomReds  FoundCuts ViaPoolAdd  DirectAdd    Applied ViaPoolApp  DirectApp      Conss
  cut pool         :       0.22          -        538         38          -          -      13883      67325          -          -          -          -          -    (maximal pool size:      11697)
  aggregation      :       1.64       0.00        260         19          0          0      11481      53084          0       4356       4356          0          0
  > cmir           :          -          -          -          -          -          -          -      53001          0       4355       4355          0          -
  > flowcover      :          -          -          -          -          -          -          -         83          0          1          1          0          -
  > knapsackcover  :          -          -          -          -          -          -          -          0          0          0          0          0          -
  cgmip            :       0.00       0.00          0          0          0          0          0          0          0          0          0          0          0
  clique           :       0.06       0.00         19         19          0          0          0          0          0          0          0          0          0
  closecuts        :       0.00       0.00          0          0          0          0          0          0          0          0          0          0          0
  convexproj       :       0.00       0.00          0          0          0          0          0          0          0          0          0          0          0
  disjunctive      :       0.00       0.00          0          0          0          0          0          0          0          0          0          0          0
  eccuts           :       0.00       0.00          0          0          0          0          0          0          0          0          0          0          0
  gauge            :       0.00       0.00          0          0          0          0          0          0          0          0          0          0          0
  gomory           :       2.96       0.00        125         10          0          0       2361      14097          0       1553       1553          0          0
  > gomorymi       :          -          -          -          -          -          -          -      14097          0       1553       1553          0          -
  > strongcg       :          -          -          -          -          -          -          -          0          0          0          0          0          -
  impliedbounds    :       0.06       0.00        260         19          0          0         41        144          0         56         56          0          0
  interminor       :       0.00       0.00          0          0          0          0          0          0          0          0          0          0          0
  intobj           :       0.00       0.00          0          0          0          0          0          0          0          0          0          0          0
  lagromory        :       0.00       0.00          0          0          0          0          0          0          0          0          0          0          0
  mcf              :       0.00       0.00          1          1          0          0          0          0          0          0          0          0          0
  minor            :       0.00       0.00         10         10          0          0          0          0          0          0          0          0          0
  mixing           :       0.00       0.00          0          0          0          0          0          0          0          0          0          0          0
  oddcycle         :       0.00       0.00          0          0          0          0          0          0          0          0          0          0          0
  rapidlearning    :       0.00       0.00          0          0          0          0          0          0          0          0          0          0          0
  rlt              :       0.00       0.00         10         10          0          0          0          0          0          0          0          0          0
  zerohalf         :       0.25       0.00        134         19          0          0          0          0          0          0          0          0          0
Cutselectors       :   ExecTime  SetupTime      Calls  RootCalls   Selected     Forced   Filtered  RootSelec   RootForc   RootFilt 
  hybrid           :       0.15       0.00        420         20      13125          0      63379       2285          0      19861
  ensemble         :       0.00       0.00          0          0          0          0          0          0          0          0
  dynamic          :       0.00       0.00          0          0          0          0          0          0          0          0
Pricers            :   ExecTime  SetupTime      Calls       Vars
  problem variables:       0.00          -          0          0
Branching Rules    :   ExecTime  SetupTime   BranchLP  BranchExt   BranchPS    Cutoffs    DomReds       Cuts      Conss   Children
  allfullstrong    :       0.00       0.00          0          0          0          0          0          0          0          0
  cloud            :       0.00       0.00          0          0          0          0          0          0          0          0
  distribution     :       0.00       0.00          0          0          0          0          0          0          0          0
  fullstrong       :       0.00       0.00          0          0          0          0          0          0          0          0
  gomory           :       0.00       0.00          0          0          0          0          0          0          0          0
  inference        :       0.00       0.00          0          0          0          0          0          0          0          0
  leastinf         :       0.00       0.00          0          0          0          0          0          0          0          0
  lookahead        :       0.00       0.00          0          0          0          0          0          0          0          0
  mostinf          :       0.00       0.00          0          0          0          0          0          0          0          0
  multaggr         :       0.00       0.00          0          0          0          0          0          0          0          0
  nodereopt        :       0.00       0.00          0          0          0          0          0          0          0          0
  pscost           :       0.00       0.00          0          0          0          0          0          0          0          0
  random           :       0.00       0.00          0          0          0          0          0          0          0          0
  relpscost        :     432.77       0.00       1074          0          0          0       1664          0        290       1482
  vanillafullstrong:       0.00       0.00          0          0          0          0          0          0          0          0
Primal Heuristics  :   ExecTime  SetupTime      Calls      Found       Best
  LP solutions     :       0.00          -          -          0          0
  relax solutions  :       0.00          -          -          0          0
  pseudo solutions :       0.00          -          -          0          0
  strong branching :       0.01          -          -          0          0
  actconsdiving    :       0.00       0.00          0          0          0
  adaptivediving   :       3.52       0.00          2          0          0
  alns             :       2.67       0.00          5          1          1
  bound            :       0.00       0.00          0          0          0
  clique           :       0.09       0.00          1          0          0
  coefdiving       :       0.00       0.00          0          0          0
  completesol      :       0.00       0.00          0          0          0
  conflictdiving   :       0.07       0.00          1          0          0
  crossover        :       0.72       0.00          4          3          1
  dins             :       0.00       0.00          0          0          0
  distributiondivin:       0.32       0.00          1          0          0
  dps              :       0.00       0.00          0          0          0
  dualval          :       0.00       0.00          0          0          0
  farkasdiving     :       0.00       0.00          0          0          0
  feaspump         :       1.34       0.00          1          1          1
  fixandinfer      :       0.00       0.00          0          0          0
  fracdiving       :       0.46       0.00          1          0          0
  gins             :       0.02       0.00          0          0          0
  guideddiving     :       0.96       0.00          1          0          0
  indicator        :       0.00       0.00          0          0          0
  indicatordiving  :       0.00       0.00          0          0          0
  intdiving        :       0.00       0.00          0          0          0
  intshifting      :       2.14       0.00          4          0          0
  linesearchdiving :       2.06       0.00          1          0          0
  localbranching   :       0.00       0.00          0          0          0
  locks            :       0.08       0.00          1          1          1
  lpface           :       0.00       0.00          0          0          0
  mpec             :       0.00       0.00          0          0          0
  multistart       :       0.00       0.00          0          0          0
  mutation         :       0.00       0.00          0          0          0
  nlpdiving        :       0.00       0.00          0          0          0
  objpscostdiving  :       2.75       0.00          1          1          0
  octane           :       0.00       0.00          0          0          0
  ofins            :       0.00       0.00          0          0          0
  oneopt           :       0.01       0.00          4          0          0
  padm             :       0.00       0.00          0          0          0
  proximity        :       0.00       0.00          0          0          0
  pscostdiving     :       1.21       0.00          2          0          0
  randrounding     :       1.71       0.00        425          0          0
  rens             :       7.88       0.00          1          1          1
  reoptsols        :       0.00       0.00          0          0          0
  repair           :       0.00       0.00          0          0          0
  rins             :       3.38       0.00          4          4          0
  rootsoldiving    :       0.81       0.00          1          1          0
  rounding         :       0.52       0.00        549          0          0
  scheduler        :       0.00       0.00          0          0          0
  shiftandpropagate:       0.00       0.00          0          0          0
  shifting         :      17.71       0.00        321          0          0
  simplerounding   :       0.00       0.00          0          0          0
  subnlp           :       0.00       0.00          0          0          0
  trivial          :       0.00       0.00          2          0          0
  trivialnegation  :       0.00       0.00          0          0          0
  trustregion      :       0.00       0.00          0          0          0
  trysol           :       0.00       0.00          0          0          0
  twoopt           :       0.00       0.00          0          0          0
  undercover       :       0.00       0.00          0          0          0
  vbounds          :       0.31       0.00          1          0          0
  veclendiving     :       1.55       0.00          1          0          0
  zeroobj          :       0.00       0.00          0          0          0
  zirounding       :       0.95       0.00        741          0          0
  other solutions  :          -          -          -          0          -
LNS (Scheduler)    :      Calls  SetupTime  SolveTime SolveNodes       Sols       Best       Exp3    Exp3-IX  EpsGreedy        UCB TgtFixRate  Opt  Inf Node Stal  Sol  Usr Othr Actv
  rens             :          0       0.00       0.00          0          0          0    0.00000    0.12500   -1.00000    1.00000      0.900    0    0    0    0    0    0    0    1
  rins             :          0       0.00       0.00          0          0          0    0.00000    0.12500   -1.00000    1.00000      0.900    0    0    0    0    0    0    0    1
  mutation         :          0       0.00       0.00          0          0          0    0.00000    0.12500   -1.00000    1.00000      0.900    0    0    0    0    0    0    0    1
  localbranching   :          0       0.00       0.00          0          0          0    0.00000    0.12500   -1.00000    1.00000      0.900    0    0    0    0    0    0    0    1
  crossover        :          0       0.00       0.00          0          0          0    0.00000    0.12500   -1.00000    1.00000      0.900    0    0    0    0    0    0    0    1
  proximity        :          0       0.00       0.00          0          0          0    0.00000    0.12500   -1.00000    1.00000      0.900    0    0    0    0    0    0    0    1
  zeroobjective    :          0       0.00       0.00          0          0          0    0.00000    0.12500   -1.00000    1.00000      0.900    0    0    0    0    0    0    0    1
  dins             :          0       0.00       0.00          0          0          0    0.00000    0.12500   -1.00000    1.00000      0.900    0    0    0    0    0    0    0    1
  trustregion      :          0       0.00       0.00          0          0          0    0.00000    0.00000   -1.00000    1.00000      0.900    0    0    0    0    0    0    0    0
LP                 :       Time      Calls Iterations  Iter/call   Iter/sec  Time-0-It Calls-0-It    ItLimit
  primal LP        :       0.48        210          4       4.00       8.32       0.46        209
  dual LP          :     660.34       4031    1038836     328.54    1573.18       2.24        869
  lex dual LP      :       0.00          0          0       0.00          -
  barrier LP       :       0.00          0          0       0.00          -       0.00          0
  resolve instable :       0.00          0          0       0.00          -
  diving/probing LP:      14.14        355      28860      81.30    2041.40
  strong branching :     414.75       1886     636564     337.52    1534.81          -          -        698
    (at root node) :          -         37      24536     663.14          -
  conflict analysis:       6.43        905       9038       9.99    1405.31
B&B Tree           :
  number of runs   :          1
  nodes            :       1448 (741 internal, 707 leaves)
  feasible leaves  :          0
  infeas. leaves   :         10
  objective leaves :        697
  nodes (total)    :       1448 (741 internal, 707 leaves)
  nodes left       :          0
  max depth        :         60
  max depth (total):         60
  backtracks       :        377 (26.0%)
  early backtracks :          0 (0.0%)
  nodes exc. ref.  :          0 (0.0%)
  delayed cutoffs  :          0
  repropagations   :        643 (3404 domain reductions, 0 cutoffs)
  avg switch length:       9.07
  switching time   :       1.52
Root Node          :
  First LP value   : +1.05106680002224e+06
  First LP Iters   :       6658 (2468.48 Iter/sec)
  First LP Time    :       2.70
  Final Dual Bound : +1.05356292126161e+06
  Final Root Iters :      23180
  Root LP Estimate : +1.05421716517615e+06
Solution           :
  Solutions found  :         13 (5 improvements)
  First Solution   : +1.05646752900000e+06   (in run 1, after 1 nodes, 0.65 seconds, depth 151, found by <locks>)
  Gap First Sol.   :   infinite
  Gap Last Sol.    :       0.03 %
  Primal Bound     : +1.05389788339999e+06   (in run 1, after 333 nodes, 224.56 seconds, depth 44, found by <crossover>)
  Dual Bound       : +1.05389788339999e+06
  Gap              :       0.00 %
Integrals          :      Total       Avg%
  primal-dual      :     395.58       0.34
  primal-ref       :          -          - (not evaluated)
  dual-ref         :          -          - (not evaluated)

 Branching Statistics...

 Total number of propagations -> 51895

 Number of cutoffs of KnaCons -> 0

 Total number of variables fixed to 1 by the propagator -> 0

 Total number of variables fixed to 0 by the propagator -> 327

 Maximum number of rounds of the approximation algorithm -> 0

 Runtime of the exact algorithm -> 0.0000 s

 Total number of variables fixed to 1 in the exact algorithm -> 0

 Total number of variables fixed to 0 in the exact algorithm -> 0

 Number of cutoffs in the exact algorithm -> 0

 Number of cutoffs in the approximation algorithm -> 0

 PS:  
