***************************************
*         SCIP-based CCP Solver       *
*                                     *
*    Wei Lv and Wei-Kun Chen (2024)   *
***************************************
/share/home/wangzhaowei/lvwei/scipoptsuite-9.1.0/build/bin/examples/ccp -f CCMPPData/20-2000-0.ccmpp -s CCMPPSetting/DB05.set 
SCIP version 9.1.0 [precision: 8 byte] [memory: block] [mode: optimized] [LP solver: Soplex 7.1.0] [GitHash: 8cab0278ba]
Copyright (c) 2002-2024 Zuse Institute Berlin (ZIB)

External libraries: 
  Soplex 7.1.0         Linear Programming Solver developed at Zuse Institute Berlin (soplex.zib.de) [GitHash: 595bfac9]
  CppAD 20180000.0     Algorithmic Differentiation of C++ algorithms developed by B. Bell (github.com/coin-or/CppAD)
  ZLIB 1.2.7           General purpose compression library by J. Gailly and M. Adler (zlib.net)
  GMP 6.0.0            GNU Multiple Precision Arithmetic Library developed by T. Granlund (gmplib.org)
  AMPL/MP 690e9e7      AMPL .nl file reader library (github.com/ampl/mp)
  PaPILO 2.3.0         parallel presolve for integer and linear optimization (github.com/scipopt/papilo) (built with TBB) [GitHash: 4b8ce6ed]
  Nauty 2.8.8          Computing Graph Automorphism Groups by Brendan D. McKay (users.cecs.anu.edu.au/~bdm/nauty)
  sassy 1.1            Symmetry preprocessor by Markus Anders (github.com/markusa4/sassy)

reading user parameter file <CCMPPSetting/DB05.set>

read problem <CCMPPData/20-2000-0.ccmpp>
============

File name: 	CCMPPData/20-2000-0.ccmpp
Problem name:	20-2000-0
Dimension: 	20
NumScenario: 	2000
ConfidenceParameter: 	0.05
IsEqualProbability: 	1
BnC+MIX+DI: 	0
BnC+MIX+sDI: 	0
DB: 	1
DB+OPF: 	0
Dominance and Aggregation Statistics......
NumEdge:        1502925
NumBiEdge: 	269032
NumDomIneqs: 	1233893
DominanceRatio: 0.6173
NumAggScenario: 835 
BasicNumScenario: 834 
Propagator Statistics......
NumBasicDomIneqs: 12735
NumNonReDomIneqs: 1711
Duration: 0.0200 s 

original problem has 935 variables (835 bin, 0 int, 0 impl, 100 cont) and 1611 constraints

solve problem
=============

presolving:
(round 1, fast)       5 del vars, 38 del conss, 0 add conss, 20 chg bounds, 0 chg sides, 0 chg coeffs, 0 upgd conss, 0 impls, 1711 clqs
   (0.0s) running MILP presolver
   (0.0s) MILP presolver (3 rounds): 22 aggregations, 3 fixings, 6 bound changes
(round 2, medium)     30 del vars, 38 del conss, 0 add conss, 26 chg bounds, 0 chg sides, 0 chg coeffs, 0 upgd conss, 0 impls, 1711 clqs
(round 3, fast)       30 del vars, 60 del conss, 0 add conss, 26 chg bounds, 0 chg sides, 0 chg coeffs, 0 upgd conss, 0 impls, 1711 clqs
(round 4, exhaustive) 30 del vars, 60 del conss, 0 add conss, 26 chg bounds, 0 chg sides, 0 chg coeffs, 1495 upgd conss, 0 impls, 1711 clqs
   (0.1s) probing cycle finished: starting next cycle
   (0.2s) symmetry computation started: requiring (bin +, int +, cont +), (fixed: bin -, int -, cont -)
   Symmetry detection interrupted: constraints of type chancecons do not provide symmetry information.
   If symmetries shall be detected, implement the CONSGETPERMSYMGRAPH callback.
   (0.2s) could not compute symmetry
presolving (5 rounds: 5 fast, 3 medium, 2 exhaustive):
 30 deleted vars, 60 deleted constraints, 0 added constraints, 26 tightened bounds, 0 added holes, 0 changed sides, 0 changed coefficients
 1989 implications, 4349 cliques
presolved problem has 905 variables (834 bin, 0 int, 0 impl, 71 cont) and 1551 constraints
      1 constraints of type <chancecons>
   1495 constraints of type <varbound>
     55 constraints of type <linear>
Presolving Time: 0.15

 time | node  | left  |LP iter|LP it/n|mem/heur|mdpt |vars |cons |rows |cuts |sepa|confs|strbr|  dualbound   | primalbound  |  gap   | compl. 
p 0.2s|     1 |     0 |    41 |     - |  clique|   0 | 905 |1551 |1550 |   0 |  0 |   0 |   0 | 0.000000e+00 | 1.985318e+05 |    Inf | unknown
  0.3s|     1 |     0 |   739 |     - |    42M |   0 | 905 |1557 |1550 |   0 |  0 |   6 |   0 | 1.961254e+05 | 1.985318e+05 |   1.23%| unknown
  0.3s|     1 |     0 |   841 |     - |    42M |   0 | 905 |1557 |1596 |  46 |  1 |   6 |   0 | 1.963758e+05 | 1.985318e+05 |   1.10%| unknown
  0.3s|     1 |     0 |   947 |     - |    43M |   0 | 905 |1557 |1648 |  98 |  2 |   6 |   0 | 1.966211e+05 | 1.985318e+05 |   0.97%| unknown
  0.4s|     1 |     0 |  1073 |     - |    45M |   0 | 905 |1557 |1706 | 156 |  3 |   6 |   0 | 1.967799e+05 | 1.985318e+05 |   0.89%| unknown
  0.4s|     1 |     0 |  1231 |     - |    45M |   0 | 905 |1557 |1776 | 226 |  4 |   6 |   0 | 1.969271e+05 | 1.985318e+05 |   0.81%| unknown
  0.5s|     1 |     0 |  1427 |     - |    46M |   0 | 905 |1557 |1823 | 273 |  5 |   6 |   0 | 1.970218e+05 | 1.985318e+05 |   0.77%| unknown
  0.5s|     1 |     0 |  1529 |     - |    47M |   0 | 905 |1557 |1860 | 310 |  6 |   6 |   0 | 1.970936e+05 | 1.985318e+05 |   0.73%| unknown
  0.5s|     1 |     0 |  1619 |     - |    47M |   0 | 905 |1557 |1885 | 335 |  7 |   6 |   0 | 1.971400e+05 | 1.985318e+05 |   0.71%| unknown
  0.6s|     1 |     0 |  1726 |     - |    48M |   0 | 905 |1557 |1914 | 364 |  8 |   6 |   0 | 1.971738e+05 | 1.985318e+05 |   0.69%| unknown
  0.6s|     1 |     0 |  1852 |     - |    50M |   0 | 905 |1557 |1946 | 396 |  9 |   6 |   0 | 1.972065e+05 | 1.985318e+05 |   0.67%| unknown
  0.6s|     1 |     0 |  1852 |     - |    50M |   0 | 905 |1557 |1946 | 396 |  9 |   6 |   0 | 1.972065e+05 | 1.985318e+05 |   0.67%| unknown
  0.7s|     1 |     0 |  1959 |     - |    51M |   0 | 905 |1557 |1961 | 415 | 10 |   6 |   0 | 1.972196e+05 | 1.985318e+05 |   0.67%| unknown
  0.7s|     1 |     0 |  2064 |     - |    51M |   0 | 905 |1557 |1996 | 451 | 11 |   6 |   0 | 1.972331e+05 | 1.985318e+05 |   0.66%| unknown
  0.8s|     1 |     0 |  2175 |     - |    53M |   0 | 905 |1557 |2008 | 463 | 12 |   6 |   0 | 1.972476e+05 | 1.985318e+05 |   0.65%| unknown
 time | node  | left  |LP iter|LP it/n|mem/heur|mdpt |vars |cons |rows |cuts |sepa|confs|strbr|  dualbound   | primalbound  |  gap   | compl. 
  0.8s|     1 |     0 |  2230 |     - |    53M |   0 | 905 |1557 |2019 | 474 | 13 |   6 |   0 | 1.972533e+05 | 1.985318e+05 |   0.65%| unknown
  0.8s|     1 |     0 |  2297 |     - |    53M |   0 | 905 |1557 |2030 | 485 | 14 |   6 |   0 | 1.972615e+05 | 1.985318e+05 |   0.64%| unknown
  0.9s|     1 |     0 |  2372 |     - |    54M |   0 | 905 |1557 |2043 | 498 | 15 |   6 |   0 | 1.972710e+05 | 1.985318e+05 |   0.64%| unknown
  0.9s|     1 |     0 |  2429 |     - |    54M |   0 | 905 |1557 |2055 | 510 | 16 |   6 |   0 | 1.972762e+05 | 1.985318e+05 |   0.64%| unknown
  0.9s|     1 |     0 |  2509 |     - |    54M |   0 | 905 |1557 |1941 | 526 | 17 |   6 |   0 | 1.972838e+05 | 1.985318e+05 |   0.63%| unknown
  1.0s|     1 |     0 |  2602 |     - |    55M |   0 | 905 |1557 |1953 | 538 | 18 |   6 |   0 | 1.972879e+05 | 1.985318e+05 |   0.63%| unknown
  1.0s|     1 |     0 |  2667 |     - |    55M |   0 | 905 |1557 |1965 | 550 | 19 |   6 |   0 | 1.972905e+05 | 1.985318e+05 |   0.63%| unknown
  1.0s|     1 |     0 |  2667 |     - |    55M |   0 | 905 |1557 |1965 | 550 | 19 |   6 |   0 | 1.972905e+05 | 1.985318e+05 |   0.63%| unknown
  1.0s|     1 |     0 |  2716 |     - |    55M |   0 | 905 |1557 |1968 | 561 | 20 |   6 |   0 | 1.972934e+05 | 1.985318e+05 |   0.63%| unknown
  1.1s|     1 |     0 |  2773 |     - |    55M |   0 | 905 |1557 |1978 | 571 | 21 |   6 |   0 | 1.972958e+05 | 1.985318e+05 |   0.63%| unknown
o 1.1s|     1 |     0 |  3102 |     - |feaspump|   0 | 905 |1545 |1978 | 571 | 21 |   6 |   0 | 1.972958e+05 | 1.974586e+05 |   0.08%| unknown
L 1.2s|     1 |     0 |  3450 |     - |    rens|   0 | 905 |1546 |1978 | 571 | 21 |  38 |   0 | 1.972958e+05 | 1.973162e+05 |   0.01%| unknown
  1.2s|     1 |     0 |  3450 |     - |    56M |   0 | 905 |1546 |1978 | 571 | 21 |  38 |   0 | 1.972958e+05 | 1.973162e+05 |   0.01%| unknown
  1.2s|     1 |     0 |  3450 |     - |    56M |   0 | 905 |1546 |1966 | 571 | 21 |  38 |   0 | 1.972958e+05 | 1.973162e+05 |   0.01%| unknown
  1.2s|     1 |     0 |  3519 |     - |    56M |   0 | 905 |1546 | 707 | 581 | 22 |  38 |   0 | 1.972975e+05 | 1.973162e+05 |   0.01%| unknown
 time | node  | left  |LP iter|LP it/n|mem/heur|mdpt |vars |cons |rows |cuts |sepa|confs|strbr|  dualbound   | primalbound  |  gap   | compl. 
  1.2s|     1 |     0 |  3519 |     - |    56M |   0 | 905 |1546 | 705 | 581 | 22 |  38 |   0 | 1.972975e+05 | 1.973162e+05 |   0.01%| unknown
  1.2s|     1 |     0 |  3548 |     - |    56M |   0 | 905 |1546 | 711 | 587 | 23 |  38 |   0 | 1.972984e+05 | 1.973162e+05 |   0.01%| unknown
  1.2s|     1 |     0 |  3548 |     - |    56M |   0 | 905 |1546 | 711 | 587 | 23 |  38 |   0 | 1.972984e+05 | 1.973162e+05 |   0.01%| unknown
  1.3s|     1 |     0 |  3683 |     - |    56M |   0 | 905 | 267 | 711 | 587 | 23 |  38 |   0 | 1.973057e+05 | 1.973162e+05 |   0.01%| unknown
  1.3s|     1 |     0 |  3683 |     - |    56M |   0 | 905 | 267 | 692 | 587 | 23 |  38 |   0 | 1.973057e+05 | 1.973162e+05 |   0.01%| unknown
  1.3s|     1 |     0 |  3769 |     - |    56M |   0 | 905 | 267 | 560 | 601 | 24 |  38 |   0 | 1.973085e+05 | 1.973162e+05 |   0.00%| unknown
  1.3s|     1 |     0 |  3769 |     - |    56M |   0 | 905 | 267 | 552 | 601 | 24 |  38 |   0 | 1.973085e+05 | 1.973162e+05 |   0.00%| unknown
  1.3s|     1 |     0 |  3790 |     - |    56M |   0 | 905 | 267 | 557 | 606 | 25 |  38 |   0 | 1.973103e+05 | 1.973162e+05 |   0.00%| unknown
  1.3s|     1 |     0 |  3790 |     - |    56M |   0 | 905 | 267 | 553 | 606 | 25 |  38 |   0 | 1.973103e+05 | 1.973162e+05 |   0.00%| unknown
  1.3s|     1 |     0 |  3795 |     - |    56M |   0 | 905 | 226 | 553 | 606 | 25 |  38 |   0 | 1.973106e+05 | 1.973162e+05 |   0.00%| unknown
  1.3s|     1 |     0 |  3810 |     - |    56M |   0 | 905 | 226 | 558 | 611 | 26 |  38 |   0 | 1.973132e+05 | 1.973162e+05 |   0.00%| unknown
  1.3s|     1 |     0 |  3810 |     - |    56M |   0 | 905 | 226 | 547 | 611 | 26 |  38 |   0 | 1.973132e+05 | 1.973162e+05 |   0.00%| unknown
  1.3s|     1 |     0 |  3831 |     - |    56M |   0 | 905 | 226 | 548 | 612 | 27 |  38 |   0 | 1.973133e+05 | 1.973162e+05 |   0.00%| unknown
  1.3s|     1 |     0 |  3831 |     - |    56M |   0 | 905 | 226 | 536 | 612 | 27 |  38 |   0 | 1.973133e+05 | 1.973162e+05 |   0.00%| unknown
  1.3s|     1 |     0 |  3831 |     - |    56M |   0 | 905 | 185 | 536 | 612 | 27 |  38 |   0 | 1.973133e+05 | 1.973162e+05 |   0.00%| unknown
 time | node  | left  |LP iter|LP it/n|mem/heur|mdpt |vars |cons |rows |cuts |sepa|confs|strbr|  dualbound   | primalbound  |  gap   | compl. 
  1.3s|     1 |     0 |  3857 |     - |    56M |   0 | 905 | 185 | 539 | 615 | 28 |  38 |   0 | 1.973137e+05 | 1.973162e+05 |   0.00%| unknown
  1.3s|     1 |     0 |  3857 |     - |    56M |   0 | 905 | 185 | 495 | 615 | 28 |  38 |   0 | 1.973137e+05 | 1.973162e+05 |   0.00%| unknown
  1.3s|     1 |     0 |  3858 |     - |    56M |   0 | 905 | 185 | 443 | 618 | 29 |  38 |   0 | 1.973139e+05 | 1.973162e+05 |   0.00%| unknown
  1.3s|     1 |     0 |  3858 |     - |    56M |   0 | 905 | 181 | 443 | 618 | 29 |  38 |   0 | 1.973139e+05 | 1.973162e+05 |   0.00%| unknown
(run 1, node 1) restarting after 721 global fixings of integer variables

(restart) converted 207 cuts from the global cut pool into linear constraints

presolving:
(round 1, fast)       722 del vars, 36 del conss, 0 add conss, 4 chg bounds, 0 chg sides, 150 chg coeffs, 0 upgd conss, 1989 impls, 186 clqs
(round 2, fast)       722 del vars, 38 del conss, 0 add conss, 24 chg bounds, 3 chg sides, 187 chg coeffs, 0 upgd conss, 1989 impls, 186 clqs
(round 3, fast)       724 del vars, 38 del conss, 0 add conss, 29 chg bounds, 3 chg sides, 187 chg coeffs, 0 upgd conss, 1989 impls, 185 clqs
(round 4, fast)       724 del vars, 38 del conss, 0 add conss, 31 chg bounds, 3 chg sides, 187 chg coeffs, 0 upgd conss, 1989 impls, 185 clqs
   (1.3s) running MILP presolver
   (1.3s) MILP presolver (7 rounds): 0 aggregations, 0 fixings, 33 bound changes
(round 5, medium)     724 del vars, 38 del conss, 0 add conss, 64 chg bounds, 3 chg sides, 187 chg coeffs, 0 upgd conss, 1989 impls, 185 clqs
(round 6, fast)       724 del vars, 39 del conss, 0 add conss, 64 chg bounds, 3 chg sides, 187 chg coeffs, 0 upgd conss, 1989 impls, 185 clqs
(round 7, exhaustive) 724 del vars, 68 del conss, 0 add conss, 64 chg bounds, 3 chg sides, 187 chg coeffs, 0 upgd conss, 1989 impls, 185 clqs
(round 8, exhaustive) 724 del vars, 68 del conss, 0 add conss, 64 chg bounds, 3 chg sides, 187 chg coeffs, 70 upgd conss, 1989 impls, 185 clqs
(round 9, medium)     724 del vars, 77 del conss, 0 add conss, 64 chg bounds, 3 chg sides, 187 chg coeffs, 70 upgd conss, 1989 impls, 185 clqs
presolving (10 rounds: 10 fast, 5 medium, 3 exhaustive):
 724 deleted vars, 77 deleted constraints, 0 added constraints, 64 tightened bounds, 0 added holes, 3 changed sides, 187 changed coefficients
 1989 implications, 185 cliques
presolved problem has 181 variables (111 bin, 0 int, 0 impl, 70 cont) and 311 constraints
      1 constraints of type <chancecons>
    116 constraints of type <varbound>
     61 constraints of type <setppc>
    133 constraints of type <linear>
Presolving Time: 0.15
transformed 2/3 original solutions to the transformed problem space

 time | node  | left  |LP iter|LP it/n|mem/heur|mdpt |vars |cons |rows |cuts |sepa|confs|strbr|  dualbound   | primalbound  |  gap   | compl. 
  1.4s|     1 |     0 |  4070 |     - |    55M |   0 | 181 | 311 | 306 |   0 |  0 |  38 |   0 | 1.973139e+05 | 1.973162e+05 |   0.00%| unknown
  1.4s|     1 |     0 |  4111 |     - |    55M |   0 | 181 | 311 | 323 |  17 |  1 |  38 |   0 | 1.973139e+05 | 1.973162e+05 |   0.00%| unknown
  1.4s|     1 |     0 |  4111 |     - |    55M |   0 | 181 | 311 | 317 |  17 |  1 |  38 |   0 | 1.973139e+05 | 1.973162e+05 |   0.00%| unknown
  1.4s|     1 |     0 |  4129 |     - |    55M |   0 | 181 | 307 | 297 |  20 |  2 |  38 |   0 | 1.973139e+05 | 1.973162e+05 |   0.00%| unknown
  1.4s|     1 |     0 |  4129 |     - |    55M |   0 | 181 | 307 | 296 |  20 |  2 |  38 |   0 | 1.973139e+05 | 1.973162e+05 |   0.00%| unknown
  1.4s|     1 |     0 |  4161 |     - |    55M |   0 | 181 | 306 | 298 |  25 |  3 |  38 |   0 | 1.973139e+05 | 1.973162e+05 |   0.00%| unknown
  1.4s|     1 |     0 |  4161 |     - |    55M |   0 | 181 | 306 | 297 |  25 |  3 |  38 |   0 | 1.973139e+05 | 1.973162e+05 |   0.00%| unknown
  1.4s|     1 |     0 |  4188 |     - |    55M |   0 | 181 | 305 | 302 |  30 |  4 |  38 |   0 | 1.973139e+05 | 1.973162e+05 |   0.00%| unknown
  1.4s|     1 |     0 |  4188 |     - |    55M |   0 | 181 | 305 | 302 |  30 |  4 |  38 |   0 | 1.973139e+05 | 1.973162e+05 |   0.00%| unknown
  1.4s|     1 |     0 |  4208 |     - |    55M |   0 | 181 | 305 | 293 |  32 |  5 |  38 |   0 | 1.973139e+05 | 1.973162e+05 |   0.00%| unknown
  1.4s|     1 |     0 |  4208 |     - |    55M |   0 | 181 | 305 | 285 |  32 |  5 |  38 |   0 | 1.973139e+05 | 1.973162e+05 |   0.00%| unknown
  1.4s|     1 |     0 |  4225 |     - |    55M |   0 | 181 | 301 | 288 |  35 |  6 |  38 |   0 | 1.973139e+05 | 1.973162e+05 |   0.00%| unknown
  1.4s|     1 |     0 |  4225 |     - |    55M |   0 | 181 | 301 | 285 |  35 |  6 |  38 |   0 | 1.973139e+05 | 1.973162e+05 |   0.00%| unknown
  1.4s|     1 |     0 |  4236 |     - |    55M |   0 | 181 | 299 | 289 |  39 |  7 |  38 |   0 | 1.973139e+05 | 1.973162e+05 |   0.00%| unknown
  1.4s|     1 |     0 |  4265 |     - |    56M |   0 | 181 | 299 | 291 |  41 |  8 |  38 |   0 | 1.973146e+05 | 1.973162e+05 |   0.00%| unknown
 time | node  | left  |LP iter|LP it/n|mem/heur|mdpt |vars |cons |rows |cuts |sepa|confs|strbr|  dualbound   | primalbound  |  gap   | compl. 
  1.4s|     1 |     0 |  4265 |     - |    56M |   0 | 181 | 299 | 288 |  41 |  8 |  38 |   0 | 1.973146e+05 | 1.973162e+05 |   0.00%| unknown
  1.4s|     1 |     0 |  4274 |     - |    56M |   0 | 181 | 297 | 286 |  43 |  9 |  38 |   0 | 1.973153e+05 | 1.973162e+05 |   0.00%| unknown
  1.4s|     1 |     0 |  4274 |     - |    56M |   0 | 181 | 297 | 278 |  43 |  9 |  38 |   0 | 1.973153e+05 | 1.973162e+05 |   0.00%| unknown
  1.5s|     1 |     0 |  4286 |     - |    56M |   0 | 181 | 293 | 279 |  44 | 10 |  38 |   0 | 1.973162e+05 | 1.973162e+05 |   0.00%| unknown
  1.5s|     1 |     0 |  4286 |     - |    56M |   0 | 181 | 293 | 279 |  44 | 10 |  38 |   0 | 1.973162e+05 | 1.973162e+05 |   0.00%| unknown

SCIP Status        : problem is solved [optimal solution found]
Solving Time (sec) : 1.45
Solving Nodes      : 1 (total of 2 nodes in 2 runs)
Primal Bound       : +1.97316230600000e+05 (3 solutions)
Dual Bound         : +1.97316230600000e+05
Gap                : 0.00 %

primal solution (original space):
=================================

objective value:                          197316.2306
z#3                                                 1 	(obj:0)
z#5                                                 1 	(obj:0)
z#36                                                1 	(obj:0)
z#42                                                1 	(obj:0)
z#45                                                1 	(obj:0)
z#56                                                1 	(obj:0)
z#61                                                1 	(obj:0)
z#73                                                1 	(obj:0)
z#75                                                1 	(obj:0)
z#76                                                1 	(obj:0)
z#88                                                1 	(obj:0)
z#106                                               1 	(obj:0)
z#109                                               1 	(obj:0)
z#139                                               1 	(obj:0)
z#146                                               1 	(obj:0)
z#151                                               1 	(obj:0)
z#184                                               1 	(obj:0)
z#226                                               1 	(obj:0)
z#229                                               1 	(obj:0)
z#242                                               1 	(obj:0)
z#244                                               1 	(obj:0)
z#271                                               1 	(obj:0)
z#279                                               1 	(obj:0)
z#280                                               1 	(obj:0)
z#281                                               1 	(obj:0)
z#290                                               1 	(obj:0)
z#304                                               1 	(obj:0)
z#312                                               1 	(obj:0)
z#339                                               1 	(obj:0)
z#371                                               1 	(obj:0)
z#376                                               1 	(obj:0)
z#384                                               1 	(obj:0)
z#394                                               1 	(obj:0)
z#443                                               1 	(obj:0)
z#454                                               1 	(obj:0)
z#458                                               1 	(obj:0)
z#465                                               1 	(obj:0)
z#482                                               1 	(obj:0)
z#486                                               1 	(obj:0)
z#502                                               1 	(obj:0)
z#505                                               1 	(obj:0)
z#506                                               1 	(obj:0)
z#519                                               1 	(obj:0)
z#522                                               1 	(obj:0)
z#538                                               1 	(obj:0)
z#544                                               1 	(obj:0)
z#549                                               1 	(obj:0)
z#558                                               1 	(obj:0)
z#563                                               1 	(obj:0)
z#566                                               1 	(obj:0)
z#572                                               1 	(obj:0)
z#574                                               1 	(obj:0)
z#586                                               1 	(obj:0)
z#600                                               1 	(obj:0)
z#617                                               1 	(obj:0)
z#620                                               1 	(obj:0)
z#628                                               1 	(obj:0)
z#640                                               1 	(obj:0)
z#649                                               1 	(obj:0)
z#663                                               1 	(obj:0)
z#665                                               1 	(obj:0)
z#684                                               1 	(obj:0)
z#695                                               1 	(obj:0)
z#702                                               1 	(obj:0)
z#705                                               1 	(obj:0)
z#727                                               1 	(obj:0)
z#742                                               1 	(obj:0)
z#764                                               1 	(obj:0)
z#783                                               1 	(obj:0)
z#784                                               1 	(obj:0)
z#786                                               1 	(obj:0)
z#787                                               1 	(obj:0)
z#794                                               1 	(obj:0)
z#803                                               1 	(obj:0)
z#804                                               1 	(obj:0)
z#805                                               1 	(obj:0)
z#806                                               1 	(obj:0)
z#809                                               1 	(obj:0)
z#813                                               1 	(obj:0)
z#825                                               1 	(obj:0)
z#827                                               1 	(obj:0)
z#829                                               1 	(obj:0)
x#0                                           481.526 	(obj:211)
x#4                                  12.6009999999997 	(obj:132)
x#7                                  16.0899999999999 	(obj:151)
x#8                                  6.99000000000001 	(obj:124)
x#9                                           42.2696 	(obj:113)
x#12                                 526.535000000001 	(obj:104)
y#0                                  75.4739999999996 	(obj:183)
y#1                                            36.259 	(obj:139)
y#3                                  25.3030000000003 	(obj:106)
y#6                                  1.36400000000006 	(obj:102)
y#10                                 85.2273999999996 	(obj:112)
u#0                                           481.526 	(obj:0)
u#1                                           481.526 	(obj:0)
u#2                                           481.526 	(obj:0)
u#3                                           481.526 	(obj:0)
u#4                                           494.127 	(obj:0)
u#5                                           494.127 	(obj:0)
u#6                                           494.127 	(obj:0)
u#7                                           510.217 	(obj:0)
u#8                                           517.207 	(obj:0)
u#9                                          559.4766 	(obj:0)
u#10                                         559.4766 	(obj:0)
u#11                                         559.4766 	(obj:0)
u#12                                        1086.0116 	(obj:0)
u#13                                        1086.0116 	(obj:0)
u#14                                        1086.0116 	(obj:0)
u#15                                         604.4856 	(obj:0)
u#16                                         604.4856 	(obj:0)
u#17                                         604.4856 	(obj:0)
u#18                                         604.4856 	(obj:0)
u#19                                         591.8846 	(obj:0)
v#0                                  75.4739999999996 	(obj:0)
v#1                                           111.733 	(obj:0)
v#2                                           111.733 	(obj:0)
v#3                                           137.036 	(obj:0)
v#4                                           137.036 	(obj:0)
v#5                                           137.036 	(obj:0)
v#6                                             138.4 	(obj:0)
v#7                                             138.4 	(obj:0)
v#8                                             138.4 	(obj:0)
v#9                                             138.4 	(obj:0)
v#10                                         148.1534 	(obj:0)
v#11                                         111.8944 	(obj:0)
v#12                                         111.8944 	(obj:0)
v#13                                 86.5913999999997 	(obj:0)
v#14                                 86.5913999999997 	(obj:0)
v#15                                 86.5913999999997 	(obj:0)
v#16                                 85.2273999999996 	(obj:0)
v#17                                 85.2273999999996 	(obj:0)
v#18                                 85.2273999999996 	(obj:0)
v#19                                 85.2273999999996 	(obj:0)
w#0                                               557 	(obj:0)
w#1                                           593.259 	(obj:0)
w#2                                           593.259 	(obj:0)
w#3                                           618.562 	(obj:0)
w#4                                           631.163 	(obj:0)
w#5                                           631.163 	(obj:0)
w#6                                           632.527 	(obj:0)
w#7                                           648.617 	(obj:0)
w#8                                           655.607 	(obj:0)
w#9                                          697.8766 	(obj:0)
w#10                                           707.63 	(obj:0)
w#11                                          671.371 	(obj:0)
w#12                                         1197.906 	(obj:0)
w#13                                         1172.603 	(obj:0)
w#14                                         1172.603 	(obj:0)
w#15                                          691.077 	(obj:0)
w#16                                          689.713 	(obj:0)
w#17                                          689.713 	(obj:0)
w#18                                          689.713 	(obj:0)
w#19                                          677.112 	(obj:0)

Statistics
==========

SCIP Status        : problem is solved [optimal solution found]
Total Time         :       1.58
  solving          :       1.45
  presolving       :       0.15 (included in solving)
  reading          :       0.13
  copying          :       0.02 (2 #copies) (minimal 0.01, maximal 0.01, average 0.01)
Original Problem   :
  Problem name     : 20-2000-0
  Variables        : 935 (835 binary, 0 integer, 0 implicit integer, 100 continuous)
  Constraints      : 1611 initial, 1611 maximal
  Objective        : minimize, 40 non-zeros (abs.min = 102, abs.max = 300)
Presolved Problem  :
  Problem name     : t_20-2000-0
  Variables        : 181 (111 binary, 0 integer, 0 implicit integer, 70 continuous)
  Constraints      : 311 initial, 311 maximal
  Objective        : minimize, 37 non-zeros (abs.min = 102, abs.max = 294)
  Nonzeros         : 1475 constraint, 184 clique table
Presolvers         :   ExecTime  SetupTime  Calls  FixedVars   AggrVars   ChgTypes  ChgBounds   AddHoles    DelCons    AddCons   ChgSides   ChgCoefs
  boundshift       :       0.00       0.00      0          0          0          0          0          0          0          0          0          0
  convertinttobin  :       0.00       0.00      0          0          0          0          0          0          0          0          0          0
  domcol           :       0.01       0.00      2          0          0          0          0          0          0          0          0          0
  dualagg          :       0.00       0.00      0          0          0          0          0          0          0          0          0          0
  dualcomp         :       0.00       0.00      2          0          0          0          0          0          0          0          0          0
  dualinfer        :       0.00       0.00      0          0          0          0          0          0          0          0          0          0
  dualsparsify     :       0.01       0.00      1          0          0          0          0          0          0          0          0          0
  gateextraction   :       0.00       0.00      0          0          0          0          0          0          0          0          0          0
  implics          :       0.00       0.00      8          0          0          0          0          0          0          0          0          0
  inttobinary      :       0.00       0.00      0          0          0          0          0          0          0          0          0          0
  milp             :       0.01       0.00      2          3         22          0         39          0          0          0          0          0
  qpkktref         :       0.00       0.00      0          0          0          0          0          0          0          0          0          0
  redvub           :       0.00       0.00      0          0          0          0          0          0          0          0          0          0
  sparsify         :       0.00       0.00      1          0          0          0          0          0          0          0          0          0
  stuffing         :       0.00       0.00      0          0          0          0          0          0          0          0          0          0
  trivial          :       0.00       0.00     15        721          0          0          0          0          0          0          0          0
  tworowbnd        :       0.00       0.00      0          0          0          0          0          0          0          0          0          0
  dualfix          :       0.00       0.00     15          3          0          0          0          0          0          0          0          0
  genvbounds       :       0.00       0.00      0          0          0          0          0          0          0          0          0          0
  probing          :       0.10       0.00      1          0          0          0          0          0          0          0          0          0
  pseudoobj        :       0.00       0.00      2          0          0          0          0          0          0          0          0          0
  symmetry         :       0.00       0.00      1          0          0          0          0          0          0          0          0          0
  vbounds          :       0.00       0.00      2          0          0          0          0          0          0          0          0          0
  chancecons       :       0.00       0.00      1          0          0          0          0          0          0          0          0          0
  varbound         :       0.00       0.00     17          0          0          0          0          0         11          0          2        155
  setppc           :       0.00       0.00      5          0          0          0          0          0          0          0          0          0
  linear           :       0.01       0.00     20          0          5          0         51          0        123          0          1         32
  bounddisjunction :       0.00       0.00      1          0          0          0          0          0          3          0          0          0
  benders          :       0.00       0.00      0          0          0          0          0          0          0          0          0          0
  components       :       0.00       0.00      2          0          0          0          0          0          0          0          0          0
  root node        :          -          -      -        763          -          -       1169          -          -          -          -          -
Constraints        :     Number  MaxNumber  #Separate #Propagate    #EnfoLP    #EnfoRelax  #EnfoPS    #Check   #ResProp    Cutoffs    DomReds       Cuts    Applied      Conss   Children
  benderslp        :          0          0          0          0          0          0          0         64          0          0          0          0          0          0          0
  chancecons       :          1          1         36       6865          0          0          0          0          0          6         17        100         88          0          0
  integral         :          0          0          0          0          0          0          0         64          0          0          0          0          0          0          0
  varbound         :        116        116         36       6770          0          0          0         57         41          0         94          0          0          0          0
  setppc           :         61         61         10        296          0          0          0          0          0          0          0          0          0          0          0
  linear           :        133        133         36       6859          0          0          0         14          6         11        239          0          0          0          0
  benders          :          0          0          0          0          0          0          0          6          0          0          0          0          0          0          0
  fixedvar         :          0          0          0          0          0          0          0          6          0          0          0          0          0          0          0
  countsols        :          0          0          0          0          0          0          0          6          0          0          0          0          0          0          0
  components       :          0          0          0          0          0          0          0          0          0          0          0          0          0          0          0
Constraint Timings :  TotalTime  SetupTime   Separate  Propagate     EnfoLP     EnfoPS     EnfoRelax   Check    ResProp    SB-Prop
  benderslp        :       0.00       0.00       0.00       0.00       0.00       0.00       0.00       0.00       0.00       0.00
  chancecons       :       0.13       0.00       0.00       0.13       0.00       0.00       0.00       0.00       0.00       0.00
  integral         :       0.00       0.00       0.00       0.00       0.00       0.00       0.00       0.00       0.00       0.00
  varbound         :       0.05       0.00       0.00       0.04       0.00       0.00       0.00       0.00       0.00       0.00
  setppc           :       0.00       0.00       0.00       0.00       0.00       0.00       0.00       0.00       0.00       0.00
  linear           :       0.04       0.00       0.00       0.03       0.00       0.00       0.00       0.00       0.00       0.00
  benders          :       0.00       0.00       0.00       0.00       0.00       0.00       0.00       0.00       0.00       0.00
  fixedvar         :       0.00       0.00       0.00       0.00       0.00       0.00       0.00       0.00       0.00       0.00
  countsols        :       0.00       0.00       0.00       0.00       0.00       0.00       0.00       0.00       0.00       0.00
  components       :       0.00       0.00       0.00       0.00       0.00       0.00       0.00       0.00       0.00       0.00
Propagators        : #Propagate   #ResProp    Cutoffs    DomReds
  dualfix          :         20          0          0        266
  genvbounds       :          0          0          0          0
  nlobbt           :          0          0          0          0
  obbt             :          0          0          0          0
  probing          :          0          0          0          0
  pseudoobj        :        107          0          0         42
  redcost          :         69          0          0        462
  rootredcost      :          0          0          0          0
  symmetry         :          0          0          0          0
  vbounds          :       3332          0          0          0
Propagator Timings :  TotalTime  SetupTime   Presolve  Propagate    ResProp    SB-Prop
  dualfix          :       0.00       0.00       0.00       0.00       0.00       0.00
  genvbounds       :       0.00       0.00       0.00       0.00       0.00       0.00
  nlobbt           :       0.00       0.00       0.00       0.00       0.00       0.00
  obbt             :       0.00       0.00       0.00       0.00       0.00       0.00
  probing          :       0.10       0.00       0.10       0.00       0.00       0.00
  pseudoobj        :       0.00       0.00       0.00       0.00       0.00       0.00
  redcost          :       0.00       0.00       0.00       0.00       0.00       0.00
  rootredcost      :       0.00       0.00       0.00       0.00       0.00       0.00
  symmetry         :       0.00       0.00       0.00       0.00       0.00       0.00
  vbounds          :       0.00       0.00       0.00       0.00       0.00       0.00
Symmetry           :
  orbitopal red.   :          0 reductions applied,          0 cutoffs
  orbital reduction:          0 reductions applied,          0 cutoffs
  lexicographic red:          0 reductions applied,          0 cutoffs
  shadow tree time :       0.00 s
Conflict Analysis  :       Time      Calls    Success    DomReds  Conflicts   Literals    Reconvs ReconvLits   Dualrays   Nonzeros   LP Iters   (pool size: [10000,10000])
  propagation      :       0.00          0          0          -          0        0.0          0        0.0          -          -          -
  infeasible LP    :       0.00          0          0          -          0        0.0          0        0.0          0        0.0          0
  bound exceed. LP :       0.01         10         39          -         11       16.2          0        0.0         35        4.9        100
  strong branching :       0.00          0          0          -          0        0.0          0        0.0          -          -          0
  pseudo solution  :       0.00          0          0          -          0        0.0          0        0.0          -          -          -
  applied globally :       0.00          -          -         31          3       14.3          -          -         35          -          -
  applied locally  :          -          -          -          0          0        0.0          -          -          0          -          -
Separators         :   ExecTime  SetupTime      Calls  RootCalls    Cutoffs    DomReds  FoundCuts ViaPoolAdd  DirectAdd    Applied ViaPoolApp  DirectApp      Conss
  cut pool         :       0.02          -         73         73          -          -       6774      12801          -          -          -          -          -    (maximal pool size:       6031)
  aggregation      :       0.40       0.00         36         36          0          0       4784       8327          0        317        317          0          0
  > cmir           :          -          -          -          -          -          -          -       8327          0        317        317          0          -
  > flowcover      :          -          -          -          -          -          -          -          0          0          0          0          0          -
  > knapsackcover  :          -          -          -          -          -          -          -          0          0          0          0          0          -
  cgmip            :       0.00       0.00          0          0          0          0          0          0          0          0          0          0          0
  clique           :       0.12       0.00         36         36          0          0          3          4          0          0          0          0          0
  closecuts        :       0.00       0.00          0          0          0          0          0          0          0          0          0          0          0
  convexproj       :       0.00       0.00          0          0          0          0          0          0          0          0          0          0          0
  disjunctive      :       0.00       0.00          0          0          0          0          0          0          0          0          0          0          0
  eccuts           :       0.00       0.00          0          0          0          0          0          0          0          0          0          0          0
  gauge            :       0.00       0.00          0          0          0          0          0          0          0          0          0          0          0
  gomory           :       0.10       0.00         20         20          0          0       1566       3572          0         77         77          0          0
  > gomorymi       :          -          -          -          -          -          -          -       3572          0         77         77          0          -
  > strongcg       :          -          -          -          -          -          -          -          0          0          0          0          0          -
  impliedbounds    :       0.01       0.00         36         36          0         18        421        898          0        180        180          0          0
  interminor       :       0.00       0.00          0          0          0          0          0          0          0          0          0          0          0
  intobj           :       0.00       0.00          0          0          0          0          0          0          0          0          0          0          0
  lagromory        :       0.00       0.00          0          0          0          0          0          0          0          0          0          0          0
  mcf              :       0.00       0.00          2          2          0          0          0          0          0          0          0          0          0
  minor            :       0.00       0.00         20         20          0          0          0          0          0          0          0          0          0
  mixing           :       0.00       0.00          0          0          0          0          0          0          0          0          0          0          0
  oddcycle         :       0.00       0.00          0          0          0          0          0          0          0          0          0          0          0
  rapidlearning    :       0.00       0.00          0          0          0          0          0          0          0          0          0          0          0
  rlt              :       0.00       0.00         20         20          0          0          0          0          0          0          0          0          0
  zerohalf         :       0.01       0.00         30         30          0          0          0          0          0          0          0          0          0
Cutselectors       :   ExecTime  SetupTime      Calls  RootCalls   Selected     Forced   Filtered  RootSelec   RootForc   RootFilt 
  hybrid           :       0.01       0.00         39         39        662          0      12239        662          0      12239
  ensemble         :       0.00       0.00          0          0          0          0          0          0          0          0
  dynamic          :       0.00       0.00          0          0          0          0          0          0          0          0
Pricers            :   ExecTime  SetupTime      Calls       Vars
  problem variables:       0.00          -          0          0
Branching Rules    :   ExecTime  SetupTime   BranchLP  BranchExt   BranchPS    Cutoffs    DomReds       Cuts      Conss   Children
  allfullstrong    :       0.00       0.00          0          0          0          0          0          0          0          0
  cloud            :       0.00       0.00          0          0          0          0          0          0          0          0
  distribution     :       0.00       0.00          0          0          0          0          0          0          0          0
  fullstrong       :       0.00       0.00          0          0          0          0          0          0          0          0
  gomory           :       0.00       0.00          0          0          0          0          0          0          0          0
  inference        :       0.00       0.00          0          0          0          0          0          0          0          0
  leastinf         :       0.00       0.00          0          0          0          0          0          0          0          0
  lookahead        :       0.00       0.00          0          0          0          0          0          0          0          0
  mostinf          :       0.00       0.00          0          0          0          0          0          0          0          0
  multaggr         :       0.00       0.00          0          0          0          0          0          0          0          0
  nodereopt        :       0.00       0.00          0          0          0          0          0          0          0          0
  pscost           :       0.00       0.00          0          0          0          0          0          0          0          0
  random           :       0.00       0.00          0          0          0          0          0          0          0          0
  relpscost        :       0.00       0.00          0          0          0          0          0          0          0          0
  vanillafullstrong:       0.00       0.00          0          0          0          0          0          0          0          0
Primal Heuristics  :   ExecTime  SetupTime      Calls      Found       Best
  LP solutions     :       0.00          -          -          0          0
  relax solutions  :       0.00          -          -          0          0
  pseudo solutions :       0.00          -          -          0          0
  strong branching :       0.00          -          -          0          0
  actconsdiving    :       0.00       0.00          0          0          0
  adaptivediving   :       0.00       0.00          0          0          0
  alns             :       0.02       0.00          1          0          0
  bound            :       0.00       0.00          0          0          0
  clique           :       0.01       0.00          1          1          1
  coefdiving       :       0.00       0.00          0          0          0
  completesol      :       0.00       0.00          0          0          0
  conflictdiving   :       0.04       0.00          1          0          0
  crossover        :       0.00       0.00          0          0          0
  dins             :       0.00       0.00          0          0          0
  distributiondivin:       0.00       0.00          0          0          0
  dps              :       0.00       0.00          0          0          0
  dualval          :       0.00       0.00          0          0          0
  farkasdiving     :       0.00       0.00          0          0          0
  feaspump         :       0.01       0.00          1          1          1
  fixandinfer      :       0.00       0.00          0          0          0
  fracdiving       :       0.00       0.00          0          0          0
  gins             :       0.00       0.00          0          0          0
  guideddiving     :       0.00       0.00          0          0          0
  indicator        :       0.00       0.00          0          0          0
  indicatordiving  :       0.00       0.00          0          0          0
  intdiving        :       0.00       0.00          0          0          0
  intshifting      :       0.01       0.00          1          0          0
  linesearchdiving :       0.00       0.00          0          0          0
  localbranching   :       0.00       0.00          0          0          0
  locks            :       0.00       0.00          1          0          0
  lpface           :       0.00       0.00          0          0          0
  mpec             :       0.00       0.00          0          0          0
  multistart       :       0.00       0.00          0          0          0
  mutation         :       0.00       0.00          0          0          0
  nlpdiving        :       0.00       0.00          0          0          0
  objpscostdiving  :       0.00       0.00          0          0          0
  octane           :       0.00       0.00          0          0          0
  ofins            :       0.00       0.00          0          0          0
  oneopt           :       0.00       0.00          2          0          0
  padm             :       0.00       0.00          0          0          0
  proximity        :       0.00       0.00          0          0          0
  pscostdiving     :       0.00       0.00          0          0          0
  randrounding     :       0.12       0.00         43          0          0
  rens             :       0.06       0.00          1          1          1
  reoptsols        :       0.00       0.00          0          0          0
  repair           :       0.00       0.00          0          0          0
  rins             :       0.00       0.00          0          0          0
  rootsoldiving    :       0.00       0.00          0          0          0
  rounding         :       0.00       0.00         43          0          0
  scheduler        :       0.00       0.00          0          0          0
  shiftandpropagate:       0.00       0.00          0          0          0
  shifting         :       0.03       0.00         43          0          0
  simplerounding   :       0.00       0.00          0          0          0
  subnlp           :       0.00       0.00          0          0          0
  trivial          :       0.00       0.00          4          0          0
  trivialnegation  :       0.00       0.00          0          0          0
  trustregion      :       0.00       0.00          0          0          0
  trysol           :       0.00       0.00          0          0          0
  twoopt           :       0.00       0.00          0          0          0
  undercover       :       0.00       0.00          0          0          0
  vbounds          :       0.06       0.00          2          0          0
  veclendiving     :       0.00       0.00          0          0          0
  zeroobj          :       0.00       0.00          0          0          0
  zirounding       :       0.00       0.00          1          0          0
  other solutions  :          -          -          -          0          -
LNS (Scheduler)    :      Calls  SetupTime  SolveTime SolveNodes       Sols       Best       Exp3    Exp3-IX  EpsGreedy        UCB TgtFixRate  Opt  Inf Node Stal  Sol  Usr Othr Actv
  rens             :          0       0.00       0.00          0          0          0    0.00000    0.12500   -1.00000    1.00000      0.900    0    0    0    0    0    0    0    1
  rins             :          0       0.00       0.00          0          0          0    0.00000    0.12500   -1.00000    1.00000      0.900    0    0    0    0    0    0    0    1
  mutation         :          0       0.00       0.00          0          0          0    0.00000    0.12500   -1.00000    1.00000      0.900    0    0    0    0    0    0    0    1
  localbranching   :          0       0.00       0.00          0          0          0    0.00000    0.12500   -1.00000    1.00000      0.900    0    0    0    0    0    0    0    1
  crossover        :          0       0.00       0.00          0          0          0    0.00000    0.12500   -1.00000    1.00000      0.900    0    0    0    0    0    0    0    1
  proximity        :          0       0.00       0.00          0          0          0    0.00000    0.12500   -1.00000    1.00000      0.900    0    0    0    0    0    0    0    1
  zeroobjective    :          0       0.00       0.00          0          0          0    0.00000    0.12500   -1.00000    1.00000      0.900    0    0    0    0    0    0    0    1
  dins             :          0       0.00       0.00          0          0          0    0.00000    0.12500   -1.00000    1.00000      0.900    0    0    0    0    0    0    0    1
  trustregion      :          0       0.00       0.00          0          0          0    0.00000    0.00000   -1.00000    1.00000      0.900    0    0    0    0    0    0    0    0
LP                 :       Time      Calls Iterations  Iter/call   Iter/sec  Time-0-It Calls-0-It    ItLimit
  primal LP        :       0.00          4          0       0.00          -       0.00          4
  dual LP          :       0.21         78       3412      79.35   16571.71       0.01         35
  lex dual LP      :       0.00          0          0       0.00          -
  barrier LP       :       0.00          0          0       0.00          -       0.00          0
  resolve instable :       0.00          0          0       0.00          -
  diving/probing LP:       0.05         16        874      54.62   16514.25
  strong branching :       0.00          0          0       0.00          -          -          -          0
    (at root node) :          -          0          0       0.00          -
  conflict analysis:       0.00         10        100      10.00          -
B&B Tree           :
  number of runs   :          2
  nodes            :          1 (0 internal, 1 leaves)
  feasible leaves  :          0
  infeas. leaves   :          0
  objective leaves :          0
  nodes (total)    :          2 (0 internal, 2 leaves)
  nodes left       :          0
  max depth        :          0
  max depth (total):          0
  backtracks       :          0 (0.0%)
  early backtracks :          0 (0.0%)
  nodes exc. ref.  :          0 (0.0%)
  delayed cutoffs  :          0
  repropagations   :          0 (0 domain reductions, 0 cutoffs)
  avg switch length:       2.00
  switching time   :       0.00
Root Node          :
  First LP value   : +1.96125422625372e+05
  First LP Iters   :        542 (26498.48 Iter/sec)
  First LP Time    :       0.02
  Final Dual Bound : +1.97316230600000e+05
  Final Root Iters :       3412
  Root LP Estimate :                     -
Solution           :
  Solutions found  :          3 (3 improvements)
  First Solution   : +1.98531824600000e+05   (in run 1, after 1 nodes, 0.17 seconds, depth 4, found by <clique>)
  Gap First Sol.   :   infinite
  Gap Last Sol.    :       0.01 %
  Primal Bound     : +1.97316230600000e+05   (in run 1, after 1 nodes, 1.17 seconds, depth 0, found by <rens>)
  Dual Bound       : +1.97316230600000e+05
  Gap              :       0.00 %
Integrals          :      Total       Avg%
  primal-dual      :      24.88      17.10
  primal-ref       :          -          - (not evaluated)
  dual-ref         :          -          - (not evaluated)

 Branching Statistics...

 Total number of propagations -> 6865

 Number of cutoffs of KnaCons -> 0

 Total number of variables fixed to 1 by the propagator -> 10

 Total number of variables fixed to 0 by the propagator -> 7

 Maximum number of rounds of the approximation algorithm -> 0

 Runtime of the exact algorithm -> 0.0000 s

 Total number of variables fixed to 1 in the exact algorithm -> 0

 Total number of variables fixed to 0 in the exact algorithm -> 0

 Number of cutoffs in the exact algorithm -> 0

 Number of cutoffs in the approximation algorithm -> 0

 PS:  
