***************************************
*         SCIP-based CCP Solver       *
*                                     *
*    Wei Lv and Wei-Kun Chen (2024)   *
***************************************
/share/home/wangzhaowei/lvwei/scipoptsuite-9.1.0/build/bin/examples/ccp -f CCMPPData/100-2000-4.ccmpp -s CCMPPSetting/BnC-MIX1.set 
SCIP version 9.1.0 [precision: 8 byte] [memory: block] [mode: optimized] [LP solver: Soplex 7.1.0] [GitHash: 8cab0278ba]
Copyright (c) 2002-2024 Zuse Institute Berlin (ZIB)

External libraries: 
  Soplex 7.1.0         Linear Programming Solver developed at Zuse Institute Berlin (soplex.zib.de) [GitHash: 595bfac9]
  CppAD 20180000.0     Algorithmic Differentiation of C++ algorithms developed by B. Bell (github.com/coin-or/CppAD)
  ZLIB 1.2.7           General purpose compression library by J. Gailly and M. Adler (zlib.net)
  GMP 6.0.0            GNU Multiple Precision Arithmetic Library developed by T. Granlund (gmplib.org)
  AMPL/MP 690e9e7      AMPL .nl file reader library (github.com/ampl/mp)
  PaPILO 2.3.0         parallel presolve for integer and linear optimization (github.com/scipopt/papilo) (built with TBB) [GitHash: 4b8ce6ed]
  Nauty 2.8.8          Computing Graph Automorphism Groups by Brendan D. McKay (users.cecs.anu.edu.au/~bdm/nauty)
  sassy 1.1            Symmetry preprocessor by Markus Anders (github.com/markusa4/sassy)

reading user parameter file <CCMPPSetting/BnC-MIX1.set>

read problem <CCMPPData/100-2000-4.ccmpp>
============

File name: 	CCMPPData/100-2000-4.ccmpp
Problem name:	100-2000-4
Dimension: 	100
NumScenario: 	2000
ConfidenceParameter: 	0.10
IsEqualProbability: 	1
BnC+MIX+DI: 	0
BnC+MIX+sDI: 	0
DB: 	0
DB+OPF: 	0
Dominance and Aggregation Statistics......
NumEdge:        0
NumBiEdge: 	0
NumDomIneqs: 	0
DominanceRatio: 0.0000
NumAggScenario: 2000 
BasicNumScenario: 1999 
original problem has 2500 variables (2000 bin, 0 int, 0 impl, 500 cont) and 20402 constraints

solve problem
=============

presolving:
(round 1, fast)       5 del vars, 227 del conss, 0 add conss, 100 chg bounds, 0 chg sides, 0 chg coeffs, 0 upgd conss, 0 impls, 0 clqs
   (0.1s) running MILP presolver
   (0.1s) MILP presolver (3 rounds): 102 aggregations, 2 fixings, 48 bound changes
(round 2, medium)     109 del vars, 227 del conss, 0 add conss, 148 chg bounds, 0 chg sides, 0 chg coeffs, 0 upgd conss, 0 impls, 0 clqs
(round 3, fast)       109 del vars, 329 del conss, 0 add conss, 148 chg bounds, 0 chg sides, 0 chg coeffs, 0 upgd conss, 0 impls, 0 clqs
(round 4, exhaustive) 109 del vars, 329 del conss, 0 add conss, 148 chg bounds, 0 chg sides, 0 chg coeffs, 19778 upgd conss, 0 impls, 0 clqs
   (0.5s) probing: 1000/1999 (50.0%) - 0 fixings, 0 aggregations, 641 implications, 0 bound changes
   (0.5s) probing: 1001/1999 (50.1%) - 0 fixings, 0 aggregations, 642 implications, 0 bound changes
   (0.5s) probing aborted: 1000/1000 successive useless probings
   (0.6s) symmetry computation started: requiring (bin +, int +, cont +), (fixed: bin -, int -, cont -)
   Symmetry detection interrupted: constraints of type chancecons do not provide symmetry information.
   If symmetries shall be detected, implement the CONSGETPERMSYMGRAPH callback.
   (0.6s) could not compute symmetry
presolving (5 rounds: 5 fast, 3 medium, 2 exhaustive):
 109 deleted vars, 329 deleted constraints, 0 added constraints, 148 tightened bounds, 0 added holes, 0 changed sides, 0 changed coefficients
 20419 implications, 0 cliques
presolved problem has 2391 variables (1999 bin, 0 int, 0 impl, 392 cont) and 20073 constraints
      1 constraints of type <chancecons>
  19777 constraints of type <varbound>
      1 constraints of type <knapsack>
    294 constraints of type <linear>
Presolving Time: 0.55

 time | node  | left  |LP iter|LP it/n|mem/heur|mdpt |vars |cons |rows |cuts |sepa|confs|strbr|  dualbound   | primalbound  |  gap   | compl. 
p 0.7s|     1 |     0 |   221 |     - |   locks|   0 |2391 |  20k|  20k|   0 |  0 |   0 |   0 | 0.000000e+00 | 7.260945e+05 |    Inf | unknown
  3.2s|     1 |     0 |  7635 |     - |   112M |   0 |2391 |  20k|  20k|   0 |  0 |   0 |   0 | 7.150606e+05 | 7.260945e+05 |   1.54%| unknown
  3.5s|     1 |     0 |  8050 |     - |   115M |   0 |2391 |  20k|  20k|  84 |  1 |   0 |   0 | 7.157193e+05 | 7.260945e+05 |   1.45%| unknown
  3.9s|     1 |     0 |  8564 |     - |   117M |   0 |2391 |  20k|  20k| 168 |  2 |   0 |   0 | 7.163715e+05 | 7.260945e+05 |   1.36%| unknown
  4.2s|     1 |     0 |  9045 |     - |   119M |   0 |2391 |  20k|  20k| 254 |  3 |   0 |   0 | 7.168110e+05 | 7.260945e+05 |   1.30%| unknown
  4.6s|     1 |     0 |  9622 |     - |   123M |   0 |2391 |  20k|  20k| 329 |  4 |   0 |   0 | 7.173320e+05 | 7.260945e+05 |   1.22%| unknown
  5.1s|     1 |     0 | 10246 |     - |   125M |   0 |2391 |  20k|  20k| 426 |  5 |   0 |   0 | 7.176473e+05 | 7.260945e+05 |   1.18%| unknown
  5.5s|     1 |     0 | 10820 |     - |   128M |   0 |2391 |  20k|  20k| 526 |  6 |   0 |   0 | 7.179046e+05 | 7.260945e+05 |   1.14%| unknown
  6.0s|     1 |     0 | 11539 |     - |   131M |   0 |2391 |  20k|  20k| 631 |  7 |   0 |   0 | 7.182249e+05 | 7.260945e+05 |   1.10%| unknown
  6.5s|     1 |     0 | 12380 |     - |   133M |   0 |2391 |  20k|  20k| 743 |  8 |   0 |   0 | 7.184918e+05 | 7.260945e+05 |   1.06%| unknown
  7.2s|     1 |     0 | 13138 |     - |   137M |   0 |2391 |  20k|  20k| 861 |  9 |   0 |   0 | 7.187056e+05 | 7.260945e+05 |   1.03%| unknown
  8.1s|     1 |     0 | 14518 |     - |   139M |   0 |2391 |  20k|  21k| 971 | 10 |   0 |   0 | 7.188973e+05 | 7.260945e+05 |   1.00%| unknown
  8.9s|     1 |     0 | 15962 |     - |   143M |   0 |2391 |  20k|  21k|1079 | 11 |   0 |   0 | 7.190985e+05 | 7.260945e+05 |   0.97%| unknown
  9.8s|     1 |     0 | 17508 |     - |   146M |   0 |2391 |  20k|  21k|1176 | 12 |   0 |   0 | 7.192145e+05 | 7.260945e+05 |   0.96%| unknown
 11.1s|     1 |     0 | 19793 |     - |   148M |   0 |2391 |  20k|  21k|1276 | 13 |   0 |   0 | 7.193481e+05 | 7.260945e+05 |   0.94%| unknown
 time | node  | left  |LP iter|LP it/n|mem/heur|mdpt |vars |cons |rows |cuts |sepa|confs|strbr|  dualbound   | primalbound  |  gap   | compl. 
 12.1s|     1 |     0 | 21507 |     - |   152M |   0 |2391 |  20k|  21k|1373 | 14 |   0 |   0 | 7.194988e+05 | 7.260945e+05 |   0.92%| unknown
 13.6s|     1 |     0 | 23934 |     - |   154M |   0 |2391 |  20k|  21k|1480 | 15 |   0 |   0 | 7.196234e+05 | 7.260945e+05 |   0.90%| unknown
 15.2s|     1 |     0 | 26756 |     - |   157M |   0 |2391 |  20k|  21k|1582 | 16 |   0 |   0 | 7.197393e+05 | 7.260945e+05 |   0.88%| unknown
 16.9s|     1 |     0 | 29537 |     - |   159M |   0 |2391 |  20k|  21k|1699 | 17 |   0 |   0 | 7.198612e+05 | 7.260945e+05 |   0.87%| unknown
 18.6s|     1 |     0 | 32442 |     - |   161M |   0 |2391 |  20k|  21k|1804 | 18 |   0 |   0 | 7.199770e+05 | 7.260945e+05 |   0.85%| unknown
 20.6s|     1 |     0 | 35632 |     - |   165M |   0 |2391 |  20k|  21k|1908 | 19 |   0 |   0 | 7.200710e+05 | 7.260945e+05 |   0.84%| unknown
 23.4s|     1 |     0 | 40083 |     - |   167M |   0 |2391 |  20k|  21k|2022 | 20 |   0 |   0 | 7.201739e+05 | 7.260945e+05 |   0.82%| unknown
 26.2s|     1 |     0 | 44595 |     - |   168M |   0 |2391 |  20k|  22k|2126 | 21 |   0 |   0 | 7.202680e+05 | 7.260945e+05 |   0.81%| unknown
 28.8s|     1 |     0 | 48714 |     - |   169M |   0 |2391 |  20k|  22k|2222 | 22 |   0 |   0 | 7.203472e+05 | 7.260945e+05 |   0.80%| unknown
 31.4s|     1 |     0 | 52767 |     - |   170M |   0 |2391 |  20k|  22k|2322 | 23 |   0 |   0 | 7.204077e+05 | 7.260945e+05 |   0.79%| unknown
 35.0s|     1 |     0 | 58191 |     - |   170M |   0 |2391 |  20k|  22k|2428 | 24 |   0 |   0 | 7.204769e+05 | 7.260945e+05 |   0.78%| unknown
 39.4s|     1 |     0 | 64688 |     - |   171M |   0 |2391 |  20k|  22k|2542 | 25 |   0 |   0 | 7.205378e+05 | 7.260945e+05 |   0.77%| unknown
 43.7s|     1 |     0 | 70966 |     - |   171M |   0 |2391 |  20k|  22k|2653 | 26 |   0 |   0 | 7.206019e+05 | 7.260945e+05 |   0.76%| unknown
 48.1s|     1 |     0 | 77293 |     - |   173M |   0 |2391 |  20k|  22k|2771 | 27 |   0 |   0 | 7.206642e+05 | 7.260945e+05 |   0.75%| unknown
 54.5s|     1 |     0 | 86393 |     - |   174M |   0 |2391 |  20k|  22k|2881 | 28 |   0 |   0 | 7.207221e+05 | 7.260945e+05 |   0.75%| unknown
 time | node  | left  |LP iter|LP it/n|mem/heur|mdpt |vars |cons |rows |cuts |sepa|confs|strbr|  dualbound   | primalbound  |  gap   | compl. 
 59.4s|     1 |     0 | 93052 |     - |   175M |   0 |2391 |  20k|  22k|2991 | 29 |   0 |   0 | 7.207779e+05 | 7.260945e+05 |   0.74%| unknown
 63.7s|     1 |     0 | 98798 |     - |   175M |   0 |2391 |  20k|  22k|3096 | 30 |   0 |   0 | 7.208175e+05 | 7.260945e+05 |   0.73%| unknown
 70.2s|     1 |     0 |106892 |     - |   175M |   0 |2391 |  20k|  22k|3195 | 31 |   0 |   0 | 7.208703e+05 | 7.260945e+05 |   0.72%| unknown
 76.2s|     1 |     0 |114083 |     - |   175M |   0 |2391 |  20k|  22k|3307 | 32 |   0 |   0 | 7.209133e+05 | 7.260945e+05 |   0.72%| unknown
r78.3s|     1 |     0 |118715 |     - |intshift|   0 |2391 |  20k|  22k|3307 | 32 |   0 |   0 | 7.209133e+05 | 7.260529e+05 |   0.71%| unknown
o86.4s|     1 |     0 |132397 |     - |feaspump|   0 |2391 |  20k|  22k|3307 | 32 |   0 |   0 | 7.209133e+05 | 7.258966e+05 |   0.69%| unknown
 86.5s|     1 |     0 |132397 |     - |   176M |   0 |2391 |  20k|  22k|3307 | 32 |   0 |   0 | 7.209133e+05 | 7.258966e+05 |   0.69%| unknown
 95.5s|     1 |     0 |142632 |     - |   177M |   0 |2391 |  20k|  22k|3417 | 33 |   0 |   0 | 7.209711e+05 | 7.258966e+05 |   0.68%| unknown
 98.9s|     1 |     0 |146615 |     - |   178M |   0 |2391 |  20k|  22k|3487 | 34 |   0 |   0 | 7.209768e+05 | 7.258966e+05 |   0.68%| unknown
  121s|     1 |     2 |146615 |     - |   178M |   0 |2391 |  20k|  22k|3487 | 34 |   0 |  25 | 7.209853e+05 | 7.258966e+05 |   0.68%| unknown
d 264s|     8 |     9 |171372 |6249.9 |pscostdi|   5 |2391 |  20k|  21k|   0 |  1 |   0 | 226 | 7.209901e+05 | 7.252131e+05 |   0.59%| unknown
d 306s|    11 |    12 |229495 |10187.2 |fracdivi|   6 |2391 |  20k|  21k|   0 |  1 |   8 | 243 | 7.210045e+05 | 7.251192e+05 |   0.57%| unknown
d 390s|    16 |    17 |338978 |14090.3 |linesear|   6 |2391 |  20k|  21k|   0 |  1 |  19 | 243 | 7.210284e+05 | 7.251174e+05 |   0.57%| unknown
d 415s|    18 |    19 |393910 |15663.9 |fracdivi|   7 |2391 |  20k|  21k|   0 |  1 |  22 | 243 | 7.210284e+05 | 7.250706e+05 |   0.56%| unknown
d 428s|    19 |    20 |423258 |16424.2 |guideddi|   7 |2391 |  20k|  21k|   0 |  1 |  23 | 243 | 7.210284e+05 | 7.249886e+05 |   0.55%| unknown
 time | node  | left  |LP iter|LP it/n|mem/heur|mdpt |vars |cons |rows |cuts |sepa|confs|strbr|  dualbound   | primalbound  |  gap   | compl. 
d 447s|    21 |    22 |457304 |16484.0 |guideddi|   7 |2391 |  20k|  21k|   0 |  1 |  29 | 243 | 7.210284e+05 | 7.249009e+05 |   0.54%| unknown
d 500s|    32 |    33 |524753 |12810.6 |guideddi|  11 |2391 |  20k|  21k|   0 |  1 |  33 | 256 | 7.210288e+05 | 7.248737e+05 |   0.53%| unknown
d 599s|    49 |    50 |661413 |11120.6 |pscostdi|  16 |2391 |  20k|  21k|   0 |  1 |  36 | 305 | 7.210288e+05 | 7.248721e+05 |   0.53%| unknown
d 621s|    56 |    57 |700902 |10423.3 |fracdivi|  19 |2391 |  20k|  21k|   0 |  1 |  95 | 305 | 7.210288e+05 | 7.248696e+05 |   0.53%| unknown
d 688s|    71 |    72 |801222 |9622.8 |guideddi|  23 |2391 |  20k|  21k|   0 |  1 |  98 | 330 | 7.210288e+05 | 7.247910e+05 |   0.52%| unknown
d 754s|    94 |    95 |904995 |8358.8 |fracdivi|  31 |2391 |  20k|  21k|   0 |  1 | 101 | 361 | 7.210288e+05 | 7.247787e+05 |   0.52%| unknown
  776s|   100 |   101 |933912 |8144.3 |   197M |  33 |2391 |  20k|  21k|4886 |  1 | 104 | 375 | 7.210288e+05 | 7.247787e+05 |   0.52%| unknown
d 892s|   129 |   130 |  1108k|7660.3 |pscostdi|  35 |2391 |  20k|  21k|   0 |  1 | 118 | 441 | 7.210317e+05 | 7.247745e+05 |   0.52%| unknown
d 906s|   135 |   136 |  1134k|7513.5 |fracdivi|  37 |2391 |  20k|  21k|   0 |  1 | 120 | 441 | 7.210317e+05 | 7.247542e+05 |   0.52%| unknown
 1041s|   200 |   201 |  1322k|6005.4 |   209M |  55 |2391 |  20k|  22k|6176 |  1 | 684 | 516 | 7.210331e+05 | 7.247542e+05 |   0.52%| unknown
L1077s|   224 |   225 |  1375k|5597.8 |    alns|  60 |2391 |  20k|  22k|6488 |  2 | 693 | 545 | 7.210331e+05 | 7.247170e+05 |   0.51%| unknown
d1141s|   257 |   258 |  1460k|5205.7 |fracdivi|  66 |2391 |  20k|  21k|   0 |  1 | 731 | 600 | 7.210331e+05 | 7.247157e+05 |   0.51%| unknown
 1192s|   300 |   301 |  1531k|4695.9 |   215M |  74 |2391 |  20k|  22k|7504 |  1 | 770 | 650 | 7.210331e+05 | 7.247157e+05 |   0.51%| unknown
L1200s|   315 |   314 |  1542k|4505.1 |    alns|  80 |2391 |  20k|  22k|7670 |  2 | 770 | 674 | 7.210331e+05 | 7.246789e+05 |   0.51%| unknown
L1200s|   315 |   314 |  1542k|4505.1 |    alns|  80 |2391 |  20k|  22k|7670 |  2 | 770 | 674 | 7.210331e+05 | 7.246701e+05 |   0.50%| unknown
 time | node  | left  |LP iter|LP it/n|mem/heur|mdpt |vars |cons |rows |cuts |sepa|confs|strbr|  dualbound   | primalbound  |  gap   | compl. 
 1236s|   400 |   361 |  1589k|3663.1 |   222M |  92 |2391 |  20k|  22k|8266 |  0 | 785 | 793 | 7.210331e+05 | 7.246701e+05 |   0.50%| unknown
 1277s|   500 |   417 |  1641k|3034.1 |   225M | 107 |2391 |  20k|  22k|8977 |  0 | 795 | 883 | 7.210331e+05 | 7.246701e+05 |   0.50%| unknown
L1283s|   515 |   361 |  1649k|2961.5 |    rins| 108 |2391 |  20k|  22k|9069 |  1 | 795 | 890 | 7.210331e+05 | 7.244424e+05 |   0.47%| unknown
 1355s|   600 |   414 |  1742k|2696.4 |   228M | 115 |2391 |  20k|  22k|9812 |  1 | 813 | 972 | 7.210357e+05 | 7.244424e+05 |   0.47%| unknown
 1444s|   700 |   480 |  1868k|2490.2 |   232M | 127 |2391 |  20k|   0 |  10k|  0 | 923 |1099 | 7.210373e+05 | 7.244424e+05 |   0.47%| unknown
L1453s|   715 |   424 |  1883k|2459.5 |crossove| 128 |2391 |  20k|  23k|  10k|  1 | 980 |1110 | 7.210373e+05 | 7.243051e+05 |   0.45%| unknown
 1518s|   800 |   475 |  2004k|2349.6 |   234M | 147 |2391 |  20k|  23k|  10k|  1 |1001 |1272 | 7.210373e+05 | 7.243051e+05 |   0.45%| unknown
 1644s|   900 |   557 |  2182k|2285.9 |   241M | 169 |2391 |  20k|  23k|  11k|  1 |1103 |1456 | 7.210393e+05 | 7.243051e+05 |   0.45%| unknown
L1648s|   916 |   361 |  2193k|2258.1 |    rins| 169 |2391 |  20k|  23k|  11k|  1 |1103 |1481 | 7.210393e+05 | 7.233356e+05 |   0.32%| unknown
 1695s|  1000 |   391 |  2235k|2109.6 |   250M | 170 |2391 |  20k|  23k|  12k|  1 |1108 |1692 | 7.210447e+05 | 7.233356e+05 |   0.32%| unknown
 1764s|  1100 |   415 |  2309k|1985.1 |   254M | 170 |2391 |  20k|  21k|  13k|  1 |1125 |1778 | 7.210492e+05 | 7.233356e+05 |   0.32%| unknown
 1885s|  1200 |   469 |  2434k|1923.9 |   263M | 170 |2391 |  20k|  21k|  14k|  1 |1127 |1934 | 7.210686e+05 | 7.233356e+05 |   0.31%| unknown
L1923s|  1259 |   431 |  2478k|1868.5 |    rins| 170 |2391 |  20k|  23k|  15k|  1 |1132 |1984 | 7.210698e+05 | 7.231205e+05 |   0.28%| unknown
 1985s|  1300 |   460 |  2542k|1859.3 |   284M | 170 |2391 |  20k|  21k|  15k|  1 |1138 |2059 | 7.210703e+05 | 7.231205e+05 |   0.28%| unknown
 2144s|  1400 |   518 |  2702k|1840.7 |   289M | 170 |2391 |  20k|  23k|  16k|  1 |1150 |2197 | 7.210859e+05 | 7.231205e+05 |   0.28%| unknown
 time | node  | left  |LP iter|LP it/n|mem/heur|mdpt |vars |cons |rows |cuts |sepa|confs|strbr|  dualbound   | primalbound  |  gap   | compl. 
L2212s|  1459 |   539 |  2776k|1816.5 |crossove| 170 |2391 |  20k|  23k|  17k|  0 |1165 |2283 | 7.210872e+05 | 7.230985e+05 |   0.28%| unknown
 2239s|  1500 |   536 |  2815k|1793.3 |   292M | 170 |2391 |  20k|  23k|  17k|  0 |1197 |2310 | 7.210872e+05 | 7.230985e+05 |   0.28%| unknown
 2301s|  1600 |   527 |  2901k|1734.8 |   294M | 170 |2391 |  20k|  23k|  18k|  0 |1229 |2382 | 7.210872e+05 | 7.230985e+05 |   0.28%| unknown
L2391s|  1659 |   532 |  2992k|1727.7 |    rins| 170 |2391 |  20k|  23k|  19k|  2 |1254 |2532 | 7.210881e+05 | 7.230247e+05 |   0.27%| unknown
 2442s|  1700 |   553 |  3044k|1717.1 |   298M | 170 |2391 |  20k|  22k|  19k|  1 |1255 |2589 | 7.210883e+05 | 7.230247e+05 |   0.27%| unknown
 2523s|  1800 |   605 |  3133k|1670.7 |   301M | 170 |2391 |  20k|  23k|  20k|  5 |1272 |2714 | 7.210914e+05 | 7.230247e+05 |   0.27%| unknown
 2620s|  1900 |   657 |  3247k|1643.1 |   305M | 170 |2391 |  20k|  23k|  21k|  0 |1292 |2838 | 7.210964e+05 | 7.230247e+05 |   0.27%| unknown
 2667s|  2000 |   661 |  3316k|1595.1 |   308M | 170 |2391 |  20k|  23k|  22k|  1 |1312 |2879 | 7.210964e+05 | 7.230247e+05 |   0.27%| unknown
 2771s|  2100 |   666 |  3453k|1584.6 |   310M | 170 |2391 |  20k|  22k|  23k|  2 |1344 |2995 | 7.211007e+05 | 7.230247e+05 |   0.27%| unknown
 2837s|  2200 |   680 |  3538k|1551.2 |   312M | 170 |2391 |  20k|  23k|  23k|  0 |1348 |3056 | 7.211036e+05 | 7.230247e+05 |   0.27%| unknown
 2957s|  2300 |   738 |  3706k|1556.5 |   316M | 170 |2391 |  20k|  21k|  25k|  1 |1353 |3093 | 7.211077e+05 | 7.230247e+05 |   0.27%| unknown
 3053s|  2400 |   792 |  3838k|1547.0 |   318M | 170 |2391 |  20k|  21k|  26k|  1 |1356 |3169 | 7.211136e+05 | 7.230247e+05 |   0.27%| unknown
 3106s|  2500 |   822 |  3911k|1514.3 |   321M | 170 |2391 |  20k|  23k|  27k|  1 |1374 |3195 | 7.211187e+05 | 7.230247e+05 |   0.26%| unknown
L3147s|  2568 |   801 |  3978k|1500.3 |    alns| 170 |2391 |  20k|  23k|  27k|  0 |1376 |3199 | 7.211187e+05 | 7.229851e+05 |   0.26%| unknown
L3147s|  2568 |   799 |  3978k|1500.3 |    alns| 170 |2391 |  20k|  23k|  27k|  0 |1376 |3199 | 7.211187e+05 | 7.229796e+05 |   0.26%| unknown
 time | node  | left  |LP iter|LP it/n|mem/heur|mdpt |vars |cons |rows |cuts |sepa|confs|strbr|  dualbound   | primalbound  |  gap   | compl. 
L3147s|  2568 |   798 |  3978k|1500.3 |    alns| 170 |2391 |  20k|  23k|  27k|  0 |1376 |3199 | 7.211187e+05 | 7.229730e+05 |   0.26%| unknown
 3187s|  2600 |   798 |  4016k|1496.1 |   323M | 170 |2391 |  20k|  22k|  27k|  2 |1384 |3243 | 7.211187e+05 | 7.229730e+05 |   0.26%| unknown
 3360s|  2700 |   838 |  4207k|1511.6 |   325M | 170 |2391 |  20k|  22k|  29k|  0 |1420 |3368 | 7.211255e+05 | 7.229730e+05 |   0.26%| unknown
 3470s|  2800 |   870 |  4318k|1497.3 |   326M | 170 |2391 |  20k|  23k|  30k|  0 |1420 |3428 | 7.211326e+05 | 7.229730e+05 |   0.26%| unknown
 3600s|  2900 |   894 |  4462k|1495.4 |   328M | 170 |2391 |  20k|  23k|  31k|  1 |1420 |3519 | 7.211337e+05 | 7.229730e+05 |   0.26%| unknown
 3681s|  3000 |   890 |  4554k|1476.1 |   329M | 170 |2391 |  20k|  23k|  32k|  1 |1423 |3590 | 7.211337e+05 | 7.229730e+05 |   0.26%| unknown
 3809s|  3100 |   920 |  4693k|1473.4 |   333M | 170 |2391 |  20k|  23k|  32k|  1 |1444 |3706 | 7.211352e+05 | 7.229730e+05 |   0.25%| unknown
 3971s|  3200 |   936 |  4855k|1477.9 |   336M | 170 |2391 |  20k|  23k|  33k|  3 |1469 |3870 | 7.211370e+05 | 7.229730e+05 |   0.25%| unknown
 4069s|  3300 |   972 |  4961k|1465.3 |   337M | 170 |2391 |  20k|  22k|  34k|  1 |1469 |3959 | 7.211490e+05 | 7.229730e+05 |   0.25%| unknown
 4107s|  3400 |   984 |  5009k|1436.2 |   339M | 170 |2391 |  20k|  22k|  34k|  0 |1491 |3992 | 7.211490e+05 | 7.229730e+05 |   0.25%| unknown
 4198s|  3500 |  1006 |  5106k|1422.9 |   340M | 170 |2391 |  20k|  22k|  35k|  1 |1497 |4090 | 7.211490e+05 | 7.229730e+05 |   0.25%| unknown
 4288s|  3600 |  1024 |  5209k|1412.0 |   342M | 170 |2391 |  20k|  23k|  36k|  1 |1503 |4172 | 7.211574e+05 | 7.229730e+05 |   0.25%| unknown
 4502s|  3700 |  1048 |  5417k|1430.0 |   347M | 170 |2391 |  20k|  23k|  37k|  1 |1525 |4332 | 7.211608e+05 | 7.229730e+05 |   0.25%| unknown
 4626s|  3800 |  1084 |  5545k|1426.2 |   349M | 170 |2391 |  20k|  22k|  38k|  1 |1564 |4445 | 7.211660e+05 | 7.229730e+05 |   0.25%| unknown
 4747s|  3900 |  1126 |  5684k|1425.2 |   354M | 170 |2391 |  20k|  23k|  40k|  2 |1590 |4543 | 7.211676e+05 | 7.229730e+05 |   0.25%| unknown
 time | node  | left  |LP iter|LP it/n|mem/heur|mdpt |vars |cons |rows |cuts |sepa|confs|strbr|  dualbound   | primalbound  |  gap   | compl. 
 4817s|  4000 |  1160 |  5770k|1411.0 |   356M | 170 |2391 |  20k|  23k|  40k|  1 |1609 |4622 | 7.211693e+05 | 7.229730e+05 |   0.25%| unknown
 4963s|  4100 |  1222 |  5956k|1422.0 |   358M | 170 |2391 |  20k|  22k|  42k|  1 |1619 |4727 | 7.211753e+05 | 7.229730e+05 |   0.25%| unknown
 5096s|  4200 |  1270 |  6108k|1424.4 |   360M | 170 |2391 |  20k|  23k|  43k|  1 |1628 |4856 | 7.211764e+05 | 7.229730e+05 |   0.25%| unknown
 5202s|  4300 |  1290 |  6251k|1424.4 |   362M | 170 |2391 |  20k|  22k|  44k|  1 |1630 |4897 | 7.211775e+05 | 7.229730e+05 |   0.25%| unknown
 5263s|  4400 |  1326 |  6343k|1412.9 |   364M | 170 |2391 |  20k|  22k|  45k|  1 |1637 |4922 | 7.211845e+05 | 7.229730e+05 |   0.25%| unknown
 5402s|  4500 |  1384 |  6531k|1423.5 |   367M | 170 |2391 |  20k|  22k|  46k|  1 |1653 |4955 | 7.211926e+05 | 7.229730e+05 |   0.25%| unknown
 5502s|  4600 |  1434 |  6671k|1423.0 |   368M | 170 |2391 |  20k|  22k|  48k|  1 |1658 |4970 | 7.211944e+05 | 7.229730e+05 |   0.25%| unknown
 5557s|  4700 |  1452 |  6755k|1410.4 |   369M | 170 |2391 |  20k|  23k|  49k|  0 |1663 |4976 | 7.211969e+05 | 7.229730e+05 |   0.25%| unknown
 5665s|  4800 |  1498 |  6899k|1411.2 |   374M | 170 |2391 |  20k|  21k|  50k|  1 |1671 |4994 | 7.211975e+05 | 7.229730e+05 |   0.25%| unknown
 5773s|  4900 |  1556 |  7041k|1411.3 |   376M | 170 |2391 |  20k|  22k|  51k|  1 |1675 |5052 | 7.212025e+05 | 7.229730e+05 |   0.25%| unknown
 5941s|  5000 |  1572 |  7183k|1411.4 |   379M | 170 |2391 |  20k|  23k|  52k|  1 |1678 |5108 | 7.212055e+05 | 7.229730e+05 |   0.25%| unknown
 6022s|  5100 |  1564 |  7269k|1400.6 |   380M | 170 |2391 |  20k|  23k|  53k|  0 |1694 |5166 | 7.212055e+05 | 7.229730e+05 |   0.25%| unknown
 6163s|  5200 |  1598 |  7426k|1403.9 |   382M | 170 |2391 |  20k|  23k|  54k|  0 |1714 |5255 | 7.212060e+05 | 7.229730e+05 |   0.25%| unknown
 6298s|  5300 |  1664 |  7588k|1408.0 |   388M | 170 |2391 |  20k|  23k|  55k|  0 |1723 |5346 | 7.212136e+05 | 7.229730e+05 |   0.24%| unknown
 6462s|  5400 |  1712 |  7763k|1414.4 |   390M | 170 |2391 |  20k|  23k|  57k|  2 |1729 |5474 | 7.212177e+05 | 7.229730e+05 |   0.24%| unknown
 time | node  | left  |LP iter|LP it/n|mem/heur|mdpt |vars |cons |rows |cuts |sepa|confs|strbr|  dualbound   | primalbound  |  gap   | compl. 
 6613s|  5500 |  1702 |  7937k|1420.2 |   393M | 170 |2391 |  20k|  23k|  57k|  1 |1753 |5540 | 7.212177e+05 | 7.229730e+05 |   0.24%| unknown
 6780s|  5600 |  1728 |  8102k|1424.4 |   396M | 170 |2391 |  20k|  23k|  59k|  0 |1785 |5658 | 7.212182e+05 | 7.229730e+05 |   0.24%| unknown
 6925s|  5700 |  1740 |  8269k|1428.7 |   398M | 170 |2391 |  20k|  23k|  60k|  2 |1786 |5775 | 7.212195e+05 | 7.229730e+05 |   0.24%| unknown
 7029s|  5800 |  1750 |  8392k|1425.2 |   400M | 170 |2391 |  20k|  23k|  60k|  0 |1800 |5839 | 7.212195e+05 | 7.229730e+05 |   0.24%| unknown
 7155s|  5900 |  1752 |  8558k|1429.3 |   404M | 170 |2391 |  20k|  23k|  61k| 12 |1833 |5924 | 7.212195e+05 | 7.229730e+05 |   0.24%| unknown
 7318s|  6000 |  1796 |  8754k|1438.1 |   408M | 170 |2391 |  20k|  23k|  63k|  0 |1841 |6053 | 7.212217e+05 | 7.229730e+05 |   0.24%| unknown
 7479s|  6100 |  1814 |  8930k|1443.4 |   414M | 170 |2391 |  20k|  23k|  63k|  0 |1856 |6172 | 7.212220e+05 | 7.229730e+05 |   0.24%| unknown
 7595s|  6200 |  1846 |  9093k|1446.4 |   417M | 170 |2391 |  20k|  22k|  65k|  1 |1863 |6217 | 7.212288e+05 | 7.229730e+05 |   0.24%| unknown
 7727s|  6300 |  1884 |  9259k|1449.7 |   423M | 170 |2391 |  20k|  23k|  66k|  4 |1873 |6275 | 7.212309e+05 | 7.229730e+05 |   0.24%| unknown
 7836s|  6400 |  1904 |  9420k|1452.2 |   426M | 170 |2391 |  20k|  22k|  67k|  4 |1880 |6316 | 7.212339e+05 | 7.229730e+05 |   0.24%| unknown
 7939s|  6500 |  1936 |  9552k|1450.2 |   434M | 170 |2391 |  20k|  23k|  67k|  2 |1904 |6436 | 7.212351e+05 | 7.229730e+05 |   0.24%| unknown
L8036s|  6572 |  1895 |  9665k|1451.4 |crossove| 170 |2391 |  20k|  22k|  68k|  1 |1918 |6510 | 7.212385e+05 | 7.229268e+05 |   0.23%| unknown
 8113s|  6600 |  1913 |  9741k|1456.8 |   437M | 170 |2391 |  20k|  23k|  68k|  0 |1918 |6540 | 7.212385e+05 | 7.229268e+05 |   0.23%| unknown
 8295s|  6700 |  1973 |  9970k|1469.3 |   441M | 170 |2391 |  20k|  23k|  70k|  2 |1923 |6617 | 7.212464e+05 | 7.229268e+05 |   0.23%| unknown
 8397s|  6800 |  1973 | 10100k|1466.9 |   443M | 170 |2391 |  20k|  23k|  70k|  1 |1923 |6659 | 7.212464e+05 | 7.229268e+05 |   0.23%| unknown
 time | node  | left  |LP iter|LP it/n|mem/heur|mdpt |vars |cons |rows |cuts |sepa|confs|strbr|  dualbound   | primalbound  |  gap   | compl. 
 8583s|  6900 |  2011 | 10364k|1483.8 |   445M | 170 |2391 |  20k|  22k|  72k|  1 |1925 |6666 | 7.212511e+05 | 7.229268e+05 |   0.23%| unknown
 8717s|  7000 |  2039 | 10552k|1489.5 |   448M | 170 |2391 |  20k|  23k|  72k|  4 |1927 |6693 | 7.212512e+05 | 7.229268e+05 |   0.23%| unknown
 8840s|  7100 |  2043 | 10725k|1492.9 |   449M | 170 |2391 |  20k|  22k|  73k|  2 |1932 |6710 | 7.212529e+05 | 7.229268e+05 |   0.23%| unknown
 8945s|  7200 |  2077 | 10868k|1492.0 |   452M | 170 |2391 |  20k|  22k|  74k|  1 |1933 |6745 | 7.212545e+05 | 7.229268e+05 |   0.23%| unknown
 9077s|  7300 |  2085 | 11019k|1492.2 |   454M | 170 |2391 |  20k|  23k|  74k|  0 |1949 |6807 | 7.212549e+05 | 7.229268e+05 |   0.23%| unknown
 9236s|  7400 |  2115 | 11199k|1496.4 |   457M | 170 |2391 |  20k|  23k|  75k|  1 |1963 |6900 | 7.212569e+05 | 7.229268e+05 |   0.23%| unknown
 9387s|  7500 |  2153 | 11365k|1498.5 |   460M | 170 |2391 |  20k|  23k|  76k|  0 |1964 |6974 | 7.212570e+05 | 7.229268e+05 |   0.23%| unknown
 9557s|  7600 |  2195 | 11551k|1503.3 |   463M | 170 |2391 |  20k|  23k|  77k|  0 |1969 |7077 | 7.212624e+05 | 7.229268e+05 |   0.23%| unknown
 9737s|  7700 |  2211 | 11751k|1509.8 |   465M | 170 |2391 |  20k|  22k|  78k|  1 |1972 |7240 | 7.212648e+05 | 7.229268e+05 |   0.23%| unknown
 9939s|  7800 |  2269 | 11966k|1518.1 |   473M | 170 |2391 |  20k|  22k|  80k|  2 |1975 |7349 | 7.212702e+05 | 7.229268e+05 |   0.23%| unknown
Restart triggered after 50 consecutive estimations that the remaining tree will be large
(run 1, node 7876) performing user restart

(restart) converted 815 cuts from the global cut pool into linear constraints

presolving:
(round 1, fast)       0 del vars, 0 del conss, 0 add conss, 109 chg bounds, 0 chg sides, 0 chg coeffs, 0 upgd conss, 20419 impls, 0 clqs
(round 2, fast)       0 del vars, 0 del conss, 0 add conss, 174 chg bounds, 0 chg sides, 0 chg coeffs, 0 upgd conss, 20419 impls, 0 clqs
presolving (3 rounds: 3 fast, 1 medium, 1 exhaustive):
 0 deleted vars, 0 deleted constraints, 0 added constraints, 186 tightened bounds, 0 added holes, 0 changed sides, 0 changed coefficients
 20419 implications, 0 cliques
presolved problem has 2391 variables (1999 bin, 0 int, 0 impl, 392 cont) and 20949 constraints
      1 constraints of type <chancecons>
  19777 constraints of type <varbound>
      1 constraints of type <knapsack>
   1134 constraints of type <linear>
     36 constraints of type <bounddisjunction>
Presolving Time: 0.64
transformed 59/59 original solutions to the transformed problem space

 time | node  | left  |LP iter|LP it/n|mem/heur|mdpt |vars |cons |rows |cuts |sepa|confs|strbr|  dualbound   | primalbound  |  gap   | compl. 
  168m|     1 |     0 | 12137k|     - |   466M |   0 |2391 |  20k|  20k|   0 |  0 |1976 |7467 | 7.212714e+05 | 7.229268e+05 |   0.23%| unknown
  168m|     1 |     0 | 12138k|     - |   469M |   0 |2391 |  20k|  20k|  91 |  1 |1977 |7467 | 7.212714e+05 | 7.229268e+05 |   0.23%| unknown
  168m|     1 |     0 | 12140k|     - |   472M |   0 |2391 |  20k|  21k| 180 |  2 |1977 |7467 | 7.212714e+05 | 7.229268e+05 |   0.23%| unknown
  168m|     1 |     0 | 12141k|     - |   474M |   0 |2391 |  20k|  21k| 279 |  3 |1981 |7467 | 7.212714e+05 | 7.229268e+05 |   0.23%| unknown
  168m|     1 |     0 | 12143k|     - |   476M |   0 |2391 |  20k|  21k| 375 |  4 |1983 |7467 | 7.212714e+05 | 7.229268e+05 |   0.23%| unknown
  168m|     1 |     0 | 12145k|     - |   479M |   0 |2391 |  20k|  21k| 470 |  5 |1984 |7467 | 7.212714e+05 | 7.229268e+05 |   0.23%| unknown
  168m|     1 |     0 | 12146k|     - |   481M |   0 |2391 |  20k|  21k| 559 |  6 |1986 |7467 | 7.212714e+05 | 7.229268e+05 |   0.23%| unknown
  168m|     1 |     0 | 12149k|     - |   484M |   0 |2391 |  20k|  21k| 655 |  7 |1991 |7467 | 7.212714e+05 | 7.229268e+05 |   0.23%| unknown
  168m|     1 |     0 | 12152k|     - |   486M |   0 |2391 |  20k|  21k| 759 |  8 |1995 |7467 | 7.212714e+05 | 7.229268e+05 |   0.23%| unknown
  168m|     1 |     0 | 12156k|     - |   489M |   0 |2391 |  20k|  21k| 878 |  9 |1996 |7467 | 7.212714e+05 | 7.229268e+05 |   0.23%| unknown
  168m|     1 |     0 | 12159k|     - |   492M |   0 |2391 |  20k|  21k|1002 | 10 |1997 |7467 | 7.212714e+05 | 7.229268e+05 |   0.23%| unknown
  169m|     1 |     0 | 12163k|     - |   494M |   0 |2391 |  20k|  21k|1100 | 11 |1999 |7467 | 7.212714e+05 | 7.229268e+05 |   0.23%| unknown
  169m|     1 |     0 | 12167k|     - |   496M |   0 |2391 |  20k|  22k|1209 | 12 |2002 |7467 | 7.212714e+05 | 7.229268e+05 |   0.23%| unknown
  169m|     1 |     0 | 12171k|     - |   496M |   0 |2391 |  20k|  22k|1313 | 13 |2005 |7467 | 7.212714e+05 | 7.229268e+05 |   0.23%| unknown
  169m|     1 |     0 | 12176k|     - |   498M |   0 |2391 |  20k|  22k|1406 | 14 |2006 |7467 | 7.212714e+05 | 7.229268e+05 |   0.23%| unknown
 time | node  | left  |LP iter|LP it/n|mem/heur|mdpt |vars |cons |rows |cuts |sepa|confs|strbr|  dualbound   | primalbound  |  gap   | compl. 
  169m|     1 |     0 | 12181k|     - |   502M |   0 |2391 |  20k|  22k|1506 | 15 |2006 |7467 | 7.212714e+05 | 7.229268e+05 |   0.23%| unknown
  169m|     1 |     0 | 12187k|     - |   504M |   0 |2391 |  20k|  22k|1611 | 16 |2006 |7467 | 7.212714e+05 | 7.229268e+05 |   0.23%| unknown
  169m|     1 |     0 | 12191k|     - |   506M |   0 |2391 |  20k|  22k|1700 | 17 |2006 |7467 | 7.212714e+05 | 7.229268e+05 |   0.23%| unknown
  169m|     1 |     0 | 12197k|     - |   508M |   0 |2391 |  20k|  22k|1807 | 18 |2009 |7467 | 7.212714e+05 | 7.229268e+05 |   0.23%| unknown
  169m|     1 |     0 | 12202k|     - |   511M |   0 |2391 |  20k|  22k|1902 | 19 |2009 |7467 | 7.212714e+05 | 7.229268e+05 |   0.23%| unknown
  169m|     1 |     0 | 12209k|     - |   513M |   0 |2391 |  20k|  22k|1990 | 20 |2010 |7467 | 7.212714e+05 | 7.229268e+05 |   0.23%| unknown
  169m|     1 |     0 | 12216k|     - |   513M |   0 |2391 |  20k|  22k|2075 | 21 |2010 |7467 | 7.212714e+05 | 7.229268e+05 |   0.23%| unknown
  169m|     1 |     0 | 12223k|     - |   514M |   0 |2391 |  20k|  22k|2173 | 22 |2015 |7467 | 7.212714e+05 | 7.229268e+05 |   0.23%| unknown
  169m|     1 |     0 | 12229k|     - |   514M |   0 |2391 |  20k|  22k|2282 | 23 |2015 |7467 | 7.212714e+05 | 7.229268e+05 |   0.23%| unknown
  169m|     1 |     0 | 12237k|     - |   515M |   0 |2391 |  20k|  22k|2386 | 24 |2016 |7467 | 7.212714e+05 | 7.229268e+05 |   0.23%| unknown
  170m|     1 |     0 | 12245k|     - |   515M |   0 |2391 |  20k|  22k|2482 | 25 |2017 |7467 | 7.212714e+05 | 7.229268e+05 |   0.23%| unknown
  170m|     1 |     0 | 12254k|     - |   515M |   0 |2391 |  20k|  22k|2583 | 26 |2023 |7467 | 7.212714e+05 | 7.229268e+05 |   0.23%| unknown
  170m|     1 |     2 | 12282k|     - |   515M |   0 |2391 |  20k|  22k|2583 | 26 |2028 |7468 | 7.212714e+05 | 7.229268e+05 |   0.23%| unknown
  178m|   100 |   101 | 12608k|1548.9 |   525M |  42 |2391 |  20k|  22k|4127 |  1 |2097 |8174 | 7.212714e+05 | 7.229268e+05 |   0.23%| unknown
  182m|   200 |   157 | 12768k|1549.6 |   529M |  59 |2391 |  21k|  22k|5063 |  1 |2179 |8567 | 7.212714e+05 | 7.229268e+05 |   0.23%| unknown
 time | node  | left  |LP iter|LP it/n|mem/heur|mdpt |vars |cons |rows |cuts |sepa|confs|strbr|  dualbound   | primalbound  |  gap   | compl. 
  185m|   300 |   195 | 12904k|1547.2 |   531M |  72 |2391 |  21k|  22k|6220 |  0 |2201 |8923 | 7.212714e+05 | 7.229268e+05 |   0.23%| unknown
  187m|   400 |   215 | 12980k|1537.7 |   533M |  88 |2391 |  21k|  22k|6883 |  2 |2206 |9045 | 7.212714e+05 | 7.229268e+05 |   0.23%| unknown
  189m|   500 |   247 | 13153k|1540.0 |   536M | 108 |2391 |  21k|  22k|7526 |  0 |2213 |9285 | 7.212714e+05 | 7.229268e+05 |   0.23%| unknown
  191m|   600 |   295 | 13245k|1532.7 |   537M | 119 |2391 |  21k|  22k|8118 |  1 |2224 |9380 | 7.212714e+05 | 7.229268e+05 |   0.23%| unknown
  193m|   700 |   339 | 13358k|1528.0 |   538M | 130 |2391 |  20k|  23k|8891 |  1 |2238 |9612 | 7.212714e+05 | 7.229268e+05 |   0.23%| unknown
* 195m|   791 |   365 | 13438k|1521.2 |    LP  | 149 |2391 |  20k|  23k|9305 |  2 |2247 |9676 | 7.212714e+05 | 7.229131e+05 |   0.23%| unknown
  195m|   800 |   368 | 13446k|1520.5 |   539M | 149 |2391 |  20k|  23k|9305 |  2 |2247 |9687 | 7.212714e+05 | 7.229131e+05 |   0.23%| unknown
  197m|   900 |   406 | 13564k|1516.6 |   566M | 163 |2391 |  20k|  23k|  10k|  0 |2270 |9892 | 7.212714e+05 | 7.229131e+05 |   0.23%| unknown
  198m|  1000 |   414 | 13640k|1508.1 |   569M | 163 |2391 |  21k|  23k|  10k|  2 |2317 |9974 | 7.212714e+05 | 7.229131e+05 |   0.23%| unknown
  200m|  1100 |   456 | 13777k|1506.6 |   573M | 163 |2391 |  20k|  23k|  11k| 12 |2325 |  10k| 7.212714e+05 | 7.229131e+05 |   0.23%| unknown
* 200m|  1101 |   439 | 13777k|1506.4 |    LP  | 163 |2391 |  20k|  23k|  11k|  1 |2325 |  10k| 7.212714e+05 | 7.229012e+05 |   0.23%| unknown
* 200m|  1179 |   447 | 13807k|1496.8 |    LP  | 166 |2391 |  21k|  23k|  12k|  1 |2342 |  10k| 7.212714e+05 | 7.229002e+05 |   0.23%| unknown
  201m|  1200 |   462 | 13858k|1498.9 |   586M | 166 |2391 |  21k|  23k|  12k| 12 |2342 |  10k| 7.212714e+05 | 7.229002e+05 |   0.23%| unknown
* 204m|  1299 |   515 | 14059k|1504.6 |    LP  | 166 |2391 |  20k|  23k|  13k|  2 |2345 |  10k| 7.212714e+05 | 7.229001e+05 |   0.23%| unknown
  204m|  1300 |   514 | 14059k|1504.5 |   596M | 166 |2391 |  20k|  23k|  13k|  0 |2345 |  10k| 7.212714e+05 | 7.229001e+05 |   0.23%| unknown
 time | node  | left  |LP iter|LP it/n|mem/heur|mdpt |vars |cons |rows |cuts |sepa|confs|strbr|  dualbound   | primalbound  |  gap   | compl. 
  206m|  1400 |   548 | 14201k|1503.6 |   597M | 166 |2391 |  20k|  23k|  14k|  0 |2356 |  10k| 7.212714e+05 | 7.229001e+05 |   0.23%| unknown
  208m|  1500 |   594 | 14350k|1503.4 |   600M | 166 |2391 |  20k|  23k|  16k|  0 |2366 |  10k| 7.212714e+05 | 7.229001e+05 |   0.23%| unknown
  210m|  1600 |   620 | 14463k|1499.4 |   602M | 166 |2391 |  20k|  23k|  16k|  0 |2378 |  10k| 7.212714e+05 | 7.229001e+05 |   0.23%| unknown
  211m|  1700 |   662 | 14545k|1492.4 |   607M | 167 |2391 |  20k|  23k|  17k|  0 |2389 |  10k| 7.212714e+05 | 7.229001e+05 |   0.23%| unknown
  216m|  1800 |   726 | 14811k|1504.5 |   613M | 167 |2391 |  20k|  23k|  19k|  2 |2395 |  11k| 7.212714e+05 | 7.229001e+05 |   0.23%| unknown
  218m|  1900 |   770 | 15000k|1508.4 |   617M | 167 |2391 |  20k|  22k|  20k|  1 |2419 |  11k| 7.212714e+05 | 7.229001e+05 |   0.23%| unknown
* 219m|  1996 |   735 | 15072k|1501.0 |    LP  | 167 |2391 |  20k|  23k|  21k|  1 |2425 |  11k| 7.212714e+05 | 7.228606e+05 |   0.22%| unknown
  219m|  2000 |   733 | 15078k|1501.0 |   619M | 167 |2391 |  20k|  23k|  21k|  2 |2426 |  11k| 7.212714e+05 | 7.228606e+05 |   0.22%| unknown
  222m|  2100 |   767 | 15329k|1511.1 |   620M | 167 |2391 |  21k|  23k|  23k|  1 |2447 |  11k| 7.212714e+05 | 7.228606e+05 |   0.22%| unknown
  227m|  2200 |   805 | 15533k|1516.4 |   626M | 167 |2391 |  21k|  22k|  24k|  1 |2447 |  11k| 7.212714e+05 | 7.228606e+05 |   0.22%| unknown
  228m|  2300 |   839 | 15653k|1513.3 |   629M | 167 |2391 |  21k|  22k|  25k|  1 |2447 |  11k| 7.212714e+05 | 7.228606e+05 |   0.22%| unknown
  230m|  2400 |   881 | 15802k|1513.0 |   629M | 167 |2391 |  20k|  23k|  26k|  1 |2449 |  11k| 7.212714e+05 | 7.228606e+05 |   0.22%| unknown
  232m|  2500 |   915 | 15919k|1509.8 |   630M | 167 |2391 |  20k|  22k|  27k|  1 |2449 |  11k| 7.212736e+05 | 7.228606e+05 |   0.22%| unknown
  233m|  2600 |   951 | 16034k|1506.3 |   632M | 167 |2391 |  20k|  22k|  28k|  0 |2449 |  11k| 7.212742e+05 | 7.228606e+05 |   0.22%| unknown
  235m|  2700 |   987 | 16157k|1503.7 |   637M | 167 |2391 |  20k|  23k|  29k|  2 |2458 |  11k| 7.212744e+05 | 7.228606e+05 |   0.22%| unknown
 time | node  | left  |LP iter|LP it/n|mem/heur|mdpt |vars |cons |rows |cuts |sepa|confs|strbr|  dualbound   | primalbound  |  gap   | compl. 
  237m|  2800 |  1015 | 16316k|1504.5 |   640M | 167 |2391 |  20k|  23k|  30k|  1 |2459 |  11k| 7.212843e+05 | 7.228606e+05 |   0.22%| unknown
  238m|  2900 |  1019 | 16405k|1498.7 |   641M | 167 |2391 |  20k|  23k|  31k|  0 |2477 |  11k| 7.212864e+05 | 7.228606e+05 |   0.22%| unknown
  239m|  3000 |  1015 | 16504k|1494.1 |   641M | 167 |2391 |  20k|  23k|  31k|  4 |2477 |  11k| 7.212864e+05 | 7.228606e+05 |   0.22%| unknown

SCIP Status        : solving was interrupted [time limit reached]
Solving Time (sec) : 14400.00
Solving Nodes      : 3049 (total of 10925 nodes in 2 runs)
Primal Bound       : +7.22860580000000e+05 (70 solutions)
Dual Bound         : +7.21288539098996e+05
Gap                : 0.22 %

primal solution (original space):
=================================

objective value:                            722860.58
z#0                                                 1 	(obj:0)
z#13                                                1 	(obj:0)
z#23                                                1 	(obj:0)
z#26                                                1 	(obj:0)
z#38                                                1 	(obj:0)
z#41                                 1.00000000000082 	(obj:0)
z#65                                                1 	(obj:0)
z#84                                                1 	(obj:0)
z#88                                0.999999999998413 	(obj:0)
z#102                                               1 	(obj:0)
z#107                                               1 	(obj:0)
z#113                                1.00000000000073 	(obj:0)
z#122                                               1 	(obj:0)
z#129                                               1 	(obj:0)
z#138                                 1.0000000000047 	(obj:0)
z#143                                               1 	(obj:0)
z#144                                               1 	(obj:0)
z#192                                               1 	(obj:0)
z#200                                               1 	(obj:0)
z#221                                               1 	(obj:0)
z#252                                               1 	(obj:0)
z#255                                               1 	(obj:0)
z#258                                 1.0000000000016 	(obj:0)
z#266                                1.00000000000066 	(obj:0)
z#282                                               1 	(obj:0)
z#287                                1.00000000000228 	(obj:0)
z#319                                               1 	(obj:0)
z#321                                               1 	(obj:0)
z#331                                1.00000000000182 	(obj:0)
z#333                                               1 	(obj:0)
z#345                                               1 	(obj:0)
z#346                                               1 	(obj:0)
z#355                                               1 	(obj:0)
z#357                                               1 	(obj:0)
z#365                                1.00000000000132 	(obj:0)
z#381                                               1 	(obj:0)
z#382                                 1.0000000000014 	(obj:0)
z#389                                               1 	(obj:0)
z#411                                               1 	(obj:0)
z#422                                               1 	(obj:0)
z#426                                 1.0000000000014 	(obj:0)
z#427                                               1 	(obj:0)
z#436                                               1 	(obj:0)
z#437                                1.00000000000425 	(obj:0)
z#441                                               1 	(obj:0)
z#443                                               1 	(obj:0)
z#466                                               1 	(obj:0)
z#467                                1.00000000000029 	(obj:0)
z#476                                               1 	(obj:0)
z#478                                               1 	(obj:0)
z#484                                               1 	(obj:0)
z#496                                               1 	(obj:0)
z#500                                               1 	(obj:0)
z#526                                               1 	(obj:0)
z#551                                               1 	(obj:0)
z#559                                1.00000000000043 	(obj:0)
z#561                                               1 	(obj:0)
z#563                                               1 	(obj:0)
z#569                                               1 	(obj:0)
z#577                                1.00000000000219 	(obj:0)
z#584                                               1 	(obj:0)
z#591                                               1 	(obj:0)
z#602                                               1 	(obj:0)
z#611                                               1 	(obj:0)
z#615                                               1 	(obj:0)
z#631                                               1 	(obj:0)
z#637                                               1 	(obj:0)
z#660                                               1 	(obj:0)
z#665                                               1 	(obj:0)
z#666                                               1 	(obj:0)
z#676                                               1 	(obj:0)
z#677                                1.00000000000028 	(obj:0)
z#693                                1.00000000000088 	(obj:0)
z#694                                               1 	(obj:0)
z#699                                1.00000000000159 	(obj:0)
z#701                                               1 	(obj:0)
z#705                                               1 	(obj:0)
z#707                                1.00000000000039 	(obj:0)
z#716                                               1 	(obj:0)
z#718                                               1 	(obj:0)
z#732                                               1 	(obj:0)
z#735                                               1 	(obj:0)
z#738                                               1 	(obj:0)
z#759                                1.00000000000543 	(obj:0)
z#781                                               1 	(obj:0)
z#800                                               1 	(obj:0)
z#831                                               1 	(obj:0)
z#832                                               1 	(obj:0)
z#839                                               1 	(obj:0)
z#897                                               1 	(obj:0)
z#905                                               1 	(obj:0)
z#922                                               1 	(obj:0)
z#943                                               1 	(obj:0)
z#983                                1.00000000000311 	(obj:0)
z#986                                               1 	(obj:0)
z#989                                               1 	(obj:0)
z#991                                               1 	(obj:0)
z#999                                               1 	(obj:0)
z#1042                                              1 	(obj:0)
z#1048                                              1 	(obj:0)
z#1050                                 1.000000000002 	(obj:0)
z#1071                                              1 	(obj:0)
z#1090                                              1 	(obj:0)
z#1099                                              1 	(obj:0)
z#1101                               1.00000000000233 	(obj:0)
z#1109                                              1 	(obj:0)
z#1133                                              1 	(obj:0)
z#1135                                1.0000000000016 	(obj:0)
z#1146                              0.999999999999997 	(obj:0)
z#1148                                              1 	(obj:0)
z#1161                                              1 	(obj:0)
z#1181                                              1 	(obj:0)
z#1197                                              1 	(obj:0)
z#1200                                              1 	(obj:0)
z#1208                                              1 	(obj:0)
z#1216                                              1 	(obj:0)
z#1230                              0.999999999999543 	(obj:0)
z#1233                                              1 	(obj:0)
z#1234                              0.999999999999647 	(obj:0)
z#1242                                              1 	(obj:0)
z#1253                                              1 	(obj:0)
z#1264                               1.00000000000297 	(obj:0)
z#1271                                              1 	(obj:0)
z#1275                                              1 	(obj:0)
z#1287                              0.999999999999169 	(obj:0)
z#1306                                              1 	(obj:0)
z#1330                                              1 	(obj:0)
z#1335                                              1 	(obj:0)
z#1343                                              1 	(obj:0)
z#1347                                              1 	(obj:0)
z#1372                                              1 	(obj:0)
z#1385                                              1 	(obj:0)
z#1394                               1.00000000000322 	(obj:0)
z#1402                                              1 	(obj:0)
z#1409                                              1 	(obj:0)
z#1410                                              1 	(obj:0)
z#1420                               1.00000000000093 	(obj:0)
z#1423                                              1 	(obj:0)
z#1425                                              1 	(obj:0)
z#1429                                              1 	(obj:0)
z#1440                                              1 	(obj:0)
z#1445                               1.00000000000083 	(obj:0)
z#1451                                              1 	(obj:0)
z#1461                                              1 	(obj:0)
z#1474                                              1 	(obj:0)
z#1476                                              1 	(obj:0)
z#1481                                              1 	(obj:0)
z#1489                                              1 	(obj:0)
z#1492                                              1 	(obj:0)
z#1505                                              1 	(obj:0)
z#1539                                              1 	(obj:0)
z#1545                                              1 	(obj:0)
z#1561                                              1 	(obj:0)
z#1562                                              1 	(obj:0)
z#1570                                              1 	(obj:0)
z#1607                                              1 	(obj:0)
z#1611                               1.00000000000197 	(obj:0)
z#1613                                              1 	(obj:0)
z#1620                                              1 	(obj:0)
z#1626                               1.00000000000274 	(obj:0)
z#1631                                              1 	(obj:0)
z#1635                                              1 	(obj:0)
z#1651                               1.00000000000015 	(obj:0)
z#1661                                              1 	(obj:0)
z#1665                                              1 	(obj:0)
z#1666                                              1 	(obj:0)
z#1675                               1.00000000000328 	(obj:0)
z#1679                                              1 	(obj:0)
z#1680                                              1 	(obj:0)
z#1694                                              1 	(obj:0)
z#1703                                              1 	(obj:0)
z#1705                                              1 	(obj:0)
z#1714                                              1 	(obj:0)
z#1732                                              1 	(obj:0)
z#1749                                              1 	(obj:0)
z#1750                                              1 	(obj:0)
z#1760                                              1 	(obj:0)
z#1769                               1.00000000000072 	(obj:0)
z#1774                                              1 	(obj:0)
z#1795                                              1 	(obj:0)
z#1800                               1.00000000000248 	(obj:0)
z#1803                                              1 	(obj:0)
z#1809                                              1 	(obj:0)
z#1821                                              1 	(obj:0)
z#1847                                              1 	(obj:0)
z#1864                               1.00000000000768 	(obj:0)
z#1875                                              1 	(obj:0)
z#1901                                              1 	(obj:0)
z#1915                               1.00000000000474 	(obj:0)
z#1918                                              1 	(obj:0)
z#1939                                              1 	(obj:0)
z#1945                                              1 	(obj:0)
z#1950                                              1 	(obj:0)
z#1951                                              1 	(obj:0)
z#1963                                              1 	(obj:0)
z#1965                              0.999999999999069 	(obj:0)
z#1971                                              1 	(obj:0)
z#1984                               1.00000000000002 	(obj:0)
z#1987                                              1 	(obj:0)
z#1993                                              1 	(obj:0)
x#0                                  407.399999999999 	(obj:203)
x#1                                   48.259000000005 	(obj:172)
x#3                                  34.7039999999964 	(obj:167)
x#6                                            25.244 	(obj:125)
x#9                                           160.623 	(obj:107)
x#14                                 415.017999999999 	(obj:107)
x#16                                 118.627000000002 	(obj:116)
x#23                                 162.658999999998 	(obj:140)
x#29                                 307.588000000009 	(obj:138)
x#30                                0.280999999997903 	(obj:182)
x#31                                 118.869000000004 	(obj:139)
x#32                                0.679999999997733 	(obj:134)
x#36                                 272.169999999992 	(obj:170)
x#41                               0.0560000000015179 	(obj:155)
x#42                                 167.714000000006 	(obj:173)
x#45                                          119.912 	(obj:191)
x#48                               0.0520000000000209 	(obj:175)
x#51                                 412.212999999992 	(obj:135)
x#55                               0.0689999999983684 	(obj:128)
x#57                                 167.728000000009 	(obj:102)
x#60                                          119.976 	(obj:116)
x#64                                 412.219999999993 	(obj:127)
x#69                                 27.0000000000068 	(obj:124)
x#73                                 1.00099999999998 	(obj:186)
x#75                                 119.977000000003 	(obj:148)
x#76                                 417.420999999994 	(obj:109)
x#85                                 27.0010000000067 	(obj:144)
x#88                                 1.00099999999873 	(obj:128)
x#89                                 671.997999999995 	(obj:127)
y#0                                             137.6 	(obj:122)
y#4                                  2.20000000000044 	(obj:116)
y#8                                 0.199999999999918 	(obj:121)
y#26                                0.936999999999841 	(obj:104)
y#28                                 108.128999999994 	(obj:102)
y#42                                              140 	(obj:115)
y#71                                            139.8 	(obj:102)
y#79                                 1.55000000000081 	(obj:100)
y#81                                 133.049999999998 	(obj:102)
u#0                                  407.399999999999 	(obj:0)
u#1                                  455.659000000004 	(obj:0)
u#2                                  455.659000000004 	(obj:0)
u#3                                           490.363 	(obj:0)
u#4                                           490.363 	(obj:0)
u#5                                           490.363 	(obj:0)
u#6                                           515.607 	(obj:0)
u#7                                           515.607 	(obj:0)
u#8                                           515.607 	(obj:0)
u#9                                            676.23 	(obj:0)
u#10                                           676.23 	(obj:0)
u#11                                           676.23 	(obj:0)
u#12                                           676.23 	(obj:0)
u#13                                           676.23 	(obj:0)
u#14                                         1091.248 	(obj:0)
u#15                                          683.848 	(obj:0)
u#16                                 754.215999999997 	(obj:0)
u#17                                 754.215999999997 	(obj:0)
u#18                                 719.512000000001 	(obj:0)
u#19                                 719.512000000001 	(obj:0)
u#20                                 719.512000000001 	(obj:0)
u#21                                          694.268 	(obj:0)
u#22                                          694.268 	(obj:0)
u#23                                 856.926999999998 	(obj:0)
u#24                                 696.303999999998 	(obj:0)
u#25                                 696.303999999998 	(obj:0)
u#26                                 696.303999999998 	(obj:0)
u#27                                 696.303999999998 	(obj:0)
u#28                                 696.303999999998 	(obj:0)
u#29                                 588.874000000009 	(obj:0)
u#30                                 589.155000000007 	(obj:0)
u#31                                 589.397000000009 	(obj:0)
u#32                                 590.077000000007 	(obj:0)
u#33                                 590.077000000007 	(obj:0)
u#34                                 590.077000000007 	(obj:0)
u#35                                 590.077000000007 	(obj:0)
u#36                                 862.246999999999 	(obj:0)
u#37                                 862.246999999999 	(obj:0)
u#38                                 699.588000000002 	(obj:0)
u#39                                 699.588000000002 	(obj:0)
u#40                                 699.588000000002 	(obj:0)
u#41                                 699.644000000003 	(obj:0)
u#42                                 867.358000000009 	(obj:0)
u#43                                 867.358000000009 	(obj:0)
u#44                                           559.77 	(obj:0)
u#45                                 679.401000000002 	(obj:0)
u#46                                 560.531999999998 	(obj:0)
u#47                                          559.852 	(obj:0)
u#48                                          559.904 	(obj:0)
u#49                                          559.904 	(obj:0)
u#50                                          559.904 	(obj:0)
u#51                                          699.947 	(obj:0)
u#52                                          699.947 	(obj:0)
u#53                                          699.947 	(obj:0)
u#54                                          699.947 	(obj:0)
u#55                                 700.015999999998 	(obj:0)
u#56                                 699.959999999997 	(obj:0)
u#57                                          699.974 	(obj:0)
u#58                                          699.974 	(obj:0)
u#59                                          699.974 	(obj:0)
u#60                                          700.038 	(obj:0)
u#61                                          700.038 	(obj:0)
u#62                                          700.038 	(obj:0)
u#63                                          699.986 	(obj:0)
u#64                                 1112.20599999999 	(obj:0)
u#65                                 1112.20599999999 	(obj:0)
u#66                                 699.993000000001 	(obj:0)
u#67                                 699.993000000001 	(obj:0)
u#68                                 699.993000000001 	(obj:0)
u#69                                 726.993000000007 	(obj:0)
u#70                                 726.924000000009 	(obj:0)
u#71                                 726.924000000009 	(obj:0)
u#72                                          559.196 	(obj:0)
u#73                                          560.197 	(obj:0)
u#74                                          560.197 	(obj:0)
u#75                                 560.198000000003 	(obj:0)
u#76                                 977.618999999997 	(obj:0)
u#77                                 977.618999999997 	(obj:0)
u#78                                 977.618999999996 	(obj:0)
u#79                                 565.399000000003 	(obj:0)
u#80                                 565.399000000003 	(obj:0)
u#81                                 565.399000000003 	(obj:0)
u#82                                 565.399000000003 	(obj:0)
u#83                                 565.399000000002 	(obj:0)
u#84                                 538.398999999996 	(obj:0)
u#85                                 565.400000000002 	(obj:0)
u#86                                 565.400000000002 	(obj:0)
u#87                                 565.400000000002 	(obj:0)
u#88                                 565.400000000001 	(obj:0)
u#89                                         1237.398 	(obj:0)
u#90                                 1117.42099999999 	(obj:0)
u#91                                              700 	(obj:0)
u#92                                              700 	(obj:0)
u#93                                              700 	(obj:0)
u#94                                              700 	(obj:0)
u#95                                              700 	(obj:0)
u#96                                              700 	(obj:0)
u#97                                              700 	(obj:0)
u#98                                 700.000000000001 	(obj:0)
u#99                                 700.000000000001 	(obj:0)
v#0                                             137.6 	(obj:0)
v#1                                             137.6 	(obj:0)
v#2                                             137.6 	(obj:0)
v#3                                             137.6 	(obj:0)
v#4                                             139.8 	(obj:0)
v#5                                             139.8 	(obj:0)
v#6                                             139.8 	(obj:0)
v#7                                             139.8 	(obj:0)
v#8                                               140 	(obj:0)
v#9                                               140 	(obj:0)
v#10                                 2.40000000000036 	(obj:0)
v#11                                 2.40000000000032 	(obj:0)
v#12                                 2.40000000000036 	(obj:0)
v#13                                 2.40000000000036 	(obj:0)
v#14                                0.199999999999818 	(obj:0)
v#15                                0.199999999999918 	(obj:0)
v#16                                0.199999999999918 	(obj:0)
v#17                                0.199999999999918 	(obj:0)
v#26                                0.936999999999841 	(obj:0)
v#27                                0.936999999999841 	(obj:0)
v#28                                 109.065999999993 	(obj:0)
v#29                                 109.065999999993 	(obj:0)
v#30                                 109.065999999993 	(obj:0)
v#31                                 109.065999999993 	(obj:0)
v#32                                 109.065999999993 	(obj:0)
v#33                                 109.065999999993 	(obj:0)
v#34                                 109.065999999993 	(obj:0)
v#35                                 109.065999999993 	(obj:0)
v#36                                 108.128999999994 	(obj:0)
v#37                                 108.128999999994 	(obj:0)
v#42                                              140 	(obj:0)
v#43                                              140 	(obj:0)
v#44                                              140 	(obj:0)
v#45                                              140 	(obj:0)
v#46                                              140 	(obj:0)
v#47                                              140 	(obj:0)
v#48                                              140 	(obj:0)
v#49                                              140 	(obj:0)
v#50                                              140 	(obj:0)
v#51                                              140 	(obj:0)
v#71                                            139.8 	(obj:0)
v#72                                            139.8 	(obj:0)
v#73                                            139.8 	(obj:0)
v#74                                            139.8 	(obj:0)
v#75                                            139.8 	(obj:0)
v#76                                            139.8 	(obj:0)
v#77                                            139.8 	(obj:0)
v#78                                            139.8 	(obj:0)
v#79                                 141.350000000001 	(obj:0)
v#80                                 141.350000000001 	(obj:0)
v#81                                 134.599999999999 	(obj:0)
v#82                                 134.599999999999 	(obj:0)
v#83                                 134.599999999999 	(obj:0)
v#84                                 134.599999999999 	(obj:0)
v#85                                 134.599999999999 	(obj:0)
v#86                                 134.599999999999 	(obj:0)
v#87                                 134.599999999999 	(obj:0)
v#88                                 134.599999999999 	(obj:0)
v#89                                 133.049999999998 	(obj:0)
v#90                                 133.049999999998 	(obj:0)
w#0                                  544.999999999998 	(obj:0)
w#1                                  593.259000000003 	(obj:0)
w#2                                  593.259000000003 	(obj:0)
w#3                                           627.963 	(obj:0)
w#4                                           630.163 	(obj:0)
w#5                                           630.163 	(obj:0)
w#6                                           655.407 	(obj:0)
w#7                                           655.407 	(obj:0)
w#8                                           655.607 	(obj:0)
w#9                                            816.23 	(obj:0)
w#10                                           678.63 	(obj:0)
w#11                                           678.63 	(obj:0)
w#12                                           678.63 	(obj:0)
w#13                                           678.63 	(obj:0)
w#14                                         1091.448 	(obj:0)
w#15                                          684.048 	(obj:0)
w#16                                 754.415999999997 	(obj:0)
w#17                                 754.415999999997 	(obj:0)
w#18                                 719.512000000001 	(obj:0)
w#19                                 719.512000000001 	(obj:0)
w#20                                 719.512000000001 	(obj:0)
w#21                                          694.268 	(obj:0)
w#22                                          694.268 	(obj:0)
w#23                                 856.926999999998 	(obj:0)
w#24                                 696.303999999998 	(obj:0)
w#25                                 696.303999999998 	(obj:0)
w#26                                 697.240999999998 	(obj:0)
w#27                                 697.240999999998 	(obj:0)
w#28                                 805.369999999992 	(obj:0)
w#29                                 697.940000000002 	(obj:0)
w#30                                          698.221 	(obj:0)
w#31                                 698.463000000002 	(obj:0)
w#32                                          699.143 	(obj:0)
w#33                                          699.143 	(obj:0)
w#34                                          699.143 	(obj:0)
w#35                                          699.143 	(obj:0)
w#36                                 970.375999999993 	(obj:0)
w#37                                 970.375999999993 	(obj:0)
w#38                                 699.588000000002 	(obj:0)
w#39                                 699.588000000002 	(obj:0)
w#40                                 699.588000000002 	(obj:0)
w#41                                 699.644000000003 	(obj:0)
w#42                                 1007.35800000001 	(obj:0)
w#43                                 1007.35800000001 	(obj:0)
w#44                                           699.77 	(obj:0)
w#45                                 819.401000000002 	(obj:0)
w#46                                 700.531999999998 	(obj:0)
w#47                                          699.852 	(obj:0)
w#48                                          699.904 	(obj:0)
w#49                                          699.904 	(obj:0)
w#50                                          699.904 	(obj:0)
w#51                                          839.947 	(obj:0)
w#52                                          699.947 	(obj:0)
w#53                                          699.947 	(obj:0)
w#54                                          699.947 	(obj:0)
w#55                                 700.015999999998 	(obj:0)
w#56                                 699.959999999997 	(obj:0)
w#57                                          699.974 	(obj:0)
w#58                                          699.974 	(obj:0)
w#59                                          699.974 	(obj:0)
w#60                                          700.038 	(obj:0)
w#61                                          700.038 	(obj:0)
w#62                                          700.038 	(obj:0)
w#63                                          699.986 	(obj:0)
w#64                                 1112.20599999999 	(obj:0)
w#65                                 1112.20599999999 	(obj:0)
w#66                                 699.993000000001 	(obj:0)
w#67                                 699.993000000001 	(obj:0)
w#68                                 699.993000000001 	(obj:0)
w#69                                 726.993000000007 	(obj:0)
w#70                                 726.924000000009 	(obj:0)
w#71                                 866.724000000009 	(obj:0)
w#72                                          698.996 	(obj:0)
w#73                                          699.997 	(obj:0)
w#74                                          699.997 	(obj:0)
w#75                                 699.998000000003 	(obj:0)
w#76                                         1117.419 	(obj:0)
w#77                                         1117.419 	(obj:0)
w#78                                         1117.419 	(obj:0)
w#79                                 706.749000000004 	(obj:0)
w#80                                 706.749000000004 	(obj:0)
w#81                                 699.999000000002 	(obj:0)
w#82                                 699.999000000002 	(obj:0)
w#83                                 699.999000000001 	(obj:0)
w#84                                 672.998999999995 	(obj:0)
w#85                                 700.000000000001 	(obj:0)
w#86                                 700.000000000001 	(obj:0)
w#87                                 700.000000000001 	(obj:0)
w#88                                              700 	(obj:0)
w#89                                 1370.44799999999 	(obj:0)
w#90                                 1250.47099999999 	(obj:0)
w#91                                              700 	(obj:0)
w#92                                              700 	(obj:0)
w#93                                              700 	(obj:0)
w#94                                              700 	(obj:0)
w#95                                              700 	(obj:0)
w#96                                              700 	(obj:0)
w#97                                              700 	(obj:0)
w#98                                 700.000000000001 	(obj:0)
w#99                                 700.000000000001 	(obj:0)

Statistics
==========

SCIP Status        : solving was interrupted [time limit reached]
Total Time         :   14400.17
  solving          :   14400.00
  presolving       :       0.64 (included in solving)
  reading          :       0.17
  copying          :       1.08 (30 #copies) (minimal 0.03, maximal 0.04, average 0.04)
Original Problem   :
  Problem name     : 100-2000-4
  Variables        : 2500 (2000 binary, 0 integer, 0 implicit integer, 500 continuous)
  Constraints      : 20402 initial, 20402 maximal
  Objective        : minimize, 200 non-zeros (abs.min = 100, abs.max = 300)
Presolved Problem  :
  Problem name     : t_100-2000-4
  Variables        : 2391 (1999 binary, 0 integer, 0 implicit integer, 392 continuous)
  Constraints      : 20949 initial, 21030 maximal
  Objective        : minimize, 198 non-zeros (abs.min = 100, abs.max = 300)
  Nonzeros         : 59426 constraint, 0 clique table
Presolvers         :   ExecTime  SetupTime  Calls  FixedVars   AggrVars   ChgTypes  ChgBounds   AddHoles    DelCons    AddCons   ChgSides   ChgCoefs
  boundshift       :       0.00       0.00      0          0          0          0          0          0          0          0          0          0
  convertinttobin  :       0.00       0.00      0          0          0          0          0          0          0          0          0          0
  domcol           :       0.08       0.00      2          0          0          0          0          0          0          0          0          0
  dualagg          :       0.00       0.00      0          0          0          0          0          0          0          0          0          0
  dualcomp         :       0.03       0.00      2          0          0          0          0          0          0          0          0          0
  dualinfer        :       0.00       0.00      0          0          0          0          0          0          0          0          0          0
  dualsparsify     :       0.07       0.00      1          0          0          0          0          0          0          0          0          0
  gateextraction   :       0.00       0.00      0          0          0          0          0          0          0          0          0          0
  implics          :       0.00       0.00      4          0          0          0          0          0          0          0          0          0
  inttobinary      :       0.00       0.00      0          0          0          0          0          0          0          0          0          0
  milp             :       0.05       0.00      1          2        102          0         48          0          0          0          0          0
  qpkktref         :       0.00       0.00      0          0          0          0          0          0          0          0          0          0
  redvub           :       0.00       0.00      0          0          0          0          0          0          0          0          0          0
  sparsify         :       0.02       0.00      1          0          0          0          0          0          0          0          0          0
  stuffing         :       0.00       0.00      0          0          0          0          0          0          0          0          0          0
  trivial          :       0.00       0.00      8          0          0          0          0          0          0          0          0          0
  tworowbnd        :       0.00       0.00      0          0          0          0          0          0          0          0          0          0
  dualfix          :       0.00       0.00      8          1          0          0          0          0          0          0          0          0
  genvbounds       :       0.00       0.00      0          0          0          0          0          0          0          0          0          0
  probing          :       0.26       0.00      1          0          0          0          0          0          0          0          0          0
  pseudoobj        :       0.00       0.00      2          0          0          0          0          0          0          0          0          0
  symmetry         :       0.00       0.00      1          0          0          0          0          0          0          0          0          0
  vbounds          :       0.00       0.00      0          0          0          0          0          0          0          0          0          0
  chancecons       :       0.00       0.00      0          0          0          0          0          0          0          0          0          0
  varbound         :       0.03       0.00      6          0          0          0          0          0          0          0          0          0
  knapsack         :       0.00       0.00      8          0          0          0          0          0          0          0          0          0
  linear           :       0.08       0.01     11          0          4          0        286          0        329          0          0          0
  bounddisjunction :       0.00       0.00      3          0          0          0          0          0          0          0          0          0
  benders          :       0.00       0.00      0          0          0          0          0          0          0          0          0          0
  components       :       0.00       0.00      2          0          0          0          0          0          0          0          0          0
  root node        :          -          -      -          0          -          -       3302          -          -          -          -          -
Constraints        :     Number  MaxNumber  #Separate #Propagate    #EnfoLP    #EnfoRelax  #EnfoPS    #Check   #ResProp    Cutoffs    DomReds       Cuts    Applied      Conss   Children
  benderslp        :          0          0          0          0       8206          0          0       1798          0          0          0          0          0          0          0
  chancecons       :          1          1       1665          0          0          0          0          0          0          0          0      59665      44282          0          0
  integral         :          0          0          0          0       8206          0          0       1798          0          0      12495          0          0        455      14838
  varbound         :      19777      19777         59     223332          5          0          0       1792      51550         18     161086          0          0          0          0
  knapsack         :          1          1         59     223289          5          0          0        131        135        207        845          0          0          0          0
  linear           :       1134       1134         59     223364          5          0          0        127       4772        146    2080518         63         38          0          0
  bounddisjunction :         36+       123          0      18406          0          0          0          0          2          0         54          0          0          0          0
  benders          :          0          0          0          0          5          0          0        125          0          0          0          0          0          0          0
  fixedvar         :          0          0          0          0          5          0          0        125          0          0          0          0          0          0          0
  countsols        :          0          0          0          0          5          0          0        125          0          0          0          0          0          0          0
  components       :          0          0          0          0          0          0          0          0          0          0          0          0          0          0          0
Constraint Timings :  TotalTime  SetupTime   Separate  Propagate     EnfoLP     EnfoPS     EnfoRelax   Check    ResProp    SB-Prop
  benderslp        :       0.01       0.00       0.00       0.00       0.01       0.00       0.00       0.00       0.00       0.00
  chancecons       :       1.99       0.00       1.99       0.00       0.00       0.00       0.00       0.00       0.00       0.00
  integral         :    3357.01       0.00       0.00       0.00    3357.00       0.00       0.00       0.00       0.00       0.00
  varbound         :      14.08       0.00       0.12       7.88       0.00       0.00       0.00       0.25       0.01       5.81
  knapsack         :       2.10       0.00       1.61       0.43       0.00       0.00       0.00       0.00       0.00       0.05
  linear           :      22.46       0.01       0.22      15.00       0.00       0.00       0.00       0.01       0.02       7.21
  bounddisjunction :       0.13       0.00       0.00       0.08       0.00       0.00       0.00       0.00       0.00       0.05
  benders          :       0.00       0.00       0.00       0.00       0.00       0.00       0.00       0.00       0.00       0.00
  fixedvar         :       0.00       0.00       0.00       0.00       0.00       0.00       0.00       0.00       0.00       0.00
  countsols        :       0.00       0.00       0.00       0.00       0.00       0.00       0.00       0.00       0.00       0.00
  components       :       0.02       0.00       0.00       0.01       0.00       0.00       0.00       0.00       0.00       0.01
Propagators        : #Propagate   #ResProp    Cutoffs    DomReds
  dualfix          :          9          0          0          0
  genvbounds       :          0          0          0          0
  nlobbt           :          0          0          0          0
  obbt             :          0          0          0          0
  probing          :          0          0          0          0
  pseudoobj        :      55899          0          0        198
  redcost          :      26173          0          0     461973
  rootredcost      :         31          0          0       1164
  symmetry         :          0          0          0          0
  vbounds          :      94259          0          0          0
Propagator Timings :  TotalTime  SetupTime   Presolve  Propagate    ResProp    SB-Prop
  dualfix          :       0.00       0.00       0.00       0.00       0.00       0.00
  genvbounds       :       0.04       0.00       0.00       0.02       0.00       0.01
  nlobbt           :       0.00       0.00       0.00       0.00       0.00       0.00
  obbt             :       0.00       0.00       0.00       0.00       0.00       0.00
  probing          :       0.26       0.00       0.26       0.00       0.00       0.00
  pseudoobj        :       0.42       0.00       0.00       0.41       0.00       0.01
  redcost          :       2.13       0.00       0.00       2.12       0.00       0.01
  rootredcost      :       0.05       0.00       0.00       0.03       0.00       0.01
  symmetry         :       0.05       0.00       0.00       0.03       0.00       0.02
  vbounds          :       0.18       0.00       0.00       0.16       0.00       0.02
Symmetry           :
  orbitopal red.   :          0 reductions applied,          0 cutoffs
  orbital reduction:          0 reductions applied,          0 cutoffs
  lexicographic red:          0 reductions applied,          0 cutoffs
  shadow tree time :       0.00 s
Conflict Analysis  :       Time      Calls    Success    DomReds  Conflicts   Literals    Reconvs ReconvLits   Dualrays   Nonzeros   LP Iters   (pool size: [10000,10000])
  propagation      :       0.06        225        225          -       2739      103.7          2       33.5          -          -          -
  infeasible LP    :       0.00          1          1          -          6       29.8          0        0.0          1        4.0          0
  bound exceed. LP :      12.88       3316       1109          -       3643      105.1          0        0.0        637       23.9      17517
  strong branching :       0.00          0          0          -          0        0.0          0        0.0          -          -          0
  pseudo solution  :       0.00          0          0          -          0        0.0          0        0.0          -          -          -
  applied globally :       0.10          -          -        560       1839      113.0          -          -        638          -          -
  applied locally  :          -          -          -          0          0        0.0          -          -          0          -          -
Separators         :   ExecTime  SetupTime      Calls  RootCalls    Cutoffs    DomReds  FoundCuts ViaPoolAdd  DirectAdd    Applied ViaPoolApp  DirectApp      Conss
  cut pool         :       1.16          -       2370        117          -          -      38055     428057          -          -          -          -          -    (maximal pool size:      18808)
  aggregation      :       1.64       0.00        132         59          0          0      32539     325778          0      48185      48185          0          0
  > cmir           :          -          -          -          -          -          -          -     325778          0      48185      48185          0          -
  > flowcover      :          -          -          -          -          -          -          -          0          0          0          0          0          -
  > knapsackcover  :          -          -          -          -          -          -          -          0          0          0          0          0          -
  cgmip            :       0.00       0.00          0          0          0          0          0          0          0          0          0          0          0
  clique           :       0.00       0.00          2          2          0          0          0          0          0          0          0          0          0
  closecuts        :       0.00       0.00          0          0          0          0          0          0          0          0          0          0          0
  convexproj       :       0.00       0.00          0          0          0          0          0          0          0          0          0          0          0
  disjunctive      :       0.00       0.00          0          0          0          0          0          0          0          0          0          0          0
  eccuts           :       0.00       0.00          0          0          0          0          0          0          0          0          0          0          0
  gauge            :       0.00       0.00          0          0          0          0          0          0          0          0          0          0          0
  gomory           :       7.65       0.00         87         20          0          0       5516     102279          0      20768      20768          0          0
  > gomorymi       :          -          -          -          -          -          -          -     102279          0      20768      20768          0          -
  > strongcg       :          -          -          -          -          -          -          -          0          0          0          0          0          -
  impliedbounds    :       0.05       0.00        132         59          0          0          0          0          0          0          0          0          0
  interminor       :       0.00       0.00          0          0          0          0          0          0          0          0          0          0          0
  intobj           :       0.00       0.00          0          0          0          0          0          0          0          0          0          0          0
  lagromory        :       0.00       0.00          0          0          0          0          0          0          0          0          0          0          0
  mcf              :       0.01       0.00          2          2          0          0          0          0          0          0          0          0          0
  minor            :       0.00       0.00         20         20          0          0          0          0          0          0          0          0          0
  mixing           :       0.00       0.00          0          0          0          0          0          0          0          0          0          0          0
  oddcycle         :       0.00       0.00          0          0          0          0          0          0          0          0          0          0          0
  rapidlearning    :       0.00       0.00          0          0          0          0          0          0          0          0          0          0          0
  rlt              :       0.00       0.00         20         20          0          0          0          0          0          0          0          0          0
  zerohalf         :       0.18       0.00        107         40          0          0          0          0          0          0          0          0          0
Cutselectors       :   ExecTime  SetupTime      Calls  RootCalls   Selected     Forced   Filtered  RootSelec   RootForc   RootFilt 
  hybrid           :       1.14       0.00       2252         60     113273          0     374512       6070          0      58303
  ensemble         :       0.00       0.00          0          0          0          0          0          0          0          0
  dynamic          :       0.00       0.00          0          0          0          0          0          0          0          0
Pricers            :   ExecTime  SetupTime      Calls       Vars
  problem variables:       0.00          -          0          0
Branching Rules    :   ExecTime  SetupTime   BranchLP  BranchExt   BranchPS    Cutoffs    DomReds       Cuts      Conss   Children
  allfullstrong    :       0.00       0.00          0          0          0          0          0          0          0          0
  cloud            :       0.00       0.00          0          0          0          0          0          0          0          0
  distribution     :       0.00       0.00          0          0          0          0          0          0          0          0
  fullstrong       :       0.00       0.00          0          0          0          0          0          0          0          0
  gomory           :       0.00       0.00          0          0          0          0          0          0          0          0
  inference        :       0.00       0.00          0          0          0          0          0          0          0          0
  leastinf         :       0.00       0.00          0          0          0          0          0          0          0          0
  lookahead        :       0.00       0.00          0          0          0          0          0          0          0          0
  mostinf          :       0.00       0.00          0          0          0          0          0          0          0          0
  multaggr         :       0.00       0.00          0          0          0          0          0          0          0          0
  nodereopt        :       0.00       0.00          0          0          0          0          0          0          0          0
  pscost           :       0.00       0.00          0          0          0          0          0          0          0          0
  random           :       0.00       0.00          0          0          0          0          0          0          0          0
  relpscost        :    3356.99       0.00       8201          0          0          0      12495          0        472      14838
  vanillafullstrong:       0.00       0.00          0          0          0          0          0          0          0          0
Primal Heuristics  :   ExecTime  SetupTime      Calls      Found       Best
  LP solutions     :       0.00          -          -          5          5
  relax solutions  :       0.00          -          -          0          0
  pseudo solutions :       0.00          -          -          0          0
  strong branching :       0.06          -          -          0          0
  actconsdiving    :       0.00       0.00          0          0          0
  adaptivediving   :      44.21       0.00         22          0          0
  alns             :       1.41       0.00          9          6          6
  bound            :       0.00       0.00          0          0          0
  clique           :       0.00       0.00          0          0          0
  coefdiving       :       0.00       0.00          0          0          0
  completesol      :       0.00       0.00          0          0          0
  conflictdiving   :      76.82       0.00         23          0          0
  crossover        :       3.17       0.00          9          7          3
  dins             :       0.00       0.00          0          0          0
  distributiondivin:      92.70       0.00         23          0          0
  dps              :       0.00       0.00          0          0          0
  dualval          :       0.00       0.00          0          0          0
  farkasdiving     :       0.00       0.00          0          0          0
  feaspump         :       8.11       0.00          1          1          1
  fixandinfer      :       0.00       0.00          0          0          0
  fracdiving       :     117.66       0.00         23          6          6
  gins             :       0.04       0.00          0          0          0
  guideddiving     :      90.55       0.00         23          4          4
  indicator        :       0.01       0.00          0          0          0
  indicatordiving  :       0.00       0.00          0          0          0
  intdiving        :       0.00       0.00          0          0          0
  intshifting      :      73.18       0.00         57          1          1
  linesearchdiving :      87.28       0.00         23          1          1
  localbranching   :       0.00       0.00          0          0          0
  locks            :       0.09       0.00          1          1          1
  lpface           :       0.01       0.00          0          0          0
  mpec             :       0.00       0.00          0          0          0
  multistart       :       0.00       0.00          0          0          0
  mutation         :       0.00       0.00          0          0          0
  nlpdiving        :       0.00       0.00          0          0          0
  objpscostdiving  :     457.70       0.00         12         11          0
  octane           :       0.00       0.00          0          0          0
  ofins            :       0.00       0.00          0          0          0
  oneopt           :       0.08       0.00         30          0          0
  padm             :       0.00       0.00          0          0          0
  proximity        :       0.00       0.00          0          0          0
  pscostdiving     :      70.62       0.00         23          3          3
  randrounding     :       2.60       0.00       1686          0          0
  rens             :       0.00       0.00          0          0          0
  reoptsols        :       0.00       0.00          0          0          0
  repair           :       0.00       0.00          0          0          0
  rins             :       7.16       0.00         12         12          4
  rootsoldiving    :      32.25       0.00         12         12          0
  rounding         :       1.17       0.00       1474          0          0
  scheduler        :       0.00       0.00          0          0          0
  shiftandpropagate:       0.00       0.00          0          0          0
  shifting         :      28.26       0.00        693          0          0
  simplerounding   :       0.01       0.00          0          0          0
  subnlp           :       0.01       0.00          0          0          0
  trivial          :       0.01       0.00          4          0          0
  trivialnegation  :       0.00       0.00          0          0          0
  trustregion      :       0.00       0.00          0          0          0
  trysol           :       0.01       0.00          0          0          0
  twoopt           :       0.00       0.00          0          0          0
  undercover       :       0.00       0.00          0          0          0
  vbounds          :       0.06       0.00          2          0          0
  veclendiving     :      45.24       0.00         23          0          0
  zeroobj          :       0.00       0.00          0          0          0
  zirounding       :       1.40       0.00       1000          0          0
  other solutions  :          -          -          -          0          -
LNS (Scheduler)    :      Calls  SetupTime  SolveTime SolveNodes       Sols       Best       Exp3    Exp3-IX  EpsGreedy        UCB TgtFixRate  Opt  Inf Node Stal  Sol  Usr Othr Actv
  rens             :          0       0.00       0.00          0          0          0    0.00000    0.12500   -1.00000    1.00000      0.900    0    0    0    0    0    0    0    1
  rins             :          0       0.00       0.00          0          0          0    0.00000    0.12500   -1.00000    1.00000      0.900    0    0    0    0    0    0    0    1
  mutation         :          0       0.00       0.00          0          0          0    0.00000    0.12500   -1.00000    1.00000      0.900    0    0    0    0    0    0    0    1
  localbranching   :          0       0.00       0.00          0          0          0    0.00000    0.12500   -1.00000    1.00000      0.900    0    0    0    0    0    0    0    1
  crossover        :          0       0.00       0.00          0          0          0    0.00000    0.12500   -1.00000    1.00000      0.900    0    0    0    0    0    0    0    1
  proximity        :          0       0.00       0.00          0          0          0    0.00000    0.12500   -1.00000    1.00000      0.900    0    0    0    0    0    0    0    1
  zeroobjective    :          0       0.00       0.00          0          0          0    0.00000    0.12500   -1.00000    1.00000      0.900    0    0    0    0    0    0    0    1
  dins             :          0       0.00       0.00          0          0          0    0.00000    0.12500   -1.00000    1.00000      0.900    0    0    0    0    0    0    0    1
  trustregion      :          0       0.00       0.00          0          0          0    0.00000    0.00000   -1.00000    1.00000      0.900    0    0    0    0    0    0    0    0
LP                 :       Time      Calls Iterations  Iter/call   Iter/sec  Time-0-It Calls-0-It    ItLimit
  primal LP        :      18.42       1280          1       1.00       0.05      18.41       1279
  dual LP          :    9698.65      20425   14825485     978.06    1528.61      12.77       5267
  lex dual LP      :       0.00          0          0       0.00          -
  barrier LP       :       0.00          0          0       0.00          -       0.00          0
  resolve instable :       0.00          0          0       0.00          -
  diving/probing LP:    1188.71       7678    1749933     227.92    1472.13
  strong branching :    3254.21      11989    5180183     432.08    1591.84          -          -       5219
    (at root node) :          -         26      25678     987.62          -
  conflict analysis:       9.73       1759      17517       9.96    1800.06
B&B Tree           :
  number of runs   :          2
  nodes            :       3049 (2081 internal, 968 leaves)
  feasible leaves  :          5
  infeas. leaves   :         12
  objective leaves :        950
  nodes (total)    :      10925 (7419 internal, 3506 leaves)
  nodes left       :       1027
  max depth        :        167
  max depth (total):        170
  backtracks       :        434 (14.2%)
  early backtracks :          0 (0.0%)
  nodes exc. ref.  :          0 (0.0%)
  delayed cutoffs  :          0
  repropagations   :         67 (112 domain reductions, 0 cutoffs)
  avg switch length:       7.73
  switching time   :      24.96
Root Node          :
  First LP value   : +7.15060570194561e+05
  First LP Iters   :       6957 (2890.23 Iter/sec)
  First LP Time    :       2.41
  Final Dual Bound : +7.21271350425280e+05
  Final Root Iters :     256080
  Root LP Estimate : +7.28232080019415e+05
Solution           :
  Solutions found  :         70 (35 improvements)
  First Solution   : +7.26094545000000e+05   (in run 1, after 1 nodes, 0.67 seconds, depth 201, found by <locks>)
  Gap First Sol.   :   infinite
  Gap Last Sol.    :       0.22 %
  Primal Bound     : +7.22860580000000e+05   (in run 2, after 1996 nodes, 13135.72 seconds, depth 130, found by <relaxation>)
  Dual Bound       : +7.21288539098996e+05
  Gap              :       0.22 %
Integrals          :      Total       Avg%
  primal-dual      :    4277.77       0.30
  primal-ref       :          -          - (not evaluated)
  dual-ref         :          -          - (not evaluated)

 Branching Statistics...

 Total number of propagations -> 0

 Number of cutoffs of KnaCons -> 0

 Total number of variables fixed to 1 by the propagator -> 0

 Total number of variables fixed to 0 by the propagator -> 0

 Maximum number of rounds of the approximation algorithm -> 0

 Runtime of the exact algorithm -> 0.0000 s

 Total number of variables fixed to 1 in the exact algorithm -> 0

 Total number of variables fixed to 0 in the exact algorithm -> 0

 Number of cutoffs in the exact algorithm -> 0

 Number of cutoffs in the approximation algorithm -> 0

 PS:  
