***************************************
*         SCIP-based CCP Solver       *
*                                     *
*    Wei Lv and Wei-Kun Chen (2024)   *
***************************************
/share/home/wangzhaowei/lvwei/scipoptsuite-9.1.0/build/bin/examples/ccp -f CCMPPData/30-1000-4.ccmpp -s CCMPPSetting/BnC-MIX05.set 
SCIP version 9.1.0 [precision: 8 byte] [memory: block] [mode: optimized] [LP solver: Soplex 7.1.0] [GitHash: 8cab0278ba]
Copyright (c) 2002-2024 Zuse Institute Berlin (ZIB)

External libraries: 
  Soplex 7.1.0         Linear Programming Solver developed at Zuse Institute Berlin (soplex.zib.de) [GitHash: 595bfac9]
  CppAD 20180000.0     Algorithmic Differentiation of C++ algorithms developed by B. Bell (github.com/coin-or/CppAD)
  ZLIB 1.2.7           General purpose compression library by J. Gailly and M. Adler (zlib.net)
  GMP 6.0.0            GNU Multiple Precision Arithmetic Library developed by T. Granlund (gmplib.org)
  AMPL/MP 690e9e7      AMPL .nl file reader library (github.com/ampl/mp)
  PaPILO 2.3.0         parallel presolve for integer and linear optimization (github.com/scipopt/papilo) (built with TBB) [GitHash: 4b8ce6ed]
  Nauty 2.8.8          Computing Graph Automorphism Groups by Brendan D. McKay (users.cecs.anu.edu.au/~bdm/nauty)
  sassy 1.1            Symmetry preprocessor by Markus Anders (github.com/markusa4/sassy)

reading user parameter file <CCMPPSetting/BnC-MIX05.set>

read problem <CCMPPData/30-1000-4.ccmpp>
============

File name: 	CCMPPData/30-1000-4.ccmpp
Problem name:	30-1000-4
Dimension: 	30
NumScenario: 	1000
ConfidenceParameter: 	0.05
IsEqualProbability: 	1
BnC+MIX+DI: 	0
BnC+MIX+sDI: 	0
DB: 	0
DB+OPF: 	0
Dominance and Aggregation Statistics......
NumEdge:        0
NumBiEdge: 	0
NumDomIneqs: 	0
DominanceRatio: 0.0000
NumAggScenario: 1000 
BasicNumScenario: 775 
original problem has 1150 variables (1000 bin, 0 int, 0 impl, 150 cont) and 1622 constraints

solve problem
=============

presolving:
(round 1, fast)       229 del vars, 40 del conss, 0 add conss, 30 chg bounds, 0 chg sides, 0 chg coeffs, 0 upgd conss, 0 impls, 0 clqs
   (0.0s) running MILP presolver
   (0.0s) MILP presolver (3 rounds): 32 aggregations, 1 fixings, 17 bound changes
(round 2, medium)     262 del vars, 40 del conss, 0 add conss, 47 chg bounds, 0 chg sides, 0 chg coeffs, 0 upgd conss, 0 impls, 0 clqs
(round 3, fast)       262 del vars, 72 del conss, 0 add conss, 47 chg bounds, 0 chg sides, 0 chg coeffs, 0 upgd conss, 0 impls, 0 clqs
(round 4, exhaustive) 262 del vars, 72 del conss, 0 add conss, 47 chg bounds, 0 chg sides, 0 chg coeffs, 1464 upgd conss, 0 impls, 0 clqs
   (0.0s) probing: 51/775 (6.6%) - 0 fixings, 0 aggregations, 0 implications, 0 bound changes
   (0.0s) probing aborted: 50/50 successive totally useless probings
   (0.0s) symmetry computation started: requiring (bin +, int +, cont +), (fixed: bin -, int -, cont -)
   Symmetry detection interrupted: constraints of type chancecons do not provide symmetry information.
   If symmetries shall be detected, implement the CONSGETPERMSYMGRAPH callback.
   (0.0s) could not compute symmetry
presolving (5 rounds: 5 fast, 3 medium, 2 exhaustive):
 262 deleted vars, 72 deleted constraints, 0 added constraints, 47 tightened bounds, 0 added holes, 0 changed sides, 0 changed coefficients
 1464 implications, 0 cliques
presolved problem has 888 variables (775 bin, 0 int, 0 impl, 113 cont) and 1550 constraints
      1 constraints of type <chancecons>
   1464 constraints of type <varbound>
      1 constraints of type <knapsack>
     84 constraints of type <linear>
Presolving Time: 0.04

 time | node  | left  |LP iter|LP it/n|mem/heur|mdpt |vars |cons |rows |cuts |sepa|confs|strbr|  dualbound   | primalbound  |  gap   | compl. 
p 0.1s|     1 |     0 |    62 |     - |   locks|   0 | 888 |1550 |1549 |   0 |  0 |   0 |   0 | 0.000000e+00 | 2.430174e+05 |    Inf | unknown
  0.1s|     1 |     0 |   588 |     - |    21M |   0 | 888 |1553 |1549 |   0 |  0 |   3 |   0 | 2.396267e+05 | 2.430174e+05 |   1.41%| unknown
  0.1s|     1 |     0 |   735 |     - |    21M |   0 | 888 |1553 |1602 |  53 |  1 |   3 |   0 | 2.400961e+05 | 2.430174e+05 |   1.22%| unknown
  0.2s|     1 |     0 |   853 |     - |    21M |   0 | 888 |1553 |1670 | 121 |  2 |   3 |   0 | 2.404041e+05 | 2.430174e+05 |   1.09%| unknown
  0.2s|     1 |     0 |   937 |     - |    22M |   0 | 888 |1553 |1705 | 156 |  3 |   3 |   0 | 2.405693e+05 | 2.430174e+05 |   1.02%| unknown
  0.2s|     1 |     0 |  1017 |     - |    23M |   0 | 888 |1553 |1739 | 190 |  4 |   3 |   0 | 2.406896e+05 | 2.430174e+05 |   0.97%| unknown
  0.3s|     1 |     0 |  1072 |     - |    24M |   0 | 888 |1553 |1783 | 234 |  5 |   3 |   0 | 2.407501e+05 | 2.430174e+05 |   0.94%| unknown
  0.3s|     1 |     0 |  1138 |     - |    25M |   0 | 888 |1553 |1811 | 262 |  6 |   3 |   0 | 2.407691e+05 | 2.430174e+05 |   0.93%| unknown
  0.3s|     1 |     0 |  1226 |     - |    26M |   0 | 888 |1553 |1840 | 291 |  7 |   3 |   0 | 2.407906e+05 | 2.430174e+05 |   0.92%| unknown
  0.4s|     1 |     0 |  1322 |     - |    26M |   0 | 888 |1553 |1889 | 340 |  8 |   3 |   0 | 2.408066e+05 | 2.430174e+05 |   0.92%| unknown
  0.5s|     1 |     0 |  1419 |     - |    27M |   0 | 888 |1553 |1926 | 377 |  9 |   3 |   0 | 2.408204e+05 | 2.430174e+05 |   0.91%| unknown
  0.6s|     1 |     0 |  1486 |     - |    28M |   0 | 888 |1553 |1947 | 398 | 10 |   3 |   0 | 2.408278e+05 | 2.430174e+05 |   0.91%| unknown
  0.9s|     1 |     0 |  1604 |     - |    29M |   0 | 888 |1553 |1978 | 429 | 11 |   3 |   0 | 2.408376e+05 | 2.430174e+05 |   0.91%| unknown
  0.9s|     1 |     0 |  1733 |     - |    29M |   0 | 888 |1553 |2009 | 460 | 12 |   3 |   0 | 2.408450e+05 | 2.430174e+05 |   0.90%| unknown
  1.0s|     1 |     0 |  1801 |     - |    30M |   0 | 888 |1553 |2046 | 497 | 13 |   3 |   0 | 2.408470e+05 | 2.430174e+05 |   0.90%| unknown
 time | node  | left  |LP iter|LP it/n|mem/heur|mdpt |vars |cons |rows |cuts |sepa|confs|strbr|  dualbound   | primalbound  |  gap   | compl. 
  1.0s|     1 |     0 |  1906 |     - |    30M |   0 | 888 |1553 |1983 | 513 | 14 |   3 |   0 | 2.408485e+05 | 2.430174e+05 |   0.90%| unknown
  1.1s|     1 |     0 |  1987 |     - |    32M |   0 | 888 |1553 |2013 | 543 | 15 |   3 |   0 | 2.408503e+05 | 2.430174e+05 |   0.90%| unknown
o 1.1s|     1 |     0 |  2368 |     - |feaspump|   0 | 888 |1553 |2013 | 543 | 15 |   3 |   0 | 2.408503e+05 | 2.408616e+05 |   0.00%| unknown
(run 1, node 1) restarting after 594 global fixings of integer variables

(restart) converted 390 cuts from the global cut pool into linear constraints

presolving:
(round 1, fast)       619 del vars, 1367 del conss, 0 add conss, 109 chg bounds, 315 chg sides, 361 chg coeffs, 0 upgd conss, 1464 impls, 0 clqs
(round 2, fast)       654 del vars, 1367 del conss, 0 add conss, 150 chg bounds, 317 chg sides, 391 chg coeffs, 0 upgd conss, 1464 impls, 0 clqs
(round 3, fast)       654 del vars, 1372 del conss, 0 add conss, 166 chg bounds, 322 chg sides, 438 chg coeffs, 0 upgd conss, 1464 impls, 0 clqs
(round 4, fast)       657 del vars, 1372 del conss, 0 add conss, 174 chg bounds, 322 chg sides, 438 chg coeffs, 0 upgd conss, 1464 impls, 0 clqs
   (1.3s) running MILP presolver
   (1.3s) MILP presolver (10 rounds): 0 aggregations, 0 fixings, 53 bound changes
(round 5, medium)     657 del vars, 1372 del conss, 0 add conss, 228 chg bounds, 322 chg sides, 438 chg coeffs, 0 upgd conss, 1464 impls, 0 clqs
(round 6, exhaustive) 657 del vars, 1426 del conss, 0 add conss, 228 chg bounds, 323 chg sides, 438 chg coeffs, 0 upgd conss, 1464 impls, 0 clqs
(round 7, exhaustive) 657 del vars, 1426 del conss, 0 add conss, 228 chg bounds, 323 chg sides, 438 chg coeffs, 27 upgd conss, 1464 impls, 0 clqs
(round 8, medium)     657 del vars, 1453 del conss, 0 add conss, 228 chg bounds, 326 chg sides, 441 chg coeffs, 27 upgd conss, 1464 impls, 0 clqs
presolving (9 rounds: 9 fast, 5 medium, 3 exhaustive):
 657 deleted vars, 1453 deleted constraints, 0 added constraints, 228 tightened bounds, 0 added holes, 326 changed sides, 441 changed coefficients
 1464 implications, 0 cliques
presolved problem has 231 variables (121 bin, 0 int, 0 impl, 110 cont) and 490 constraints
      1 constraints of type <chancecons>
    128 constraints of type <varbound>
      1 constraints of type <knapsack>
    360 constraints of type <linear>
Presolving Time: 0.05
transformed 2/3 original solutions to the transformed problem space

 time | node  | left  |LP iter|LP it/n|mem/heur|mdpt |vars |cons |rows |cuts |sepa|confs|strbr|  dualbound   | primalbound  |  gap   | compl. 
  1.3s|     1 |     0 |  2706 |     - |    31M |   0 | 231 | 490 | 487 |   0 |  0 | 647 |   0 | 2.408503e+05 | 2.408616e+05 |   0.00%| unknown
  1.5s|     1 |     0 |  2789 |     - |    31M |   0 | 231 | 490 | 499 |  12 |  1 | 647 |   0 | 2.408503e+05 | 2.408616e+05 |   0.00%| unknown
  1.6s|     1 |     0 |  2849 |     - |    31M |   0 | 231 | 490 | 507 |  20 |  2 | 647 |   0 | 2.408503e+05 | 2.408616e+05 |   0.00%| unknown
  1.6s|     1 |     0 |  2849 |     - |    31M |   0 | 231 | 490 | 504 |  20 |  2 | 647 |   0 | 2.408503e+05 | 2.408616e+05 |   0.00%| unknown
  1.7s|     1 |     0 |  2921 |     - |    31M |   0 | 231 | 490 | 482 |  26 |  3 | 647 |   0 | 2.408503e+05 | 2.408616e+05 |   0.00%| unknown
  1.7s|     1 |     0 |  2921 |     - |    31M |   0 | 231 | 490 | 480 |  26 |  3 | 647 |   0 | 2.408503e+05 | 2.408616e+05 |   0.00%| unknown
  1.7s|     1 |     0 |  2977 |     - |    31M |   0 | 231 | 490 | 428 |  32 |  4 | 647 |   0 | 2.408558e+05 | 2.408616e+05 |   0.00%| unknown
  1.7s|     1 |     0 |  2977 |     - |    31M |   0 | 231 | 490 | 427 |  32 |  4 | 647 |   0 | 2.408558e+05 | 2.408616e+05 |   0.00%| unknown
  1.8s|     1 |     0 |  3013 |     - |    31M |   0 | 231 | 490 | 396 |  38 |  5 | 647 |   0 | 2.408580e+05 | 2.408616e+05 |   0.00%| unknown
  1.8s|     1 |     0 |  3013 |     - |    31M |   0 | 231 | 490 | 393 |  38 |  5 | 647 |   0 | 2.408580e+05 | 2.408616e+05 |   0.00%| unknown
  1.8s|     1 |     0 |  3028 |     - |    31M |   0 | 231 | 490 | 338 |  44 |  6 | 647 |   0 | 2.408591e+05 | 2.408616e+05 |   0.00%| unknown
  1.9s|     1 |     0 |  3028 |     - |    31M |   0 | 231 | 490 | 338 |  44 |  6 | 647 |   0 | 2.408591e+05 | 2.408616e+05 |   0.00%| unknown
  1.9s|     1 |     0 |  3053 |     - |    32M |   0 | 231 | 490 | 343 |  49 |  7 | 647 |   0 | 2.408613e+05 | 2.408616e+05 |   0.00%| unknown
  1.9s|     1 |     0 |  3053 |     - |    32M |   0 | 231 | 490 | 339 |  49 |  7 | 647 |   0 | 2.408613e+05 | 2.408616e+05 |   0.00%| unknown
  1.9s|     1 |     0 |  3064 |     - |    32M |   0 | 231 | 490 | 340 |  52 |  8 | 647 |   0 | 2.408616e+05 | 2.408616e+05 |   0.00%| unknown
 time | node  | left  |LP iter|LP it/n|mem/heur|mdpt |vars |cons |rows |cuts |sepa|confs|strbr|  dualbound   | primalbound  |  gap   | compl. 
r 1.9s|     1 |     0 |  3064 |     - |randroun|   0 | 231 | 490 | 338 |   0 |  8 | 647 |   0 | 2.408616e+05 | 2.408616e+05 |   0.00%| unknown
  1.9s|     1 |     0 |  3064 |     - |    32M |   0 | 231 | 490 | 338 |  52 |  8 | 647 |   0 | 2.408616e+05 | 2.408616e+05 |   0.00%| unknown
  1.9s|     1 |     0 |  3064 |     - |    32M |   0 | 231 | 490 | 338 |  52 |  8 | 647 |   0 | 2.408616e+05 | 2.408616e+05 |   0.00%| unknown

SCIP Status        : problem is solved [optimal solution found]
Solving Time (sec) : 1.88
Solving Nodes      : 1 (total of 2 nodes in 2 runs)
Primal Bound       : +2.40861588886378e+05 (4 solutions)
Dual Bound         : +2.40861588886378e+05
Gap                : 0.00 %

primal solution (original space):
=================================

objective value:                     240861.588886378
z#0                                                 1 	(obj:0)
z#4                                  0.99999968139213 	(obj:0)
z#19                                                1 	(obj:0)
z#25                                                1 	(obj:0)
z#30                                                1 	(obj:0)
z#71                                                1 	(obj:0)
z#85                                                1 	(obj:0)
z#109                                               1 	(obj:0)
z#167                                               1 	(obj:0)
z#197                                               1 	(obj:0)
z#242                                               1 	(obj:0)
z#243                                               1 	(obj:0)
z#258                                               1 	(obj:0)
z#265                                               1 	(obj:0)
z#276                                               1 	(obj:0)
z#288                                               1 	(obj:0)
z#307                                               1 	(obj:0)
z#311                                               1 	(obj:0)
z#317                                               1 	(obj:0)
z#354                                               1 	(obj:0)
z#363                                               1 	(obj:0)
z#371                                               1 	(obj:0)
z#417                                               1 	(obj:0)
z#418                               0.999999613119024 	(obj:0)
z#427                                               1 	(obj:0)
z#428                                               1 	(obj:0)
z#432                                               1 	(obj:0)
z#439                                               1 	(obj:0)
z#458                                               1 	(obj:0)
z#461                                               1 	(obj:0)
z#476                                               1 	(obj:0)
z#478                                               1 	(obj:0)
z#491                                               1 	(obj:0)
z#497                                               1 	(obj:0)
z#546                                               1 	(obj:0)
z#588                                               1 	(obj:0)
z#602                                               1 	(obj:0)
z#619                                               1 	(obj:0)
z#623                                               1 	(obj:0)
z#720                                               1 	(obj:0)
z#747                                               1 	(obj:0)
z#749                                               1 	(obj:0)
z#779                                               1 	(obj:0)
z#784                                               1 	(obj:0)
z#836                                               1 	(obj:0)
z#839                                               1 	(obj:0)
z#859                                               1 	(obj:0)
z#894                                               1 	(obj:0)
z#908                                               1 	(obj:0)
z#961                                               1 	(obj:0)
y#10                                 133.925019132798 	(obj:109)
y#17                                 1.87500000000006 	(obj:103)
y#22                                 138.586977267579 	(obj:100)
x#0                                           452.459 	(obj:162)
x#3                                  18.3799043360103 	(obj:111)
x#4                                   9.6850956639895 	(obj:204)
x#5                                            41.122 	(obj:156)
x#10                                 482.605094529308 	(obj:113)
x#14                                0.300886337894212 	(obj:193)
x#19                                 558.353022732421 	(obj:107)
y#0                                             139.8 	(obj:101)
y#9                                  0.19999999999996 	(obj:133)
u#0                                           452.459 	(obj:0)
u#1                                           452.459 	(obj:0)
u#2                                           452.459 	(obj:0)
u#3                                   470.83890433601 	(obj:0)
u#4                                           480.524 	(obj:0)
u#5                                           521.646 	(obj:0)
u#6                                           521.646 	(obj:0)
u#7                                           521.646 	(obj:0)
u#8                                           521.646 	(obj:0)
u#9                                           521.646 	(obj:0)
u#10                                 1004.25109452931 	(obj:0)
u#11                                 1004.25109452931 	(obj:0)
u#12                                 1004.25109452931 	(obj:0)
u#13                                 1004.25109452931 	(obj:0)
u#14                                  1004.5519808672 	(obj:0)
u#15                                 552.092980867202 	(obj:0)
u#16                                 552.092980867202 	(obj:0)
u#17                                 552.092980867202 	(obj:0)
u#18                                 533.713076531192 	(obj:0)
u#19                                 1082.38100359962 	(obj:0)
u#20                                 1041.25900359962 	(obj:0)
u#21                                 1041.25900359962 	(obj:0)
u#22                                 1041.25900359962 	(obj:0)
u#23                                 1041.25900359962 	(obj:0)
u#24                                 1041.25900359962 	(obj:0)
u#25                                 558.653909070315 	(obj:0)
u#26                                 558.653909070315 	(obj:0)
u#27                                 558.653909070315 	(obj:0)
u#28                                 558.653909070315 	(obj:0)
u#29                                 558.353022732421 	(obj:0)
v#0                                             139.8 	(obj:0)
v#1                                             139.8 	(obj:0)
v#2                                             139.8 	(obj:0)
v#3                                             139.8 	(obj:0)
v#4                                             139.8 	(obj:0)
v#5                                             139.8 	(obj:0)
v#6                                             139.8 	(obj:0)
v#7                                             139.8 	(obj:0)
v#8                                             139.8 	(obj:0)
v#9                                               140 	(obj:0)
v#10                                 134.125019132798 	(obj:0)
v#11                                 134.125019132798 	(obj:0)
v#12                                 134.125019132798 	(obj:0)
v#13                                 134.125019132798 	(obj:0)
v#14                                 134.125019132798 	(obj:0)
v#15                                 134.125019132798 	(obj:0)
v#16                                 134.125019132798 	(obj:0)
v#17                                 136.000019132798 	(obj:0)
v#18                                 136.000019132798 	(obj:0)
v#19                                 135.800019132798 	(obj:0)
v#20                                            1.875 	(obj:0)
v#21                                            1.875 	(obj:0)
v#22                                 140.461977267579 	(obj:0)
v#23                                 140.461977267579 	(obj:0)
v#24                                 140.461977267579 	(obj:0)
v#25                                 140.461977267579 	(obj:0)
v#26                                 140.461977267579 	(obj:0)
v#27                                 138.586977267579 	(obj:0)
v#28                                 138.586977267579 	(obj:0)
v#29                                 138.586977267579 	(obj:0)
w#0                                           592.259 	(obj:0)
w#1                                           592.259 	(obj:0)
w#2                                           592.259 	(obj:0)
w#3                                   610.63890433601 	(obj:0)
w#4                                           620.324 	(obj:0)
w#5                                           661.446 	(obj:0)
w#6                                           661.446 	(obj:0)
w#7                                           661.446 	(obj:0)
w#8                                           661.446 	(obj:0)
w#9                                           661.646 	(obj:0)
w#10                                 1138.37611366211 	(obj:0)
w#11                                 1138.37611366211 	(obj:0)
w#12                                 1138.37611366211 	(obj:0)
w#13                                 1138.37611366211 	(obj:0)
w#14                                         1138.677 	(obj:0)
w#15                                          686.218 	(obj:0)
w#16                                          686.218 	(obj:0)
w#17                                          688.093 	(obj:0)
w#18                                  669.71309566399 	(obj:0)
w#19                                 1218.18102273242 	(obj:0)
w#20                                 1043.13400359962 	(obj:0)
w#21                                 1043.13400359962 	(obj:0)
w#22                                  1181.7209808672 	(obj:0)
w#23                                  1181.7209808672 	(obj:0)
w#24                                  1181.7209808672 	(obj:0)
w#25                                 699.115886337894 	(obj:0)
w#26                                 699.115886337894 	(obj:0)
w#27                                 697.240886337894 	(obj:0)
w#28                                 697.240886337894 	(obj:0)
w#29                                           696.94 	(obj:0)

Statistics
==========

SCIP Status        : problem is solved [optimal solution found]
Total Time         :       1.92
  solving          :       1.88
  presolving       :       0.05 (included in solving)
  reading          :       0.04
  copying          :       0.01 (2 #copies) (minimal 0.01, maximal 0.01, average 0.01)
Original Problem   :
  Problem name     : 30-1000-4
  Variables        : 1150 (1000 binary, 0 integer, 0 implicit integer, 150 continuous)
  Constraints      : 1622 initial, 1622 maximal
  Objective        : minimize, 60 non-zeros (abs.min = 100, abs.max = 289)
Presolved Problem  :
  Problem name     : t_30-1000-4
  Variables        : 231 (121 binary, 0 integer, 0 implicit integer, 110 continuous)
  Constraints      : 490 initial, 490 maximal
  Objective        : minimize, 59 non-zeros (abs.min = 1, abs.max = 289)
  Nonzeros         : 3790 constraint, 0 clique table
Presolvers         :   ExecTime  SetupTime  Calls  FixedVars   AggrVars   ChgTypes  ChgBounds   AddHoles    DelCons    AddCons   ChgSides   ChgCoefs
  boundshift       :       0.00       0.00      0          0          0          0          0          0          0          0          0          0
  convertinttobin  :       0.00       0.00      0          0          0          0          0          0          0          0          0          0
  domcol           :       0.01       0.00      2          0          0          0          0          0          0          0          0          0
  dualagg          :       0.00       0.00      0          0          0          0          0          0          0          0          0          0
  dualcomp         :       0.00       0.00      2          0          0          0          0          0          0          0          0          0
  dualinfer        :       0.00       0.00      0          0          0          0          0          0          0          0          0          0
  dualsparsify     :       0.01       0.00      1          0          0          0          0          0          0          0          0          0
  gateextraction   :       0.00       0.00      0          0          0          0          0          0          0          0          0          0
  implics          :       0.00       0.00      8          0          0          0          0          0          0          0          0          0
  inttobinary      :       0.00       0.00      0          0          0          0          0          0          0          0          0          0
  milp             :       0.01       0.00      2          1         32          0         70          0          0          0          0          0
  qpkktref         :       0.00       0.00      0          0          0          0          0          0          0          0          0          0
  redvub           :       0.00       0.00      0          0          0          0          0          0          0          0          0          0
  sparsify         :       0.00       0.00      1          0          0          0          0          0          0          0          0          0
  stuffing         :       0.00       0.00      0          0          0          0          0          0          0          0          0          0
  trivial          :       0.00       0.00     14        595          0          0          0          0          0          0          0          0
  tworowbnd        :       0.00       0.00      0          0          0          0          0          0          0          0          0          0
  dualfix          :       0.00       0.00     14        262          0          0          0          0          0          0          0          0
  genvbounds       :       0.00       0.00      0          0          0          0          0          0          0          0          0          0
  probing          :       0.00       0.00      1          0          0          0          0          0          0          0          0          0
  pseudoobj        :       0.00       0.00      4          0          0          0          0          0          0          0          0          0
  symmetry         :       0.00       0.00      1          0          0          0          0          0          0          0          0          0
  vbounds          :       0.00       0.00      0          0          0          0          0          0          0          0          0          0
  chancecons       :       0.00       0.00      0          0          0          0          0          0          0          0          0          0
  varbound         :       0.00       0.00     16          0          0          0         54          0       1363          0        323        151
  knapsack         :       0.00       0.00     17          0          0          0          0          0          0          0          0          0
  linear           :       0.02       0.00     19         22          7          0        151          0        161          0          3        289
  logicor          :       0.00       0.00      1          0          0          0          0          0          1          0          0          1
  benders          :       0.00       0.00      0          0          0          0          0          0          0          0          0          0
  components       :       0.00       0.00      2          0          0          0          0          0          0          0          0          0
  root node        :          -          -      -        673          -          -       1043          -          -          -          -          -
Constraints        :     Number  MaxNumber  #Separate #Propagate    #EnfoLP    #EnfoRelax  #EnfoPS    #Check   #ResProp    Cutoffs    DomReds       Cuts    Applied      Conss   Children
  benderslp        :          0          0          0          0          0          0          0         46          0          0          0          0          0          0          0
  chancecons       :          1          1         23          0          0          0          0          0          0          0          0        111         96          0          0
  integral         :          0          0          0          0          0          0          0         46          0          0          0          0          0          0          0
  varbound         :        128        128         23       3247          0          0          0         39         15          0         19          0          0          0          0
  knapsack         :          1          1         23       3313          0          0          0         11          7          0          0          0          0          0          0
  linear           :        360        360         23       3359          0          0          0          9          1          0        242          0          0          0          0
  benders          :          0          0          0          0          0          0          0          7          0          0          0          0          0          0          0
  fixedvar         :          0          0          0          0          0          0          0          7          0          0          0          0          0          0          0
  countsols        :          0          0          0          0          0          0          0          7          0          0          0          0          0          0          0
  components       :          0          0          0          0          0          0          0          0          0          0          0          0          0          0          0
Constraint Timings :  TotalTime  SetupTime   Separate  Propagate     EnfoLP     EnfoPS     EnfoRelax   Check    ResProp    SB-Prop
  benderslp        :       0.00       0.00       0.00       0.00       0.00       0.00       0.00       0.00       0.00       0.00
  chancecons       :       0.00       0.00       0.00       0.00       0.00       0.00       0.00       0.00       0.00       0.00
  integral         :       0.00       0.00       0.00       0.00       0.00       0.00       0.00       0.00       0.00       0.00
  varbound         :       0.02       0.00       0.00       0.02       0.00       0.00       0.00       0.00       0.00       0.00
  knapsack         :       0.01       0.00       0.01       0.00       0.00       0.00       0.00       0.00       0.00       0.00
  linear           :       0.03       0.00       0.00       0.02       0.00       0.00       0.00       0.00       0.00       0.00
  benders          :       0.00       0.00       0.00       0.00       0.00       0.00       0.00       0.00       0.00       0.00
  fixedvar         :       0.00       0.00       0.00       0.00       0.00       0.00       0.00       0.00       0.00       0.00
  countsols        :       0.00       0.00       0.00       0.00       0.00       0.00       0.00       0.00       0.00       0.00
  components       :       0.00       0.00       0.00       0.00       0.00       0.00       0.00       0.00       0.00       0.00
Propagators        : #Propagate   #ResProp    Cutoffs    DomReds
  dualfix          :          8          0          0          0
  genvbounds       :          0          0          0          0
  nlobbt           :          0          0          0          0
  obbt             :          0          0          0          0
  probing          :          0          0          0          0
  pseudoobj        :         46          0          0         59
  redcost          :         32          0          0         79
  rootredcost      :          0          0          0          0
  symmetry         :          0          0          0          0
  vbounds          :       2284          0          0          0
Propagator Timings :  TotalTime  SetupTime   Presolve  Propagate    ResProp    SB-Prop
  dualfix          :       0.00       0.00       0.00       0.00       0.00       0.00
  genvbounds       :       0.00       0.00       0.00       0.00       0.00       0.00
  nlobbt           :       0.00       0.00       0.00       0.00       0.00       0.00
  obbt             :       0.00       0.00       0.00       0.00       0.00       0.00
  probing          :       0.00       0.00       0.00       0.00       0.00       0.00
  pseudoobj        :       0.00       0.00       0.00       0.00       0.00       0.00
  redcost          :       0.00       0.00       0.00       0.00       0.00       0.00
  rootredcost      :       0.00       0.00       0.00       0.00       0.00       0.00
  symmetry         :       0.00       0.00       0.00       0.00       0.00       0.00
  vbounds          :       0.00       0.00       0.00       0.00       0.00       0.00
Symmetry           :
  orbitopal red.   :          0 reductions applied,          0 cutoffs
  orbital reduction:          0 reductions applied,          0 cutoffs
  lexicographic red:          0 reductions applied,          0 cutoffs
  shadow tree time :       0.00 s
Conflict Analysis  :       Time      Calls    Success    DomReds  Conflicts   Literals    Reconvs ReconvLits   Dualrays   Nonzeros   LP Iters   (pool size: [10000,10000])
  propagation      :       0.00          0          0          -          0        0.0          0        0.0          -          -          -
  infeasible LP    :       0.00          0          0          -          0        0.0          0        0.0          0        0.0          0
  bound exceed. LP :       0.00          4        646          -          4       16.2          0        0.0        645        1.2         20
  strong branching :       0.00          0          0          -          0        0.0          0        0.0          -          -          0
  pseudo solution  :       0.00          0          0          -          0        0.0          0        0.0          -          -          -
  applied globally :       0.00          -          -        643          2       25.5          -          -        645          -          -
  applied locally  :          -          -          -          0          0        0.0          -          -          0          -          -
Separators         :   ExecTime  SetupTime      Calls  RootCalls    Cutoffs    DomReds  FoundCuts ViaPoolAdd  DirectAdd    Applied ViaPoolApp  DirectApp      Conss
  cut pool         :       0.00          -         44         44          -          -       5322       8993          -          -          -          -          -    (maximal pool size:       4517)
  aggregation      :       1.25       0.00         23         23          0          0       3952       6236          0        404        404          0          0
  > cmir           :          -          -          -          -          -          -          -       6236          0        404        404          0          -
  > flowcover      :          -          -          -          -          -          -          -          0          0          0          0          0          -
  > knapsackcover  :          -          -          -          -          -          -          -          0          0          0          0          0          -
  cgmip            :       0.00       0.00          0          0          0          0          0          0          0          0          0          0          0
  clique           :       0.00       0.00          2          2          0          0          0          0          0          0          0          0          0
  closecuts        :       0.00       0.00          0          0          0          0          0          0          0          0          0          0          0
  convexproj       :       0.00       0.00          0          0          0          0          0          0          0          0          0          0          0
  disjunctive      :       0.00       0.00          0          0          0          0          0          0          0          0          0          0          0
  eccuts           :       0.00       0.00          0          0          0          0          0          0          0          0          0          0          0
  gauge            :       0.00       0.00          0          0          0          0          0          0          0          0          0          0          0
  gomory           :       0.08       0.00         18         18          0          0       1370       2757          0         95         95          0          0
  > gomorymi       :          -          -          -          -          -          -          -       2757          0         95         95          0          -
  > strongcg       :          -          -          -          -          -          -          -          0          0          0          0          0          -
  impliedbounds    :       0.00       0.00         23         23          0          0          0          0          0          0          0          0          0
  interminor       :       0.00       0.00          0          0          0          0          0          0          0          0          0          0          0
  intobj           :       0.00       0.00          0          0          0          0          0          0          0          0          0          0          0
  lagromory        :       0.00       0.00          0          0          0          0          0          0          0          0          0          0          0
  mcf              :       0.00       0.00          2          2          0          0          0          0          0          0          0          0          0
  minor            :       0.00       0.00         18         18          0          0          0          0          0          0          0          0          0
  mixing           :       0.00       0.00          0          0          0          0          0          0          0          0          0          0          0
  oddcycle         :       0.00       0.00          0          0          0          0          0          0          0          0          0          0          0
  rapidlearning    :       0.00       0.00          0          0          0          0          0          0          0          0          0          0          0
  rlt              :       0.00       0.00         18         18          0          0          0          0          0          0          0          0          0
  zerohalf         :       0.01       0.00         23         23          0          0          0          0          0          0          0          0          0
Cutselectors       :   ExecTime  SetupTime      Calls  RootCalls   Selected     Forced   Filtered  RootSelec   RootForc   RootFilt 
  hybrid           :       0.01       0.00         23         23        595          0       8509        595          0       8509
  ensemble         :       0.00       0.00          0          0          0          0          0          0          0          0
  dynamic          :       0.00       0.00          0          0          0          0          0          0          0          0
Pricers            :   ExecTime  SetupTime      Calls       Vars
  problem variables:       0.00          -          0          0
Branching Rules    :   ExecTime  SetupTime   BranchLP  BranchExt   BranchPS    Cutoffs    DomReds       Cuts      Conss   Children
  allfullstrong    :       0.00       0.00          0          0          0          0          0          0          0          0
  cloud            :       0.00       0.00          0          0          0          0          0          0          0          0
  distribution     :       0.00       0.00          0          0          0          0          0          0          0          0
  fullstrong       :       0.00       0.00          0          0          0          0          0          0          0          0
  gomory           :       0.00       0.00          0          0          0          0          0          0          0          0
  inference        :       0.00       0.00          0          0          0          0          0          0          0          0
  leastinf         :       0.00       0.00          0          0          0          0          0          0          0          0
  lookahead        :       0.00       0.00          0          0          0          0          0          0          0          0
  mostinf          :       0.00       0.00          0          0          0          0          0          0          0          0
  multaggr         :       0.00       0.00          0          0          0          0          0          0          0          0
  nodereopt        :       0.00       0.00          0          0          0          0          0          0          0          0
  pscost           :       0.00       0.00          0          0          0          0          0          0          0          0
  random           :       0.00       0.00          0          0          0          0          0          0          0          0
  relpscost        :       0.00       0.00          0          0          0          0          0          0          0          0
  vanillafullstrong:       0.00       0.00          0          0          0          0          0          0          0          0
Primal Heuristics  :   ExecTime  SetupTime      Calls      Found       Best
  LP solutions     :       0.00          -          -          0          0
  relax solutions  :       0.00          -          -          0          0
  pseudo solutions :       0.00          -          -          0          0
  strong branching :       0.00          -          -          0          0
  actconsdiving    :       0.00       0.00          0          0          0
  adaptivediving   :       0.00       0.00          0          0          0
  alns             :       0.02       0.00          1          0          0
  bound            :       0.00       0.00          0          0          0
  clique           :       0.00       0.00          0          0          0
  coefdiving       :       0.00       0.00          0          0          0
  completesol      :       0.00       0.00          0          0          0
  conflictdiving   :       0.01       0.00          1          0          0
  crossover        :       0.00       0.00          0          0          0
  dins             :       0.00       0.00          0          0          0
  distributiondivin:       0.00       0.00          0          0          0
  dps              :       0.00       0.00          0          0          0
  dualval          :       0.00       0.00          0          0          0
  farkasdiving     :       0.00       0.00          0          0          0
  feaspump         :       0.01       0.00          1          1          1
  fixandinfer      :       0.00       0.00          0          0          0
  fracdiving       :       0.00       0.00          0          0          0
  gins             :       0.00       0.00          0          0          0
  guideddiving     :       0.00       0.00          0          0          0
  indicator        :       0.00       0.00          0          0          0
  indicatordiving  :       0.00       0.00          0          0          0
  intdiving        :       0.00       0.00          0          0          0
  intshifting      :       0.01       0.00          1          0          0
  linesearchdiving :       0.00       0.00          0          0          0
  localbranching   :       0.00       0.00          0          0          0
  locks            :       0.01       0.00          1          1          1
  lpface           :       0.00       0.00          0          0          0
  mpec             :       0.00       0.00          0          0          0
  multistart       :       0.00       0.00          0          0          0
  mutation         :       0.00       0.00          0          0          0
  nlpdiving        :       0.00       0.00          0          0          0
  objpscostdiving  :       0.00       0.00          0          0          0
  octane           :       0.00       0.00          0          0          0
  ofins            :       0.00       0.00          0          0          0
  oneopt           :       0.00       0.00          2          0          0
  padm             :       0.00       0.00          0          0          0
  proximity        :       0.00       0.00          0          0          0
  pscostdiving     :       0.00       0.00          0          0          0
  randrounding     :       0.06       0.00         25          1          1
  rens             :       0.12       0.00          1          1          0
  reoptsols        :       0.00       0.00          0          0          0
  repair           :       0.00       0.00          0          0          0
  rins             :       0.00       0.00          0          0          0
  rootsoldiving    :       0.00       0.00          0          0          0
  rounding         :       0.00       0.00         24          0          0
  scheduler        :       0.00       0.00          0          0          0
  shiftandpropagate:       0.00       0.00          0          0          0
  shifting         :       0.02       0.00         24          0          0
  simplerounding   :       0.00       0.00          0          0          0
  subnlp           :       0.00       0.00          0          0          0
  trivial          :       0.00       0.00          4          0          0
  trivialnegation  :       0.00       0.00          0          0          0
  trustregion      :       0.00       0.00          0          0          0
  trysol           :       0.00       0.00          0          0          0
  twoopt           :       0.00       0.00          0          0          0
  undercover       :       0.00       0.00          0          0          0
  vbounds          :       0.01       0.00          1          0          0
  veclendiving     :       0.00       0.00          0          0          0
  zeroobj          :       0.00       0.00          0          0          0
  zirounding       :       0.00       0.00          1          0          0
  other solutions  :          -          -          -          0          -
LNS (Scheduler)    :      Calls  SetupTime  SolveTime SolveNodes       Sols       Best       Exp3    Exp3-IX  EpsGreedy        UCB TgtFixRate  Opt  Inf Node Stal  Sol  Usr Othr Actv
  rens             :          0       0.00       0.00          0          0          0    0.00000    0.12500   -1.00000    1.00000      0.900    0    0    0    0    0    0    0    1
  rins             :          0       0.00       0.00          0          0          0    0.00000    0.12500   -1.00000    1.00000      0.900    0    0    0    0    0    0    0    1
  mutation         :          0       0.00       0.00          0          0          0    0.00000    0.12500   -1.00000    1.00000      0.900    0    0    0    0    0    0    0    1
  localbranching   :          0       0.00       0.00          0          0          0    0.00000    0.12500   -1.00000    1.00000      0.900    0    0    0    0    0    0    0    1
  crossover        :          0       0.00       0.00          0          0          0    0.00000    0.12500   -1.00000    1.00000      0.900    0    0    0    0    0    0    0    1
  proximity        :          0       0.00       0.00          0          0          0    0.00000    0.12500   -1.00000    1.00000      0.900    0    0    0    0    0    0    0    1
  zeroobjective    :          0       0.00       0.00          0          0          0    0.00000    0.12500   -1.00000    1.00000      0.900    0    0    0    0    0    0    0    1
  dins             :          0       0.00       0.00          0          0          0    0.00000    0.12500   -1.00000    1.00000      0.900    0    0    0    0    0    0    0    1
  trustregion      :          0       0.00       0.00          0          0          0    0.00000    0.00000   -1.00000    1.00000      0.900    0    0    0    0    0    0    0    0
LP                 :       Time      Calls Iterations  Iter/call   Iter/sec  Time-0-It Calls-0-It    ItLimit
  primal LP        :       0.00          1          0       0.00          -       0.00          1
  dual LP          :       0.15         37       2493      99.72   17081.08       0.00         12
  lex dual LP      :       0.00          0          0       0.00          -
  barrier LP       :       0.00          0          0       0.00          -       0.00          0
  resolve instable :       0.00          0          0       0.00          -
  diving/probing LP:       0.03          7        571      81.57   18112.03
  strong branching :       0.00          0          0       0.00          -          -          -          0
    (at root node) :          -          0          0       0.00          -
  conflict analysis:       0.00          3         20       6.67          -
B&B Tree           :
  number of runs   :          2
  nodes            :          1 (0 internal, 1 leaves)
  feasible leaves  :          0
  infeas. leaves   :          0
  objective leaves :          0
  nodes (total)    :          2 (0 internal, 2 leaves)
  nodes left       :          0
  max depth        :          0
  max depth (total):          0
  backtracks       :          0 (0.0%)
  early backtracks :          0 (0.0%)
  nodes exc. ref.  :          0 (0.0%)
  delayed cutoffs  :          0
  repropagations   :          0 (0 domain reductions, 0 cutoffs)
  avg switch length:       2.00
  switching time   :       0.00
Root Node          :
  First LP value   : +2.39626697552740e+05
  First LP Iters   :        401 (27247.40 Iter/sec)
  First LP Time    :       0.01
  Final Dual Bound : +2.40861588886378e+05
  Final Root Iters :       2493
  Root LP Estimate :                     -
Solution           :
  Solutions found  :          4 (3 improvements)
  First Solution   : +2.43017356000000e+05   (in run 1, after 1 nodes, 0.06 seconds, depth 51, found by <locks>)
  Gap First Sol.   :   infinite
  Gap Last Sol.    :       0.00 %
  Primal Bound     : +2.40861588886378e+05   (in run 2, after 1 nodes, 1.88 seconds, depth 20, found by <randrounding>)
  Dual Bound       : +2.40861588886378e+05
  Gap              :       0.00 %
Integrals          :      Total       Avg%
  primal-dual      :       9.39       4.99
  primal-ref       :          -          - (not evaluated)
  dual-ref         :          -          - (not evaluated)

 Branching Statistics...

 Total number of propagations -> 0

 Number of cutoffs of KnaCons -> 0

 Total number of variables fixed to 1 by the propagator -> 0

 Total number of variables fixed to 0 by the propagator -> 0

 Maximum number of rounds of the approximation algorithm -> 0

 Runtime of the exact algorithm -> 0.0000 s

 Total number of variables fixed to 1 in the exact algorithm -> 0

 Total number of variables fixed to 0 in the exact algorithm -> 0

 Number of cutoffs in the exact algorithm -> 0

 Number of cutoffs in the approximation algorithm -> 0

 PS:  
