***************************************
*         SCIP-based CCP Solver       *
*                                     *
*    Wei Lv and Wei-Kun Chen (2024)   *
***************************************
/share/home/wangzhaowei/lvwei/scipoptsuite-9.1.0/build/bin/examples/ccp -f CCMPPData/30-3000-0.ccmpp -s CCMPPSetting/BnC-MIX05.set 
SCIP version 9.1.0 [precision: 8 byte] [memory: block] [mode: optimized] [LP solver: Soplex 7.1.0] [GitHash: 8cab0278ba]
Copyright (c) 2002-2024 Zuse Institute Berlin (ZIB)

External libraries: 
  Soplex 7.1.0         Linear Programming Solver developed at Zuse Institute Berlin (soplex.zib.de) [GitHash: 595bfac9]
  CppAD 20180000.0     Algorithmic Differentiation of C++ algorithms developed by B. Bell (github.com/coin-or/CppAD)
  ZLIB 1.2.7           General purpose compression library by J. Gailly and M. Adler (zlib.net)
  GMP 6.0.0            GNU Multiple Precision Arithmetic Library developed by T. Granlund (gmplib.org)
  AMPL/MP 690e9e7      AMPL .nl file reader library (github.com/ampl/mp)
  PaPILO 2.3.0         parallel presolve for integer and linear optimization (github.com/scipopt/papilo) (built with TBB) [GitHash: 4b8ce6ed]
  Nauty 2.8.8          Computing Graph Automorphism Groups by Brendan D. McKay (users.cecs.anu.edu.au/~bdm/nauty)
  sassy 1.1            Symmetry preprocessor by Markus Anders (github.com/markusa4/sassy)

reading user parameter file <CCMPPSetting/BnC-MIX05.set>

read problem <CCMPPData/30-3000-0.ccmpp>
============

File name: 	CCMPPData/30-3000-0.ccmpp
Problem name:	30-3000-0
Dimension: 	30
NumScenario: 	3000
ConfidenceParameter: 	0.05
IsEqualProbability: 	1
BnC+MIX+DI: 	0
BnC+MIX+sDI: 	0
DB: 	0
DB+OPF: 	0
Dominance and Aggregation Statistics......
NumEdge:        0
NumBiEdge: 	0
NumDomIneqs: 	0
DominanceRatio: 0.0000
NumAggScenario: 3000 
BasicNumScenario: 2375 
original problem has 3150 variables (3000 bin, 0 int, 0 impl, 150 cont) and 4622 constraints

solve problem
=============

presolving:
(round 1, fast)       629 del vars, 110 del conss, 0 add conss, 30 chg bounds, 0 chg sides, 0 chg coeffs, 0 upgd conss, 0 impls, 0 clqs
   (0.0s) running MILP presolver
   (0.0s) MILP presolver (3 rounds): 32 aggregations, 2 fixings, 11 bound changes
(round 2, medium)     663 del vars, 110 del conss, 0 add conss, 41 chg bounds, 0 chg sides, 0 chg coeffs, 0 upgd conss, 0 impls, 0 clqs
(round 3, fast)       663 del vars, 142 del conss, 0 add conss, 41 chg bounds, 0 chg sides, 0 chg coeffs, 0 upgd conss, 0 impls, 0 clqs
(round 4, exhaustive) 663 del vars, 142 del conss, 0 add conss, 41 chg bounds, 0 chg sides, 0 chg coeffs, 4394 upgd conss, 0 impls, 0 clqs
   (0.1s) probing: 51/2375 (2.1%) - 0 fixings, 0 aggregations, 0 implications, 0 bound changes
   (0.1s) probing aborted: 50/50 successive totally useless probings
   (0.1s) symmetry computation started: requiring (bin +, int +, cont +), (fixed: bin -, int -, cont -)
   Symmetry detection interrupted: constraints of type chancecons do not provide symmetry information.
   If symmetries shall be detected, implement the CONSGETPERMSYMGRAPH callback.
   (0.1s) could not compute symmetry
presolving (5 rounds: 5 fast, 3 medium, 2 exhaustive):
 663 deleted vars, 142 deleted constraints, 0 added constraints, 41 tightened bounds, 0 added holes, 0 changed sides, 0 changed coefficients
 4394 implications, 0 cliques
presolved problem has 2487 variables (2375 bin, 0 int, 0 impl, 112 cont) and 4480 constraints
      1 constraints of type <chancecons>
   4394 constraints of type <varbound>
      1 constraints of type <knapsack>
     84 constraints of type <linear>
Presolving Time: 0.12

 time | node  | left  |LP iter|LP it/n|mem/heur|mdpt |vars |cons |rows |cuts |sepa|confs|strbr|  dualbound   | primalbound  |  gap   | compl. 
p 0.2s|     1 |     0 |    55 |     - |   locks|   0 |2487 |4480 |4479 |   0 |  0 |   0 |   0 | 0.000000e+00 | 2.210755e+05 |    Inf | unknown
  0.3s|     1 |     0 |  1015 |     - |    46M |   0 |2487 |4480 |4479 |   0 |  0 |   0 |   0 | 2.177115e+05 | 2.210755e+05 |   1.55%| unknown
  0.3s|     1 |     0 |  1182 |     - |    47M |   0 |2487 |4480 |4526 |  47 |  1 |   0 |   0 | 2.178545e+05 | 2.210755e+05 |   1.48%| unknown
  0.4s|     1 |     0 |  1295 |     - |    47M |   0 |2487 |4480 |4570 |  91 |  2 |   0 |   0 | 2.179462e+05 | 2.210755e+05 |   1.44%| unknown
  0.5s|     1 |     0 |  1433 |     - |    49M |   0 |2487 |4480 |4614 | 135 |  3 |   0 |   0 | 2.180399e+05 | 2.210755e+05 |   1.39%| unknown
  0.5s|     1 |     0 |  1534 |     - |    50M |   0 |2487 |4480 |4654 | 175 |  4 |   0 |   0 | 2.181040e+05 | 2.210755e+05 |   1.36%| unknown
  0.6s|     1 |     0 |  1633 |     - |    52M |   0 |2487 |4480 |4705 | 226 |  5 |   0 |   0 | 2.181830e+05 | 2.210755e+05 |   1.33%| unknown
  0.7s|     1 |     0 |  1753 |     - |    53M |   0 |2487 |4480 |4758 | 279 |  6 |   0 |   0 | 2.182736e+05 | 2.210755e+05 |   1.28%| unknown
  0.8s|     1 |     0 |  1895 |     - |    54M |   0 |2487 |4480 |4829 | 350 |  7 |   0 |   0 | 2.183424e+05 | 2.210755e+05 |   1.25%| unknown
  0.8s|     1 |     0 |  2049 |     - |    56M |   0 |2487 |4480 |4876 | 397 |  8 |   0 |   0 | 2.183811e+05 | 2.210755e+05 |   1.23%| unknown
  0.9s|     1 |     0 |  2270 |     - |    57M |   0 |2487 |4480 |4925 | 446 |  9 |   0 |   0 | 2.184239e+05 | 2.210755e+05 |   1.21%| unknown
  1.0s|     1 |     0 |  2501 |     - |    57M |   0 |2487 |4480 |4993 | 514 | 10 |   0 |   0 | 2.184720e+05 | 2.210755e+05 |   1.19%| unknown
  1.1s|     1 |     0 |  2682 |     - |    58M |   0 |2487 |4480 |5045 | 566 | 11 |   0 |   0 | 2.185066e+05 | 2.210755e+05 |   1.18%| unknown
  1.2s|     1 |     0 |  2838 |     - |    59M |   0 |2487 |4480 |5103 | 624 | 12 |   0 |   0 | 2.185356e+05 | 2.210755e+05 |   1.16%| unknown
  1.3s|     1 |     0 |  3078 |     - |    61M |   0 |2487 |4480 |5151 | 672 | 13 |   0 |   0 | 2.185634e+05 | 2.210755e+05 |   1.15%| unknown
 time | node  | left  |LP iter|LP it/n|mem/heur|mdpt |vars |cons |rows |cuts |sepa|confs|strbr|  dualbound   | primalbound  |  gap   | compl. 
  1.4s|     1 |     0 |  3336 |     - |    61M |   0 |2487 |4480 |5177 | 733 | 14 |   0 |   0 | 2.186026e+05 | 2.210755e+05 |   1.13%| unknown
  1.5s|     1 |     0 |  3594 |     - |    62M |   0 |2487 |4480 |5233 | 789 | 15 |   0 |   0 | 2.186434e+05 | 2.210755e+05 |   1.11%| unknown
  1.5s|     1 |     0 |  3826 |     - |    63M |   0 |2487 |4480 |5279 | 835 | 16 |   0 |   0 | 2.186748e+05 | 2.210755e+05 |   1.10%| unknown
  1.6s|     1 |     0 |  4051 |     - |    64M |   0 |2487 |4480 |5327 | 883 | 17 |   0 |   0 | 2.186887e+05 | 2.210755e+05 |   1.09%| unknown
  1.7s|     1 |     0 |  4287 |     - |    65M |   0 |2487 |4480 |5386 | 942 | 18 |   0 |   0 | 2.187129e+05 | 2.210755e+05 |   1.08%| unknown
  1.8s|     1 |     0 |  4579 |     - |    66M |   0 |2487 |4480 |5433 | 989 | 19 |   0 |   0 | 2.187365e+05 | 2.210755e+05 |   1.07%| unknown
  2.0s|     1 |     0 |  4853 |     - |    68M |   0 |2487 |4480 |5328 |1050 | 20 |   0 |   0 | 2.187533e+05 | 2.210755e+05 |   1.06%| unknown
  2.1s|     1 |     0 |  5195 |     - |    68M |   0 |2487 |4480 |5402 |1124 | 21 |   0 |   0 | 2.187722e+05 | 2.210755e+05 |   1.05%| unknown
  2.2s|     1 |     0 |  5540 |     - |    69M |   0 |2487 |4480 |5466 |1188 | 22 |   0 |   0 | 2.187837e+05 | 2.210755e+05 |   1.05%| unknown
  2.4s|     1 |     0 |  5882 |     - |    69M |   0 |2487 |4480 |5526 |1248 | 23 |   0 |   0 | 2.187968e+05 | 2.210755e+05 |   1.04%| unknown
  2.6s|     1 |     0 |  6363 |     - |    69M |   0 |2487 |4480 |5594 |1316 | 24 |   0 |   0 | 2.188084e+05 | 2.210755e+05 |   1.04%| unknown
  2.8s|     1 |     0 |  6742 |     - |    70M |   0 |2487 |4480 |5663 |1385 | 25 |   0 |   0 | 2.188147e+05 | 2.210755e+05 |   1.03%| unknown
  2.9s|     1 |     0 |  7062 |     - |    71M |   0 |2487 |4480 |5462 |1446 | 26 |   0 |   0 | 2.188208e+05 | 2.210755e+05 |   1.03%| unknown
  3.1s|     1 |     0 |  7466 |     - |    71M |   0 |2487 |4480 |5527 |1511 | 27 |   0 |   0 | 2.188274e+05 | 2.210755e+05 |   1.03%| unknown
  3.3s|     1 |     0 |  7858 |     - |    71M |   0 |2487 |4480 |5601 |1585 | 28 |   0 |   0 | 2.188318e+05 | 2.210755e+05 |   1.03%| unknown
 time | node  | left  |LP iter|LP it/n|mem/heur|mdpt |vars |cons |rows |cuts |sepa|confs|strbr|  dualbound   | primalbound  |  gap   | compl. 
  3.5s|     1 |     0 |  8152 |     - |    71M |   0 |2487 |4480 |5672 |1656 | 29 |   0 |   0 | 2.188345e+05 | 2.210755e+05 |   1.02%| unknown
o 3.7s|     1 |     0 |  9705 |     - |feaspump|   0 |2487 |4480 |5672 |1656 | 29 |   0 |   0 | 2.188345e+05 | 2.191005e+05 |   0.12%| unknown
  4.6s|     1 |     0 |  9705 |     - |    72M |   0 |2487 |4480 |5672 |1656 | 29 |   0 |   0 | 2.188345e+05 | 2.191005e+05 |   0.12%| unknown
  4.8s|     1 |     0 | 10091 |     - |    72M |   0 |2487 |4480 |5567 |1710 | 30 |   0 |   0 | 2.188390e+05 | 2.191005e+05 |   0.12%| unknown
  4.9s|     1 |     0 | 10354 |     - |    72M |   0 |2487 |4480 |5614 |1757 | 31 |   0 |   0 | 2.188395e+05 | 2.191005e+05 |   0.12%| unknown
 10.1s|     1 |     2 | 10354 |     - |    72M |   0 |2487 |4480 |5614 |1757 | 31 |   0 |  54 | 2.188489e+05 | 2.191005e+05 |   0.11%| unknown
*14.4s|     9 |     8 | 11224 | 323.2 |    LP  |   8 |2487 |4500 |4868 |1757 |  1 |  45 | 249 | 2.188563e+05 | 2.190575e+05 |   0.09%| unknown
*19.5s|    26 |    12 | 12108 | 138.8 |strongbr|  13 |2487 |4500 |4868 |1791 |  1 |  51 | 499 | 2.188563e+05 | 2.190055e+05 |   0.07%|   2.18%
*21.7s|    38 |    16 | 12955 | 116.7 |strongbr|  13 |2487 |4499 |4868 |1798 |  1 |  58 | 588 | 2.188563e+05 | 2.189965e+05 |   0.06%|   4.95%
*25.4s|    55 |    21 | 14417 | 107.0 |strongbr|  13 |2487 |4505 |4868 |1798 |  1 |  73 | 780 | 2.188563e+05 | 2.189785e+05 |   0.06%|   7.42%
*25.9s|    61 |    22 | 14698 | 101.0 |strongbr|  13 |2487 |4505 |4895 |1850 |  1 |  73 | 815 | 2.188563e+05 | 2.189605e+05 |   0.05%|   9.13%
*26.1s|    65 |     1 | 14846 |  97.0 |    LP  |  14 |2487 |4505 |4883 |1850 |  1 |  73 | 830 | 2.188563e+05 | 2.188675e+05 |   0.01%|  30.34%

SCIP Status        : problem is solved [optimal solution found]
Solving Time (sec) : 26.82
Solving Nodes      : 68
Primal Bound       : +2.18867473000000e+05 (9 solutions)
Dual Bound         : +2.18867473000000e+05
Gap                : 0.00 %

primal solution (original space):
=================================

objective value:                           218867.473
z#1                                                 1 	(obj:0)
z#30                                 1.00000000000001 	(obj:0)
z#41                                                1 	(obj:0)
z#45                                                1 	(obj:0)
z#52                                                1 	(obj:0)
z#70                                                1 	(obj:0)
z#78                                0.999999999999998 	(obj:0)
z#101                                               1 	(obj:0)
z#119                                               1 	(obj:0)
z#126                                               1 	(obj:0)
z#135                                               1 	(obj:0)
z#173                               0.999999999999999 	(obj:0)
z#179                                               1 	(obj:0)
z#218                                               1 	(obj:0)
z#227                                               1 	(obj:0)
z#243                                               1 	(obj:0)
z#250                                               1 	(obj:0)
z#271                                               1 	(obj:0)
z#372                                               1 	(obj:0)
z#375                                               1 	(obj:0)
z#389                                1.00000000000003 	(obj:0)
z#400                                               1 	(obj:0)
z#414                                1.00000000000009 	(obj:0)
z#430                                               1 	(obj:0)
z#505                                               1 	(obj:0)
z#551                                               1 	(obj:0)
z#558                                               1 	(obj:0)
z#562                                               1 	(obj:0)
z#596                                               1 	(obj:0)
z#623                                               1 	(obj:0)
z#638                                               1 	(obj:0)
z#668                                               1 	(obj:0)
z#676                                               1 	(obj:0)
z#694                                               1 	(obj:0)
z#701                                               1 	(obj:0)
z#730                                               1 	(obj:0)
z#736                                               1 	(obj:0)
z#748                                               1 	(obj:0)
z#776                                1.00000000000001 	(obj:0)
z#830                                               1 	(obj:0)
z#839                                               1 	(obj:0)
z#872                               0.999999999999992 	(obj:0)
z#937                                               1 	(obj:0)
z#976                                               1 	(obj:0)
z#1029                                              1 	(obj:0)
z#1036                                              1 	(obj:0)
z#1048                                              1 	(obj:0)
z#1063                                              1 	(obj:0)
z#1075                                              1 	(obj:0)
z#1077                                              1 	(obj:0)
z#1106                                              1 	(obj:0)
z#1120                              0.999999999999996 	(obj:0)
z#1124                                              1 	(obj:0)
z#1146                                              1 	(obj:0)
z#1159                                              1 	(obj:0)
z#1166                                              1 	(obj:0)
z#1211                                              1 	(obj:0)
z#1213                                              1 	(obj:0)
z#1306                                              1 	(obj:0)
z#1338                                              1 	(obj:0)
z#1359                                              1 	(obj:0)
z#1375                                              1 	(obj:0)
z#1391                                              1 	(obj:0)
z#1393                                              1 	(obj:0)
z#1406                                              1 	(obj:0)
z#1412                                              1 	(obj:0)
z#1415                                              1 	(obj:0)
z#1427                                              1 	(obj:0)
z#1437                                              1 	(obj:0)
z#1450                                              1 	(obj:0)
z#1470                                              1 	(obj:0)
z#1471                                              1 	(obj:0)
z#1487                                              1 	(obj:0)
z#1511                                              1 	(obj:0)
z#1520                               1.00000000000001 	(obj:0)
z#1539                                              1 	(obj:0)
z#1549                                              1 	(obj:0)
z#1556                              0.999999999999995 	(obj:0)
z#1584                                              1 	(obj:0)
z#1604                                              1 	(obj:0)
z#1618                                              1 	(obj:0)
z#1641                                              1 	(obj:0)
z#1642                               1.00000000000003 	(obj:0)
z#1673                                              1 	(obj:0)
z#1689                                              1 	(obj:0)
z#1718                                              1 	(obj:0)
z#1763                                              1 	(obj:0)
z#1765                                              1 	(obj:0)
z#1794                                              1 	(obj:0)
z#1830                                              1 	(obj:0)
z#1851                                              1 	(obj:0)
z#1854                                              1 	(obj:0)
z#1869                                              1 	(obj:0)
z#1873                                              1 	(obj:0)
z#1907                                              1 	(obj:0)
z#1954                               0.99999999999996 	(obj:0)
z#1961                                              1 	(obj:0)
z#1970                                              1 	(obj:0)
z#1983                                              1 	(obj:0)
z#2008                                              1 	(obj:0)
z#2011                                              1 	(obj:0)
z#2022                                              1 	(obj:0)
z#2037                                              1 	(obj:0)
z#2075                                              1 	(obj:0)
z#2099                                              1 	(obj:0)
z#2108                                              1 	(obj:0)
z#2117                              0.999999999999909 	(obj:0)
z#2182                                              1 	(obj:0)
z#2187                                              1 	(obj:0)
z#2195                                              1 	(obj:0)
z#2239                                              1 	(obj:0)
z#2278                                              1 	(obj:0)
z#2300                              0.999999999999998 	(obj:0)
z#2301                                              1 	(obj:0)
z#2322                                              1 	(obj:0)
z#2341                                              1 	(obj:0)
z#2349                                              1 	(obj:0)
z#2374                                              1 	(obj:0)
z#2449                                              1 	(obj:0)
z#2458                              0.999999999999996 	(obj:0)
z#2469                              0.999999999999998 	(obj:0)
z#2521                                              1 	(obj:0)
z#2582                              0.999999999999998 	(obj:0)
z#2603                                              1 	(obj:0)
z#2632                              0.999999999999971 	(obj:0)
z#2633                                              1 	(obj:0)
z#2657                                              1 	(obj:0)
z#2669                                              1 	(obj:0)
z#2677                                              1 	(obj:0)
z#2722                                              1 	(obj:0)
z#2723                                              1 	(obj:0)
z#2740                                              1 	(obj:0)
z#2752                                              1 	(obj:0)
z#2763                                              1 	(obj:0)
z#2774                                              1 	(obj:0)
z#2782                                              1 	(obj:0)
z#2788                              0.999999999999995 	(obj:0)
z#2799                                              1 	(obj:0)
z#2845                                              1 	(obj:0)
z#2857                                              1 	(obj:0)
z#2875                                              1 	(obj:0)
z#2881                                              1 	(obj:0)
z#2884                                              1 	(obj:0)
z#2951                                              1 	(obj:0)
z#2958                                              1 	(obj:0)
z#2965                                              1 	(obj:0)
z#2969                                              1 	(obj:0)
z#2981                                              1 	(obj:0)
z#2987                                              1 	(obj:0)
z#2997                                              1 	(obj:0)
x#0                                           423.653 	(obj:181)
x#2                                           257.884 	(obj:104)
x#15                                 426.164000000001 	(obj:162)
x#16                                 271.775999999999 	(obj:101)
y#0                                             136.8 	(obj:138)
u#0                                           423.653 	(obj:0)
u#1                                           423.653 	(obj:0)
u#2                                           681.537 	(obj:0)
u#3                                           681.537 	(obj:0)
u#4                                           681.537 	(obj:0)
u#5                                           681.537 	(obj:0)
u#6                                           681.537 	(obj:0)
u#7                                           681.537 	(obj:0)
u#8                                           681.537 	(obj:0)
u#9                                           681.537 	(obj:0)
u#10                                          681.537 	(obj:0)
u#11                                          681.537 	(obj:0)
u#12                                          681.537 	(obj:0)
u#13                                          681.537 	(obj:0)
u#14                                          681.537 	(obj:0)
u#15                                 684.048000000001 	(obj:0)
u#16                                          955.824 	(obj:0)
u#17                                           697.94 	(obj:0)
u#18                                           697.94 	(obj:0)
u#19                                           697.94 	(obj:0)
u#20                                           697.94 	(obj:0)
u#21                                           697.94 	(obj:0)
u#22                                           697.94 	(obj:0)
u#23                                           697.94 	(obj:0)
u#24                                           697.94 	(obj:0)
u#25                                           697.94 	(obj:0)
u#26                                           697.94 	(obj:0)
u#27                                           697.94 	(obj:0)
u#28                                           697.94 	(obj:0)
u#29                                           697.94 	(obj:0)
v#0                                             136.8 	(obj:0)
v#1                                             136.8 	(obj:0)
v#2                                             136.8 	(obj:0)
v#3                                             136.8 	(obj:0)
v#4                                             136.8 	(obj:0)
v#5                                             136.8 	(obj:0)
v#6                                             136.8 	(obj:0)
v#7                                             136.8 	(obj:0)
v#8                                             136.8 	(obj:0)
v#9                                             136.8 	(obj:0)
w#0                                           560.453 	(obj:0)
w#1                                           560.453 	(obj:0)
w#2                                           818.337 	(obj:0)
w#3                                           818.337 	(obj:0)
w#4                                           818.337 	(obj:0)
w#5                                           818.337 	(obj:0)
w#6                                           818.337 	(obj:0)
w#7                                           818.337 	(obj:0)
w#8                                           818.337 	(obj:0)
w#9                                           818.337 	(obj:0)
w#10                                          681.537 	(obj:0)
w#11                                          681.537 	(obj:0)
w#12                                          681.537 	(obj:0)
w#13                                          681.537 	(obj:0)
w#14                                          681.537 	(obj:0)
w#15                                 684.048000000001 	(obj:0)
w#16                                          955.824 	(obj:0)
w#17                                           697.94 	(obj:0)
w#18                                           697.94 	(obj:0)
w#19                                           697.94 	(obj:0)
w#20                                           697.94 	(obj:0)
w#21                                           697.94 	(obj:0)
w#22                                           697.94 	(obj:0)
w#23                                           697.94 	(obj:0)
w#24                                           697.94 	(obj:0)
w#25                                           697.94 	(obj:0)
w#26                                           697.94 	(obj:0)
w#27                                           697.94 	(obj:0)
w#28                                           697.94 	(obj:0)
w#29                                           697.94 	(obj:0)

Statistics
==========

SCIP Status        : problem is solved [optimal solution found]
Total Time         :      27.00
  solving          :      26.82
  presolving       :       0.12 (included in solving)
  reading          :       0.18
  copying          :       0.03 (2 #copies) (minimal 0.01, maximal 0.02, average 0.02)
Original Problem   :
  Problem name     : 30-3000-0
  Variables        : 3150 (3000 binary, 0 integer, 0 implicit integer, 150 continuous)
  Constraints      : 4622 initial, 4622 maximal
  Objective        : minimize, 60 non-zeros (abs.min = 101, abs.max = 287)
Presolved Problem  :
  Problem name     : t_30-3000-0
  Variables        : 2487 (2375 binary, 0 integer, 0 implicit integer, 112 continuous)
  Constraints      : 4480 initial, 4512 maximal
  Objective        : minimize, 58 non-zeros (abs.min = 101, abs.max = 287)
  Nonzeros         : 11915 constraint, 6 clique table
Presolvers         :   ExecTime  SetupTime  Calls  FixedVars   AggrVars   ChgTypes  ChgBounds   AddHoles    DelCons    AddCons   ChgSides   ChgCoefs
  boundshift       :       0.00       0.00      0          0          0          0          0          0          0          0          0          0
  convertinttobin  :       0.00       0.00      0          0          0          0          0          0          0          0          0          0
  domcol           :       0.03       0.00      1          0          0          0          0          0          0          0          0          0
  dualagg          :       0.00       0.00      0          0          0          0          0          0          0          0          0          0
  dualcomp         :       0.01       0.00      1          0          0          0          0          0          0          0          0          0
  dualinfer        :       0.00       0.00      0          0          0          0          0          0          0          0          0          0
  dualsparsify     :       0.02       0.00      1          0          0          0          0          0          0          0          0          0
  gateextraction   :       0.00       0.00      0          0          0          0          0          0          0          0          0          0
  implics          :       0.00       0.00      3          0          0          0          0          0          0          0          0          0
  inttobinary      :       0.00       0.00      0          0          0          0          0          0          0          0          0          0
  milp             :       0.02       0.00      1          2         32          0         11          0          0          0          0          0
  qpkktref         :       0.00       0.00      0          0          0          0          0          0          0          0          0          0
  redvub           :       0.00       0.00      0          0          0          0          0          0          0          0          0          0
  sparsify         :       0.01       0.00      1          0          0          0          0          0          0          0          0          0
  stuffing         :       0.00       0.00      0          0          0          0          0          0          0          0          0          0
  trivial          :       0.00       0.00      5          0          0          0          0          0          0          0          0          0
  tworowbnd        :       0.00       0.00      0          0          0          0          0          0          0          0          0          0
  dualfix          :       0.00       0.00      5        625          0          0          0          0          0          0          0          0
  genvbounds       :       0.00       0.00      0          0          0          0          0          0          0          0          0          0
  probing          :       0.01       0.00      1          0          0          0          0          0          0          0          0          0
  pseudoobj        :       0.00       0.00      0          0          0          0          0          0          0          0          0          0
  symmetry         :       0.00       0.00      1          0          0          0          0          0          0          0          0          0
  vbounds          :       0.00       0.00      0          0          0          0          0          0          0          0          0          0
  chancecons       :       0.00       0.00      0          0          0          0          0          0          0          0          0          0
  varbound         :       0.00       0.00      2          0          0          0          0          0          0          0          0          0
  knapsack         :       0.00       0.00      0          0          0          0          0          0          0          0          0          0
  setppc           :       0.00       0.00      0          0          0          0          0          0          0          0          0          0
  linear           :       0.02       0.00      7          0          4          0         30          0        142          0          0          0
  logicor          :       0.00       0.00      0          0          0          0          0          0          0          0          0          0
  bounddisjunction :       0.00       0.00      0          0          0          0          0          0          0          0          0          0
  benders          :       0.00       0.00      0          0          0          0          0          0          0          0          0          0
  components       :       0.00       0.00      1          0          0          0          0          0          0          0          0          0
  root node        :          -          -      -         60          -          -        925          -          -          -          -          -
Constraints        :     Number  MaxNumber  #Separate #Propagate    #EnfoLP    #EnfoRelax  #EnfoPS    #Check   #ResProp    Cutoffs    DomReds       Cuts    Applied      Conss   Children
  benderslp        :          0          0          0          0         94          0          0         48          0          0          0          0          0          0          0
  chancecons       :          1          1         37          0          0          0          0          0          0          0          0        238        227          0          0
  integral         :          0          0          0          0         94          0          0         48          0          0        311          0          0         49         96
  varbound         :       4394       4394         30      17708          2          0          0         43       2727          2       1261          0          0          0          0
  knapsack         :          1          1         30      18604          2          0          0          9          0         23        457          0          0          0          0
  setppc           :          0+         2          0         35          0          0          0          0          0          0          0          0          0          0          0
  linear           :         84+        87         30      18823          2          0          0         10         73         26       4725          0          0          0          0
  logicor          :          0+         2          0         10          0          0          0          0          0          0          0          0          0          0          0
  bounddisjunction :          0+        28          0        751          0          0          0          0         19          1          2          0          0          0          0
  benders          :          0          0          0          0          2          0          0          8          0          0          0          0          0          0          0
  fixedvar         :          0          0          0          0          2          0          0          8          0          0          0          0          0          0          0
  countsols        :          0          0          0          0          2          0          0          8          0          0          0          0          0          0          0
  components       :          0          0          0          0          0          0          0          0          0          0          0          0          0          0          0
Constraint Timings :  TotalTime  SetupTime   Separate  Propagate     EnfoLP     EnfoPS     EnfoRelax   Check    ResProp    SB-Prop
  benderslp        :       0.00       0.00       0.00       0.00       0.00       0.00       0.00       0.00       0.00       0.00
  chancecons       :       0.01       0.00       0.01       0.00       0.00       0.00       0.00       0.00       0.00       0.00
  integral         :      20.65       0.00       0.00       0.00      20.65       0.00       0.00       0.00       0.00       0.00
  varbound         :       0.30       0.00       0.02       0.07       0.00       0.00       0.00       0.00       0.00       0.20
  knapsack         :       0.22       0.00       0.18       0.02       0.00       0.00       0.00       0.00       0.00       0.02
  setppc           :       0.00       0.00       0.00       0.00       0.00       0.00       0.00       0.00       0.00       0.00
  linear           :       0.12       0.00       0.01       0.02       0.00       0.00       0.00       0.00       0.00       0.09
  logicor          :       0.00       0.00       0.00       0.00       0.00       0.00       0.00       0.00       0.00       0.00
  bounddisjunction :       0.00       0.00       0.00       0.00       0.00       0.00       0.00       0.00       0.00       0.00
  benders          :       0.00       0.00       0.00       0.00       0.00       0.00       0.00       0.00       0.00       0.00
  fixedvar         :       0.00       0.00       0.00       0.00       0.00       0.00       0.00       0.00       0.00       0.00
  countsols        :       0.00       0.00       0.00       0.00       0.00       0.00       0.00       0.00       0.00       0.00
  components       :       0.00       0.00       0.00       0.00       0.00       0.00       0.00       0.00       0.00       0.00
Propagators        : #Propagate   #ResProp    Cutoffs    DomReds
  dualfix          :          8          0          0          0
  genvbounds       :          0          0          0          0
  nlobbt           :          0          0          0          0
  obbt             :          0          0          0          0
  probing          :          0          0          0          0
  pseudoobj        :        494          0          0        116
  redcost          :        246          0          0      11672
  rootredcost      :          7          0          0        276
  symmetry         :          0          0          0          0
  vbounds          :      11817          0          0          0
Propagator Timings :  TotalTime  SetupTime   Presolve  Propagate    ResProp    SB-Prop
  dualfix          :       0.00       0.00       0.00       0.00       0.00       0.00
  genvbounds       :       0.00       0.00       0.00       0.00       0.00       0.00
  nlobbt           :       0.00       0.00       0.00       0.00       0.00       0.00
  obbt             :       0.00       0.00       0.00       0.00       0.00       0.00
  probing          :       0.01       0.00       0.01       0.00       0.00       0.00
  pseudoobj        :       0.00       0.00       0.00       0.00       0.00       0.00
  redcost          :       0.04       0.00       0.00       0.04       0.00       0.00
  rootredcost      :       0.00       0.00       0.00       0.00       0.00       0.00
  symmetry         :       0.00       0.00       0.00       0.00       0.00       0.00
  vbounds          :       0.01       0.00       0.00       0.01       0.00       0.00
Symmetry           :
  orbitopal red.   :          0 reductions applied,          0 cutoffs
  orbital reduction:          0 reductions applied,          0 cutoffs
  lexicographic red:          0 reductions applied,          0 cutoffs
  shadow tree time :       0.00 s
Conflict Analysis  :       Time      Calls    Success    DomReds  Conflicts   Literals    Reconvs ReconvLits   Dualrays   Nonzeros   LP Iters   (pool size: [10000,10000])
  propagation      :       0.00         28         24          -         50       67.5          3        3.0          -          -          -
  infeasible LP    :       0.00          0          0          -          0        0.0          0        0.0          0        0.0          0
  bound exceed. LP :       0.09         88        122          -         24       13.1          0        0.0        100        2.6        330
  strong branching :       0.00          0          0          -          0        0.0          0        0.0          -          -          0
  pseudo solution  :       0.00          0          0          -          0        0.0          0        0.0          -          -          -
  applied globally :       0.00          -          -         97         52       40.4          -          -        100          -          -
  applied locally  :          -          -          -          0          0        0.0          -          -          0          -          -
Separators         :   ExecTime  SetupTime      Calls  RootCalls    Cutoffs    DomReds  FoundCuts ViaPoolAdd  DirectAdd    Applied ViaPoolApp  DirectApp      Conss
  cut pool         :       0.03          -         75         60          -          -      16520      32078          -          -          -          -          -    (maximal pool size:      16520)
  aggregation      :       0.90       0.00         37         30          0          0      14425      27107          0       1463       1463          0          0
  > cmir           :          -          -          -          -          -          -          -      27107          0       1463       1463          0          -
  > flowcover      :          -          -          -          -          -          -          -          0          0          0          0          0          -
  > knapsackcover  :          -          -          -          -          -          -          -          0          0          0          0          0          -
  cgmip            :       0.00       0.00          0          0          0          0          0          0          0          0          0          0          0
  clique           :       0.00       0.00          1          1          0          0          0          0          0          0          0          0          0
  closecuts        :       0.00       0.00          0          0          0          0          0          0          0          0          0          0          0
  convexproj       :       0.00       0.00          0          0          0          0          0          0          0          0          0          0          0
  disjunctive      :       0.00       0.00          0          0          0          0          0          0          0          0          0          0          0
  eccuts           :       0.00       0.00          0          0          0          0          0          0          0          0          0          0          0
  gauge            :       0.00       0.00          0          0          0          0          0          0          0          0          0          0          0
  gomory           :       0.16       0.00         17         10          0          0       2095       4971          0        160        160          0          0
  > gomorymi       :          -          -          -          -          -          -          -       4971          0        160        160          0          -
  > strongcg       :          -          -          -          -          -          -          -          0          0          0          0          0          -
  impliedbounds    :       0.00       0.00         37         30          0          0          0          0          0          0          0          0          0
  interminor       :       0.00       0.00          0          0          0          0          0          0          0          0          0          0          0
  intobj           :       0.00       0.00          0          0          0          0          0          0          0          0          0          0          0
  lagromory        :       0.00       0.00          0          0          0          0          0          0          0          0          0          0          0
  mcf              :       0.00       0.00          1          1          0          0          0          0          0          0          0          0          0
  minor            :       0.00       0.00         10         10          0          0          0          0          0          0          0          0          0
  mixing           :       0.00       0.00          0          0          0          0          0          0          0          0          0          0          0
  oddcycle         :       0.00       0.00          0          0          0          0          0          0          0          0          0          0          0
  rapidlearning    :       0.00       0.00          0          0          0          0          0          0          0          0          0          0          0
  rlt              :       0.00       0.00         10         10          0          0          0          0          0          0          0          0          0
  zerohalf         :       0.02       0.00         27         20          0          0          0          0          0          0          0          0          0
Cutselectors       :   ExecTime  SetupTime      Calls  RootCalls   Selected     Forced   Filtered  RootSelec   RootForc   RootFilt 
  hybrid           :       0.03       0.00         39         31       1850          0      30466       1757          0      29267
  ensemble         :       0.00       0.00          0          0          0          0          0          0          0          0
  dynamic          :       0.00       0.00          0          0          0          0          0          0          0          0
Pricers            :   ExecTime  SetupTime      Calls       Vars
  problem variables:       0.00          -          0          0
Branching Rules    :   ExecTime  SetupTime   BranchLP  BranchExt   BranchPS    Cutoffs    DomReds       Cuts      Conss   Children
  allfullstrong    :       0.00       0.00          0          0          0          0          0          0          0          0
  cloud            :       0.00       0.00          0          0          0          0          0          0          0          0
  distribution     :       0.00       0.00          0          0          0          0          0          0          0          0
  fullstrong       :       0.00       0.00          0          0          0          0          0          0          0          0
  gomory           :       0.00       0.00          0          0          0          0          0          0          0          0
  inference        :       0.00       0.00          0          0          0          0          0          0          0          0
  leastinf         :       0.00       0.00          0          0          0          0          0          0          0          0
  lookahead        :       0.00       0.00          0          0          0          0          0          0          0          0
  mostinf          :       0.00       0.00          0          0          0          0          0          0          0          0
  multaggr         :       0.00       0.00          0          0          0          0          0          0          0          0
  nodereopt        :       0.00       0.00          0          0          0          0          0          0          0          0
  pscost           :       0.00       0.00          0          0          0          0          0          0          0          0
  random           :       0.00       0.00          0          0          0          0          0          0          0          0
  relpscost        :      20.65       0.00         92          0          0          0        311          0         51         96
  vanillafullstrong:       0.00       0.00          0          0          0          0          0          0          0          0
Primal Heuristics  :   ExecTime  SetupTime      Calls      Found       Best
  LP solutions     :       0.00          -          -          2          2
  relax solutions  :       0.00          -          -          0          0
  pseudo solutions :       0.00          -          -          0          0
  strong branching :       0.01          -          -          4          4
  actconsdiving    :       0.00       0.00          0          0          0
  adaptivediving   :       0.00       0.00          0          0          0
  alns             :       0.04       0.00          1          0          0
  bound            :       0.00       0.00          0          0          0
  clique           :       0.00       0.00          0          0          0
  coefdiving       :       0.00       0.00          0          0          0
  completesol      :       0.00       0.00          0          0          0
  conflictdiving   :       0.01       0.00          1          0          0
  crossover        :       0.00       0.00          0          0          0
  dins             :       0.00       0.00          0          0          0
  distributiondivin:       0.00       0.00          0          0          0
  dps              :       0.00       0.00          0          0          0
  dualval          :       0.00       0.00          0          0          0
  farkasdiving     :       0.00       0.00          0          0          0
  feaspump         :       0.14       0.00          1          1          1
  fixandinfer      :       0.00       0.00          0          0          0
  fracdiving       :       0.00       0.00          0          0          0
  gins             :       0.00       0.00          0          0          0
  guideddiving     :       0.00       0.00          0          0          0
  indicator        :       0.00       0.00          0          0          0
  indicatordiving  :       0.00       0.00          0          0          0
  intdiving        :       0.00       0.00          0          0          0
  intshifting      :       0.07       0.00          1          0          0
  linesearchdiving :       0.00       0.00          0          0          0
  localbranching   :       0.00       0.00          0          0          0
  locks            :       0.03       0.00          1          1          1
  lpface           :       0.00       0.00          0          0          0
  mpec             :       0.00       0.00          0          0          0
  multistart       :       0.00       0.00          0          0          0
  mutation         :       0.00       0.00          0          0          0
  nlpdiving        :       0.00       0.00          0          0          0
  objpscostdiving  :       0.00       0.00          0          0          0
  octane           :       0.00       0.00          0          0          0
  ofins            :       0.00       0.00          0          0          0
  oneopt           :       0.01       0.00          8          0          0
  padm             :       0.00       0.00          0          0          0
  proximity        :       0.00       0.00          0          0          0
  pscostdiving     :       0.00       0.00          0          0          0
  randrounding     :       0.13       0.00         33          0          0
  rens             :       0.84       0.00          1          1          0
  reoptsols        :       0.00       0.00          0          0          0
  repair           :       0.00       0.00          0          0          0
  rins             :       0.00       0.00          0          0          0
  rootsoldiving    :       0.00       0.00          0          0          0
  rounding         :       0.04       0.00        116          0          0
  scheduler        :       0.00       0.00          0          0          0
  shiftandpropagate:       0.00       0.00          0          0          0
  shifting         :       0.49       0.00         44          0          0
  simplerounding   :       0.00       0.00          0          0          0
  subnlp           :       0.00       0.00          0          0          0
  trivial          :       0.00       0.00          2          0          0
  trivialnegation  :       0.00       0.00          0          0          0
  trustregion      :       0.00       0.00          0          0          0
  trysol           :       0.00       0.00          0          0          0
  twoopt           :       0.00       0.00          0          0          0
  undercover       :       0.00       0.00          0          0          0
  vbounds          :       0.02       0.00          1          0          0
  veclendiving     :       0.00       0.00          0          0          0
  zeroobj          :       0.00       0.00          0          0          0
  zirounding       :       0.01       0.00         47          0          0
  other solutions  :          -          -          -          0          -
LNS (Scheduler)    :      Calls  SetupTime  SolveTime SolveNodes       Sols       Best       Exp3    Exp3-IX  EpsGreedy        UCB TgtFixRate  Opt  Inf Node Stal  Sol  Usr Othr Actv
  rens             :          0       0.00       0.00          0          0          0    0.00000    0.12500   -1.00000    1.00000      0.900    0    0    0    0    0    0    0    1
  rins             :          0       0.00       0.00          0          0          0    0.00000    0.12500   -1.00000    1.00000      0.900    0    0    0    0    0    0    0    1
  mutation         :          0       0.00       0.00          0          0          0    0.00000    0.12500   -1.00000    1.00000      0.900    0    0    0    0    0    0    0    1
  localbranching   :          0       0.00       0.00          0          0          0    0.00000    0.12500   -1.00000    1.00000      0.900    0    0    0    0    0    0    0    1
  crossover        :          0       0.00       0.00          0          0          0    0.00000    0.12500   -1.00000    1.00000      0.900    0    0    0    0    0    0    0    1
  proximity        :          0       0.00       0.00          0          0          0    0.00000    0.12500   -1.00000    1.00000      0.900    0    0    0    0    0    0    0    1
  zeroobjective    :          0       0.00       0.00          0          0          0    0.00000    0.12500   -1.00000    1.00000      0.900    0    0    0    0    0    0    0    1
  dins             :          0       0.00       0.00          0          0          0    0.00000    0.12500   -1.00000    1.00000      0.900    0    0    0    0    0    0    0    1
  trustregion      :          0       0.00       0.00          0          0          0    0.00000    0.00000   -1.00000    1.00000      0.900    0    0    0    0    0    0    0    0
LP                 :       Time      Calls Iterations  Iter/call   Iter/sec  Time-0-It Calls-0-It    ItLimit
  primal LP        :       0.01          8          0       0.00          -       0.01          8
  dual LP          :       2.57        163      13403      89.95    5211.00       0.01         14
  lex dual LP      :       0.00          0          0       0.00          -
  barrier LP       :       0.00          0          0       0.00          -       0.00          0
  resolve instable :       0.00          0          0       0.00          -
  diving/probing LP:       0.37         30       1825      60.83    4893.15
  strong branching :      18.90        856      90503     105.73    4789.47          -          -         18
    (at root node) :          -         54      20931     387.61          -
  conflict analysis:       0.05         35        330       9.43    6688.42
B&B Tree           :
  number of runs   :          1
  nodes            :         68 (48 internal, 20 leaves)
  feasible leaves  :          2
  infeas. leaves   :          4
  objective leaves :         14
  nodes (total)    :         68 (48 internal, 20 leaves)
  nodes left       :          0
  max depth        :         14
  max depth (total):         14
  backtracks       :          6 (8.8%)
  early backtracks :          0 (0.0%)
  nodes exc. ref.  :          0 (0.0%)
  delayed cutoffs  :          0
  repropagations   :         19 (288 domain reductions, 0 cutoffs)
  avg switch length:       3.62
  switching time   :       0.03
Root Node          :
  First LP value   : +2.17711512109546e+05
  First LP Iters   :        852 (10922.24 Iter/sec)
  First LP Time    :       0.08
  Final Dual Bound : +2.18848937396962e+05
  Final Root Iters :       8638
  Root LP Estimate : +2.18981434979967e+05
Solution           :
  Solutions found  :          9 (8 improvements)
  First Solution   : +2.21075473000000e+05   (in run 1, after 1 nodes, 0.16 seconds, depth 151, found by <locks>)
  Gap First Sol.   :   infinite
  Gap Last Sol.    :       0.01 %
  Primal Bound     : +2.18867473000000e+05   (in run 1, after 65 nodes, 26.12 seconds, depth 6, found by <relaxation>)
  Dual Bound       : +2.18867473000000e+05
  Gap              :       0.00 %
Integrals          :      Total       Avg%
  primal-dual      :      31.62       1.18
  primal-ref       :          -          - (not evaluated)
  dual-ref         :          -          - (not evaluated)

 Branching Statistics...

 Total number of propagations -> 0

 Number of cutoffs of KnaCons -> 0

 Total number of variables fixed to 1 by the propagator -> 0

 Total number of variables fixed to 0 by the propagator -> 0

 Maximum number of rounds of the approximation algorithm -> 0

 Runtime of the exact algorithm -> 0.0000 s

 Total number of variables fixed to 1 in the exact algorithm -> 0

 Total number of variables fixed to 0 in the exact algorithm -> 0

 Number of cutoffs in the exact algorithm -> 0

 Number of cutoffs in the approximation algorithm -> 0

 PS:  
