***************************************
*         SCIP-based CCP Solver       *
*                                     *
*    Wei Lv and Wei-Kun Chen (2024)   *
***************************************
/beegfs/home/30150120/SCIP-CCP/build/ccp -f data/CCRPData/20-30-3000-1.ccrp -s settings/CCRPSetting/BASE+DB2.set 
SCIP version 9.1.0 [precision: 8 byte] [memory: block] [mode: optimized] [LP solver: Soplex 7.1.0] [GitHash: 8cab0278ba]
Copyright (c) 2002-2024 Zuse Institute Berlin (ZIB)

External libraries: 
  Soplex 7.1.0         Linear Programming Solver developed at Zuse Institute Berlin (soplex.zib.de) [GitHash: 595bfac9]
  CppAD 20180000.0     Algorithmic Differentiation of C++ algorithms developed by B. Bell (github.com/coin-or/CppAD)
  ZLIB 1.2.7           General purpose compression library by J. Gailly and M. Adler (zlib.net)
  GMP 6.2.1            GNU Multiple Precision Arithmetic Library developed by T. Granlund (gmplib.org)
  AMPL/MP 690e9e7      AMPL .nl file reader library (github.com/ampl/mp)
  PaPILO 2.3.0         parallel presolve for integer and linear optimization (github.com/scipopt/papilo) (built with TBB) [GitHash: 4b8ce6ed]
  Nauty 2.8.8          Computing Graph Automorphism Groups by Brendan D. McKay (users.cecs.anu.edu.au/~bdm/nauty)
  sassy 1.1            Symmetry preprocessor by Markus Anders (github.com/markusa4/sassy)

reading user parameter file <settings/CCRPSetting/BASE+DB2.set>

read problem <data/CCRPData/20-30-3000-1.ccrp>
============

File name: 	data/CCRPData/20-30-3000-1.ccrp
Problem name:	CCRPData/20-30-3000-1
NumResource: 	20
Dimension: 	30
NumScenario: 	3000
ConfidenceParameter: 	0.20
IsEqualProbability: 	1
BASE+DI: 	0
BASE+sDI: 	0
BASE+DB: 	1
BASE+DB+OPF: 	0
Dominance and Aggregation Statistics......
NumEdge:        2342704
NumBiEdge: 	248865
NumDomIneqs: 	2093839
DominanceRatio: 0.4655
NumAggScenario: 2295 
BasicNumScenario: 2294 
Propagator Statistics......
NumBasicDomIneqs: 225410
NumNonReDomIneqs: 58815
Duration: 1.1300 s 

original problem has 2945 variables (2295 bin, 0 int, 0 impl, 650 cont) and 18052 constraints

solve problem
=============

presolving:
(round 1, fast)       282 del vars, 0 del conss, 0 add conss, 30 chg bounds, 0 chg sides, 0 chg coeffs, 0 upgd conss, 0 impls, 39264 clqs
   (0.1s) running MILP presolver
   (0.2s) MILP presolver (3 rounds): 49 aggregations, 288 fixings, 0 bound changes
(round 2, medium)     619 del vars, 0 del conss, 0 add conss, 30 chg bounds, 0 chg sides, 0 chg coeffs, 0 upgd conss, 0 impls, 39264 clqs
(round 3, fast)       619 del vars, 49 del conss, 0 add conss, 30 chg bounds, 0 chg sides, 0 chg coeffs, 0 upgd conss, 0 impls, 39264 clqs
(round 4, fast)       619 del vars, 49 del conss, 0 add conss, 59 chg bounds, 0 chg sides, 0 chg coeffs, 0 upgd conss, 0 impls, 39264 clqs
(round 5, exhaustive) 619 del vars, 49 del conss, 0 add conss, 59 chg bounds, 0 chg sides, 0 chg coeffs, 18000 upgd conss, 0 impls, 39264 clqs
   (1.5s) probing: 1000/2294 (43.6%) - 0 fixings, 0 aggregations, 104545 implications, 0 bound changes
   (1.5s) probing: 1001/2294 (43.6%) - 0 fixings, 0 aggregations, 104693 implications, 0 bound changes
   (1.5s) probing aborted: 1000/1000 successive useless probings
   (1.5s) symmetry computation started: requiring (bin +, int +, cont +), (fixed: bin -, int -, cont -)
   Symmetry detection interrupted: constraints of type chancecons do not provide symmetry information.
   If symmetries shall be detected, implement the CONSGETPERMSYMGRAPH callback.
   (1.5s) could not compute symmetry
presolving (6 rounds: 6 fast, 3 medium, 2 exhaustive):
 619 deleted vars, 49 deleted constraints, 0 added constraints, 59 tightened bounds, 0 added holes, 0 changed sides, 0 changed coefficients
 18000 implications, 39264 cliques
presolved problem has 2326 variables (2294 bin, 0 int, 0 impl, 32 cont) and 18003 constraints
      1 constraints of type <chancecons>
  18000 constraints of type <varbound>
      1 constraints of type <knapsack>
      1 constraints of type <linear>
Presolving Time: 1.47

 time | node  | left  |LP iter|LP it/n|mem/heur|mdpt |vars |cons |rows |cuts |sepa|confs|strbr|  dualbound   | primalbound  |  gap   | compl. 
p 1.6s|     1 |     0 |     1 |     - |   locks|   0 |2326 |  18k|  18k|   0 |  0 |   0 |   0 | 1.706384e+03 | 2.112616e+03 |  23.81%| unknown
  2.8s|     1 |     0 |  3585 |     - |   245M |   0 |2326 |  18k|  18k|   0 |  0 |   3 |   0 | 1.895407e+03 | 2.112616e+03 |  11.46%| unknown
r 2.9s|     1 |     0 |  3585 |     - |shifting|   0 |2326 |  18k|  18k|   0 |  0 |   3 |   0 | 1.895407e+03 | 2.111244e+03 |  11.39%| unknown
  3.3s|     1 |     0 |  4212 |     - |   247M |   0 |2326 |  18k|  18k|  31 |  1 |   3 |   0 | 1.910750e+03 | 2.111244e+03 |  10.49%| unknown
  3.7s|     1 |     0 |  4908 |     - |   251M |   0 |2326 |  18k|  18k| 104 |  2 |   3 |   0 | 1.922847e+03 | 2.111244e+03 |   9.80%| unknown
  4.2s|     1 |     0 |  5730 |     - |   253M |   0 |2326 |  18k|  18k| 207 |  3 |   3 |   0 | 1.934640e+03 | 2.111244e+03 |   9.13%| unknown
  4.8s|     1 |     0 |  6540 |     - |   256M |   0 |2326 |  18k|  18k| 312 |  4 |   3 |   0 | 1.943668e+03 | 2.111244e+03 |   8.62%| unknown
  5.4s|     1 |     0 |  7476 |     - |   260M |   0 |2326 |  18k|  18k| 426 |  5 |   3 |   0 | 1.951460e+03 | 2.111244e+03 |   8.19%| unknown
  5.9s|     1 |     0 |  8208 |     - |   263M |   0 |2326 |  18k|  18k| 537 |  6 |   3 |   0 | 1.956589e+03 | 2.111244e+03 |   7.90%| unknown
  6.5s|     1 |     0 |  9006 |     - |   266M |   0 |2326 |  18k|  18k| 645 |  7 |   3 |   0 | 1.960952e+03 | 2.111244e+03 |   7.66%| unknown
  7.1s|     1 |     0 |  9873 |     - |   269M |   0 |2326 |  18k|  18k| 755 |  8 |   3 |   0 | 1.964714e+03 | 2.111244e+03 |   7.46%| unknown
  7.8s|     1 |     0 | 10904 |     - |   271M |   0 |2326 |  18k|  18k| 858 |  9 |   3 |   0 | 1.968121e+03 | 2.111244e+03 |   7.27%| unknown
  8.5s|     1 |     0 | 11954 |     - |   274M |   0 |2326 |  18k|  18k| 964 | 10 |   3 |   0 | 1.971124e+03 | 2.111244e+03 |   7.11%| unknown
  9.1s|     1 |     0 | 12980 |     - |   276M |   0 |2326 |  18k|  19k|1049 | 11 |   3 |   0 | 1.973242e+03 | 2.111244e+03 |   6.99%| unknown
  9.8s|     1 |     0 | 14074 |     - |   278M |   0 |2326 |  18k|  19k|1145 | 12 |   3 |   0 | 1.975295e+03 | 2.111244e+03 |   6.88%| unknown
 time | node  | left  |LP iter|LP it/n|mem/heur|mdpt |vars |cons |rows |cuts |sepa|confs|strbr|  dualbound   | primalbound  |  gap   | compl. 
 10.4s|     1 |     0 | 14999 |     - |   281M |   0 |2326 |  18k|  19k|1222 | 13 |   3 |   0 | 1.976684e+03 | 2.111244e+03 |   6.81%| unknown
 11.2s|     1 |     0 | 16168 |     - |   284M |   0 |2326 |  18k|  19k|1305 | 14 |   3 |   0 | 1.978857e+03 | 2.111244e+03 |   6.69%| unknown
 12.0s|     1 |     0 | 17476 |     - |   286M |   0 |2326 |  18k|  19k|1396 | 15 |   3 |   0 | 1.980874e+03 | 2.111244e+03 |   6.58%| unknown
 12.8s|     1 |     0 | 18701 |     - |   289M |   0 |2326 |  18k|  19k|1488 | 16 |   3 |   0 | 1.981905e+03 | 2.111244e+03 |   6.53%| unknown
 13.5s|     1 |     0 | 19880 |     - |   291M |   0 |2326 |  18k|  19k|1555 | 17 |   3 |   0 | 1.982845e+03 | 2.111244e+03 |   6.48%| unknown
 14.4s|     1 |     0 | 21233 |     - |   294M |   0 |2326 |  18k|  19k|1624 | 18 |   3 |   0 | 1.983715e+03 | 2.111244e+03 |   6.43%| unknown
 15.4s|     1 |     0 | 22962 |     - |   297M |   0 |2326 |  18k|  19k|1687 | 19 |   3 |   0 | 1.984773e+03 | 2.111244e+03 |   6.37%| unknown
 16.5s|     1 |     0 | 24692 |     - |   299M |   0 |2326 |  18k|  19k|1756 | 20 |   3 |   0 | 1.985612e+03 | 2.111244e+03 |   6.33%| unknown
 17.5s|     1 |     0 | 26301 |     - |   299M |   0 |2326 |  18k|  19k|1814 | 21 |   3 |   0 | 1.986257e+03 | 2.111244e+03 |   6.29%| unknown
 18.5s|     1 |     0 | 27690 |     - |   299M |   0 |2326 |  18k|  19k|1872 | 22 |   3 |   0 | 1.986680e+03 | 2.111244e+03 |   6.27%| unknown
 19.7s|     1 |     0 | 29648 |     - |   300M |   0 |2326 |  18k|  19k|1929 | 23 |   3 |   0 | 1.987356e+03 | 2.111244e+03 |   6.23%| unknown
 20.8s|     1 |     0 | 31245 |     - |   300M |   0 |2326 |  18k|  19k|1986 | 24 |   3 |   0 | 1.987900e+03 | 2.111244e+03 |   6.20%| unknown
 21.8s|     1 |     0 | 32726 |     - |   301M |   0 |2326 |  18k|  19k|2045 | 25 |   3 |   0 | 1.988370e+03 | 2.111244e+03 |   6.18%| unknown
 23.2s|     1 |     0 | 34876 |     - |   302M |   0 |2326 |  18k|  19k|2097 | 26 |   3 |   0 | 1.989024e+03 | 2.111244e+03 |   6.14%| unknown
 24.4s|     1 |     0 | 36626 |     - |   302M |   0 |2326 |  18k|  19k|2157 | 27 |   3 |   0 | 1.989467e+03 | 2.111244e+03 |   6.12%| unknown
 time | node  | left  |LP iter|LP it/n|mem/heur|mdpt |vars |cons |rows |cuts |sepa|confs|strbr|  dualbound   | primalbound  |  gap   | compl. 
 25.7s|     1 |     0 | 38448 |     - |   302M |   0 |2326 |  18k|  19k|2213 | 28 |   3 |   0 | 1.990142e+03 | 2.111244e+03 |   6.09%| unknown
 26.9s|     1 |     0 | 40098 |     - |   302M |   0 |2326 |  18k|  19k|2265 | 29 |   3 |   0 | 1.990669e+03 | 2.111244e+03 |   6.06%| unknown
 28.3s|     1 |     0 | 42098 |     - |   303M |   0 |2326 |  18k|  19k|2321 | 30 |   3 |   0 | 1.991128e+03 | 2.111244e+03 |   6.03%| unknown
 29.7s|     1 |     0 | 44071 |     - |   304M |   0 |2326 |  18k|  19k|2391 | 31 |   3 |   0 | 1.991589e+03 | 2.111244e+03 |   6.01%| unknown
 31.5s|     1 |     0 | 46721 |     - |   305M |   0 |2326 |  18k|  19k|2459 | 32 |   3 |   0 | 1.992174e+03 | 2.111244e+03 |   5.98%| unknown
 33.0s|     1 |     0 | 48680 |     - |   306M |   0 |2326 |  18k|  19k|2521 | 33 |   3 |   0 | 1.992531e+03 | 2.111244e+03 |   5.96%| unknown
 34.5s|     1 |     0 | 50596 |     - |   306M |   0 |2326 |  18k|  19k|2573 | 34 |   3 |   0 | 1.992809e+03 | 2.111244e+03 |   5.94%| unknown
 36.0s|     1 |     0 | 52576 |     - |   306M |   0 |2326 |  18k|  19k|2623 | 35 |   3 |   0 | 1.993026e+03 | 2.111244e+03 |   5.93%| unknown
 37.9s|     1 |     0 | 55212 |     - |   307M |   0 |2326 |  18k|  19k|2688 | 36 |   3 |   0 | 1.993579e+03 | 2.111244e+03 |   5.90%| unknown
 39.6s|     1 |     0 | 57260 |     - |   308M |   0 |2326 |  18k|  19k|2737 | 37 |   3 |   0 | 1.993802e+03 | 2.111244e+03 |   5.89%| unknown
 41.3s|     1 |     0 | 59375 |     - |   308M |   0 |2326 |  18k|  20k|2795 | 38 |   3 |   0 | 1.994097e+03 | 2.111244e+03 |   5.87%| unknown
 43.7s|     1 |     0 | 62190 |     - |   308M |   0 |2326 |  18k|  19k|2859 | 39 |   3 |   0 | 1.994536e+03 | 2.111244e+03 |   5.85%| unknown
 45.8s|     1 |     0 | 64763 |     - |   309M |   0 |2326 |  18k|  19k|2933 | 40 |   3 |   0 | 1.994885e+03 | 2.111244e+03 |   5.83%| unknown
 47.9s|     1 |     0 | 67310 |     - |   309M |   0 |2326 |  18k|  19k|2988 | 41 |   3 |   0 | 1.995109e+03 | 2.111244e+03 |   5.82%| unknown
 50.0s|     1 |     0 | 69775 |     - |   309M |   0 |2326 |  18k|  20k|3048 | 42 |   3 |   0 | 1.995418e+03 | 2.111244e+03 |   5.80%| unknown
 time | node  | left  |LP iter|LP it/n|mem/heur|mdpt |vars |cons |rows |cuts |sepa|confs|strbr|  dualbound   | primalbound  |  gap   | compl. 
 52.2s|     1 |     0 | 72277 |     - |   310M |   0 |2326 |  18k|  20k|3124 | 43 |   3 |   0 | 1.995728e+03 | 2.111244e+03 |   5.79%| unknown
 54.2s|     1 |     0 | 74488 |     - |   311M |   0 |2326 |  18k|  20k|3193 | 44 |   3 |   0 | 1.996071e+03 | 2.111244e+03 |   5.77%| unknown
 56.4s|     1 |     0 | 76907 |     - |   311M |   0 |2326 |  18k|  19k|3248 | 45 |   3 |   0 | 1.996295e+03 | 2.111244e+03 |   5.76%| unknown
 58.6s|     1 |     0 | 79361 |     - |   312M |   0 |2326 |  18k|  20k|3324 | 46 |   3 |   0 | 1.996486e+03 | 2.111244e+03 |   5.75%| unknown
 61.6s|     1 |     0 | 82463 |     - |   312M |   0 |2326 |  18k|  20k|3388 | 47 |   3 |   0 | 1.996711e+03 | 2.111244e+03 |   5.74%| unknown
 64.0s|     1 |     0 | 84818 |     - |   314M |   0 |2326 |  18k|  20k|3456 | 48 |   3 |   0 | 1.996870e+03 | 2.111244e+03 |   5.73%| unknown
 66.9s|     1 |     0 | 87793 |     - |   314M |   0 |2326 |  18k|  20k|3515 | 49 |   3 |   0 | 1.997143e+03 | 2.111244e+03 |   5.71%| unknown
 70.3s|     1 |     0 | 91152 |     - |   315M |   0 |2326 |  18k|  20k|3580 | 50 |   3 |   0 | 1.997370e+03 | 2.111244e+03 |   5.70%| unknown
 72.7s|     1 |     0 | 93436 |     - |   315M |   0 |2326 |  18k|  20k|3639 | 51 |   3 |   0 | 1.997535e+03 | 2.111244e+03 |   5.69%| unknown
 76.3s|     1 |     0 | 96697 |     - |   315M |   0 |2326 |  18k|  20k|3716 | 52 |   3 |   0 | 1.997779e+03 | 2.111244e+03 |   5.68%| unknown
 80.1s|     1 |     0 | 99963 |     - |   316M |   0 |2326 |  18k|  20k|3798 | 53 |   3 |   0 | 1.997970e+03 | 2.111244e+03 |   5.67%| unknown
 83.6s|     1 |     0 |102901 |     - |   317M |   0 |2326 |  18k|  20k|3878 | 54 |   3 |   0 | 1.998132e+03 | 2.111244e+03 |   5.66%| unknown
 87.2s|     1 |     0 |106102 |     - |   318M |   0 |2326 |  18k|  20k|3953 | 55 |   3 |   0 | 1.998361e+03 | 2.111244e+03 |   5.65%| unknown
 90.9s|     1 |     0 |109652 |     - |   318M |   0 |2326 |  18k|  20k|4033 | 56 |   3 |   0 | 1.998485e+03 | 2.111244e+03 |   5.64%| unknown
 93.9s|     1 |     0 |112322 |     - |   318M |   0 |2326 |  18k|  20k|4093 | 57 |   3 |   0 | 1.998571e+03 | 2.111244e+03 |   5.64%| unknown
 time | node  | left  |LP iter|LP it/n|mem/heur|mdpt |vars |cons |rows |cuts |sepa|confs|strbr|  dualbound   | primalbound  |  gap   | compl. 
 97.0s|     1 |     0 |115126 |     - |   318M |   0 |2326 |  18k|  20k|4152 | 58 |   3 |   0 | 1.998699e+03 | 2.111244e+03 |   5.63%| unknown
  100s|     1 |     0 |117763 |     - |   320M |   0 |2326 |  18k|  20k|4225 | 59 |   3 |   0 | 1.998805e+03 | 2.111244e+03 |   5.63%| unknown
  104s|     1 |     0 |120572 |     - |   321M |   0 |2326 |  18k|  20k|4301 | 60 |   3 |   0 | 1.998910e+03 | 2.111244e+03 |   5.62%| unknown
  108s|     1 |     0 |123707 |     - |   321M |   0 |2326 |  18k|  20k|4361 | 61 |   3 |   0 | 1.999020e+03 | 2.111244e+03 |   5.61%| unknown
  110s|     1 |     0 |126005 |     - |   321M |   0 |2326 |  18k|  20k|4420 | 62 |   3 |   0 | 1.999097e+03 | 2.111244e+03 |   5.61%| unknown
  114s|     1 |     0 |129411 |     - |   321M |   0 |2326 |  18k|  20k|4467 | 63 |   3 |   0 | 1.999199e+03 | 2.111244e+03 |   5.60%| unknown
  118s|     1 |     0 |132462 |     - |   321M |   0 |2326 |  18k|  20k|4518 | 64 |   3 |   0 | 1.999294e+03 | 2.111244e+03 |   5.60%| unknown
  122s|     1 |     0 |136060 |     - |   322M |   0 |2326 |  18k|  20k|4574 | 65 |   3 |   0 | 1.999393e+03 | 2.111244e+03 |   5.59%| unknown
r 123s|     1 |     0 |137348 |     - |intshift|   0 |2326 |  18k|  20k|4574 | 65 |   3 |   0 | 1.999393e+03 | 2.065390e+03 |   3.30%| unknown
o 133s|     1 |     0 |153251 |     - |feaspump|   0 |2326 |  18k|  20k|4574 | 65 |   3 |   0 | 1.999393e+03 | 2.014409e+03 |   0.75%| unknown
L 145s|     1 |     0 |162970 |     - |    alns|   0 |2326 |  18k|  20k|4574 | 65 |   4 |   0 | 1.999393e+03 | 2.012975e+03 |   0.68%| unknown
  145s|     1 |     0 |162970 |     - |   324M |   0 |2326 |  18k|  20k|4574 | 65 |   4 |   0 | 1.999393e+03 | 2.012975e+03 |   0.68%| unknown
  145s|     1 |     0 |162970 |     - |   324M |   0 |2326 |  18k|  20k|4574 | 65 |   4 |   0 | 1.999393e+03 | 2.012975e+03 |   0.68%| unknown
  149s|     1 |     0 |166509 |     - |   324M |   0 |2326 |  18k|  20k|4638 | 66 |   4 |   0 | 1.999500e+03 | 2.012975e+03 |   0.67%| unknown
  151s|     1 |     0 |168028 |     - |   324M |   0 |2326 |  18k|  20k|4694 | 67 |   4 |   0 | 1.999522e+03 | 2.012975e+03 |   0.67%| unknown
 time | node  | left  |LP iter|LP it/n|mem/heur|mdpt |vars |cons |rows |cuts |sepa|confs|strbr|  dualbound   | primalbound  |  gap   | compl. 
  204s|     1 |     2 |168028 |     - |   324M |   0 |2326 |  17k|  20k|4694 | 67 |   4 |  38 | 1.999563e+03 | 2.012975e+03 |   0.67%| unknown
d 445s|    10 |    11 |183962 |4760.7 |pscostdi|   8 |2326 |  17k|  19k|   0 |  1 |   4 | 246 | 1.999563e+03 | 2.011035e+03 |   0.57%| unknown
d 641s|    42 |    43 |385770 |5967.2 |guideddi|  18 |2326 |  18k|  19k|   0 |  1 |  66 | 290 | 1.999582e+03 | 2.009961e+03 |   0.52%| unknown
d 873s|    68 |    69 |647335 |7555.5 |guideddi|  23 |2326 |  18k|  19k|   0 |  1 |  87 | 351 | 1.999590e+03 | 2.009654e+03 |   0.50%| unknown
 1185s|   100 |    93 |966250 |8334.7 |   335M |  25 |2326 |  18k|  19k|5979 |  1 | 143 | 466 | 1.999594e+03 | 2.009654e+03 |   0.50%| unknown
L1513s|   124 |    83 |  1282k|9281.3 |    alns|  25 |2326 |  18k|  19k|6449 |  4 | 236 | 561 | 1.999601e+03 | 2.002748e+03 |   0.16%|   1.10%
 1992s|   200 |   111 |  1675k|7708.5 |   342M |  39 |2326 |  18k|  19k|7296 |  1 | 245 | 758 | 1.999613e+03 | 2.002748e+03 |   0.16%|   2.42%
 2294s|   300 |   131 |  1986k|6172.6 |   352M |  60 |2326 |  18k|   0 |8117 |  0 | 253 | 927 | 1.999613e+03 | 2.002748e+03 |   0.16%|   2.42%
L2380s|   324 |   135 |  2052k|5917.7 |crossove|  60 |2326 |  18k|  19k|8252 |  2 | 258 | 976 | 1.999614e+03 | 2.002661e+03 |   0.15%|   2.58%
*2612s|   374 |   137 |  2259k|5680.0 |    LP  |  60 |2326 |  18k|  19k|9515 | 20 | 269 |1082 | 1.999627e+03 | 2.002658e+03 |   0.15%|   3.68%
 2737s|   400 |   141 |  2347k|5530.1 |   356M |  60 |2326 |  18k|   0 |9711 |  0 | 272 |1146 | 1.999634e+03 | 2.002658e+03 |   0.15%|   3.85%
*3141s|   496 |   159 |  2747k|5264.9 |strongbr|  61 |2326 |  18k|  19k|  10k|  2 | 302 |1371 | 1.999634e+03 | 2.002657e+03 |   0.15%|   4.40%
 3143s|   500 |   161 |  2749k|5227.9 |   359M |  63 |2326 |  18k|  19k|  10k|  3 | 304 |1378 | 1.999634e+03 | 2.002657e+03 |   0.15%|   4.40%
*3143s|   501 |   160 |  2749k|5217.6 |    LP  |  64 |2326 |  18k|  19k|  10k|  1 | 304 |1378 | 1.999634e+03 | 2.002646e+03 |   0.15%|   4.40%
*3290s|   537 |   156 |  2907k|5160.5 |    LP  |  64 |2326 |  18k|  20k|  11k|  9 | 352 |1551 | 1.999634e+03 | 2.002625e+03 |   0.15%|   4.58%
 time | node  | left  |LP iter|LP it/n|mem/heur|mdpt |vars |cons |rows |cuts |sepa|confs|strbr|  dualbound   | primalbound  |  gap   | compl. 
*3431s|   556 |   159 |  3007k|5164.6 |    LP  |  64 |2326 |  18k|  20k|  11k| 14 | 355 |1608 | 1.999634e+03 | 2.002616e+03 |   0.15%|   4.66%
 3575s|   600 |   151 |  3151k|5026.3 |   370M |  64 |2326 |  18k|  19k|  12k|  0 | 372 |1713 | 1.999634e+03 | 2.002616e+03 |   0.15%|   5.99%
*3841s|   633 |   154 |  3394k|5148.2 |    LP  |  64 |2326 |  18k|  19k|  13k|  2 | 375 |1832 | 1.999639e+03 | 2.002614e+03 |   0.15%|   6.74%
*3928s|   648 |   150 |  3518k|5220.3 |    LP  |  64 |2326 |  18k|  20k|  13k| 16 | 380 |1857 | 1.999639e+03 | 2.002510e+03 |   0.14%|   6.89%
*3937s|   651 |   149 |  3531k|5215.2 |    LP  |  64 |2326 |  18k|  19k|  13k|  1 | 380 |1861 | 1.999639e+03 | 2.002443e+03 |   0.14%|   6.91%
 4095s|   700 |   150 |  3690k|5078.0 |   379M |  64 |2326 |  18k|  19k|  13k|  0 | 400 |2006 | 1.999646e+03 | 2.002443e+03 |   0.14%|   7.84%
 4572s|   800 |   148 |  4083k|4934.5 |   405M |  64 |2326 |  18k|  19k|  15k|  9 | 442 |2367 | 1.999661e+03 | 2.002443e+03 |   0.14%|   9.61%
 5193s|   900 |   156 |  4457k|4801.8 |   436M |  64 |2326 |  18k|  19k|  16k|  0 | 494 |2750 | 1.999698e+03 | 2.002443e+03 |   0.14%|  10.63%
 5863s|  1000 |   172 |  4919k|4783.0 |   462M |  64 |2326 |  18k|  19k|  17k|  3 | 517 |3100 | 1.999721e+03 | 2.002443e+03 |   0.14%|  11.87%
 6188s|  1100 |   186 |  5173k|4579.1 |   469M |  64 |2326 |  18k|  19k|  18k|  4 | 549 |3287 | 1.999740e+03 | 2.002443e+03 |   0.14%|  12.16%
 6648s|  1200 |   198 |  5495k|4465.5 |   479M |  64 |2326 |  18k|  19k|  19k|  0 | 568 |3527 | 1.999763e+03 | 2.002443e+03 |   0.13%|  12.65%
 7159s|  1300 |   214 |  5928k|4454.9 |   493M |  64 |2326 |  18k|  19k|  20k|  2 | 578 |3709 | 1.999784e+03 | 2.002443e+03 |   0.13%|  12.89%
*7349s|  1373 |   217 |  6167k|4392.4 |    LP  |  64 |2326 |  18k|  19k|  20k|  2 | 598 |3772 | 1.999791e+03 | 2.002440e+03 |   0.13%|  13.22%
 7488s|  1400 |   222 |  6259k|4373.1 |   509M |  64 |2326 |  18k|  19k|  21k|  0 | 606 |3819 | 1.999814e+03 | 2.002440e+03 |   0.13%|  13.41%
*7625s|  1413 |   220 |  6389k|4425.0 |    LP  |  64 |2326 |  18k|  20k|  21k| 12 | 611 |3838 | 1.999821e+03 | 2.002413e+03 |   0.13%|  15.24%
 time | node  | left  |LP iter|LP it/n|mem/heur|mdpt |vars |cons |rows |cuts |sepa|confs|strbr|  dualbound   | primalbound  |  gap   | compl. 
 8100s|  1500 |   223 |  6887k|4500.5 |   546M |  64 |2326 |  18k|  19k|  22k|  1 | 631 |3950 | 1.999829e+03 | 2.002413e+03 |   0.13%|  17.53%
 8760s|  1600 |   239 |  7538k|4626.0 |   578M |  64 |2326 |  18k|  19k|  24k|  1 | 646 |4196 | 1.999844e+03 | 2.002413e+03 |   0.13%|  18.35%
 9229s|  1700 |   247 |  7965k|4605.3 |   589M |  64 |2326 |  18k|  19k|  25k|  1 | 651 |4349 | 1.999884e+03 | 2.002413e+03 |   0.13%|  18.44%
 9960s|  1800 |   263 |  8509k|4651.9 |   605M |  64 |2326 |  18k|  19k|  26k|  1 | 681 |4630 | 1.999897e+03 | 2.002413e+03 |   0.13%|  19.20%
  178m|  1900 |   295 |  9013k|4672.0 |   616M |  64 |2326 |  18k|  19k|  27k|  1 | 686 |4874 | 1.999897e+03 | 2.002413e+03 |   0.13%|  19.20%
  190m|  2000 |   297 |  9599k|4731.8 |   619M |  64 |2326 |  18k|  19k|  29k|  0 | 747 |5170 | 1.999901e+03 | 2.002413e+03 |   0.13%|  19.23%
  203m|  2100 |   299 | 10178k|4782.0 |   660M |  64 |2326 |  18k|  20k|  30k|  0 | 782 |5388 | 1.999901e+03 | 2.002413e+03 |   0.13%|  19.23%
* 210m|  2146 |   298 | 10530k|4843.4 |    LP  |  64 |2326 |  18k|  20k|  31k| 11 | 795 |5467 | 1.999901e+03 | 2.002345e+03 |   0.12%|  19.24%
  218m|  2200 |   308 | 10894k|4890.0 |   718M |  64 |2326 |  18k|  20k|  32k|  0 | 805 |5552 | 1.999917e+03 | 2.002345e+03 |   0.12%|  19.64%
  235m|  2300 |   310 | 11647k|5004.9 |   772M |  64 |2326 |  18k|  20k|  34k|  3 | 845 |5718 | 1.999926e+03 | 2.002345e+03 |   0.12%|  20.11%

SCIP Status        : solving was interrupted [time limit reached]
Solving Time (sec) : 14400.00
Solving Nodes      : 2338
Primal Bound       : +2.00234461612241e+03 (54 solutions)
Dual Bound         : +1.99992752109091e+03
Gap                : 0.12 %

primal solution (original space):
=================================

objective value:                     2002.34461612241
z#0                                 0.999999999999823 	(obj:0)
z#9                                                 1 	(obj:0)
z#20                                                1 	(obj:0)
z#21                                                1 	(obj:0)
z#27                                                1 	(obj:0)
z#30                                                1 	(obj:0)
z#39                                 1.00000000000099 	(obj:0)
z#41                                                1 	(obj:0)
z#42                                 1.00000000000011 	(obj:0)
z#43                                0.999999999999983 	(obj:0)
z#44                                                1 	(obj:0)
z#48                                 1.00000000000036 	(obj:0)
z#53                                 1.00000000000001 	(obj:0)
z#64                                 1.00000000000001 	(obj:0)
z#65                                                1 	(obj:0)
z#66                                                1 	(obj:0)
z#71                                 1.00000000000618 	(obj:0)
z#73                                0.999999999999713 	(obj:0)
z#80                                 0.99999999999951 	(obj:0)
z#83                                                1 	(obj:0)
z#86                                                1 	(obj:0)
z#88                                 1.00000000000051 	(obj:0)
z#92                                                1 	(obj:0)
z#96                                                1 	(obj:0)
z#99                                 1.00000000000068 	(obj:0)
z#102                                               1 	(obj:0)
z#106                                1.00000000001112 	(obj:0)
z#113                                               1 	(obj:0)
z#116                                               1 	(obj:0)
z#121                                               1 	(obj:0)
z#126                                               1 	(obj:0)
z#129                                               1 	(obj:0)
z#136                               0.999999999999713 	(obj:0)
z#143                                               1 	(obj:0)
z#144                                               1 	(obj:0)
z#152                                1.00000000000036 	(obj:0)
z#153                                 1.0000000000106 	(obj:0)
z#159                                               1 	(obj:0)
z#160                                1.00000000000031 	(obj:0)
z#162                                1.00000000000032 	(obj:0)
z#166                                               1 	(obj:0)
z#167                                               1 	(obj:0)
z#169                                               1 	(obj:0)
z#171                                               1 	(obj:0)
z#172                               0.999999999999886 	(obj:0)
z#175                                1.00000000000121 	(obj:0)
z#177                                               1 	(obj:0)
z#182                                1.00000000000018 	(obj:0)
z#185                                               1 	(obj:0)
z#186                                               1 	(obj:0)
z#203                                               1 	(obj:0)
z#212                                1.00000000000288 	(obj:0)
z#216                                               1 	(obj:0)
z#217                                               1 	(obj:0)
z#219                                               1 	(obj:0)
z#221                                               1 	(obj:0)
z#222                                               1 	(obj:0)
z#228                                1.00000000000031 	(obj:0)
z#230                                               1 	(obj:0)
z#232                                1.00000000000018 	(obj:0)
z#238                                               1 	(obj:0)
z#239                                               1 	(obj:0)
z#241                                1.00000000000012 	(obj:0)
z#245                                               1 	(obj:0)
z#246                                1.00000000000038 	(obj:0)
z#251                                               1 	(obj:0)
z#256                                1.00000000000173 	(obj:0)
z#260                                               1 	(obj:0)
z#263                               0.999999999999896 	(obj:0)
z#264                                               1 	(obj:0)
z#266                                1.00000000000017 	(obj:0)
z#284                                               1 	(obj:0)
z#291                                               1 	(obj:0)
z#301                                               1 	(obj:0)
z#305                               0.999999999999733 	(obj:0)
z#310                                               1 	(obj:0)
z#312                                1.00000000000055 	(obj:0)
z#315                                               1 	(obj:0)
z#316                                               1 	(obj:0)
z#317                                               1 	(obj:0)
z#318                                               1 	(obj:0)
z#321                                               1 	(obj:0)
z#324                                               1 	(obj:0)
z#325                                               1 	(obj:0)
z#333                                               1 	(obj:0)
z#335                                               1 	(obj:0)
z#337                                               1 	(obj:0)
z#339                                               1 	(obj:0)
z#340                               0.999999999999095 	(obj:0)
z#341                                               1 	(obj:0)
z#345                                1.00000000000013 	(obj:0)
z#346                                1.00000000000015 	(obj:0)
z#352                                1.00000000000074 	(obj:0)
z#357                                               1 	(obj:0)
z#358                                               1 	(obj:0)
z#362                                               1 	(obj:0)
z#364                                               1 	(obj:0)
z#372                                               1 	(obj:0)
z#375                                               1 	(obj:0)
z#379                                1.00000000000005 	(obj:0)
z#380                                               1 	(obj:0)
z#392                                               1 	(obj:0)
z#395                                1.00000000000003 	(obj:0)
z#397                                1.00000000002431 	(obj:0)
z#399                                1.00000000000563 	(obj:0)
z#401                                               1 	(obj:0)
z#407                                1.00000000000234 	(obj:0)
z#411                                               1 	(obj:0)
z#414                                               1 	(obj:0)
z#415                                1.00000000000273 	(obj:0)
z#418                                               1 	(obj:0)
z#420                                1.00000000000104 	(obj:0)
z#423                                1.00000000000013 	(obj:0)
z#424                                               1 	(obj:0)
z#427                                1.00000000000175 	(obj:0)
z#430                               0.999999999999024 	(obj:0)
z#432                                               1 	(obj:0)
z#433                                               1 	(obj:0)
z#435                                               1 	(obj:0)
z#439                                               1 	(obj:0)
z#441                                               1 	(obj:0)
z#456                                               1 	(obj:0)
z#462                               0.999999999999507 	(obj:0)
z#463                                1.00000000001011 	(obj:0)
z#465                                               1 	(obj:0)
z#470                                1.00000000000145 	(obj:0)
z#472                                1.00000000001944 	(obj:0)
z#473                                1.00000000000195 	(obj:0)
z#483                                               1 	(obj:0)
z#484                                1.00000000000677 	(obj:0)
z#485                                               1 	(obj:0)
z#489                                               1 	(obj:0)
z#490                                               1 	(obj:0)
z#492                                               1 	(obj:0)
z#493                                               1 	(obj:0)
z#497                                               1 	(obj:0)
z#502                                               1 	(obj:0)
z#503                                               1 	(obj:0)
z#504                                               1 	(obj:0)
z#512                                               1 	(obj:0)
z#521                                               1 	(obj:0)
z#523                                               1 	(obj:0)
z#524                               0.999999999999989 	(obj:0)
z#525                                               1 	(obj:0)
z#530                                1.00000000000011 	(obj:0)
z#543                                1.00000000000765 	(obj:0)
z#545                                1.00000000000185 	(obj:0)
z#546                                               1 	(obj:0)
z#549                                               1 	(obj:0)
z#551                                               1 	(obj:0)
z#552                                1.00000000000055 	(obj:0)
z#555                                               1 	(obj:0)
z#556                                1.00000000000003 	(obj:0)
z#557                                1.00000000000005 	(obj:0)
z#569                               0.999999999998733 	(obj:0)
z#570                                               1 	(obj:0)
z#571                                               1 	(obj:0)
z#580                                               1 	(obj:0)
z#581                                               1 	(obj:0)
z#585                                               1 	(obj:0)
z#592                                1.00000000000131 	(obj:0)
z#594                                               1 	(obj:0)
z#595                                               1 	(obj:0)
z#598                                1.00000000000006 	(obj:0)
z#602                                               1 	(obj:0)
z#603                               0.999999999999851 	(obj:0)
z#604                                               1 	(obj:0)
z#606                               0.999999999999895 	(obj:0)
z#610                                               1 	(obj:0)
z#612                                               1 	(obj:0)
z#615                                               1 	(obj:0)
z#617                                               1 	(obj:0)
z#622                                               1 	(obj:0)
z#623                                1.00000000001015 	(obj:0)
z#625                                               1 	(obj:0)
z#632                                               1 	(obj:0)
z#640                                               1 	(obj:0)
z#642                                1.00000000000011 	(obj:0)
z#643                               0.999999999999441 	(obj:0)
z#648                                               1 	(obj:0)
z#660                                1.00000000000071 	(obj:0)
z#661                                               1 	(obj:0)
z#665                                               1 	(obj:0)
z#666                                 0.9999999999999 	(obj:0)
z#671                                               1 	(obj:0)
z#675                                               1 	(obj:0)
z#682                                               1 	(obj:0)
z#683                                1.00000000000022 	(obj:0)
z#688                                               1 	(obj:0)
z#698                                1.00000000000005 	(obj:0)
z#699                               0.999999999995568 	(obj:0)
z#700                                               1 	(obj:0)
z#703                                               1 	(obj:0)
z#706                               0.999999999999932 	(obj:0)
z#707                                               1 	(obj:0)
z#708                               0.999999999999575 	(obj:0)
z#710                                               1 	(obj:0)
z#714                                               1 	(obj:0)
z#716                                               1 	(obj:0)
z#717                                               1 	(obj:0)
z#737                                               1 	(obj:0)
z#738                                1.00000000000251 	(obj:0)
z#740                                 1.0000000000008 	(obj:0)
z#745                                               1 	(obj:0)
z#748                                               1 	(obj:0)
z#749                                               1 	(obj:0)
z#756                                               1 	(obj:0)
z#763                                               1 	(obj:0)
z#771                                               1 	(obj:0)
z#787                                               1 	(obj:0)
z#788                                               1 	(obj:0)
z#791                                               1 	(obj:0)
z#792                                1.00000000000039 	(obj:0)
z#795                                               1 	(obj:0)
z#797                                               1 	(obj:0)
z#805                                1.00000000000007 	(obj:0)
z#809                                               1 	(obj:0)
z#811                                               1 	(obj:0)
z#814                                               1 	(obj:0)
z#817                                               1 	(obj:0)
z#821                                               1 	(obj:0)
z#823                                1.00000000001303 	(obj:0)
z#827                                               1 	(obj:0)
z#829                                               1 	(obj:0)
z#833                                               1 	(obj:0)
z#834                                               1 	(obj:0)
z#839                                               1 	(obj:0)
z#842                                               1 	(obj:0)
z#843                                               1 	(obj:0)
z#845                                               1 	(obj:0)
z#864                                               1 	(obj:0)
z#867                               0.999999999999823 	(obj:0)
z#872                                               1 	(obj:0)
z#874                                               1 	(obj:0)
z#876                                               1 	(obj:0)
z#880                                1.00000000000078 	(obj:0)
z#888                                1.00000000000149 	(obj:0)
z#893                                               1 	(obj:0)
z#896                                               1 	(obj:0)
z#898                                               1 	(obj:0)
z#901                                               1 	(obj:0)
z#902                               0.999999999999989 	(obj:0)
z#904                                               1 	(obj:0)
z#911                                               1 	(obj:0)
z#916                                1.00000000000001 	(obj:0)
z#918                                               1 	(obj:0)
z#929                                1.00000000000016 	(obj:0)
z#932                                1.00000000000105 	(obj:0)
z#939                                               1 	(obj:0)
z#944                                               1 	(obj:0)
z#947                                1.00000000000043 	(obj:0)
z#953                                1.00000000000012 	(obj:0)
z#954                                               1 	(obj:0)
z#959                                               1 	(obj:0)
z#962                                               1 	(obj:0)
z#970                                               1 	(obj:0)
z#974                                               1 	(obj:0)
z#977                                               1 	(obj:0)
z#979                                1.00000000000016 	(obj:0)
z#982                                               1 	(obj:0)
z#986                                               1 	(obj:0)
z#992                                               1 	(obj:0)
z#993                                               1 	(obj:0)
z#995                                               1 	(obj:0)
z#997                                               1 	(obj:0)
z#998                                1.00000000000023 	(obj:0)
z#1005                                              1 	(obj:0)
z#1010                                              1 	(obj:0)
z#1016                                              1 	(obj:0)
z#1019                                              1 	(obj:0)
z#1021                                              1 	(obj:0)
z#1024                                              1 	(obj:0)
z#1032                                              1 	(obj:0)
z#1033                                              1 	(obj:0)
z#1035                                              1 	(obj:0)
z#1036                              0.999999999998367 	(obj:0)
z#1040                                              1 	(obj:0)
z#1041                                              1 	(obj:0)
z#1042                                              1 	(obj:0)
z#1047                               1.00000000000012 	(obj:0)
z#1052                                              1 	(obj:0)
z#1053                               1.00000000000374 	(obj:0)
z#1054                              0.999999999999939 	(obj:0)
z#1063                                              1 	(obj:0)
z#1064                                              1 	(obj:0)
z#1068                               1.00000000000013 	(obj:0)
z#1069                                              1 	(obj:0)
z#1070                                              1 	(obj:0)
z#1072                                              1 	(obj:0)
z#1073                                              1 	(obj:0)
z#1079                                              1 	(obj:0)
z#1084                               1.00000000000015 	(obj:0)
z#1089                                              1 	(obj:0)
z#1094                                              1 	(obj:0)
z#1095                                              1 	(obj:0)
z#1104                               1.00000000000897 	(obj:0)
z#1106                                              1 	(obj:0)
z#1107                               1.00000000000166 	(obj:0)
z#1112                                              1 	(obj:0)
z#1115                                              1 	(obj:0)
z#1122                              0.999999999999991 	(obj:0)
z#1123                                              1 	(obj:0)
z#1130                                              1 	(obj:0)
z#1133                                              1 	(obj:0)
z#1134                                              1 	(obj:0)
z#1145                                              1 	(obj:0)
z#1155                                              1 	(obj:0)
z#1158                                              1 	(obj:0)
z#1166                                              1 	(obj:0)
z#1169                                              1 	(obj:0)
z#1172                                              1 	(obj:0)
z#1176                               1.00000000000164 	(obj:0)
z#1183                              0.999999999998097 	(obj:0)
z#1189                               1.00000000000053 	(obj:0)
z#1194                                              1 	(obj:0)
z#1195                                              1 	(obj:0)
z#1197                                              1 	(obj:0)
z#1201                                              1 	(obj:0)
z#1210                               1.00000000000022 	(obj:0)
z#1212                              0.999999999999458 	(obj:0)
z#1215                               1.00000000000011 	(obj:0)
z#1221                                              1 	(obj:0)
z#1223                               1.00000000000004 	(obj:0)
z#1227                                              1 	(obj:0)
z#1230                                              1 	(obj:0)
z#1233                              0.999999999999775 	(obj:0)
z#1239                              0.999999999999792 	(obj:0)
z#1241                                              1 	(obj:0)
z#1253                                              1 	(obj:0)
z#1258                               1.00000000000251 	(obj:0)
z#1263                                              1 	(obj:0)
z#1264                                              1 	(obj:0)
z#1266                                              1 	(obj:0)
z#1283                                              1 	(obj:0)
z#1286                                              1 	(obj:0)
z#1287                              0.999999999999882 	(obj:0)
z#1289                                              1 	(obj:0)
z#1291                                              1 	(obj:0)
z#1292                                              1 	(obj:0)
z#1295                               1.00000000000063 	(obj:0)
z#1299                                              1 	(obj:0)
z#1303                               1.00000000001604 	(obj:0)
z#1305                               1.00000000000005 	(obj:0)
z#1307                                              1 	(obj:0)
z#1308                              0.999999999999934 	(obj:0)
z#1316                               1.00000000000042 	(obj:0)
z#1321                                              1 	(obj:0)
z#1328                                              1 	(obj:0)
z#1329                                              1 	(obj:0)
z#1332                                              1 	(obj:0)
z#1333                                              1 	(obj:0)
z#1334                                              1 	(obj:0)
z#1340                                              1 	(obj:0)
z#1341                                              1 	(obj:0)
z#1344                                              1 	(obj:0)
z#1345                                              1 	(obj:0)
z#1346                              0.999999999999551 	(obj:0)
z#1351                                              1 	(obj:0)
z#1354                               1.00000000000031 	(obj:0)
z#1359                                              1 	(obj:0)
z#1372                              0.999999999999739 	(obj:0)
z#1374                                              1 	(obj:0)
z#1376                                              1 	(obj:0)
z#1377                                              1 	(obj:0)
z#1378                              0.999999999999936 	(obj:0)
z#1380                                              1 	(obj:0)
z#1384                               1.00000000000116 	(obj:0)
z#1391                                              1 	(obj:0)
z#1395                                              1 	(obj:0)
z#1400                              0.999999999999957 	(obj:0)
z#1406                                              1 	(obj:0)
z#1407                               1.00000000000023 	(obj:0)
z#1418                                              1 	(obj:0)
z#1431                                              1 	(obj:0)
z#1432                                              1 	(obj:0)
z#1438                                              1 	(obj:0)
z#1442                                              1 	(obj:0)
z#1446                                              1 	(obj:0)
z#1450                                              1 	(obj:0)
z#1454                                              1 	(obj:0)
z#1456                                              1 	(obj:0)
z#1460                               1.00000000001826 	(obj:0)
z#1467                                              1 	(obj:0)
z#1476                                              1 	(obj:0)
z#1482                                              1 	(obj:0)
z#1484                                              1 	(obj:0)
z#1489                               1.00000000000016 	(obj:0)
z#1491                                              1 	(obj:0)
z#1500                               1.00000000000194 	(obj:0)
z#1501                              0.999999999999953 	(obj:0)
z#1502                               1.00000000002277 	(obj:0)
z#1503                                              1 	(obj:0)
z#1506                                              1 	(obj:0)
z#1512                                              1 	(obj:0)
z#1518                                              1 	(obj:0)
z#1519                                              1 	(obj:0)
z#1520                                              1 	(obj:0)
z#1529                                              1 	(obj:0)
z#1537                                              1 	(obj:0)
z#1545                                              1 	(obj:0)
z#1546                                              1 	(obj:0)
z#1548                                              1 	(obj:0)
z#1552                                              1 	(obj:0)
z#1554                                              1 	(obj:0)
z#1555                                              1 	(obj:0)
z#1557                                              1 	(obj:0)
z#1559                                              1 	(obj:0)
z#1566                               1.00000000000004 	(obj:0)
z#1569                                              1 	(obj:0)
z#1571                                              1 	(obj:0)
z#1573                                              1 	(obj:0)
z#1575                              0.999999999999818 	(obj:0)
z#1577                                              1 	(obj:0)
z#1579                                              1 	(obj:0)
z#1582                               1.00000000000047 	(obj:0)
z#1584                                              1 	(obj:0)
z#1585                                              1 	(obj:0)
z#1590                                              1 	(obj:0)
z#1597                                              1 	(obj:0)
z#1598                               1.00000000000633 	(obj:0)
z#1601                               1.00000000000121 	(obj:0)
z#1603                                              1 	(obj:0)
z#1605                               1.00000000000196 	(obj:0)
z#1606                                              1 	(obj:0)
z#1607                              0.999999999999835 	(obj:0)
z#1613                                              1 	(obj:0)
z#1616                               1.00000000000037 	(obj:0)
z#1619                                              1 	(obj:0)
z#1626                                              1 	(obj:0)
z#1633                                              1 	(obj:0)
z#1635                                              1 	(obj:0)
z#1639                                              1 	(obj:0)
z#1640                                              1 	(obj:0)
z#1643                                              1 	(obj:0)
z#1645                                              1 	(obj:0)
z#1652                                              1 	(obj:0)
z#1655                                              1 	(obj:0)
z#1658                                              1 	(obj:0)
z#1663                                              1 	(obj:0)
z#1664                                              1 	(obj:0)
z#1666                                              1 	(obj:0)
z#1669                                              1 	(obj:0)
z#1670                                              1 	(obj:0)
z#1680                                              1 	(obj:0)
z#1684                               1.00000000001614 	(obj:0)
z#1687                                              1 	(obj:0)
z#1689                               1.00000000000101 	(obj:0)
z#1714                                              1 	(obj:0)
z#1716                                              1 	(obj:0)
z#1717                               0.99999999999201 	(obj:0)
z#1720                                              1 	(obj:0)
z#1724                               1.00000000000004 	(obj:0)
z#1725                               1.00000000000053 	(obj:0)
z#1726                                              1 	(obj:0)
z#1730                                              1 	(obj:0)
z#1734                                              1 	(obj:0)
z#1737                               1.00000000000473 	(obj:0)
z#1739                                              1 	(obj:0)
z#1742                               1.00000000000317 	(obj:0)
z#1749                                              1 	(obj:0)
z#1751                                              1 	(obj:0)
z#1752                               1.00000000000027 	(obj:0)
z#1761                               1.00000000000019 	(obj:0)
z#1762                                              1 	(obj:0)
z#1769                                              1 	(obj:0)
z#1783                               1.00000000000022 	(obj:0)
z#1785                                              1 	(obj:0)
z#1787                                              1 	(obj:0)
z#1790                                1.0000000000007 	(obj:0)
z#1792                               1.00000000000028 	(obj:0)
z#1795                                              1 	(obj:0)
z#1796                                              1 	(obj:0)
z#1804                               1.00000000000009 	(obj:0)
z#1805                              0.999999999999716 	(obj:0)
z#1806                                              1 	(obj:0)
z#1807                                1.0000000000063 	(obj:0)
z#1808                                              1 	(obj:0)
z#1822                              0.999999999999995 	(obj:0)
z#1823                                              1 	(obj:0)
z#1831                                              1 	(obj:0)
z#1832                                              1 	(obj:0)
z#1837                               1.00000000000103 	(obj:0)
z#1841                               1.00000000000121 	(obj:0)
z#1842                                              1 	(obj:0)
z#1843                                              1 	(obj:0)
z#1847                                              1 	(obj:0)
z#1849                                              1 	(obj:0)
z#1855                                              1 	(obj:0)
z#1860                                              1 	(obj:0)
z#1863                                              1 	(obj:0)
z#1871                                              1 	(obj:0)
z#1881                                              1 	(obj:0)
z#1883                                              1 	(obj:0)
z#1888                                              1 	(obj:0)
z#1895                                              1 	(obj:0)
z#1896                                              1 	(obj:0)
z#1897                               1.00000000000226 	(obj:0)
z#1899                                              1 	(obj:0)
z#1902                               1.00000000000717 	(obj:0)
z#1904                                              1 	(obj:0)
z#1914                                              1 	(obj:0)
z#1916                                1.0000000000065 	(obj:0)
z#1921                               1.00000000000834 	(obj:0)
z#1922                               1.00000000000021 	(obj:0)
z#1927                              0.999999999996219 	(obj:0)
z#1931                                              1 	(obj:0)
z#1932                                              1 	(obj:0)
z#1933                               1.00000000000014 	(obj:0)
z#1937                               1.00000000000875 	(obj:0)
z#1938                                              1 	(obj:0)
z#1943                                              1 	(obj:0)
z#1947                                              1 	(obj:0)
z#1948                                              1 	(obj:0)
z#1949                                              1 	(obj:0)
z#1950                                              1 	(obj:0)
z#1955                               1.00000000000314 	(obj:0)
z#1956                              0.999999999999925 	(obj:0)
z#1960                                              1 	(obj:0)
z#1963                                              1 	(obj:0)
z#1968                              0.999999999999547 	(obj:0)
z#1969                                              1 	(obj:0)
z#1977                                              1 	(obj:0)
z#1981                                              1 	(obj:0)
z#1982                                              1 	(obj:0)
z#1985                                              1 	(obj:0)
z#1987                                              1 	(obj:0)
z#1990                                              1 	(obj:0)
z#1992                                              1 	(obj:0)
z#1994                                              1 	(obj:0)
z#2005                                              1 	(obj:0)
z#2006                                              1 	(obj:0)
z#2009                                              1 	(obj:0)
z#2010                                              1 	(obj:0)
z#2011                                              1 	(obj:0)
z#2015                                              1 	(obj:0)
z#2017                               1.00000000000765 	(obj:0)
z#2023                                              1 	(obj:0)
z#2036                               1.00000000000009 	(obj:0)
z#2038                              0.999999999999875 	(obj:0)
z#2040                                              1 	(obj:0)
z#2054                                              1 	(obj:0)
z#2055                               1.00000000000007 	(obj:0)
z#2056                                              1 	(obj:0)
z#2057                                              1 	(obj:0)
z#2060                                1.0000000000033 	(obj:0)
z#2063                                              1 	(obj:0)
z#2068                               1.00000000000997 	(obj:0)
z#2071                               1.00000000001173 	(obj:0)
z#2077                                              1 	(obj:0)
z#2080                              0.999999999999536 	(obj:0)
z#2096                               1.00000000000001 	(obj:0)
z#2097                                              1 	(obj:0)
z#2106                               1.00000000000301 	(obj:0)
z#2108                              0.999999999999852 	(obj:0)
z#2111                                              1 	(obj:0)
z#2113                                              1 	(obj:0)
z#2121                                              1 	(obj:0)
z#2125                              0.999999999999777 	(obj:0)
z#2128                                              1 	(obj:0)
z#2132                                              1 	(obj:0)
z#2140                               1.00000000001851 	(obj:0)
z#2141                                              1 	(obj:0)
z#2142                                              1 	(obj:0)
z#2144                                              1 	(obj:0)
z#2154                                              1 	(obj:0)
z#2156                                              1 	(obj:0)
z#2162                                              1 	(obj:0)
z#2166                                              1 	(obj:0)
z#2169                               1.00000000001475 	(obj:0)
z#2173                               1.00000000000015 	(obj:0)
z#2175                              0.999999999999478 	(obj:0)
z#2177                                              1 	(obj:0)
z#2178                                              1 	(obj:0)
z#2182                                              1 	(obj:0)
z#2188                                              1 	(obj:0)
z#2190                                              1 	(obj:0)
z#2195                                              1 	(obj:0)
z#2201                               1.00000000000238 	(obj:0)
z#2202                                              1 	(obj:0)
z#2207                                              1 	(obj:0)
z#2214                                              1 	(obj:0)
z#2215                                              1 	(obj:0)
z#2218                                              1 	(obj:0)
z#2219                                              1 	(obj:0)
z#2221                                              1 	(obj:0)
z#2227                              0.999999999999741 	(obj:0)
z#2231                                0.9999999999992 	(obj:0)
z#2250                                              1 	(obj:0)
z#2252                                              1 	(obj:0)
z#2257                                              1 	(obj:0)
z#2260                                              1 	(obj:0)
z#2262                               1.00000000000005 	(obj:0)
z#2267                              0.999999999999639 	(obj:0)
z#2268                                              1 	(obj:0)
z#2272                                              1 	(obj:0)
z#2278                               1.00000000000058 	(obj:0)
z#2283                                              1 	(obj:0)
z#2285                                              1 	(obj:0)
z#2286                                              1 	(obj:0)
z#2292                               1.00000000000004 	(obj:0)
y#15#2                               76.9307790549177 	(obj:0)
x#0                                  100.143252595158 	(obj:0.89)
x#1                                  60.2328210213208 	(obj:0.95)
x#2                                  742.452798789438 	(obj:0.82)
x#4                                  926.674633228923 	(obj:0.76)
x#10                                 427.295551689219 	(obj:0.79)
x#11                                 147.036060138006 	(obj:0.91)
x#15                                 76.9307790549177 	(obj:0.93)
y#0#0                                100.143252595158 	(obj:0)
y#1#11                               60.2328210213208 	(obj:0)
y#2#3                                55.5132226980729 	(obj:0)
y#2#4                                94.6941217150796 	(obj:0)
y#2#5                                68.5527104959632 	(obj:0)
y#2#6                                44.4621749408988 	(obj:0)
y#2#13                               77.5003647416413 	(obj:0)
y#2#14                               85.2452909418127 	(obj:0)
y#2#20                               82.1651581243166 	(obj:0)
y#2#23                               80.6722956730771 	(obj:0)
y#2#26                               82.6435094585766 	(obj:0)
y#2#27                               71.0039499999996 	(obj:0)
y#4#1                                84.4364462392747 	(obj:0)
y#4#10                               79.1072170585012 	(obj:0)
y#4#12                               89.6579391891896 	(obj:0)
y#4#15                               105.146623794205 	(obj:0)
y#4#16                               83.9845483723062 	(obj:0)
y#4#18                               106.145043830072 	(obj:0)
y#4#24                               114.698048452221 	(obj:0)
y#4#25                               89.6582914572469 	(obj:0)
y#4#28                               97.4677245831216 	(obj:0)
y#4#29                               76.3727502527847 	(obj:0)
y#10#7                               53.8474747474739 	(obj:0)
y#10#8                               80.8986601161257 	(obj:0)
y#10#9                               85.8768590455179 	(obj:0)
y#10#17                              88.7664144353916 	(obj:0)
y#10#21                               117.90614334471 	(obj:0)
y#11#19                              87.0237068965532 	(obj:0)
y#11#22                              60.0123532414528 	(obj:0)
v#0                                  173.648400000004 	(obj:0)
v#1                                  167.268600000003 	(obj:0)
v#2                                  120.473600000001 	(obj:0)
v#3                                          103.6987 	(obj:0)
v#4                                  136.927700000005 	(obj:0)
v#5                                          118.8704 	(obj:0)
v#6                                  94.0375000000011 	(obj:0)
v#7                                  106.617999999998 	(obj:0)
v#8                                  181.132100000006 	(obj:0)
v#9                                  154.750100000023 	(obj:0)
v#10                                 144.687099999999 	(obj:0)
v#11                                 121.489600000004 	(obj:0)
v#12                                 159.232500000001 	(obj:0)
v#13                                         127.4881 	(obj:0)
v#14                                 142.103900000002 	(obj:0)
v#15                                 163.502999999989 	(obj:0)
v#16                                         183.1703 	(obj:0)
v#17                                 152.500700000003 	(obj:0)
v#18                                 157.413099999997 	(obj:0)
v#19                                 181.705500000003 	(obj:0)
v#20                                 150.690899999997 	(obj:0)
v#21                                         172.7325 	(obj:0)
v#22                                 117.564200000006 	(obj:0)
v#23                                         134.2387 	(obj:0)
v#24                                         170.4413 	(obj:0)
v#25                                 107.051999999953 	(obj:0)
v#26                                 126.692499999998 	(obj:0)
v#27                                 142.007899999999 	(obj:0)
v#28                                 181.192500000023 	(obj:0)
v#29                                 151.065300000008 	(obj:0)

Statistics
==========

SCIP Status        : solving was interrupted [time limit reached]
Total Time         :   14401.84
  solving          :   14400.00
  presolving       :       1.47 (included in solving)
  reading          :       1.84
  copying          :       0.61 (13 #copies) (minimal 0.04, maximal 0.05, average 0.05)
Original Problem   :
  Problem name     : CCRPData/20-30-3000-1
  Variables        : 2945 (2295 binary, 0 integer, 0 implicit integer, 650 continuous)
  Constraints      : 18052 initial, 18052 maximal
  Objective        : minimize, 20 non-zeros (abs.min = 0.76, abs.max = 1.15)
Presolved Problem  :
  Problem name     : t_CCRPData/20-30-3000-1
  Variables        : 2326 (2294 binary, 0 integer, 0 implicit integer, 32 continuous)
  Constraints      : 18003 initial, 18206 maximal
  Objective        : minimize, 31 non-zeros (abs.min = 0.435824, abs.max = 0.95)
  Nonzeros         : 38297 constraint, 71864 clique table
Presolvers         :   ExecTime  SetupTime  Calls  FixedVars   AggrVars   ChgTypes  ChgBounds   AddHoles    DelCons    AddCons   ChgSides   ChgCoefs
  boundshift       :       0.00       0.00      0          0          0          0          0          0          0          0          0          0
  convertinttobin  :       0.00       0.00      0          0          0          0          0          0          0          0          0          0
  domcol           :       0.03       0.00      1          0          0          0          0          0          0          0          0          0
  dualagg          :       0.00       0.00      0          0          0          0          0          0          0          0          0          0
  dualcomp         :       0.01       0.00      1          0          0          0          0          0          0          0          0          0
  dualinfer        :       0.00       0.00      0          0          0          0          0          0          0          0          0          0
  dualsparsify     :       0.03       0.00      1          0          0          0          0          0          0          0          0          0
  gateextraction   :       0.00       0.00      0          0          0          0          0          0          0          0          0          0
  implics          :       0.00       0.00      3          0          0          0          0          0          0          0          0          0
  inttobinary      :       0.00       0.00      0          0          0          0          0          0          0          0          0          0
  milp             :       0.10       0.00      1        288         49          0          0          0          0          0          0          0
  qpkktref         :       0.00       0.00      0          0          0          0          0          0          0          0          0          0
  redvub           :       0.00       0.00      0          0          0          0          0          0          0          0          0          0
  sparsify         :       0.01       0.00      1          0          0          0          0          0          0          0          0          0
  stuffing         :       0.00       0.00      0          0          0          0          0          0          0          0          0          0
  trivial          :       0.00       0.00      6          0          0          0          0          0          0          0          0          0
  tworowbnd        :       0.00       0.00      0          0          0          0          0          0          0          0          0          0
  dualfix          :       0.00       0.00      6        282          0          0          0          0          0          0          0          0
  genvbounds       :       0.00       0.00      0          0          0          0          0          0          0          0          0          0
  probing          :       1.17       0.00      1          0          0          0          0          0          0          0          0          0
  pseudoobj        :       0.00       0.00      0          0          0          0          0          0          0          0          0          0
  symmetry         :       0.00       0.00      1          0          0          0          0          0          0          0          0          0
  vbounds          :       0.00       0.00      1          0          0          0          0          0          0          0          0          0
  chancecons       :       0.02       0.00      1          0          0          0          0          0          0          0          0          0
  varbound         :       0.01       0.00      2          0          0          0          0          0          0          0          0          0
  knapsack         :       0.00       0.00      0          0          0          0          0          0          0          0          0          0
  linear           :       0.08       0.00      8          0          0          0         59          0         49          0          0          0
  logicor          :       0.00       0.00      0          0          0          0          0          0          0          0          0          0
  bounddisjunction :       0.00       0.00      0          0          0          0          0          0          0          0          0          0
  benders          :       0.00       0.00      0          0          0          0          0          0          0          0          0          0
  components       :       0.00       0.00      1          0          0          0          0          0          0          0          0          0
  root node        :          -          -      -         21          -          -         32          -          -          -          -          -
Constraints        :     Number  MaxNumber  #Separate #Propagate    #EnfoLP    #EnfoRelax  #EnfoPS    #Check   #ResProp    Cutoffs    DomReds       Cuts    Applied      Conss   Children
  benderslp        :          0          0          0          0       2198          0          0        644          0          0          0          0          0          0          0
  chancecons       :          1          1        749     111180          0          0          0          0          0          6      71561      19986      11274          0          0
  integral         :          0          0          0          0       2198          0          0        644          0          0       2191          0          0        520       2698
  varbound         :      18000      18000         66     111214         10          0          0        639      27724          0      16065          0          0          0          0
  knapsack         :          1          1         66     110947         10          0          0         75          0         81          0          0          0          0          0
  linear           :          1+         5         66     111136         10          0          0         47       6695        292       3539          0          0          0          0
  logicor          :          0+       139         66       4606          0          0          0          0         10          2         13          0          0          0          0
  bounddisjunction :          0+       148          0       8524          0          0          0          0         74          4         46          0          0          0          0
  benders          :          0          0          0          0         10          0          0         45          0          0          0          0          0          0          0
  fixedvar         :          0          0          0          0         10          0          0         45          0          0          0          0          0          0          0
  countsols        :          0          0          0          0         10          0          0         45          0          0          0          0          0          0          0
  components       :          0          0          0          0          0          0          0          0          0          0          0          0          0          0          0
Constraint Timings :  TotalTime  SetupTime   Separate  Propagate     EnfoLP     EnfoPS     EnfoRelax   Check    ResProp    SB-Prop
  benderslp        :       0.00       0.00       0.00       0.00       0.00       0.00       0.00       0.00       0.00       0.00
  chancecons       :      18.80       0.00       1.11      14.79       0.00       0.00       0.00       0.00       0.00       2.90
  integral         :    4102.91       0.00       0.00       0.00    4102.91       0.00       0.00       0.00       0.00       0.00
  varbound         :       2.89       0.00       0.07       1.40       0.00       0.00       0.00       0.08       0.00       1.33
  knapsack         :       3.26       0.00       2.86       0.33       0.00       0.00       0.00       0.00       0.00       0.06
  linear           :       0.32       0.00       0.00       0.20       0.00       0.00       0.00       0.00       0.01       0.11
  logicor          :       0.02       0.00       0.00       0.01       0.00       0.00       0.00       0.00       0.00       0.01
  bounddisjunction :       0.05       0.00       0.00       0.02       0.00       0.00       0.00       0.00       0.00       0.03
  benders          :       0.00       0.00       0.00       0.00       0.00       0.00       0.00       0.00       0.00       0.00
  fixedvar         :       0.00       0.00       0.00       0.00       0.00       0.00       0.00       0.00       0.00       0.00
  countsols        :       0.00       0.00       0.00       0.00       0.00       0.00       0.00       0.00       0.00       0.00
  components       :       0.01       0.00       0.00       0.00       0.00       0.00       0.00       0.00       0.00       0.00
Propagators        : #Propagate   #ResProp    Cutoffs    DomReds
  dualfix          :          6          0          0          0
  genvbounds       :          0          0          0          0
  nlobbt           :          0          0          0          0
  obbt             :          0          0          0          0
  probing          :          0          0          0          0
  pseudoobj        :      12366          0          0       1787
  redcost          :      10208          0          0     141100
  rootredcost      :         17          0          0         19
  symmetry         :          0          0          0          0
  vbounds          :      87535          0          0          0
Propagator Timings :  TotalTime  SetupTime   Presolve  Propagate    ResProp    SB-Prop
  dualfix          :       0.00       0.00       0.00       0.00       0.00       0.00
  genvbounds       :       0.02       0.00       0.00       0.01       0.00       0.01
  nlobbt           :       0.00       0.00       0.00       0.00       0.00       0.00
  obbt             :       0.00       0.00       0.00       0.00       0.00       0.00
  probing          :       1.17       0.00       1.17       0.00       0.00       0.00
  pseudoobj        :       0.06       0.00       0.00       0.05       0.00       0.00
  redcost          :       0.69       0.00       0.00       0.68       0.00       0.01
  rootredcost      :       0.02       0.00       0.00       0.01       0.00       0.01
  symmetry         :       0.03       0.00       0.00       0.01       0.00       0.01
  vbounds          :       0.13       0.00       0.00       0.07       0.00       0.06
Symmetry           :
  orbitopal red.   :          0 reductions applied,          0 cutoffs
  orbital reduction:          0 reductions applied,          0 cutoffs
  lexicographic red:          0 reductions applied,          0 cutoffs
  shadow tree time :       0.00 s
Conflict Analysis  :       Time      Calls    Success    DomReds  Conflicts   Literals    Reconvs ReconvLits   Dualrays   Nonzeros   LP Iters   (pool size: [10000,10000])
  propagation      :       0.04         78         58          -        769      286.4         24       29.0          -          -          -
  infeasible LP    :       0.00          0          0          -          0        0.0          0        0.0          0        0.0          0
  bound exceed. LP :      14.06       2019        384          -       1150      222.2          0        0.0         11       22.0      15705
  strong branching :       0.00          0          0          -          0        0.0          0        0.0          -          -          0
  pseudo solution  :       0.00          0          0          -          0        0.0          0        0.0          -          -          -
  applied globally :       0.18          -          -          6        827      144.0          -          -         11          -          -
  applied locally  :          -          -          -          0         22      413.0          -          -          0          -          -
Separators         :   ExecTime  SetupTime      Calls  RootCalls    Cutoffs    DomReds  FoundCuts ViaPoolAdd  DirectAdd    Applied ViaPoolApp  DirectApp      Conss
  cut pool         :       0.53          -       1163        132          -          -      46245     172430          -          -          -          -          -    (maximal pool size:      34897)
  aggregation      :       6.34       0.00        343         66          0          0      35233     120583          0       9044       9044          0          0
  > cmir           :          -          -          -          -          -          -          -     120384          0       9039       9039          0          -
  > flowcover      :          -          -          -          -          -          -          -        190          0          0          0          0          -
  > knapsackcover  :          -          -          -          -          -          -          -          9          0          5          5          0          -
  cgmip            :       0.00       0.00          0          0          0          0          0          0          0          0          0          0          0
  clique           :       1.56       0.00         66         66          0          0          0          0          0          0          0          0          0
  closecuts        :       0.00       0.00          0          0          0          0          0          0          0          0          0          0          0
  convexproj       :       0.00       0.00          0          0          0          0          0          0          0          0          0          0          0
  disjunctive      :       0.00       0.00          0          0          0          0          0          0          0          0          0          0          0
  eccuts           :       0.00       0.00          0          0          0          0          0          0          0          0          0          0          0
  gauge            :       0.00       0.00          0          0          0          0          0          0          0          0          0          0          0
  gomory           :      24.33       0.00        229         10          0          0       2278      10956          0       1369       1369          0          0
  > gomorymi       :          -          -          -          -          -          -          -      10956          0       1369       1369          0          -
  > strongcg       :          -          -          -          -          -          -          -          0          0          0          0          0          -
  impliedbounds    :       0.37       0.00        343         66          0          0       8734      40891          0      12599      12599          0          0
  interminor       :       0.00       0.00          0          0          0          0          0          0          0          0          0          0          0
  intobj           :       0.00       0.00          0          0          0          0          0          0          0          0          0          0          0
  lagromory        :       0.00       0.00          0          0          0          0          0          0          0          0          0          0          0
  mcf              :       0.00       0.00          1          1          0          0          0          0          0          0          0          0          0
  minor            :       0.00       0.00         10         10          0          0          0          0          0          0          0          0          0
  mixing           :       0.00       0.00          0          0          0          0          0          0          0          0          0          0          0
  oddcycle         :       0.00       0.00          0          0          0          0          0          0          0          0          0          0          0
  rapidlearning    :       0.00       0.00          0          0          0          0          0          0          0          0          0          0          0
  rlt              :       0.00       0.00         10         10          0          0          0          0          0          0          0          0          0
  zerohalf         :       0.39       0.00        239         20          0          0          0          0          0          0          0          0          0
Cutselectors       :   ExecTime  SetupTime      Calls  RootCalls   Selected     Forced   Filtered  RootSelec   RootForc   RootFilt 
  hybrid           :       0.34       0.00        840         67      34286          0     158130       4694          0      57833
  ensemble         :       0.00       0.00          0          0          0          0          0          0          0          0
  dynamic          :       0.00       0.00          0          0          0          0          0          0          0          0
Pricers            :   ExecTime  SetupTime      Calls       Vars
  problem variables:       0.00          -          0          0
Branching Rules    :   ExecTime  SetupTime   BranchLP  BranchExt   BranchPS    Cutoffs    DomReds       Cuts      Conss   Children
  allfullstrong    :       0.00       0.00          0          0          0          0          0          0          0          0
  cloud            :       0.00       0.00          0          0          0          0          0          0          0          0
  distribution     :       0.00       0.00          0          0          0          0          0          0          0          0
  fullstrong       :       0.00       0.00          0          0          0          0          0          0          0          0
  gomory           :       0.00       0.00          0          0          0          0          0          0          0          0
  inference        :       0.00       0.00          0          0          0          0          0          0          0          0
  leastinf         :       0.00       0.00          0          0          0          0          0          0          0          0
  lookahead        :       0.00       0.00          0          0          0          0          0          0          0          0
  mostinf          :       0.00       0.00          0          0          0          0          0          0          0          0
  multaggr         :       0.00       0.00          0          0          0          0          0          0          0          0
  nodereopt        :       0.00       0.00          0          0          0          0          0          0          0          0
  pscost           :       0.00       0.00          0          0          0          0          0          0          0          0
  random           :       0.00       0.00          0          0          0          0          0          0          0          0
  relpscost        :    4102.91       0.00       2188          0          0          0       2191          0        541       2698
  vanillafullstrong:       0.00       0.00          0          0          0          0          0          0          0          0
Primal Heuristics  :   ExecTime  SetupTime      Calls      Found       Best
  LP solutions     :       0.00          -          -         10         10
  relax solutions  :       0.00          -          -          0          0
  pseudo solutions :       0.00          -          -          0          0
  strong branching :       0.02          -          -          1          1
  actconsdiving    :       0.00       0.00          0          0          0
  adaptivediving   :      85.82       0.00          8          0          0
  alns             :       2.15       0.00          4          2          2
  bound            :       0.00       0.00          0          0          0
  clique           :       0.04       0.00          1          0          0
  coefdiving       :       0.00       0.00          0          0          0
  completesol      :       0.00       0.00          0          0          0
  conflictdiving   :      97.18       0.00          8          0          0
  crossover        :       1.37       0.00          3          3          1
  dins             :       0.00       0.00          0          0          0
  distributiondivin:      94.66       0.00          8          0          0
  dps              :       0.00       0.00          0          0          0
  dualval          :       0.00       0.00          0          0          0
  farkasdiving     :       0.00       0.00          0          0          0
  feaspump         :      10.46       0.00          1          1          1
  fixandinfer      :       0.00       0.00          0          0          0
  fracdiving       :      72.31       0.00          8          0          0
  gins             :       0.01       0.00          0          0          0
  guideddiving     :      68.12       0.00          7          2          2
  indicator        :       0.00       0.00          0          0          0
  indicatordiving  :       0.00       0.00          0          0          0
  intdiving        :       0.00       0.00          0          0          0
  intshifting      :      18.28       0.00         19          1          1
  linesearchdiving :      83.68       0.00          7          0          0
  localbranching   :       0.00       0.00          0          0          0
  locks            :       0.07       0.00          1          1          1
  lpface           :       0.00       0.00          0          0          0
  mpec             :       0.00       0.00          0          0          0
  multistart       :       0.00       0.00          0          0          0
  mutation         :       0.00       0.00          0          0          0
  nlpdiving        :       0.00       0.00          0          0          0
  objpscostdiving  :     168.23       0.00          4          2          0
  octane           :       0.00       0.00          0          0          0
  ofins            :       0.00       0.00          0          0          0
  oneopt           :       0.03       0.00         19          0          0
  padm             :       0.00       0.00          0          0          0
  proximity        :       0.00       0.00          0          0          0
  pscostdiving     :      59.99       0.00          8          1          1
  randrounding     :      10.72       0.00        568          0          0
  rens             :       3.71       0.00          1          1          0
  reoptsols        :       0.00       0.00          0          0          0
  repair           :       0.00       0.00          0          0          0
  rins             :       4.68       0.00          5          5          0
  rootsoldiving    :      26.72       0.00          4          4          0
  rounding         :       1.41       0.00        842          0          0
  scheduler        :       0.00       0.00          0          0          0
  shiftandpropagate:       0.00       0.00          0          0          0
  shifting         :      21.08       0.00       1134         20          1
  simplerounding   :       0.01       0.00          0          0          0
  subnlp           :       0.00       0.00          0          0          0
  trivial          :       0.00       0.00          2          0          0
  trivialnegation  :       0.00       0.00          0          0          0
  trustregion      :       0.00       0.00          0          0          0
  trysol           :       0.00       0.00          0          0          0
  twoopt           :       0.00       0.00          0          0          0
  undercover       :       0.00       0.00          0          0          0
  vbounds          :       0.38       0.00          1          0          0
  veclendiving     :     101.09       0.00          8          0          0
  zeroobj          :       0.00       0.00          0          0          0
  zirounding       :       0.94       0.00       1000          0          0
  other solutions  :          -          -          -          0          -
LNS (Scheduler)    :      Calls  SetupTime  SolveTime SolveNodes       Sols       Best       Exp3    Exp3-IX  EpsGreedy        UCB TgtFixRate  Opt  Inf Node Stal  Sol  Usr Othr Actv
  rens             :          0       0.00       0.00          0          0          0    0.00000    0.12500   -1.00000    1.00000      0.900    0    0    0    0    0    0    0    1
  rins             :          0       0.00       0.00          0          0          0    0.00000    0.12500   -1.00000    1.00000      0.900    0    0    0    0    0    0    0    1
  mutation         :          0       0.00       0.00          0          0          0    0.00000    0.12500   -1.00000    1.00000      0.900    0    0    0    0    0    0    0    1
  localbranching   :          0       0.00       0.00          0          0          0    0.00000    0.12500   -1.00000    1.00000      0.900    0    0    0    0    0    0    0    1
  crossover        :          0       0.00       0.00          0          0          0    0.00000    0.12500   -1.00000    1.00000      0.900    0    0    0    0    0    0    0    1
  proximity        :          0       0.00       0.00          0          0          0    0.00000    0.12500   -1.00000    1.00000      0.900    0    0    0    0    0    0    0    1
  zeroobjective    :          0       0.00       0.00          0          0          0    0.00000    0.12500   -1.00000    1.00000      0.900    0    0    0    0    0    0    0    1
  dins             :          0       0.00       0.00          0          0          0    0.00000    0.12500   -1.00000    1.00000      0.900    0    0    0    0    0    0    0    1
  trustregion      :          0       0.00       0.00          0          0          0    0.00000    0.00000   -1.00000    1.00000      0.900    0    0    0    0    0    0    0    0
LP                 :       Time      Calls Iterations  Iter/call   Iter/sec  Time-0-It Calls-0-It    ItLimit
  primal LP        :       1.99        367          0       0.00       0.00       1.99        367
  dual LP          :    9305.78       8101   10397947    2104.00    1117.36       7.47       3159
  lex dual LP      :       0.00          0          0       0.00          -
  barrier LP       :       0.00          0          0       0.00          -       0.00          0
  resolve instable :       0.00          0          0       0.00          -
  diving/probing LP:     969.39       1916    1409982     735.90    1454.51
  strong branching :    3982.71       5817    3641321     625.98     914.28          -          -       5899
    (at root node) :          -         38      37683     991.66          -
  conflict analysis:      12.03       1585      15705       9.91    1305.31
B&B Tree           :
  number of runs   :          1
  nodes            :       2338 (1349 internal, 989 leaves)
  feasible leaves  :         10
  infeas. leaves   :         11
  objective leaves :        968
  nodes (total)    :       2338 (1349 internal, 989 leaves)
  nodes left       :        318
  max depth        :         64
  max depth (total):         64
  backtracks       :        416 (17.8%)
  early backtracks :          0 (0.0%)
  nodes exc. ref.  :          0 (0.0%)
  delayed cutoffs  :          0
  repropagations   :         35 (27 domain reductions, 0 cutoffs)
  avg switch length:       4.17
  switching time   :       2.65
Root Node          :
  First LP value   : +1.89540688115817e+03
  First LP Iters   :       3583 (4425.41 Iter/sec)
  First LP Time    :       0.81
  Final Dual Bound : +1.99956339384135e+03
  Final Root Iters :     141116
  Root LP Estimate : +2.00909185779484e+03
Solution           :
  Solutions found  :         54 (21 improvements)
  First Solution   : +2.11261624428581e+03   (in run 1, after 1 nodes, 1.63 seconds, depth 601, found by <locks>)
  Gap First Sol.   :      23.81 %
  Gap Last Sol.    :       0.12 %
  Primal Bound     : +2.00234461612241e+03   (in run 1, after 2146 nodes, 12601.76 seconds, depth 40, found by <relaxation>)
  Dual Bound       : +1.99992752109091e+03
  Gap              :       0.12 %
Integrals          :      Total       Avg%
  primal-dual      :    3374.16       0.23
  primal-ref       :          -          - (not evaluated)
  dual-ref         :          -          - (not evaluated)

 Branching Statistics...

 Total number of propagations -> 111180

 Number of cutoffs of KnaCons -> 0

 Total number of variables fixed to 1 by the propagator -> 6173

 Total number of variables fixed to 0 by the propagator -> 65388

 Maximum number of rounds of the approximation algorithm -> 0

 Runtime of the exact algorithm -> 0.0000 s

 Total number of variables fixed to 1 in the exact algorithm -> 0

 Total number of variables fixed to 0 in the exact algorithm -> 0

 Number of cutoffs in the exact algorithm -> 0

 Number of cutoffs in the approximation algorithm -> 0

 PS:  
