***************************************
*         SCIP-based CCP Solver       *
*                                     *
*    Wei Lv and Wei-Kun Chen (2024)   *
***************************************
/beegfs/home/30150120/SCIP-CCP/build/ccp -f data/CCRPData/40-50-2000-0.ccrp -s settings/CCRPSetting/BASE+DB2.set 
SCIP version 9.1.0 [precision: 8 byte] [memory: block] [mode: optimized] [LP solver: Soplex 7.1.0] [GitHash: 8cab0278ba]
Copyright (c) 2002-2024 Zuse Institute Berlin (ZIB)

External libraries: 
  Soplex 7.1.0         Linear Programming Solver developed at Zuse Institute Berlin (soplex.zib.de) [GitHash: 595bfac9]
  CppAD 20180000.0     Algorithmic Differentiation of C++ algorithms developed by B. Bell (github.com/coin-or/CppAD)
  ZLIB 1.2.7           General purpose compression library by J. Gailly and M. Adler (zlib.net)
  GMP 6.2.1            GNU Multiple Precision Arithmetic Library developed by T. Granlund (gmplib.org)
  AMPL/MP 690e9e7      AMPL .nl file reader library (github.com/ampl/mp)
  PaPILO 2.3.0         parallel presolve for integer and linear optimization (github.com/scipopt/papilo) (built with TBB) [GitHash: 4b8ce6ed]
  Nauty 2.8.8          Computing Graph Automorphism Groups by Brendan D. McKay (users.cecs.anu.edu.au/~bdm/nauty)
  sassy 1.1            Symmetry preprocessor by Markus Anders (github.com/markusa4/sassy)

reading user parameter file <settings/CCRPSetting/BASE+DB2.set>

read problem <data/CCRPData/40-50-2000-0.ccrp>
============

File name: 	data/CCRPData/40-50-2000-0.ccrp
Problem name:	CCRPData/40-50-2000-0
NumResource: 	40
Dimension: 	50
NumScenario: 	2000
ConfidenceParameter: 	0.20
IsEqualProbability: 	1
BASE+DI: 	0
BASE+sDI: 	0
BASE+DB: 	1
BASE+DB+OPF: 	0
Dominance and Aggregation Statistics......
NumEdge:        840781
NumBiEdge: 	71253
NumDomIneqs: 	769528
DominanceRatio: 0.3850
NumAggScenario: 1623 
BasicNumScenario: 1622 
Propagator Statistics......
NumBasicDomIneqs: 85159
NumNonReDomIneqs: 35260
Duration: 0.3900 s 

original problem has 3713 variables (1623 bin, 0 int, 0 impl, 2090 cont) and 20092 constraints

solve problem
=============

presolving:
(round 1, fast)       928 del vars, 0 del conss, 0 add conss, 50 chg bounds, 0 chg sides, 0 chg coeffs, 0 upgd conss, 0 impls, 35260 clqs
   (0.1s) running MILP presolver
   (0.2s) MILP presolver (3 rounds): 87 aggregations, 1020 fixings, 0 bound changes
(round 2, medium)     2035 del vars, 20091 del conss, 20004 add conss, 50 chg bounds, 0 chg sides, 0 chg coeffs, 0 upgd conss, 0 impls, 35260 clqs
(round 3, fast)       2035 del vars, 20091 del conss, 20004 add conss, 97 chg bounds, 0 chg sides, 0 chg coeffs, 0 upgd conss, 0 impls, 35260 clqs
(round 4, exhaustive) 2035 del vars, 20091 del conss, 20004 add conss, 97 chg bounds, 0 chg sides, 0 chg coeffs, 20000 upgd conss, 0 impls, 35260 clqs
   (1.4s) probing: 1000/1622 (61.7%) - 0 fixings, 0 aggregations, 34603 implications, 0 bound changes
   (1.4s) probing: 1001/1622 (61.7%) - 0 fixings, 0 aggregations, 34759 implications, 0 bound changes
   (1.4s) probing aborted: 1000/1000 successive useless probings
   (1.4s) symmetry computation started: requiring (bin +, int +, cont +), (fixed: bin -, int -, cont -)
   Symmetry detection interrupted: constraints of type chancecons do not provide symmetry information.
   If symmetries shall be detected, implement the CONSGETPERMSYMGRAPH callback.
   (1.4s) could not compute symmetry
presolving (5 rounds: 5 fast, 3 medium, 2 exhaustive):
 2035 deleted vars, 20091 deleted constraints, 20004 added constraints, 97 tightened bounds, 0 added holes, 0 changed sides, 0 changed coefficients
 20000 implications, 44786 cliques
presolved problem has 1678 variables (1622 bin, 0 int, 0 impl, 56 cont) and 20005 constraints
      1 constraints of type <chancecons>
  20000 constraints of type <varbound>
      1 constraints of type <knapsack>
      3 constraints of type <linear>
Presolving Time: 1.37

 time | node  | left  |LP iter|LP it/n|mem/heur|mdpt |vars |cons |rows |cuts |sepa|confs|strbr|  dualbound   | primalbound  |  gap   | compl. 
p 1.5s|     1 |     0 |     3 |     - |   locks|   0 |1678 |  20k|  20k|   0 |  0 |   0 |   0 | 2.759118e+03 | 3.499315e+03 |  26.83%| unknown
  2.6s|     1 |     0 |  3312 |     - |   168M |   0 |1678 |  20k|  20k|   0 |  0 |   4 |   0 | 3.189547e+03 | 3.499315e+03 |   9.71%| unknown
  3.0s|     1 |     0 |  3977 |     - |   171M |   0 |1678 |  20k|  20k|  45 |  1 |   4 |   0 | 3.226943e+03 | 3.499315e+03 |   8.44%| unknown
  3.4s|     1 |     0 |  4720 |     - |   174M |   0 |1678 |  20k|  20k| 137 |  2 |   4 |   0 | 3.256071e+03 | 3.499315e+03 |   7.47%| unknown
  3.8s|     1 |     0 |  5418 |     - |   178M |   0 |1678 |  20k|  20k| 237 |  3 |   4 |   0 | 3.277260e+03 | 3.499315e+03 |   6.78%| unknown
  4.2s|     1 |     0 |  6086 |     - |   180M |   0 |1678 |  20k|  20k| 331 |  4 |   4 |   0 | 3.290190e+03 | 3.499315e+03 |   6.36%| unknown
  4.6s|     1 |     0 |  6961 |     - |   184M |   0 |1678 |  20k|  20k| 425 |  5 |   4 |   0 | 3.301859e+03 | 3.499315e+03 |   5.98%| unknown
  5.0s|     1 |     0 |  7697 |     - |   186M |   0 |1678 |  20k|  20k| 535 |  6 |   4 |   0 | 3.311431e+03 | 3.499315e+03 |   5.67%| unknown
  5.6s|     1 |     0 |  8757 |     - |   189M |   0 |1678 |  20k|  20k| 631 |  7 |   4 |   0 | 3.318441e+03 | 3.499315e+03 |   5.45%| unknown
  6.1s|     1 |     0 |  9563 |     - |   191M |   0 |1678 |  20k|  20k| 727 |  8 |   4 |   0 | 3.323518e+03 | 3.499315e+03 |   5.29%| unknown
  6.6s|     1 |     0 | 10501 |     - |   194M |   0 |1678 |  20k|  20k| 813 |  9 |   4 |   0 | 3.327680e+03 | 3.499315e+03 |   5.16%| unknown
  7.2s|     1 |     0 | 11521 |     - |   196M |   0 |1678 |  20k|  20k| 900 | 10 |   4 |   0 | 3.331490e+03 | 3.499315e+03 |   5.04%| unknown
  7.8s|     1 |     0 | 12643 |     - |   200M |   0 |1678 |  20k|  20k| 976 | 11 |   4 |   0 | 3.334528e+03 | 3.499315e+03 |   4.94%| unknown
  8.5s|     1 |     0 | 14057 |     - |   202M |   0 |1678 |  20k|  21k|1047 | 12 |   4 |   0 | 3.338352e+03 | 3.499315e+03 |   4.82%| unknown
  9.2s|     1 |     0 | 15317 |     - |   205M |   0 |1678 |  20k|  21k|1122 | 13 |   4 |   0 | 3.340287e+03 | 3.499315e+03 |   4.76%| unknown
 time | node  | left  |LP iter|LP it/n|mem/heur|mdpt |vars |cons |rows |cuts |sepa|confs|strbr|  dualbound   | primalbound  |  gap   | compl. 
 10.0s|     1 |     0 | 16952 |     - |   207M |   0 |1678 |  20k|  21k|1190 | 14 |   4 |   0 | 3.342641e+03 | 3.499315e+03 |   4.69%| unknown
 10.7s|     1 |     0 | 18229 |     - |   209M |   0 |1678 |  20k|  21k|1250 | 15 |   4 |   0 | 3.344115e+03 | 3.499315e+03 |   4.64%| unknown
 11.5s|     1 |     0 | 19640 |     - |   212M |   0 |1678 |  20k|  21k|1311 | 16 |   4 |   0 | 3.345602e+03 | 3.499315e+03 |   4.59%| unknown
 12.3s|     1 |     0 | 21047 |     - |   215M |   0 |1678 |  20k|  21k|1377 | 17 |   4 |   0 | 3.346791e+03 | 3.499315e+03 |   4.56%| unknown
 13.0s|     1 |     0 | 22408 |     - |   218M |   0 |1678 |  20k|  21k|1428 | 18 |   4 |   0 | 3.347720e+03 | 3.499315e+03 |   4.53%| unknown
 13.9s|     1 |     0 | 23998 |     - |   221M |   0 |1678 |  20k|  21k|1484 | 19 |   4 |   0 | 3.349499e+03 | 3.499315e+03 |   4.47%| unknown
 15.0s|     1 |     0 | 25799 |     - |   223M |   0 |1678 |  20k|  21k|1549 | 20 |   4 |   0 | 3.351504e+03 | 3.499315e+03 |   4.41%| unknown
 15.9s|     1 |     0 | 27450 |     - |   224M |   0 |1678 |  20k|  21k|1607 | 21 |   4 |   0 | 3.352697e+03 | 3.499315e+03 |   4.37%| unknown
 16.7s|     1 |     0 | 28789 |     - |   224M |   0 |1678 |  20k|  21k|1657 | 22 |   4 |   0 | 3.353555e+03 | 3.499315e+03 |   4.35%| unknown
 17.7s|     1 |     0 | 30378 |     - |   224M |   0 |1678 |  20k|  21k|1715 | 23 |   4 |   0 | 3.354687e+03 | 3.499315e+03 |   4.31%| unknown
 18.6s|     1 |     0 | 32005 |     - |   226M |   0 |1678 |  20k|  21k|1772 | 24 |   4 |   0 | 3.355429e+03 | 3.499315e+03 |   4.29%| unknown
 19.7s|     1 |     0 | 33699 |     - |   226M |   0 |1678 |  20k|  21k|1819 | 25 |   4 |   0 | 3.356610e+03 | 3.499315e+03 |   4.25%| unknown
 21.0s|     1 |     0 | 35770 |     - |   226M |   0 |1678 |  20k|  21k|1865 | 26 |   4 |   0 | 3.357588e+03 | 3.499315e+03 |   4.22%| unknown
 22.0s|     1 |     0 | 37384 |     - |   227M |   0 |1678 |  20k|  21k|1925 | 27 |   4 |   0 | 3.358307e+03 | 3.499315e+03 |   4.20%| unknown
 23.2s|     1 |     0 | 39120 |     - |   227M |   0 |1678 |  20k|  21k|1994 | 28 |   4 |   0 | 3.359189e+03 | 3.499315e+03 |   4.17%| unknown
 time | node  | left  |LP iter|LP it/n|mem/heur|mdpt |vars |cons |rows |cuts |sepa|confs|strbr|  dualbound   | primalbound  |  gap   | compl. 
 24.2s|     1 |     0 | 40713 |     - |   227M |   0 |1678 |  20k|  21k|2055 | 29 |   4 |   0 | 3.359765e+03 | 3.499315e+03 |   4.15%| unknown
 25.7s|     1 |     0 | 43033 |     - |   229M |   0 |1678 |  20k|  21k|2121 | 30 |   4 |   0 | 3.360817e+03 | 3.499315e+03 |   4.12%| unknown
 27.0s|     1 |     0 | 44804 |     - |   229M |   0 |1678 |  20k|  21k|2186 | 31 |   4 |   0 | 3.361575e+03 | 3.499315e+03 |   4.10%| unknown
 28.9s|     1 |     0 | 47613 |     - |   230M |   0 |1678 |  20k|  21k|2265 | 32 |   4 |   0 | 3.362648e+03 | 3.499315e+03 |   4.06%| unknown
 30.7s|     1 |     0 | 50283 |     - |   231M |   0 |1678 |  20k|  21k|2346 | 33 |   4 |   0 | 3.363624e+03 | 3.499315e+03 |   4.03%| unknown
 32.5s|     1 |     0 | 52649 |     - |   231M |   0 |1678 |  20k|  21k|2425 | 34 |   4 |   0 | 3.364376e+03 | 3.499315e+03 |   4.01%| unknown
 34.5s|     1 |     0 | 55270 |     - |   231M |   0 |1678 |  20k|  21k|2514 | 35 |   4 |   0 | 3.365082e+03 | 3.499315e+03 |   3.99%| unknown
 36.5s|     1 |     0 | 57724 |     - |   231M |   0 |1678 |  20k|  21k|2600 | 36 |   4 |   0 | 3.365659e+03 | 3.499315e+03 |   3.97%| unknown
 38.4s|     1 |     0 | 59874 |     - |   233M |   0 |1678 |  20k|  21k|2673 | 37 |   4 |   0 | 3.366176e+03 | 3.499315e+03 |   3.96%| unknown
 40.1s|     1 |     0 | 61877 |     - |   233M |   0 |1678 |  20k|  22k|2741 | 38 |   4 |   0 | 3.366576e+03 | 3.499315e+03 |   3.94%| unknown
 42.2s|     1 |     0 | 64309 |     - |   235M |   0 |1678 |  20k|  21k|2822 | 39 |   4 |   0 | 3.367068e+03 | 3.499315e+03 |   3.93%| unknown
 44.7s|     1 |     0 | 67027 |     - |   235M |   0 |1678 |  20k|  21k|2903 | 40 |   4 |   0 | 3.367533e+03 | 3.499315e+03 |   3.91%| unknown
 46.5s|     1 |     0 | 68980 |     - |   235M |   0 |1678 |  20k|  21k|2983 | 41 |   4 |   0 | 3.367842e+03 | 3.499315e+03 |   3.90%| unknown
 48.6s|     1 |     0 | 71152 |     - |   236M |   0 |1678 |  20k|  22k|3081 | 42 |   4 |   0 | 3.368139e+03 | 3.499315e+03 |   3.89%| unknown
 51.1s|     1 |     0 | 73779 |     - |   238M |   0 |1678 |  20k|  22k|3163 | 43 |   4 |   0 | 3.368488e+03 | 3.499315e+03 |   3.88%| unknown
 time | node  | left  |LP iter|LP it/n|mem/heur|mdpt |vars |cons |rows |cuts |sepa|confs|strbr|  dualbound   | primalbound  |  gap   | compl. 
 53.7s|     1 |     0 | 76351 |     - |   238M |   0 |1678 |  20k|  22k|3253 | 44 |   4 |   0 | 3.368787e+03 | 3.499315e+03 |   3.87%| unknown
 56.4s|     1 |     0 | 79210 |     - |   239M |   0 |1678 |  20k|  21k|3330 | 45 |   4 |   0 | 3.369070e+03 | 3.499315e+03 |   3.87%| unknown
 59.1s|     1 |     0 | 82065 |     - |   239M |   0 |1678 |  20k|  22k|3404 | 46 |   4 |   0 | 3.369341e+03 | 3.499315e+03 |   3.86%| unknown
 61.3s|     1 |     0 | 84490 |     - |   239M |   0 |1678 |  20k|  22k|3471 | 47 |   4 |   0 | 3.369578e+03 | 3.499315e+03 |   3.85%| unknown
 63.7s|     1 |     0 | 87119 |     - |   239M |   0 |1678 |  20k|  22k|3530 | 48 |   4 |   0 | 3.369855e+03 | 3.499315e+03 |   3.84%| unknown
 66.1s|     1 |     0 | 89417 |     - |   239M |   0 |1678 |  20k|  22k|3591 | 49 |   4 |   0 | 3.370060e+03 | 3.499315e+03 |   3.84%| unknown
 68.4s|     1 |     0 | 91913 |     - |   240M |   0 |1678 |  20k|  22k|3655 | 50 |   4 |   0 | 3.370281e+03 | 3.499315e+03 |   3.83%| unknown
 71.0s|     1 |     0 | 94854 |     - |   240M |   0 |1678 |  20k|  21k|3708 | 51 |   4 |   0 | 3.370463e+03 | 3.499315e+03 |   3.82%| unknown
 73.4s|     1 |     0 | 97412 |     - |   240M |   0 |1678 |  20k|  21k|3765 | 52 |   4 |   0 | 3.370635e+03 | 3.499315e+03 |   3.82%| unknown
 76.0s|     1 |     0 |100316 |     - |   240M |   0 |1678 |  20k|  22k|3820 | 53 |   4 |   0 | 3.370836e+03 | 3.499315e+03 |   3.81%| unknown
r76.7s|     1 |     0 |101390 |     - |intshift|   0 |1678 |  20k|  22k|3820 | 53 |   4 |   0 | 3.370836e+03 | 3.452433e+03 |   2.42%| unknown
o85.8s|     1 |     0 |115677 |     - |feaspump|   0 |1678 |  20k|  22k|3820 | 53 |   4 |   0 | 3.370836e+03 | 3.399774e+03 |   0.86%| unknown
L94.1s|     1 |     0 |128185 |     - |    alns|   0 |1678 |  20k|  22k|3820 | 53 |  11 |   0 | 3.370836e+03 | 3.397530e+03 |   0.79%| unknown
 94.2s|     1 |     0 |128185 |     - |   242M |   0 |1678 |  20k|  22k|3820 | 53 |  11 |   0 | 3.370836e+03 | 3.397530e+03 |   0.79%| unknown
 94.3s|     1 |     0 |128185 |     - |   242M |   0 |1678 |  20k|  21k|3820 | 53 |  11 |   0 | 3.370836e+03 | 3.397530e+03 |   0.79%| unknown
 time | node  | left  |LP iter|LP it/n|mem/heur|mdpt |vars |cons |rows |cuts |sepa|confs|strbr|  dualbound   | primalbound  |  gap   | compl. 
 97.1s|     1 |     0 |131331 |     - |   242M |   0 |1678 |  20k|  22k|3876 | 54 |  11 |   0 | 3.371090e+03 | 3.397530e+03 |   0.78%| unknown
 98.8s|     1 |     0 |133087 |     - |   243M |   0 |1678 |  20k|  22k|3924 | 55 |  11 |   0 | 3.371167e+03 | 3.397530e+03 |   0.78%| unknown
  120s|     1 |     2 |133087 |     - |   243M |   0 |1678 |  19k|  22k|3924 | 55 |  11 |  21 | 3.371205e+03 | 3.397530e+03 |   0.78%| unknown
d 268s|    10 |    11 |146496 |4587.1 |pscostdi|   8 |1678 |  19k|  20k|   0 |  1 |  11 | 217 | 3.371235e+03 | 3.387485e+03 |   0.48%| unknown
o 412s|    21 |    22 |419309 |15704.9 |objpscos|   8 |1678 |  19k|  20k|3924 |  1 |  13 | 233 | 3.371268e+03 | 3.385103e+03 |   0.41%| unknown
d 437s|    24 |    25 |465544 |15666.6 |guideddi|   8 |1678 |  19k|  20k|   0 |  2 |  14 | 233 | 3.371268e+03 | 3.383670e+03 |   0.37%| unknown
d 446s|    25 |    26 |484904 |15820.5 |pscostdi|   8 |1678 |  19k|  20k|   0 |  1 |  17 | 233 | 3.371268e+03 | 3.383496e+03 |   0.36%| unknown
d 454s|    26 |    27 |500294 |15803.3 |guideddi|   8 |1678 |  19k|  20k|   0 |  1 |  17 | 233 | 3.371268e+03 | 3.380486e+03 |   0.27%| unknown
d 515s|    31 |    32 |611554 |16878.1 |pscostdi|   8 |1678 |  19k|  20k|   0 |  1 |  17 | 233 | 3.371286e+03 | 3.378627e+03 |   0.22%| unknown
d 564s|    41 |    42 |673381 |14204.2 |guideddi|   8 |1678 |  19k|  20k|   0 |  1 |  18 | 245 | 3.371286e+03 | 3.378072e+03 |   0.20%| unknown
L 713s|    66 |    63 |851510 |11481.5 |    alns|  20 |1678 |  19k|  21k|4407 |  2 |  28 | 288 | 3.371286e+03 | 3.378004e+03 |   0.20%| unknown
  977s|   100 |    89 |  1209k|11151.5 |   250M |  28 |1678 |  19k|  21k|4705 |  1 |  39 | 370 | 3.371316e+03 | 3.378004e+03 |   0.20%| unknown
L1202s|   145 |   116 |  1483k|9573.6 |    alns|  40 |1678 |  19k|  21k|5304 |  2 |  51 | 450 | 3.371316e+03 | 3.377911e+03 |   0.20%| unknown
 1385s|   200 |   135 |  1676k|7897.0 |   255M |  53 |1678 |  19k|  21k|5620 |  1 |  60 | 551 | 3.371383e+03 | 3.377911e+03 |   0.19%|   2.08%
 1848s|   300 |   169 |  2133k|6784.9 |   274M |  55 |1678 |  20k|  21k|7569 |  3 |  95 | 838 | 3.371416e+03 | 3.377911e+03 |   0.19%|   3.08%
 time | node  | left  |LP iter|LP it/n|mem/heur|mdpt |vars |cons |rows |cuts |sepa|confs|strbr|  dualbound   | primalbound  |  gap   | compl. 
*2015s|   338 |   170 |  2317k|6563.4 |    LP  |  60 |1678 |  20k|  21k|8598 | 23 | 127 | 971 | 3.371425e+03 | 3.377820e+03 |   0.19%|   3.40%
*2028s|   353 |   173 |  2339k|6346.3 |    LP  |  62 |1678 |  20k|  21k|8690 |  2 | 137 | 984 | 3.371425e+03 | 3.377817e+03 |   0.19%|   3.41%
*2030s|   355 |   171 |  2343k|6322.8 |    LP  |  62 |1678 |  20k|  21k|8690 |  2 | 137 | 984 | 3.371425e+03 | 3.377809e+03 |   0.19%|   3.42%
*2133s|   395 |   180 |  2441k|5929.2 |    LP  |  65 |1678 |  20k|  21k|9167 |  2 | 162 |1107 | 3.371452e+03 | 3.377796e+03 |   0.19%|   4.29%
 2133s|   400 |   177 |  2441k|5855.1 |   280M |  65 |1678 |  20k|  21k|9167 |  0 | 162 |1107 | 3.371452e+03 | 3.377796e+03 |   0.19%|   4.30%
*2285s|   440 |   187 |  2587k|5654.0 |    LP  |  65 |1678 |  20k|  21k|9469 |  1 | 186 |1272 | 3.371463e+03 | 3.377773e+03 |   0.19%|   5.72%
 2449s|   500 |   189 |  2744k|5288.6 |   288M |  65 |1678 |  20k|  21k|9849 |  0 | 249 |1439 | 3.371466e+03 | 3.377773e+03 |   0.19%|   6.20%
*2812s|   594 |   221 |  3149k|5133.4 |    LP  |  70 |1678 |  20k|  22k|  11k| 13 | 282 |1658 | 3.371512e+03 | 3.377735e+03 |   0.18%|   6.71%
*2812s|   595 |   185 |  3149k|5125.1 |    LP  |  70 |1678 |  20k|  21k|  11k|  1 | 282 |1658 | 3.371512e+03 | 3.377123e+03 |   0.17%|   6.72%
 2825s|   600 |   182 |  3168k|5114.5 |   291M |  70 |1678 |  20k|  21k|  11k|  0 | 282 |1662 | 3.371512e+03 | 3.377123e+03 |   0.17%|   6.76%
*2839s|   611 |   182 |  3193k|5063.0 |    LP  |  70 |1678 |  20k|  21k|  11k|  1 | 283 |1665 | 3.371512e+03 | 3.377063e+03 |   0.16%|   6.76%
*2851s|   623 |   173 |  3212k|4995.2 |    LP  |  70 |1678 |  20k|  21k|  11k|  5 | 286 |1675 | 3.371512e+03 | 3.376937e+03 |   0.16%|   6.76%
*2851s|   624 |   172 |  3212k|4987.2 |    LP  |  70 |1678 |  20k|  21k|  11k|  2 | 286 |1675 | 3.371512e+03 | 3.376922e+03 |   0.16%|   6.76%
 3168s|   700 |   180 |  3458k|4797.4 |   297M |  70 |1678 |  20k|  21k|  12k|  0 | 319 |1919 | 3.371520e+03 | 3.376922e+03 |   0.16%|  10.87%
 3476s|   800 |   182 |  3744k|4555.0 |   305M |  70 |1678 |  20k|  21k|  12k|  2 | 449 |2280 | 3.371520e+03 | 3.376922e+03 |   0.16%|  12.08%
 time | node  | left  |LP iter|LP it/n|mem/heur|mdpt |vars |cons |rows |cuts |sepa|confs|strbr|  dualbound   | primalbound  |  gap   | compl. 
 3845s|   900 |   192 |  4127k|4473.9 |   311M |  70 |1678 |  20k|  21k|  14k|  1 | 531 |2540 | 3.371528e+03 | 3.376922e+03 |   0.16%|  14.51%
 4359s|  1000 |   186 |  4781k|4681.0 |   352M |  70 |1678 |  20k|  21k|  15k|  1 | 619 |2821 | 3.371541e+03 | 3.376922e+03 |   0.16%|  18.25%
 4596s|  1100 |   184 |  5063k|4511.5 |   356M |  70 |1678 |  20k|  21k|  16k|  0 | 690 |3000 | 3.371541e+03 | 3.376922e+03 |   0.16%|  19.57%
 4986s|  1200 |   182 |  5515k|4512.3 |   369M |  70 |1678 |  20k|  21k|  17k|  1 | 729 |3137 | 3.371617e+03 | 3.376922e+03 |   0.16%|  22.47%
 5535s|  1300 |   202 |  6019k|4553.0 |   388M |  70 |1678 |  20k|  21k|  19k|  6 | 787 |3410 | 3.371623e+03 | 3.376922e+03 |   0.16%|  24.66%
 6066s|  1400 |   230 |  6471k|4550.4 |   391M |  70 |1678 |  20k|  21k|  21k|  0 | 818 |3617 | 3.371623e+03 | 3.376922e+03 |   0.16%|  24.87%
 6460s|  1500 |   256 |  6827k|4484.6 |   403M |  70 |1678 |  20k|  21k|  21k|  0 | 831 |3767 | 3.371623e+03 | 3.376922e+03 |   0.16%|  24.87%
 6768s|  1600 |   290 |  7136k|4397.3 |   420M |  70 |1678 |  20k|  21k|  22k|  1 | 846 |3923 | 3.371639e+03 | 3.376922e+03 |   0.16%|  25.01%
*6820s|  1611 |   277 |  7215k|4416.4 |    LP  |  70 |1678 |  20k|  22k|  22k|  7 | 853 |3935 | 3.371639e+03 | 3.376761e+03 |   0.15%|  25.01%
*6912s|  1637 |   258 |  7326k|4414.2 |    LP  |  70 |1678 |  20k|  22k|  23k|  2 | 856 |3956 | 3.371646e+03 | 3.376497e+03 |   0.14%|  25.30%
*6957s|  1666 |   259 |  7403k|4383.3 |    LP  |  70 |1678 |  20k|  21k|  23k|  3 | 865 |3986 | 3.371646e+03 | 3.376491e+03 |   0.14%|  25.36%
*6959s|  1677 |   263 |  7407k|4356.7 |    LP  |  70 |1678 |  20k|  21k|  23k|  2 | 865 |3992 | 3.371646e+03 | 3.376469e+03 |   0.14%|  25.36%
*6959s|  1679 |   261 |  7407k|4351.8 |    LP  |  70 |1678 |  20k|  22k|  23k|  1 | 865 |3992 | 3.371646e+03 | 3.376467e+03 |   0.14%|  25.36%
*7025s|  1700 |   248 |  7486k|4344.6 |    LP  |  70 |1678 |  20k|  22k|  23k|  6 | 867 |4017 | 3.371654e+03 | 3.376373e+03 |   0.14%|  25.59%
*7077s|  1726 |   247 |  7551k|4316.6 |    LP  |  70 |1678 |  20k|  21k|  23k|  5 | 867 |4035 | 3.371654e+03 | 3.376352e+03 |   0.14%|  25.77%
 time | node  | left  |LP iter|LP it/n|mem/heur|mdpt |vars |cons |rows |cuts |sepa|confs|strbr|  dualbound   | primalbound  |  gap   | compl. 
*7096s|  1738 |   245 |  7587k|4307.4 |    LP  |  70 |1678 |  20k|  21k|  24k|  2 | 869 |4039 | 3.371654e+03 | 3.376312e+03 |   0.14%|  25.77%
*7100s|  1742 |   237 |  7594k|4301.4 |    LP  |  70 |1678 |  20k|  21k|  24k|  2 | 869 |4039 | 3.371654e+03 | 3.376251e+03 |   0.14%|  25.78%
*7102s|  1743 |   234 |  7597k|4301.2 |strongbr|  70 |1678 |  20k|  21k|  24k|  3 | 869 |4039 | 3.371654e+03 | 3.376232e+03 |   0.14%|  25.78%
*7136s|  1749 |   218 |  7652k|4317.8 |    LP  |  70 |1678 |  20k|  22k|  24k| 14 | 869 |4040 | 3.371654e+03 | 3.376171e+03 |   0.13%|  25.82%
 7329s|  1800 |   219 |  7897k|4331.2 |   429M |  70 |1678 |  20k|  21k|  24k|  1 | 876 |4076 | 3.371658e+03 | 3.376171e+03 |   0.13%|  26.57%
 7688s|  1900 |   217 |  8364k|4349.3 |   484M |  70 |1678 |  20k|  21k|  26k|  4 | 904 |4149 | 3.371679e+03 | 3.376171e+03 |   0.13%|  27.73%
*7918s|  1975 |   224 |  8651k|4329.4 |    LP  |  70 |1678 |  20k|  21k|  27k|  2 | 919 |4203 | 3.371687e+03 | 3.376169e+03 |   0.13%|  28.63%
 8008s|  2000 |   223 |  8734k|4316.8 |   526M |  70 |1678 |  20k|  21k|  27k|  4 | 943 |4251 | 3.371687e+03 | 3.376169e+03 |   0.13%|  28.82%
 8488s|  2100 |   213 |  9233k|4348.9 |   581M |  70 |1678 |  20k|  21k|  29k|  1 |1030 |4477 | 3.371689e+03 | 3.376169e+03 |   0.13%|  30.27%
*8556s|  2122 |   215 |  9309k|4339.6 |    LP  |  70 |1678 |  20k|  21k|  29k| 11 |1039 |4506 | 3.371689e+03 | 3.376138e+03 |   0.13%|  30.27%
*8573s|  2130 |   202 |  9327k|4331.8 |    LP  |  70 |1678 |  20k|  21k|  29k|  3 |1045 |4514 | 3.371689e+03 | 3.375963e+03 |   0.13%|  30.37%
 8932s|  2200 |   210 |  9653k|4342.0 |   596M |  70 |1678 |  20k|  21k|  30k|  2 |1093 |4641 | 3.371696e+03 | 3.375963e+03 |   0.13%|  31.25%
 9313s|  2300 |   204 | 10037k|4320.1 |   623M |  70 |1678 |  20k|  21k|  31k|  2 |1142 |4796 | 3.371728e+03 | 3.375963e+03 |   0.13%|  32.65%
 9772s|  2400 |   224 | 10482k|4325.9 |   644M |  70 |1678 |  20k|  21k|  32k|  1 |1174 |4926 | 3.371730e+03 | 3.375963e+03 |   0.13%|  33.03%
  168m|  2500 |   228 | 10801k|4280.4 |   654M |  70 |1678 |  20k|  21k|  33k|  0 |1199 |5022 | 3.371733e+03 | 3.375963e+03 |   0.13%|  34.09%
 time | node  | left  |LP iter|LP it/n|mem/heur|mdpt |vars |cons |rows |cuts |sepa|confs|strbr|  dualbound   | primalbound  |  gap   | compl. 
  178m|  2600 |   234 | 11386k|4340.5 |   665M |  70 |1678 |  20k|  21k|  35k|  2 |1223 |5135 | 3.371807e+03 | 3.375963e+03 |   0.12%|  35.21%
  184m|  2700 |   246 | 11801k|4333.4 |   673M |  70 |1678 |  20k|  21k|  36k|  0 |1236 |5218 | 3.371864e+03 | 3.375963e+03 |   0.12%|  36.17%
* 188m|  2747 |   247 | 12009k|4335.3 |    LP  |  70 |1678 |  20k|  21k|  37k|  2 |1258 |5299 | 3.371871e+03 | 3.375955e+03 |   0.12%|  37.24%
  191m|  2800 |   250 | 12168k|4309.8 |   674M |  70 |1678 |  20k|  21k|  37k|  0 |1269 |5378 | 3.371871e+03 | 3.375955e+03 |   0.12%|  37.39%
  196m|  2900 |   252 | 12514k|4280.5 |   675M |  70 |1678 |  20k|  21k|  38k|  1 |1309 |5505 | 3.371871e+03 | 3.375955e+03 |   0.12%|  37.50%
  201m|  3000 |   252 | 12791k|4230.2 |   676M |  70 |1678 |  20k|  21k|  38k|  0 |1368 |5680 | 3.371871e+03 | 3.375955e+03 |   0.12%|  38.49%
  208m|  3100 |   250 | 13219k|4231.6 |   677M |  70 |1678 |  20k|  21k|  40k|  1 |1423 |5827 | 3.371882e+03 | 3.375955e+03 |   0.12%|  39.14%
  217m|  3200 |   244 | 13731k|4259.6 |   681M |  70 |1678 |  20k|  21k|  41k|  0 |1463 |5914 | 3.371890e+03 | 3.375955e+03 |   0.12%|  40.67%
  228m|  3300 |   252 | 14271k|4294.2 |   698M |  70 |1678 |  20k|  21k|  43k|  1 |1533 |6226 | 3.371942e+03 | 3.375955e+03 |   0.12%|  41.77%
  236m|  3400 |   260 | 14697k|4293.1 |   705M |  70 |1678 |  20k|  21k|  43k|  1 |1581 |6399 | 3.372035e+03 | 3.375955e+03 |   0.12%|  42.73%

SCIP Status        : solving was interrupted [time limit reached]
Solving Time (sec) : 14400.00
Solving Nodes      : 3457
Primal Bound       : +3.37595514863524e+03 (68 solutions)
Dual Bound         : +3.37203508128410e+03
Gap                : 0.12 %

primal solution (original space):
=================================

objective value:                     3375.95514863524
z#2                                                 1 	(obj:0)
z#3                                                 1 	(obj:0)
z#4                                 0.999999999999828 	(obj:0)
z#10                                 1.00000000000002 	(obj:0)
z#17                                                1 	(obj:0)
z#20                                                1 	(obj:0)
z#24                                 1.00000000000002 	(obj:0)
z#27                                                1 	(obj:0)
z#29                                                1 	(obj:0)
z#31                                                1 	(obj:0)
z#50                                                1 	(obj:0)
z#53                                  1.0000000000001 	(obj:0)
z#65                                                1 	(obj:0)
z#77                                                1 	(obj:0)
z#79                                 1.00000000000007 	(obj:0)
z#81                                                1 	(obj:0)
z#86                                                1 	(obj:0)
z#95                                                1 	(obj:0)
z#100                                               1 	(obj:0)
z#101                                               1 	(obj:0)
z#110                                               1 	(obj:0)
z#112                                               1 	(obj:0)
z#113                                1.00000000000011 	(obj:0)
z#114                                1.00000000000009 	(obj:0)
z#121                                               1 	(obj:0)
z#123                                1.00000000000002 	(obj:0)
z#127                                1.00000000000009 	(obj:0)
z#138                                               1 	(obj:0)
z#140                                               1 	(obj:0)
z#145                                               1 	(obj:0)
z#148                                1.00000000000008 	(obj:0)
z#149                                1.00000000000006 	(obj:0)
z#151                                               1 	(obj:0)
z#159                                               1 	(obj:0)
z#164                                               1 	(obj:0)
z#169                               0.999999999999975 	(obj:0)
z#172                                               1 	(obj:0)
z#173                                               1 	(obj:0)
z#184                                               1 	(obj:0)
z#187                                               1 	(obj:0)
z#191                                               1 	(obj:0)
z#193                                1.00000000000001 	(obj:0)
z#198                                               1 	(obj:0)
z#199                                               1 	(obj:0)
z#200                                               1 	(obj:0)
z#204                                               1 	(obj:0)
z#206                                               1 	(obj:0)
z#214                                               1 	(obj:0)
z#216                                               1 	(obj:0)
z#219                                               1 	(obj:0)
z#220                                1.00000000000004 	(obj:0)
z#229                                               1 	(obj:0)
z#232                                               1 	(obj:0)
z#236                                               1 	(obj:0)
z#238                                               1 	(obj:0)
z#243                                               1 	(obj:0)
z#258                                               1 	(obj:0)
z#262                                               1 	(obj:0)
z#267                                               1 	(obj:0)
z#273                                               1 	(obj:0)
z#280                               0.999999999999895 	(obj:0)
z#287                                               1 	(obj:0)
z#289                                               1 	(obj:0)
z#300                                               1 	(obj:0)
z#302                                1.00000000000006 	(obj:0)
z#306                                               1 	(obj:0)
z#307                                               1 	(obj:0)
z#312                                               1 	(obj:0)
z#313                                               1 	(obj:0)
z#315                                               1 	(obj:0)
z#316                                               1 	(obj:0)
z#321                                1.00000000000017 	(obj:0)
z#322                                               1 	(obj:0)
z#325                                               1 	(obj:0)
z#332                                               1 	(obj:0)
z#334                                1.00000000000002 	(obj:0)
z#335                                               1 	(obj:0)
z#343                                0.99999999999994 	(obj:0)
z#347                                               1 	(obj:0)
z#354                                               1 	(obj:0)
z#356                                               1 	(obj:0)
z#365                                               1 	(obj:0)
z#368                                               1 	(obj:0)
z#369                                               1 	(obj:0)
z#373                                               1 	(obj:0)
z#385                                               1 	(obj:0)
z#389                                               1 	(obj:0)
z#394                               0.999999999999829 	(obj:0)
z#397                                               1 	(obj:0)
z#400                                               1 	(obj:0)
z#403                                               1 	(obj:0)
z#405                                               1 	(obj:0)
z#409                               0.999999999999949 	(obj:0)
z#419                                               1 	(obj:0)
z#423                                               1 	(obj:0)
z#427                                               1 	(obj:0)
z#433                                               1 	(obj:0)
z#434                                               1 	(obj:0)
z#436                                               1 	(obj:0)
z#439                                               1 	(obj:0)
z#442                               0.999999999999998 	(obj:0)
z#443                                               1 	(obj:0)
z#445                                 1.0000000000001 	(obj:0)
z#448                                               1 	(obj:0)
z#449                                1.00000000000002 	(obj:0)
z#461                               0.999999999999933 	(obj:0)
z#466                                               1 	(obj:0)
z#478                                               1 	(obj:0)
z#487                                               1 	(obj:0)
z#488                                1.00000000000003 	(obj:0)
z#496                                               1 	(obj:0)
z#501                                               1 	(obj:0)
z#502                                               1 	(obj:0)
z#504                                               1 	(obj:0)
z#506                                               1 	(obj:0)
z#508                               0.999999999999979 	(obj:0)
z#509                                               1 	(obj:0)
z#510                                               1 	(obj:0)
z#518                                               1 	(obj:0)
z#519                                               1 	(obj:0)
z#524                                               1 	(obj:0)
z#528                                               1 	(obj:0)
z#529                                               1 	(obj:0)
z#536                               0.999999999999946 	(obj:0)
z#538                                               1 	(obj:0)
z#539                                               1 	(obj:0)
z#542                                               1 	(obj:0)
z#545                                1.00000000000008 	(obj:0)
z#549                                               1 	(obj:0)
z#550                                               1 	(obj:0)
z#554                                               1 	(obj:0)
z#556                                               1 	(obj:0)
z#567                                1.00000000000005 	(obj:0)
z#569                                               1 	(obj:0)
z#573                                               1 	(obj:0)
z#574                                               1 	(obj:0)
z#575                                               1 	(obj:0)
z#577                                               1 	(obj:0)
z#589                                1.00000000000007 	(obj:0)
z#590                               0.999999999999985 	(obj:0)
z#594                                1.00000000000006 	(obj:0)
z#597                                               1 	(obj:0)
z#599                                               1 	(obj:0)
z#614                                               1 	(obj:0)
z#616                                               1 	(obj:0)
z#617                                               1 	(obj:0)
z#622                                               1 	(obj:0)
z#623                                               1 	(obj:0)
z#625                                1.00000000000005 	(obj:0)
z#626                                1.00000000000006 	(obj:0)
z#627                                               1 	(obj:0)
z#630                                1.00000000000005 	(obj:0)
z#631                                               1 	(obj:0)
z#638                                               1 	(obj:0)
z#642                                               1 	(obj:0)
z#644                                               1 	(obj:0)
z#647                                               1 	(obj:0)
z#649                                               1 	(obj:0)
z#651                                               1 	(obj:0)
z#652                                               1 	(obj:0)
z#654                                               1 	(obj:0)
z#657                                               1 	(obj:0)
z#664                                               1 	(obj:0)
z#665                                               1 	(obj:0)
z#670                                               1 	(obj:0)
z#675                                               1 	(obj:0)
z#677                                               1 	(obj:0)
z#678                                               1 	(obj:0)
z#685                                1.00000000000012 	(obj:0)
z#688                               0.999999999999924 	(obj:0)
z#691                                               1 	(obj:0)
z#697                                1.00000000000009 	(obj:0)
z#706                                               1 	(obj:0)
z#707                                1.00000000000004 	(obj:0)
z#709                               0.999999999999953 	(obj:0)
z#714                                               1 	(obj:0)
z#715                                               1 	(obj:0)
z#719                                               1 	(obj:0)
z#721                                               1 	(obj:0)
z#728                                               1 	(obj:0)
z#730                                               1 	(obj:0)
z#732                                               1 	(obj:0)
z#736                                               1 	(obj:0)
z#738                                               1 	(obj:0)
z#745                                1.00000000000003 	(obj:0)
z#749                                               1 	(obj:0)
z#751                                               1 	(obj:0)
z#753                                               1 	(obj:0)
z#754                                               1 	(obj:0)
z#758                                               1 	(obj:0)
z#760                                               1 	(obj:0)
z#767                                1.00000000000003 	(obj:0)
z#771                                               1 	(obj:0)
z#773                                               1 	(obj:0)
z#781                                               1 	(obj:0)
z#794                               0.999999999999995 	(obj:0)
z#799                                               1 	(obj:0)
z#805                                               1 	(obj:0)
z#811                                               1 	(obj:0)
z#812                                               1 	(obj:0)
z#817                                               1 	(obj:0)
z#821                                               1 	(obj:0)
z#824                                               1 	(obj:0)
z#830                               0.999999999999999 	(obj:0)
z#831                                               1 	(obj:0)
z#834                                               1 	(obj:0)
z#835                                               1 	(obj:0)
z#836                                               1 	(obj:0)
z#840                                               1 	(obj:0)
z#843                                1.00000000000005 	(obj:0)
z#845                                               1 	(obj:0)
z#846                                               1 	(obj:0)
z#847                                               1 	(obj:0)
z#851                                               1 	(obj:0)
z#854                                               1 	(obj:0)
z#855                                               1 	(obj:0)
z#858                                               1 	(obj:0)
z#867                                1.00000000000001 	(obj:0)
z#872                                               1 	(obj:0)
z#875                                               1 	(obj:0)
z#878                                1.00000000000032 	(obj:0)
z#879                                               1 	(obj:0)
z#886                                               1 	(obj:0)
z#887                                               1 	(obj:0)
z#894                                               1 	(obj:0)
z#895                                               1 	(obj:0)
z#900                                               1 	(obj:0)
z#906                                               1 	(obj:0)
z#908                                               1 	(obj:0)
z#910                                               1 	(obj:0)
z#919                                               1 	(obj:0)
z#930                                               1 	(obj:0)
z#936                                1.00000000000009 	(obj:0)
z#937                                               1 	(obj:0)
z#939                                               1 	(obj:0)
z#942                                               1 	(obj:0)
z#943                                               1 	(obj:0)
z#947                                1.00000000000016 	(obj:0)
z#948                                               1 	(obj:0)
z#956                                               1 	(obj:0)
z#958                                               1 	(obj:0)
z#962                                               1 	(obj:0)
z#967                                               1 	(obj:0)
z#971                                               1 	(obj:0)
z#975                                               1 	(obj:0)
z#979                                1.00000000000009 	(obj:0)
z#990                                1.00000000000005 	(obj:0)
z#993                                1.00000000000003 	(obj:0)
z#999                                               1 	(obj:0)
z#1001                                1.0000000000002 	(obj:0)
z#1005                               1.00000000000004 	(obj:0)
z#1010                                              1 	(obj:0)
z#1011                                              1 	(obj:0)
z#1013                                              1 	(obj:0)
z#1014                                              1 	(obj:0)
z#1018                                              1 	(obj:0)
z#1024                               1.00000000000003 	(obj:0)
z#1025                                              1 	(obj:0)
z#1030                                              1 	(obj:0)
z#1036                               1.00000000000005 	(obj:0)
z#1040                                              1 	(obj:0)
z#1043                                              1 	(obj:0)
z#1045                                              1 	(obj:0)
z#1055                                              1 	(obj:0)
z#1056                                              1 	(obj:0)
z#1058                                              1 	(obj:0)
z#1059                                              1 	(obj:0)
z#1064                                              1 	(obj:0)
z#1066                                              1 	(obj:0)
z#1073                                              1 	(obj:0)
z#1081                                              1 	(obj:0)
z#1085                                              1 	(obj:0)
z#1087                                              1 	(obj:0)
z#1094                              0.999999999999932 	(obj:0)
z#1097                                              1 	(obj:0)
z#1101                                              1 	(obj:0)
z#1102                               1.00000000000007 	(obj:0)
z#1107                                              1 	(obj:0)
z#1112                                              1 	(obj:0)
z#1113                                              1 	(obj:0)
z#1120                                              1 	(obj:0)
z#1121                                              1 	(obj:0)
z#1125                                              1 	(obj:0)
z#1127                              0.999999999999881 	(obj:0)
z#1128                                              1 	(obj:0)
z#1129                                              1 	(obj:0)
z#1130                                              1 	(obj:0)
z#1136                                              1 	(obj:0)
z#1139                                              1 	(obj:0)
z#1149                               1.00000000000002 	(obj:0)
z#1155                                              1 	(obj:0)
z#1156                              0.999999999999714 	(obj:0)
z#1163                                              1 	(obj:0)
z#1167                                              1 	(obj:0)
z#1171                                              1 	(obj:0)
z#1174                              0.999999999999972 	(obj:0)
z#1191                                              1 	(obj:0)
z#1195                                              1 	(obj:0)
z#1200                                              1 	(obj:0)
z#1205                                              1 	(obj:0)
z#1207                              0.999999999999939 	(obj:0)
z#1208                              0.999999999999931 	(obj:0)
z#1210                                              1 	(obj:0)
z#1215                              0.999999999999996 	(obj:0)
z#1219                                              1 	(obj:0)
z#1237                                              1 	(obj:0)
z#1245                               1.00000000000002 	(obj:0)
z#1247                                              1 	(obj:0)
z#1252                                              1 	(obj:0)
z#1253                                              1 	(obj:0)
z#1255                                              1 	(obj:0)
z#1269                                              1 	(obj:0)
z#1270                                              1 	(obj:0)
z#1274                                              1 	(obj:0)
z#1282                                              1 	(obj:0)
z#1284                                              1 	(obj:0)
z#1285                                              1 	(obj:0)
z#1287                                              1 	(obj:0)
z#1298                                              1 	(obj:0)
z#1303                                              1 	(obj:0)
z#1307                              0.999999999999884 	(obj:0)
z#1308                                              1 	(obj:0)
z#1310                                              1 	(obj:0)
z#1312                                              1 	(obj:0)
z#1319                              0.999999999999967 	(obj:0)
z#1326                                              1 	(obj:0)
z#1332                                              1 	(obj:0)
z#1336                               1.00000000000007 	(obj:0)
z#1344                                              1 	(obj:0)
z#1347                                              1 	(obj:0)
z#1355                                0.9999999999999 	(obj:0)
z#1358                                              1 	(obj:0)
z#1361                                              1 	(obj:0)
z#1362                                              1 	(obj:0)
z#1364                                              1 	(obj:0)
z#1366                                              1 	(obj:0)
z#1368                                              1 	(obj:0)
z#1374                                              1 	(obj:0)
z#1384                                              1 	(obj:0)
z#1385                                              1 	(obj:0)
z#1386                                              1 	(obj:0)
z#1394                                              1 	(obj:0)
z#1396                               1.00000000000005 	(obj:0)
z#1399                                              1 	(obj:0)
z#1403                               1.00000000000022 	(obj:0)
z#1411                                              1 	(obj:0)
z#1413                                              1 	(obj:0)
z#1418                                              1 	(obj:0)
z#1421                                              1 	(obj:0)
z#1422                                              1 	(obj:0)
z#1432                                              1 	(obj:0)
z#1434                                              1 	(obj:0)
z#1436                                              1 	(obj:0)
z#1438                                              1 	(obj:0)
z#1446                                              1 	(obj:0)
z#1448                                              1 	(obj:0)
z#1451                                              1 	(obj:0)
z#1454                                              1 	(obj:0)
z#1455                                              1 	(obj:0)
z#1459                                              1 	(obj:0)
z#1462                                              1 	(obj:0)
z#1464                                              1 	(obj:0)
z#1466                                              1 	(obj:0)
z#1467                                              1 	(obj:0)
z#1475                                              1 	(obj:0)
z#1476                                              1 	(obj:0)
z#1486                                              1 	(obj:0)
z#1489                              0.999999999999943 	(obj:0)
z#1494                                              1 	(obj:0)
z#1500                                              1 	(obj:0)
z#1501                               1.00000000000004 	(obj:0)
z#1502                                              1 	(obj:0)
z#1514                                              1 	(obj:0)
z#1515                                              1 	(obj:0)
z#1517                                              1 	(obj:0)
z#1519                                              1 	(obj:0)
z#1522                                              1 	(obj:0)
z#1523                                              1 	(obj:0)
z#1525                                              1 	(obj:0)
z#1534                                              1 	(obj:0)
z#1536                                              1 	(obj:0)
z#1537                                              1 	(obj:0)
z#1540                                              1 	(obj:0)
z#1553                                              1 	(obj:0)
z#1555                                              1 	(obj:0)
z#1558                                              1 	(obj:0)
z#1566                                              1 	(obj:0)
z#1568                              0.999999999999936 	(obj:0)
z#1571                                              1 	(obj:0)
z#1574                                              1 	(obj:0)
z#1591                                              1 	(obj:0)
z#1592                                              1 	(obj:0)
z#1593                                              1 	(obj:0)
z#1600                               1.00000000000002 	(obj:0)
z#1608                                              1 	(obj:0)
z#1609                               1.00000000000003 	(obj:0)
z#1610                                              1 	(obj:0)
z#1615                                              1 	(obj:0)
z#1616                                              1 	(obj:0)
z#1620                                              1 	(obj:0)
y#31#42                              75.8508900523557 	(obj:0)
y#35#39                               68.085942971486 	(obj:0)
x#2                                  726.173388742639 	(obj:0.83)
x#5                                  67.3834208990076 	(obj:1.01)
x#6                                  502.622207681211 	(obj:0.85)
x#10                                 1156.03747206962 	(obj:0.83)
x#12                                 90.1044834307996 	(obj:0.9)
x#19                                 933.023072574248 	(obj:0.81)
x#27                                 105.152702702703 	(obj:0.92)
x#28                                 153.350105833764 	(obj:0.88)
x#31                                 212.799581246833 	(obj:0.88)
x#35                                  68.085942971486 	(obj:0.92)
y#2#1                                72.2481958762887 	(obj:0)
y#2#7                                69.5738809640925 	(obj:0)
y#2#10                                47.239469808542 	(obj:0)
y#2#24                               59.2230116648992 	(obj:0)
y#2#25                               75.1444741057128 	(obj:0)
y#2#28                                76.247756097561 	(obj:0)
y#2#37                               88.0637560637563 	(obj:0)
y#2#41                               80.0236619718311 	(obj:0)
y#2#43                                91.311961722488 	(obj:0)
y#2#44                               67.0972204674669 	(obj:0)
y#5#4                                67.3834208990076 	(obj:0)
y#6#6                                91.2341890315053 	(obj:0)
y#6#14                               77.4111056751467 	(obj:0)
y#6#19                               51.8553589484329 	(obj:0)
y#6#30                               48.9455963764468 	(obj:0)
y#6#34                               64.7194900849858 	(obj:0)
y#6#45                               87.3386104218361 	(obj:0)
y#6#47                               81.1178571428573 	(obj:0)
y#10#2                               109.693461265103 	(obj:0)
y#10#5                               121.279508196721 	(obj:0)
y#10#9                                 77.04898630137 	(obj:0)
y#10#13                              96.3555637982196 	(obj:0)
y#10#17                              91.4942759015456 	(obj:0)
y#10#20                               59.389173405211 	(obj:0)
y#10#21                              86.9387507229612 	(obj:0)
y#10#22                              95.2816638370118 	(obj:0)
y#10#23                              85.6806539509537 	(obj:0)
y#10#29                              52.3966057441252 	(obj:0)
y#10#31                              113.342108667529 	(obj:0)
y#10#35                              71.5653233830844 	(obj:0)
y#10#48                              95.5713968957869 	(obj:0)
y#12#11                              90.1044834307996 	(obj:0)
y#19#0                               65.4282316442606 	(obj:0)
y#19#8                                93.582606023356 	(obj:0)
y#19#16                              84.5495365602472 	(obj:0)
y#19#26                              86.5940981432361 	(obj:0)
y#19#27                              78.9531967721912 	(obj:0)
y#19#33                              89.6548801870251 	(obj:0)
y#19#36                              82.8165144061841 	(obj:0)
y#19#38                              68.4631217838766 	(obj:0)
y#19#40                               94.831715210356 	(obj:0)
y#19#46                              107.129815303431 	(obj:0)
y#19#49                              81.0193565400846 	(obj:0)
y#27#3                               105.152702702703 	(obj:0)
y#28#12                              91.3120289106867 	(obj:0)
y#28#15                              62.0380769230769 	(obj:0)
y#31#18                              67.9253983582809 	(obj:0)
y#31#32                              69.0232928361961 	(obj:0)
v#0                                          126.5382 	(obj:0)
v#1                                          112.1292 	(obj:0)
v#2                                          154.3387 	(obj:0)
v#3                                          171.1886 	(obj:0)
v#4                                          115.4278 	(obj:0)
v#5                                          192.3493 	(obj:0)
v#6                                          156.3754 	(obj:0)
v#7                                          141.4437 	(obj:0)
v#8                                          152.2589 	(obj:0)
v#9                                          140.6144 	(obj:0)
v#10                                          96.2268 	(obj:0)
v#11                                 138.670800000001 	(obj:0)
v#12                                         176.8714 	(obj:0)
v#13                                         129.8873 	(obj:0)
v#14                                         158.2283 	(obj:0)
v#15                                          96.7794 	(obj:0)
v#16                                         164.1952 	(obj:0)
v#17                                         159.8405 	(obj:0)
v#18                                         140.6735 	(obj:0)
v#19                                         102.5699 	(obj:0)
v#20                                         132.2003 	(obj:0)
v#21                                         150.3171 	(obj:0)
v#22                                         168.3627 	(obj:0)
v#23                                          157.224 	(obj:0)
v#24                                         111.6946 	(obj:0)
v#25                                         140.7456 	(obj:0)
v#26                                         130.5839 	(obj:0)
v#27                                         127.1936 	(obj:0)
v#28                                         156.3079 	(obj:0)
v#29                                         100.3395 	(obj:0)
v#30                                 97.2548999999998 	(obj:0)
v#31                                         175.2269 	(obj:0)
v#32                                         164.7586 	(obj:0)
v#33                                         153.3995 	(obj:0)
v#34                                         114.2299 	(obj:0)
v#35                                         143.8463 	(obj:0)
v#36                                         117.8479 	(obj:0)
v#37                                          127.076 	(obj:0)
v#38                                          119.742 	(obj:0)
v#39                                 136.103800000001 	(obj:0)
v#40                                          146.515 	(obj:0)
v#41                                          142.042 	(obj:0)
v#42                                 144.875199999999 	(obj:0)
v#43                                         171.7578 	(obj:0)
v#44                                         106.2149 	(obj:0)
v#45                                         175.9873 	(obj:0)
v#46                                 162.408800000001 	(obj:0)
v#47                                         134.0067 	(obj:0)
v#48                                         172.4108 	(obj:0)
v#49                                         153.6127 	(obj:0)

Statistics
==========

SCIP Status        : solving was interrupted [time limit reached]
Total Time         :   14400.84
  solving          :   14400.00
  presolving       :       1.37 (included in solving)
  reading          :       0.84
  copying          :       0.58 (14 #copies) (minimal 0.04, maximal 0.04, average 0.04)
Original Problem   :
  Problem name     : CCRPData/40-50-2000-0
  Variables        : 3713 (1623 binary, 0 integer, 0 implicit integer, 2090 continuous)
  Constraints      : 20092 initial, 20092 maximal
  Objective        : minimize, 40 non-zeros (abs.min = 0.81, abs.max = 1.18)
Presolved Problem  :
  Problem name     : t_CCRPData/40-50-2000-0
  Variables        : 1678 (1622 binary, 0 integer, 0 implicit integer, 56 continuous)
  Constraints      : 20005 initial, 20908 maximal
  Objective        : minimize, 53 non-zeros (abs.min = 0.368664, abs.max = 1.01)
  Nonzeros         : 41631 constraint, 67058 clique table
Presolvers         :   ExecTime  SetupTime  Calls  FixedVars   AggrVars   ChgTypes  ChgBounds   AddHoles    DelCons    AddCons   ChgSides   ChgCoefs
  boundshift       :       0.00       0.00      0          0          0          0          0          0          0          0          0          0
  convertinttobin  :       0.00       0.00      0          0          0          0          0          0          0          0          0          0
  domcol           :       0.04       0.00      1          0          0          0          0          0          0          0          0          0
  dualagg          :       0.00       0.00      0          0          0          0          0          0          0          0          0          0
  dualcomp         :       0.01       0.00      1          0          0          0          0          0          0          0          0          0
  dualinfer        :       0.00       0.00      0          0          0          0          0          0          0          0          0          0
  dualsparsify     :       0.03       0.00      1          0          0          0          0          0          0          0          0          0
  gateextraction   :       0.00       0.00      0          0          0          0          0          0          0          0          0          0
  implics          :       0.00       0.00      3          0          0          0          0          0          0          0          0          0
  inttobinary      :       0.00       0.00      0          0          0          0          0          0          0          0          0          0
  milp             :       0.13       0.00      1       1020         87          0          0          0      20091      20004          0          0
  qpkktref         :       0.00       0.00      0          0          0          0          0          0          0          0          0          0
  redvub           :       0.00       0.00      0          0          0          0          0          0          0          0          0          0
  sparsify         :       0.01       0.00      1          0          0          0          0          0          0          0          0          0
  stuffing         :       0.00       0.00      0          0          0          0          0          0          0          0          0          0
  trivial          :       0.00       0.00      5          0          0          0          0          0          0          0          0          0
  tworowbnd        :       0.00       0.00      0          0          0          0          0          0          0          0          0          0
  dualfix          :       0.00       0.00      5        928          0          0          0          0          0          0          0          0
  genvbounds       :       0.00       0.00      0          0          0          0          0          0          0          0          0          0
  probing          :       1.03       0.00      1          0          0          0          0          0          0          0          0          0
  pseudoobj        :       0.00       0.00      0          0          0          0          0          0          0          0          0          0
  symmetry         :       0.00       0.00      1          0          0          0          0          0          0          0          0          0
  vbounds          :       0.00       0.00      1          0          0          0          0          0          0          0          0          0
  chancecons       :       0.02       0.00      1          0          0          0          0          0          0          0          0          0
  varbound         :       0.01       0.00      2          0          0          0          0          0          0          0          0          0
  knapsack         :       0.00       0.00      0          0          0          0          0          0          0          0          0          0
  linear           :       0.07       0.00      7          0          0          0         97          0          0          0          0          0
  logicor          :       0.00       0.00      0          0          0          0          0          0          0          0          0          0
  bounddisjunction :       0.00       0.00      0          0          0          0          0          0          0          0          0          0
  benders          :       0.00       0.00      0          0          0          0          0          0          0          0          0          0
  components       :       0.00       0.00      1          0          0          0          0          0          0          0          0          0
  root node        :          -          -      -         73          -          -        114          -          -          -          -          -
Constraints        :     Number  MaxNumber  #Separate #Propagate    #EnfoLP    #EnfoRelax  #EnfoPS    #Check   #ResProp    Cutoffs    DomReds       Cuts    Applied      Conss   Children
  benderslp        :          0          0          0          0       3084          0          0        686          0          0          0          0          0          0          0
  chancecons       :          1          1        911     100616          0          0          0          0          0          5      42384      40211      15677          0          0
  integral         :          0          0          0          0       3084          0          0        686          0          0       3068          0          0       1401       3848
  varbound         :      20000      20000         54     100877         24          0          0        681      10576          0      33881          0          0          0          0
  knapsack         :          1          1         54     100680         24          0          0         81          0         34          0          0          0          0          0
  linear           :          3+         9         54     100852         24          0          0         47        480         99       7931          0          0          0          0
  logicor          :          0+       344         54       7260          0          0          0          0        105          2         23          0          0          0          0
  bounddisjunction :          0+       610          0      11456          0          0          0          0        180          3        115          0          0          0          0
  benders          :          0          0          0          0         24          0          0         45          0          0          0          0          0          0          0
  fixedvar         :          0          0          0          0         24          0          0         45          0          0          0          0          0          0          0
  countsols        :          0          0          0          0         24          0          0         45          0          0          0          0          0          0          0
  components       :          0          0          0          0          0          0          0          0          0          0          0          0          0          0          0
Constraint Timings :  TotalTime  SetupTime   Separate  Propagate     EnfoLP     EnfoPS     EnfoRelax   Check    ResProp    SB-Prop
  benderslp        :       0.00       0.00       0.00       0.00       0.00       0.00       0.00       0.00       0.00       0.00
  chancecons       :       9.32       0.00       1.55       5.90       0.00       0.00       0.00       0.00       0.00       1.86
  integral         :    3409.54       0.00       0.00       0.00    3409.53       0.00       0.00       0.00       0.00       0.00
  varbound         :       3.38       0.00       0.07       1.73       0.00       0.00       0.00       0.07       0.00       1.51
  knapsack         :       1.46       0.00       1.18       0.23       0.00       0.00       0.00       0.00       0.00       0.04
  linear           :       0.24       0.00       0.00       0.14       0.00       0.00       0.00       0.00       0.00       0.09
  logicor          :       0.04       0.00       0.00       0.02       0.00       0.00       0.00       0.00       0.00       0.02
  bounddisjunction :       0.10       0.00       0.00       0.05       0.00       0.00       0.00       0.00       0.00       0.04
  benders          :       0.00       0.00       0.00       0.00       0.00       0.00       0.00       0.00       0.00       0.00
  fixedvar         :       0.02       0.00       0.00       0.00       0.00       0.00       0.00       0.01       0.00       0.00
  countsols        :       0.00       0.00       0.00       0.00       0.00       0.00       0.00       0.00       0.00       0.00
  components       :       0.01       0.00       0.00       0.01       0.00       0.00       0.00       0.00       0.00       0.00
Propagators        : #Propagate   #ResProp    Cutoffs    DomReds
  dualfix          :          6          0          0          0
  genvbounds       :          0          0          0          0
  nlobbt           :          0          0          0          0
  obbt             :          0          0          0          0
  probing          :          0          0          0          0
  pseudoobj        :      17820          0          0         70
  redcost          :      14015          0          0     174577
  rootredcost      :         35          0          0         60
  symmetry         :          0          0          0          0
  vbounds          :      80331          0          0          0
Propagator Timings :  TotalTime  SetupTime   Presolve  Propagate    ResProp    SB-Prop
  dualfix          :       0.00       0.00       0.00       0.00       0.00       0.00
  genvbounds       :       0.02       0.00       0.00       0.01       0.00       0.01
  nlobbt           :       0.00       0.00       0.00       0.00       0.00       0.00
  obbt             :       0.00       0.00       0.00       0.00       0.00       0.00
  probing          :       1.03       0.00       1.03       0.00       0.00       0.00
  pseudoobj        :       0.10       0.00       0.00       0.10       0.00       0.00
  redcost          :       0.77       0.00       0.00       0.76       0.00       0.01
  rootredcost      :       0.03       0.00       0.00       0.02       0.00       0.01
  symmetry         :       0.03       0.00       0.00       0.02       0.00       0.02
  vbounds          :       0.12       0.00       0.00       0.07       0.00       0.05
Symmetry           :
  orbitopal red.   :          0 reductions applied,          0 cutoffs
  orbital reduction:          0 reductions applied,          0 cutoffs
  lexicographic red:          0 reductions applied,          0 cutoffs
  shadow tree time :       0.00 s
Conflict Analysis  :       Time      Calls    Success    DomReds  Conflicts   Literals    Reconvs ReconvLits   Dualrays   Nonzeros   LP Iters   (pool size: [10000,10000])
  propagation      :       0.00         31         15          -        113      101.9          0        0.0          -          -          -
  infeasible LP    :       0.00          0          0          -          0        0.0          0        0.0          0        0.0          0
  bound exceed. LP :      18.33       3069        873          -       4485      102.5          0        0.0         28       15.9      20857
  strong branching :       0.00          0          0          -          0        0.0          0        0.0          -          -          0
  pseudo solution  :       0.00          0          0          -          0        0.0          0        0.0          -          -          -
  applied globally :       0.23          -          -         22       1584       54.9          -          -         28          -          -
  applied locally  :          -          -          -          0         23      300.1          -          -          0          -          -
Separators         :   ExecTime  SetupTime      Calls  RootCalls    Cutoffs    DomReds  FoundCuts ViaPoolAdd  DirectAdd    Applied ViaPoolApp  DirectApp      Conss
  cut pool         :       0.60          -       1365        108          -          -      32835     194049          -          -          -          -          -    (maximal pool size:      27295)
  aggregation      :       4.82       0.00        307         54          0          0      26096     159561          0      17191      17191          0          0
  > cmir           :          -          -          -          -          -          -          -     159342          0      17189      17189          0          -
  > flowcover      :          -          -          -          -          -          -          -        217          0          0          0          0          -
  > knapsackcover  :          -          -          -          -          -          -          -          2          0          2          2          0          -
  cgmip            :       0.00       0.00          0          0          0          0          0          0          0          0          0          0          0
  clique           :       0.95       0.00         54         54          0          0          0          0          0          0          0          0          0
  closecuts        :       0.00       0.00          0          0          0          0          0          0          0          0          0          0          0
  convexproj       :       0.00       0.00          0          0          0          0          0          0          0          0          0          0          0
  disjunctive      :       0.00       0.00          0          0          0          0          0          0          0          0          0          0          0
  eccuts           :       0.00       0.00          0          0          0          0          0          0          0          0          0          0          0
  gauge            :       0.00       0.00          0          0          0          0          0          0          0          0          0          0          0
  gomory           :      15.29       0.00        228         10          0          0       2056       8774          0       1401       1401          0          0
  > gomorymi       :          -          -          -          -          -          -          -       8774          0       1401       1401          0          -
  > strongcg       :          -          -          -          -          -          -          -          0          0          0          0          0          -
  impliedbounds    :       0.38       0.00        307         54          0         12       4683      25714          0       9817       9817          0          0
  interminor       :       0.00       0.00          0          0          0          0          0          0          0          0          0          0          0
  intobj           :       0.00       0.00          0          0          0          0          0          0          0          0          0          0          0
  lagromory        :       0.00       0.00          0          0          0          0          0          0          0          0          0          0          0
  mcf              :       0.00       0.00          1          1          0          0          0          0          0          0          0          0          0
  minor            :       0.00       0.00         10         10          0          0          0          0          0          0          0          0          0
  mixing           :       0.00       0.00          0          0          0          0          0          0          0          0          0          0          0
  oddcycle         :       0.00       0.00          0          0          0          0          0          0          0          0          0          0          0
  rapidlearning    :       0.00       0.00          0          0          0          0          0          0          0          0          0          0          0
  rlt              :       0.00       0.00         10         10          0          0          0          0          0          0          0          0          0
  zerohalf         :       0.34       0.00        238         20          0          0          0          0          0          0          0          0          0
Cutselectors       :   ExecTime  SetupTime      Calls  RootCalls   Selected     Forced   Filtered  RootSelec   RootForc   RootFilt 
  hybrid           :       0.44       0.00       1056         55      44086          0     190174       3924          0      48930
  ensemble         :       0.00       0.00          0          0          0          0          0          0          0          0
  dynamic          :       0.00       0.00          0          0          0          0          0          0          0          0
Pricers            :   ExecTime  SetupTime      Calls       Vars
  problem variables:       0.00          -          0          0
Branching Rules    :   ExecTime  SetupTime   BranchLP  BranchExt   BranchPS    Cutoffs    DomReds       Cuts      Conss   Children
  allfullstrong    :       0.00       0.00          0          0          0          0          0          0          0          0
  cloud            :       0.00       0.00          0          0          0          0          0          0          0          0
  distribution     :       0.00       0.00          0          0          0          0          0          0          0          0
  fullstrong       :       0.00       0.00          0          0          0          0          0          0          0          0
  gomory           :       0.00       0.00          0          0          0          0          0          0          0          0
  inference        :       0.00       0.00          0          0          0          0          0          0          0          0
  leastinf         :       0.00       0.00          0          0          0          0          0          0          0          0
  lookahead        :       0.00       0.00          0          0          0          0          0          0          0          0
  mostinf          :       0.00       0.00          0          0          0          0          0          0          0          0
  multaggr         :       0.00       0.00          0          0          0          0          0          0          0          0
  nodereopt        :       0.00       0.00          0          0          0          0          0          0          0          0
  pscost           :       0.00       0.00          0          0          0          0          0          0          0          0
  random           :       0.00       0.00          0          0          0          0          0          0          0          0
  relpscost        :    3409.53       0.00       3060          0          0          0       3068          0       1474       3848
  vanillafullstrong:       0.00       0.00          0          0          0          0          0          0          0          0
Primal Heuristics  :   ExecTime  SetupTime      Calls      Found       Best
  LP solutions     :       0.01          -          -         24         24
  relax solutions  :       0.00          -          -          0          0
  pseudo solutions :       0.00          -          -          0          0
  strong branching :       0.02          -          -          1          1
  actconsdiving    :       0.00       0.00          0          0          0
  adaptivediving   :      59.03       0.00         10          0          0
  alns             :       1.06       0.00          6          3          3
  bound            :       0.00       0.00          0          0          0
  clique           :       0.04       0.00          1          0          0
  coefdiving       :       0.00       0.00          0          0          0
  completesol      :       0.00       0.00          0          0          0
  conflictdiving   :      98.61       0.00          6          0          0
  crossover        :       1.08       0.00          3          3          0
  dins             :       0.00       0.00          0          0          0
  distributiondivin:      52.64       0.00          5          0          0
  dps              :       0.00       0.00          0          0          0
  dualval          :       0.00       0.00          0          0          0
  farkasdiving     :       0.00       0.00          0          0          0
  feaspump         :       9.14       0.00          1          1          1
  fixandinfer      :       0.00       0.00          0          0          0
  fracdiving       :      44.91       0.00          6          0          0
  gins             :       0.02       0.00          0          0          0
  guideddiving     :      40.73       0.00          6          3          3
  indicator        :       0.00       0.00          0          0          0
  indicatordiving  :       0.00       0.00          0          0          0
  intdiving        :       0.00       0.00          0          0          0
  intshifting      :      15.03       0.00         17          1          1
  linesearchdiving :      38.72       0.00          6          0          0
  localbranching   :       0.00       0.00          0          0          0
  locks            :       0.06       0.00          1          1          1
  lpface           :       0.00       0.00          0          0          0
  mpec             :       0.00       0.00          0          0          0
  multistart       :       0.00       0.00          0          0          0
  mutation         :       0.00       0.00          0          0          0
  nlpdiving        :       0.00       0.00          0          0          0
  objpscostdiving  :     211.36       0.00          3          3          1
  octane           :       0.00       0.00          0          0          0
  ofins            :       0.00       0.00          0          0          0
  oneopt           :       0.06       0.00         36          0          0
  padm             :       0.00       0.00          0          0          0
  proximity        :       0.00       0.00          0          0          0
  pscostdiving     :      38.69       0.00          6          3          3
  randrounding     :       4.07       0.00        603          0          0
  rens             :       0.00       0.00          0          0          0
  reoptsols        :       0.00       0.00          0          0          0
  repair           :       0.00       0.00          0          0          0
  rins             :       3.67       0.00          5          5          0
  rootsoldiving    :      17.05       0.00          3          2          0
  rounding         :       1.27       0.00        947          0          0
  scheduler        :       0.00       0.00          0          0          0
  shiftandpropagate:       0.00       0.00          0          0          0
  shifting         :      18.33       0.00       1367         18          0
  simplerounding   :       0.01       0.00          0          0          0
  subnlp           :       0.01       0.00          0          0          0
  trivial          :       0.00       0.00          2          0          0
  trivialnegation  :       0.00       0.00          0          0          0
  trustregion      :       0.00       0.00          0          0          0
  trysol           :       0.00       0.00          0          0          0
  twoopt           :       0.00       0.00          0          0          0
  undercover       :       0.00       0.00          0          0          0
  vbounds          :       0.24       0.00          1          0          0
  veclendiving     :      73.89       0.00          6          0          0
  zeroobj          :       0.00       0.00          0          0          0
  zirounding       :       1.11       0.00       1000          0          0
  other solutions  :          -          -          -          0          -
LNS (Scheduler)    :      Calls  SetupTime  SolveTime SolveNodes       Sols       Best       Exp3    Exp3-IX  EpsGreedy        UCB TgtFixRate  Opt  Inf Node Stal  Sol  Usr Othr Actv
  rens             :          0       0.00       0.00          0          0          0    0.00000    0.12500   -1.00000    1.00000      0.900    0    0    0    0    0    0    0    1
  rins             :          0       0.00       0.00          0          0          0    0.00000    0.12500   -1.00000    1.00000      0.900    0    0    0    0    0    0    0    1
  mutation         :          0       0.00       0.00          0          0          0    0.00000    0.12500   -1.00000    1.00000      0.900    0    0    0    0    0    0    0    1
  localbranching   :          0       0.00       0.00          0          0          0    0.00000    0.12500   -1.00000    1.00000      0.900    0    0    0    0    0    0    0    1
  crossover        :          0       0.00       0.00          0          0          0    0.00000    0.12500   -1.00000    1.00000      0.900    0    0    0    0    0    0    0    1
  proximity        :          0       0.00       0.00          0          0          0    0.00000    0.12500   -1.00000    1.00000      0.900    0    0    0    0    0    0    0    1
  zeroobjective    :          0       0.00       0.00          0          0          0    0.00000    0.12500   -1.00000    1.00000      0.900    0    0    0    0    0    0    0    1
  dins             :          0       0.00       0.00          0          0          0    0.00000    0.12500   -1.00000    1.00000      0.900    0    0    0    0    0    0    0    1
  trustregion      :          0       0.00       0.00          0          0          0    0.00000    0.00000   -1.00000    1.00000      0.900    0    0    0    0    0    0    0    0
LP                 :       Time      Calls Iterations  Iter/call   Iter/sec  Time-0-It Calls-0-It    ItLimit
  primal LP        :       0.87        474          0       0.00       0.00       0.87        474
  dual LP          :   10209.25      11533   13564184    2102.00    1328.62      10.45       5080
  lex dual LP      :       0.00          0          0       0.00          -
  barrier LP       :       0.00          0          0       0.00          -       0.00          0
  resolve instable :       0.00          0          0       0.00          -
  diving/probing LP:     784.08       2765    1388712     502.25    1771.14
  strong branching :    3283.72       6507    3813155     586.01    1161.23          -          -       6030
    (at root node) :          -         21      20458     974.19          -
  conflict analysis:      15.75       2099      20857       9.94    1324.46
B&B Tree           :
  number of runs   :          1
  nodes            :       3457 (1924 internal, 1533 leaves)
  feasible leaves  :         24
  infeas. leaves   :          1
  objective leaves :       1507
  nodes (total)    :       3457 (1924 internal, 1533 leaves)
  nodes left       :        258
  max depth        :         70
  max depth (total):         70
  backtracks       :        606 (17.5%)
  early backtracks :          0 (0.0%)
  nodes exc. ref.  :          0 (0.0%)
  delayed cutoffs  :          0
  repropagations   :        246 (59 domain reductions, 0 cutoffs)
  avg switch length:       4.66
  switching time   :       1.97
Root Node          :
  First LP value   : +3.18954726601595e+03
  First LP Iters   :       3306 (4208.67 Iter/sec)
  First LP Time    :       0.79
  Final Dual Bound : +3.37120510754663e+03
  Final Root Iters :     105212
  Root LP Estimate : +3.38182074995625e+03
Solution           :
  Solutions found  :         68 (38 improvements)
  First Solution   : +3.49931505044923e+03   (in run 1, after 1 nodes, 1.52 seconds, depth 401, found by <locks>)
  Gap First Sol.   :      26.83 %
  Gap Last Sol.    :       0.12 %
  Primal Bound     : +3.37595514863524e+03   (in run 1, after 2747 nodes, 11270.32 seconds, depth 32, found by <relaxation>)
  Dual Bound       : +3.37203508128410e+03
  Gap              :       0.12 %
Integrals          :      Total       Avg%
  primal-dual      :    2762.68       0.19
  primal-ref       :          -          - (not evaluated)
  dual-ref         :          -          - (not evaluated)

 Branching Statistics...

 Total number of propagations -> 100616

 Number of cutoffs of KnaCons -> 0

 Total number of variables fixed to 1 by the propagator -> 5064

 Total number of variables fixed to 0 by the propagator -> 37320

 Maximum number of rounds of the approximation algorithm -> 0

 Runtime of the exact algorithm -> 0.0000 s

 Total number of variables fixed to 1 in the exact algorithm -> 0

 Total number of variables fixed to 0 in the exact algorithm -> 0

 Number of cutoffs in the exact algorithm -> 0

 Number of cutoffs in the approximation algorithm -> 0

 PS:  
