***************************************
*         SCIP-based CCP Solver       *
*                                     *
*    Wei Lv and Wei-Kun Chen (2024)   *
***************************************
/share/home/wangzhaowei/lvwei/scipoptsuite-9.1.0/build/bin/examples/ccp -f CCRPData/20-30-2000-1.ccrp -s CCRPSetting/BnC-MIX-DI1.set 
SCIP version 9.1.0 [precision: 8 byte] [memory: block] [mode: optimized] [LP solver: Soplex 7.1.0] [GitHash: 8cab0278ba]
Copyright (c) 2002-2024 Zuse Institute Berlin (ZIB)

External libraries: 
  Soplex 7.1.0         Linear Programming Solver developed at Zuse Institute Berlin (soplex.zib.de) [GitHash: 595bfac9]
  CppAD 20180000.0     Algorithmic Differentiation of C++ algorithms developed by B. Bell (github.com/coin-or/CppAD)
  ZLIB 1.2.7           General purpose compression library by J. Gailly and M. Adler (zlib.net)
  GMP 6.0.0            GNU Multiple Precision Arithmetic Library developed by T. Granlund (gmplib.org)
  AMPL/MP 690e9e7      AMPL .nl file reader library (github.com/ampl/mp)
  PaPILO 2.3.0         parallel presolve for integer and linear optimization (github.com/scipopt/papilo) (built with TBB) [GitHash: 4b8ce6ed]
  Nauty 2.8.8          Computing Graph Automorphism Groups by Brendan D. McKay (users.cecs.anu.edu.au/~bdm/nauty)
  sassy 1.1            Symmetry preprocessor by Markus Anders (github.com/markusa4/sassy)

reading user parameter file <CCRPSetting/BnC-MIX-DI1.set>

read problem <CCRPData/20-30-2000-1.ccrp>
============

File name: 	CCRPData/20-30-2000-1.ccrp
Problem name:	20-30-2000-1
NumResource: 	20
Dimension: 	30
NumScenario: 	2000
ConfidenceParameter: 	0.10
IsEqualProbability: 	1
BnC+MIX+DI: 	1
BnC+MIX+sDI: 	0
DB: 	0
DB+OPF: 	0
Dominance and Aggregation Statistics......
NumEdge:        141004
NumBiEdge: 	0
NumDomIneqs: 	141004
DominanceRatio: 0.0705
NumAggScenario: 2000 
BasicNumScenario: 1113 
Dominance Inequalities Statistics......
NumBasicDomIneqs: 141004
NumNonReDomIneqs: 113737
Duration: 0.4800 s 

original problem has 2650 variables (2000 bin, 0 int, 0 impl, 650 cont) and 119789 constraints

solve problem
=============

presolving:
(round 1, fast)       655 del vars, 77916 del conss, 0 add conss, 30 chg bounds, 0 chg sides, 0 chg coeffs, 0 upgd conss, 0 impls, 35821 clqs
(round 2, fast)       1134 del vars, 106219 del conss, 0 add conss, 30 chg bounds, 0 chg sides, 0 chg coeffs, 0 upgd conss, 0 impls, 7518 clqs
(round 3, fast)       1168 del vars, 106675 del conss, 0 add conss, 30 chg bounds, 0 chg sides, 0 chg coeffs, 0 upgd conss, 0 impls, 7062 clqs
   (0.5s) running MILP presolver
   (0.6s) MILP presolver (3 rounds): 49 aggregations, 288 fixings, 0 bound changes
(round 4, medium)     1505 del vars, 119788 del conss, 13064 add conss, 30 chg bounds, 0 chg sides, 0 chg coeffs, 0 upgd conss, 0 impls, 7062 clqs
(round 5, fast)       1505 del vars, 119788 del conss, 13064 add conss, 59 chg bounds, 0 chg sides, 0 chg coeffs, 0 upgd conss, 0 impls, 7062 clqs
(round 6, exhaustive) 1505 del vars, 119788 del conss, 13064 add conss, 59 chg bounds, 0 chg sides, 0 chg coeffs, 13062 upgd conss, 0 impls, 7062 clqs
   (0.8s) probing: 51/1113 (4.6%) - 0 fixings, 0 aggregations, 0 implications, 0 bound changes
   (0.8s) probing aborted: 50/50 successive totally useless probings
   (0.8s) symmetry computation started: requiring (bin +, int +, cont +), (fixed: bin -, int -, cont -)
   Symmetry detection interrupted: constraints of type chancecons do not provide symmetry information.
   If symmetries shall be detected, implement the CONSGETPERMSYMGRAPH callback.
   (0.8s) could not compute symmetry
presolving (7 rounds: 7 fast, 3 medium, 2 exhaustive):
 1505 deleted vars, 119788 deleted constraints, 13064 added constraints, 59 tightened bounds, 0 added holes, 0 changed sides, 0 changed coefficients
 6000 implications, 7062 cliques
presolved problem has 1145 variables (1113 bin, 0 int, 0 impl, 32 cont) and 13065 constraints
      1 constraints of type <chancecons>
   6000 constraints of type <varbound>
      1 constraints of type <knapsack>
   7062 constraints of type <setppc>
      1 constraints of type <linear>
Presolving Time: 0.63

 time | node  | left  |LP iter|LP it/n|mem/heur|mdpt |vars |cons |rows |cuts |sepa|confs|strbr|  dualbound   | primalbound  |  gap   | compl. 
p 0.9s|     1 |     0 |     1 |     - |  clique|   0 |1145 |  13k|  13k|   0 |  0 |   0 |   0 | 1.795620e+03 | 2.208605e+03 |  23.00%| unknown
p 0.9s|     1 |     0 |     2 |     - |   locks|   0 |1145 |  13k|  13k|   0 |  0 |   0 |   0 | 1.795620e+03 | 2.138175e+03 |  19.08%| unknown
  1.3s|     1 |     0 |  1539 |     - |   231M |   0 |1145 |  13k|  13k|   0 |  0 |   9 |   0 | 1.978351e+03 | 2.138175e+03 |   8.08%| unknown
r 1.7s|     1 |     0 |  1539 |     - |shifting|   0 |1145 |  13k|  13k|   0 |  0 |   9 |   0 | 1.978351e+03 | 2.132592e+03 |   7.80%| unknown
  2.0s|     1 |     0 |  1993 |     - |   233M |   0 |1145 |  13k|  13k|  39 |  1 |   9 |   0 | 2.004431e+03 | 2.132592e+03 |   6.39%| unknown
  2.2s|     1 |     0 |  2409 |     - |   235M |   0 |1145 |  13k|  13k|  81 |  2 |   9 |   0 | 2.018811e+03 | 2.132592e+03 |   5.64%| unknown
  2.4s|     1 |     0 |  2688 |     - |   238M |   0 |1145 |  13k|  13k| 130 |  3 |   9 |   0 | 2.029808e+03 | 2.132592e+03 |   5.06%| unknown
  2.7s|     1 |     0 |  2981 |     - |   240M |   0 |1145 |  13k|  13k| 179 |  4 |   9 |   0 | 2.036995e+03 | 2.132592e+03 |   4.69%| unknown
  3.0s|     1 |     0 |  3256 |     - |   242M |   0 |1145 |  13k|  13k| 230 |  5 |   9 |   0 | 2.041941e+03 | 2.132592e+03 |   4.44%| unknown
  3.2s|     1 |     0 |  3545 |     - |   245M |   0 |1145 |  13k|  13k| 277 |  6 |   9 |   0 | 2.046283e+03 | 2.132592e+03 |   4.22%| unknown
  3.4s|     1 |     0 |  3798 |     - |   247M |   0 |1145 |  13k|  13k| 328 |  7 |   9 |   0 | 2.048501e+03 | 2.132592e+03 |   4.11%| unknown
  3.6s|     1 |     0 |  4015 |     - |   249M |   0 |1145 |  13k|  13k| 381 |  8 |   9 |   0 | 2.050770e+03 | 2.132592e+03 |   3.99%| unknown
  3.9s|     1 |     0 |  4332 |     - |   251M |   0 |1145 |  13k|  13k| 430 |  9 |   9 |   0 | 2.052321e+03 | 2.132592e+03 |   3.91%| unknown
  4.2s|     1 |     0 |  4697 |     - |   254M |   0 |1145 |  13k|  13k| 477 | 10 |   9 |   0 | 2.053824e+03 | 2.132592e+03 |   3.84%| unknown
  4.4s|     1 |     0 |  5014 |     - |   255M |   0 |1145 |  13k|  13k| 526 | 11 |   9 |   0 | 2.054882e+03 | 2.132592e+03 |   3.78%| unknown
 time | node  | left  |LP iter|LP it/n|mem/heur|mdpt |vars |cons |rows |cuts |sepa|confs|strbr|  dualbound   | primalbound  |  gap   | compl. 
  4.6s|     1 |     0 |  5481 |     - |   257M |   0 |1145 |  13k|  13k| 578 | 12 |   9 |   0 | 2.056051e+03 | 2.132592e+03 |   3.72%| unknown
  4.8s|     1 |     0 |  5917 |     - |   259M |   0 |1145 |  13k|  13k| 635 | 13 |   9 |   0 | 2.057143e+03 | 2.132592e+03 |   3.67%| unknown
  5.0s|     1 |     0 |  6402 |     - |   261M |   0 |1145 |  13k|  13k| 685 | 14 |   9 |   0 | 2.057958e+03 | 2.132592e+03 |   3.63%| unknown
  5.3s|     1 |     0 |  7021 |     - |   262M |   0 |1145 |  13k|  13k| 738 | 15 |   9 |   0 | 2.058618e+03 | 2.132592e+03 |   3.59%| unknown
  5.6s|     1 |     0 |  7598 |     - |   264M |   0 |1145 |  13k|  13k| 793 | 16 |   9 |   0 | 2.059151e+03 | 2.132592e+03 |   3.57%| unknown
  5.9s|     1 |     0 |  8122 |     - |   266M |   0 |1145 |  13k|  13k| 841 | 17 |   9 |   0 | 2.059578e+03 | 2.132592e+03 |   3.55%| unknown
  6.1s|     1 |     0 |  8600 |     - |   268M |   0 |1145 |  13k|  13k| 893 | 18 |   9 |   0 | 2.059885e+03 | 2.132592e+03 |   3.53%| unknown
  6.6s|     1 |     0 |  9349 |     - |   270M |   0 |1145 |  13k|  13k| 942 | 19 |   9 |   0 | 2.060331e+03 | 2.132592e+03 |   3.51%| unknown
  6.9s|     1 |     0 | 10019 |     - |   272M |   0 |1145 |  13k|  13k| 992 | 20 |   9 |   0 | 2.060762e+03 | 2.132592e+03 |   3.49%| unknown
  7.2s|     1 |     0 | 10617 |     - |   273M |   0 |1145 |  13k|  13k|1039 | 21 |   9 |   0 | 2.061174e+03 | 2.132592e+03 |   3.46%| unknown
  7.5s|     1 |     0 | 11224 |     - |   274M |   0 |1145 |  13k|  14k|1082 | 22 |   9 |   0 | 2.061468e+03 | 2.132592e+03 |   3.45%| unknown
  7.9s|     1 |     0 | 11839 |     - |   274M |   0 |1145 |  13k|  14k|1121 | 23 |   9 |   0 | 2.061755e+03 | 2.132592e+03 |   3.44%| unknown
  8.2s|     1 |     0 | 12525 |     - |   274M |   0 |1145 |  13k|  14k|1164 | 24 |   9 |   0 | 2.062015e+03 | 2.132592e+03 |   3.42%| unknown
  8.5s|     1 |     0 | 13261 |     - |   274M |   0 |1145 |  13k|  14k|1201 | 25 |   9 |   0 | 2.062281e+03 | 2.132592e+03 |   3.41%| unknown
  9.0s|     1 |     0 | 13934 |     - |   274M |   0 |1145 |  13k|  13k|1251 | 26 |   9 |   0 | 2.062484e+03 | 2.132592e+03 |   3.40%| unknown
 time | node  | left  |LP iter|LP it/n|mem/heur|mdpt |vars |cons |rows |cuts |sepa|confs|strbr|  dualbound   | primalbound  |  gap   | compl. 
  9.3s|     1 |     0 | 14457 |     - |   276M |   0 |1145 |  13k|  14k|1293 | 27 |   9 |   0 | 2.062617e+03 | 2.132592e+03 |   3.39%| unknown
  9.7s|     1 |     0 | 15304 |     - |   276M |   0 |1145 |  13k|  14k|1330 | 28 |   9 |   0 | 2.062776e+03 | 2.132592e+03 |   3.38%| unknown
 10.0s|     1 |     0 | 15908 |     - |   276M |   0 |1145 |  13k|  14k|1364 | 29 |   9 |   0 | 2.062854e+03 | 2.132592e+03 |   3.38%| unknown
 10.5s|     1 |     0 | 16751 |     - |   276M |   0 |1145 |  13k|  14k|1404 | 30 |   9 |   0 | 2.062990e+03 | 2.132592e+03 |   3.37%| unknown
 11.0s|     1 |     0 | 17672 |     - |   277M |   0 |1145 |  13k|  14k|1440 | 31 |   9 |   0 | 2.063086e+03 | 2.132592e+03 |   3.37%| unknown
 11.4s|     1 |     0 | 18674 |     - |   277M |   0 |1145 |  13k|  13k|1474 | 32 |   9 |   0 | 2.063168e+03 | 2.132592e+03 |   3.36%| unknown
 11.9s|     1 |     0 | 19681 |     - |   277M |   0 |1145 |  13k|  14k|1507 | 33 |   9 |   0 | 2.063222e+03 | 2.132592e+03 |   3.36%| unknown
 12.3s|     1 |     0 | 20746 |     - |   277M |   0 |1145 |  13k|  14k|1539 | 34 |   9 |   0 | 2.063259e+03 | 2.132592e+03 |   3.36%| unknown
 12.8s|     1 |     0 | 21848 |     - |   277M |   0 |1145 |  13k|  14k|1568 | 35 |   9 |   0 | 2.063288e+03 | 2.132592e+03 |   3.36%| unknown
r13.0s|     1 |     0 | 22278 |     - |intshift|   0 |1145 |  13k|  14k|1568 | 35 |   9 |   0 | 2.063288e+03 | 2.110356e+03 |   2.28%| unknown
o14.0s|     1 |     0 | 25755 |     - |feaspump|   0 |1145 |  13k|  14k|1568 | 35 |   9 |   0 | 2.063288e+03 | 2.070440e+03 |   0.35%| unknown
L17.9s|     1 |     0 | 30074 |     - |    rens|   0 |1145 |  13k|  14k|1568 | 35 |  15 |   0 | 2.063288e+03 | 2.070024e+03 |   0.33%| unknown
 18.0s|     1 |     0 | 30074 |     - |   278M |   0 |1145 |  13k|  14k|1568 | 35 |  15 |   0 | 2.063288e+03 | 2.070024e+03 |   0.33%| unknown
 18.0s|     1 |     0 | 30074 |     - |   278M |   0 |1145 |  13k|  12k|1568 | 35 |  15 |   0 | 2.063288e+03 | 2.070024e+03 |   0.33%| unknown
 18.4s|     1 |     0 | 31096 |     - |   278M |   0 |1145 |  12k|  12k|1601 | 36 |  15 |   0 | 2.063343e+03 | 2.070024e+03 |   0.32%| unknown
 time | node  | left  |LP iter|LP it/n|mem/heur|mdpt |vars |cons |rows |cuts |sepa|confs|strbr|  dualbound   | primalbound  |  gap   | compl. 
 18.6s|     1 |     0 | 31498 |     - |   279M |   0 |1145 |  12k|  13k|1623 | 37 |  15 |   0 | 2.063346e+03 | 2.070024e+03 |   0.32%| unknown
 34.8s|     1 |     2 | 31498 |     - |   279M |   0 |1145 |  11k|  13k|1623 | 37 |  15 |  44 | 2.063355e+03 | 2.070024e+03 |   0.32%| unknown
L 106s|   100 |    50 | 95803 | 733.2 |    alns|  20 |1145 |  11k|  12k|2322 |  4 |  50 | 361 | 2.063357e+03 | 2.069365e+03 |   0.29%|   3.83%
L 118s|   125 |    18 |121819 | 795.2 |    alns|  20 |1145 |  11k|  12k|2554 |  2 |  53 | 374 | 2.063357e+03 | 2.064017e+03 |   0.03%|  23.88%
L 118s|   125 |    12 |121819 | 795.2 |    alns|  20 |1145 |  11k|  12k|2554 |  2 |  53 | 374 | 2.063357e+03 | 2.063769e+03 |   0.02%|  28.75%
L 118s|   125 |    10 |121819 | 795.2 |    alns|  20 |1145 |  11k|  12k|2554 |  2 |  53 | 374 | 2.063357e+03 | 2.063651e+03 |   0.01%|  38.06%
r 119s|   132 |     9 |125681 | 782.2 |shifting|  20 |1145 |  10k|  12k|2617 |  2 |  53 | 374 | 2.063357e+03 | 2.063431e+03 |   0.00%|  38.68%
* 120s|   132 |     7 |127400 | 795.3 |    LP  |  20 |1145 |  10k|  12k|2651 |  7 |  53 | 374 | 2.063357e+03 | 2.063403e+03 |   0.00%|  38.68%

SCIP Status        : problem is solved [optimal solution found]
Solving Time (sec) : 120.40
Solving Nodes      : 150
Primal Bound       : +2.06340312717613e+03 (16 solutions)
Dual Bound         : +2.06340312717613e+03
Gap                : 0.00 %

primal solution (original space):
=================================

objective value:                     2063.40312717613
z#11                                                1 	(obj:0)
z#28                                                1 	(obj:0)
z#59                                                1 	(obj:0)
z#62                                                1 	(obj:0)
z#92                                 1.00000000000005 	(obj:0)
z#116                                               1 	(obj:0)
z#119                                               1 	(obj:0)
z#121                                0.99999999999999 	(obj:0)
z#127                                               1 	(obj:0)
z#144                                               1 	(obj:0)
z#161                                               1 	(obj:0)
z#171                                               1 	(obj:0)
z#201                                               1 	(obj:0)
z#219                               0.999999999999973 	(obj:0)
z#227                                               1 	(obj:0)
z#228                                               1 	(obj:0)
z#230                                               1 	(obj:0)
z#233                                               1 	(obj:0)
z#234                                               1 	(obj:0)
z#249                                               1 	(obj:0)
z#271                                               1 	(obj:0)
z#290                                               1 	(obj:0)
z#294                               0.999999999999991 	(obj:0)
z#298                                               1 	(obj:0)
z#306                                               1 	(obj:0)
z#316                               0.999999999999999 	(obj:0)
z#317                                               1 	(obj:0)
z#328                                               1 	(obj:0)
z#334                                               1 	(obj:0)
z#343                                1.00000000000001 	(obj:0)
z#346                                               1 	(obj:0)
z#348                                               1 	(obj:0)
z#377                                               1 	(obj:0)
z#386                                               1 	(obj:0)
z#416                                               1 	(obj:0)
z#422                                               1 	(obj:0)
z#423                                               1 	(obj:0)
z#425                                               1 	(obj:0)
z#426                                1.00000000000001 	(obj:0)
z#429                                               1 	(obj:0)
z#432                                1.00000000000001 	(obj:0)
z#433                                1.00000000000006 	(obj:0)
z#445                                               1 	(obj:0)
z#449                                               1 	(obj:0)
z#451                                               1 	(obj:0)
z#456                               0.999999999999988 	(obj:0)
z#474                                               1 	(obj:0)
z#482                                               1 	(obj:0)
z#494                                               1 	(obj:0)
z#499                                               1 	(obj:0)
z#503                                               1 	(obj:0)
z#519                               0.999999999999974 	(obj:0)
z#531                                1.00000000000158 	(obj:0)
z#544                                               1 	(obj:0)
z#547                                               1 	(obj:0)
z#552                                               1 	(obj:0)
z#562                                               1 	(obj:0)
z#574                                               1 	(obj:0)
z#575                                               1 	(obj:0)
z#578                                               1 	(obj:0)
z#586                                1.00000000000001 	(obj:0)
z#609                                               1 	(obj:0)
z#620                                               1 	(obj:0)
z#649                                               1 	(obj:0)
z#650                                               1 	(obj:0)
z#652                                               1 	(obj:0)
z#659                                               1 	(obj:0)
z#668                                               1 	(obj:0)
z#669                                               1 	(obj:0)
z#670                               0.999999999999995 	(obj:0)
z#692                                               1 	(obj:0)
z#695                                1.00000000000002 	(obj:0)
z#720                               0.999999999999993 	(obj:0)
z#725                                               1 	(obj:0)
z#728                                               1 	(obj:0)
z#735                                               1 	(obj:0)
z#738                                               1 	(obj:0)
z#754                                               1 	(obj:0)
z#768                                               1 	(obj:0)
z#779                                               1 	(obj:0)
z#786                                               1 	(obj:0)
z#791                                               1 	(obj:0)
z#805                                               1 	(obj:0)
z#807                                               1 	(obj:0)
z#812                                               1 	(obj:0)
z#818                                               1 	(obj:0)
z#823                                               1 	(obj:0)
z#834                                               1 	(obj:0)
z#845                                               1 	(obj:0)
z#875                                               1 	(obj:0)
z#877                                               1 	(obj:0)
z#884                                               1 	(obj:0)
z#889                                1.00000000000003 	(obj:0)
z#899                                               1 	(obj:0)
z#924                                               1 	(obj:0)
z#928                                               1 	(obj:0)
z#936                                               1 	(obj:0)
z#940                                               1 	(obj:0)
z#951                                               1 	(obj:0)
z#984                                               1 	(obj:0)
z#999                                               1 	(obj:0)
z#1002                                              1 	(obj:0)
z#1019                                              1 	(obj:0)
z#1052                                              1 	(obj:0)
z#1059                              0.999999999999983 	(obj:0)
z#1060                                              1 	(obj:0)
z#1076                                              1 	(obj:0)
z#1082                                              1 	(obj:0)
z#1084                                              1 	(obj:0)
z#1087                               1.00000000000002 	(obj:0)
z#1094                                              1 	(obj:0)
z#1104                                              1 	(obj:0)
z#1114                               1.00000000000001 	(obj:0)
z#1119                              0.999999999999991 	(obj:0)
z#1120                                              1 	(obj:0)
z#1123                                              1 	(obj:0)
z#1145                              0.999999999999974 	(obj:0)
z#1159                                              1 	(obj:0)
z#1161                                              1 	(obj:0)
z#1189                                              1 	(obj:0)
z#1194                                              1 	(obj:0)
z#1196                                              1 	(obj:0)
z#1201                                              1 	(obj:0)
z#1222                                              1 	(obj:0)
z#1258                                              1 	(obj:0)
z#1262                                              1 	(obj:0)
z#1269                                              1 	(obj:0)
z#1275                                              1 	(obj:0)
z#1278                                              1 	(obj:0)
z#1289                                              1 	(obj:0)
z#1296                                              1 	(obj:0)
z#1299                                              1 	(obj:0)
z#1307                              0.999999999999991 	(obj:0)
z#1318                                              1 	(obj:0)
z#1322                                              1 	(obj:0)
z#1336                                              1 	(obj:0)
z#1352                                              1 	(obj:0)
z#1367                                              1 	(obj:0)
z#1368                                              1 	(obj:0)
z#1370                                              1 	(obj:0)
z#1376                                              1 	(obj:0)
z#1377                                              1 	(obj:0)
z#1378                                              1 	(obj:0)
z#1383                                              1 	(obj:0)
z#1390                                              1 	(obj:0)
z#1411                              0.999999999999991 	(obj:0)
z#1412                                              1 	(obj:0)
z#1415                                              1 	(obj:0)
z#1422                                              1 	(obj:0)
z#1439                                              1 	(obj:0)
z#1456                                              1 	(obj:0)
z#1468                                              1 	(obj:0)
z#1477                                              1 	(obj:0)
z#1492                                              1 	(obj:0)
z#1510                                              1 	(obj:0)
z#1529                                              1 	(obj:0)
z#1538                                              1 	(obj:0)
z#1541                                              1 	(obj:0)
z#1544                              0.999999999999994 	(obj:0)
z#1570                                              1 	(obj:0)
z#1575                                              1 	(obj:0)
z#1580                               1.00000000000001 	(obj:0)
z#1597                                              1 	(obj:0)
z#1609                                              1 	(obj:0)
z#1617                                              1 	(obj:0)
z#1620                                              1 	(obj:0)
z#1636                                              1 	(obj:0)
z#1639                                              1 	(obj:0)
z#1654                                              1 	(obj:0)
z#1668                              0.999999999999999 	(obj:0)
z#1696                                              1 	(obj:0)
z#1700                                              1 	(obj:0)
z#1703                                              1 	(obj:0)
z#1713                                              1 	(obj:0)
z#1728                                              1 	(obj:0)
z#1745                              0.999999999999998 	(obj:0)
z#1757                              0.999999999999993 	(obj:0)
z#1762                                              1 	(obj:0)
z#1764                                              1 	(obj:0)
z#1778                                              1 	(obj:0)
z#1782                                              1 	(obj:0)
z#1802                                              1 	(obj:0)
z#1820                                              1 	(obj:0)
z#1826                                              1 	(obj:0)
z#1828                                              1 	(obj:0)
z#1845                                              1 	(obj:0)
z#1859                                              1 	(obj:0)
z#1892                                              1 	(obj:0)
z#1902                                              1 	(obj:0)
z#1912                                              1 	(obj:0)
z#1916                              0.999999999999985 	(obj:0)
z#1922                                              1 	(obj:0)
z#1926                              0.999999999999992 	(obj:0)
z#1951                                              1 	(obj:0)
z#1959                               1.00000000000157 	(obj:0)
z#1962                                              1 	(obj:0)
z#1970                                              1 	(obj:0)
z#1985                                              1 	(obj:0)
z#1988                                              1 	(obj:0)
z#1997                                              1 	(obj:0)
y#4#1                                86.2016658253408 	(obj:0)
y#4#10                               80.7078731547294 	(obj:0)
y#4#12                               89.9391891891891 	(obj:0)
y#4#15                               107.916591639871 	(obj:0)
y#4#16                               83.9753324163228 	(obj:0)
y#4#18                               107.916655428186 	(obj:0)
y#4#24                               117.672611036339 	(obj:0)
y#4#25                               97.4761306532664 	(obj:0)
y#4#28                                99.965357719204 	(obj:0)
y#4#29                               79.3940343781598 	(obj:0)
y#10#7                               55.7291414141415 	(obj:0)
y#10#8                               82.1462706565431 	(obj:0)
y#10#9                               88.4337402885666 	(obj:0)
y#10#17                              91.7982537834691 	(obj:0)
y#10#21                              121.726825938567 	(obj:0)
y#11#19                              90.0602011494251 	(obj:0)
y#11#22                              60.6075548749362 	(obj:0)
y#15#2                               77.2734993614305 	(obj:0)
x#0                                  101.511014994233 	(obj:0.89)
x#1                                  62.3815567674764 	(obj:0.95)
x#2                                  773.742748383875 	(obj:0.82)
x#4                                  951.165441440609 	(obj:0.76)
x#10                                 439.834232081287 	(obj:0.79)
x#11                                 150.667756024361 	(obj:0.91)
x#15                                 77.2734993614305 	(obj:0.93)
y#0#0                                101.511014994233 	(obj:0)
y#1#11                               62.3815567674764 	(obj:0)
y#2#3                                57.1866167023555 	(obj:0)
y#2#4                                  95.81459197787 	(obj:0)
y#2#5                                72.1404267589389 	(obj:0)
y#2#6                                 47.646761229315 	(obj:0)
y#2#13                               79.7982978723404 	(obj:0)
y#2#14                               90.1183563287344 	(obj:0)
y#2#20                               85.7326063249727 	(obj:0)
y#2#23                               87.1448317307692 	(obj:0)
y#2#26                                82.643509458578 	(obj:0)
y#2#27                               75.5167500000005 	(obj:0)
v#0                                          176.0201 	(obj:0)
v#1                                          170.7655 	(obj:0)
v#2                                          121.0103 	(obj:0)
v#3                                          106.8246 	(obj:0)
v#4                                          138.5479 	(obj:0)
v#5                                          125.0915 	(obj:0)
v#6                                  100.772900000001 	(obj:0)
v#7                                          110.3437 	(obj:0)
v#8                                          183.9255 	(obj:0)
v#9                                  159.357599999997 	(obj:0)
v#10                                         147.6147 	(obj:0)
v#11                                         125.8236 	(obj:0)
v#12                                          159.732 	(obj:0)
v#13                                         131.2682 	(obj:0)
v#14                                         150.2273 	(obj:0)
v#15                                         167.8103 	(obj:0)
v#16                                         183.1502 	(obj:0)
v#17                                         157.7094 	(obj:0)
v#18                                         160.0404 	(obj:0)
v#19                                         188.0457 	(obj:0)
v#20                                         157.2336 	(obj:0)
v#21                                         178.3298 	(obj:0)
v#22                                         118.7302 	(obj:0)
v#23                                          145.009 	(obj:0)
v#24                                         174.8615 	(obj:0)
v#25                                         116.3865 	(obj:0)
v#26                                         126.6925 	(obj:0)
v#27                                 151.033500000001 	(obj:0)
v#28                                         185.8356 	(obj:0)
v#29                                         157.0414 	(obj:0)

Statistics
==========

SCIP Status        : problem is solved [optimal solution found]
Total Time         :     121.17
  solving          :     120.40
  presolving       :       0.63 (included in solving)
  reading          :       0.76
  copying          :       0.09 (4 #copies) (minimal 0.02, maximal 0.03, average 0.02)
Original Problem   :
  Problem name     : 20-30-2000-1
  Variables        : 2650 (2000 binary, 0 integer, 0 implicit integer, 650 continuous)
  Constraints      : 119789 initial, 119789 maximal
  Objective        : minimize, 20 non-zeros (abs.min = 0.76, abs.max = 1.15)
Presolved Problem  :
  Problem name     : t_20-30-2000-1
  Variables        : 1145 (1113 binary, 0 integer, 0 implicit integer, 32 continuous)
  Constraints      : 13065 initial, 13077 maximal
  Objective        : minimize, 31 non-zeros (abs.min = 0.348464, abs.max = 0.93)
  Nonzeros         : 27240 constraint, 12068 clique table
Presolvers         :   ExecTime  SetupTime  Calls  FixedVars   AggrVars   ChgTypes  ChgBounds   AddHoles    DelCons    AddCons   ChgSides   ChgCoefs
  boundshift       :       0.00       0.00      0          0          0          0          0          0          0          0          0          0
  convertinttobin  :       0.00       0.00      0          0          0          0          0          0          0          0          0          0
  domcol           :       0.02       0.00      1          0          0          0          0          0          0          0          0          0
  dualagg          :       0.00       0.00      0          0          0          0          0          0          0          0          0          0
  dualcomp         :       0.01       0.00      1          0          0          0          0          0          0          0          0          0
  dualinfer        :       0.00       0.00      0          0          0          0          0          0          0          0          0          0
  dualsparsify     :       0.05       0.00      1          0          0          0          0          0          0          0          0          0
  gateextraction   :       0.00       0.00      0          0          0          0          0          0          0          0          0          0
  implics          :       0.00       0.00      3          0          0          0          0          0          0          0          0          0
  inttobinary      :       0.00       0.00      0          0          0          0          0          0          0          0          0          0
  milp             :       0.08       0.00      1        288         49          0          0          0      13113      13064          0          0
  qpkktref         :       0.00       0.00      0          0          0          0          0          0          0          0          0          0
  redvub           :       0.00       0.00      0          0          0          0          0          0          0          0          0          0
  sparsify         :       0.01       0.00      1          0          0          0          0          0          0          0          0          0
  stuffing         :       0.00       0.00      0          0          0          0          0          0          0          0          0          0
  trivial          :       0.00       0.00      7          0          0          0          0          0          0          0          0          0
  tworowbnd        :       0.00       0.00      0          0          0          0          0          0          0          0          0          0
  dualfix          :       0.03       0.00      7       1168          0          0          0          0          0          0          0          0
  genvbounds       :       0.00       0.00      0          0          0          0          0          0          0          0          0          0
  probing          :       0.06       0.00      1          0          0          0          0          0          0          0          0          0
  pseudoobj        :       0.00       0.00      0          0          0          0          0          0          0          0          0          0
  symmetry         :       0.00       0.00      1          0          0          0          0          0          0          0          0          0
  vbounds          :       0.00       0.00      1          0          0          0          0          0          0          0          0          0
  chancecons       :       0.00       0.00      0          0          0          0          0          0          0          0          0          0
  varbound         :       0.01       0.00      2          0          0          0          0          0          0          0          0          0
  knapsack         :       0.00       0.00      0          0          0          0          0          0          0          0          0          0
  setppc           :       0.01       0.00      3          0          0          0          0          0          0          0          0          0
  linear           :       0.27       0.04      9          0          0          0         59          0     106675          0          0          0
  logicor          :       0.00       0.00      0          0          0          0          0          0          0          0          0          0
  bounddisjunction :       0.00       0.00      0          0          0          0          0          0          0          0          0          0
  benders          :       0.00       0.00      0          0          0          0          0          0          0          0          0          0
  components       :       0.00       0.00      1          0          0          0          0          0          0          0          0          0
  root node        :          -          -      -        706          -          -        758          -          -          -          -          -
Constraints        :     Number  MaxNumber  #Separate #Propagate    #EnfoLP    #EnfoRelax  #EnfoPS    #Check   #ResProp    Cutoffs    DomReds       Cuts    Applied      Conss   Children
  benderslp        :          0          0          0          0        121          0          0         88          0          0          0          0          0          0          0
  chancecons       :          1          1         55          0          0          0          0          0          0          0          0       1321        721          0          0
  integral         :          0          0          0          0        121          0          0         88          0          0         27          0          0         30        222
  varbound         :       6000       6000         36      16652          1          0          0         83        407          0       1193          0          0          0          0
  knapsack         :          1          1         36      16631          1          0          0         22         50          4          0          0          0          0          0
  setppc           :       7062       7062         36      16525          1          0          0         15        768          0       1444          0          0          0          0
  linear           :          1+         6         36      16648          1          0          0         18         30         28        275          0          0          0          0
  logicor          :          0+        10         36        113          0          0          0          0          0          1          0          0          0          0          0
  bounddisjunction :          0+        35          0        333          0          0          0          0          0          0          0          0          0          0          0
  benders          :          0          0          0          0          1          0          0         16          0          0          0          0          0          0          0
  fixedvar         :          0          0          0          0          1          0          0         16          0          0          0          0          0          0          0
  countsols        :          0          0          0          0          1          0          0         16          0          0          0          0          0          0          0
  components       :          0          0          0          0          0          0          0          0          0          0          0          0          0          0          0
Constraint Timings :  TotalTime  SetupTime   Separate  Propagate     EnfoLP     EnfoPS     EnfoRelax   Check    ResProp    SB-Prop
  benderslp        :       0.00       0.00       0.00       0.00       0.00       0.00       0.00       0.00       0.00       0.00
  chancecons       :       0.04       0.00       0.04       0.00       0.00       0.00       0.00       0.00       0.00       0.00
  integral         :      70.09       0.00       0.00       0.00      70.09       0.00       0.00       0.00       0.00       0.00
  varbound         :       0.26       0.00       0.03       0.15       0.00       0.00       0.00       0.01       0.00       0.07
  knapsack         :       0.26       0.00       0.22       0.03       0.00       0.00       0.00       0.00       0.00       0.00
  setppc           :       0.18       0.00       0.01       0.13       0.00       0.00       0.00       0.01       0.00       0.03
  linear           :       0.06       0.04       0.00       0.02       0.00       0.00       0.00       0.00       0.00       0.01
  logicor          :       0.00       0.00       0.00       0.00       0.00       0.00       0.00       0.00       0.00       0.00
  bounddisjunction :       0.00       0.00       0.00       0.00       0.00       0.00       0.00       0.00       0.00       0.00
  benders          :       0.00       0.00       0.00       0.00       0.00       0.00       0.00       0.00       0.00       0.00
  fixedvar         :       0.00       0.00       0.00       0.00       0.00       0.00       0.00       0.00       0.00       0.00
  countsols        :       0.00       0.00       0.00       0.00       0.00       0.00       0.00       0.00       0.00       0.00
  components       :       0.00       0.00       0.00       0.00       0.00       0.00       0.00       0.00       0.00       0.00
Propagators        : #Propagate   #ResProp    Cutoffs    DomReds
  dualfix          :          6          0          0          0
  genvbounds       :          0          0          0          0
  nlobbt           :          0          0          0          0
  obbt             :          0          0          0          0
  probing          :          0          0          0          0
  pseudoobj        :        631          0          0        138
  redcost          :        478          0          0       6418
  rootredcost      :          5          0          0        691
  symmetry         :          0          0          0          0
  vbounds          :      13489          0          0          0
Propagator Timings :  TotalTime  SetupTime   Presolve  Propagate    ResProp    SB-Prop
  dualfix          :       0.03       0.00       0.03       0.00       0.00       0.00
  genvbounds       :       0.00       0.00       0.00       0.00       0.00       0.00
  nlobbt           :       0.00       0.00       0.00       0.00       0.00       0.00
  obbt             :       0.00       0.00       0.00       0.00       0.00       0.00
  probing          :       0.06       0.00       0.06       0.00       0.00       0.00
  pseudoobj        :       0.01       0.00       0.00       0.01       0.00       0.00
  redcost          :       0.04       0.00       0.00       0.04       0.00       0.00
  rootredcost      :       0.01       0.00       0.00       0.01       0.00       0.00
  symmetry         :       0.00       0.00       0.00       0.00       0.00       0.00
  vbounds          :       0.01       0.00       0.00       0.01       0.00       0.00
Symmetry           :
  orbitopal red.   :          0 reductions applied,          0 cutoffs
  orbital reduction:          0 reductions applied,          0 cutoffs
  lexicographic red:          0 reductions applied,          0 cutoffs
  shadow tree time :       0.00 s
Conflict Analysis  :       Time      Calls    Success    DomReds  Conflicts   Literals    Reconvs ReconvLits   Dualrays   Nonzeros   LP Iters   (pool size: [10000,10000])
  propagation      :       0.00          5          4          -         66      138.6          0        0.0          -          -          -
  infeasible LP    :       0.00          0          0          -          0        0.0          0        0.0          0        0.0          0
  bound exceed. LP :       0.14         47         22          -         97       54.5          0        0.0          7       21.9        301
  strong branching :       0.00          0          0          -          0        0.0          0        0.0          -          -          0
  pseudo solution  :       0.00          0          0          -          0        0.0          0        0.0          -          -          -
  applied globally :       0.00          -          -          2         45       23.1          -          -          7          -          -
  applied locally  :          -          -          -          0          1      200.0          -          -          0          -          -
Separators         :   ExecTime  SetupTime      Calls  RootCalls    Cutoffs    DomReds  FoundCuts ViaPoolAdd  DirectAdd    Applied ViaPoolApp  DirectApp      Conss
  cut pool         :       0.08          -        114         72          -          -      13213      40370          -          -          -          -          -    (maximal pool size:      13213)
  aggregation      :       1.53       0.00         38         36          0          0      11699      37021          0       1654       1654          0          0
  > cmir           :          -          -          -          -          -          -          -      36844          0       1652       1652          0          -
  > flowcover      :          -          -          -          -          -          -          -        177          0          2          2          0          -
  > knapsackcover  :          -          -          -          -          -          -          -          0          0          0          0          0          -
  cgmip            :       0.00       0.00          0          0          0          0          0          0          0          0          0          0          0
  clique           :       0.06       0.00         36         36          0          0          0          0          0          0          0          0          0
  closecuts        :       0.00       0.00          0          0          0          0          0          0          0          0          0          0          0
  convexproj       :       0.00       0.00          0          0          0          0          0          0          0          0          0          0          0
  disjunctive      :       0.00       0.00          0          0          0          0          0          0          0          0          0          0          0
  eccuts           :       0.00       0.00          0          0          0          0          0          0          0          0          0          0          0
  gauge            :       0.00       0.00          0          0          0          0          0          0          0          0          0          0          0
  gomory           :       1.30       0.00         12         10          0          0       1514       3349          0        303        303          0          0
  > gomorymi       :          -          -          -          -          -          -          -       3349          0        303        303          0          -
  > strongcg       :          -          -          -          -          -          -          -          0          0          0          0          0          -
  impliedbounds    :       0.04       0.00         38         36          0          0          0          0          0          0          0          0          0
  interminor       :       0.00       0.00          0          0          0          0          0          0          0          0          0          0          0
  intobj           :       0.00       0.00          0          0          0          0          0          0          0          0          0          0          0
  lagromory        :       0.00       0.00          0          0          0          0          0          0          0          0          0          0          0
  mcf              :       0.01       0.00          1          1          0          0          0          0          0          0          0          0          0
  minor            :       0.00       0.00         10         10          0          0          0          0          0          0          0          0          0
  mixing           :       0.00       0.00          0          0          0          0          0          0          0          0          0          0          0
  oddcycle         :       0.00       0.00          0          0          0          0          0          0          0          0          0          0          0
  rapidlearning    :       0.00       0.00          0          0          0          0          0          0          0          0          0          0          0
  rlt              :       0.00       0.00         10         10          0          0          0          0          0          0          0          0          0
  zerohalf         :       0.03       0.00         22         20          0          0          0          0          0          0          0          0          0
Cutselectors       :   ExecTime  SetupTime      Calls  RootCalls   Selected     Forced   Filtered  RootSelec   RootForc   RootFilt 
  hybrid           :       0.07       0.00         75         37       2678          0      39013       1623          0      25094
  ensemble         :       0.00       0.00          0          0          0          0          0          0          0          0
  dynamic          :       0.00       0.00          0          0          0          0          0          0          0          0
Pricers            :   ExecTime  SetupTime      Calls       Vars
  problem variables:       0.00          -          0          0
Branching Rules    :   ExecTime  SetupTime   BranchLP  BranchExt   BranchPS    Cutoffs    DomReds       Cuts      Conss   Children
  allfullstrong    :       0.00       0.00          0          0          0          0          0          0          0          0
  cloud            :       0.00       0.00          0          0          0          0          0          0          0          0
  distribution     :       0.00       0.00          0          0          0          0          0          0          0          0
  fullstrong       :       0.00       0.00          0          0          0          0          0          0          0          0
  gomory           :       0.00       0.00          0          0          0          0          0          0          0          0
  inference        :       0.00       0.00          0          0          0          0          0          0          0          0
  leastinf         :       0.00       0.00          0          0          0          0          0          0          0          0
  lookahead        :       0.00       0.00          0          0          0          0          0          0          0          0
  mostinf          :       0.00       0.00          0          0          0          0          0          0          0          0
  multaggr         :       0.00       0.00          0          0          0          0          0          0          0          0
  nodereopt        :       0.00       0.00          0          0          0          0          0          0          0          0
  pscost           :       0.00       0.00          0          0          0          0          0          0          0          0
  random           :       0.00       0.00          0          0          0          0          0          0          0          0
  relpscost        :      70.09       0.00        120          0          0          0         27          0         30        222
  vanillafullstrong:       0.00       0.00          0          0          0          0          0          0          0          0
Primal Heuristics  :   ExecTime  SetupTime      Calls      Found       Best
  LP solutions     :       0.00          -          -          1          1
  relax solutions  :       0.00          -          -          0          0
  pseudo solutions :       0.00          -          -          0          0
  strong branching :       0.00          -          -          0          0
  actconsdiving    :       0.00       0.00          0          0          0
  adaptivediving   :       0.04       0.00          1          0          0
  alns             :       0.21       0.00          3          4          4
  bound            :       0.00       0.00          0          0          0
  clique           :       0.06       0.00          1          1          1
  coefdiving       :       0.00       0.00          0          0          0
  completesol      :       0.00       0.00          0          0          0
  conflictdiving   :       2.16       0.00          1          0          0
  crossover        :       0.00       0.00          0          0          0
  dins             :       0.00       0.00          0          0          0
  distributiondivin:       0.01       0.00          0          0          0
  dps              :       0.00       0.00          0          0          0
  dualval          :       0.00       0.00          0          0          0
  farkasdiving     :       0.00       0.00          0          0          0
  feaspump         :       1.06       0.00          1          1          1
  fixandinfer      :       0.00       0.00          0          0          0
  fracdiving       :       0.00       0.00          0          0          0
  gins             :       0.00       0.00          0          0          0
  guideddiving     :       0.00       0.00          0          0          0
  indicator        :       0.00       0.00          0          0          0
  indicatordiving  :       0.00       0.00          0          0          0
  intdiving        :       0.00       0.00          0          0          0
  intshifting      :       0.20       0.00          2          1          1
  linesearchdiving :       0.00       0.00          0          0          0
  localbranching   :       0.00       0.00          0          0          0
  locks            :       0.02       0.00          1          1          1
  lpface           :       0.00       0.00          0          0          0
  mpec             :       0.00       0.00          0          0          0
  multistart       :       0.00       0.00          0          0          0
  mutation         :       0.00       0.00          0          0          0
  nlpdiving        :       0.00       0.00          0          0          0
  objpscostdiving  :       0.00       0.00          0          0          0
  octane           :       0.00       0.00          0          0          0
  ofins            :       0.00       0.00          0          0          0
  oneopt           :       0.01       0.00          6          0          0
  padm             :       0.00       0.00          0          0          0
  proximity        :       0.00       0.00          0          0          0
  pscostdiving     :       0.52       0.00          1          0          0
  randrounding     :       0.41       0.00         66          0          0
  rens             :       1.73       0.00          1          1          1
  reoptsols        :       0.00       0.00          0          0          0
  repair           :       0.00       0.00          0          0          0
  rins             :       0.00       0.00          0          0          0
  rootsoldiving    :       0.00       0.00          0          0          0
  rounding         :       0.10       0.00        167          0          0
  scheduler        :       0.00       0.00          0          0          0
  shiftandpropagate:       0.00       0.00          0          0          0
  shifting         :       0.62       0.00         86          6          2
  simplerounding   :       0.00       0.00          0          0          0
  subnlp           :       0.00       0.00          0          0          0
  trivial          :       0.00       0.00          2          0          0
  trivialnegation  :       0.00       0.00          0          0          0
  trustregion      :       0.00       0.00          0          0          0
  trysol           :       0.00       0.00          0          0          0
  twoopt           :       0.00       0.00          0          0          0
  undercover       :       0.00       0.00          0          0          0
  vbounds          :       0.09       0.00          1          0          0
  veclendiving     :       0.00       0.00          0          0          0
  zeroobj          :       0.00       0.00          0          0          0
  zirounding       :       0.07       0.00        111          0          0
  other solutions  :          -          -          -          0          -
LNS (Scheduler)    :      Calls  SetupTime  SolveTime SolveNodes       Sols       Best       Exp3    Exp3-IX  EpsGreedy        UCB TgtFixRate  Opt  Inf Node Stal  Sol  Usr Othr Actv
  rens             :          0       0.00       0.00          0          0          0    0.00000    0.12500   -1.00000    1.00000      0.900    0    0    0    0    0    0    0    1
  rins             :          0       0.00       0.00          0          0          0    0.00000    0.12500   -1.00000    1.00000      0.900    0    0    0    0    0    0    0    1
  mutation         :          0       0.00       0.00          0          0          0    0.00000    0.12500   -1.00000    1.00000      0.900    0    0    0    0    0    0    0    1
  localbranching   :          0       0.00       0.00          0          0          0    0.00000    0.12500   -1.00000    1.00000      0.900    0    0    0    0    0    0    0    1
  crossover        :          0       0.00       0.00          0          0          0    0.00000    0.12500   -1.00000    1.00000      0.900    0    0    0    0    0    0    0    1
  proximity        :          0       0.00       0.00          0          0          0    0.00000    0.12500   -1.00000    1.00000      0.900    0    0    0    0    0    0    0    1
  zeroobjective    :          0       0.00       0.00          0          0          0    0.00000    0.12500   -1.00000    1.00000      0.900    0    0    0    0    0    0    0    1
  dins             :          0       0.00       0.00          0          0          0    0.00000    0.12500   -1.00000    1.00000      0.900    0    0    0    0    0    0    0    1
  trustregion      :          0       0.00       0.00          0          0          0    0.00000    0.00000   -1.00000    1.00000      0.900    0    0    0    0    0    0    0    0
LP                 :       Time      Calls Iterations  Iter/call   Iter/sec  Time-0-It Calls-0-It    ItLimit
  primal LP        :       0.03         22          0       0.00       0.00       0.03         22
  dual LP          :      37.59        384     118485     470.18    3151.84       0.16        132
  lex dual LP      :       0.00          0          0       0.00          -
  barrier LP       :       0.00          0          0       0.00          -       0.00          0
  resolve instable :       0.00          0          0       0.00          -
  diving/probing LP:       4.01         27      10593     392.33    2642.51
  strong branching :      68.89        374     203719     544.70    2957.23          -          -        177
    (at root node) :          -         44      42881     974.57          -
  conflict analysis:       0.11         31        301       9.71    2821.60
B&B Tree           :
  number of runs   :          1
  nodes            :        150 (111 internal, 39 leaves)
  feasible leaves  :          1
  infeas. leaves   :          0
  objective leaves :         38
  nodes (total)    :        150 (111 internal, 39 leaves)
  nodes left       :          0
  max depth        :         25
  max depth (total):         25
  backtracks       :         19 (12.7%)
  early backtracks :          0 (0.0%)
  nodes exc. ref.  :          0 (0.0%)
  delayed cutoffs  :          1
  repropagations   :          4 (0 domain reductions, 0 cutoffs)
  avg switch length:       3.09
  switching time   :       0.08
Root Node          :
  First LP value   : +1.97835131912802e+03
  First LP Iters   :       1479 (6297.18 Iter/sec)
  First LP Time    :       0.23
  Final Dual Bound : +2.06335537376925e+03
  Final Root Iters :      23212
  Root LP Estimate : +2.06350660074342e+03
Solution           :
  Solutions found  :         16 (12 improvements)
  First Solution   : +2.20860533287142e+03   (in run 1, after 1 nodes, 0.89 seconds, depth 167, found by <clique>)
  Gap First Sol.   :      23.00 %
  Gap Last Sol.    :       0.00 %
  Primal Bound     : +2.06340312717613e+03   (in run 1, after 132 nodes, 119.73 seconds, depth 20, found by <relaxation>)
  Dual Bound       : +2.06340312717613e+03
  Gap              :       0.00 %
Integrals          :      Total       Avg%
  primal-dual      :     175.05       1.45
  primal-ref       :          -          - (not evaluated)
  dual-ref         :          -          - (not evaluated)

 Branching Statistics...

 Total number of propagations -> 0

 Number of cutoffs of KnaCons -> 0

 Total number of variables fixed to 1 by the propagator -> 0

 Total number of variables fixed to 0 by the propagator -> 0

 Maximum number of rounds of the approximation algorithm -> 0

 Runtime of the exact algorithm -> 0.0000 s

 Total number of variables fixed to 1 in the exact algorithm -> 0

 Total number of variables fixed to 0 in the exact algorithm -> 0

 Number of cutoffs in the exact algorithm -> 0

 Number of cutoffs in the approximation algorithm -> 0

 PS:  
