***************************************
*         SCIP-based CCP Solver       *
*                                     *
*    Wei Lv and Wei-Kun Chen (2024)   *
***************************************
/share/home/wangzhaowei/lvwei/scipoptsuite-9.1.0/build/bin/examples/ccp -f CCRPData/50-100-1000-4.ccrp -s CCRPSetting/BnC-MIX-DI15.set 
SCIP version 9.1.0 [precision: 8 byte] [memory: block] [mode: optimized] [LP solver: Soplex 7.1.0] [GitHash: 8cab0278ba]
Copyright (c) 2002-2024 Zuse Institute Berlin (ZIB)

External libraries: 
  Soplex 7.1.0         Linear Programming Solver developed at Zuse Institute Berlin (soplex.zib.de) [GitHash: 595bfac9]
  CppAD 20180000.0     Algorithmic Differentiation of C++ algorithms developed by B. Bell (github.com/coin-or/CppAD)
  ZLIB 1.2.7           General purpose compression library by J. Gailly and M. Adler (zlib.net)
  GMP 6.0.0            GNU Multiple Precision Arithmetic Library developed by T. Granlund (gmplib.org)
  AMPL/MP 690e9e7      AMPL .nl file reader library (github.com/ampl/mp)
  PaPILO 2.3.0         parallel presolve for integer and linear optimization (github.com/scipopt/papilo) (built with TBB) [GitHash: 4b8ce6ed]
  Nauty 2.8.8          Computing Graph Automorphism Groups by Brendan D. McKay (users.cecs.anu.edu.au/~bdm/nauty)
  sassy 1.1            Symmetry preprocessor by Markus Anders (github.com/markusa4/sassy)

reading user parameter file <CCRPSetting/BnC-MIX-DI15.set>

read problem <CCRPData/50-100-1000-4.ccrp>
============

File name: 	CCRPData/50-100-1000-4.ccrp
Problem name:	50-100-1000-4
NumResource: 	50
Dimension: 	100
NumScenario: 	1000
ConfidenceParameter: 	0.15
IsEqualProbability: 	1
BnC+MIX+DI: 	1
BnC+MIX+sDI: 	0
DB: 	0
DB+OPF: 	0
Dominance and Aggregation Statistics......
NumEdge:        12865
NumBiEdge: 	0
NumDomIneqs: 	12865
DominanceRatio: 0.0258
NumAggScenario: 1000 
BasicNumScenario: 814 
Dominance Inequalities Statistics......
NumBasicDomIneqs: 12865
NumNonReDomIneqs: 12754
Duration: 0.0200 s 

original problem has 6150 variables (1000 bin, 0 int, 0 impl, 5150 cont) and 27906 constraints

solve problem
=============

presolving:
(round 1, fast)       2337 del vars, 10810 del conss, 0 add conss, 100 chg bounds, 0 chg sides, 0 chg coeffs, 0 upgd conss, 0 impls, 1944 clqs
(round 2, fast)       2339 del vars, 10827 del conss, 0 add conss, 100 chg bounds, 0 chg sides, 0 chg coeffs, 0 upgd conss, 0 impls, 1927 clqs
   (0.1s) running MILP presolver
   (0.2s) MILP presolver (3 rounds): 142 aggregations, 2739 fixings, 0 bound changes
(round 3, medium)     5220 del vars, 27905 del conss, 16936 add conss, 100 chg bounds, 0 chg sides, 0 chg coeffs, 0 upgd conss, 0 impls, 1927 clqs
(round 4, fast)       5220 del vars, 27905 del conss, 16936 add conss, 192 chg bounds, 0 chg sides, 0 chg coeffs, 0 upgd conss, 0 impls, 1927 clqs
(round 5, exhaustive) 5220 del vars, 27905 del conss, 16936 add conss, 192 chg bounds, 0 chg sides, 0 chg coeffs, 16927 upgd conss, 0 impls, 1927 clqs
   (0.3s) probing: 51/814 (6.3%) - 0 fixings, 0 aggregations, 0 implications, 0 bound changes
   (0.3s) probing aborted: 50/50 successive totally useless probings
   (0.4s) symmetry computation started: requiring (bin +, int +, cont +), (fixed: bin -, int -, cont -)
   Symmetry detection interrupted: constraints of type chancecons do not provide symmetry information.
   If symmetries shall be detected, implement the CONSGETPERMSYMGRAPH callback.
   (0.4s) could not compute symmetry
presolving (6 rounds: 6 fast, 3 medium, 2 exhaustive):
 5220 deleted vars, 27905 deleted constraints, 16936 added constraints, 192 tightened bounds, 0 added holes, 0 changed sides, 0 changed coefficients
 14999 implications, 1927 cliques
presolved problem has 930 variables (814 bin, 0 int, 0 impl, 116 cont) and 16937 constraints
      1 constraints of type <chancecons>
  15000 constraints of type <varbound>
      1 constraints of type <knapsack>
   1927 constraints of type <setppc>
      8 constraints of type <linear>
Presolving Time: 0.33

 time | node  | left  |LP iter|LP it/n|mem/heur|mdpt |vars |cons |rows |cuts |sepa|confs|strbr|  dualbound   | primalbound  |  gap   | compl. 
p 0.5s|     1 |     0 |     8 |     - |  clique|   0 | 930 |  16k|  16k|   0 |  0 |   0 |   0 | 5.477893e+03 | 7.181426e+03 |  31.10%| unknown
p 0.5s|     1 |     0 |    16 |     - |   locks|   0 | 930 |  16k|  16k|   0 |  0 |   0 |   0 | 5.477893e+03 | 6.924127e+03 |  26.40%| unknown
  1.0s|     1 |     0 |  2174 |     - |   129M |   0 | 930 |  16k|  16k|   0 |  0 |   3 |   0 | 6.501265e+03 | 6.924127e+03 |   6.50%| unknown
  1.3s|     1 |     0 |  2943 |     - |   132M |   0 | 930 |  16k|  17k|  65 |  1 |   3 |   0 | 6.637421e+03 | 6.924127e+03 |   4.32%| unknown
  1.6s|     1 |     0 |  3574 |     - |   135M |   0 | 930 |  16k|  17k| 126 |  2 |   3 |   0 | 6.691424e+03 | 6.924127e+03 |   3.48%| unknown
  2.0s|     1 |     0 |  4175 |     - |   141M |   0 | 930 |  16k|  17k| 196 |  3 |   3 |   0 | 6.732015e+03 | 6.924127e+03 |   2.85%| unknown
  2.4s|     1 |     0 |  4978 |     - |   146M |   0 | 930 |  16k|  17k| 264 |  4 |   3 |   0 | 6.765091e+03 | 6.924127e+03 |   2.35%| unknown
  2.7s|     1 |     0 |  5544 |     - |   154M |   0 | 930 |  16k|  17k| 336 |  5 |   3 |   0 | 6.778390e+03 | 6.924127e+03 |   2.15%| unknown
  3.3s|     1 |     0 |  6488 |     - |   161M |   0 | 930 |  16k|  17k| 406 |  6 |   3 |   0 | 6.791190e+03 | 6.924127e+03 |   1.96%| unknown
  3.8s|     1 |     0 |  7310 |     - |   174M |   0 | 930 |  16k|  17k| 473 |  7 |   3 |   0 | 6.797862e+03 | 6.924127e+03 |   1.86%| unknown
  4.3s|     1 |     0 |  7916 |     - |   185M |   0 | 930 |  16k|  17k| 525 |  8 |   3 |   0 | 6.801803e+03 | 6.924127e+03 |   1.80%| unknown
  4.8s|     1 |     0 |  8787 |     - |   195M |   0 | 930 |  16k|  17k| 584 |  9 |   3 |   0 | 6.806588e+03 | 6.924127e+03 |   1.73%| unknown
  5.4s|     1 |     0 |  9596 |     - |   209M |   0 | 930 |  16k|  17k| 651 | 10 |   3 |   0 | 6.809416e+03 | 6.924127e+03 |   1.68%| unknown
  5.9s|     1 |     0 | 10501 |     - |   211M |   0 | 930 |  16k|  17k| 711 | 11 |   3 |   0 | 6.812215e+03 | 6.924127e+03 |   1.64%| unknown
  6.3s|     1 |     0 | 11420 |     - |   213M |   0 | 930 |  16k|  17k| 783 | 12 |   3 |   0 | 6.814405e+03 | 6.924127e+03 |   1.61%| unknown
 time | node  | left  |LP iter|LP it/n|mem/heur|mdpt |vars |cons |rows |cuts |sepa|confs|strbr|  dualbound   | primalbound  |  gap   | compl. 
  6.9s|     1 |     0 | 12515 |     - |   216M |   0 | 930 |  16k|  17k| 861 | 13 |   3 |   0 | 6.817154e+03 | 6.924127e+03 |   1.57%| unknown
  7.5s|     1 |     0 | 13638 |     - |   219M |   0 | 930 |  16k|  17k| 937 | 14 |   3 |   0 | 6.818807e+03 | 6.924127e+03 |   1.54%| unknown
  8.3s|     1 |     0 | 14667 |     - |   221M |   0 | 930 |  16k|  17k|1010 | 15 |   3 |   0 | 6.819695e+03 | 6.924127e+03 |   1.53%| unknown
  9.1s|     1 |     0 | 15777 |     - |   223M |   0 | 930 |  16k|  18k|1094 | 16 |   3 |   0 | 6.820117e+03 | 6.924127e+03 |   1.53%| unknown
 10.1s|     1 |     0 | 17166 |     - |   226M |   0 | 930 |  16k|  18k|1179 | 17 |   3 |   0 | 6.820409e+03 | 6.924127e+03 |   1.52%| unknown
 10.9s|     1 |     0 | 18442 |     - |   228M |   0 | 930 |  16k|  18k|1255 | 18 |   3 |   0 | 6.820600e+03 | 6.924127e+03 |   1.52%| unknown
 11.7s|     1 |     0 | 19785 |     - |   230M |   0 | 930 |  16k|  18k|1341 | 19 |   3 |   0 | 6.820803e+03 | 6.924127e+03 |   1.51%| unknown
 12.5s|     1 |     0 | 21515 |     - |   232M |   0 | 930 |  16k|  18k|1406 | 20 |   3 |   0 | 6.820930e+03 | 6.924127e+03 |   1.51%| unknown
 13.1s|     1 |     0 | 22648 |     - |   232M |   0 | 930 |  16k|  18k|1459 | 21 |   3 |   0 | 6.820966e+03 | 6.924127e+03 |   1.51%| unknown
 13.3s|     1 |     0 | 23100 |     - |   233M |   0 | 930 |  16k|  18k|1515 | 22 |   3 |   0 | 6.820996e+03 | 6.924127e+03 |   1.51%| unknown
r13.4s|     1 |     0 | 23100 |     - |shifting|   0 | 930 |  16k|  18k|1515 | 22 |   3 |   0 | 6.820996e+03 | 6.864419e+03 |   0.64%| unknown
 13.4s|     1 |     0 | 23112 |     - |   233M |   0 | 930 |  16k|  18k|1519 | 23 |   3 |   0 | 6.820997e+03 | 6.864419e+03 |   0.64%| unknown
r13.5s|     1 |     0 | 23194 |     - |intshift|   0 | 930 |  16k|  18k|1519 | 24 |   3 |   0 | 6.820997e+03 | 6.823289e+03 |   0.03%| unknown
L14.6s|     1 |     0 | 25550 |     - |    rens|   0 | 930 |  16k|  18k|1519 | 24 |  15 |   0 | 6.820997e+03 | 6.821327e+03 |   0.00%| unknown
 14.7s|     1 |     0 | 25550 |     - |   235M |   0 | 930 |  16k|  18k|1519 | 24 |  15 |   0 | 6.820997e+03 | 6.821327e+03 |   0.00%| unknown
 time | node  | left  |LP iter|LP it/n|mem/heur|mdpt |vars |cons |rows |cuts |sepa|confs|strbr|  dualbound   | primalbound  |  gap   | compl. 
 14.7s|     1 |     0 | 25550 |     - |   235M |   0 | 930 |  16k|  11k|1519 | 24 |  15 |   0 | 6.820997e+03 | 6.821327e+03 |   0.00%| unknown
 14.8s|     1 |     0 | 25550 |     - |   235M |   0 | 930 |  15k|3364 |1519 | 25 |  15 |   0 | 6.820997e+03 | 6.821327e+03 |   0.00%| unknown
 14.8s|     1 |     0 | 25550 |     - |   235M |   0 | 930 |  15k|3364 |1519 | 25 |  15 |   0 | 6.820997e+03 | 6.821327e+03 |   0.00%| unknown
 14.8s|     1 |     0 | 25550 |     - |   235M |   0 | 930 |2054 |3364 |1519 | 25 |  15 |   0 | 6.820997e+03 | 6.821327e+03 |   0.00%| unknown
(run 1, node 1) restarting after 476 global fixings of integer variables

(restart) converted 671 cuts from the global cut pool into linear constraints

presolving:
(round 1, fast)       485 del vars, 9 del conss, 0 add conss, 6 chg bounds, 0 chg sides, 2351 chg coeffs, 0 upgd conss, 14999 impls, 0 clqs
(round 2, fast)       485 del vars, 9 del conss, 0 add conss, 17 chg bounds, 7 chg sides, 2351 chg coeffs, 0 upgd conss, 14999 impls, 0 clqs
(round 3, fast)       492 del vars, 16 del conss, 0 add conss, 17 chg bounds, 7 chg sides, 2351 chg coeffs, 0 upgd conss, 14999 impls, 0 clqs
   (14.9s) running MILP presolver
   (14.9s) MILP presolver (2 rounds): 0 aggregations, 0 fixings, 99 bound changes
(round 4, medium)     492 del vars, 16 del conss, 0 add conss, 116 chg bounds, 7 chg sides, 2351 chg coeffs, 0 upgd conss, 14999 impls, 0 clqs
(round 5, exhaustive) 492 del vars, 36 del conss, 0 add conss, 116 chg bounds, 8 chg sides, 2351 chg coeffs, 0 upgd conss, 14999 impls, 0 clqs
(round 6, exhaustive) 492 del vars, 36 del conss, 0 add conss, 116 chg bounds, 8 chg sides, 2351 chg coeffs, 51 upgd conss, 14999 impls, 0 clqs
(round 7, medium)     492 del vars, 87 del conss, 0 add conss, 116 chg bounds, 8 chg sides, 2351 chg coeffs, 51 upgd conss, 14999 impls, 0 clqs
presolving (8 rounds: 8 fast, 5 medium, 3 exhaustive):
 492 deleted vars, 87 deleted constraints, 0 added constraints, 116 tightened bounds, 0 added holes, 8 changed sides, 2351 changed coefficients
 14999 implications, 0 cliques
presolved problem has 438 variables (338 bin, 0 int, 0 impl, 100 cont) and 2638 constraints
      1 constraints of type <chancecons>
   2037 constraints of type <varbound>
      1 constraints of type <knapsack>
    599 constraints of type <linear>
Presolving Time: 0.37
transformed 4/11 original solutions to the transformed problem space

 time | node  | left  |LP iter|LP it/n|mem/heur|mdpt |vars |cons |rows |cuts |sepa|confs|strbr|  dualbound   | primalbound  |  gap   | compl. 
 15.1s|     1 |     0 | 27601 |     - |   230M |   0 | 438 |2638 |2636 |   0 |  0 |  15 |   0 | 6.820997e+03 | 6.821327e+03 |   0.00%| unknown
 15.2s|     1 |     0 | 28262 |     - |   235M |   0 | 438 |2638 |2693 |  57 |  1 |  16 |   0 | 6.820997e+03 | 6.821327e+03 |   0.00%| unknown
 15.4s|     1 |     0 | 28967 |     - |   240M |   0 | 438 |2638 |2756 | 120 |  2 |  16 |   0 | 6.820997e+03 | 6.821327e+03 |   0.00%| unknown
 15.4s|     1 |     0 | 28967 |     - |   240M |   0 | 438 |2638 |2756 | 120 |  2 |  16 |   0 | 6.820997e+03 | 6.821327e+03 |   0.00%| unknown
 15.6s|     1 |     0 | 29883 |     - |   245M |   0 | 438 |2638 |2772 | 185 |  3 |  16 |   0 | 6.820997e+03 | 6.821327e+03 |   0.00%| unknown
 15.6s|     1 |     0 | 29883 |     - |   245M |   0 | 438 |2637 |2737 | 185 |  3 |  16 |   0 | 6.820997e+03 | 6.821327e+03 |   0.00%| unknown
 15.8s|     1 |     0 | 30576 |     - |   245M |   0 | 438 |2637 |2198 | 254 |  4 |  16 |   0 | 6.820997e+03 | 6.821327e+03 |   0.00%| unknown
 15.8s|     1 |     0 | 30576 |     - |   245M |   0 | 438 |2637 |2119 | 254 |  4 |  16 |   0 | 6.820997e+03 | 6.821327e+03 |   0.00%| unknown
 15.9s|     1 |     0 | 31011 |     - |   245M |   0 | 438 |2637 |1987 | 317 |  5 |  16 |   0 | 6.820997e+03 | 6.821327e+03 |   0.00%| unknown
 15.9s|     1 |     0 | 31013 |     - |   245M |   0 | 438 |2637 |1920 | 317 |  5 |  16 |   0 | 6.820997e+03 | 6.821327e+03 |   0.00%| unknown
 15.9s|     1 |     0 | 31013 |     - |   245M |   0 | 438 |2637 |1909 | 317 |  5 |  16 |   0 | 6.820997e+03 | 6.821327e+03 |   0.00%| unknown
 15.9s|     1 |     0 | 31093 |     - |   246M |   0 | 438 |2637 |1833 | 322 |  6 |  16 |   0 | 6.821004e+03 | 6.821327e+03 |   0.00%| unknown
 15.9s|     1 |     0 | 31093 |     - |   246M |   0 | 438 |2637 |1833 | 322 |  6 |  16 |   0 | 6.821004e+03 | 6.821327e+03 |   0.00%| unknown
 16.0s|     1 |     0 | 31102 |     - |   246M |   0 | 438 |2637 |1820 | 323 |  7 |  16 |   0 | 6.821004e+03 | 6.821327e+03 |   0.00%| unknown
 16.0s|     1 |     0 | 31279 |     - |   246M |   0 | 438 |2637 |1821 | 324 |  8 |  16 |   0 | 6.821004e+03 | 6.821327e+03 |   0.00%| unknown
 time | node  | left  |LP iter|LP it/n|mem/heur|mdpt |vars |cons |rows |cuts |sepa|confs|strbr|  dualbound   | primalbound  |  gap   | compl. 
 16.0s|     1 |     0 | 31279 |     - |   246M |   0 | 438 |2637 |1814 | 324 |  8 |  16 |   0 | 6.821004e+03 | 6.821327e+03 |   0.00%| unknown
 16.0s|     1 |     0 | 31450 |     - |   246M |   0 | 438 |2637 |1560 | 325 |  9 |  16 |   0 | 6.821004e+03 | 6.821327e+03 |   0.00%| unknown
 16.0s|     1 |     0 | 31450 |     - |   246M |   0 | 438 |2637 |1557 | 325 |  9 |  16 |   0 | 6.821004e+03 | 6.821327e+03 |   0.00%| unknown
 16.0s|     1 |     0 | 31711 |     - |   246M |   0 | 438 |2637 |1548 | 326 | 10 |  16 |   0 | 6.821005e+03 | 6.821327e+03 |   0.00%| unknown
 16.0s|     1 |     0 | 31712 |     - |   246M |   0 | 438 |2637 |1534 | 326 | 10 |  16 |   0 | 6.821005e+03 | 6.821327e+03 |   0.00%| unknown
 16.2s|     1 |     0 | 31976 |     - |   246M |   0 | 438 |2637 |1556 | 349 | 11 |  16 |   0 | 6.821006e+03 | 6.821327e+03 |   0.00%| unknown
 16.2s|     1 |     0 | 31976 |     - |   246M |   0 | 438 |2637 |1539 | 349 | 11 |  16 |   0 | 6.821006e+03 | 6.821327e+03 |   0.00%| unknown
 16.2s|     1 |     0 | 31984 |     - |   247M |   0 | 438 |2637 |1465 | 351 | 12 |  16 |   0 | 6.821007e+03 | 6.821327e+03 |   0.00%| unknown
 16.2s|     1 |     0 | 31990 |     - |   248M |   0 | 438 |2637 |1467 | 353 | 13 |  16 |   0 | 6.821007e+03 | 6.821327e+03 |   0.00%| unknown
 16.2s|     1 |     0 | 32086 |     - |   248M |   0 | 438 |2637 |1184 | 355 | 14 |  16 |   0 | 6.821008e+03 | 6.821327e+03 |   0.00%| unknown
 16.2s|     1 |     0 | 32091 |     - |   248M |   0 | 438 |2637 |1170 | 355 | 14 |  16 |   0 | 6.821008e+03 | 6.821327e+03 |   0.00%| unknown
 16.2s|     1 |     0 | 32172 |     - |   248M |   0 | 438 |2637 |1175 | 360 | 15 |  16 |   0 | 6.821009e+03 | 6.821327e+03 |   0.00%| unknown
 16.2s|     1 |     0 | 32174 |     - |   248M |   0 | 438 |2637 |1174 | 360 | 15 |  16 |   0 | 6.821009e+03 | 6.821327e+03 |   0.00%| unknown
 16.3s|     1 |     0 | 32226 |     - |   248M |   0 | 438 |2637 |1155 | 364 | 16 |  16 |   0 | 6.821009e+03 | 6.821327e+03 |   0.00%| unknown
 16.3s|     1 |     0 | 32287 |     - |   248M |   0 | 438 |2637 |1157 | 366 | 17 |  16 |   0 | 6.821009e+03 | 6.821327e+03 |   0.00%| unknown
 time | node  | left  |LP iter|LP it/n|mem/heur|mdpt |vars |cons |rows |cuts |sepa|confs|strbr|  dualbound   | primalbound  |  gap   | compl. 
 16.3s|     1 |     0 | 32292 |     - |   248M |   0 | 438 |2637 |1104 | 366 | 17 |  16 |   0 | 6.821009e+03 | 6.821327e+03 |   0.00%| unknown
 16.3s|     1 |     0 | 32319 |     - |   248M |   0 | 438 |2637 |1103 | 373 | 18 |  16 |   0 | 6.821009e+03 | 6.821327e+03 |   0.00%| unknown
 16.3s|     1 |     0 | 32319 |     - |   248M |   0 | 438 |2637 |1103 | 373 | 18 |  16 |   0 | 6.821009e+03 | 6.821327e+03 |   0.00%| unknown
 16.3s|     1 |     0 | 32376 |     - |   248M |   0 | 438 |2637 |1088 | 374 | 19 |  16 |   0 | 6.821009e+03 | 6.821327e+03 |   0.00%| unknown
 16.3s|     1 |     0 | 32379 |     - |   248M |   0 | 438 |2637 |1087 | 374 | 19 |  16 |   0 | 6.821009e+03 | 6.821327e+03 |   0.00%| unknown
 16.3s|     1 |     0 | 32405 |     - |   249M |   0 | 438 |2637 |1075 | 376 | 20 |  16 |   0 | 6.821009e+03 | 6.821327e+03 |   0.00%| unknown
 16.3s|     1 |     0 | 32405 |     - |   249M |   0 | 438 |2637 |1075 | 376 | 20 |  16 |   0 | 6.821009e+03 | 6.821327e+03 |   0.00%| unknown
 16.4s|     1 |     0 | 32421 |     - |   249M |   0 | 438 |2637 | 996 | 377 | 21 |  16 |   0 | 6.821009e+03 | 6.821327e+03 |   0.00%| unknown
L16.4s|     1 |     0 | 32558 |     - |    rens|   0 | 438 |1270 | 996 | 377 | 22 |  16 |   0 | 6.821009e+03 | 6.821052e+03 |   0.00%| unknown
(run 2, node 1) restarting after 151 global fixings of integer variables

(restart) converted 75 cuts from the global cut pool into linear constraints

presolving:
(round 1, fast)       167 del vars, 1 del conss, 0 add conss, 0 chg bounds, 0 chg sides, 850 chg coeffs, 0 upgd conss, 14999 impls, 0 clqs
   (16.4s) running MILP presolver
   (16.4s) MILP presolver (3 rounds): 6 aggregations, 0 fixings, 29 bound changes
(round 2, medium)     173 del vars, 7 del conss, 0 add conss, 29 chg bounds, 0 chg sides, 850 chg coeffs, 0 upgd conss, 14999 impls, 0 clqs
(round 3, fast)       173 del vars, 28 del conss, 0 add conss, 29 chg bounds, 0 chg sides, 854 chg coeffs, 0 upgd conss, 14999 impls, 0 clqs
(round 4, exhaustive) 173 del vars, 107 del conss, 0 add conss, 29 chg bounds, 1 chg sides, 854 chg coeffs, 0 upgd conss, 14999 impls, 0 clqs
(round 5, exhaustive) 173 del vars, 107 del conss, 0 add conss, 29 chg bounds, 1 chg sides, 854 chg coeffs, 78 upgd conss, 14999 impls, 0 clqs
(round 6, medium)     173 del vars, 184 del conss, 0 add conss, 29 chg bounds, 5 chg sides, 858 chg coeffs, 78 upgd conss, 14999 impls, 0 clqs
presolving (7 rounds: 7 fast, 5 medium, 3 exhaustive):
 173 deleted vars, 184 deleted constraints, 0 added constraints, 29 tightened bounds, 0 added holes, 5 changed sides, 858 changed coefficients
 14999 implications, 0 cliques
presolved problem has 265 variables (172 bin, 0 int, 0 impl, 93 cont) and 1161 constraints
      1 constraints of type <chancecons>
    700 constraints of type <varbound>
      1 constraints of type <knapsack>
    458 constraints of type <linear>
      1 constraints of type <logicor>
Presolving Time: 0.40
transformed 11/25 original solutions to the transformed problem space

 time | node  | left  |LP iter|LP it/n|mem/heur|mdpt |vars |cons |rows |cuts |sepa|confs|strbr|  dualbound   | primalbound  |  gap   | compl. 
 16.5s|     1 |     0 | 33324 |     - |   248M |   0 | 265 |1161 |1160 |   0 |  0 |  16 |   0 | 6.821009e+03 | 6.821052e+03 |   0.00%| unknown
 16.5s|     1 |     0 | 33325 |     - |   248M |   0 | 265 |1161 |1160 |   0 |  0 |  16 |   0 | 6.821009e+03 | 6.821052e+03 |   0.00%| unknown
 16.5s|     1 |     0 | 33448 |     - |   249M |   0 | 265 |1161 |1175 |  26 |  1 |  16 |   0 | 6.821009e+03 | 6.821052e+03 |   0.00%| unknown
 16.5s|     1 |     0 | 33448 |     - |   249M |   0 | 265 |1161 |1171 |  26 |  1 |  16 |   0 | 6.821009e+03 | 6.821052e+03 |   0.00%| unknown
 16.5s|     1 |     0 | 33600 |     - |   249M |   0 | 265 |1161 |1083 |  35 |  2 |  16 |   0 | 6.821009e+03 | 6.821052e+03 |   0.00%| unknown
 16.5s|     1 |     0 | 33601 |     - |   249M |   0 | 265 |1161 |1063 |  35 |  2 |  16 |   0 | 6.821009e+03 | 6.821052e+03 |   0.00%| unknown
 16.6s|     1 |     0 | 33700 |     - |   249M |   0 | 265 |1161 | 990 |  57 |  3 |  16 |   0 | 6.821009e+03 | 6.821052e+03 |   0.00%| unknown
 16.6s|     1 |     0 | 33700 |     - |   249M |   0 | 265 |1161 | 962 |  57 |  3 |  16 |   0 | 6.821009e+03 | 6.821052e+03 |   0.00%| unknown
 16.6s|     1 |     0 | 33765 |     - |   249M |   0 | 265 |1161 | 926 |  66 |  4 |  16 |   0 | 6.821009e+03 | 6.821052e+03 |   0.00%| unknown
 16.6s|     1 |     0 | 33765 |     - |   249M |   0 | 265 |1161 | 926 |  66 |  4 |  16 |   0 | 6.821009e+03 | 6.821052e+03 |   0.00%| unknown
 16.6s|     1 |     0 | 33871 |     - |   249M |   0 | 265 |1161 | 898 |  77 |  5 |  16 |   0 | 6.821016e+03 | 6.821052e+03 |   0.00%| unknown
 16.6s|     1 |     0 | 33871 |     - |   249M |   0 | 265 |1161 | 879 |  77 |  5 |  16 |   0 | 6.821016e+03 | 6.821052e+03 |   0.00%| unknown
 16.6s|     1 |     0 | 33887 |     - |   249M |   0 | 265 |1161 | 882 |  91 |  6 |  16 |   0 | 6.821017e+03 | 6.821052e+03 |   0.00%| unknown
 16.6s|     1 |     0 | 33893 |     - |   250M |   0 | 265 |1161 | 629 |  93 |  7 |  16 |   0 | 6.821017e+03 | 6.821052e+03 |   0.00%| unknown
 16.6s|     1 |     0 | 33913 |     - |   250M |   0 | 265 |1161 | 632 |  96 |  8 |  16 |   0 | 6.821018e+03 | 6.821052e+03 |   0.00%| unknown
 time | node  | left  |LP iter|LP it/n|mem/heur|mdpt |vars |cons |rows |cuts |sepa|confs|strbr|  dualbound   | primalbound  |  gap   | compl. 
 16.7s|     1 |     0 | 33946 |     - |   250M |   0 | 265 |1161 | 635 |  99 |  9 |  16 |   0 | 6.821018e+03 | 6.821052e+03 |   0.00%| unknown
 16.7s|     1 |     0 | 33946 |     - |   250M |   0 | 265 |1161 | 630 |  99 |  9 |  16 |   0 | 6.821018e+03 | 6.821052e+03 |   0.00%| unknown
 16.7s|     1 |     0 | 33956 |     - |   250M |   0 | 265 |1161 | 623 | 104 | 10 |  16 |   0 | 6.821018e+03 | 6.821052e+03 |   0.00%| unknown
 16.7s|     1 |     0 | 33974 |     - |   250M |   0 | 265 |1161 | 624 | 105 | 11 |  16 |   0 | 6.821044e+03 | 6.821052e+03 |   0.00%| unknown
 16.7s|     1 |     0 | 33974 |     - |   250M |   0 | 265 |1161 | 615 | 105 | 11 |  16 |   0 | 6.821044e+03 | 6.821052e+03 |   0.00%| unknown
 16.7s|     1 |     0 | 33984 |     - |   250M |   0 | 265 |1161 | 565 | 107 | 12 |  16 |   0 | 6.821047e+03 | 6.821052e+03 |   0.00%| unknown
 16.7s|     1 |     0 | 33984 |     - |   250M |   0 | 265 |1161 | 556 | 107 | 12 |  16 |   0 | 6.821047e+03 | 6.821052e+03 |   0.00%| unknown
 16.7s|     1 |     0 | 33990 |     - |   251M |   0 | 265 |1161 | 508 | 111 | 13 |  16 |   0 | 6.821048e+03 | 6.821052e+03 |   0.00%| unknown
 16.7s|     1 |     0 | 33990 |     - |   251M |   0 | 265 |1161 | 500 | 111 | 13 |  16 |   0 | 6.821048e+03 | 6.821052e+03 |   0.00%| unknown
 16.7s|     1 |     0 | 33991 |     - |   251M |   0 | 265 |1161 | 499 | 114 | 14 |  16 |   0 | 6.821049e+03 | 6.821052e+03 |   0.00%| unknown
 16.7s|     1 |     0 | 33993 |     - |   251M |   0 | 265 |1161 | 500 | 115 | 15 |  16 |   0 | 6.821050e+03 | 6.821052e+03 |   0.00%| unknown
 16.7s|     1 |     0 | 33994 |     - |   251M |   0 | 265 |1161 | 501 | 116 | 16 |  16 |   0 | 6.821051e+03 | 6.821052e+03 |   0.00%| unknown
 16.7s|     1 |     0 | 33994 |     - |   251M |   0 | 265 |1161 | 501 | 116 | 16 |  16 |   0 | 6.821051e+03 | 6.821052e+03 |   0.00%| unknown
 16.7s|     1 |     0 | 34003 |     - |   251M |   0 | 265 | 653 | 501 | 116 | 17 |  18 |   0 | 6.821052e+03 | 6.821052e+03 |   0.00%| unknown

SCIP Status        : problem is solved [optimal solution found]
Solving Time (sec) : 16.73
Solving Nodes      : 1 (total of 3 nodes in 3 runs)
Primal Bound       : +6.82105150143135e+03 (40 solutions)
Dual Bound         : +6.82105150143135e+03
Gap                : 0.00 %

primal solution (original space):
=================================

objective value:                     6821.05150143135
z#0                                                 1 	(obj:0)
z#11                                                1 	(obj:0)
z#25                                                1 	(obj:0)
z#38                                                1 	(obj:0)
z#45                                                1 	(obj:0)
z#50                                                1 	(obj:0)
z#54                                                1 	(obj:0)
z#55                                                1 	(obj:0)
z#70                                                1 	(obj:0)
z#74                                                1 	(obj:0)
z#84                                                1 	(obj:0)
z#88                                                1 	(obj:0)
z#103                                               1 	(obj:0)
z#106                                               1 	(obj:0)
z#107                                               1 	(obj:0)
z#108                                               1 	(obj:0)
z#111                                               1 	(obj:0)
z#113                                               1 	(obj:0)
z#119                                               1 	(obj:0)
z#122                                               1 	(obj:0)
z#123                                               1 	(obj:0)
z#125                                               1 	(obj:0)
z#126                                               1 	(obj:0)
z#134                                               1 	(obj:0)
z#148                                               1 	(obj:0)
z#161                                               1 	(obj:0)
z#162                                               1 	(obj:0)
z#164                                               1 	(obj:0)
z#179                                               1 	(obj:0)
z#188                                               1 	(obj:0)
z#193                                1.00000000000001 	(obj:0)
z#203                                               1 	(obj:0)
z#204                                               1 	(obj:0)
z#222                                               1 	(obj:0)
z#223                                               1 	(obj:0)
z#228                                               1 	(obj:0)
z#233                                               1 	(obj:0)
z#237                                               1 	(obj:0)
z#241                                               1 	(obj:0)
z#242                                               1 	(obj:0)
z#259                                               1 	(obj:0)
z#281                                               1 	(obj:0)
z#283                                               1 	(obj:0)
z#289                                               1 	(obj:0)
z#290                                               1 	(obj:0)
z#301                                               1 	(obj:0)
z#302                                               1 	(obj:0)
z#305                                               1 	(obj:0)
z#308                                               1 	(obj:0)
z#310                                               1 	(obj:0)
z#327                                               1 	(obj:0)
z#329                                               1 	(obj:0)
z#359                                               1 	(obj:0)
z#369                                               1 	(obj:0)
z#370                                               1 	(obj:0)
z#377                                               1 	(obj:0)
z#389                                               1 	(obj:0)
z#390                                               1 	(obj:0)
z#401                                               1 	(obj:0)
z#408                                               1 	(obj:0)
z#409                                               1 	(obj:0)
z#430                                               1 	(obj:0)
z#431                                               1 	(obj:0)
z#480                                               1 	(obj:0)
z#493                                               1 	(obj:0)
z#500                                               1 	(obj:0)
z#502                                               1 	(obj:0)
z#506                                               1 	(obj:0)
z#510                                               1 	(obj:0)
z#511                                               1 	(obj:0)
z#522                                               1 	(obj:0)
z#529                                               1 	(obj:0)
z#543                                               1 	(obj:0)
z#549                               0.999999999999998 	(obj:0)
z#550                                               1 	(obj:0)
z#551                                               1 	(obj:0)
z#552                                               1 	(obj:0)
z#573                                               1 	(obj:0)
z#576                                               1 	(obj:0)
z#581                                               1 	(obj:0)
z#584                                               1 	(obj:0)
z#586                                               1 	(obj:0)
z#591                                               1 	(obj:0)
z#602                                               1 	(obj:0)
z#606                                               1 	(obj:0)
z#615                                               1 	(obj:0)
z#616                                               1 	(obj:0)
z#621                                               1 	(obj:0)
z#623                                               1 	(obj:0)
z#625                                               1 	(obj:0)
z#629                                               1 	(obj:0)
z#635                                               1 	(obj:0)
z#640                                               1 	(obj:0)
z#641                                               1 	(obj:0)
z#644                                               1 	(obj:0)
z#657                                               1 	(obj:0)
z#658                                               1 	(obj:0)
z#661                                               1 	(obj:0)
z#672                                               1 	(obj:0)
z#681                                               1 	(obj:0)
z#696                                               1 	(obj:0)
z#705                                               1 	(obj:0)
z#709                                               1 	(obj:0)
z#713                                               1 	(obj:0)
z#714                                               1 	(obj:0)
z#720                                               1 	(obj:0)
z#725                                               1 	(obj:0)
z#727                                               1 	(obj:0)
z#743                                               1 	(obj:0)
z#756                                               1 	(obj:0)
z#760                                               1 	(obj:0)
z#761                                               1 	(obj:0)
z#762                                               1 	(obj:0)
z#779                                               1 	(obj:0)
z#789                                               1 	(obj:0)
z#796                                               1 	(obj:0)
z#800                                               1 	(obj:0)
z#804                                               1 	(obj:0)
z#808                                               1 	(obj:0)
z#812                                               1 	(obj:0)
z#827                                               1 	(obj:0)
z#833                                               1 	(obj:0)
z#839                                               1 	(obj:0)
z#852                                               1 	(obj:0)
z#854                                               1 	(obj:0)
z#855                                               1 	(obj:0)
z#857                                               1 	(obj:0)
z#862                                               1 	(obj:0)
z#868                                               1 	(obj:0)
z#879                                               1 	(obj:0)
z#883                                               1 	(obj:0)
z#892                                               1 	(obj:0)
z#893                                               1 	(obj:0)
z#898                                               1 	(obj:0)
z#912                                               1 	(obj:0)
z#922                                               1 	(obj:0)
z#925                                               1 	(obj:0)
z#931                                               1 	(obj:0)
z#944                                               1 	(obj:0)
z#945                                               1 	(obj:0)
z#952                                               1 	(obj:0)
z#958                                               1 	(obj:0)
z#959                                               1 	(obj:0)
z#964                                               1 	(obj:0)
z#973                                               1 	(obj:0)
z#977                                               1 	(obj:0)
z#978                                               1 	(obj:0)
z#982                                               1 	(obj:0)
z#990                                               1 	(obj:0)
z#992                                               1 	(obj:0)
y#9#88                               99.1720334553058 	(obj:0)
y#11#38                              97.5972577696526 	(obj:0)
y#13#1                               104.285695097381 	(obj:0)
y#13#3                               75.3112865497076 	(obj:0)
y#13#5                               83.0181873479319 	(obj:0)
y#13#9                               65.5573040380047 	(obj:0)
y#13#14                              94.5429752066116 	(obj:0)
y#13#22                              78.4617817606748 	(obj:0)
y#13#25                              98.9209028459274 	(obj:0)
y#13#26                              72.8666489078316 	(obj:0)
y#13#33                              72.2314956610516 	(obj:0)
y#13#34                              81.2270200720535 	(obj:0)
y#13#35                              52.7892178524083 	(obj:0)
y#13#39                              72.0829078801332 	(obj:0)
y#13#40                              90.4135490394338 	(obj:0)
y#13#60                              41.7768979972054 	(obj:0)
y#13#62                              90.1159725882973 	(obj:0)
y#13#63                              56.8405693950178 	(obj:0)
y#13#65                              110.937755102041 	(obj:0)
y#13#66                              80.3053128103277 	(obj:0)
y#13#71                              70.1699412706888 	(obj:0)
y#13#73                              67.4757004310345 	(obj:0)
y#13#75                              91.4900155199172 	(obj:0)
y#13#76                              102.232863585118 	(obj:0)
y#13#79                              95.8634697617593 	(obj:0)
y#13#83                              82.1592914853947 	(obj:0)
y#13#84                              66.9215751789976 	(obj:0)
y#13#85                              84.5502673796792 	(obj:0)
y#13#92                              44.5157954545455 	(obj:0)
y#13#93                              56.6867055084746 	(obj:0)
y#13#95                              58.0918271287976 	(obj:0)
y#13#96                              65.4479156202913 	(obj:0)
y#13#97                              54.3111373011196 	(obj:0)
y#17#74                              106.230890410959 	(obj:0)
y#18#58                               78.950438370294 	(obj:0)
y#25#51                              81.9919347530584 	(obj:0)
y#30#17                              87.8804359977641 	(obj:0)
y#30#21                              68.5400462962963 	(obj:0)
y#31#20                              60.5783963227783 	(obj:0)
y#31#81                              161.028992944195 	(obj:0)
y#32#42                              70.6971279373368 	(obj:0)
y#36#11                              92.2260289855072 	(obj:0)
y#36#13                              83.0452225841477 	(obj:0)
y#36#24                              103.527090119435 	(obj:0)
y#36#27                               70.375856615709 	(obj:0)
y#36#28                              62.7905524006195 	(obj:0)
y#36#41                               52.634722903384 	(obj:0)
y#36#50                              91.6007025761124 	(obj:0)
y#37#2                               76.8095798319328 	(obj:0)
y#37#10                              105.791655716163 	(obj:0)
y#37#16                              90.5978048780488 	(obj:0)
y#37#31                              66.0992875318066 	(obj:0)
y#37#44                              49.3979166666667 	(obj:0)
y#37#52                              80.0657574281539 	(obj:0)
y#37#53                              81.7551941238195 	(obj:0)
y#37#67                              70.3341779279279 	(obj:0)
y#37#78                              56.1273274917853 	(obj:0)
y#37#80                               86.676290726817 	(obj:0)
y#37#89                              108.013097713098 	(obj:0)
y#38#29                              73.1804195804196 	(obj:0)
y#38#49                              60.8378596668349 	(obj:0)
y#38#68                              69.9822588235294 	(obj:0)
y#41#12                               92.412567132116 	(obj:0)
y#41#36                              80.3571630537229 	(obj:0)
y#41#86                              60.9951473136916 	(obj:0)
y#41#91                              74.8582755203172 	(obj:0)
y#42#61                              74.3769041769042 	(obj:0)
y#47#77                              49.9612422360248 	(obj:0)
x#0                                  645.771758011893 	(obj:0.95)
x#1                                  45.7568396226415 	(obj:1.01)
x#2                                  1525.22040945898 	(obj:0.86)
x#5                                  70.2402908067542 	(obj:1.01)
x#9                                  99.1720334553058 	(obj:1)
x#11                                 97.5972577696526 	(obj:1)
x#13                                 2361.60198577786 	(obj:0.84)
x#17                                 106.230890410959 	(obj:0.97)
x#18                                  78.950438370294 	(obj:0.99)
x#25                                 81.9919347530584 	(obj:0.97)
x#30                                  156.42048229406 	(obj:0.97)
x#31                                 221.607389266973 	(obj:0.97)
x#32                                 70.6971279373368 	(obj:0.96)
x#36                                 556.200176184915 	(obj:0.9)
x#37                                 871.668090036219 	(obj:0.92)
x#38                                 204.000538070784 	(obj:0.94)
x#41                                 308.623153019848 	(obj:0.93)
x#42                                 74.3769041769042 	(obj:0.95)
x#47                                 49.9612422360248 	(obj:1.02)
y#0#6                                50.7634079488351 	(obj:0)
y#0#8                                64.3513227513227 	(obj:0)
y#0#18                               68.3615278416935 	(obj:0)
y#0#19                               92.5942965779468 	(obj:0)
y#0#43                               66.2027670171555 	(obj:0)
y#0#56                               97.3872918978912 	(obj:0)
y#0#70                               80.1796548117155 	(obj:0)
y#0#82                               66.3308121827411 	(obj:0)
y#0#90                               59.6006769825919 	(obj:0)
y#1#99                               45.7568396226415 	(obj:0)
y#2#0                                90.9578526556254 	(obj:0)
y#2#4                                82.4743968488429 	(obj:0)
y#2#7                                82.3184421534937 	(obj:0)
y#2#15                               65.2833519553073 	(obj:0)
y#2#23                               54.9275091240876 	(obj:0)
y#2#30                               46.6538461538462 	(obj:0)
y#2#32                               81.9676320272572 	(obj:0)
y#2#37                               103.492631578947 	(obj:0)
y#2#45                               52.3415221579961 	(obj:0)
y#2#46                               74.8942841880342 	(obj:0)
y#2#47                               64.7932929904185 	(obj:0)
y#2#48                               77.9967412451362 	(obj:0)
y#2#54                               72.7377712031558 	(obj:0)
y#2#55                               85.8184905660377 	(obj:0)
y#2#57                               62.2917307692308 	(obj:0)
y#2#59                               54.6036905965622 	(obj:0)
y#2#64                               93.2347778387274 	(obj:0)
y#2#69                               74.5906518443658 	(obj:0)
y#2#87                               63.8874817340477 	(obj:0)
y#2#94                               68.6398243801653 	(obj:0)
y#2#98                               71.3144874476987 	(obj:0)
y#5#72                               70.2402908067542 	(obj:0)
v#0                                          159.2672 	(obj:0)
v#1                                          155.2814 	(obj:0)
v#2                                          137.1051 	(obj:0)
v#3                                          128.7823 	(obj:0)
v#4                                          167.5055 	(obj:0)
v#5                                          136.4819 	(obj:0)
v#6                                          111.1211 	(obj:0)
v#7                                           143.728 	(obj:0)
v#8                                          133.7864 	(obj:0)
v#9                                          110.3985 	(obj:0)
v#10                                         161.0149 	(obj:0)
v#11                                         159.0899 	(obj:0)
v#12                                         172.0722 	(obj:0)
v#13                                         152.9693 	(obj:0)
v#14                                         171.5955 	(obj:0)
v#15                                         116.8572 	(obj:0)
v#16                                         148.5804 	(obj:0)
v#17                                         157.2181 	(obj:0)
v#18                                         148.5496 	(obj:0)
v#19                                         194.8184 	(obj:0)
v#20                                         118.6125 	(obj:0)
v#21                                         118.4372 	(obj:0)
v#22                                          148.842 	(obj:0)
v#23                                         120.4011 	(obj:0)
v#24                                         190.6969 	(obj:0)
v#25                                         201.6008 	(obj:0)
v#26                                         136.7707 	(obj:0)
v#27                                          133.503 	(obj:0)
v#28                                         121.6253 	(obj:0)
v#29                                         125.5776 	(obj:0)
v#30                                          106.744 	(obj:0)
v#31                                         129.8851 	(obj:0)
v#32                                          144.345 	(obj:0)
v#33                                         141.5015 	(obj:0)
v#34                                         157.8241 	(obj:0)
v#35                                          119.462 	(obj:0)
v#36                                         170.5179 	(obj:0)
v#37                                          196.636 	(obj:0)
v#38                                         160.1571 	(obj:0)
v#39                                         129.8934 	(obj:0)
v#40                                          178.838 	(obj:0)
v#41                                         107.3222 	(obj:0)
v#42                                          162.462 	(obj:0)
v#43                                         119.6284 	(obj:0)
v#44                                          75.8752 	(obj:0)
v#45                                          108.661 	(obj:0)
v#46                                         140.2021 	(obj:0)
v#47                                         128.4851 	(obj:0)
v#48                                         160.3613 	(obj:0)
v#49                                         120.5198 	(obj:0)
v#50                                          156.454 	(obj:0)
v#51                                         180.9562 	(obj:0)
v#52                                          164.375 	(obj:0)
v#53                                         155.8254 	(obj:0)
v#54                                         147.5122 	(obj:0)
v#55                                         159.1933 	(obj:0)
v#56                                         175.4919 	(obj:0)
v#57                                         129.5668 	(obj:0)
v#58                                         153.0849 	(obj:0)
v#59                                         108.0061 	(obj:0)
v#60                                           89.695 	(obj:0)
v#61                                         121.0856 	(obj:0)
v#62                                           170.95 	(obj:0)
v#63                                         127.7776 	(obj:0)
v#64                                          169.967 	(obj:0)
v#65                                         184.8223 	(obj:0)
v#66                                         161.7349 	(obj:0)
v#67                                         124.9135 	(obj:0)
v#68                                         148.7123 	(obj:0)
v#69                                         147.6149 	(obj:0)
v#70                                         153.3035 	(obj:0)
v#71                                         131.4283 	(obj:0)
v#72                                         149.7523 	(obj:0)
v#73                                         125.2349 	(obj:0)
v#74                                         155.0971 	(obj:0)
v#75                                         176.8502 	(obj:0)
v#76                                         181.3611 	(obj:0)
v#77                                         120.6564 	(obj:0)
v#78                                         102.4885 	(obj:0)
v#79                                         156.9285 	(obj:0)
v#80                                         172.9192 	(obj:0)
v#81                                         251.0442 	(obj:0)
v#82                                         130.6717 	(obj:0)
v#83                                         132.1943 	(obj:0)
v#84                                         140.2007 	(obj:0)
v#85                                         173.9199 	(obj:0)
v#86                                         140.7768 	(obj:0)
v#87                                          131.161 	(obj:0)
v#88                                         189.7161 	(obj:0)
v#89                                         207.8172 	(obj:0)
v#90                                         123.2542 	(obj:0)
v#91                                          151.064 	(obj:0)
v#92                                          78.3478 	(obj:0)
v#93                                         107.0245 	(obj:0)
v#94                                         132.8867 	(obj:0)
v#95                                         135.7606 	(obj:0)
v#96                                         130.3068 	(obj:0)
v#97                                           92.166 	(obj:0)
v#98                                         136.3533 	(obj:0)
v#99                                          97.0045 	(obj:0)

Statistics
==========

SCIP Status        : problem is solved [optimal solution found]
Total Time         :      16.89
  solving          :      16.73
  presolving       :       0.40 (included in solving)
  reading          :       0.15
  copying          :       0.07 (3 #copies) (minimal 0.01, maximal 0.03, average 0.02)
Original Problem   :
  Problem name     : 50-100-1000-4
  Variables        : 6150 (1000 binary, 0 integer, 0 implicit integer, 5150 continuous)
  Constraints      : 27906 initial, 27906 maximal
  Objective        : minimize, 50 non-zeros (abs.min = 0.84, abs.max = 1.32)
Presolved Problem  :
  Problem name     : t_50-100-1000-4
  Variables        : 265 (172 binary, 0 integer, 0 implicit integer, 93 continuous)
  Constraints      : 1161 initial, 1161 maximal
  Objective        : minimize, 98 non-zeros (abs.min = 0.371189, abs.max = 2.74745)
  Nonzeros         : 4698 constraint, 0 clique table
Presolvers         :   ExecTime  SetupTime  Calls  FixedVars   AggrVars   ChgTypes  ChgBounds   AddHoles    DelCons    AddCons   ChgSides   ChgCoefs
  boundshift       :       0.00       0.00      0          0          0          0          0          0          0          0          0          0
  convertinttobin  :       0.00       0.00      0          0          0          0          0          0          0          0          0          0
  domcol           :       0.02       0.00      3          0          0          0          0          0          0          0          0          0
  dualagg          :       0.00       0.00      0          0          0          0          0          0          0          0          0          0
  dualcomp         :       0.01       0.00      3          0          0          0          0          0          0          0          0          0
  dualinfer        :       0.00       0.00      0          0          0          0          0          0          0          0          0          0
  dualsparsify     :       0.08       0.00      1          0          0          0          0          0          0          0          0          0
  gateextraction   :       0.00       0.00      0          0          0          0          0          0          0          0          0          0
  implics          :       0.00       0.00     13          0          0          0          0          0          0          0          0          0
  inttobinary      :       0.00       0.00      0          0          0          0          0          0          0          0          0          0
  milp             :       0.09       0.00      3       2739        148          0        128          0      17078      16936          0          0
  qpkktref         :       0.00       0.00      0          0          0          0          0          0          0          0          0          0
  redvub           :       0.00       0.00      0          0          0          0          0          0          0          0          0          0
  sparsify         :       0.01       0.00      1          0          0          0          0          0          0          0          0          0
  stuffing         :       0.00       0.00      0          0          0          0          0          0          0          0          0          0
  trivial          :       0.00       0.00     21        627          0          0          0          0          0          0          0          0
  tworowbnd        :       0.00       0.00      0          0          0          0          0          0          0          0          0          0
  dualfix          :       0.00       0.00     21       2362          0          0          0          0          0          0          0          0
  genvbounds       :       0.00       0.00      0          0          0          0          0          0          0          0          0          0
  probing          :       0.01       0.00      1          0          0          0          0          0          0          0          0          0
  pseudoobj        :       0.00       0.00      4          0          0          0          6          0          0          0          0          0
  symmetry         :       0.00       0.00      1          0          0          0          0          0          0          0          0          0
  vbounds          :       0.00       0.00      1          0          0          0          0          0          0          0          0          0
  chancecons       :       0.00       0.00      0          0          0          0          0          0          0          0          0          0
  varbound         :       0.02       0.01     27          0          0          0          0          0        134          0          4       2608
  knapsack         :       0.00       0.00     31          0          0          0          0          0          0          0          0          0
  linear           :       0.11       0.01     29          0          9          0        203          0      10958          0          9        601
  logicor          :       0.00       0.00      6          0          0          0          0          0          2          0          0          0
  bounddisjunction :       0.00       0.00      1          0          0          0          0          0          4          0          0          0
  benders          :       0.00       0.00      0          0          0          0          0          0          0          0          0          0
  components       :       0.00       0.00      3          0          0          0          0          0          0          0          0          0
  root node        :          -          -      -        709          -          -       1389          -          -          -          -          -
Constraints        :     Number  MaxNumber  #Separate #Propagate    #EnfoLP    #EnfoRelax  #EnfoPS    #Check   #ResProp    Cutoffs    DomReds       Cuts    Applied      Conss   Children
  benderslp        :          0          0          0          0          0          0          0        146          0          0          0          0          0          0          0
  chancecons       :          1          1         65          0          0          0          0          0          0          0          0       2903        910          0          0
  integral         :          0          0          0          0          0          0          0        146          0          0          0          0          0          0          0
  varbound         :        700        700         65       9311          0          0          0        137        760          0        595          0          0          0          0
  knapsack         :          1          1         65       9298          0          0          0         74         71          1          0          0          0          0          0
  linear           :        458        458         65       9309          0          0          0         14         13         37         48         12          5          0          0
  logicor          :          1          1         43         16          0          0          0          0          0          0          0          0          0          0          0
  benders          :          0          0          0          0          0          0          0         56          0          0          0          0          0          0          0
  fixedvar         :          0          0          0          0          0          0          0         56          0          0          0          0          0          0          0
  countsols        :          0          0          0          0          0          0          0         56          0          0          0          0          0          0          0
  components       :          0          0          0          0          0          0          0          0          0          0          0          0          0          0          0
Constraint Timings :  TotalTime  SetupTime   Separate  Propagate     EnfoLP     EnfoPS     EnfoRelax   Check    ResProp    SB-Prop
  benderslp        :       0.00       0.00       0.00       0.00       0.00       0.00       0.00       0.00       0.00       0.00
  chancecons       :       0.05       0.00       0.05       0.00       0.00       0.00       0.00       0.00       0.00       0.00
  integral         :       0.00       0.00       0.00       0.00       0.00       0.00       0.00       0.00       0.00       0.00
  varbound         :       0.32       0.01       0.06       0.23       0.00       0.00       0.00       0.02       0.00       0.00
  knapsack         :       0.13       0.00       0.11       0.02       0.00       0.00       0.00       0.00       0.00       0.00
  linear           :       0.07       0.01       0.02       0.03       0.00       0.00       0.00       0.00       0.00       0.00
  logicor          :       0.00       0.00       0.00       0.00       0.00       0.00       0.00       0.00       0.00       0.00
  benders          :       0.00       0.00       0.00       0.00       0.00       0.00       0.00       0.00       0.00       0.00
  fixedvar         :       0.02       0.00       0.00       0.00       0.00       0.00       0.00       0.02       0.00       0.00
  countsols        :       0.00       0.00       0.00       0.00       0.00       0.00       0.00       0.00       0.00       0.00
  components       :       0.00       0.00       0.00       0.00       0.00       0.00       0.00       0.00       0.00       0.00
Propagators        : #Propagate   #ResProp    Cutoffs    DomReds
  dualfix          :         12          0          0         32
  genvbounds       :          0          0          0          0
  nlobbt           :          0          0          0          0
  obbt             :          0          0          0          0
  probing          :          0          0          0          0
  pseudoobj        :        139          0          0         30
  redcost          :         98          0          0        675
  rootredcost      :          0          0          0          0
  symmetry         :          0          0          0          0
  vbounds          :       7080          0          0          0
Propagator Timings :  TotalTime  SetupTime   Presolve  Propagate    ResProp    SB-Prop
  dualfix          :       0.00       0.00       0.00       0.00       0.00       0.00
  genvbounds       :       0.00       0.00       0.00       0.00       0.00       0.00
  nlobbt           :       0.00       0.00       0.00       0.00       0.00       0.00
  obbt             :       0.00       0.00       0.00       0.00       0.00       0.00
  probing          :       0.01       0.00       0.01       0.00       0.00       0.00
  pseudoobj        :       0.00       0.00       0.00       0.00       0.00       0.00
  redcost          :       0.01       0.00       0.00       0.01       0.00       0.00
  rootredcost      :       0.00       0.00       0.00       0.00       0.00       0.00
  symmetry         :       0.00       0.00       0.00       0.00       0.00       0.00
  vbounds          :       0.01       0.00       0.00       0.01       0.00       0.00
Symmetry           :
  orbitopal red.   :          0 reductions applied,          0 cutoffs
  orbital reduction:          0 reductions applied,          0 cutoffs
  lexicographic red:          0 reductions applied,          0 cutoffs
  shadow tree time :       0.00 s
Conflict Analysis  :       Time      Calls    Success    DomReds  Conflicts   Literals    Reconvs ReconvLits   Dualrays   Nonzeros   LP Iters   (pool size: [10000,10000])
  propagation      :       0.00          3          3          -         72      115.0          0        0.0          -          -          -
  infeasible LP    :       0.00          0          0          -          0        0.0          0        0.0          0        0.0          0
  bound exceed. LP :       0.04         10         17          -         18        6.6          0        0.0         10       12.8         80
  strong branching :       0.00          0          0          -          0        0.0          0        0.0          -          -          0
  pseudo solution  :       0.00          0          0          -          0        0.0          0        0.0          -          -          -
  applied globally :       0.00          -          -          8          7       18.7          -          -         10          -          -
  applied locally  :          -          -          -          0          1       62.0          -          -          0          -          -
Separators         :   ExecTime  SetupTime      Calls  RootCalls    Cutoffs    DomReds  FoundCuts ViaPoolAdd  DirectAdd    Applied ViaPoolApp  DirectApp      Conss
  cut pool         :       0.08          -        116        116          -          -      14519      23637          -          -          -          -          -    (maximal pool size:      10958)
  aggregation      :       2.82       0.00         65         65          0          0      11772      19503          0        875        875          0          0
  > cmir           :          -          -          -          -          -          -          -      18852          0        860        860          0          -
  > flowcover      :          -          -          -          -          -          -          -        647          0         11         11          0          -
  > knapsackcover  :          -          -          -          -          -          -          -          4          0          4          4          0          -
  cgmip            :       0.00       0.00          0          0          0          0          0          0          0          0          0          0          0
  clique           :       0.00       0.00         28         28          0          0          0          0          0          0          0          0          0
  closecuts        :       0.00       0.00          0          0          0          0          0          0          0          0          0          0          0
  convexproj       :       0.00       0.00          0          0          0          0          0          0          0          0          0          0          0
  disjunctive      :       0.00       0.00          0          0          0          0          0          0          0          0          0          0          0
  eccuts           :       0.00       0.00          0          0          0          0          0          0          0          0          0          0          0
  gauge            :       0.00       0.00          0          0          0          0          0          0          0          0          0          0          0
  gomory           :       1.68       0.00         30         30          0          0       2697       4047          0        220        220          0          0
  > gomorymi       :          -          -          -          -          -          -          -       4047          0        220        220          0          -
  > strongcg       :          -          -          -          -          -          -          -          0          0          0          0          0          -
  impliedbounds    :       0.01       0.00         65         65          0          0         50         87          0          2          2          0          0
  interminor       :       0.00       0.00          0          0          0          0          0          0          0          0          0          0          0
  intobj           :       0.00       0.00          0          0          0          0          0          0          0          0          0          0          0
  lagromory        :       0.00       0.00          0          0          0          0          0          0          0          0          0          0          0
  mcf              :       0.00       0.00          3          3          0          0          0          0          0          0          0          0          0
  minor            :       0.00       0.00         30         30          0          0          0          0          0          0          0          0          0
  mixing           :       0.00       0.00          0          0          0          0          0          0          0          0          0          0          0
  oddcycle         :       0.00       0.00          0          0          0          0          0          0          0          0          0          0          0
  rapidlearning    :       0.00       0.00          0          0          0          0          0          0          0          0          0          0          0
  rlt              :       0.00       0.00         30         30          0          0          0          0          0          0          0          0          0
  zerohalf         :       0.03       0.00         57         57          0          0          0          0          0          0          0          0          0
Cutselectors       :   ExecTime  SetupTime      Calls  RootCalls   Selected     Forced   Filtered  RootSelec   RootForc   RootFilt 
  hybrid           :       0.07       0.00         60         60       2012          0      24540       2012          0      24540
  ensemble         :       0.00       0.00          0          0          0          0          0          0          0          0
  dynamic          :       0.00       0.00          0          0          0          0          0          0          0          0
Pricers            :   ExecTime  SetupTime      Calls       Vars
  problem variables:       0.00          -          0          0
Branching Rules    :   ExecTime  SetupTime   BranchLP  BranchExt   BranchPS    Cutoffs    DomReds       Cuts      Conss   Children
  allfullstrong    :       0.00       0.00          0          0          0          0          0          0          0          0
  cloud            :       0.00       0.00          0          0          0          0          0          0          0          0
  distribution     :       0.00       0.00          0          0          0          0          0          0          0          0
  fullstrong       :       0.00       0.00          0          0          0          0          0          0          0          0
  gomory           :       0.00       0.00          0          0          0          0          0          0          0          0
  inference        :       0.00       0.00          0          0          0          0          0          0          0          0
  leastinf         :       0.00       0.00          0          0          0          0          0          0          0          0
  lookahead        :       0.00       0.00          0          0          0          0          0          0          0          0
  mostinf          :       0.00       0.00          0          0          0          0          0          0          0          0
  multaggr         :       0.00       0.00          0          0          0          0          0          0          0          0
  nodereopt        :       0.00       0.00          0          0          0          0          0          0          0          0
  pscost           :       0.00       0.00          0          0          0          0          0          0          0          0
  random           :       0.00       0.00          0          0          0          0          0          0          0          0
  relpscost        :       0.00       0.00          0          0          0          0          0          0          0          0
  vanillafullstrong:       0.00       0.00          0          0          0          0          0          0          0          0
Primal Heuristics  :   ExecTime  SetupTime      Calls      Found       Best
  LP solutions     :       0.00          -          -          0          0
  relax solutions  :       0.00          -          -          0          0
  pseudo solutions :       0.00          -          -          0          0
  strong branching :       0.00          -          -          0          0
  actconsdiving    :       0.00       0.00          0          0          0
  adaptivediving   :       0.00       0.00          0          0          0
  alns             :       0.08       0.00          1          0          0
  bound            :       0.00       0.00          0          0          0
  clique           :       0.07       0.00          1          1          1
  coefdiving       :       0.00       0.00          0          0          0
  completesol      :       0.00       0.00          0          0          0
  conflictdiving   :       0.87       0.00          2          0          0
  crossover        :       0.00       0.00          0          0          0
  dins             :       0.00       0.00          0          0          0
  distributiondivin:       0.00       0.00          0          0          0
  dps              :       0.00       0.00          0          0          0
  dualval          :       0.00       0.00          0          0          0
  farkasdiving     :       0.00       0.00          1          0          0
  feaspump         :       0.23       0.00          1          1          0
  fixandinfer      :       0.00       0.00          0          0          0
  fracdiving       :       0.00       0.00          0          0          0
  gins             :       0.00       0.00          0          0          0
  guideddiving     :       0.00       0.00          0          0          0
  indicator        :       0.00       0.00          0          0          0
  indicatordiving  :       0.00       0.00          0          0          0
  intdiving        :       0.00       0.00          0          0          0
  intshifting      :       0.05       0.00          3          1          1
  linesearchdiving :       0.00       0.00          0          0          0
  localbranching   :       0.00       0.00          0          0          0
  locks            :       0.02       0.00          1          1          1
  lpface           :       0.00       0.00          0          0          0
  mpec             :       0.00       0.00          0          0          0
  multistart       :       0.00       0.00          0          0          0
  mutation         :       0.00       0.00          0          0          0
  nlpdiving        :       0.00       0.00          0          0          0
  objpscostdiving  :       0.00       0.00          0          0          0
  octane           :       0.00       0.00          0          0          0
  ofins            :       0.00       0.00          0          0          0
  oneopt           :       0.01       0.00          4          0          0
  padm             :       0.00       0.00          0          0          0
  proximity        :       0.00       0.00          0          0          0
  pscostdiving     :       0.00       0.00          0          0          0
  randrounding     :       0.35       0.00         64          0          0
  rens             :       0.11       0.00          2          2          2
  reoptsols        :       0.00       0.00          0          0          0
  repair           :       0.00       0.00          0          0          0
  rins             :       0.00       0.00          0          0          0
  rootsoldiving    :       0.00       0.00          0          0          0
  rounding         :       0.02       0.00         64          0          0
  scheduler        :       0.00       0.00          0          0          0
  shiftandpropagate:       0.00       0.00          0          0          0
  shifting         :       0.21       0.00         64         34          1
  simplerounding   :       0.00       0.00          0          0          0
  subnlp           :       0.00       0.00          0          0          0
  trivial          :       0.01       0.00          6          0          0
  trivialnegation  :       0.00       0.00          0          0          0
  trustregion      :       0.00       0.00          0          0          0
  trysol           :       0.00       0.00          0          0          0
  twoopt           :       0.00       0.00          0          0          0
  undercover       :       0.00       0.00          0          0          0
  vbounds          :       0.12       0.00          2          0          0
  veclendiving     :       0.00       0.00          0          0          0
  zeroobj          :       0.00       0.00          0          0          0
  zirounding       :       0.00       0.00          3          0          0
  other solutions  :          -          -          -          0          -
LNS (Scheduler)    :      Calls  SetupTime  SolveTime SolveNodes       Sols       Best       Exp3    Exp3-IX  EpsGreedy        UCB TgtFixRate  Opt  Inf Node Stal  Sol  Usr Othr Actv
  rens             :          0       0.00       0.00          0          0          0    0.00000    0.12500   -1.00000    1.00000      0.900    0    0    0    0    0    0    0    1
  rins             :          0       0.00       0.00          0          0          0    0.00000    0.12500   -1.00000    1.00000      0.900    0    0    0    0    0    0    0    1
  mutation         :          0       0.00       0.00          0          0          0    0.00000    0.12500   -1.00000    1.00000      0.900    0    0    0    0    0    0    0    1
  localbranching   :          0       0.00       0.00          0          0          0    0.00000    0.12500   -1.00000    1.00000      0.900    0    0    0    0    0    0    0    1
  crossover        :          0       0.00       0.00          0          0          0    0.00000    0.12500   -1.00000    1.00000      0.900    0    0    0    0    0    0    0    1
  proximity        :          0       0.00       0.00          0          0          0    0.00000    0.12500   -1.00000    1.00000      0.900    0    0    0    0    0    0    0    1
  zeroobjective    :          0       0.00       0.00          0          0          0    0.00000    0.12500   -1.00000    1.00000      0.900    0    0    0    0    0    0    0    1
  dins             :          0       0.00       0.00          0          0          0    0.00000    0.12500   -1.00000    1.00000      0.900    0    0    0    0    0    0    0    1
  trustregion      :          0       0.00       0.00          0          0          0    0.00000    0.00000   -1.00000    1.00000      0.900    0    0    0    0    0    0    0    0
LP                 :       Time      Calls Iterations  Iter/call   Iter/sec  Time-0-It Calls-0-It    ItLimit
  primal LP        :       0.01          9          0       0.00          -       0.01          9
  dual LP          :       8.88        118      31397     430.10    3535.71       0.02         45
  lex dual LP      :       0.00          0          0       0.00          -
  barrier LP       :       0.00          0          0       0.00          -       0.00          0
  resolve instable :       0.00          0          0       0.00          -
  diving/probing LP:       1.11         17       2606     153.29    2339.61
  strong branching :       0.00          0          0       0.00          -          -          -          0
    (at root node) :          -          0          0       0.00          -
  conflict analysis:       0.03          8         80      10.00    2301.43
B&B Tree           :
  number of runs   :          3
  nodes            :          1 (0 internal, 1 leaves)
  feasible leaves  :          0
  infeas. leaves   :          0
  objective leaves :          0
  nodes (total)    :          3 (0 internal, 3 leaves)
  nodes left       :          0
  max depth        :          0
  max depth (total):          0
  backtracks       :          0 (0.0%)
  early backtracks :          0 (0.0%)
  nodes exc. ref.  :          0 (0.0%)
  delayed cutoffs  :          0
  repropagations   :          0 (0 domain reductions, 0 cutoffs)
  avg switch length:       2.00
  switching time   :       0.00
Root Node          :
  First LP value   : +6.50126473889082e+03
  First LP Iters   :       2152 (5457.40 Iter/sec)
  First LP Time    :       0.39
  Final Dual Bound : +6.82105150143135e+03
  Final Root Iters :      31397
  Root LP Estimate :                     -
Solution           :
  Solutions found  :         40 (8 improvements)
  First Solution   : +7.18142586431191e+03   (in run 1, after 1 nodes, 0.46 seconds, depth 111, found by <clique>)
  Gap First Sol.   :      31.10 %
  Gap Last Sol.    :       0.00 %
  Primal Bound     : +6.82105150143135e+03   (in run 2, after 1 nodes, 16.39 seconds, depth 0, found by <rens>)
  Dual Bound       : +6.82105150143135e+03
  Gap              :       0.00 %
Integrals          :      Total       Avg%
  primal-dual      :      80.34       4.80
  primal-ref       :          -          - (not evaluated)
  dual-ref         :          -          - (not evaluated)

 Branching Statistics...

 Total number of propagations -> 0

 Number of cutoffs of KnaCons -> 0

 Total number of variables fixed to 1 by the propagator -> 0

 Total number of variables fixed to 0 by the propagator -> 0

 Maximum number of rounds of the approximation algorithm -> 0

 Runtime of the exact algorithm -> 0.0000 s

 Total number of variables fixed to 1 in the exact algorithm -> 0

 Total number of variables fixed to 0 in the exact algorithm -> 0

 Number of cutoffs in the exact algorithm -> 0

 Number of cutoffs in the approximation algorithm -> 0

 PS:  
