***************************************
*         SCIP-based CCP Solver       *
*                                     *
*    Wei Lv and Wei-Kun Chen (2024)   *
***************************************
/beegfs/home/30150120/SCIP-CCP/build/ccp -f data/CCMPPData/100-2000-0.ccmpp -s settings/CCMPPSetting/BASE+DI05.set 
SCIP version 9.1.0 [precision: 8 byte] [memory: block] [mode: optimized] [LP solver: Soplex 7.1.0] [GitHash: 8cab0278ba]
Copyright (c) 2002-2024 Zuse Institute Berlin (ZIB)

External libraries: 
  Soplex 7.1.0         Linear Programming Solver developed at Zuse Institute Berlin (soplex.zib.de) [GitHash: 595bfac9]
  CppAD 20180000.0     Algorithmic Differentiation of C++ algorithms developed by B. Bell (github.com/coin-or/CppAD)
  ZLIB 1.2.7           General purpose compression library by J. Gailly and M. Adler (zlib.net)
  GMP 6.2.1            GNU Multiple Precision Arithmetic Library developed by T. Granlund (gmplib.org)
  AMPL/MP 690e9e7      AMPL .nl file reader library (github.com/ampl/mp)
  PaPILO 2.3.0         parallel presolve for integer and linear optimization (github.com/scipopt/papilo) (built with TBB) [GitHash: 4b8ce6ed]
  Nauty 2.8.8          Computing Graph Automorphism Groups by Brendan D. McKay (users.cecs.anu.edu.au/~bdm/nauty)
  sassy 1.1            Symmetry preprocessor by Markus Anders (github.com/markusa4/sassy)

reading user parameter file <settings/CCMPPSetting/BASE+DI05.set>

read problem <data/CCMPPData/100-2000-0.ccmpp>
============

File name: 	data/CCMPPData/100-2000-0.ccmpp
Problem name:	CCMPPData/100-2000-0
Dimension: 	100
NumScenario: 	2000
ConfidenceParameter: 	0.05
IsEqualProbability: 	1
BASE+DI: 	1
BASE+sDI: 	0
BASE+DB: 	0
BASE+DB+OPF: 	0
Dominance and Aggregation Statistics......
NumEdge:        0
NumBiEdge: 	0
NumDomIneqs: 	0
DominanceRatio: 0.0000
NumAggScenario: 2000 
BasicNumScenario: 1985 
Dominance Inequalities Statistics......
NumBasicDomIneqs: 0
NumNonReDomIneqs: 0
Duration: 0.0900 s 

original problem has 2500 variables (2000 bin, 0 int, 0 impl, 500 cont) and 10402 constraints

solve problem
=============

presolving:
(round 1, fast)       19 del vars, 276 del conss, 0 add conss, 100 chg bounds, 0 chg sides, 0 chg coeffs, 0 upgd conss, 0 impls, 0 clqs
   (0.0s) running MILP presolver
   (0.1s) MILP presolver (3 rounds): 102 aggregations, 1 fixings, 49 bound changes
(round 2, medium)     122 del vars, 276 del conss, 0 add conss, 149 chg bounds, 0 chg sides, 0 chg coeffs, 0 upgd conss, 0 impls, 0 clqs
(round 3, fast)       122 del vars, 378 del conss, 0 add conss, 149 chg bounds, 0 chg sides, 0 chg coeffs, 0 upgd conss, 0 impls, 0 clqs
(round 4, exhaustive) 122 del vars, 378 del conss, 0 add conss, 149 chg bounds, 0 chg sides, 0 chg coeffs, 9728 upgd conss, 0 impls, 0 clqs
   (0.1s) probing: 51/1985 (2.6%) - 0 fixings, 0 aggregations, 0 implications, 0 bound changes
   (0.1s) probing aborted: 50/50 successive totally useless probings
   (0.2s) symmetry computation started: requiring (bin +, int +, cont +), (fixed: bin -, int -, cont -)
   Symmetry detection interrupted: constraints of type chancecons do not provide symmetry information.
   If symmetries shall be detected, implement the CONSGETPERMSYMGRAPH callback.
   (0.2s) could not compute symmetry
presolving (5 rounds: 5 fast, 3 medium, 2 exhaustive):
 122 deleted vars, 378 deleted constraints, 0 added constraints, 149 tightened bounds, 0 added holes, 0 changed sides, 0 changed coefficients
 9728 implications, 0 cliques
presolved problem has 2378 variables (1985 bin, 0 int, 0 impl, 393 cont) and 10024 constraints
      1 constraints of type <chancecons>
   9728 constraints of type <varbound>
      1 constraints of type <knapsack>
    294 constraints of type <linear>
Presolving Time: 0.17

 time | node  | left  |LP iter|LP it/n|mem/heur|mdpt |vars |cons |rows |cuts |sepa|confs|strbr|  dualbound   | primalbound  |  gap   | compl. 
p 0.2s|     1 |     0 |   213 |     - |   locks|   0 |2378 |  10k|  10k|   0 |  0 |   0 |   0 | 0.000000e+00 | 7.300422e+05 |    Inf | unknown
p 0.2s|     1 |     0 |   466 |     - | vbounds|   0 |2378 |  10k|  10k|   0 |  0 |   0 |   0 | 0.000000e+00 | 7.297702e+05 |    Inf | unknown
  0.8s|     1 |     0 |  4280 |     - |   173M |   0 |2378 |  10k|  10k|   0 |  0 |   1 |   0 | 7.251723e+05 | 7.297702e+05 |   0.63%| unknown
  0.9s|     1 |     0 |  4559 |     - |   178M |   0 |2378 |  10k|  10k|  92 |  1 |   1 |   0 | 7.255597e+05 | 7.297702e+05 |   0.58%| unknown
  1.0s|     1 |     0 |  4971 |     - |   181M |   0 |2378 |  10k|  10k| 196 |  2 |   1 |   0 | 7.262516e+05 | 7.297702e+05 |   0.48%| unknown
  1.2s|     1 |     0 |  5334 |     - |   182M |   0 |2378 |  10k|  10k| 297 |  3 |   1 |   0 | 7.265117e+05 | 7.297702e+05 |   0.45%| unknown
  1.3s|     1 |     0 |  5754 |     - |   185M |   0 |2378 |  10k|  10k| 396 |  4 |   1 |   0 | 7.267612e+05 | 7.297702e+05 |   0.41%| unknown
  1.5s|     1 |     0 |  6317 |     - |   186M |   0 |2378 |  10k|  10k| 503 |  5 |   1 |   0 | 7.269805e+05 | 7.297702e+05 |   0.38%| unknown
  1.7s|     1 |     0 |  6728 |     - |   188M |   0 |2378 |  10k|  10k| 589 |  6 |   1 |   0 | 7.271048e+05 | 7.297702e+05 |   0.37%| unknown
  1.9s|     1 |     0 |  7275 |     - |   189M |   0 |2378 |  10k|  10k| 701 |  7 |   1 |   0 | 7.272507e+05 | 7.297702e+05 |   0.35%| unknown
  2.1s|     1 |     0 |  7801 |     - |   191M |   0 |2378 |  10k|  10k| 802 |  8 |   1 |   0 | 7.273729e+05 | 7.297702e+05 |   0.33%| unknown
  2.4s|     1 |     0 |  8550 |     - |   193M |   0 |2378 |  10k|  10k| 910 |  9 |   1 |   0 | 7.274552e+05 | 7.297702e+05 |   0.32%| unknown
  2.7s|     1 |     0 |  9326 |     - |   195M |   0 |2378 |  10k|  11k|1004 | 10 |   1 |   0 | 7.275336e+05 | 7.297702e+05 |   0.31%| unknown
  3.0s|     1 |     0 | 10101 |     - |   197M |   0 |2378 |  10k|  11k|1111 | 11 |   1 |   0 | 7.276148e+05 | 7.297702e+05 |   0.30%| unknown
  3.3s|     1 |     0 | 10856 |     - |   198M |   0 |2378 |  10k|  11k|1214 | 12 |   1 |   0 | 7.276598e+05 | 7.297702e+05 |   0.29%| unknown
 time | node  | left  |LP iter|LP it/n|mem/heur|mdpt |vars |cons |rows |cuts |sepa|confs|strbr|  dualbound   | primalbound  |  gap   | compl. 
  3.6s|     1 |     0 | 11632 |     - |   199M |   0 |2378 |  10k|  11k|1301 | 13 |   1 |   0 | 7.277182e+05 | 7.297702e+05 |   0.28%| unknown
  3.9s|     1 |     0 | 12524 |     - |   201M |   0 |2378 |  10k|  11k|1374 | 14 |   1 |   0 | 7.277592e+05 | 7.297702e+05 |   0.28%| unknown
  4.3s|     1 |     0 | 13592 |     - |   203M |   0 |2378 |  10k|  11k|1463 | 15 |   1 |   0 | 7.277881e+05 | 7.297702e+05 |   0.27%| unknown
  4.8s|     1 |     0 | 14929 |     - |   205M |   0 |2378 |  10k|  11k|1545 | 16 |   1 |   0 | 7.278288e+05 | 7.297702e+05 |   0.27%| unknown
  5.2s|     1 |     0 | 16252 |     - |   206M |   0 |2378 |  10k|  11k|1639 | 17 |   1 |   0 | 7.278707e+05 | 7.297702e+05 |   0.26%| unknown
  5.7s|     1 |     0 | 17583 |     - |   208M |   0 |2378 |  10k|  11k|1715 | 18 |   1 |   0 | 7.279018e+05 | 7.297702e+05 |   0.26%| unknown
  6.2s|     1 |     0 | 18889 |     - |   209M |   0 |2378 |  10k|  11k|1804 | 19 |   1 |   0 | 7.279275e+05 | 7.297702e+05 |   0.25%| unknown
  6.8s|     1 |     0 | 20551 |     - |   211M |   0 |2378 |  10k|  11k|1874 | 20 |   1 |   0 | 7.279591e+05 | 7.297702e+05 |   0.25%| unknown
  7.5s|     1 |     0 | 22439 |     - |   212M |   0 |2378 |  10k|  11k|1962 | 21 |   1 |   0 | 7.279927e+05 | 7.297702e+05 |   0.24%| unknown
o 8.6s|     1 |     0 | 27927 |     - |feaspump|   0 |2378 |  10k|  11k|1962 | 21 |   1 |   0 | 7.279927e+05 | 7.295704e+05 |   0.22%| unknown
L13.8s|     1 |     0 | 38216 |     - |    rens|   0 |2378 |  10k|  11k|1962 | 21 |   3 |   0 | 7.279927e+05 | 7.286913e+05 |   0.10%| unknown
 13.9s|     1 |     0 | 38216 |     - |   214M |   0 |2378 |  10k|  11k|1962 | 21 |   3 |   0 | 7.279927e+05 | 7.286913e+05 |   0.10%| unknown
 14.4s|     1 |     0 | 39748 |     - |   214M |   0 |2378 |  10k|  11k|2049 | 22 |   3 |   0 | 7.280159e+05 | 7.286913e+05 |   0.09%| unknown
 14.7s|     1 |     0 | 40548 |     - |   214M |   0 |2378 |  10k|  11k|2089 | 23 |   3 |   0 | 7.280234e+05 | 7.286913e+05 |   0.09%| unknown
 22.6s|     1 |     2 | 40550 |     - |   215M |   0 |2378 |  10k|  11k|2089 | 23 |   4 |  34 | 7.280333e+05 | 7.286913e+05 |   0.09%| unknown
 time | node  | left  |LP iter|LP it/n|mem/heur|mdpt |vars |cons |rows |cuts |sepa|confs|strbr|  dualbound   | primalbound  |  gap   | compl. 
L58.1s|    34 |    31 | 50093 | 788.1 |    alns|  20 |2378 |  10k|  11k|2425 |  2 |  47 | 522 | 7.280422e+05 | 7.286315e+05 |   0.08%| unknown
L58.1s|    34 |    30 | 50093 | 788.1 |    alns|  20 |2378 |  10k|  11k|2425 |  2 |  47 | 522 | 7.280422e+05 | 7.285916e+05 |   0.08%| unknown
L61.7s|    61 |    53 | 57440 | 555.9 |    alns|  25 |2378 |  10k|  11k|2613 |  2 |  57 | 533 | 7.280422e+05 | 7.285861e+05 |   0.07%| unknown
 63.3s|   100 |    80 | 61348 | 376.4 |   218M |  33 |2378 |  10k|  11k|2800 |  1 |  64 | 561 | 7.280422e+05 | 7.285861e+05 |   0.07%| unknown
 67.8s|   200 |   126 | 74511 | 253.4 |   219M |  40 |2378 |  10k|  11k|3347 |  0 |  92 | 592 | 7.280422e+05 | 7.285861e+05 |   0.07%| unknown
L71.8s|   261 |    92 | 84142 | 231.0 |    rins|  45 |2378 |  10k|  11k|3716 |  2 | 121 | 624 | 7.280422e+05 | 7.284319e+05 |   0.05%| unknown
 73.7s|   300 |   117 | 89199 | 217.8 |   226M |  51 |2378 |  10k|  11k|3934 |  1 | 130 | 637 | 7.280422e+05 | 7.284319e+05 |   0.05%| unknown
 76.8s|   400 |   153 | 97166 | 183.2 |   230M |  79 |2378 |  10k|  11k|4220 |  1 | 137 | 672 | 7.280422e+05 | 7.284319e+05 |   0.05%| unknown
L79.2s|   461 |    78 |102204 | 169.8 |crossove|  90 |2378 |  10k|  11k|4404 |  1 | 152 | 690 | 7.280422e+05 | 7.283243e+05 |   0.04%| unknown
 82.1s|   500 |    93 |110114 | 172.4 |   237M |  90 |2378 |  10k|  10k|4560 |  1 | 160 | 701 | 7.280422e+05 | 7.283243e+05 |   0.04%| unknown
 97.3s|   600 |   137 |153157 | 215.5 |   241M |  90 |2378 |  10k|  11k|5366 |  1 | 181 | 753 | 7.280511e+05 | 7.283243e+05 |   0.04%|   1.80%
L 105s|   646 |   138 |170581 | 227.1 |    alns|  90 |2378 |  10k|  11k|5806 | 13 | 206 | 802 | 7.280511e+05 | 7.282997e+05 |   0.03%|   3.43%
  116s|   700 |   162 |195686 | 245.5 |   258M |  90 |2378 |  10k|  11k|6347 |  1 | 209 | 830 | 7.280511e+05 | 7.282997e+05 |   0.03%|   3.73%
  148s|   800 |   184 |268876 | 306.4 |   266M |  90 |2378 |  10k|  11k|7490 |  0 | 250 | 945 | 7.280542e+05 | 7.282997e+05 |   0.03%|   4.70%
  158s|   900 |   218 |292670 | 298.8 |   269M |  90 |2378 |  10k|  11k|7994 |  2 | 268 |1000 | 7.280599e+05 | 7.282997e+05 |   0.03%|   5.45%
 time | node  | left  |LP iter|LP it/n|mem/heur|mdpt |vars |cons |rows |cuts |sepa|confs|strbr|  dualbound   | primalbound  |  gap   | compl. 
  172s|  1000 |   250 |325220 | 301.4 |   273M |  90 |2378 |  10k|  11k|8858 |  0 | 303 |1062 | 7.280750e+05 | 7.282997e+05 |   0.03%|   5.97%
L 177s|  1039 |   250 |336044 | 300.5 |crossove|  90 |2378 |  10k|  11k|9297 |  2 | 303 |1084 | 7.280754e+05 | 7.282887e+05 |   0.03%|   6.31%
* 180s|  1073 |   254 |346810 | 301.0 |    LP  |  90 |2378 |  10k|  11k|9684 |  2 | 312 |1094 | 7.280771e+05 | 7.282886e+05 |   0.03%|   6.57%
  188s|  1100 |   259 |360946 | 306.5 |   275M |  90 |2378 |  10k|  11k|9981 |  1 | 312 |1125 | 7.280771e+05 | 7.282886e+05 |   0.03%|   6.70%
  202s|  1200 |   275 |397553 | 311.5 |   277M |  90 |2378 |  10k|  11k|  10k|  0 | 328 |1167 | 7.280806e+05 | 7.282886e+05 |   0.03%|   6.96%
  226s|  1300 |   291 |452400 | 329.7 |   281M |  90 |2378 |  10k|  11k|  11k|  1 | 333 |1237 | 7.280813e+05 | 7.282886e+05 |   0.03%|   8.71%
  244s|  1400 |   317 |494667 | 336.4 |   284M |  90 |2378 |  10k|  11k|  12k|  1 | 343 |1292 | 7.280865e+05 | 7.282886e+05 |   0.03%|   9.08%
  264s|  1500 |   329 |541029 | 344.9 |   286M |  90 |2378 |  10k|  11k|  12k|  0 | 362 |1386 | 7.280865e+05 | 7.282886e+05 |   0.03%|   9.26%
  288s|  1600 |   325 |596727 | 358.1 |   291M |  90 |2378 |  10k|  11k|  13k|  0 | 380 |1445 | 7.280901e+05 | 7.282886e+05 |   0.03%|   9.59%
  317s|  1700 |   343 |657074 | 372.6 |   295M |  90 |2378 |  10k|  11k|  14k|  0 | 403 |1537 | 7.280924e+05 | 7.282886e+05 |   0.03%|  10.07%
  340s|  1800 |   329 |712178 | 382.5 |   298M |  90 |2378 |  10k|  11k|  14k|  0 | 403 |1583 | 7.280971e+05 | 7.282886e+05 |   0.03%|  10.66%
L 359s|  1880 |   317 |767305 | 395.5 |    alns|  90 |2378 |  10k|  11k|  14k|  2 | 404 |1626 | 7.280975e+05 | 7.282776e+05 |   0.02%|  11.50%
  363s|  1900 |   315 |775975 | 395.9 |   302M |  90 |2378 |  10k|  11k|  14k|  0 | 406 |1638 | 7.280975e+05 | 7.282776e+05 |   0.02%|  11.97%
  388s|  2000 |   329 |834611 | 405.5 |   305M |  90 |2378 |  10k|  11k|  15k|  0 | 420 |1714 | 7.280996e+05 | 7.282776e+05 |   0.02%|  12.84%
  415s|  2100 |   335 |895508 | 415.2 |   310M |  90 |2378 |  10k|  11k|  16k|  0 | 425 |1784 | 7.281006e+05 | 7.282776e+05 |   0.02%|  14.30%
 time | node  | left  |LP iter|LP it/n|mem/heur|mdpt |vars |cons |rows |cuts |sepa|confs|strbr|  dualbound   | primalbound  |  gap   | compl. 
  428s|  2200 |   353 |926167 | 410.2 |   311M |  90 |2378 |  10k|  11k|  17k|  0 | 430 |1826 | 7.281067e+05 | 7.282776e+05 |   0.02%|  14.58%
  453s|  2300 |   355 |983352 | 417.3 |   313M |  90 |2378 |  10k|  11k|  18k|  1 | 445 |1939 | 7.281070e+05 | 7.282776e+05 |   0.02%|  15.52%
  470s|  2400 |   367 |  1020k| 415.2 |   321M |  90 |2378 |  10k|  11k|  18k|  0 | 452 |2034 | 7.281081e+05 | 7.282776e+05 |   0.02%|  17.09%
  490s|  2500 |   368 |  1064k| 416.4 |   323M |  90 |2378 |  10k|  11k|  19k|  0 | 501 |2143 | 7.281081e+05 | 7.282776e+05 |   0.02%|  17.20%
Restart triggered after 50 consecutive estimations that the remaining tree will be large
(run 1, node 2515) performing user restart

(restart) converted 435 cuts from the global cut pool into linear constraints

presolving:
(round 1, fast)       1 del vars, 0 del conss, 0 add conss, 41 chg bounds, 0 chg sides, 0 chg coeffs, 0 upgd conss, 9728 impls, 0 clqs
presolving (2 rounds: 2 fast, 1 medium, 1 exhaustive):
 1 deleted vars, 0 deleted constraints, 0 added constraints, 45 tightened bounds, 0 added holes, 0 changed sides, 26 changed coefficients
 9728 implications, 0 cliques
presolved problem has 2377 variables (1985 bin, 0 int, 0 impl, 392 cont) and 10598 constraints
      1 constraints of type <chancecons>
   9728 constraints of type <varbound>
      1 constraints of type <knapsack>
    720 constraints of type <linear>
     41 constraints of type <logicor>
    107 constraints of type <bounddisjunction>
Presolving Time: 0.22
transformed 23/23 original solutions to the transformed problem space

 time | node  | left  |LP iter|LP it/n|mem/heur|mdpt |vars |cons |rows |cuts |sepa|confs|strbr|  dualbound   | primalbound  |  gap   | compl. 
  498s|     1 |     0 |  1085k|     - |   319M |   0 |2377 |  10k|  10k|   0 |  0 | 504 |2176 | 7.281081e+05 | 7.282776e+05 |   0.02%| unknown
  499s|     1 |     0 |  1086k|     - |   321M |   0 |2377 |  10k|  10k|  88 |  1 | 504 |2176 | 7.281081e+05 | 7.282776e+05 |   0.02%| unknown
  499s|     1 |     0 |  1087k|     - |   322M |   0 |2377 |  10k|  10k| 178 |  2 | 504 |2176 | 7.281081e+05 | 7.282776e+05 |   0.02%| unknown
  499s|     1 |     0 |  1088k|     - |   323M |   0 |2377 |  10k|  10k| 276 |  3 | 504 |2176 | 7.281081e+05 | 7.282776e+05 |   0.02%| unknown
  499s|     1 |     0 |  1088k|     - |   324M |   0 |2377 |  10k|  10k| 363 |  4 | 504 |2176 | 7.281081e+05 | 7.282776e+05 |   0.02%| unknown
  500s|     1 |     0 |  1089k|     - |   326M |   0 |2377 |  10k|  10k| 458 |  5 | 504 |2176 | 7.281081e+05 | 7.282776e+05 |   0.02%| unknown
  500s|     1 |     0 |  1090k|     - |   328M |   0 |2377 |  10k|  10k| 538 |  6 | 504 |2176 | 7.281081e+05 | 7.282776e+05 |   0.02%| unknown
  501s|     1 |     0 |  1091k|     - |   329M |   0 |2377 |  10k|  11k| 633 |  7 | 504 |2176 | 7.281081e+05 | 7.282776e+05 |   0.02%| unknown
  501s|     1 |     0 |  1093k|     - |   330M |   0 |2377 |  10k|  11k| 735 |  8 | 504 |2176 | 7.281081e+05 | 7.282776e+05 |   0.02%| unknown
  502s|     1 |     0 |  1094k|     - |   331M |   0 |2377 |  10k|  11k| 819 |  9 | 504 |2176 | 7.281081e+05 | 7.282776e+05 |   0.02%| unknown
  502s|     1 |     0 |  1095k|     - |   333M |   0 |2377 |  10k|  11k| 901 | 10 | 504 |2176 | 7.281081e+05 | 7.282776e+05 |   0.02%| unknown
  503s|     1 |     0 |  1097k|     - |   334M |   0 |2377 |  10k|  11k| 981 | 11 | 504 |2176 | 7.281081e+05 | 7.282776e+05 |   0.02%| unknown
  503s|     1 |     0 |  1098k|     - |   336M |   0 |2377 |  10k|  11k|1055 | 12 | 504 |2176 | 7.281081e+05 | 7.282776e+05 |   0.02%| unknown
  504s|     1 |     0 |  1100k|     - |   337M |   0 |2377 |  10k|  11k|1123 | 13 | 504 |2176 | 7.281081e+05 | 7.282776e+05 |   0.02%| unknown
  505s|     1 |     0 |  1101k|     - |   338M |   0 |2377 |  10k|  11k|1204 | 14 | 504 |2176 | 7.281081e+05 | 7.282776e+05 |   0.02%| unknown
 time | node  | left  |LP iter|LP it/n|mem/heur|mdpt |vars |cons |rows |cuts |sepa|confs|strbr|  dualbound   | primalbound  |  gap   | compl. 
  505s|     1 |     0 |  1103k|     - |   340M |   0 |2377 |  10k|  11k|1296 | 15 | 504 |2176 | 7.281081e+05 | 7.282776e+05 |   0.02%| unknown
  506s|     1 |     0 |  1104k|     - |   342M |   0 |2377 |  10k|  11k|1370 | 16 | 504 |2176 | 7.281081e+05 | 7.282776e+05 |   0.02%| unknown
  509s|     1 |     2 |  1105k|     - |   342M |   0 |2377 |  10k|  11k|1370 | 16 | 507 |2182 | 7.281081e+05 | 7.282776e+05 |   0.02%| unknown
  539s|   100 |    65 |  1159k| 422.8 |   349M |  40 |2377 |  10k|  11k|1994 |  1 | 536 |2262 | 7.281081e+05 | 7.282776e+05 |   0.02%| unknown
  557s|   200 |    73 |  1197k| 421.4 |   352M |  40 |2377 |  10k|  11k|2615 |  0 | 574 |2310 | 7.281081e+05 | 7.282776e+05 |   0.02%|   0.86%
  583s|   300 |    93 |  1266k| 430.9 |   354M |  40 |2377 |  10k|  11k|3207 |  2 | 592 |2372 | 7.281081e+05 | 7.282776e+05 |   0.02%|   1.88%
  603s|   400 |    95 |  1311k| 431.5 |   355M |  40 |2377 |  10k|  11k|3570 |  0 | 632 |2446 | 7.281081e+05 | 7.282776e+05 |   0.02%|   1.88%
  645s|   500 |   105 |  1405k| 448.4 |   357M |  40 |2377 |  10k|  11k|4895 |  1 | 686 |2561 | 7.281081e+05 | 7.282776e+05 |   0.02%|   2.78%
  675s|   600 |   113 |  1464k| 452.9 |   358M |  40 |2377 |  10k|  11k|5389 |  0 | 715 |2632 | 7.281081e+05 | 7.282776e+05 |   0.02%|   2.85%
  701s|   700 |   131 |  1524k| 457.7 |   359M |  40 |2377 |  10k|  11k|5753 |  1 | 738 |2686 | 7.281081e+05 | 7.282776e+05 |   0.02%|   3.39%
  732s|   800 |   135 |  1591k| 463.9 |   360M |  40 |2377 |  10k|  11k|6021 |  1 | 761 |2752 | 7.281081e+05 | 7.282776e+05 |   0.02%|   5.42%
  759s|   900 |   145 |  1651k| 467.9 |   361M |  40 |2377 |  10k|  11k|6482 |  0 | 776 |2814 | 7.281116e+05 | 7.282776e+05 |   0.02%|   6.65%
  800s|  1000 |   137 |  1762k| 486.1 |   362M |  40 |2377 |  10k|  11k|7260 |  0 | 804 |2895 | 7.281126e+05 | 7.282776e+05 |   0.02%|   8.11%
  837s|  1100 |   137 |  1838k| 493.9 |   365M |  40 |2377 |  10k|  11k|7666 |  2 | 816 |2977 | 7.281169e+05 | 7.282776e+05 |   0.02%|   9.70%
  877s|  1200 |   141 |  1924k| 503.7 |   366M |  40 |2377 |  10k|  11k|7929 | 16 | 840 |3075 | 7.281169e+05 | 7.282776e+05 |   0.02%|   9.70%
 time | node  | left  |LP iter|LP it/n|mem/heur|mdpt |vars |cons |rows |cuts |sepa|confs|strbr|  dualbound   | primalbound  |  gap   | compl. 
  909s|  1300 |   149 |  1997k| 509.6 |   368M |  40 |2377 |  10k|  11k|8266 |  0 | 868 |3161 | 7.281227e+05 | 7.282776e+05 |   0.02%|  13.58%
  953s|  1400 |   159 |  2088k| 519.8 |   370M |  40 |2377 |  10k|  11k|8731 |  0 | 907 |3271 | 7.281344e+05 | 7.282776e+05 |   0.02%|  18.09%
 1002s|  1500 |   169 |  2187k| 531.5 |   374M |  40 |2377 |  10k|  11k|9210 |  0 | 953 |3382 | 7.281359e+05 | 7.282776e+05 |   0.02%|  18.90%
 1025s|  1600 |   187 |  2237k| 530.8 |   375M |  40 |2377 |  10k|  11k|9581 |  0 | 955 |3413 | 7.281383e+05 | 7.282776e+05 |   0.02%|  19.55%
 1076s|  1700 |   187 |  2356k| 546.4 |   379M |  40 |2377 |  10k|  11k|  10k|  0 | 992 |3519 | 7.281407e+05 | 7.282776e+05 |   0.02%|  24.15%
 1183s|  1800 |   193 |  2566k| 582.4 |   385M |  40 |2377 |  10k|  11k|  11k|  1 |1079 |3800 | 7.281461e+05 | 7.282776e+05 |   0.02%|  26.59%
 1265s|  1900 |   189 |  2731k| 606.6 |   387M |  40 |2377 |  10k|  11k|  12k|  2 |1133 |3980 | 7.281504e+05 | 7.282776e+05 |   0.02%|  28.96%
 1312s|  2000 |   195 |  2850k| 619.5 |   394M |  40 |2377 |  10k|  11k|  12k|  2 |1144 |4018 | 7.281514e+05 | 7.282776e+05 |   0.02%|  34.28%
 1359s|  2100 |   197 |  2965k| 631.1 |   397M |  40 |2377 |  10k|  12k|  13k|  0 |1162 |4056 | 7.281546e+05 | 7.282776e+05 |   0.02%|  36.27%
 1418s|  2200 |   187 |  3079k| 641.8 |   400M |  40 |2377 |  10k|  11k|  13k|  0 |1210 |4198 | 7.281622e+05 | 7.282776e+05 |   0.02%|  38.84%
 1465s|  2300 |   193 |  3160k| 645.4 |   404M |  40 |2377 |  10k|  11k|  13k|  7 |1345 |4387 | 7.281628e+05 | 7.282776e+05 |   0.02%|  39.15%
 1534s|  2400 |   201 |  3315k| 663.8 |   414M |  40 |2377 |  10k|  11k|  14k|  0 |1413 |4550 | 7.281687e+05 | 7.282776e+05 |   0.01%|  41.62%
 1575s|  2500 |   163 |  3418k| 671.0 |   419M |  40 |2377 |  10k|  11k|  14k|  2 |1423 |4572 | 7.281762e+05 | 7.282776e+05 |   0.01%|  45.66%
 1606s|  2600 |   165 |  3498k| 673.5 |   420M |  40 |2377 |  10k|  11k|  15k|  0 |1432 |4592 | 7.281781e+05 | 7.282776e+05 |   0.01%|  47.17%
 1645s|  2700 |   165 |  3597k| 679.6 |   421M |  40 |2377 |  10k|  11k|  15k|  0 |1462 |4652 | 7.281787e+05 | 7.282776e+05 |   0.01%|  47.31%
 time | node  | left  |LP iter|LP it/n|mem/heur|mdpt |vars |cons |rows |cuts |sepa|confs|strbr|  dualbound   | primalbound  |  gap   | compl. 
 1684s|  2800 |   117 |  3692k| 684.8 |   422M |  40 |2377 |  10k|  12k|  15k|  0 |1483 |4684 | 7.281825e+05 | 7.282776e+05 |   0.01%|  52.02%
 1708s|  2900 |    17 |  3747k| 682.3 |   422M |  40 |2377 |  10k|  13k|  15k|  0 |1483 |4684 | 7.282255e+05 | 7.282776e+05 |   0.01%|  73.36%

SCIP Status        : problem is solved [optimal solution found]
Solving Time (sec) : 1708.57
Solving Nodes      : 2917 (total of 5432 nodes in 2 runs)
Primal Bound       : +7.28277590000000e+05 (28 solutions)
Dual Bound         : +7.28277590000000e+05
Gap                : 0.00 %

primal solution (original space):
=================================

objective value:                            728277.59
z#47                                                1 	(obj:0)
z#116                                               1 	(obj:0)
z#121                                               1 	(obj:0)
z#144                                               1 	(obj:0)
z#169                                               1 	(obj:0)
z#171                                               1 	(obj:0)
z#172                                               1 	(obj:0)
z#188                                               1 	(obj:0)
z#192                                               1 	(obj:0)
z#255                                               1 	(obj:0)
z#278                                               1 	(obj:0)
z#280                                               1 	(obj:0)
z#295                                               1 	(obj:0)
z#325                                               1 	(obj:0)
z#331                                               1 	(obj:0)
z#340                                               1 	(obj:0)
z#406                                1.00000000000011 	(obj:0)
z#414                                               1 	(obj:0)
z#433                                1.00000000000011 	(obj:0)
z#452                                1.00000000000003 	(obj:0)
z#467                                               1 	(obj:0)
z#512                                1.00000000000003 	(obj:0)
z#542                                1.00000000000017 	(obj:0)
z#562                                               1 	(obj:0)
z#608                                               1 	(obj:0)
z#620                                               1 	(obj:0)
z#644                                               1 	(obj:0)
z#654                                               1 	(obj:0)
z#709                                1.00000000000003 	(obj:0)
z#734                                               1 	(obj:0)
z#760                                               1 	(obj:0)
z#809                                               1 	(obj:0)
z#811                                               1 	(obj:0)
z#820                                1.00000000000034 	(obj:0)
z#854                                               1 	(obj:0)
z#859                                               1 	(obj:0)
z#888                                               1 	(obj:0)
z#892                                               1 	(obj:0)
z#914                                               1 	(obj:0)
z#937                                1.00000000000004 	(obj:0)
z#943                                1.00000000000003 	(obj:0)
z#958                                1.00000000000006 	(obj:0)
z#962                                1.00000000000006 	(obj:0)
z#973                                1.00000000000011 	(obj:0)
z#976                                1.00000000000005 	(obj:0)
z#979                                1.00000000000006 	(obj:0)
z#985                                1.00000000000004 	(obj:0)
z#1004                               1.00000000000017 	(obj:0)
z#1018                                              1 	(obj:0)
z#1043                                              1 	(obj:0)
z#1079                                              1 	(obj:0)
z#1139                                              1 	(obj:0)
z#1150                                              1 	(obj:0)
z#1166                               1.00000000000003 	(obj:0)
z#1186                               1.00000000000006 	(obj:0)
z#1212                                              1 	(obj:0)
z#1218                                              1 	(obj:0)
z#1223                                              1 	(obj:0)
z#1225                                              1 	(obj:0)
z#1243                               1.00000000000006 	(obj:0)
z#1252                               1.00000000000004 	(obj:0)
z#1264                                              1 	(obj:0)
z#1266                                              1 	(obj:0)
z#1308                               1.00000000000003 	(obj:0)
z#1313                               1.00000000000003 	(obj:0)
z#1315                               1.00000000000006 	(obj:0)
z#1329                                              1 	(obj:0)
z#1373                               1.00000000000007 	(obj:0)
z#1387                               1.00000000000009 	(obj:0)
z#1390                                              1 	(obj:0)
z#1396                               1.00000000000003 	(obj:0)
z#1448                               1.00000000000005 	(obj:0)
z#1489                               1.00000000000003 	(obj:0)
z#1504                               1.00000000000004 	(obj:0)
z#1509                               1.00000000000009 	(obj:0)
z#1541                               1.00000000000007 	(obj:0)
z#1546                               1.00000000000002 	(obj:0)
z#1572                                              1 	(obj:0)
z#1599                               1.00000000000004 	(obj:0)
z#1607                               1.00000000000005 	(obj:0)
z#1617                               1.00000000000003 	(obj:0)
z#1642                                              1 	(obj:0)
z#1706                               1.00000000000003 	(obj:0)
z#1738                               1.00000000000006 	(obj:0)
z#1754                               1.00000000000004 	(obj:0)
z#1775                               1.00000000000011 	(obj:0)
z#1784                               1.00000000000005 	(obj:0)
z#1807                               1.00000000000004 	(obj:0)
z#1810                               1.00000000000009 	(obj:0)
z#1820                                              1 	(obj:0)
z#1840                               1.00000000000009 	(obj:0)
z#1900                                              1 	(obj:0)
z#1909                               1.00000000000006 	(obj:0)
z#1914                               1.00000000000011 	(obj:0)
z#1915                                              1 	(obj:0)
z#1925                                              1 	(obj:0)
z#1927                               1.00000000000006 	(obj:0)
z#1951                               1.00000000000007 	(obj:0)
z#1960                               1.00000000000009 	(obj:0)
z#1977                                              1 	(obj:0)
x#0                                           510.109 	(obj:211)
x#4                                            40.838 	(obj:132)
x#8                                  6.99000000000001 	(obj:124)
x#9                                  78.1080000000003 	(obj:113)
x#12                                          419.405 	(obj:104)
x#13                                            0.625 	(obj:128)
x#14                                          138.082 	(obj:130)
x#16                                 5.66499999999996 	(obj:140)
x#19                                           45.393 	(obj:107)
x#23                                 87.1340000000002 	(obj:112)
x#26                                0.502000000000066 	(obj:105)
x#27                                           419.84 	(obj:111)
x#29                                          139.406 	(obj:117)
x#30                                 52.3779999999999 	(obj:125)
x#37                                 87.4620000000002 	(obj:151)
x#42                                           419.93 	(obj:184)
x#45                                           52.497 	(obj:110)
x#50                                0.586000000000126 	(obj:173)
x#52                                 87.4830000000002 	(obj:163)
x#54                                          559.404 	(obj:114)
x#64                                0.589000000000169 	(obj:133)
x#69                                           611.92 	(obj:101)
x#73                             0.000999999999862666 	(obj:187)
x#75                                          547.198 	(obj:121)
x#85                                 16.0000000000005 	(obj:155)
x#86                                              684 	(obj:134)
y#0                                  46.8910000000004 	(obj:159)
y#1                                            19.453 	(obj:142)
y#2                                            16.806 	(obj:154)
y#3                                             14.52 	(obj:133)
y#41                                0.558000000000106 	(obj:104)
y#44                                          139.442 	(obj:122)
y#59                                 52.5129999999998 	(obj:108)
y#66                                 87.4870000000002 	(obj:122)
y#78                                            136.8 	(obj:104)
u#0                                           510.109 	(obj:0)
u#1                                           510.109 	(obj:0)
u#2                                           510.109 	(obj:0)
u#3                                           510.109 	(obj:0)
u#4                                           550.947 	(obj:0)
u#5                                           550.947 	(obj:0)
u#6                                           550.947 	(obj:0)
u#7                                           550.947 	(obj:0)
u#8                                           557.937 	(obj:0)
u#9                                           636.045 	(obj:0)
u#10                                          636.045 	(obj:0)
u#11                                          636.045 	(obj:0)
u#12                                          1055.45 	(obj:0)
u#13                                         1056.075 	(obj:0)
u#14                                         1194.157 	(obj:0)
u#15                                          684.048 	(obj:0)
u#16                                          689.713 	(obj:0)
u#17                                          689.713 	(obj:0)
u#18                                          689.713 	(obj:0)
u#19                                          694.268 	(obj:0)
u#20                                          694.268 	(obj:0)
u#21                                          694.268 	(obj:0)
u#22                                          694.268 	(obj:0)
u#23                                          774.412 	(obj:0)
u#24                                          696.304 	(obj:0)
u#25                                          696.304 	(obj:0)
u#26                                          696.806 	(obj:0)
u#27                                          697.241 	(obj:0)
u#28                                          696.616 	(obj:0)
u#29                                           697.94 	(obj:0)
u#30                                          750.318 	(obj:0)
u#31                                          744.653 	(obj:0)
u#32                                          744.653 	(obj:0)
u#33                                          744.653 	(obj:0)
u#34                                           699.26 	(obj:0)
u#35                                           699.26 	(obj:0)
u#36                                           699.26 	(obj:0)
u#37                                          786.722 	(obj:0)
u#38                                          699.588 	(obj:0)
u#39                                          699.588 	(obj:0)
u#40                                          699.588 	(obj:0)
u#41                                          699.086 	(obj:0)
u#42                                          699.176 	(obj:0)
u#43                                          699.176 	(obj:0)
u#44                                           559.77 	(obj:0)
u#45                                          559.889 	(obj:0)
u#46                                          559.889 	(obj:0)
u#47                                          559.889 	(obj:0)
u#48                                          559.889 	(obj:0)
u#49                                          559.889 	(obj:0)
u#50                                          560.475 	(obj:0)
u#51                                          560.475 	(obj:0)
u#52                                          560.496 	(obj:0)
u#53                                          560.496 	(obj:0)
u#54                                           1119.9 	(obj:0)
u#55                                           1119.9 	(obj:0)
u#56                                           1119.9 	(obj:0)
u#57                                           699.97 	(obj:0)
u#58                                           699.97 	(obj:0)
u#59                                           699.97 	(obj:0)
u#60                                          647.473 	(obj:0)
u#61                                          647.473 	(obj:0)
u#62                                          647.473 	(obj:0)
u#63                                          647.473 	(obj:0)
u#64                                          648.062 	(obj:0)
u#65                                          647.476 	(obj:0)
u#66                                          647.476 	(obj:0)
u#67                                          559.993 	(obj:0)
u#68                                          559.993 	(obj:0)
u#69                                          612.509 	(obj:0)
u#70                                          612.509 	(obj:0)
u#71                                          612.509 	(obj:0)
u#72                                          612.509 	(obj:0)
u#73                                           612.51 	(obj:0)
u#74                                           612.51 	(obj:0)
u#75                                         1159.708 	(obj:0)
u#76                                         1159.708 	(obj:0)
u#77                                         1159.708 	(obj:0)
u#78                                         1159.708 	(obj:0)
u#79                                         1159.119 	(obj:0)
u#80                                         1159.119 	(obj:0)
u#81                                         1159.119 	(obj:0)
u#82                                         1159.119 	(obj:0)
u#83                                         1159.119 	(obj:0)
u#84                                          547.199 	(obj:0)
u#85                                          563.199 	(obj:0)
u#86                                         1247.199 	(obj:0)
u#87                                         1247.199 	(obj:0)
u#88                                         1247.198 	(obj:0)
u#89                                         1247.198 	(obj:0)
u#90                                              700 	(obj:0)
u#91                                              700 	(obj:0)
u#92                                              700 	(obj:0)
u#93                                              700 	(obj:0)
u#94                                              700 	(obj:0)
u#95                                              700 	(obj:0)
u#96                                              700 	(obj:0)
u#97                                              700 	(obj:0)
u#98                                              700 	(obj:0)
u#99                                              700 	(obj:0)
v#0                                  46.8910000000004 	(obj:0)
v#1                                  66.3440000000004 	(obj:0)
v#2                                  83.1500000000004 	(obj:0)
v#3                                  97.6700000000004 	(obj:0)
v#4                                  97.6700000000004 	(obj:0)
v#5                                  97.6700000000004 	(obj:0)
v#6                                  97.6700000000004 	(obj:0)
v#7                                  97.6700000000004 	(obj:0)
v#8                                  97.6700000000004 	(obj:0)
v#9                                  97.6700000000004 	(obj:0)
v#10                                           50.779 	(obj:0)
v#11                                           31.326 	(obj:0)
v#12                                            14.52 	(obj:0)
v#41                                0.558000000000106 	(obj:0)
v#42                                0.558000000000106 	(obj:0)
v#43                                0.558000000000106 	(obj:0)
v#44                                              140 	(obj:0)
v#45                                              140 	(obj:0)
v#46                                              140 	(obj:0)
v#47                                              140 	(obj:0)
v#48                                              140 	(obj:0)
v#49                                              140 	(obj:0)
v#50                                              140 	(obj:0)
v#51                                          139.442 	(obj:0)
v#52                                          139.442 	(obj:0)
v#53                                          139.442 	(obj:0)
v#59                                 52.5129999999998 	(obj:0)
v#60                                 52.5129999999998 	(obj:0)
v#61                                 52.5129999999998 	(obj:0)
v#62                                 52.5129999999998 	(obj:0)
v#63                                 52.5129999999998 	(obj:0)
v#64                                 52.5129999999998 	(obj:0)
v#65                                 52.5129999999998 	(obj:0)
v#66                                              140 	(obj:0)
v#67                                              140 	(obj:0)
v#68                                              140 	(obj:0)
v#69                                 87.4870000000002 	(obj:0)
v#70                                 87.4870000000002 	(obj:0)
v#71                                 87.4870000000002 	(obj:0)
v#72                                 87.4870000000002 	(obj:0)
v#73                                 87.4870000000002 	(obj:0)
v#74                                 87.4870000000002 	(obj:0)
v#75                                 87.4870000000002 	(obj:0)
v#78                                            136.8 	(obj:0)
v#79                                            136.8 	(obj:0)
v#80                                            136.8 	(obj:0)
v#81                                            136.8 	(obj:0)
v#82                                            136.8 	(obj:0)
v#83                                            136.8 	(obj:0)
v#84                                            136.8 	(obj:0)
v#85                                            136.8 	(obj:0)
v#86                                            136.8 	(obj:0)
v#87                                            136.8 	(obj:0)
w#0                                               557 	(obj:0)
w#1                                           576.453 	(obj:0)
w#2                                           593.259 	(obj:0)
w#3                                           607.779 	(obj:0)
w#4                                           648.617 	(obj:0)
w#5                                           648.617 	(obj:0)
w#6                                           648.617 	(obj:0)
w#7                                           648.617 	(obj:0)
w#8                                           655.607 	(obj:0)
w#9                                           733.715 	(obj:0)
w#10                                          686.824 	(obj:0)
w#11                                          667.371 	(obj:0)
w#12                                          1069.97 	(obj:0)
w#13                                         1056.075 	(obj:0)
w#14                                         1194.157 	(obj:0)
w#15                                          684.048 	(obj:0)
w#16                                          689.713 	(obj:0)
w#17                                          689.713 	(obj:0)
w#18                                          689.713 	(obj:0)
w#19                                          694.268 	(obj:0)
w#20                                          694.268 	(obj:0)
w#21                                          694.268 	(obj:0)
w#22                                          694.268 	(obj:0)
w#23                                          774.412 	(obj:0)
w#24                                          696.304 	(obj:0)
w#25                                          696.304 	(obj:0)
w#26                                          696.806 	(obj:0)
w#27                                          697.241 	(obj:0)
w#28                                          696.616 	(obj:0)
w#29                                           697.94 	(obj:0)
w#30                                          750.318 	(obj:0)
w#31                                          744.653 	(obj:0)
w#32                                          744.653 	(obj:0)
w#33                                          744.653 	(obj:0)
w#34                                           699.26 	(obj:0)
w#35                                           699.26 	(obj:0)
w#36                                           699.26 	(obj:0)
w#37                                          786.722 	(obj:0)
w#38                                          699.588 	(obj:0)
w#39                                          699.588 	(obj:0)
w#40                                          699.588 	(obj:0)
w#41                                          699.644 	(obj:0)
w#42                                          699.734 	(obj:0)
w#43                                          699.734 	(obj:0)
w#44                                           699.77 	(obj:0)
w#45                                          699.889 	(obj:0)
w#46                                          699.889 	(obj:0)
w#47                                          699.889 	(obj:0)
w#48                                          699.889 	(obj:0)
w#49                                          699.889 	(obj:0)
w#50                                          700.475 	(obj:0)
w#51                                          699.917 	(obj:0)
w#52                                          699.938 	(obj:0)
w#53                                          699.938 	(obj:0)
w#54                                           1119.9 	(obj:0)
w#55                                           1119.9 	(obj:0)
w#56                                           1119.9 	(obj:0)
w#57                                           699.97 	(obj:0)
w#58                                           699.97 	(obj:0)
w#59                                          752.483 	(obj:0)
w#60                                          699.986 	(obj:0)
w#61                                          699.986 	(obj:0)
w#62                                          699.986 	(obj:0)
w#63                                          699.986 	(obj:0)
w#64                                          700.575 	(obj:0)
w#65                                          699.989 	(obj:0)
w#66                                          787.476 	(obj:0)
w#67                                          699.993 	(obj:0)
w#68                                          699.993 	(obj:0)
w#69                                          699.996 	(obj:0)
w#70                                          699.996 	(obj:0)
w#71                                          699.996 	(obj:0)
w#72                                          699.996 	(obj:0)
w#73                                          699.997 	(obj:0)
w#74                                          699.997 	(obj:0)
w#75                                         1247.195 	(obj:0)
w#76                                         1159.708 	(obj:0)
w#77                                         1159.708 	(obj:0)
w#78                                         1296.508 	(obj:0)
w#79                                         1295.919 	(obj:0)
w#80                                         1295.919 	(obj:0)
w#81                                         1295.919 	(obj:0)
w#82                                         1295.919 	(obj:0)
w#83                                         1295.919 	(obj:0)
w#84                                          683.999 	(obj:0)
w#85                                          699.999 	(obj:0)
w#86                                         1383.999 	(obj:0)
w#87                                         1383.999 	(obj:0)
w#88                                         1247.198 	(obj:0)
w#89                                         1247.198 	(obj:0)
w#90                                              700 	(obj:0)
w#91                                              700 	(obj:0)
w#92                                              700 	(obj:0)
w#93                                              700 	(obj:0)
w#94                                              700 	(obj:0)
w#95                                              700 	(obj:0)
w#96                                              700 	(obj:0)
w#97                                              700 	(obj:0)
w#98                                              700 	(obj:0)
w#99                                              700 	(obj:0)

Statistics
==========

SCIP Status        : problem is solved [optimal solution found]
Total Time         :    1708.88
  solving          :    1708.57
  presolving       :       0.22 (included in solving)
  reading          :       0.31
  copying          :       0.27 (16 #copies) (minimal 0.01, maximal 0.02, average 0.02)
Original Problem   :
  Problem name     : CCMPPData/100-2000-0
  Variables        : 2500 (2000 binary, 0 integer, 0 implicit integer, 500 continuous)
  Constraints      : 10402 initial, 10402 maximal
  Objective        : minimize, 200 non-zeros (abs.min = 101, abs.max = 300)
Presolved Problem  :
  Problem name     : t_CCMPPData/100-2000-0
  Variables        : 2377 (1985 binary, 0 integer, 0 implicit integer, 392 continuous)
  Constraints      : 10598 initial, 11009 maximal
  Objective        : minimize, 199 non-zeros (abs.min = 3, abs.max = 300)
  Nonzeros         : 32245 constraint, 0 clique table
Presolvers         :   ExecTime  SetupTime  Calls  FixedVars   AggrVars   ChgTypes  ChgBounds   AddHoles    DelCons    AddCons   ChgSides   ChgCoefs
  boundshift       :       0.00       0.00      0          0          0          0          0          0          0          0          0          0
  convertinttobin  :       0.00       0.00      0          0          0          0          0          0          0          0          0          0
  domcol           :       0.05       0.00      2          0          0          0          0          0          0          0          0          0
  dualagg          :       0.00       0.00      0          0          0          0          0          0          0          0          0          0
  dualcomp         :       0.01       0.00      2          0          0          0          0          0          0          0          0          0
  dualinfer        :       0.00       0.00      0          0          0          0          0          0          0          0          0          0
  dualsparsify     :       0.05       0.00      1          0          0          0          0          0          0          0          0          0
  gateextraction   :       0.00       0.00      0          0          0          0          0          0          0          0          0          0
  implics          :       0.00       0.00      4          0          0          0          0          0          0          0          0          0
  inttobinary      :       0.00       0.00      0          0          0          0          0          0          0          0          0          0
  milp             :       0.04       0.00      1          1        102          0         49          0          0          0          0          0
  qpkktref         :       0.00       0.00      0          0          0          0          0          0          0          0          0          0
  redvub           :       0.00       0.00      0          0          0          0          0          0          0          0          0          0
  sparsify         :       0.01       0.00      1          0          0          0          0          0          0          0          0          0
  stuffing         :       0.00       0.00      0          0          0          0          0          0          0          0          0          0
  trivial          :       0.00       0.00      7          0          0          0          0          0          0          0          0          0
  tworowbnd        :       0.00       0.00      0          0          0          0          0          0          0          0          0          0
  dualfix          :       0.00       0.00      7         15          0          0          0          0          0          0          0          0
  genvbounds       :       0.00       0.00      0          0          0          0          0          0          0          0          0          0
  probing          :       0.00       0.00      1          0          0          0          0          0          0          0          0          0
  pseudoobj        :       0.00       0.00      1          0          0          0          0          0          0          0          0          0
  symmetry         :       0.00       0.00      1          0          0          0          0          0          0          0          0          0
  vbounds          :       0.00       0.00      0          0          0          0          0          0          0          0          0          0
  chancecons       :       0.00       0.00      0          0          0          0          0          0          0          0          0          0
  varbound         :       0.01       0.00      5          0          0          0          0          0          0          0          0          0
  knapsack         :       0.00       0.00      4          0          0          0          0          0          0          0          0          0
  linear           :       0.03       0.00     10          0          5          0        145          0        378          0          0          0
  logicor          :       0.00       0.00      4          0          0          0          0          0          0          0          0         26
  bounddisjunction :       0.00       0.00      2          0          0          0          0          0          0          0          0          0
  benders          :       0.00       0.00      0          0          0          0          0          0          0          0          0          0
  components       :       0.00       0.00      2          0          0          0          0          0          0          0          0          0
  root node        :          -          -      -         10          -          -       3199          -          -          -          -          -
Constraints        :     Number  MaxNumber  #Separate #Propagate    #EnfoLP    #EnfoRelax  #EnfoPS    #Check   #ResProp    Cutoffs    DomReds       Cuts    Applied      Conss   Children
  benderslp        :          0          0          0          0       3880          0          0       1328          0          0          0          0          0          0          0
  chancecons       :          1          1       1078          0          0          0          0          0          0          0          0      18476      15249          0          0
  integral         :          0          0          0          0       3880          0          0       1328          0          0       4011          0          0        929       6010
  varbound         :       9728       9728         38      93302          1          0          0       1322       3267          0     155561          0          0          0          0
  knapsack         :          1          1         38      92801          1          0          0         63          0          1          0          0          0          0          0
  linear           :        720        720         38      95538          1          0          0         53         33         52     150381         17          6          0          0
  logicor          :         41+       160         16       5564          0          0          0          0         20          2         21          0          0          0          0
  bounddisjunction :        107+       431          0      13364          0          0          0          0         30          6         56          0          0          0          0
  benders          :          0          0          0          0          1          0          0         51          0          0          0          0          0          0          0
  fixedvar         :          0          0          0          0          1          0          0         51          0          0          0          0          0          0          0
  countsols        :          0          0          0          0          1          0          0         51          0          0          0          0          0          0          0
  components       :          0          0          0          0          0          0          0          0          0          0          0          0          0          0          0
Constraint Timings :  TotalTime  SetupTime   Separate  Propagate     EnfoLP     EnfoPS     EnfoRelax   Check    ResProp    SB-Prop
  benderslp        :       0.00       0.00       0.00       0.00       0.00       0.00       0.00       0.00       0.00       0.00
  chancecons       :       0.92       0.00       0.92       0.00       0.00       0.00       0.00       0.00       0.00       0.00
  integral         :     510.61       0.00       0.00       0.00     510.60       0.00       0.00       0.00       0.00       0.00
  varbound         :       2.91       0.00       0.04       2.20       0.00       0.00       0.00       0.13       0.00       0.54
  knapsack         :       1.50       0.00       0.23       1.26       0.00       0.00       0.00       0.00       0.00       0.01
  linear           :       1.49       0.00       0.08       1.08       0.00       0.00       0.00       0.00       0.00       0.32
  logicor          :       0.03       0.00       0.00       0.03       0.00       0.00       0.00       0.00       0.00       0.00
  bounddisjunction :       0.10       0.00       0.00       0.09       0.00       0.00       0.00       0.00       0.00       0.01
  benders          :       0.00       0.00       0.00       0.00       0.00       0.00       0.00       0.00       0.00       0.00
  fixedvar         :       0.00       0.00       0.00       0.00       0.00       0.00       0.00       0.00       0.00       0.00
  countsols        :       0.00       0.00       0.00       0.00       0.00       0.00       0.00       0.00       0.00       0.00
  components       :       0.01       0.00       0.00       0.01       0.00       0.00       0.00       0.00       0.00       0.00
Propagators        : #Propagate   #ResProp    Cutoffs    DomReds
  dualfix          :          9          0          0          0
  genvbounds       :          0          0          0          0
  nlobbt           :          0          0          0          0
  obbt             :          0          0          0          0
  probing          :          0          0          0          0
  pseudoobj        :      25885          0          0        199
  redcost          :      15208          0          0     629845
  rootredcost      :         10          0          0        959
  symmetry         :          0          0          0          0
  vbounds          :      54063          0          0          0
Propagator Timings :  TotalTime  SetupTime   Presolve  Propagate    ResProp    SB-Prop
  dualfix          :       0.00       0.00       0.00       0.00       0.00       0.00
  genvbounds       :       0.02       0.00       0.00       0.01       0.00       0.01
  nlobbt           :       0.00       0.00       0.00       0.00       0.00       0.00
  obbt             :       0.00       0.00       0.00       0.00       0.00       0.00
  probing          :       0.00       0.00       0.00       0.00       0.00       0.00
  pseudoobj        :       0.17       0.00       0.00       0.17       0.00       0.00
  redcost          :       1.38       0.00       0.00       1.38       0.00       0.00
  rootredcost      :       0.02       0.00       0.00       0.01       0.00       0.00
  symmetry         :       0.02       0.00       0.00       0.01       0.00       0.01
  vbounds          :       0.25       0.00       0.00       0.24       0.00       0.01
Symmetry           :
  orbitopal red.   :          0 reductions applied,          0 cutoffs
  orbital reduction:          0 reductions applied,          0 cutoffs
  lexicographic red:          0 reductions applied,          0 cutoffs
  shadow tree time :       0.00 s
Conflict Analysis  :       Time      Calls    Success    DomReds  Conflicts   Literals    Reconvs ReconvLits   Dualrays   Nonzeros   LP Iters   (pool size: [10000,10000])
  propagation      :       0.00          9          7          -         13       48.1          0        0.0          -          -          -
  infeasible LP    :       0.00          0          0          -          0        0.0          0        0.0          0        0.0          0
  bound exceed. LP :       8.45       3210       1153          -       2000       37.4          0        0.0        421        2.4      19551
  strong branching :       0.00          0          0          -          0        0.0          0        0.0          -          -          0
  pseudo solution  :       0.00          0          0          -          0        0.0          0        0.0          -          -          -
  applied globally :       0.01          -          -        418       1062       37.5          -          -        421          -          -
  applied locally  :          -          -          -          0          0        0.0          -          -          0          -          -
Separators         :   ExecTime  SetupTime      Calls  RootCalls    Cutoffs    DomReds  FoundCuts ViaPoolAdd  DirectAdd    Applied ViaPoolApp  DirectApp      Conss
  cut pool         :       0.60          -       1516         75          -          -      30165     217850          -          -          -          -          -    (maximal pool size:      13579)
  aggregation      :       2.23       0.00        162         38          0          0      25974     186877          0      16089      16089          0          0
  > cmir           :          -          -          -          -          -          -          -     186877          0      16089      16089          0          -
  > flowcover      :          -          -          -          -          -          -          -          0          0          0          0          0          -
  > knapsackcover  :          -          -          -          -          -          -          -          0          0          0          0          0          -
  cgmip            :       0.00       0.00          0          0          0          0          0          0          0          0          0          0          0
  clique           :       0.00       0.00          2          2          0          0          0          0          0          0          0          0          0
  closecuts        :       0.00       0.00          0          0          0          0          0          0          0          0          0          0          0
  convexproj       :       0.00       0.00          0          0          0          0          0          0          0          0          0          0          0
  disjunctive      :       0.00       0.00          0          0          0          0          0          0          0          0          0          0          0
  eccuts           :       0.00       0.00          0          0          0          0          0          0          0          0          0          0          0
  gauge            :       0.00       0.00          0          0          0          0          0          0          0          0          0          0          0
  gomory           :       1.91       0.00        120         20          0          0       4191      30973          0       4151       4151          0          0
  > gomorymi       :          -          -          -          -          -          -          -      30973          0       4151       4151          0          -
  > strongcg       :          -          -          -          -          -          -          -          0          0          0          0          0          -
  impliedbounds    :       0.02       0.00        162         38          0          0          0          0          0          0          0          0          0
  interminor       :       0.00       0.00          0          0          0          0          0          0          0          0          0          0          0
  intobj           :       0.00       0.00          0          0          0          0          0          0          0          0          0          0          0
  lagromory        :       0.00       0.00          0          0          0          0          0          0          0          0          0          0          0
  mcf              :       0.00       0.00          2          2          0          0          0          0          0          0          0          0          0
  minor            :       0.00       0.00         20         20          0          0          0          0          0          0          0          0          0
  mixing           :       0.00       0.00          0          0          0          0          0          0          0          0          0          0          0
  oddcycle         :       0.00       0.00          0          0          0          0          0          0          0          0          0          0          0
  rapidlearning    :       0.00       0.00          0          0          0          0          0          0          0          0          0          0          0
  rlt              :       0.00       0.00         20         20          0          0          0          0          0          0          0          0          0
  zerohalf         :       0.14       0.00        136         36          0          0          0          0          0          0          0          0          0
Cutselectors       :   ExecTime  SetupTime      Calls  RootCalls   Selected     Forced   Filtered  RootSelec   RootForc   RootFilt 
  hybrid           :       0.24       0.00       1360         39      35495          0     200848       3459          0      38001
  ensemble         :       0.00       0.00          0          0          0          0          0          0          0          0
  dynamic          :       0.00       0.00          0          0          0          0          0          0          0          0
Pricers            :   ExecTime  SetupTime      Calls       Vars
  problem variables:       0.00          -          0          0
Branching Rules    :   ExecTime  SetupTime   BranchLP  BranchExt   BranchPS    Cutoffs    DomReds       Cuts      Conss   Children
  allfullstrong    :       0.00       0.00          0          0          0          0          0          0          0          0
  cloud            :       0.00       0.00          0          0          0          0          0          0          0          0
  distribution     :       0.00       0.00          0          0          0          0          0          0          0          0
  fullstrong       :       0.00       0.00          0          0          0          0          0          0          0          0
  gomory           :       0.00       0.00          0          0          0          0          0          0          0          0
  inference        :       0.00       0.00          0          0          0          0          0          0          0          0
  leastinf         :       0.00       0.00          0          0          0          0          0          0          0          0
  lookahead        :       0.00       0.00          0          0          0          0          0          0          0          0
  mostinf          :       0.00       0.00          0          0          0          0          0          0          0          0
  multaggr         :       0.00       0.00          0          0          0          0          0          0          0          0
  nodereopt        :       0.00       0.00          0          0          0          0          0          0          0          0
  pscost           :       0.00       0.00          0          0          0          0          0          0          0          0
  random           :       0.00       0.00          0          0          0          0          0          0          0          0
  relpscost        :     510.60       0.00       3879          0          0          0       4011          0        937       6010
  vanillafullstrong:       0.00       0.00          0          0          0          0          0          0          0          0
Primal Heuristics  :   ExecTime  SetupTime      Calls      Found       Best
  LP solutions     :       0.00          -          -          1          1
  relax solutions  :       0.00          -          -          0          0
  pseudo solutions :       0.00          -          -          0          0
  strong branching :       0.02          -          -          0          0
  actconsdiving    :       0.00       0.00          0          0          0
  adaptivediving   :       3.70       0.00         14          0          0
  alns             :       1.36       0.00          5          5          5
  bound            :       0.00       0.00          0          0          0
  clique           :       0.00       0.00          0          0          0
  coefdiving       :       0.00       0.00          0          0          0
  completesol      :       0.00       0.00          0          0          0
  conflictdiving   :       3.44       0.00          8          0          0
  crossover        :       0.75       0.00          4          4          2
  dins             :       0.00       0.00          0          0          0
  distributiondivin:       2.64       0.00          7          0          0
  dps              :       0.00       0.00          0          0          0
  dualval          :       0.00       0.00          0          0          0
  farkasdiving     :       0.00       0.00          0          0          0
  feaspump         :       0.78       0.00          1          1          1
  fixandinfer      :       0.00       0.00          0          0          0
  fracdiving       :       0.63       0.00          7          0          0
  gins             :       0.01       0.00          0          0          0
  guideddiving     :       1.93       0.00          7          0          0
  indicator        :       0.00       0.00          0          0          0
  indicatordiving  :       0.00       0.00          0          0          0
  intdiving        :       0.00       0.00          0          0          0
  intshifting      :       0.87       0.00          9          0          0
  linesearchdiving :       2.25       0.00          7          0          0
  localbranching   :       0.00       0.00          0          0          0
  locks            :       0.04       0.00          1          1          1
  lpface           :       0.00       0.00          0          0          0
  mpec             :       0.00       0.00          0          0          0
  multistart       :       0.00       0.00          0          0          0
  mutation         :       0.00       0.00          0          0          0
  nlpdiving        :       0.00       0.00          0          0          0
  objpscostdiving  :      14.99       0.00          4          4          0
  octane           :       0.00       0.00          0          0          0
  ofins            :       0.00       0.00          0          0          0
  oneopt           :       0.02       0.00         10          0          0
  padm             :       0.00       0.00          0          0          0
  proximity        :       0.00       0.00          0          0          0
  pscostdiving     :       2.78       0.00          7          0          0
  randrounding     :       1.13       0.00       1264          0          0
  rens             :       4.51       0.00          2          2          1
  reoptsols        :       0.00       0.00          0          0          0
  repair           :       0.00       0.00          0          0          0
  rins             :       0.89       0.00          5          5          1
  rootsoldiving    :       2.07       0.00          4          4          0
  rounding         :       0.52       0.00       1049          0          0
  scheduler        :       0.00       0.00          0          0          0
  shiftandpropagate:       0.00       0.00          0          0          0
  shifting         :       5.02       0.00        501          0          0
  simplerounding   :       0.01       0.00          0          0          0
  subnlp           :       0.01       0.00          0          0          0
  trivial          :       0.00       0.00          4          0          0
  trivialnegation  :       0.00       0.00          0          0          0
  trustregion      :       0.00       0.00          0          0          0
  trysol           :       0.00       0.00          0          0          0
  twoopt           :       0.00       0.00          0          0          0
  undercover       :       0.00       0.00          0          0          0
  vbounds          :       0.03       0.00          2          1          1
  veclendiving     :       8.23       0.00          8          0          0
  zeroobj          :       0.00       0.00          0          0          0
  zirounding       :       0.41       0.00       1000          0          0
  other solutions  :          -          -          -          0          -
LNS (Scheduler)    :      Calls  SetupTime  SolveTime SolveNodes       Sols       Best       Exp3    Exp3-IX  EpsGreedy        UCB TgtFixRate  Opt  Inf Node Stal  Sol  Usr Othr Actv
  rens             :          0       0.00       0.00          0          0          0    0.00000    0.12500   -1.00000    1.00000      0.900    0    0    0    0    0    0    0    1
  rins             :          0       0.00       0.00          0          0          0    0.00000    0.12500   -1.00000    1.00000      0.900    0    0    0    0    0    0    0    1
  mutation         :          0       0.00       0.00          0          0          0    0.00000    0.12500   -1.00000    1.00000      0.900    0    0    0    0    0    0    0    1
  localbranching   :          0       0.00       0.00          0          0          0    0.00000    0.12500   -1.00000    1.00000      0.900    0    0    0    0    0    0    0    1
  crossover        :          0       0.00       0.00          0          0          0    0.00000    0.12500   -1.00000    1.00000      0.900    0    0    0    0    0    0    0    1
  proximity        :          0       0.00       0.00          0          0          0    0.00000    0.12500   -1.00000    1.00000      0.900    0    0    0    0    0    0    0    1
  zeroobjective    :          0       0.00       0.00          0          0          0    0.00000    0.12500   -1.00000    1.00000      0.900    0    0    0    0    0    0    0    1
  dins             :          0       0.00       0.00          0          0          0    0.00000    0.12500   -1.00000    1.00000      0.900    0    0    0    0    0    0    0    1
  trustregion      :          0       0.00       0.00          0          0          0    0.00000    0.00000   -1.00000    1.00000      0.900    0    0    0    0    0    0    0    0
LP                 :       Time      Calls Iterations  Iter/call   Iter/sec  Time-0-It Calls-0-It    ItLimit
  primal LP        :       0.80        701          1       1.00       1.25       0.80        700
  dual LP          :    1113.01      13163    3595251     379.37    3230.19       4.26       3686
  lex dual LP      :       0.00          0          0       0.00          -
  barrier LP       :       0.00          0          0       0.00          -       0.00          0
  resolve instable :       0.00          0          0       0.00          -
  diving/probing LP:      41.14       2222     154405      69.49    3752.97
  strong branching :     487.78       4684    1605268     342.71    3290.96          -          -       1593
    (at root node) :          -         40      29979     749.48          -
  conflict analysis:       6.09       1956      19551      10.00    3209.41
B&B Tree           :
  number of runs   :          2
  nodes            :       2917 (1458 internal, 1459 leaves)
  feasible leaves  :          0
  infeas. leaves   :         23
  objective leaves :       1436
  nodes (total)    :       5432 (3005 internal, 2427 leaves)
  nodes left       :          0
  max depth        :         40
  max depth (total):         90
  backtracks       :        903 (31.0%)
  early backtracks :          0 (0.0%)
  nodes exc. ref.  :          0 (0.0%)
  delayed cutoffs  :          0
  repropagations   :       1249 (609 domain reductions, 0 cutoffs)
  avg switch length:       6.34
  switching time   :       2.67
Root Node          :
  First LP value   : +7.25172269137947e+05
  First LP Iters   :       3596 (7130.65 Iter/sec)
  First LP Time    :       0.50
  Final Dual Bound : +7.28108067829973e+05
  Final Root Iters :      53916
  Root LP Estimate : +7.28627598281750e+05
Solution           :
  Solutions found  :         28 (14 improvements)
  First Solution   : +7.30042190000000e+05   (in run 1, after 1 nodes, 0.23 seconds, depth 101, found by <locks>)
  Gap First Sol.   :   infinite
  Gap Last Sol.    :       0.02 %
  Primal Bound     : +7.28277590000000e+05   (in run 1, after 1880 nodes, 358.54 seconds, depth 20, found by <alns>)
  Dual Bound       : +7.28277590000000e+05
  Gap              :       0.00 %
Integrals          :      Total       Avg%
  primal-dual      :     115.54       0.07
  primal-ref       :          -          - (not evaluated)
  dual-ref         :          -          - (not evaluated)

 Branching Statistics...

 Total number of propagations -> 0

 Number of cutoffs of KnaCons -> 0

 Total number of variables fixed to 1 by the propagator -> 0

 Total number of variables fixed to 0 by the propagator -> 0

 Maximum number of rounds of the approximation algorithm -> 0

 Runtime of the exact algorithm -> 0.0000 s

 Total number of variables fixed to 1 in the exact algorithm -> 0

 Total number of variables fixed to 0 in the exact algorithm -> 0

 Number of cutoffs in the exact algorithm -> 0

 Number of cutoffs in the approximation algorithm -> 0

 PS:  
