***************************************
*         SCIP-based CCP Solver       *
*                                     *
*    Wei Lv and Wei-Kun Chen (2024)   *
***************************************
/beegfs/home/30150120/SCIP-CCP/build/ccp -f data/CCMPPData/50-3000-2.ccmpp -s settings/CCMPPSetting/BASE+DI05.set 
SCIP version 9.1.0 [precision: 8 byte] [memory: block] [mode: optimized] [LP solver: Soplex 7.1.0] [GitHash: 8cab0278ba]
Copyright (c) 2002-2024 Zuse Institute Berlin (ZIB)

External libraries: 
  Soplex 7.1.0         Linear Programming Solver developed at Zuse Institute Berlin (soplex.zib.de) [GitHash: 595bfac9]
  CppAD 20180000.0     Algorithmic Differentiation of C++ algorithms developed by B. Bell (github.com/coin-or/CppAD)
  ZLIB 1.2.7           General purpose compression library by J. Gailly and M. Adler (zlib.net)
  GMP 6.2.1            GNU Multiple Precision Arithmetic Library developed by T. Granlund (gmplib.org)
  AMPL/MP 690e9e7      AMPL .nl file reader library (github.com/ampl/mp)
  PaPILO 2.3.0         parallel presolve for integer and linear optimization (github.com/scipopt/papilo) (built with TBB) [GitHash: 4b8ce6ed]
  Nauty 2.8.8          Computing Graph Automorphism Groups by Brendan D. McKay (users.cecs.anu.edu.au/~bdm/nauty)
  sassy 1.1            Symmetry preprocessor by Markus Anders (github.com/markusa4/sassy)

reading user parameter file <settings/CCMPPSetting/BASE+DI05.set>

read problem <data/CCMPPData/50-3000-2.ccmpp>
============

File name: 	data/CCMPPData/50-3000-2.ccmpp
Problem name:	CCMPPData/50-3000-2
Dimension: 	50
NumScenario: 	3000
ConfidenceParameter: 	0.05
IsEqualProbability: 	1
BASE+DI: 	1
BASE+sDI: 	0
BASE+DB: 	0
BASE+DB+OPF: 	0
Dominance and Aggregation Statistics......
NumEdge:        0
NumBiEdge: 	0
NumDomIneqs: 	0
DominanceRatio: 0.0000
NumAggScenario: 3000 
BasicNumScenario: 2778 
Dominance Inequalities Statistics......
NumBasicDomIneqs: 0
NumNonReDomIneqs: 0
Duration: 0.2100 s 

original problem has 3250 variables (3000 bin, 0 int, 0 impl, 250 cont) and 7702 constraints

solve problem
=============

presolving:
(round 1, fast)       226 del vars, 189 del conss, 0 add conss, 50 chg bounds, 0 chg sides, 0 chg coeffs, 0 upgd conss, 0 impls, 0 clqs
   (0.0s) running MILP presolver
   (0.1s) MILP presolver (3 rounds): 52 aggregations, 2 fixings, 25 bound changes
(round 2, medium)     280 del vars, 189 del conss, 0 add conss, 75 chg bounds, 0 chg sides, 0 chg coeffs, 0 upgd conss, 0 impls, 0 clqs
(round 3, fast)       280 del vars, 241 del conss, 0 add conss, 75 chg bounds, 0 chg sides, 0 chg coeffs, 0 upgd conss, 0 impls, 0 clqs
(round 4, exhaustive) 280 del vars, 241 del conss, 0 add conss, 75 chg bounds, 0 chg sides, 0 chg coeffs, 7315 upgd conss, 0 impls, 0 clqs
   (0.1s) probing: 51/2778 (1.8%) - 0 fixings, 0 aggregations, 0 implications, 0 bound changes
   (0.1s) probing aborted: 50/50 successive totally useless probings
   (0.2s) symmetry computation started: requiring (bin +, int +, cont +), (fixed: bin -, int -, cont -)
   Symmetry detection interrupted: constraints of type chancecons do not provide symmetry information.
   If symmetries shall be detected, implement the CONSGETPERMSYMGRAPH callback.
   (0.2s) could not compute symmetry
presolving (5 rounds: 5 fast, 3 medium, 2 exhaustive):
 280 deleted vars, 241 deleted constraints, 0 added constraints, 75 tightened bounds, 0 added holes, 0 changed sides, 0 changed coefficients
 7315 implications, 0 cliques
presolved problem has 2970 variables (2778 bin, 0 int, 0 impl, 192 cont) and 7461 constraints
      1 constraints of type <chancecons>
   7315 constraints of type <varbound>
      1 constraints of type <knapsack>
    144 constraints of type <linear>
Presolving Time: 0.15

 time | node  | left  |LP iter|LP it/n|mem/heur|mdpt |vars |cons |rows |cuts |sepa|confs|strbr|  dualbound   | primalbound  |  gap   | compl. 
p 0.2s|     1 |     0 |   102 |     - |   locks|   0 |2970 |7461 |7460 |   0 |  0 |   0 |   0 | 0.000000e+00 | 4.225680e+05 |    Inf | unknown
p 0.2s|     1 |     0 |   215 |     - | vbounds|   0 |2970 |7461 |7460 |   0 |  0 |   0 |   0 | 0.000000e+00 | 4.218520e+05 |    Inf | unknown
  0.4s|     1 |     0 |  2170 |     - |   263M |   0 |2970 |7462 |7460 |   0 |  0 |   1 |   0 | 4.179272e+05 | 4.218520e+05 |   0.94%| unknown
  0.5s|     1 |     0 |  2329 |     - |   265M |   0 |2970 |7462 |7523 |  63 |  1 |   1 |   0 | 4.181080e+05 | 4.218520e+05 |   0.90%| unknown
  0.7s|     1 |     0 |  2637 |     - |   266M |   0 |2970 |7462 |7577 | 117 |  2 |   1 |   0 | 4.185027e+05 | 4.218520e+05 |   0.80%| unknown
  0.8s|     1 |     0 |  2911 |     - |   268M |   0 |2970 |7462 |7661 | 201 |  3 |   1 |   0 | 4.186757e+05 | 4.218520e+05 |   0.76%| unknown
  0.9s|     1 |     0 |  3114 |     - |   269M |   0 |2970 |7462 |7737 | 277 |  4 |   1 |   0 | 4.188485e+05 | 4.218520e+05 |   0.72%| unknown
  1.0s|     1 |     0 |  3348 |     - |   270M |   0 |2970 |7462 |7809 | 349 |  5 |   1 |   0 | 4.190213e+05 | 4.218520e+05 |   0.68%| unknown
  1.1s|     1 |     0 |  3599 |     - |   271M |   0 |2970 |7462 |7874 | 414 |  6 |   1 |   0 | 4.191330e+05 | 4.218520e+05 |   0.65%| unknown
  1.2s|     1 |     0 |  3880 |     - |   272M |   0 |2970 |7462 |7957 | 497 |  7 |   1 |   0 | 4.192576e+05 | 4.218520e+05 |   0.62%| unknown
  1.3s|     1 |     0 |  4119 |     - |   274M |   0 |2970 |7462 |8014 | 554 |  8 |   1 |   0 | 4.193352e+05 | 4.218520e+05 |   0.60%| unknown
  1.4s|     1 |     0 |  4424 |     - |   275M |   0 |2970 |7462 |8089 | 629 |  9 |   1 |   0 | 4.194193e+05 | 4.218520e+05 |   0.58%| unknown
  1.6s|     1 |     0 |  4692 |     - |   277M |   0 |2970 |7467 |8164 | 704 | 10 |   6 |   0 | 4.194985e+05 | 4.218520e+05 |   0.56%| unknown
  1.7s|     1 |     0 |  4979 |     - |   278M |   0 |2970 |7467 |8221 | 761 | 11 |   6 |   0 | 4.195624e+05 | 4.218520e+05 |   0.55%| unknown
  1.8s|     1 |     0 |  5285 |     - |   280M |   0 |2970 |7467 |8291 | 831 | 12 |   6 |   0 | 4.196238e+05 | 4.218520e+05 |   0.53%| unknown
 time | node  | left  |LP iter|LP it/n|mem/heur|mdpt |vars |cons |rows |cuts |sepa|confs|strbr|  dualbound   | primalbound  |  gap   | compl. 
  1.9s|     1 |     0 |  5598 |     - |   282M |   0 |2970 |7467 |8356 | 896 | 13 |   6 |   0 | 4.196744e+05 | 4.218520e+05 |   0.52%| unknown
  2.0s|     1 |     0 |  5935 |     - |   284M |   0 |2970 |7472 |8397 | 972 | 14 |  11 |   0 | 4.197174e+05 | 4.218520e+05 |   0.51%| unknown
  2.2s|     1 |     0 |  6276 |     - |   285M |   0 |2970 |7472 |8450 |1025 | 15 |  11 |   0 | 4.197606e+05 | 4.218520e+05 |   0.50%| unknown
  2.4s|     1 |     0 |  6705 |     - |   286M |   0 |2970 |7472 |8499 |1074 | 16 |  11 |   0 | 4.198221e+05 | 4.218520e+05 |   0.48%| unknown
  2.5s|     1 |     0 |  7129 |     - |   288M |   0 |2970 |7472 |8584 |1159 | 17 |  11 |   0 | 4.198599e+05 | 4.218520e+05 |   0.47%| unknown
  2.7s|     1 |     0 |  7599 |     - |   289M |   0 |2970 |7472 |8654 |1229 | 18 |  11 |   0 | 4.199002e+05 | 4.218520e+05 |   0.46%| unknown
  2.9s|     1 |     0 |  8154 |     - |   290M |   0 |2970 |7472 |8723 |1298 | 19 |  11 |   0 | 4.199469e+05 | 4.218520e+05 |   0.45%| unknown
  3.1s|     1 |     0 |  8693 |     - |   292M |   0 |2970 |7472 |8620 |1361 | 20 |  11 |   0 | 4.199823e+05 | 4.218520e+05 |   0.45%| unknown
  3.3s|     1 |     0 |  9240 |     - |   293M |   0 |2970 |7472 |8678 |1419 | 21 |  11 |   0 | 4.200061e+05 | 4.218520e+05 |   0.44%| unknown
  3.6s|     1 |     0 |  9861 |     - |   293M |   0 |2970 |7472 |8744 |1485 | 22 |  11 |   0 | 4.200305e+05 | 4.218520e+05 |   0.43%| unknown
  3.8s|     1 |     0 | 10469 |     - |   293M |   0 |2970 |7472 |8816 |1557 | 23 |  11 |   0 | 4.200574e+05 | 4.218520e+05 |   0.43%| unknown
  4.1s|     1 |     0 | 11322 |     - |   294M |   0 |2970 |7472 |8889 |1630 | 24 |  11 |   0 | 4.200893e+05 | 4.218520e+05 |   0.42%| unknown
  4.4s|     1 |     0 | 12043 |     - |   294M |   0 |2970 |7472 |8941 |1682 | 25 |  11 |   0 | 4.201090e+05 | 4.218520e+05 |   0.41%| unknown
  4.7s|     1 |     0 | 12726 |     - |   294M |   0 |2970 |7472 |8819 |1741 | 26 |  11 |   0 | 4.201291e+05 | 4.218520e+05 |   0.41%| unknown
  4.9s|     1 |     0 | 13364 |     - |   295M |   0 |2970 |7472 |8883 |1805 | 27 |  11 |   0 | 4.201518e+05 | 4.218520e+05 |   0.40%| unknown
 time | node  | left  |LP iter|LP it/n|mem/heur|mdpt |vars |cons |rows |cuts |sepa|confs|strbr|  dualbound   | primalbound  |  gap   | compl. 
  5.2s|     1 |     0 | 13905 |     - |   296M |   0 |2970 |7472 |8941 |1863 | 28 |  11 |   0 | 4.201718e+05 | 4.218520e+05 |   0.40%| unknown
  5.5s|     1 |     0 | 14679 |     - |   296M |   0 |2970 |7472 |8998 |1920 | 29 |  11 |   0 | 4.202002e+05 | 4.218520e+05 |   0.39%| unknown
o 6.0s|     1 |     0 | 17681 |     - |feaspump|   0 |2970 |7472 |8998 |1920 | 29 |  11 |   0 | 4.202002e+05 | 4.213740e+05 |   0.28%| unknown
L 8.5s|     1 |     0 | 19313 |     - |    rens|   0 |2970 |7472 |8998 |1920 | 29 | 143 |   0 | 4.202002e+05 | 4.208947e+05 |   0.17%| unknown
  8.6s|     1 |     0 | 19313 |     - |   298M |   0 |2970 |7472 |8998 |1920 | 29 | 143 |   0 | 4.202002e+05 | 4.208947e+05 |   0.17%| unknown
  8.9s|     1 |     0 | 20017 |     - |   298M |   0 |2970 |7472 |9059 |1981 | 30 | 143 |   0 | 4.202234e+05 | 4.208947e+05 |   0.16%| unknown
  9.0s|     1 |     0 | 20298 |     - |   298M |   0 |2970 |7472 |8894 |2028 | 31 | 143 |   0 | 4.202285e+05 | 4.208947e+05 |   0.16%| unknown
 13.7s|     1 |     2 | 20298 |     - |   298M |   0 |2970 |7471 |8894 |2028 | 31 | 143 |  26 | 4.202333e+05 | 4.208947e+05 |   0.16%| unknown
L50.2s|   100 |    21 | 44769 | 297.1 |    alns|  20 |2970 |7493 |8363 |2960 |  0 | 214 | 515 | 4.202391e+05 | 4.207659e+05 |   0.13%|   0.57%
L50.2s|   100 |    20 | 44769 | 297.1 |    alns|  20 |2970 |7493 |8363 |2960 |  0 | 214 | 515 | 4.202391e+05 | 4.207154e+05 |   0.11%|   0.59%
L50.2s|   100 |    20 | 44769 | 297.1 |    alns|  20 |2970 |7493 |8363 |2960 |  0 | 214 | 515 | 4.202391e+05 | 4.207079e+05 |   0.11%|   0.59%
 61.4s|   200 |    62 | 72805 | 288.7 |   303M |  22 |2970 |7507 |8311 |4114 |  1 | 239 | 569 | 4.202464e+05 | 4.207079e+05 |   0.11%|   1.81%
L67.5s|   300 |    86 | 91174 | 253.6 |    rins|  66 |2970 |7510 |8543 |4730 |  1 | 250 | 627 | 4.202464e+05 | 4.206203e+05 |   0.09%|   2.08%
 74.3s|   400 |    80 |108323 | 233.0 |   305M |  70 |2970 |7525 |8552 |5253 |  2 | 269 | 702 | 4.202496e+05 | 4.206203e+05 |   0.09%|   6.43%
L84.0s|   500 |    98 |133395 | 236.6 |crossove|  70 |2970 |7540 |8585 |6040 |  2 | 296 | 834 | 4.202569e+05 | 4.206109e+05 |   0.08%|   9.80%
 time | node  | left  |LP iter|LP it/n|mem/heur|mdpt |vars |cons |rows |cuts |sepa|confs|strbr|  dualbound   | primalbound  |  gap   | compl. 
 92.9s|   600 |   118 |161244 | 243.6 |   311M |  70 |2970 |7537 |8537 |6817 |  0 | 309 | 875 | 4.202672e+05 | 4.206109e+05 |   0.08%|  10.90%
 98.5s|   700 |   124 |176064 | 229.9 |   312M |  70 |2970 |7525 |8590 |7226 |  0 | 316 | 928 | 4.202672e+05 | 4.206109e+05 |   0.08%|  11.63%
L 102s|   749 |   116 |184270 | 225.8 |    rins|  70 |2970 |7519 |8606 |7464 |  2 | 320 | 959 | 4.202672e+05 | 4.206037e+05 |   0.08%|  12.69%
  106s|   800 |   121 |194675 | 224.4 |   316M |  70 |2970 |7526 |8664 |7773 |  2 | 334 | 989 | 4.202679e+05 | 4.206037e+05 |   0.08%|  13.16%
  118s|   900 |   155 |225486 | 233.7 |   319M |  70 |2970 |7529 |8542 |8884 |  2 | 357 |1072 | 4.202744e+05 | 4.206037e+05 |   0.08%|  13.90%
L 122s|   949 |   150 |234482 | 231.1 |crossove|  70 |2970 |7540 |8407 |9108 |  0 | 371 |1104 | 4.202774e+05 | 4.205962e+05 |   0.08%|  14.34%
  128s|  1000 |   171 |249434 | 234.3 |   320M |  70 |2970 |7537 |8600 |9544 |  1 | 376 |1136 | 4.202817e+05 | 4.205962e+05 |   0.07%|  14.43%
  139s|  1100 |   187 |279150 | 240.0 |   320M |  70 |2970 |7529 |8570 |  10k|  0 | 390 |1193 | 4.202826e+05 | 4.205962e+05 |   0.07%|  15.03%
  147s|  1200 |   193 |300273 | 237.6 |   322M |  70 |2970 |7534 |8638 |  11k|  1 | 414 |1251 | 4.202826e+05 | 4.205962e+05 |   0.07%|  15.35%
Restart triggered after 50 consecutive estimations that the remaining tree will be large
(run 1, node 1223) performing user restart

(restart) converted 492 cuts from the global cut pool into linear constraints

presolving:
(round 1, fast)       0 del vars, 1 del conss, 0 add conss, 48 chg bounds, 0 chg sides, 0 chg coeffs, 0 upgd conss, 7315 impls, 0 clqs
(round 2, fast)       0 del vars, 1 del conss, 0 add conss, 74 chg bounds, 0 chg sides, 0 chg coeffs, 0 upgd conss, 7315 impls, 0 clqs
presolving (3 rounds: 3 fast, 1 medium, 1 exhaustive):
 0 deleted vars, 1 deleted constraints, 0 added constraints, 85 tightened bounds, 0 added holes, 0 changed sides, 0 changed coefficients
 7315 implications, 0 cliques
presolved problem has 2970 variables (2778 bin, 0 int, 0 impl, 192 cont) and 8025 constraints
      1 constraints of type <chancecons>
   7315 constraints of type <varbound>
      1 constraints of type <knapsack>
    634 constraints of type <linear>
     74 constraints of type <bounddisjunction>
Presolving Time: 0.20
transformed 16/16 original solutions to the transformed problem space

 time | node  | left  |LP iter|LP it/n|mem/heur|mdpt |vars |cons |rows |cuts |sepa|confs|strbr|  dualbound   | primalbound  |  gap   | compl. 
  154s|     1 |     0 |319511 |     - |   322M |   0 |2970 |8025 |7949 |   0 |  0 | 422 |1288 | 4.202839e+05 | 4.205962e+05 |   0.07%| unknown
  154s|     1 |     0 |319812 |     - |   322M |   0 |2970 |8025 |7992 |  43 |  1 | 422 |1288 | 4.202839e+05 | 4.205962e+05 |   0.07%| unknown
  154s|     1 |     0 |320123 |     - |   323M |   0 |2970 |8025 |8064 | 115 |  2 | 422 |1288 | 4.202839e+05 | 4.205962e+05 |   0.07%| unknown
  154s|     1 |     0 |320523 |     - |   324M |   0 |2970 |8025 |8118 | 169 |  3 | 422 |1288 | 4.202839e+05 | 4.205962e+05 |   0.07%| unknown
  154s|     1 |     0 |320886 |     - |   325M |   0 |2970 |8025 |8177 | 228 |  4 | 422 |1288 | 4.202839e+05 | 4.205962e+05 |   0.07%| unknown
  154s|     1 |     0 |321354 |     - |   326M |   0 |2970 |8025 |8233 | 284 |  5 | 422 |1288 | 4.202839e+05 | 4.205962e+05 |   0.07%| unknown
  154s|     1 |     0 |321831 |     - |   327M |   0 |2970 |8025 |8293 | 344 |  6 | 422 |1288 | 4.202839e+05 | 4.205962e+05 |   0.07%| unknown
  155s|     1 |     0 |322407 |     - |   329M |   0 |2970 |8025 |8347 | 398 |  7 | 422 |1288 | 4.202839e+05 | 4.205962e+05 |   0.07%| unknown
  155s|     1 |     0 |323143 |     - |   330M |   0 |2970 |8025 |8407 | 458 |  8 | 422 |1288 | 4.202839e+05 | 4.205962e+05 |   0.07%| unknown
  155s|     1 |     0 |323777 |     - |   331M |   0 |2970 |8025 |8465 | 516 |  9 | 422 |1288 | 4.202839e+05 | 4.205962e+05 |   0.07%| unknown
  155s|     1 |     0 |324498 |     - |   332M |   0 |2970 |8025 |8528 | 579 | 10 | 422 |1288 | 4.202839e+05 | 4.205962e+05 |   0.07%| unknown
  156s|     1 |     0 |325380 |     - |   333M |   0 |2970 |8025 |8591 | 642 | 11 | 422 |1288 | 4.202839e+05 | 4.205962e+05 |   0.07%| unknown
  156s|     1 |     0 |326144 |     - |   333M |   0 |2970 |8025 |8566 | 696 | 12 | 422 |1288 | 4.202839e+05 | 4.205962e+05 |   0.07%| unknown
  156s|     1 |     0 |326997 |     - |   334M |   0 |2970 |8025 |8615 | 745 | 13 | 422 |1288 | 4.202839e+05 | 4.205962e+05 |   0.07%| unknown
  157s|     1 |     0 |328035 |     - |   336M |   0 |2970 |8025 |8664 | 794 | 14 | 422 |1288 | 4.202839e+05 | 4.205962e+05 |   0.07%| unknown
 time | node  | left  |LP iter|LP it/n|mem/heur|mdpt |vars |cons |rows |cuts |sepa|confs|strbr|  dualbound   | primalbound  |  gap   | compl. 
  157s|     1 |     0 |328982 |     - |   337M |   0 |2970 |8025 |8721 | 851 | 15 | 422 |1288 | 4.202839e+05 | 4.205962e+05 |   0.07%| unknown
  157s|     1 |     0 |330020 |     - |   338M |   0 |2970 |8025 |8776 | 906 | 16 | 422 |1288 | 4.202839e+05 | 4.205962e+05 |   0.07%| unknown
  158s|     1 |     0 |331064 |     - |   340M |   0 |2970 |8025 |8828 | 958 | 17 | 422 |1288 | 4.202839e+05 | 4.205962e+05 |   0.07%| unknown
  158s|     1 |     0 |332105 |     - |   341M |   0 |2970 |8025 |8729 |1003 | 18 | 422 |1288 | 4.202839e+05 | 4.205962e+05 |   0.07%| unknown
  163s|     1 |     2 |334829 |     - |   341M |   0 |2970 |8026 |8729 |1003 | 18 | 429 |1302 | 4.202839e+05 | 4.205962e+05 |   0.07%| unknown
  173s|   100 |    57 |357446 | 244.0 |   343M |  50 |2970 |8027 |8432 |1511 |  1 | 434 |1362 | 4.202839e+05 | 4.205962e+05 |   0.07%| unknown
  181s|   200 |    75 |382712 | 244.6 |   351M |  50 |2970 |8026 |8444 |1796 |  2 | 452 |1415 | 4.202839e+05 | 4.205962e+05 |   0.07%|   1.15%
  188s|   300 |    85 |400063 | 239.9 |   352M |  50 |2970 |8006 |8347 |2035 |  0 | 461 |1445 | 4.202839e+05 | 4.205962e+05 |   0.07%|   1.17%
  197s|   400 |   121 |421454 | 238.3 |   357M |  50 |2970 |8014 |8450 |2659 |  2 | 486 |1514 | 4.202839e+05 | 4.205962e+05 |   0.07%|   1.18%
  203s|   500 |   141 |436723 | 233.4 |   358M |  60 |2970 |8015 |8501 |3078 |  0 | 494 |1555 | 4.202839e+05 | 4.205962e+05 |   0.07%|   1.39%
  217s|   600 |   141 |475838 | 242.0 |   365M |  60 |2970 |8041 |8634 |4089 |  0 | 532 |1649 | 4.202839e+05 | 4.205962e+05 |   0.07%|   1.42%
  230s|   700 |   155 |509234 | 246.8 |   368M |  60 |2970 |8057 |8425 |4713 |  0 | 568 |1752 | 4.202839e+05 | 4.205962e+05 |   0.07%|   1.74%
  241s|   800 |   169 |536180 | 247.9 |   371M |  60 |2970 |8072 |8437 |5229 |  2 | 603 |1851 | 4.202839e+05 | 4.205962e+05 |   0.07%|   1.83%
  254s|   900 |   181 |570762 | 252.5 |   375M |  60 |2970 |8074 |8493 |5954 |  1 | 627 |1925 | 4.202839e+05 | 4.205962e+05 |   0.07%|   1.85%
  266s|  1000 |   187 |601443 | 255.0 |   377M |  60 |2970 |8084 |8460 |6434 |  0 | 689 |2041 | 4.202839e+05 | 4.205962e+05 |   0.07%|   1.85%
 time | node  | left  |LP iter|LP it/n|mem/heur|mdpt |vars |cons |rows |cuts |sepa|confs|strbr|  dualbound   | primalbound  |  gap   | compl. 
  279s|  1100 |   207 |633890 | 258.0 |   378M |  60 |2970 |8088 |8542 |7074 |  0 | 707 |2106 | 4.202839e+05 | 4.205962e+05 |   0.07%|   1.86%
  293s|  1200 |   251 |671716 | 262.9 |   382M |  60 |2970 |8065 |8452 |7827 |  1 | 723 |2172 | 4.202859e+05 | 4.205962e+05 |   0.07%|   5.22%
  302s|  1300 |   273 |694965 | 261.7 |   383M |  60 |2970 |8077 |8479 |8157 |  0 | 771 |2258 | 4.202868e+05 | 4.205962e+05 |   0.07%|   5.31%
  313s|  1400 |   283 |725806 | 263.5 |   384M |  60 |2970 |8078 |8485 |8553 |  2 | 801 |2330 | 4.202930e+05 | 4.205962e+05 |   0.07%|   6.49%
  324s|  1500 |   305 |760396 | 266.5 |   386M |  60 |2970 |8103 |8496 |8878 |  3 | 847 |2387 | 4.202947e+05 | 4.205962e+05 |   0.07%|   6.73%
  335s|  1600 |   309 |791100 | 268.0 |   387M |  60 |2970 |8119 |8675 |9372 |  0 | 908 |2495 | 4.202973e+05 | 4.205962e+05 |   0.07%|   7.80%
  342s|  1700 |   327 |808841 | 264.9 |   390M |  60 |2970 |8097 |8482 |9720 |  1 | 940 |2558 | 4.202979e+05 | 4.205962e+05 |   0.07%|   7.86%
  352s|  1800 |   343 |840041 | 266.4 |   392M |  60 |2970 |8141 |8501 |  10k|  3 |1005 |2603 | 4.202983e+05 | 4.205962e+05 |   0.07%|   7.90%
  361s|  1900 |   347 |862554 | 265.1 |   394M |  60 |2970 |8175 |8543 |  11k|  0 |1052 |2645 | 4.202995e+05 | 4.205962e+05 |   0.07%|   8.02%
  371s|  2000 |   369 |889988 | 265.4 |   395M |  60 |2970 |8206 |8528 |  11k|  2 |1139 |2726 | 4.203002e+05 | 4.205962e+05 |   0.07%|   8.11%
  382s|  2100 |   391 |919018 | 266.1 |   397M |  60 |2970 |8168 |8557 |  11k|  2 |1189 |2788 | 4.203026e+05 | 4.205962e+05 |   0.07%|   8.35%
  397s|  2200 |   419 |965459 | 271.9 |   399M |  60 |2970 |8136 |8482 |  12k|  1 |1205 |2867 | 4.203038e+05 | 4.205962e+05 |   0.07%|   9.67%
  404s|  2300 |   417 |982044 | 268.9 |   399M |  60 |2970 |8156 |8480 |  12k|  0 |1261 |2918 | 4.203038e+05 | 4.205962e+05 |   0.07%|   9.67%
  408s|  2400 |   429 |993101 | 264.6 |   402M |  60 |2970 |8194 |8540 |  12k|  0 |1311 |3020 | 4.203055e+05 | 4.205962e+05 |   0.07%|   9.87%
  416s|  2500 |   437 |  1015k| 263.4 |   410M |  60 |2970 |8193 |8487 |  13k|  3 |1348 |3142 | 4.203059e+05 | 4.205962e+05 |   0.07%|   9.91%
 time | node  | left  |LP iter|LP it/n|mem/heur|mdpt |vars |cons |rows |cuts |sepa|confs|strbr|  dualbound   | primalbound  |  gap   | compl. 
  425s|  2600 |   445 |  1039k| 262.7 |   415M |  60 |2970 |8179 |8469 |  13k|  1 |1391 |3251 | 4.203073e+05 | 4.205962e+05 |   0.07%|  10.06%
  433s|  2700 |   449 |  1060k| 261.4 |   416M |  60 |2970 |8183 |8526 |  14k|  0 |1424 |3335 | 4.203076e+05 | 4.205962e+05 |   0.07%|  10.11%
  446s|  2800 |   475 |  1097k| 264.3 |   417M |  60 |2970 |8175 |8718 |  15k|  2 |1443 |3437 | 4.203085e+05 | 4.205962e+05 |   0.07%|  10.22%
  460s|  2900 |   505 |  1133k| 266.5 |   420M |  60 |2970 |8215 |8608 |  16k|  1 |1515 |3529 | 4.203119e+05 | 4.205962e+05 |   0.07%|  11.30%
* 461s|  2938 |   521 |  1137k| 265.1 |    LP  |  60 |2970 |8219 |8652 |  16k|  2 |1524 |3536 | 4.203119e+05 | 4.205927e+05 |   0.07%|  11.30%
  467s|  3000 |   535 |  1152k| 264.7 |   427M |  60 |2970 |8257 |8648 |  16k|  2 |1597 |3596 | 4.203136e+05 | 4.205927e+05 |   0.07%|  11.57%
  470s|  3100 |   555 |  1158k| 260.0 |   431M |  83 |2970 |8259 |8695 |  16k|  1 |1613 |3618 | 4.203136e+05 | 4.205927e+05 |   0.07%|  11.57%
* 470s|  3130 |   565 |  1161k| 258.8 |    LP  |  83 |2970 |8262 |8736 |  16k|  2 |1625 |3620 | 4.203136e+05 | 4.205927e+05 |   0.07%|  11.57%
  472s|  3200 |   585 |  1167k| 256.2 |   431M |  92 |2970 |8271 |8739 |  16k|  1 |1650 |3643 | 4.203140e+05 | 4.205927e+05 |   0.07%|  11.59%
  475s|  3300 |   607 |  1178k| 252.8 |   432M | 122 |2970 |8288 |8744 |  17k|  0 |1687 |3673 | 4.203147e+05 | 4.205927e+05 |   0.07%|  11.78%
* 476s|  3327 |   614 |  1179k| 251.7 |    LP  | 122 |2970 |8291 |8730 |  17k|  2 |1691 |3677 | 4.203147e+05 | 4.205927e+05 |   0.07%|  11.78%
  477s|  3400 |   625 |  1183k| 248.5 |   433M | 122 |2970 |8325 |   0 |  17k|  0 |1738 |3702 | 4.203147e+05 | 4.205927e+05 |   0.07%|  11.86%
  483s|  3500 |   619 |  1193k| 245.3 |   434M | 122 |2970 |8315 |8733 |  17k|  0 |1756 |3813 | 4.203151e+05 | 4.205927e+05 |   0.07%|  12.17%
L 484s|  3527 |   424 |  1194k| 244.3 |crossove| 122 |2970 |8314 |8729 |  17k|  2 |1756 |3836 | 4.203151e+05 | 4.205412e+05 |   0.05%|  14.26%
  489s|  3600 |   413 |  1212k| 244.3 |   434M | 122 |2970 |8283 |8494 |  17k|  0 |1761 |3840 | 4.203151e+05 | 4.205412e+05 |   0.05%|  15.46%
 time | node  | left  |LP iter|LP it/n|mem/heur|mdpt |vars |cons |rows |cuts |sepa|confs|strbr|  dualbound   | primalbound  |  gap   | compl. 
  503s|  3700 |   423 |  1254k| 247.9 |   435M | 122 |2970 |8222 |8476 |  18k|  0 |1766 |3901 | 4.203185e+05 | 4.205412e+05 |   0.05%|  16.33%
  515s|  3800 |   425 |  1288k| 249.5 |   436M | 122 |2970 |8168 |8610 |  18k|  1 |1768 |3981 | 4.203201e+05 | 4.205412e+05 |   0.05%|  18.19%
  525s|  3900 |   429 |  1319k| 250.8 |   437M | 122 |2970 |8141 |8552 |  19k|  1 |1776 |4041 | 4.203203e+05 | 4.205412e+05 |   0.05%|  19.10%
  538s|  4000 |   437 |  1358k| 253.5 |   437M | 122 |2970 |8098 |8369 |  20k|  0 |1785 |4103 | 4.203208e+05 | 4.205412e+05 |   0.05%|  20.31%
  550s|  4100 |   453 |  1395k| 255.6 |   438M | 122 |2970 |8084 |8592 |  20k|  0 |1792 |4149 | 4.203226e+05 | 4.205412e+05 |   0.05%|  21.21%
  566s|  4200 |   471 |  1437k| 258.8 |   438M | 122 |2970 |8084 |8402 |  21k|  1 |1805 |4223 | 4.203240e+05 | 4.205412e+05 |   0.05%|  21.76%
  577s|  4300 |   483 |  1479k| 261.6 |   439M | 122 |2970 |8081 |8658 |  21k|  0 |1812 |4242 | 4.203254e+05 | 4.205412e+05 |   0.05%|  22.13%
  593s|  4400 |   481 |  1526k| 265.2 |   440M | 122 |2970 |8072 |8456 |  22k|  1 |1821 |4289 | 4.203272e+05 | 4.205412e+05 |   0.05%|  22.77%
  605s|  4500 |   475 |  1569k| 268.1 |   441M | 122 |2970 |8075 |8656 |  23k|  0 |1828 |4301 | 4.203276e+05 | 4.205412e+05 |   0.05%|  24.16%
  620s|  4600 |   493 |  1619k| 272.1 |   443M | 122 |2970 |8080 |8742 |  24k|  1 |1836 |4323 | 4.203284e+05 | 4.205412e+05 |   0.05%|  24.83%
  634s|  4700 |   493 |  1664k| 275.2 |   444M | 122 |2970 |8076 |8774 |  24k|  0 |1836 |4342 | 4.203299e+05 | 4.205412e+05 |   0.05%|  26.09%
  645s|  4800 |   487 |  1703k| 277.2 |   444M | 122 |2970 |8076 |8823 |  25k|  0 |1839 |4344 | 4.203300e+05 | 4.205412e+05 |   0.05%|  26.49%
  655s|  4900 |   501 |  1741k| 278.8 |   445M | 122 |2970 |8074 |8686 |  25k|  1 |1843 |4350 | 4.203328e+05 | 4.205412e+05 |   0.05%|  27.08%
  666s|  5000 |   499 |  1779k| 280.4 |   446M | 122 |2970 |8087 |8597 |  26k|  1 |1869 |4383 | 4.203338e+05 | 4.205412e+05 |   0.05%|  28.54%
  681s|  5100 |   501 |  1817k| 281.9 |   447M | 122 |2970 |8088 |8786 |  26k|  1 |1883 |4435 | 4.203345e+05 | 4.205412e+05 |   0.05%|  28.74%
 time | node  | left  |LP iter|LP it/n|mem/heur|mdpt |vars |cons |rows |cuts |sepa|confs|strbr|  dualbound   | primalbound  |  gap   | compl. 
  699s|  5200 |   499 |  1865k| 285.0 |   448M | 122 |2970 |8089 |8636 |  27k|  1 |1892 |4496 | 4.203364e+05 | 4.205412e+05 |   0.05%|  29.86%
  716s|  5300 |   505 |  1909k| 287.5 |   449M | 122 |2970 |8112 |8666 |  27k|  1 |1922 |4588 | 4.203377e+05 | 4.205412e+05 |   0.05%|  31.43%
  730s|  5400 |   511 |  1946k| 288.7 |   449M | 122 |2970 |8109 |8716 |  28k|  1 |1931 |4630 | 4.203382e+05 | 4.205412e+05 |   0.05%|  31.98%
  741s|  5500 |   519 |  1974k| 288.5 |   451M | 122 |2970 |8101 |8767 |  28k|  0 |1936 |4670 | 4.203398e+05 | 4.205412e+05 |   0.05%|  32.24%
  755s|  5600 |   515 |  2007k| 289.2 |   452M | 122 |2970 |8100 |8550 |  29k|  0 |1944 |4732 | 4.203405e+05 | 4.205412e+05 |   0.05%|  32.58%
  777s|  5700 |   505 |  2064k| 293.2 |   454M | 122 |2970 |8113 |8981 |  29k|  0 |1969 |4807 | 4.203410e+05 | 4.205412e+05 |   0.05%|  33.48%
  801s|  5800 |   509 |  2126k| 297.9 |   455M | 122 |2970 |8117 |8627 |  30k|  0 |1986 |4893 | 4.203437e+05 | 4.205412e+05 |   0.05%|  35.31%
  820s|  5900 |   505 |  2173k| 300.3 |   456M | 122 |2970 |8113 |8739 |  30k|  3 |1993 |4965 | 4.203465e+05 | 4.205412e+05 |   0.05%|  36.62%
  837s|  6000 |   505 |  2215k| 302.0 |   457M | 122 |2970 |8110 |8770 |  31k|  3 |1998 |5019 | 4.203474e+05 | 4.205412e+05 |   0.05%|  37.25%
  858s|  6100 |   501 |  2272k| 305.6 |   458M | 122 |2970 |8104 |8631 |  31k|  1 |2005 |5070 | 4.203490e+05 | 4.205412e+05 |   0.05%|  38.17%
* 870s|  6158 |   491 |  2309k| 308.2 |    LP  | 122 |2970 |8108 |8709 |  32k|  2 |2014 |5089 | 4.203523e+05 | 4.205412e+05 |   0.04%|  38.98%
  878s|  6200 |   503 |  2330k| 309.2 |   459M | 122 |2970 |8106 |8765 |  32k|  2 |2018 |5116 | 4.203537e+05 | 4.205412e+05 |   0.04%|  39.28%
  897s|  6300 |   501 |  2376k| 311.3 |   460M | 122 |2970 |8115 |8916 |  32k|  0 |2031 |5196 | 4.203555e+05 | 4.205412e+05 |   0.04%|  39.99%
  916s|  6400 |   489 |  2433k| 314.7 |   460M | 122 |2970 |8118 |8540 |  33k|  5 |2039 |5232 | 4.203572e+05 | 4.205412e+05 |   0.04%|  41.85%
  935s|  6500 |   477 |  2494k| 318.5 |   461M | 122 |2970 |8117 |9174 |  34k|  0 |2045 |5265 | 4.203597e+05 | 4.205412e+05 |   0.04%|  43.61%
 time | node  | left  |LP iter|LP it/n|mem/heur|mdpt |vars |cons |rows |cuts |sepa|confs|strbr|  dualbound   | primalbound  |  gap   | compl. 
  953s|  6600 |   469 |  2549k| 321.4 |   462M | 122 |2970 |8118 |8528 |  34k|  1 |2053 |5289 | 4.203629e+05 | 4.205412e+05 |   0.04%|  46.44%
  976s|  6700 |   459 |  2622k| 326.7 |   472M | 122 |2970 |8103 |8652 |  35k|  0 |2068 |5317 | 4.203636e+05 | 4.205412e+05 |   0.04%|  48.75%
  993s|  6800 |   449 |  2674k| 329.1 |   475M | 122 |2970 |8104 |8801 |  36k|  0 |2079 |5345 | 4.203655e+05 | 4.205412e+05 |   0.04%|  50.48%
 1014s|  6900 |   407 |  2743k| 333.5 |   477M | 122 |2970 |8099 |9342 |  36k|  0 |2086 |5350 | 4.203685e+05 | 4.205412e+05 |   0.04%|  54.89%
 1040s|  7000 |   387 |  2814k| 338.1 |   478M | 122 |2970 |8102 |8689 |  36k|  1 |2099 |5385 | 4.203733e+05 | 4.205412e+05 |   0.04%|  59.68%
 1056s|  7100 |   393 |  2864k| 340.0 |   478M | 122 |2970 |8121 |8660 |  37k|  2 |2123 |5419 | 4.203735e+05 | 4.205412e+05 |   0.04%|  60.31%
 1072s|  7200 |   381 |  2910k| 341.4 |   479M | 122 |2970 |8125 |8598 |  37k|  2 |2132 |5441 | 4.203752e+05 | 4.205412e+05 |   0.04%|  61.33%
 1097s|  7300 |   341 |  2987k| 346.4 |   480M | 122 |2970 |8121 |8712 |  37k|  0 |2134 |5453 | 4.203765e+05 | 4.205412e+05 |   0.04%|  65.03%
 1121s|  7400 |   303 |  3049k| 349.6 |   491M | 122 |2970 |8113 |9071 |  38k|  0 |2143 |5495 | 4.203806e+05 | 4.205412e+05 |   0.04%|  70.88%
 1147s|  7500 |   229 |  3119k| 353.6 |   493M | 122 |2970 |8110 |8829 |  38k|  1 |2160 |5529 | 4.203861e+05 | 4.205412e+05 |   0.04%|  77.52%
 1176s|  7600 |   165 |  3190k| 357.7 |   494M | 122 |2970 |8130 |  10k|  38k|  0 |2225 |5628 | 4.203963e+05 | 4.205412e+05 |   0.03%|  83.29%
 1196s|  7700 |    71 |  3244k| 359.8 |   495M | 122 |2970 |8117 |  10k|  38k|  0 |2310 |5634 | 4.204214e+05 | 4.205412e+05 |   0.03%|  94.37%

SCIP Status        : problem is solved [optimal solution found]
Solving Time (sec) : 1207.93
Solving Nodes      : 7765 (total of 8988 nodes in 2 runs)
Primal Bound       : +4.20541180500000e+05 (38 solutions)
Dual Bound         : +4.20541180500000e+05
Gap                : 0.00 %

primal solution (original space):
=================================

objective value:                          420541.1805
z#47                                                1 	(obj:0)
z#50                                                1 	(obj:0)
z#67                                                1 	(obj:0)
z#134                               0.999999999999926 	(obj:0)
z#135                                               1 	(obj:0)
z#230                                               1 	(obj:0)
z#285                                               1 	(obj:0)
z#298                                               1 	(obj:0)
z#301                               0.999999999999866 	(obj:0)
z#303                                1.00000000000044 	(obj:0)
z#325                               0.999999999999688 	(obj:0)
z#326                                               1 	(obj:0)
z#327                               0.999999999997388 	(obj:0)
z#429                                               1 	(obj:0)
z#453                                               1 	(obj:0)
z#462                                               1 	(obj:0)
z#471                                               1 	(obj:0)
z#487                                1.00000000000204 	(obj:0)
z#492                                               1 	(obj:0)
z#529                                               1 	(obj:0)
z#545                                               1 	(obj:0)
z#554                               0.999999999999526 	(obj:0)
z#563                                0.99999999999793 	(obj:0)
z#569                                1.00000000000573 	(obj:0)
z#574                               0.999999999999985 	(obj:0)
z#602                                1.00000000000113 	(obj:0)
z#609                                1.00000000000033 	(obj:0)
z#623                                1.00000000000156 	(obj:0)
z#687                                1.00000000000139 	(obj:0)
z#695                                               1 	(obj:0)
z#736                                               1 	(obj:0)
z#760                               0.999999999998392 	(obj:0)
z#778                                               1 	(obj:0)
z#809                                               1 	(obj:0)
z#821                               0.999999999995907 	(obj:0)
z#857                                               1 	(obj:0)
z#870                               0.999999999999706 	(obj:0)
z#881                                1.00000000000081 	(obj:0)
z#892                                               1 	(obj:0)
z#923                                               1 	(obj:0)
z#933                                               1 	(obj:0)
z#997                               0.999999999996224 	(obj:0)
z#1012                                              1 	(obj:0)
z#1018                                1.0000000000001 	(obj:0)
z#1047                                              1 	(obj:0)
z#1051                              0.999999999998509 	(obj:0)
z#1074                                              1 	(obj:0)
z#1135                                              1 	(obj:0)
z#1144                              0.999999999999461 	(obj:0)
z#1165                              0.999999999998512 	(obj:0)
z#1167                              0.999999999999772 	(obj:0)
z#1171                                              1 	(obj:0)
z#1177                              0.999999999999981 	(obj:0)
z#1228                                              1 	(obj:0)
z#1233                              0.999999999998067 	(obj:0)
z#1262                              0.999999999998728 	(obj:0)
z#1265                                1.0000000000001 	(obj:0)
z#1294                                              1 	(obj:0)
z#1305                               1.00000000000008 	(obj:0)
z#1319                                              1 	(obj:0)
z#1328                                              1 	(obj:0)
z#1355                                              1 	(obj:0)
z#1366                                              1 	(obj:0)
z#1402                              0.999999999999877 	(obj:0)
z#1419                                              1 	(obj:0)
z#1427                                              1 	(obj:0)
z#1445                              0.999999999999347 	(obj:0)
z#1458                                              1 	(obj:0)
z#1469                               0.99999999999987 	(obj:0)
z#1480                              0.999999999998416 	(obj:0)
z#1496                                              1 	(obj:0)
z#1505                              0.999999999999939 	(obj:0)
z#1518                                              1 	(obj:0)
z#1522                               1.00000000000079 	(obj:0)
z#1549                                              1 	(obj:0)
z#1573                                              1 	(obj:0)
z#1594                               1.00000000000061 	(obj:0)
z#1597                                              1 	(obj:0)
z#1607                                              1 	(obj:0)
z#1609                              0.999999999999575 	(obj:0)
z#1615                              0.999999999998014 	(obj:0)
z#1639                                1.0000000000004 	(obj:0)
z#1693                              0.999999999994766 	(obj:0)
z#1714                              0.999999999999688 	(obj:0)
z#1731                              0.999999999998022 	(obj:0)
z#1733                                              1 	(obj:0)
z#1736                                              1 	(obj:0)
z#1811                               1.00000000000101 	(obj:0)
z#1834                                              1 	(obj:0)
z#1855                                              1 	(obj:0)
z#1879                                              1 	(obj:0)
z#1973                                              1 	(obj:0)
z#1983                              0.999999999999915 	(obj:0)
z#2016                              0.999999999999986 	(obj:0)
z#2029                              0.999999999999485 	(obj:0)
z#2039                                              1 	(obj:0)
z#2064                               1.00000000000013 	(obj:0)
z#2142                                              1 	(obj:0)
z#2150                              0.999999999996343 	(obj:0)
z#2165                               1.00000000000557 	(obj:0)
z#2168                                              1 	(obj:0)
z#2171                              0.999999999999996 	(obj:0)
z#2172                                              1 	(obj:0)
z#2217                              0.999999999998387 	(obj:0)
z#2234                                              1 	(obj:0)
z#2237                                              1 	(obj:0)
z#2247                              0.999999999999034 	(obj:0)
z#2288                                              1 	(obj:0)
z#2302                              0.999999999999703 	(obj:0)
z#2311                                              1 	(obj:0)
z#2319                                              1 	(obj:0)
z#2321                                              1 	(obj:0)
z#2322                                              1 	(obj:0)
z#2352                                              1 	(obj:0)
z#2412                                              1 	(obj:0)
z#2416                               1.00000000000036 	(obj:0)
z#2426                              0.999999999992831 	(obj:0)
z#2454                              0.999999999999866 	(obj:0)
z#2476                                              1 	(obj:0)
z#2483                                              1 	(obj:0)
z#2491                               1.00000000000079 	(obj:0)
z#2492                              0.999999999998237 	(obj:0)
z#2559                              0.999999999999547 	(obj:0)
z#2577                              0.999999999999823 	(obj:0)
z#2580                               1.00000000000074 	(obj:0)
z#2593                                              1 	(obj:0)
z#2597                              0.999999999999227 	(obj:0)
z#2641                                              1 	(obj:0)
z#2643                              0.999999999999312 	(obj:0)
z#2645                                              1 	(obj:0)
z#2679                                              1 	(obj:0)
z#2698                               0.99999999999917 	(obj:0)
z#2750                                              1 	(obj:0)
z#2765                              0.999999999999972 	(obj:0)
z#2771                              0.999999999998377 	(obj:0)
z#2795                                              1 	(obj:0)
z#2801                                              1 	(obj:0)
z#2840                                              1 	(obj:0)
z#2846                                              1 	(obj:0)
z#2855                              0.999999999998506 	(obj:0)
z#2860                              0.999999999999997 	(obj:0)
z#2881                                              1 	(obj:0)
z#2888                                              1 	(obj:0)
z#2891                               1.00000000000103 	(obj:0)
z#2897                                              1 	(obj:0)
z#2902                                              1 	(obj:0)
z#2919                                              1 	(obj:0)
z#2928                               1.00000000000009 	(obj:0)
z#2955                               1.00000000000088 	(obj:0)
z#2962                               1.00000000000134 	(obj:0)
x#0                                             420.8 	(obj:274)
x#1                                 0.453000000004067 	(obj:230)
x#2                                  49.3259999999952 	(obj:155)
x#4                                            41.838 	(obj:106)
x#8                                           508.414 	(obj:142)
x#13                                 86.6400000000041 	(obj:148)
x#18                                           47.111 	(obj:108)
x#23                                          511.352 	(obj:115)
x#32                                 47.4999999999955 	(obj:137)
x#34                                0.291000000005056 	(obj:102)
x#36                                 651.796999999999 	(obj:138)
x#45                                 47.9100000000138 	(obj:102)
y#0                                  136.200000000001 	(obj:169)
y#17                                  51.200999999996 	(obj:100)
y#26                                 110.873250000005 	(obj:104)
y#27                                 28.6037499999816 	(obj:106)
y#30                                0.523000000013411 	(obj:101)
y#41                                 0.18199999998717 	(obj:115)
u#0                                             420.8 	(obj:0)
u#1                                  421.253000000004 	(obj:0)
u#2                                  470.578999999999 	(obj:0)
u#3                                  470.578999999999 	(obj:0)
u#4                                  512.416999999999 	(obj:0)
u#5                                  512.416999999999 	(obj:0)
u#6                                  512.416999999999 	(obj:0)
u#7                                  512.416999999999 	(obj:0)
u#8                                          1020.831 	(obj:0)
u#9                                          1020.831 	(obj:0)
u#10                                         1020.831 	(obj:0)
u#11                                         1020.831 	(obj:0)
u#12                                         1020.831 	(obj:0)
u#13                                         1107.471 	(obj:0)
u#14                                         1107.471 	(obj:0)
u#15                                 686.671000000003 	(obj:0)
u#16                                 686.217999999999 	(obj:0)
u#17                                 636.892000000004 	(obj:0)
u#18                                 684.003000000004 	(obj:0)
u#19                                 642.165000000004 	(obj:0)
u#20                                 642.165000000004 	(obj:0)
u#21                                 642.165000000004 	(obj:0)
u#22                                 642.165000000004 	(obj:0)
u#23                                 645.103000000004 	(obj:0)
u#24                                 645.103000000004 	(obj:0)
u#25                                 645.103000000004 	(obj:0)
u#26                                 645.103000000004 	(obj:0)
u#27                                 645.103000000004 	(obj:0)
u#28                                          558.463 	(obj:0)
u#29                                          558.463 	(obj:0)
u#30                                          558.463 	(obj:0)
u#31                                          558.463 	(obj:0)
u#32                                 605.962999999995 	(obj:0)
u#33                                 558.851999999995 	(obj:0)
u#34                                          559.143 	(obj:0)
u#35                                          559.143 	(obj:0)
u#36                                          1210.94 	(obj:0)
u#37                                          1210.94 	(obj:0)
u#38                                          699.588 	(obj:0)
u#39                                          699.588 	(obj:0)
u#40                                          699.588 	(obj:0)
u#41                                          699.588 	(obj:0)
u#42                                          699.588 	(obj:0)
u#43                                          699.588 	(obj:0)
u#44                                          699.588 	(obj:0)
u#45                                 747.498000000013 	(obj:0)
u#46                                 747.498000000013 	(obj:0)
u#47                                 699.998000000018 	(obj:0)
u#48                                 699.998000000018 	(obj:0)
u#49                                 699.707000000013 	(obj:0)
v#0                                  136.200000000001 	(obj:0)
v#1                                  136.200000000001 	(obj:0)
v#2                                  136.200000000001 	(obj:0)
v#3                                  136.200000000001 	(obj:0)
v#4                                  136.200000000001 	(obj:0)
v#5                                  136.200000000001 	(obj:0)
v#6                                  136.200000000001 	(obj:0)
v#7                                  136.200000000001 	(obj:0)
v#8                                  136.200000000001 	(obj:0)
v#9                                  136.200000000001 	(obj:0)
v#17                                  51.200999999996 	(obj:0)
v#18                                  51.200999999996 	(obj:0)
v#19                                 51.2009999999959 	(obj:0)
v#20                                 51.2009999999959 	(obj:0)
v#21                                 51.2009999999959 	(obj:0)
v#22                                  51.200999999996 	(obj:0)
v#23                                  51.200999999996 	(obj:0)
v#24                                 51.2009999999959 	(obj:0)
v#25                                 51.2009999999959 	(obj:0)
v#26                                 162.074250000001 	(obj:0)
v#27                                 139.476999999987 	(obj:0)
v#28                                 139.476999999987 	(obj:0)
v#29                                 139.476999999987 	(obj:0)
v#30                                              140 	(obj:0)
v#31                                              140 	(obj:0)
v#32                                              140 	(obj:0)
v#33                                              140 	(obj:0)
v#34                                              140 	(obj:0)
v#35                                              140 	(obj:0)
v#36                                 29.1267499999951 	(obj:0)
v#37                                0.523000000013411 	(obj:0)
v#38                                0.523000000013411 	(obj:0)
v#39                                0.523000000013411 	(obj:0)
v#41                                 0.18199999998717 	(obj:0)
v#42                                 0.18199999998717 	(obj:0)
v#43                                 0.18199999998717 	(obj:0)
v#44                                 0.18199999998717 	(obj:0)
v#45                                 0.18199999998717 	(obj:0)
v#46                                 0.18199999998717 	(obj:0)
v#47                                 0.18199999998717 	(obj:0)
v#48                                 0.18199999998717 	(obj:0)
v#49                                 0.18199999998717 	(obj:0)
w#0                                  557.000000000001 	(obj:0)
w#1                                  557.453000000005 	(obj:0)
w#2                                           606.779 	(obj:0)
w#3                                           606.779 	(obj:0)
w#4                                           648.617 	(obj:0)
w#5                                           648.617 	(obj:0)
w#6                                           648.617 	(obj:0)
w#7                                           648.617 	(obj:0)
w#8                                          1157.031 	(obj:0)
w#9                                          1157.031 	(obj:0)
w#10                                         1020.831 	(obj:0)
w#11                                         1020.831 	(obj:0)
w#12                                         1020.831 	(obj:0)
w#13                                         1107.471 	(obj:0)
w#14                                         1107.471 	(obj:0)
w#15                                 686.671000000003 	(obj:0)
w#16                                 686.217999999999 	(obj:0)
w#17                                          688.093 	(obj:0)
w#18                                          735.204 	(obj:0)
w#19                                          693.366 	(obj:0)
w#20                                          693.366 	(obj:0)
w#21                                          693.366 	(obj:0)
w#22                                          693.366 	(obj:0)
w#23                                          696.304 	(obj:0)
w#24                                          696.304 	(obj:0)
w#25                                          696.304 	(obj:0)
w#26                                 807.177250000005 	(obj:0)
w#27                                 784.579999999991 	(obj:0)
w#28                                 697.939999999987 	(obj:0)
w#29                                 697.939999999987 	(obj:0)
w#30                                          698.463 	(obj:0)
w#31                                          698.463 	(obj:0)
w#32                                 745.962999999996 	(obj:0)
w#33                                 698.851999999995 	(obj:0)
w#34                                 699.143000000001 	(obj:0)
w#35                                          699.143 	(obj:0)
w#36                                 1240.06674999999 	(obj:0)
w#37                                 1211.46300000001 	(obj:0)
w#38                                 700.111000000013 	(obj:0)
w#39                                 700.111000000013 	(obj:0)
w#40                                          699.588 	(obj:0)
w#41                                 699.769999999987 	(obj:0)
w#42                                 699.769999999987 	(obj:0)
w#43                                 699.769999999987 	(obj:0)
w#44                                 699.769999999987 	(obj:0)
w#45                                 747.680000000001 	(obj:0)
w#46                                 747.680000000001 	(obj:0)
w#47                                 700.180000000005 	(obj:0)
w#48                                 700.180000000005 	(obj:0)
w#49                                          699.889 	(obj:0)

Statistics
==========

SCIP Status        : problem is solved [optimal solution found]
Total Time         :    1208.46
  solving          :    1207.93
  presolving       :       0.20 (included in solving)
  reading          :       0.53
  copying          :       0.42 (27 #copies) (minimal 0.01, maximal 0.02, average 0.02)
Original Problem   :
  Problem name     : CCMPPData/50-3000-2
  Variables        : 3250 (3000 binary, 0 integer, 0 implicit integer, 250 continuous)
  Constraints      : 7702 initial, 7702 maximal
  Objective        : minimize, 100 non-zeros (abs.min = 100, abs.max = 300)
Presolved Problem  :
  Problem name     : t_CCMPPData/50-3000-2
  Variables        : 2970 (2778 binary, 0 integer, 0 implicit integer, 192 continuous)
  Constraints      : 8025 initial, 8331 maximal
  Objective        : minimize, 98 non-zeros (abs.min = 100, abs.max = 300)
  Nonzeros         : 24787 constraint, 0 clique table
Presolvers         :   ExecTime  SetupTime  Calls  FixedVars   AggrVars   ChgTypes  ChgBounds   AddHoles    DelCons    AddCons   ChgSides   ChgCoefs
  boundshift       :       0.00       0.00      0          0          0          0          0          0          0          0          0          0
  convertinttobin  :       0.00       0.00      0          0          0          0          0          0          0          0          0          0
  domcol           :       0.05       0.00      2          0          0          0          0          0          0          0          0          0
  dualagg          :       0.00       0.00      0          0          0          0          0          0          0          0          0          0
  dualcomp         :       0.02       0.00      2          0          0          0          0          0          0          0          0          0
  dualinfer        :       0.00       0.00      0          0          0          0          0          0          0          0          0          0
  dualsparsify     :       0.03       0.00      1          0          0          0          0          0          0          0          0          0
  gateextraction   :       0.00       0.00      0          0          0          0          0          0          0          0          0          0
  implics          :       0.00       0.00      4          0          0          0          0          0          0          0          0          0
  inttobinary      :       0.00       0.00      0          0          0          0          0          0          0          0          0          0
  milp             :       0.05       0.00      1          2         52          0         25          0          0          0          0          0
  qpkktref         :       0.00       0.00      0          0          0          0          0          0          0          0          0          0
  redvub           :       0.00       0.00      0          0          0          0          0          0          0          0          0          0
  sparsify         :       0.01       0.00      1          0          0          0          0          0          0          0          0          0
  stuffing         :       0.00       0.00      0          0          0          0          0          0          0          0          0          0
  trivial          :       0.00       0.00      8          0          0          0          0          0          0          0          0          0
  tworowbnd        :       0.00       0.00      0          0          0          0          0          0          0          0          0          0
  dualfix          :       0.00       0.00      8        222          0          0          0          0          0          0          0          0
  genvbounds       :       0.00       0.00      0          0          0          0          0          0          0          0          0          0
  probing          :       0.01       0.00      1          0          0          0          0          0          0          0          0          0
  pseudoobj        :       0.00       0.00      1          0          0          0          0          0          0          0          0          0
  symmetry         :       0.00       0.00      1          0          0          0          0          0          0          0          0          0
  vbounds          :       0.00       0.00      0          0          0          0          0          0          0          0          0          0
  chancecons       :       0.00       0.00      0          0          0          0          0          0          0          0          0          0
  varbound         :       0.01       0.00      6          0          0          0          0          0          0          0          0          0
  knapsack         :       0.00       0.00      5          0          0          0          0          0          0          0          0          0
  linear           :       0.03       0.00     11          0          4          0        135          0        242          0          0          0
  logicor          :       0.00       0.00      0          0          0          0          0          0          0          0          0          0
  bounddisjunction :       0.00       0.00      3          0          0          0          0          0          0          0          0          0
  benders          :       0.00       0.00      0          0          0          0          0          0          0          0          0          0
  components       :       0.00       0.00      2          0          0          0          0          0          0          0          0          0
  root node        :          -          -      -         16          -          -       1633          -          -          -          -          -
Constraints        :     Number  MaxNumber  #Separate #Propagate    #EnfoLP    #EnfoRelax  #EnfoPS    #Check   #ResProp    Cutoffs    DomReds       Cuts    Applied      Conss   Children
  benderslp        :          0          0          0          0       5510          0          0       1150          0          0          0          0          0          0          0
  chancecons       :          1          1        782          0          0          0          0          0          0          0          0       6459       5890          0          0
  integral         :          0          0          0          0       5510          0          0       1150          0          0       7497          0          0        840       9444
  varbound         :       7315       7315         48     105533          4          0          0       1144      38210          0     197205          0          0          0          0
  knapsack         :          1          1         48     106361          4          0          0         63          0        207      32088          0          0          0          0
  linear           :        634+       636         48     106713          4          0          0         53       2206        197     299008         14          6          0          0
  logicor          :          0+        17          0       1379          0          0          0          0          2          2          0          0          0          0          0
  bounddisjunction :         74+       378          0      17979          0          0          0          0         12          2         64          0          0          0          0
  benders          :          0          0          0          0          4          0          0         51          0          0          0          0          0          0          0
  fixedvar         :          0          0          0          0          4          0          0         51          0          0          0          0          0          0          0
  countsols        :          0          0          0          0          4          0          0         51          0          0          0          0          0          0          0
  components       :          0          0          0          0          0          0          0          0          0          0          0          0          0          0          0
Constraint Timings :  TotalTime  SetupTime   Separate  Propagate     EnfoLP     EnfoPS     EnfoRelax   Check    ResProp    SB-Prop
  benderslp        :       0.00       0.00       0.00       0.00       0.00       0.00       0.00       0.00       0.00       0.00
  chancecons       :       0.53       0.00       0.53       0.00       0.00       0.00       0.00       0.00       0.00       0.00
  integral         :     302.80       0.00       0.00       0.00     302.79       0.00       0.00       0.00       0.00       0.00
  varbound         :       3.74       0.00       0.04       2.66       0.00       0.00       0.00       0.04       0.01       1.00
  knapsack         :       0.90       0.00       0.37       0.44       0.00       0.00       0.00       0.00       0.00       0.08
  linear           :       2.73       0.00       0.09       1.82       0.00       0.00       0.00       0.00       0.00       0.81
  logicor          :       0.00       0.00       0.00       0.00       0.00       0.00       0.00       0.00       0.00       0.00
  bounddisjunction :       0.22       0.00       0.00       0.17       0.00       0.00       0.00       0.00       0.00       0.05
  benders          :       0.00       0.00       0.00       0.00       0.00       0.00       0.00       0.00       0.00       0.00
  fixedvar         :       0.00       0.00       0.00       0.00       0.00       0.00       0.00       0.00       0.00       0.00
  countsols        :       0.00       0.00       0.00       0.00       0.00       0.00       0.00       0.00       0.00       0.00
  components       :       0.01       0.00       0.00       0.01       0.00       0.00       0.00       0.00       0.00       0.00
Propagators        : #Propagate   #ResProp    Cutoffs    DomReds
  dualfix          :         14          0          0          0
  genvbounds       :          0          0          0          0
  nlobbt           :          0          0          0          0
  obbt             :          0          0          0          0
  probing          :          0          0          0          0
  pseudoobj        :      42727          0          0         98
  redcost          :      17980          0          0    2157251
  rootredcost      :         12          0          0        351
  symmetry         :          0          0          0          0
  vbounds          :      45768          0          0          0
Propagator Timings :  TotalTime  SetupTime   Presolve  Propagate    ResProp    SB-Prop
  dualfix          :       0.00       0.00       0.00       0.00       0.00       0.00
  genvbounds       :       0.02       0.00       0.00       0.01       0.00       0.01
  nlobbt           :       0.00       0.00       0.00       0.00       0.00       0.00
  obbt             :       0.00       0.00       0.00       0.00       0.00       0.00
  probing          :       0.01       0.00       0.01       0.00       0.00       0.00
  pseudoobj        :       0.23       0.00       0.00       0.22       0.00       0.00
  redcost          :       3.07       0.00       0.00       3.06       0.00       0.01
  rootredcost      :       0.02       0.00       0.00       0.02       0.00       0.01
  symmetry         :       0.03       0.00       0.00       0.02       0.00       0.01
  vbounds          :       0.36       0.00       0.00       0.34       0.00       0.02
Symmetry           :
  orbitopal red.   :          0 reductions applied,          0 cutoffs
  orbital reduction:          0 reductions applied,          0 cutoffs
  lexicographic red:          0 reductions applied,          0 cutoffs
  shadow tree time :       0.00 s
Conflict Analysis  :       Time      Calls    Success    DomReds  Conflicts   Literals    Reconvs ReconvLits   Dualrays   Nonzeros   LP Iters   (pool size: [10000,10000])
  propagation      :       0.02        211        209          -       1185       68.9          9       13.4          -          -          -
  infeasible LP    :       0.00          0          0          -          0        0.0          0        0.0          0        0.0          0
  bound exceed. LP :       4.99       3206       1336          -       3458       41.8          0        0.0        407        1.7      12922
  strong branching :       0.00          0          0          -          0        0.0          0        0.0          -          -          0
  pseudo solution  :       0.00          0          0          -          0        0.0          0        0.0          -          -          -
  applied globally :       0.03          -          -        404       1903       47.6          -          -        407          -          -
  applied locally  :          -          -          -          0          0        0.0          -          -          0          -          -
Separators         :   ExecTime  SetupTime      Calls  RootCalls    Cutoffs    DomReds  FoundCuts ViaPoolAdd  DirectAdd    Applied ViaPoolApp  DirectApp      Conss
  cut pool         :       1.24          -       1663         95          -          -      39536     476140          -          -          -          -          -    (maximal pool size:      17158)
  aggregation      :       1.47       0.00        180         48          0          0      32983     387298          0      31957      31957          0          0
  > cmir           :          -          -          -          -          -          -          -     387298          0      31957      31957          0          -
  > flowcover      :          -          -          -          -          -          -          -          0          0          0          0          0          -
  > knapsackcover  :          -          -          -          -          -          -          -          0          0          0          0          0          -
  cgmip            :       0.00       0.00          0          0          0          0          0          0          0          0          0          0          0
  clique           :       0.00       0.00          2          2          0          0          0          0          0          0          0          0          0
  closecuts        :       0.00       0.00          0          0          0          0          0          0          0          0          0          0          0
  convexproj       :       0.00       0.00          0          0          0          0          0          0          0          0          0          0          0
  disjunctive      :       0.00       0.00          0          0          0          0          0          0          0          0          0          0          0
  eccuts           :       0.00       0.00          0          0          0          0          0          0          0          0          0          0          0
  gauge            :       0.00       0.00          0          0          0          0          0          0          0          0          0          0          0
  gomory           :       2.05       0.00        144         20          0          0       6553      88842          0      11761      11761          0          0
  > gomorymi       :          -          -          -          -          -          -          -      88842          0      11761      11761          0          -
  > strongcg       :          -          -          -          -          -          -          -          0          0          0          0          0          -
  impliedbounds    :       0.02       0.00        180         48          0          0          0          0          0          0          0          0          0
  interminor       :       0.00       0.00          0          0          0          0          0          0          0          0          0          0          0
  intobj           :       0.00       0.00          0          0          0          0          0          0          0          0          0          0          0
  lagromory        :       0.00       0.00          0          0          0          0          0          0          0          0          0          0          0
  mcf              :       0.00       0.00          2          2          0          0          0          0          0          0          0          0          0
  minor            :       0.00       0.00         20         20          0          0          0          0          0          0          0          0          0
  mixing           :       0.00       0.00          0          0          0          0          0          0          0          0          0          0          0
  oddcycle         :       0.00       0.00          0          0          0          0          0          0          0          0          0          0          0
  rapidlearning    :       0.00       0.00          0          0          0          0          0          0          0          0          0          0          0
  rlt              :       0.00       0.00         20         20          0          0          0          0          0          0          0          0          0
  zerohalf         :       0.15       0.00        162         38          0          0          0          0          0          0          0          0          0
Cutselectors       :   ExecTime  SetupTime      Calls  RootCalls   Selected     Forced   Filtered  RootSelec   RootForc   RootFilt 
  hybrid           :       0.52       0.00       1485         49      49614          0     432999       3031          0      49039
  ensemble         :       0.00       0.00          0          0          0          0          0          0          0          0
  dynamic          :       0.00       0.00          0          0          0          0          0          0          0          0
Pricers            :   ExecTime  SetupTime      Calls       Vars
  problem variables:       0.00          -          0          0
Branching Rules    :   ExecTime  SetupTime   BranchLP  BranchExt   BranchPS    Cutoffs    DomReds       Cuts      Conss   Children
  allfullstrong    :       0.00       0.00          0          0          0          0          0          0          0          0
  cloud            :       0.00       0.00          0          0          0          0          0          0          0          0
  distribution     :       0.00       0.00          0          0          0          0          0          0          0          0
  fullstrong       :       0.00       0.00          0          0          0          0          0          0          0          0
  gomory           :       0.00       0.00          0          0          0          0          0          0          0          0
  inference        :       0.00       0.00          0          0          0          0          0          0          0          0
  leastinf         :       0.00       0.00          0          0          0          0          0          0          0          0
  lookahead        :       0.00       0.00          0          0          0          0          0          0          0          0
  mostinf          :       0.00       0.00          0          0          0          0          0          0          0          0
  multaggr         :       0.00       0.00          0          0          0          0          0          0          0          0
  nodereopt        :       0.00       0.00          0          0          0          0          0          0          0          0
  pscost           :       0.00       0.00          0          0          0          0          0          0          0          0
  random           :       0.00       0.00          0          0          0          0          0          0          0          0
  relpscost        :     302.79       0.00       5506          0          0          0       7497          0        966       9444
  vanillafullstrong:       0.00       0.00          0          0          0          0          0          0          0          0
Primal Heuristics  :   ExecTime  SetupTime      Calls      Found       Best
  LP solutions     :       0.00          -          -          4          4
  relax solutions  :       0.00          -          -          0          0
  pseudo solutions :       0.00          -          -          0          0
  strong branching :       0.03          -          -          0          0
  actconsdiving    :       0.00       0.00          0          0          0
  adaptivediving   :       3.47       0.00         17          0          0
  alns             :       0.65       0.00          6          3          3
  bound            :       0.00       0.00          0          0          0
  clique           :       0.00       0.00          0          0          0
  coefdiving       :       0.00       0.00          0          0          0
  completesol      :       0.00       0.00          0          0          0
  conflictdiving   :       1.53       0.00         10          0          0
  crossover        :       0.83       0.00         10          7          3
  dins             :       0.00       0.00          0          0          0
  distributiondivin:       1.67       0.00          9          0          0
  dps              :       0.00       0.00          0          0          0
  dualval          :       0.00       0.00          0          0          0
  farkasdiving     :       0.00       0.00          0          0          0
  feaspump         :       0.32       0.00          1          1          1
  fixandinfer      :       0.00       0.00          0          0          0
  fracdiving       :       2.37       0.00         10          0          0
  gins             :       0.01       0.00          0          0          0
  guideddiving     :       2.07       0.00         10          0          0
  indicator        :       0.01       0.00          0          0          0
  indicatordiving  :       0.00       0.00          0          0          0
  intdiving        :       0.00       0.00          0          0          0
  intshifting      :       0.48       0.00          6          0          0
  linesearchdiving :       1.10       0.00         10          0          0
  localbranching   :       0.00       0.00          0          0          0
  locks            :       0.03       0.00          1          1          1
  lpface           :       0.00       0.00          0          0          0
  mpec             :       0.00       0.00          0          0          0
  multistart       :       0.00       0.00          0          0          0
  mutation         :       0.00       0.00          0          0          0
  nlpdiving        :       0.00       0.00          0          0          0
  objpscostdiving  :       8.69       0.00          5          5          0
  octane           :       0.00       0.00          0          0          0
  ofins            :       0.00       0.00          0          0          0
  oneopt           :       0.02       0.00         12          0          0
  padm             :       0.00       0.00          0          0          0
  proximity        :       0.00       0.00          0          0          0
  pscostdiving     :       1.36       0.00         10          0          0
  randrounding     :       0.89       0.00       1087          0          0
  rens             :       3.42       0.00          2          2          1
  reoptsols        :       0.00       0.00          0          0          0
  repair           :       0.00       0.00          0          0          0
  rins             :       1.35       0.00          9          9          2
  rootsoldiving    :       1.41       0.00          5          5          0
  rounding         :       0.46       0.00       1172          0          0
  scheduler        :       0.00       0.00          0          0          0
  shiftandpropagate:       0.00       0.00          0          0          0
  shifting         :       7.52       0.00        529          0          0
  simplerounding   :       0.01       0.00          0          0          0
  subnlp           :       0.01       0.00          0          0          0
  trivial          :       0.00       0.00          4          0          0
  trivialnegation  :       0.00       0.00          0          0          0
  trustregion      :       0.00       0.00          0          0          0
  trysol           :       0.00       0.00          0          0          0
  twoopt           :       0.00       0.00          0          0          0
  undercover       :       0.00       0.00          0          0          0
  vbounds          :       0.03       0.00          2          1          1
  veclendiving     :       0.42       0.00         10          0          0
  zeroobj          :       0.00       0.00          0          0          0
  zirounding       :       0.35       0.00       1000          0          0
  other solutions  :          -          -          -          0          -
LNS (Scheduler)    :      Calls  SetupTime  SolveTime SolveNodes       Sols       Best       Exp3    Exp3-IX  EpsGreedy        UCB TgtFixRate  Opt  Inf Node Stal  Sol  Usr Othr Actv
  rens             :          0       0.00       0.00          0          0          0    0.00000    0.12500   -1.00000    1.00000      0.900    0    0    0    0    0    0    0    1
  rins             :          0       0.00       0.00          0          0          0    0.00000    0.12500   -1.00000    1.00000      0.900    0    0    0    0    0    0    0    1
  mutation         :          0       0.00       0.00          0          0          0    0.00000    0.12500   -1.00000    1.00000      0.900    0    0    0    0    0    0    0    1
  localbranching   :          0       0.00       0.00          0          0          0    0.00000    0.12500   -1.00000    1.00000      0.900    0    0    0    0    0    0    0    1
  crossover        :          0       0.00       0.00          0          0          0    0.00000    0.12500   -1.00000    1.00000      0.900    0    0    0    0    0    0    0    1
  proximity        :          0       0.00       0.00          0          0          0    0.00000    0.12500   -1.00000    1.00000      0.900    0    0    0    0    0    0    0    1
  zeroobjective    :          0       0.00       0.00          0          0          0    0.00000    0.12500   -1.00000    1.00000      0.900    0    0    0    0    0    0    0    1
  dins             :          0       0.00       0.00          0          0          0    0.00000    0.12500   -1.00000    1.00000      0.900    0    0    0    0    0    0    0    1
  trustregion      :          0       0.00       0.00          0          0          0    0.00000    0.00000   -1.00000    1.00000      0.900    0    0    0    0    0    0    0    0
LP                 :       Time      Calls Iterations  Iter/call   Iter/sec  Time-0-It Calls-0-It    ItLimit
  primal LP        :       0.86        960          0       0.00       0.00       0.85        960
  dual LP          :     831.54      15701    3172270     271.06    3814.93       3.74       3998
  lex dual LP      :       0.00          0          0       0.00          -
  barrier LP       :       0.00          0          0       0.00          -       0.00          0
  resolve instable :       0.00          0          0       0.00          -
  diving/probing LP:      24.32       1946     104807      53.86    4309.86
  strong branching :     281.78       5634    1090101     193.49    3868.63          -          -        995
    (at root node) :          -         40      24344     608.60          -
  conflict analysis:       2.93       1296      12922       9.97    4412.74
B&B Tree           :
  number of runs   :          2
  nodes            :       7765 (3985 internal, 3780 leaves)
  feasible leaves  :          4
  infeas. leaves   :        154
  objective leaves :       3622
  nodes (total)    :       8988 (4722 internal, 4266 leaves)
  nodes left       :          0
  max depth        :        122
  max depth (total):        122
  backtracks       :       2148 (27.7%)
  early backtracks :          0 (0.0%)
  nodes exc. ref.  :          0 (0.0%)
  delayed cutoffs  :         10
  repropagations   :       3047 (5279 domain reductions, 1 cutoffs)
  avg switch length:       6.50
  switching time   :       3.95
Root Node          :
  First LP value   : +4.17927236576429e+05
  First LP Iters   :       1858 (8762.04 Iter/sec)
  First LP Time    :       0.21
  Final Dual Bound : +4.20283935464860e+05
  Final Root Iters :      34880
  Root LP Estimate : +4.21916580766295e+05
Solution           :
  Solutions found  :         38 (16 improvements)
  First Solution   : +4.22567968500000e+05   (in run 1, after 1 nodes, 0.20 seconds, depth 151, found by <locks>)
  Gap First Sol.   :   infinite
  Gap Last Sol.    :       0.04 %
  Primal Bound     : +4.20541180500000e+05   (in run 2, after 6158 nodes, 869.74 seconds, depth 21, found by <relaxation>)
  Dual Bound       : +4.20541180500000e+05
  Gap              :       0.00 %
Integrals          :      Total       Avg%
  primal-dual      :     114.57       0.09
  primal-ref       :          -          - (not evaluated)
  dual-ref         :          -          - (not evaluated)

 Branching Statistics...

 Total number of propagations -> 0

 Number of cutoffs of KnaCons -> 0

 Total number of variables fixed to 1 by the propagator -> 0

 Total number of variables fixed to 0 by the propagator -> 0

 Maximum number of rounds of the approximation algorithm -> 0

 Runtime of the exact algorithm -> 0.0000 s

 Total number of variables fixed to 1 in the exact algorithm -> 0

 Total number of variables fixed to 0 in the exact algorithm -> 0

 Number of cutoffs in the exact algorithm -> 0

 Number of cutoffs in the approximation algorithm -> 0

 PS:  
