***************************************
*         SCIP-based CCP Solver       *
*                                     *
*    Wei Lv and Wei-Kun Chen (2024)   *
***************************************
/share/home/wangzhaowei/lvwei/scipoptsuite-9.1.0/build/bin/examples/ccp -f CCRPData/20-30-3000-3.ccrp -s CCRPSetting/BnC-MIX15.set 
SCIP version 9.1.0 [precision: 8 byte] [memory: block] [mode: optimized] [LP solver: Soplex 7.1.0] [GitHash: 8cab0278ba]
Copyright (c) 2002-2024 Zuse Institute Berlin (ZIB)

External libraries: 
  Soplex 7.1.0         Linear Programming Solver developed at Zuse Institute Berlin (soplex.zib.de) [GitHash: 595bfac9]
  CppAD 20180000.0     Algorithmic Differentiation of C++ algorithms developed by B. Bell (github.com/coin-or/CppAD)
  ZLIB 1.2.7           General purpose compression library by J. Gailly and M. Adler (zlib.net)
  GMP 6.0.0            GNU Multiple Precision Arithmetic Library developed by T. Granlund (gmplib.org)
  AMPL/MP 690e9e7      AMPL .nl file reader library (github.com/ampl/mp)
  PaPILO 2.3.0         parallel presolve for integer and linear optimization (github.com/scipopt/papilo) (built with TBB) [GitHash: 4b8ce6ed]
  Nauty 2.8.8          Computing Graph Automorphism Groups by Brendan D. McKay (users.cecs.anu.edu.au/~bdm/nauty)
  sassy 1.1            Symmetry preprocessor by Markus Anders (github.com/markusa4/sassy)

reading user parameter file <CCRPSetting/BnC-MIX15.set>

read problem <CCRPData/20-30-3000-3.ccrp>
============

File name: 	CCRPData/20-30-3000-3.ccrp
Problem name:	20-30-3000-3
NumResource: 	20
Dimension: 	30
NumScenario: 	3000
ConfidenceParameter: 	0.15
IsEqualProbability: 	1
BnC+MIX+DI: 	0
BnC+MIX+sDI: 	0
DB: 	0
DB+OPF: 	0
Dominance and Aggregation Statistics......
NumEdge:        340963
NumBiEdge: 	0
NumDomIneqs: 	340963
DominanceRatio: 0.0758
NumAggScenario: 3000 
BasicNumScenario: 1990 
original problem has 3650 variables (3000 bin, 0 int, 0 impl, 650 cont) and 13552 constraints

solve problem
=============

presolving:
(round 1, fast)       1291 del vars, 0 del conss, 0 add conss, 30 chg bounds, 0 chg sides, 0 chg coeffs, 0 upgd conss, 0 impls, 0 clqs
   (0.1s) running MILP presolver
   (0.1s) MILP presolver (3 rounds): 49 aggregations, 288 fixings, 0 bound changes
(round 2, medium)     1628 del vars, 0 del conss, 0 add conss, 30 chg bounds, 0 chg sides, 0 chg coeffs, 0 upgd conss, 0 impls, 0 clqs
(round 3, fast)       1628 del vars, 49 del conss, 0 add conss, 30 chg bounds, 0 chg sides, 0 chg coeffs, 0 upgd conss, 0 impls, 0 clqs
(round 4, fast)       1628 del vars, 49 del conss, 0 add conss, 59 chg bounds, 0 chg sides, 0 chg coeffs, 0 upgd conss, 0 impls, 0 clqs
(round 5, exhaustive) 1628 del vars, 49 del conss, 0 add conss, 59 chg bounds, 0 chg sides, 0 chg coeffs, 13500 upgd conss, 0 impls, 0 clqs
   (0.2s) probing: 51/1990 (2.6%) - 0 fixings, 0 aggregations, 0 implications, 0 bound changes
   (0.2s) probing aborted: 50/50 successive totally useless probings
   (0.3s) symmetry computation started: requiring (bin +, int +, cont +), (fixed: bin -, int -, cont -)
   Symmetry detection interrupted: constraints of type chancecons do not provide symmetry information.
   If symmetries shall be detected, implement the CONSGETPERMSYMGRAPH callback.
   (0.3s) could not compute symmetry
presolving (6 rounds: 6 fast, 3 medium, 2 exhaustive):
 1628 deleted vars, 49 deleted constraints, 0 added constraints, 59 tightened bounds, 0 added holes, 0 changed sides, 0 changed coefficients
 13500 implications, 0 cliques
presolved problem has 2022 variables (1990 bin, 0 int, 0 impl, 32 cont) and 13503 constraints
      1 constraints of type <chancecons>
  13500 constraints of type <varbound>
      1 constraints of type <knapsack>
      1 constraints of type <linear>
Presolving Time: 0.23

 time | node  | left  |LP iter|LP it/n|mem/heur|mdpt |vars |cons |rows |cuts |sepa|confs|strbr|  dualbound   | primalbound  |  gap   | compl. 
p 0.3s|     1 |     0 |     1 |     - |   locks|   0 |2022 |  13k|  13k|   0 |  0 |   0 |   0 | 1.736028e+03 | 2.153966e+03 |  24.07%| unknown
p 0.4s|     1 |     0 |     3 |     - | vbounds|   0 |2022 |  13k|  13k|   0 |  0 |   1 |   0 | 1.736028e+03 | 2.153964e+03 |  24.07%| unknown
  1.0s|     1 |     0 |  2942 |     - |    69M |   0 |2022 |  13k|  13k|   0 |  0 |   1 |   0 | 1.946743e+03 | 2.153964e+03 |  10.64%| unknown
  1.3s|     1 |     0 |  3502 |     - |    71M |   0 |2022 |  13k|  13k|  39 |  1 |   2 |   0 | 1.963789e+03 | 2.153964e+03 |   9.68%| unknown
r 1.4s|     1 |     0 |  3502 |     - |shifting|   0 |2022 |  13k|  13k|  39 |  1 |   2 |   0 | 1.963789e+03 | 2.153913e+03 |   9.68%| unknown
  1.6s|     1 |     0 |  4074 |     - |    73M |   0 |2022 |  13k|  13k|  88 |  2 |   2 |   0 | 1.975231e+03 | 2.153913e+03 |   9.05%| unknown
  1.9s|     1 |     0 |  4547 |     - |    75M |   0 |2022 |  13k|  13k| 141 |  3 |   2 |   0 | 1.983074e+03 | 2.153913e+03 |   8.61%| unknown
  2.2s|     1 |     0 |  5045 |     - |    78M |   0 |2022 |  13k|  13k| 199 |  4 |   2 |   0 | 1.989451e+03 | 2.153913e+03 |   8.27%| unknown
  2.4s|     1 |     0 |  5533 |     - |    79M |   0 |2022 |  13k|  13k| 261 |  5 |   2 |   0 | 1.996290e+03 | 2.153913e+03 |   7.90%| unknown
  2.7s|     1 |     0 |  6068 |     - |    81M |   0 |2022 |  13k|  13k| 323 |  6 |   2 |   0 | 2.002823e+03 | 2.153913e+03 |   7.54%| unknown
  3.0s|     1 |     0 |  6488 |     - |    83M |   0 |2022 |  13k|  13k| 391 |  7 |   2 |   0 | 2.007737e+03 | 2.153913e+03 |   7.28%| unknown
  3.2s|     1 |     0 |  6909 |     - |    85M |   0 |2022 |  13k|  13k| 460 |  8 |   2 |   0 | 2.012355e+03 | 2.153913e+03 |   7.03%| unknown
  3.5s|     1 |     0 |  7506 |     - |    88M |   0 |2022 |  13k|  14k| 535 |  9 |   2 |   0 | 2.016997e+03 | 2.153913e+03 |   6.79%| unknown
  3.8s|     1 |     0 |  8033 |     - |    90M |   0 |2022 |  13k|  14k| 612 | 10 |   2 |   0 | 2.020449e+03 | 2.153913e+03 |   6.61%| unknown
  4.1s|     1 |     0 |  8493 |     - |    92M |   0 |2022 |  13k|  14k| 689 | 11 |   2 |   0 | 2.022468e+03 | 2.153913e+03 |   6.50%| unknown
 time | node  | left  |LP iter|LP it/n|mem/heur|mdpt |vars |cons |rows |cuts |sepa|confs|strbr|  dualbound   | primalbound  |  gap   | compl. 
  4.4s|     1 |     0 |  8995 |     - |    94M |   0 |2022 |  13k|  14k| 761 | 12 |   2 |   0 | 2.024573e+03 | 2.153913e+03 |   6.39%| unknown
  4.7s|     1 |     0 |  9678 |     - |    95M |   0 |2022 |  13k|  14k| 819 | 13 |   2 |   0 | 2.026880e+03 | 2.153913e+03 |   6.27%| unknown
  5.1s|     1 |     0 | 10392 |     - |    97M |   0 |2022 |  13k|  14k| 883 | 14 |   2 |   0 | 2.028603e+03 | 2.153913e+03 |   6.18%| unknown
  5.5s|     1 |     0 | 11064 |     - |   100M |   0 |2022 |  13k|  14k| 944 | 15 |   2 |   0 | 2.030058e+03 | 2.153913e+03 |   6.10%| unknown
  5.9s|     1 |     0 | 11866 |     - |   101M |   0 |2022 |  13k|  14k| 995 | 16 |   2 |   0 | 2.031509e+03 | 2.153913e+03 |   6.03%| unknown
  6.5s|     1 |     0 | 13056 |     - |   104M |   0 |2022 |  13k|  14k|1051 | 17 |   2 |   0 | 2.033170e+03 | 2.153913e+03 |   5.94%| unknown
  6.9s|     1 |     0 | 13814 |     - |   105M |   0 |2022 |  13k|  14k|1107 | 18 |   2 |   0 | 2.034295e+03 | 2.153913e+03 |   5.88%| unknown
  7.3s|     1 |     0 | 14443 |     - |   107M |   0 |2022 |  13k|  14k|1161 | 19 |   2 |   0 | 2.035493e+03 | 2.153913e+03 |   5.82%| unknown
  7.8s|     1 |     0 | 15219 |     - |   109M |   0 |2022 |  13k|  14k|1206 | 20 |   2 |   0 | 2.036157e+03 | 2.153913e+03 |   5.78%| unknown
  8.1s|     1 |     0 | 15751 |     - |   110M |   0 |2022 |  13k|  14k|1244 | 21 |   2 |   0 | 2.036552e+03 | 2.153913e+03 |   5.76%| unknown
  8.6s|     1 |     0 | 16472 |     - |   110M |   0 |2022 |  13k|  14k|1284 | 22 |   2 |   0 | 2.037291e+03 | 2.153913e+03 |   5.72%| unknown
  9.1s|     1 |     0 | 17402 |     - |   111M |   0 |2022 |  13k|  14k|1326 | 23 |   2 |   0 | 2.037954e+03 | 2.153913e+03 |   5.69%| unknown
  9.8s|     1 |     0 | 18534 |     - |   111M |   0 |2022 |  13k|  14k|1372 | 24 |   2 |   0 | 2.038843e+03 | 2.153913e+03 |   5.64%| unknown
 10.3s|     1 |     0 | 19336 |     - |   111M |   0 |2022 |  13k|  14k|1414 | 25 |   2 |   0 | 2.039264e+03 | 2.153913e+03 |   5.62%| unknown
 10.9s|     1 |     0 | 20110 |     - |   111M |   0 |2022 |  13k|  14k|1449 | 26 |   2 |   0 | 2.039568e+03 | 2.153913e+03 |   5.61%| unknown
 time | node  | left  |LP iter|LP it/n|mem/heur|mdpt |vars |cons |rows |cuts |sepa|confs|strbr|  dualbound   | primalbound  |  gap   | compl. 
 11.7s|     1 |     0 | 21358 |     - |   111M |   0 |2022 |  13k|  14k|1507 | 27 |   2 |   0 | 2.040194e+03 | 2.153913e+03 |   5.57%| unknown
 12.5s|     1 |     0 | 22573 |     - |   113M |   0 |2022 |  13k|  14k|1562 | 28 |   2 |   0 | 2.040636e+03 | 2.153913e+03 |   5.55%| unknown
 13.4s|     1 |     0 | 23961 |     - |   113M |   0 |2022 |  13k|  14k|1607 | 29 |   2 |   0 | 2.041215e+03 | 2.153913e+03 |   5.52%| unknown
 14.2s|     1 |     0 | 25085 |     - |   114M |   0 |2022 |  13k|  14k|1642 | 30 |   2 |   0 | 2.041542e+03 | 2.153913e+03 |   5.50%| unknown
 15.2s|     1 |     0 | 26439 |     - |   114M |   0 |2022 |  13k|  14k|1700 | 31 |   2 |   0 | 2.041950e+03 | 2.153913e+03 |   5.48%| unknown
 16.3s|     1 |     0 | 27949 |     - |   114M |   0 |2022 |  13k|  14k|1755 | 32 |   2 |   0 | 2.042413e+03 | 2.153913e+03 |   5.46%| unknown
 17.3s|     1 |     0 | 29365 |     - |   115M |   0 |2022 |  13k|  14k|1815 | 33 |   2 |   0 | 2.042809e+03 | 2.153913e+03 |   5.44%| unknown
 18.6s|     1 |     0 | 31049 |     - |   116M |   0 |2022 |  13k|  14k|1868 | 34 |   2 |   0 | 2.043258e+03 | 2.153913e+03 |   5.42%| unknown
 19.6s|     1 |     0 | 32343 |     - |   117M |   0 |2022 |  13k|  14k|1912 | 35 |   2 |   0 | 2.043480e+03 | 2.153913e+03 |   5.40%| unknown
 21.0s|     1 |     0 | 33858 |     - |   118M |   0 |2022 |  13k|  15k|1975 | 36 |   2 |   0 | 2.043784e+03 | 2.153913e+03 |   5.39%| unknown
 22.4s|     1 |     0 | 35408 |     - |   120M |   0 |2022 |  13k|  15k|2038 | 37 |   2 |   0 | 2.044037e+03 | 2.153913e+03 |   5.38%| unknown
 24.4s|     1 |     0 | 37583 |     - |   120M |   0 |2022 |  13k|  14k|2104 | 38 |   2 |   0 | 2.044361e+03 | 2.153913e+03 |   5.36%| unknown
 26.2s|     1 |     0 | 39424 |     - |   120M |   0 |2022 |  13k|  14k|2156 | 39 |   2 |   0 | 2.044614e+03 | 2.153913e+03 |   5.35%| unknown
 28.2s|     1 |     0 | 41229 |     - |   121M |   0 |2022 |  13k|  15k|2222 | 40 |   2 |   0 | 2.044848e+03 | 2.153913e+03 |   5.33%| unknown
 30.1s|     1 |     0 | 42798 |     - |   123M |   0 |2022 |  13k|  15k|2275 | 41 |   2 |   0 | 2.045024e+03 | 2.153913e+03 |   5.32%| unknown
 time | node  | left  |LP iter|LP it/n|mem/heur|mdpt |vars |cons |rows |cuts |sepa|confs|strbr|  dualbound   | primalbound  |  gap   | compl. 
 32.3s|     1 |     0 | 44642 |     - |   124M |   0 |2022 |  13k|  15k|2336 | 42 |   2 |   0 | 2.045227e+03 | 2.153913e+03 |   5.31%| unknown
 34.4s|     1 |     0 | 46120 |     - |   125M |   0 |2022 |  13k|  15k|2396 | 43 |   2 |   0 | 2.045410e+03 | 2.153913e+03 |   5.30%| unknown
 37.5s|     1 |     0 | 48375 |     - |   126M |   0 |2022 |  13k|  15k|2460 | 44 |   2 |   0 | 2.045651e+03 | 2.153913e+03 |   5.29%| unknown
 40.2s|     1 |     0 | 50374 |     - |   126M |   0 |2022 |  13k|  15k|2520 | 45 |   2 |   0 | 2.045815e+03 | 2.153913e+03 |   5.28%| unknown
 42.5s|     1 |     0 | 52388 |     - |   126M |   0 |2022 |  13k|  15k|2578 | 46 |   2 |   0 | 2.045949e+03 | 2.153913e+03 |   5.28%| unknown
 45.7s|     1 |     0 | 54468 |     - |   126M |   0 |2022 |  13k|  15k|2638 | 47 |   2 |   0 | 2.046112e+03 | 2.153913e+03 |   5.27%| unknown
 48.6s|     1 |     0 | 56693 |     - |   126M |   0 |2022 |  13k|  15k|2690 | 48 |   2 |   0 | 2.046275e+03 | 2.153913e+03 |   5.26%| unknown
 50.6s|     1 |     0 | 58227 |     - |   127M |   0 |2022 |  13k|  15k|2735 | 49 |   2 |   0 | 2.046379e+03 | 2.153913e+03 |   5.25%| unknown
 53.3s|     1 |     0 | 60173 |     - |   127M |   0 |2022 |  13k|  15k|2784 | 50 |   2 |   0 | 2.046492e+03 | 2.153913e+03 |   5.25%| unknown
 56.9s|     1 |     0 | 62334 |     - |   129M |   0 |2022 |  13k|  15k|2842 | 51 |   2 |   0 | 2.046609e+03 | 2.153913e+03 |   5.24%| unknown
 59.6s|     1 |     0 | 64122 |     - |   130M |   0 |2022 |  13k|  15k|2887 | 52 |   2 |   0 | 2.046685e+03 | 2.153913e+03 |   5.24%| unknown
 62.7s|     1 |     0 | 65889 |     - |   131M |   0 |2022 |  13k|  15k|2943 | 53 |   2 |   0 | 2.046746e+03 | 2.153913e+03 |   5.24%| unknown
 65.5s|     1 |     0 | 67605 |     - |   131M |   0 |2022 |  13k|  15k|2990 | 54 |   2 |   0 | 2.046819e+03 | 2.153913e+03 |   5.23%| unknown
r66.2s|     1 |     0 | 68503 |     - |intshift|   0 |2022 |  13k|  15k|2990 | 54 |   2 |   0 | 2.046819e+03 | 2.110682e+03 |   3.12%| unknown
o78.2s|     1 |     0 | 82845 |     - |feaspump|   0 |2022 |  13k|  15k|2990 | 54 |   2 |   0 | 2.046819e+03 | 2.054666e+03 |   0.38%| unknown
 time | node  | left  |LP iter|LP it/n|mem/heur|mdpt |vars |cons |rows |cuts |sepa|confs|strbr|  dualbound   | primalbound  |  gap   | compl. 
L83.9s|     1 |     0 | 83918 |     - |    alns|   0 |2022 |  13k|  15k|2990 | 54 |   5 |   0 | 2.046819e+03 | 2.053184e+03 |   0.31%| unknown
 83.9s|     1 |     0 | 83918 |     - |   134M |   0 |2022 |  13k|  15k|2990 | 54 |   5 |   0 | 2.046819e+03 | 2.053184e+03 |   0.31%| unknown
 84.0s|     1 |     0 | 83918 |     - |   134M |   0 |2022 |  13k|  15k|2990 | 54 |   5 |   0 | 2.046819e+03 | 2.053184e+03 |   0.31%| unknown
 87.0s|     1 |     0 | 86101 |     - |   134M |   0 |2022 |  13k|  15k|3030 | 55 |   5 |   0 | 2.046903e+03 | 2.053184e+03 |   0.31%| unknown
 88.9s|     1 |     0 | 87331 |     - |   134M |   0 |2022 |  13k|  14k|3070 | 56 |   5 |   0 | 2.046931e+03 | 2.053184e+03 |   0.31%| unknown
  158s|     1 |     2 | 87331 |     - |   134M |   0 |2022 |  13k|  14k|3070 | 56 |   5 |  45 | 2.046976e+03 | 2.053184e+03 |   0.30%| unknown
d 305s|     6 |     6 | 97782 |5353.4 |pscostdi|   4 |2022 |  13k|  14k|   0 |  1 |   5 | 163 | 2.046999e+03 | 2.048329e+03 |   0.06%|   1.42%
  945s|   100 |    72 |646408 |5812.1 |   140M |  35 |2022 |  13k|  14k|3765 |  0 |  13 | 356 | 2.047028e+03 | 2.048329e+03 |   0.06%|  13.31%
 1313s|   200 |   120 |947661 |4405.3 |   142M |  56 |2022 |  13k|  14k|4215 |  1 |  84 | 476 | 2.047030e+03 | 2.048329e+03 |   0.06%|  13.56%
L1325s|   206 |   121 |956127 |4317.6 |crossove|  58 |2022 |  13k|  14k|4215 |  2 | 100 | 482 | 2.047030e+03 | 2.048228e+03 |   0.06%|  13.56%
*1403s|   221 |   122 |  1028k|4354.3 |strongbr|  60 |2022 |  13k|  14k|4575 | 11 | 102 | 514 | 2.047030e+03 | 2.048227e+03 |   0.06%|  13.64%
 1906s|   300 |   139 |  1377k|4369.9 |   145M |  60 |2022 |  13k|  14k|5374 |  1 | 136 | 703 | 2.047056e+03 | 2.048227e+03 |   0.06%|  19.11%
*2580s|   390 |   138 |  1872k|4632.3 |    LP  |  60 |2022 |  13k|  14k|7075 |  2 | 163 | 917 | 2.047089e+03 | 2.048223e+03 |   0.06%|  25.06%
 2666s|   400 |   132 |  1919k|4633.4 |   154M |  60 |2022 |  13k|  14k|7075 |  0 | 203 | 994 | 2.047089e+03 | 2.048223e+03 |   0.06%|  25.84%
 3504s|   500 |   156 |  2511k|4890.0 |   162M |  60 |2022 |  13k|  14k|8605 |  1 | 373 |1432 | 2.047136e+03 | 2.048223e+03 |   0.05%|  30.12%
 time | node  | left  |LP iter|LP it/n|mem/heur|mdpt |vars |cons |rows |cuts |sepa|confs|strbr|  dualbound   | primalbound  |  gap   | compl. 
L3968s|   590 |   157 |  2810k|4651.5 |crossove|  60 |2022 |  13k|  14k|9035 |  0 | 445 |1721 | 2.047148e+03 | 2.048184e+03 |   0.05%|  33.82%
 4064s|   600 |   153 |  2905k|4731.7 |   168M |  60 |2022 |  13k|  14k|9360 |  1 | 446 |1724 | 2.047148e+03 | 2.048184e+03 |   0.05%|  34.65%
 4898s|   700 |   165 |  3528k|4946.5 |   177M |  60 |2022 |  13k|  14k|  10k|  3 | 495 |2049 | 2.047184e+03 | 2.048184e+03 |   0.05%|  39.23%
 5575s|   800 |   147 |  4070k|5005.1 |   179M |  60 |2022 |  13k|  14k|  11k|  0 | 566 |2248 | 2.047197e+03 | 2.048184e+03 |   0.05%|  44.90%
 6905s|   900 |   117 |  4834k|5299.2 |   217M |  60 |2022 |  13k|  14k|  13k|  0 | 726 |2770 | 2.047276e+03 | 2.048184e+03 |   0.04%|  55.72%
*7164s|   916 |   107 |  5010k|5398.4 |    LP  |  60 |2022 |  13k|  14k|  13k| 16 | 738 |2835 | 2.047305e+03 | 2.048149e+03 |   0.04%|  57.61%
*7726s|   945 |    88 |  5266k|5504.0 |    LP  |  60 |2022 |  13k|  15k|  14k| 18 | 806 |3075 | 2.047308e+03 | 2.048100e+03 |   0.04%|  60.87%
 8261s|  1000 |    63 |  5598k|5532.8 |   250M |  60 |2022 |  13k|  14k|  14k|  0 | 892 |3237 | 2.047386e+03 | 2.048100e+03 |   0.03%|  77.53%

SCIP Status        : problem is solved [optimal solution found]
Solving Time (sec) : 9096.29
Solving Nodes      : 1062
Primal Bound       : +2.04809986421788e+03 (28 solutions)
Dual Bound         : +2.04809986421788e+03
Gap                : 0.00 %

primal solution (original space):
=================================

objective value:                     2048.09986421788
z#4                                                 1 	(obj:0)
z#10                                                1 	(obj:0)
z#13                                                1 	(obj:0)
z#15                                0.999999999969637 	(obj:0)
z#17                                                1 	(obj:0)
z#18                                                1 	(obj:0)
z#19                                0.999999999981756 	(obj:0)
z#25                                0.999999999994856 	(obj:0)
z#26                                                1 	(obj:0)
z#37                                 1.00000000000764 	(obj:0)
z#44                                 1.00000000000732 	(obj:0)
z#51                                                1 	(obj:0)
z#54                                0.999999999927773 	(obj:0)
z#55                                                1 	(obj:0)
z#62                                0.999999999996808 	(obj:0)
z#66                                                1 	(obj:0)
z#82                                                1 	(obj:0)
z#83                                                1 	(obj:0)
z#84                                                1 	(obj:0)
z#86                                0.999999999991857 	(obj:0)
z#91                                                1 	(obj:0)
z#93                                                1 	(obj:0)
z#123                                               1 	(obj:0)
z#155                               0.999999999996642 	(obj:0)
z#158                                               1 	(obj:0)
z#167                               0.999999999994071 	(obj:0)
z#181                                               1 	(obj:0)
z#188                                               1 	(obj:0)
z#194                                               1 	(obj:0)
z#201                                               1 	(obj:0)
z#211                               0.999999999964945 	(obj:0)
z#221                                               1 	(obj:0)
z#224                                1.00000000000781 	(obj:0)
z#236                                               1 	(obj:0)
z#248                                               1 	(obj:0)
z#260                                               1 	(obj:0)
z#265                                               1 	(obj:0)
z#280                                               1 	(obj:0)
z#287                                0.99999999998592 	(obj:0)
z#292                                               1 	(obj:0)
z#299                                               1 	(obj:0)
z#304                                               1 	(obj:0)
z#325                                               1 	(obj:0)
z#344                                               1 	(obj:0)
z#348                                               1 	(obj:0)
z#349                                               1 	(obj:0)
z#350                                               1 	(obj:0)
z#351                                               1 	(obj:0)
z#366                                1.00000000002213 	(obj:0)
z#370                                               1 	(obj:0)
z#375                               0.999999999954784 	(obj:0)
z#378                                               1 	(obj:0)
z#379                                1.00000000000142 	(obj:0)
z#386                               0.999999999931057 	(obj:0)
z#398                                               1 	(obj:0)
z#401                                               1 	(obj:0)
z#410                               0.999999999992621 	(obj:0)
z#411                               0.999999999993087 	(obj:0)
z#415                                               1 	(obj:0)
z#416                                               1 	(obj:0)
z#417                                               1 	(obj:0)
z#421                                0.99999999998974 	(obj:0)
z#430                                               1 	(obj:0)
z#442                               0.999999999953573 	(obj:0)
z#445                                               1 	(obj:0)
z#463                                               1 	(obj:0)
z#480                               0.999999999996796 	(obj:0)
z#491                                               1 	(obj:0)
z#499                                1.00000000000392 	(obj:0)
z#510                                1.00000000002043 	(obj:0)
z#513                                               1 	(obj:0)
z#518                                               1 	(obj:0)
z#520                                               1 	(obj:0)
z#523                                               1 	(obj:0)
z#524                                               1 	(obj:0)
z#532                                               1 	(obj:0)
z#533                                 1.0000000000076 	(obj:0)
z#536                                               1 	(obj:0)
z#538                                               1 	(obj:0)
z#549                                               1 	(obj:0)
z#556                                               1 	(obj:0)
z#571                                               1 	(obj:0)
z#579                                               1 	(obj:0)
z#587                               0.999999999997739 	(obj:0)
z#589                                1.00000000000839 	(obj:0)
z#591                                               1 	(obj:0)
z#592                               0.999999999945498 	(obj:0)
z#596                               0.999999999963779 	(obj:0)
z#606                                               1 	(obj:0)
z#619                                               1 	(obj:0)
z#620                                               1 	(obj:0)
z#630                                               1 	(obj:0)
z#632                                               1 	(obj:0)
z#638                                 1.0000000000462 	(obj:0)
z#646                                               1 	(obj:0)
z#666                                               1 	(obj:0)
z#667                                               1 	(obj:0)
z#671                                               1 	(obj:0)
z#676                                1.00000000001381 	(obj:0)
z#696                               0.999999999991891 	(obj:0)
z#697                                               1 	(obj:0)
z#699                                               1 	(obj:0)
z#700                                               1 	(obj:0)
z#704                                               1 	(obj:0)
z#706                                               1 	(obj:0)
z#729                                               1 	(obj:0)
z#730                                               1 	(obj:0)
z#731                                               1 	(obj:0)
z#763                                               1 	(obj:0)
z#768                                               1 	(obj:0)
z#769                                               1 	(obj:0)
z#770                               0.999999999969337 	(obj:0)
z#777                                               1 	(obj:0)
z#794                                               1 	(obj:0)
z#797                                               1 	(obj:0)
z#805                                               1 	(obj:0)
z#806                                               1 	(obj:0)
z#808                                               1 	(obj:0)
z#816                                               1 	(obj:0)
z#820                                1.00000000001316 	(obj:0)
z#822                                 1.0000000000032 	(obj:0)
z#828                                               1 	(obj:0)
z#851                                               1 	(obj:0)
z#866                                               1 	(obj:0)
z#868                                               1 	(obj:0)
z#877                                               1 	(obj:0)
z#888                                               1 	(obj:0)
z#895                                               1 	(obj:0)
z#900                                               1 	(obj:0)
z#911                                1.00000000000349 	(obj:0)
z#912                                               1 	(obj:0)
z#930                                               1 	(obj:0)
z#951                                               1 	(obj:0)
z#956                                               1 	(obj:0)
z#965                                               1 	(obj:0)
z#969                                               1 	(obj:0)
z#973                                               1 	(obj:0)
z#981                               0.999999999834802 	(obj:0)
z#982                               0.999999999986287 	(obj:0)
z#987                                               1 	(obj:0)
z#1016                                              1 	(obj:0)
z#1017                                              1 	(obj:0)
z#1019                                              1 	(obj:0)
z#1022                                              1 	(obj:0)
z#1024                              0.999999999995074 	(obj:0)
z#1026                               1.00000000001138 	(obj:0)
z#1035                                              1 	(obj:0)
z#1044                                              1 	(obj:0)
z#1046                              0.999999999984396 	(obj:0)
z#1055                                              1 	(obj:0)
z#1059                              0.999999999986637 	(obj:0)
z#1071                                              1 	(obj:0)
z#1072                                              1 	(obj:0)
z#1074                                              1 	(obj:0)
z#1079                                              1 	(obj:0)
z#1090                                              1 	(obj:0)
z#1097                              0.999999999993797 	(obj:0)
z#1105                              0.999999999844221 	(obj:0)
z#1111                               1.00000000000663 	(obj:0)
z#1113                                              1 	(obj:0)
z#1117                                              1 	(obj:0)
z#1126                                              1 	(obj:0)
z#1135                                              1 	(obj:0)
z#1151                              0.999999999991419 	(obj:0)
z#1158                               1.00000000003161 	(obj:0)
z#1161                                              1 	(obj:0)
z#1163                                              1 	(obj:0)
z#1174                                              1 	(obj:0)
z#1176                                              1 	(obj:0)
z#1179                                              1 	(obj:0)
z#1180                              0.999999999996049 	(obj:0)
z#1190                              0.999999999919736 	(obj:0)
z#1192                                              1 	(obj:0)
z#1198                                              1 	(obj:0)
z#1223                                              1 	(obj:0)
z#1237                                              1 	(obj:0)
z#1240                              0.999999999999441 	(obj:0)
z#1241                                              1 	(obj:0)
z#1242                                              1 	(obj:0)
z#1245                                              1 	(obj:0)
z#1247                              0.999999999993016 	(obj:0)
z#1254                                              1 	(obj:0)
z#1264                               0.99999999999633 	(obj:0)
z#1268                                              1 	(obj:0)
z#1271                                              1 	(obj:0)
z#1274                                              1 	(obj:0)
z#1282                                              1 	(obj:0)
z#1292                               1.00000000000137 	(obj:0)
z#1301                                              1 	(obj:0)
z#1303                               1.00000000000001 	(obj:0)
z#1304                                              1 	(obj:0)
z#1306                              0.999999999979663 	(obj:0)
z#1309                               1.00000000000602 	(obj:0)
z#1323                                              1 	(obj:0)
z#1324                                              1 	(obj:0)
z#1326                                1.0000000000033 	(obj:0)
z#1327                                              1 	(obj:0)
z#1331                                              1 	(obj:0)
z#1335                               1.00000000000066 	(obj:0)
z#1338                              0.999999999990898 	(obj:0)
z#1351                                              1 	(obj:0)
z#1355                                              1 	(obj:0)
z#1361                               1.00000000001038 	(obj:0)
z#1366                                              1 	(obj:0)
z#1382                              0.999999999987798 	(obj:0)
z#1389                              0.999999999993951 	(obj:0)
z#1395                                              1 	(obj:0)
z#1401                                              1 	(obj:0)
z#1406                                              1 	(obj:0)
z#1412                                              1 	(obj:0)
z#1415                               1.00000000004196 	(obj:0)
z#1432                                              1 	(obj:0)
z#1446                                              1 	(obj:0)
z#1455                                              1 	(obj:0)
z#1464                               1.00000000001723 	(obj:0)
z#1471                              0.999999999991484 	(obj:0)
z#1475                              0.999999999995239 	(obj:0)
z#1477                                              1 	(obj:0)
z#1478                                              1 	(obj:0)
z#1484                                              1 	(obj:0)
z#1487                               0.99999999998526 	(obj:0)
z#1499                                              1 	(obj:0)
z#1515                                              1 	(obj:0)
z#1520                                              1 	(obj:0)
z#1524                              0.999999999999881 	(obj:0)
z#1529                               1.00000000001677 	(obj:0)
z#1533                                              1 	(obj:0)
z#1534                                              1 	(obj:0)
z#1550                                              1 	(obj:0)
z#1581                                              1 	(obj:0)
z#1586                                              1 	(obj:0)
z#1592                              0.999999999997895 	(obj:0)
z#1594                                              1 	(obj:0)
z#1601                                              1 	(obj:0)
z#1604                               1.00000000000295 	(obj:0)
z#1607                              0.999999999994999 	(obj:0)
z#1610                                              1 	(obj:0)
z#1613                                              1 	(obj:0)
z#1614                               1.00000000000404 	(obj:0)
z#1624                                              1 	(obj:0)
z#1630                                              1 	(obj:0)
z#1631                              0.999999999984119 	(obj:0)
z#1634                              0.999999999986315 	(obj:0)
z#1648                               1.00000000002548 	(obj:0)
z#1663                                              1 	(obj:0)
z#1680                                              1 	(obj:0)
z#1682                              0.999999999999009 	(obj:0)
z#1683                               1.00000000000435 	(obj:0)
z#1695                                              1 	(obj:0)
z#1708                                              1 	(obj:0)
z#1716                                              1 	(obj:0)
z#1720                              0.999999999983529 	(obj:0)
z#1729                                              1 	(obj:0)
z#1739                                              1 	(obj:0)
z#1742                                              1 	(obj:0)
z#1743                                              1 	(obj:0)
z#1749                                              1 	(obj:0)
z#1754                                              1 	(obj:0)
z#1763                                              1 	(obj:0)
z#1773                                              1 	(obj:0)
z#1774                                              1 	(obj:0)
z#1777                               1.00000000000678 	(obj:0)
z#1782                               1.00000000000416 	(obj:0)
z#1787                               1.00000000004712 	(obj:0)
z#1788                                              1 	(obj:0)
z#1792                               1.00000000000426 	(obj:0)
z#1798                              0.999999999956846 	(obj:0)
z#1801                               1.00000000001574 	(obj:0)
z#1805                              0.999999999960214 	(obj:0)
z#1815                              0.999999999997145 	(obj:0)
z#1817                               1.00000000003558 	(obj:0)
z#1823                              0.999999999978681 	(obj:0)
z#1831                                              1 	(obj:0)
z#1835                                              1 	(obj:0)
z#1837                                              1 	(obj:0)
z#1845                                              1 	(obj:0)
z#1847                               1.00000000000711 	(obj:0)
z#1855                                              1 	(obj:0)
z#1863                              0.999999999997184 	(obj:0)
z#1864                                              1 	(obj:0)
z#1868                                              1 	(obj:0)
z#1870                                              1 	(obj:0)
z#1884                              0.999999999977875 	(obj:0)
z#1887                                              1 	(obj:0)
z#1901                               1.00000000001093 	(obj:0)
z#1914                                              1 	(obj:0)
z#1923                               1.00000000000592 	(obj:0)
z#1948                                              1 	(obj:0)
z#1949                              0.999999999940488 	(obj:0)
z#1951                                              1 	(obj:0)
z#1957                                              1 	(obj:0)
z#1958                                              1 	(obj:0)
z#1965                                              1 	(obj:0)
z#1967                                              1 	(obj:0)
z#1971                              0.999999999849549 	(obj:0)
z#1974                              0.999999999916269 	(obj:0)
z#1983                                              1 	(obj:0)
z#1984                                              1 	(obj:0)
z#1989                                              1 	(obj:0)
z#1992                                              1 	(obj:0)
z#1995                                              1 	(obj:0)
z#2005                                              1 	(obj:0)
z#2014                                              1 	(obj:0)
z#2022                               1.00000000001415 	(obj:0)
z#2024                                              1 	(obj:0)
z#2027                                              1 	(obj:0)
z#2036                                              1 	(obj:0)
z#2043                               1.00000000000884 	(obj:0)
z#2048                                              1 	(obj:0)
z#2052                                              1 	(obj:0)
z#2053                                              1 	(obj:0)
z#2057                              0.999999999996846 	(obj:0)
z#2062                                              1 	(obj:0)
z#2067                                              1 	(obj:0)
z#2073                              0.999999999965605 	(obj:0)
z#2076                                              1 	(obj:0)
z#2092                               1.00000000000537 	(obj:0)
z#2099                              0.999999999993225 	(obj:0)
z#2110                                              1 	(obj:0)
z#2117                              0.999999999998807 	(obj:0)
z#2123                                              1 	(obj:0)
z#2128                                              1 	(obj:0)
z#2130                                              1 	(obj:0)
z#2136                              0.999999999999148 	(obj:0)
z#2144                                              1 	(obj:0)
z#2152                                              1 	(obj:0)
z#2163                                              1 	(obj:0)
z#2175                                              1 	(obj:0)
z#2176                               1.00000000000078 	(obj:0)
z#2180                              0.999999999992387 	(obj:0)
z#2183                                              1 	(obj:0)
z#2185                                              1 	(obj:0)
z#2190                                              1 	(obj:0)
z#2192                                              1 	(obj:0)
z#2199                               0.99999999999725 	(obj:0)
z#2202                                              1 	(obj:0)
z#2206                               1.00000000003678 	(obj:0)
z#2213                                              1 	(obj:0)
z#2214                                              1 	(obj:0)
z#2216                                              1 	(obj:0)
z#2221                                              1 	(obj:0)
z#2239                                              1 	(obj:0)
z#2241                              0.999999999926548 	(obj:0)
z#2252                                              1 	(obj:0)
z#2271                                              1 	(obj:0)
z#2280                                              1 	(obj:0)
z#2287                               0.99999999999892 	(obj:0)
z#2297                                              1 	(obj:0)
z#2311                                              1 	(obj:0)
z#2313                              0.999999999994755 	(obj:0)
z#2336                               1.00000000000225 	(obj:0)
z#2364                                              1 	(obj:0)
z#2371                                              1 	(obj:0)
z#2372                              0.999999999950407 	(obj:0)
z#2379                              0.999999999974732 	(obj:0)
z#2380                                              1 	(obj:0)
z#2381                                              1 	(obj:0)
z#2394                                              1 	(obj:0)
z#2397                                              1 	(obj:0)
z#2405                                              1 	(obj:0)
z#2409                                              1 	(obj:0)
z#2410                              0.999999999979107 	(obj:0)
z#2424                                              1 	(obj:0)
z#2430                                              1 	(obj:0)
z#2431                              0.999999999998118 	(obj:0)
z#2432                                              1 	(obj:0)
z#2433                               1.00000000004202 	(obj:0)
z#2439                                1.0000000000017 	(obj:0)
z#2440                              0.999999999998227 	(obj:0)
z#2446                                              1 	(obj:0)
z#2451                                              1 	(obj:0)
z#2453                                              1 	(obj:0)
z#2457                                              1 	(obj:0)
z#2460                                              1 	(obj:0)
z#2463                                              1 	(obj:0)
z#2472                               1.00000000000349 	(obj:0)
z#2488                               1.00000000000465 	(obj:0)
z#2495                              0.999999999995553 	(obj:0)
z#2512                                              1 	(obj:0)
z#2517                                              1 	(obj:0)
z#2542                                              1 	(obj:0)
z#2551                                              1 	(obj:0)
z#2554                                              1 	(obj:0)
z#2558                                              1 	(obj:0)
z#2564                              0.999999999988664 	(obj:0)
z#2568                               1.00000000007588 	(obj:0)
z#2569                              0.999999999960696 	(obj:0)
z#2570                              0.999999999987624 	(obj:0)
z#2580                                              1 	(obj:0)
z#2583                                              1 	(obj:0)
z#2589                               1.00000000000511 	(obj:0)
z#2593                                              1 	(obj:0)
z#2599                              0.999999999999605 	(obj:0)
z#2603                               1.00000000001959 	(obj:0)
z#2609                                              1 	(obj:0)
z#2614                                              1 	(obj:0)
z#2615                                              1 	(obj:0)
z#2617                                              1 	(obj:0)
z#2620                                              1 	(obj:0)
z#2624                                              1 	(obj:0)
z#2633                                              1 	(obj:0)
z#2642                              0.999999999996494 	(obj:0)
z#2643                                              1 	(obj:0)
z#2646                              0.999999999996102 	(obj:0)
z#2648                                              1 	(obj:0)
z#2654                                              1 	(obj:0)
z#2657                                              1 	(obj:0)
z#2664                              0.999999999992999 	(obj:0)
z#2679                                              1 	(obj:0)
z#2682                              0.999999999996948 	(obj:0)
z#2706                              0.999999999999967 	(obj:0)
z#2736                                              1 	(obj:0)
z#2742                                              1 	(obj:0)
z#2743                                              1 	(obj:0)
z#2744                              0.999999999986991 	(obj:0)
z#2746                                              1 	(obj:0)
z#2747                              0.999999999999775 	(obj:0)
z#2753                                              1 	(obj:0)
z#2762                              0.999999999951783 	(obj:0)
z#2764                               1.00000000000127 	(obj:0)
z#2769                              0.999999999985519 	(obj:0)
z#2775                                1.0000000000165 	(obj:0)
z#2795                                              1 	(obj:0)
z#2798                                              1 	(obj:0)
z#2827                              0.999999999975137 	(obj:0)
z#2828                              0.999999999987637 	(obj:0)
z#2829                                              1 	(obj:0)
z#2839                              0.999999999987333 	(obj:0)
z#2850                                              1 	(obj:0)
z#2853                              0.999999999983566 	(obj:0)
z#2865                               1.00000000000329 	(obj:0)
z#2875                                              1 	(obj:0)
z#2878                                              1 	(obj:0)
z#2883                                              1 	(obj:0)
z#2887                               1.00000000000109 	(obj:0)
z#2896                                              1 	(obj:0)
z#2914                                              1 	(obj:0)
z#2920                               1.00000000000044 	(obj:0)
z#2925                                              1 	(obj:0)
z#2929                                              1 	(obj:0)
z#2962                                              1 	(obj:0)
z#2966                              0.999999999989916 	(obj:0)
z#2972                                              1 	(obj:0)
z#2980                                              1 	(obj:0)
z#2981                                              1 	(obj:0)
z#2987                                              1 	(obj:0)
z#2989                              0.999999999997112 	(obj:0)
z#2992                                              1 	(obj:0)
z#2993                                              1 	(obj:0)
z#2999                                              1 	(obj:0)
x#0                                  81.1267012687431 	(obj:0.89)
x#1                                  75.7974219137481 	(obj:0.95)
x#2                                  863.261947870304 	(obj:0.82)
x#4                                  880.937883240738 	(obj:0.76)
x#10                                 383.522489429327 	(obj:0.79)
x#11                                 134.931824602621 	(obj:0.91)
x#15                                 108.313154533841 	(obj:0.93)
y#0#0                                81.1267012687431 	(obj:0)
y#1#11                               75.7974219137481 	(obj:0)
y#2#3                                87.7323875803329 	(obj:0)
y#2#4                                88.1863070539059 	(obj:0)
y#2#5                                86.8423875433014 	(obj:0)
y#2#6                                82.4660992907825 	(obj:0)
y#2#13                                100.38553191493 	(obj:0)
y#2#14                               77.0003599280004 	(obj:0)
y#2#20                               97.0897491821156 	(obj:0)
y#2#23                               64.9406850961411 	(obj:0)
y#2#26                               116.035290280624 	(obj:0)
y#2#27                                 62.58315000017 	(obj:0)
y#4#1                                69.3444220090711 	(obj:0)
y#4#10                               84.2901585566202 	(obj:0)
y#4#12                               68.3910472971415 	(obj:0)
y#4#15                               116.615241157636 	(obj:0)
y#4#16                                 72.90806969276 	(obj:0)
y#4#18                               78.6064059338575 	(obj:0)
y#4#24                               117.559825033665 	(obj:0)
y#4#25                               127.286180904613 	(obj:0)
y#4#28                               60.5996772458582 	(obj:0)
y#4#29                               85.3368554095149 	(obj:0)
y#10#7                               90.0999494949347 	(obj:0)
y#10#8                               39.6735596247739 	(obj:0)
y#10#9                                69.490510543813 	(obj:0)
y#10#17                              94.9017462165449 	(obj:0)
y#10#21                              89.3567235492601 	(obj:0)
y#11#19                              56.0670977011229 	(obj:0)
y#11#22                              78.8647269014978 	(obj:0)
y#15#2                               108.313154533841 	(obj:0)
v#0                                          140.6737 	(obj:0)
v#1                                   137.37129999997 	(obj:0)
v#2                                  169.618399999995 	(obj:0)
v#3                                  163.884100000062 	(obj:0)
v#4                                  127.517399999948 	(obj:0)
v#5                                  150.584700000085 	(obj:0)
v#6                                  174.415800000005 	(obj:0)
v#7                                  178.397899999971 	(obj:0)
v#8                                  88.8290999998688 	(obj:0)
v#9                                  125.221899999951 	(obj:0)
v#10                                 154.166700000058 	(obj:0)
v#11                                  152.88340000003 	(obj:0)
v#12                                 121.462499999723 	(obj:0)
v#13                                  165.13420000006 	(obj:0)
v#14                                 128.359599999977 	(obj:0)
v#15                                 181.336700000124 	(obj:0)
v#16                                  159.01249999991 	(obj:0)
v#17                                 163.041200000024 	(obj:0)
v#18                                 116.573299999911 	(obj:0)
v#19                                 117.068099999945 	(obj:0)
v#20                                         178.0626 	(obj:0)
v#21                                 130.907599999666 	(obj:0)
v#22                                 154.496000000034 	(obj:0)
v#23                                 108.061299999979 	(obj:0)
v#24                                 174.693900000027 	(obj:0)
v#25                                 151.979700000108 	(obj:0)
v#26                                 177.882100000196 	(obj:0)
v#27                                  125.16630000034 	(obj:0)
v#28                                  112.65480000005 	(obj:0)
v#29                                  168.79630000002 	(obj:0)

Statistics
==========

SCIP Status        : problem is solved [optimal solution found]
Total Time         :    9096.50
  solving          :    9096.29
  presolving       :       0.23 (included in solving)
  reading          :       0.21
  copying          :       0.25 (9 #copies) (minimal 0.02, maximal 0.03, average 0.03)
Original Problem   :
  Problem name     : 20-30-3000-3
  Variables        : 3650 (3000 binary, 0 integer, 0 implicit integer, 650 continuous)
  Constraints      : 13552 initial, 13552 maximal
  Objective        : minimize, 20 non-zeros (abs.min = 0.76, abs.max = 1.15)
Presolved Problem  :
  Problem name     : t_20-30-3000-3
  Variables        : 2022 (1990 binary, 0 integer, 0 implicit integer, 32 continuous)
  Constraints      : 13503 initial, 13912 maximal
  Objective        : minimize, 31 non-zeros (abs.min = 0.348464, abs.max = 0.93)
  Nonzeros         : 28993 constraint, 0 clique table
Presolvers         :   ExecTime  SetupTime  Calls  FixedVars   AggrVars   ChgTypes  ChgBounds   AddHoles    DelCons    AddCons   ChgSides   ChgCoefs
  boundshift       :       0.00       0.00      0          0          0          0          0          0          0          0          0          0
  convertinttobin  :       0.00       0.00      0          0          0          0          0          0          0          0          0          0
  domcol           :       0.04       0.00      1          0          0          0          0          0          0          0          0          0
  dualagg          :       0.00       0.00      0          0          0          0          0          0          0          0          0          0
  dualcomp         :       0.01       0.00      1          0          0          0          0          0          0          0          0          0
  dualinfer        :       0.00       0.00      0          0          0          0          0          0          0          0          0          0
  dualsparsify     :       0.03       0.00      1          0          0          0          0          0          0          0          0          0
  gateextraction   :       0.00       0.00      0          0          0          0          0          0          0          0          0          0
  implics          :       0.00       0.00      3          0          0          0          0          0          0          0          0          0
  inttobinary      :       0.00       0.00      0          0          0          0          0          0          0          0          0          0
  milp             :       0.04       0.00      1        288         49          0          0          0          0          0          0          0
  qpkktref         :       0.00       0.00      0          0          0          0          0          0          0          0          0          0
  redvub           :       0.00       0.00      0          0          0          0          0          0          0          0          0          0
  sparsify         :       0.01       0.00      1          0          0          0          0          0          0          0          0          0
  stuffing         :       0.00       0.00      0          0          0          0          0          0          0          0          0          0
  trivial          :       0.00       0.00      6          0          0          0          0          0          0          0          0          0
  tworowbnd        :       0.00       0.00      0          0          0          0          0          0          0          0          0          0
  dualfix          :       0.00       0.00      6       1291          0          0          0          0          0          0          0          0
  genvbounds       :       0.00       0.00      0          0          0          0          0          0          0          0          0          0
  probing          :       0.01       0.00      1          0          0          0          0          0          0          0          0          0
  pseudoobj        :       0.00       0.00      0          0          0          0          0          0          0          0          0          0
  symmetry         :       0.00       0.00      1          0          0          0          0          0          0          0          0          0
  vbounds          :       0.00       0.00      0          0          0          0          0          0          0          0          0          0
  chancecons       :       0.00       0.00      0          0          0          0          0          0          0          0          0          0
  varbound         :       0.01       0.00      2          0          0          0          0          0          0          0          0          0
  knapsack         :       0.00       0.00      0          0          0          0          0          0          0          0          0          0
  linear           :       0.06       0.01      8          0          0          0         59          0         49          0          0          0
  logicor          :       0.00       0.00      0          0          0          0          0          0          0          0          0          0
  bounddisjunction :       0.00       0.00      0          0          0          0          0          0          0          0          0          0
  benders          :       0.00       0.00      0          0          0          0          0          0          0          0          0          0
  components       :       0.00       0.00      1          0          0          0          0          0          0          0          0          0
  root node        :          -          -      -         40          -          -         91          -          -          -          -          -
Constraints        :     Number  MaxNumber  #Separate #Propagate    #EnfoLP    #EnfoRelax  #EnfoPS    #Check   #ResProp    Cutoffs    DomReds       Cuts    Applied      Conss   Children
  benderslp        :          0          0          0          0        926          0          0        194          0          0          0          0          0          0          0
  chancecons       :          1          1        290          0          0          0          0          0          0          0          0       8225       5026          0          0
  integral         :          0          0          0          0        926          0          0        194          0          0       1078          0          0        612       1088
  varbound         :      13500      13500         55      67689          3          0          0        189      11243         30      12122          0          0          0          0
  knapsack         :          1          1         55      69297          3          0          0         29          0         24          0          0          0          0          0
  linear           :          1+         3         55      69459          3          0          0         28       1286        109        181          0          0          0          0
  logicor          :          0+       282          0       1939          0          0          0          0          7          9          0          0          0          0          0
  bounddisjunction :          0+       337          0       4517          0          0          0          0        197          3         69          0          0          0          0
  benders          :          0          0          0          0          3          0          0         26          0          0          0          0          0          0          0
  fixedvar         :          0          0          0          0          3          0          0         26          0          0          0          0          0          0          0
  countsols        :          0          0          0          0          3          0          0         26          0          0          0          0          0          0          0
  components       :          0          0          0          0          0          0          0          0          0          0          0          0          0          0          0
Constraint Timings :  TotalTime  SetupTime   Separate  Propagate     EnfoLP     EnfoPS     EnfoRelax   Check    ResProp    SB-Prop
  benderslp        :       0.00       0.00       0.00       0.00       0.00       0.00       0.00       0.00       0.00       0.00
  chancecons       :       0.37       0.00       0.37       0.00       0.00       0.00       0.00       0.00       0.00       0.00
  integral         :    2832.42       0.00       0.00       0.00    2832.42       0.00       0.00       0.00       0.00       0.00
  varbound         :       1.64       0.00       0.09       0.77       0.00       0.00       0.00       0.03       0.00       0.76
  knapsack         :       1.80       0.00       1.65       0.11       0.00       0.00       0.00       0.00       0.00       0.03
  linear           :       0.10       0.01       0.00       0.07       0.00       0.00       0.00       0.00       0.00       0.02
  logicor          :       0.02       0.00       0.00       0.01       0.00       0.00       0.00       0.00       0.00       0.01
  bounddisjunction :       0.07       0.00       0.00       0.04       0.00       0.00       0.00       0.00       0.00       0.03
  benders          :       0.00       0.00       0.00       0.00       0.00       0.00       0.00       0.00       0.00       0.00
  fixedvar         :       0.01       0.00       0.00       0.00       0.00       0.00       0.00       0.01       0.00       0.00
  countsols        :       0.00       0.00       0.00       0.00       0.00       0.00       0.00       0.00       0.00       0.00
  components       :       0.01       0.00       0.00       0.00       0.00       0.00       0.00       0.00       0.00       0.00
Propagators        : #Propagate   #ResProp    Cutoffs    DomReds
  dualfix          :          6          0          0          0
  genvbounds       :          0          0          0          0
  nlobbt           :          0          0          0          0
  obbt             :          0          0          0          0
  probing          :          0          0          0          0
  pseudoobj        :       4726          0          0        190
  redcost          :       3746          0          0     126031
  rootredcost      :          8          0          0         15
  symmetry         :          0          0          0          0
  vbounds          :      42079          0          0          0
Propagator Timings :  TotalTime  SetupTime   Presolve  Propagate    ResProp    SB-Prop
  dualfix          :       0.00       0.00       0.00       0.00       0.00       0.00
  genvbounds       :       0.01       0.00       0.00       0.01       0.00       0.00
  nlobbt           :       0.00       0.00       0.00       0.00       0.00       0.00
  obbt             :       0.00       0.00       0.00       0.00       0.00       0.00
  probing          :       0.01       0.00       0.01       0.00       0.00       0.00
  pseudoobj        :       0.02       0.00       0.00       0.02       0.00       0.00
  redcost          :       0.50       0.00       0.00       0.49       0.00       0.00
  rootredcost      :       0.01       0.00       0.00       0.01       0.00       0.01
  symmetry         :       0.01       0.00       0.00       0.01       0.00       0.01
  vbounds          :       0.05       0.00       0.00       0.04       0.00       0.01
Symmetry           :
  orbitopal red.   :          0 reductions applied,          0 cutoffs
  orbital reduction:          0 reductions applied,          0 cutoffs
  lexicographic red:          0 reductions applied,          0 cutoffs
  shadow tree time :       0.00 s
Conflict Analysis  :       Time      Calls    Success    DomReds  Conflicts   Literals    Reconvs ReconvLits   Dualrays   Nonzeros   LP Iters   (pool size: [10000,10000])
  propagation      :       0.01         66         30          -        320      121.8          0        0.0          -          -          -
  infeasible LP    :       0.00          0          0          -          0        0.0          0        0.0          0        0.0          0
  bound exceed. LP :       7.58       1157        463          -       1286       42.2          0        0.0         20        4.0       7182
  strong branching :       0.00          0          0          -          0        0.0          0        0.0          -          -          0
  pseudo solution  :       0.00          0          0          -          0        0.0          0        0.0          -          -          -
  applied globally :       0.02          -          -         18        870       60.5          -          -         20          -          -
  applied locally  :          -          -          -          0          2      332.0          -          -          0          -          -
Separators         :   ExecTime  SetupTime      Calls  RootCalls    Cutoffs    DomReds  FoundCuts ViaPoolAdd  DirectAdd    Applied ViaPoolApp  DirectApp      Conss
  cut pool         :       0.54          -        501        110          -          -      26837     106609          -          -          -          -          -    (maximal pool size:      26229)
  aggregation      :       6.52       0.00        137         55          0          0      24828      99707          0       8776       8776          0          0
  > cmir           :          -          -          -          -          -          -          -      99417          0       8774       8774          0          -
  > flowcover      :          -          -          -          -          -          -          -        288          0          0          0          0          -
  > knapsackcover  :          -          -          -          -          -          -          -          2          0          2          2          0          -
  cgmip            :       0.00       0.00          0          0          0          0          0          0          0          0          0          0          0
  clique           :       0.00       0.00          1          1          0          0          0          0          0          0          0          0          0
  closecuts        :       0.00       0.00          0          0          0          0          0          0          0          0          0          0          0
  convexproj       :       0.00       0.00          0          0          0          0          0          0          0          0          0          0          0
  disjunctive      :       0.00       0.00          0          0          0          0          0          0          0          0          0          0          0
  eccuts           :       0.00       0.00          0          0          0          0          0          0          0          0          0          0          0
  gauge            :       0.00       0.00          0          0          0          0          0          0          0          0          0          0          0
  gomory           :       6.16       0.00         72         10          0          0       2009       6902          0        778        778          0          0
  > gomorymi       :          -          -          -          -          -          -          -       6902          0        778        778          0          -
  > strongcg       :          -          -          -          -          -          -          -          0          0          0          0          0          -
  impliedbounds    :       0.04       0.00        137         55          0          0          0          0          0          0          0          0          0
  interminor       :       0.00       0.00          0          0          0          0          0          0          0          0          0          0          0
  intobj           :       0.00       0.00          0          0          0          0          0          0          0          0          0          0          0
  lagromory        :       0.00       0.00          0          0          0          0          0          0          0          0          0          0          0
  mcf              :       0.00       0.00          1          1          0          0          0          0          0          0          0          0          0
  minor            :       0.00       0.00         10         10          0          0          0          0          0          0          0          0          0
  mixing           :       0.00       0.00          0          0          0          0          0          0          0          0          0          0          0
  oddcycle         :       0.00       0.00          0          0          0          0          0          0          0          0          0          0          0
  rapidlearning    :       0.00       0.00          0          0          0          0          0          0          0          0          0          0          0
  rlt              :       0.00       0.00         10         10          0          0          0          0          0          0          0          0          0
  zerohalf         :       0.13       0.00         82         20          0          0          0          0          0          0          0          0          0
Cutselectors       :   ExecTime  SetupTime      Calls  RootCalls   Selected     Forced   Filtered  RootSelec   RootForc   RootFilt 
  hybrid           :       0.32       0.00        385         56      14580          0     100254       3070          0      42681
  ensemble         :       0.00       0.00          0          0          0          0          0          0          0          0
  dynamic          :       0.00       0.00          0          0          0          0          0          0          0          0
Pricers            :   ExecTime  SetupTime      Calls       Vars
  problem variables:       0.00          -          0          0
Branching Rules    :   ExecTime  SetupTime   BranchLP  BranchExt   BranchPS    Cutoffs    DomReds       Cuts      Conss   Children
  allfullstrong    :       0.00       0.00          0          0          0          0          0          0          0          0
  cloud            :       0.00       0.00          0          0          0          0          0          0          0          0
  distribution     :       0.00       0.00          0          0          0          0          0          0          0          0
  fullstrong       :       0.00       0.00          0          0          0          0          0          0          0          0
  gomory           :       0.00       0.00          0          0          0          0          0          0          0          0
  inference        :       0.00       0.00          0          0          0          0          0          0          0          0
  leastinf         :       0.00       0.00          0          0          0          0          0          0          0          0
  lookahead        :       0.00       0.00          0          0          0          0          0          0          0          0
  mostinf          :       0.00       0.00          0          0          0          0          0          0          0          0
  multaggr         :       0.00       0.00          0          0          0          0          0          0          0          0
  nodereopt        :       0.00       0.00          0          0          0          0          0          0          0          0
  pscost           :       0.00       0.00          0          0          0          0          0          0          0          0
  random           :       0.00       0.00          0          0          0          0          0          0          0          0
  relpscost        :    2832.42       0.00        923          0          0          0       1078          0        652       1088
  vanillafullstrong:       0.00       0.00          0          0          0          0          0          0          0          0
Primal Heuristics  :   ExecTime  SetupTime      Calls      Found       Best
  LP solutions     :       0.00          -          -          3          3
  relax solutions  :       0.00          -          -          0          0
  pseudo solutions :       0.00          -          -          0          0
  strong branching :       0.01          -          -          1          1
  actconsdiving    :       0.00       0.00          0          0          0
  adaptivediving   :      42.38       0.00          5          0          0
  alns             :       0.37       0.00          3          1          1
  bound            :       0.00       0.00          0          0          0
  clique           :       0.00       0.00          0          0          0
  coefdiving       :       0.00       0.00          0          0          0
  completesol      :       0.00       0.00          0          0          0
  conflictdiving   :       7.26       0.00          6          0          0
  crossover        :       0.34       0.00          2          2          2
  dins             :       0.00       0.00          0          0          0
  distributiondivin:      32.89       0.00          5          0          0
  dps              :       0.00       0.00          0          0          0
  dualval          :       0.00       0.00          0          0          0
  farkasdiving     :       0.00       0.00          0          0          0
  feaspump         :      12.01       0.00          1          1          1
  fixandinfer      :       0.00       0.00          0          0          0
  fracdiving       :      41.25       0.00          5          0          0
  gins             :       0.01       0.00          0          0          0
  guideddiving     :      39.40       0.00          5          0          0
  indicator        :       0.00       0.00          0          0          0
  indicatordiving  :       0.00       0.00          0          0          0
  intdiving        :       0.00       0.00          0          0          0
  intshifting      :       9.55       0.00         12          1          1
  linesearchdiving :       9.39       0.00          5          0          0
  localbranching   :       0.00       0.00          0          0          0
  locks            :       0.07       0.00          1          1          1
  lpface           :       0.00       0.00          0          0          0
  mpec             :       0.00       0.00          0          0          0
  multistart       :       0.00       0.00          0          0          0
  mutation         :       0.00       0.00          0          0          0
  nlpdiving        :       0.00       0.00          0          0          0
  objpscostdiving  :     277.07       0.00          3          3          0
  octane           :       0.00       0.00          0          0          0
  ofins            :       0.00       0.00          0          0          0
  oneopt           :       0.02       0.00         10          0          0
  padm             :       0.00       0.00          0          0          0
  proximity        :       0.00       0.00          0          0          0
  pscostdiving     :      36.66       0.00          6          1          1
  randrounding     :       0.75       0.00        162          0          0
  rens             :       3.28       0.00          1          1          0
  reoptsols        :       0.00       0.00          0          0          0
  repair           :       0.00       0.00          0          0          0
  rins             :       1.82       0.00          3          3          0
  rootsoldiving    :      23.23       0.00          3          3          0
  rounding         :       0.75       0.00        489          0          0
  scheduler        :       0.00       0.00          0          0          0
  shiftandpropagate:       0.00       0.00          0          0          0
  shifting         :      12.73       0.00        431          6          1
  simplerounding   :       0.00       0.00          0          0          0
  subnlp           :       0.00       0.00          0          0          0
  trivial          :       0.00       0.00          2          0          0
  trivialnegation  :       0.00       0.00          0          0          0
  trustregion      :       0.00       0.00          0          0          0
  trysol           :       0.00       0.00          0          0          0
  twoopt           :       0.00       0.00          0          0          0
  undercover       :       0.00       0.00          0          0          0
  vbounds          :       0.04       0.00          1          1          1
  veclendiving     :      27.14       0.00          5          0          0
  zeroobj          :       0.00       0.00          0          0          0
  zirounding       :       0.62       0.00        544          0          0
  other solutions  :          -          -          -          0          -
LNS (Scheduler)    :      Calls  SetupTime  SolveTime SolveNodes       Sols       Best       Exp3    Exp3-IX  EpsGreedy        UCB TgtFixRate  Opt  Inf Node Stal  Sol  Usr Othr Actv
  rens             :          0       0.00       0.00          0          0          0    0.00000    0.12500   -1.00000    1.00000      0.900    0    0    0    0    0    0    0    1
  rins             :          0       0.00       0.00          0          0          0    0.00000    0.12500   -1.00000    1.00000      0.900    0    0    0    0    0    0    0    1
  mutation         :          0       0.00       0.00          0          0          0    0.00000    0.12500   -1.00000    1.00000      0.900    0    0    0    0    0    0    0    1
  localbranching   :          0       0.00       0.00          0          0          0    0.00000    0.12500   -1.00000    1.00000      0.900    0    0    0    0    0    0    0    1
  crossover        :          0       0.00       0.00          0          0          0    0.00000    0.12500   -1.00000    1.00000      0.900    0    0    0    0    0    0    0    1
  proximity        :          0       0.00       0.00          0          0          0    0.00000    0.12500   -1.00000    1.00000      0.900    0    0    0    0    0    0    0    1
  zeroobjective    :          0       0.00       0.00          0          0          0    0.00000    0.12500   -1.00000    1.00000      0.900    0    0    0    0    0    0    0    1
  dins             :          0       0.00       0.00          0          0          0    0.00000    0.12500   -1.00000    1.00000      0.900    0    0    0    0    0    0    0    1
  trustregion      :          0       0.00       0.00          0          0          0    0.00000    0.00000   -1.00000    1.00000      0.900    0    0    0    0    0    0    0    0
LP                 :       Time      Calls Iterations  Iter/call   Iter/sec  Time-0-It Calls-0-It    ItLimit
  primal LP        :       0.53        145          0       0.00       0.00       0.53        145
  dual LP          :    5660.56       3244    5192217    2899.06     917.26       5.48       1453
  lex dual LP      :       0.00          0          0       0.00          -
  barrier LP       :       0.00          0          0       0.00          -       0.00          0
  resolve instable :       0.00          0          0       0.00          -
  diving/probing LP:     617.87       2174     915740     421.22    1482.09
  strong branching :    2753.98       3237    2065302     638.03     749.93          -          -       3253
    (at root node) :          -         45      41781     928.47          -
  conflict analysis:       6.27        723       7182       9.93    1145.24
B&B Tree           :
  number of runs   :          1
  nodes            :       1062 (544 internal, 518 leaves)
  feasible leaves  :          3
  infeas. leaves   :          7
  objective leaves :        508
  nodes (total)    :       1062 (544 internal, 518 leaves)
  nodes left       :          0
  max depth        :         60
  max depth (total):         60
  backtracks       :        338 (31.8%)
  early backtracks :          0 (0.0%)
  nodes exc. ref.  :          0 (0.0%)
  delayed cutoffs  :          1
  repropagations   :        186 (73 domain reductions, 0 cutoffs)
  avg switch length:       7.85
  switching time   :       1.09
Root Node          :
  First LP value   : +1.94674308107057e+03
  First LP Iters   :       2939 (4391.53 Iter/sec)
  First LP Time    :       0.67
  Final Dual Bound : +2.04697605470324e+03
  Final Root Iters :      71015
  Root LP Estimate : +2.04957769180252e+03
Solution           :
  Solutions found  :         28 (13 improvements)
  First Solution   : +2.15396642914840e+03   (in run 1, after 1 nodes, 0.33 seconds, depth 451, found by <locks>)
  Gap First Sol.   :      24.07 %
  Gap Last Sol.    :       0.04 %
  Primal Bound     : +2.04809986421788e+03   (in run 1, after 945 nodes, 7725.95 seconds, depth 10, found by <relaxation>)
  Dual Bound       : +2.04809986421788e+03
  Gap              :       0.00 %
Integrals          :      Total       Avg%
  primal-dual      :     922.64       0.10
  primal-ref       :          -          - (not evaluated)
  dual-ref         :          -          - (not evaluated)

 Branching Statistics...

 Total number of propagations -> 0

 Number of cutoffs of KnaCons -> 0

 Total number of variables fixed to 1 by the propagator -> 0

 Total number of variables fixed to 0 by the propagator -> 0

 Maximum number of rounds of the approximation algorithm -> 0

 Runtime of the exact algorithm -> 0.0000 s

 Total number of variables fixed to 1 in the exact algorithm -> 0

 Total number of variables fixed to 0 in the exact algorithm -> 0

 Number of cutoffs in the exact algorithm -> 0

 Number of cutoffs in the approximation algorithm -> 0

 PS:  
