***************************************
*         SCIP-based CCP Solver       *
*                                     *
*    Wei Lv and Wei-Kun Chen (2024)   *
***************************************
/share/home/wangzhaowei/lvwei/scipoptsuite-9.1.0/build/bin/examples/ccp -f CCRPData/20-30-2000-4.ccrp -s CCRPSetting/BnC-MIX1.set 
SCIP version 9.1.0 [precision: 8 byte] [memory: block] [mode: optimized] [LP solver: Soplex 7.1.0] [GitHash: 8cab0278ba]
Copyright (c) 2002-2024 Zuse Institute Berlin (ZIB)

External libraries: 
  Soplex 7.1.0         Linear Programming Solver developed at Zuse Institute Berlin (soplex.zib.de) [GitHash: 595bfac9]
  CppAD 20180000.0     Algorithmic Differentiation of C++ algorithms developed by B. Bell (github.com/coin-or/CppAD)
  ZLIB 1.2.7           General purpose compression library by J. Gailly and M. Adler (zlib.net)
  GMP 6.0.0            GNU Multiple Precision Arithmetic Library developed by T. Granlund (gmplib.org)
  AMPL/MP 690e9e7      AMPL .nl file reader library (github.com/ampl/mp)
  PaPILO 2.3.0         parallel presolve for integer and linear optimization (github.com/scipopt/papilo) (built with TBB) [GitHash: 4b8ce6ed]
  Nauty 2.8.8          Computing Graph Automorphism Groups by Brendan D. McKay (users.cecs.anu.edu.au/~bdm/nauty)
  sassy 1.1            Symmetry preprocessor by Markus Anders (github.com/markusa4/sassy)

reading user parameter file <CCRPSetting/BnC-MIX1.set>

read problem <CCRPData/20-30-2000-4.ccrp>
============

File name: 	CCRPData/20-30-2000-4.ccrp
Problem name:	20-30-2000-4
NumResource: 	20
Dimension: 	30
NumScenario: 	2000
ConfidenceParameter: 	0.10
IsEqualProbability: 	1
BnC+MIX+DI: 	0
BnC+MIX+sDI: 	0
DB: 	0
DB+OPF: 	0
Dominance and Aggregation Statistics......
NumEdge:        139399
NumBiEdge: 	0
NumDomIneqs: 	139399
DominanceRatio: 0.0697
NumAggScenario: 2000 
BasicNumScenario: 1109 
original problem has 2650 variables (2000 bin, 0 int, 0 impl, 650 cont) and 6052 constraints

solve problem
=============

presolving:
(round 1, fast)       1172 del vars, 0 del conss, 0 add conss, 30 chg bounds, 0 chg sides, 0 chg coeffs, 0 upgd conss, 0 impls, 0 clqs
   (0.0s) running MILP presolver
   (0.0s) MILP presolver (3 rounds): 49 aggregations, 288 fixings, 0 bound changes
(round 2, medium)     1509 del vars, 6051 del conss, 6002 add conss, 30 chg bounds, 0 chg sides, 0 chg coeffs, 0 upgd conss, 0 impls, 0 clqs
(round 3, fast)       1509 del vars, 6051 del conss, 6002 add conss, 59 chg bounds, 0 chg sides, 0 chg coeffs, 0 upgd conss, 0 impls, 0 clqs
(round 4, exhaustive) 1509 del vars, 6051 del conss, 6002 add conss, 59 chg bounds, 0 chg sides, 0 chg coeffs, 6000 upgd conss, 0 impls, 0 clqs
   (0.1s) probing: 51/1109 (4.6%) - 0 fixings, 0 aggregations, 0 implications, 0 bound changes
   (0.1s) probing aborted: 50/50 successive totally useless probings
   (0.1s) symmetry computation started: requiring (bin +, int +, cont +), (fixed: bin -, int -, cont -)
   Symmetry detection interrupted: constraints of type chancecons do not provide symmetry information.
   If symmetries shall be detected, implement the CONSGETPERMSYMGRAPH callback.
   (0.1s) could not compute symmetry
presolving (5 rounds: 5 fast, 3 medium, 2 exhaustive):
 1509 deleted vars, 6051 deleted constraints, 6002 added constraints, 59 tightened bounds, 0 added holes, 0 changed sides, 0 changed coefficients
 6000 implications, 0 cliques
presolved problem has 1141 variables (1109 bin, 0 int, 0 impl, 32 cont) and 6003 constraints
      1 constraints of type <chancecons>
   6000 constraints of type <varbound>
      1 constraints of type <knapsack>
      1 constraints of type <linear>
Presolving Time: 0.12

 time | node  | left  |LP iter|LP it/n|mem/heur|mdpt |vars |cons |rows |cuts |sepa|confs|strbr|  dualbound   | primalbound  |  gap   | compl. 
p 0.2s|     1 |     0 |     1 |     - |   locks|   0 |1141 |6003 |6002 |   0 |  0 |   0 |   0 | 1.633509e+03 | 1.980505e+03 |  21.24%| unknown
p 0.2s|     1 |     0 |     3 |     - | vbounds|   0 |1141 |6004 |6002 |   0 |  0 |   1 |   0 | 1.633509e+03 | 1.980504e+03 |  21.24%| unknown
  0.3s|     1 |     0 |  1386 |     - |    42M |   0 |1141 |6004 |6002 |   0 |  0 |   1 |   0 | 1.816833e+03 | 1.980504e+03 |   9.01%| unknown
r 0.3s|     1 |     0 |  1386 |     - |shifting|   0 |1141 |6004 |6002 |   0 |  0 |   1 |   0 | 1.816833e+03 | 1.979915e+03 |   8.98%| unknown
  0.4s|     1 |     0 |  1807 |     - |    45M |   0 |1141 |6004 |6032 |  30 |  1 |   1 |   0 | 1.841435e+03 | 1.979915e+03 |   7.52%| unknown
  0.5s|     1 |     0 |  2149 |     - |    47M |   0 |1141 |6004 |6077 |  75 |  2 |   1 |   0 | 1.857957e+03 | 1.979915e+03 |   6.56%| unknown
  0.6s|     1 |     0 |  2437 |     - |    48M |   0 |1141 |6004 |6116 | 114 |  3 |   1 |   0 | 1.867678e+03 | 1.979915e+03 |   6.01%| unknown
  0.7s|     1 |     0 |  2736 |     - |    48M |   0 |1141 |6004 |6166 | 164 |  4 |   1 |   0 | 1.875534e+03 | 1.979915e+03 |   5.57%| unknown
  0.8s|     1 |     0 |  2982 |     - |    50M |   0 |1141 |6004 |6212 | 210 |  5 |   1 |   0 | 1.880657e+03 | 1.979915e+03 |   5.28%| unknown
  0.9s|     1 |     0 |  3261 |     - |    51M |   0 |1141 |6004 |6264 | 262 |  6 |   1 |   0 | 1.883717e+03 | 1.979915e+03 |   5.11%| unknown
  0.9s|     1 |     0 |  3511 |     - |    53M |   0 |1141 |6004 |6311 | 309 |  7 |   1 |   0 | 1.887178e+03 | 1.979915e+03 |   4.91%| unknown
  1.0s|     1 |     0 |  3843 |     - |    55M |   0 |1141 |6004 |6366 | 364 |  8 |   1 |   0 | 1.889620e+03 | 1.979915e+03 |   4.78%| unknown
  1.2s|     1 |     0 |  4214 |     - |    56M |   0 |1141 |6004 |6415 | 413 |  9 |   1 |   0 | 1.891314e+03 | 1.979915e+03 |   4.68%| unknown
  1.3s|     1 |     0 |  4583 |     - |    57M |   0 |1141 |6004 |6463 | 461 | 10 |   1 |   0 | 1.892939e+03 | 1.979915e+03 |   4.59%| unknown
  1.4s|     1 |     0 |  4935 |     - |    58M |   0 |1141 |6004 |6518 | 516 | 11 |   1 |   0 | 1.894089e+03 | 1.979915e+03 |   4.53%| unknown
 time | node  | left  |LP iter|LP it/n|mem/heur|mdpt |vars |cons |rows |cuts |sepa|confs|strbr|  dualbound   | primalbound  |  gap   | compl. 
  1.5s|     1 |     0 |  5282 |     - |    59M |   0 |1141 |6004 |6573 | 571 | 12 |   1 |   0 | 1.895090e+03 | 1.979915e+03 |   4.48%| unknown
  1.7s|     1 |     0 |  5768 |     - |    60M |   0 |1141 |6004 |6617 | 615 | 13 |   1 |   0 | 1.896118e+03 | 1.979915e+03 |   4.42%| unknown
  1.8s|     1 |     0 |  6221 |     - |    61M |   0 |1141 |6004 |6638 | 652 | 14 |   1 |   0 | 1.896706e+03 | 1.979915e+03 |   4.39%| unknown
  2.1s|     1 |     0 |  6812 |     - |    62M |   0 |1141 |6004 |6688 | 702 | 15 |   1 |   0 | 1.897710e+03 | 1.979915e+03 |   4.33%| unknown
  2.3s|     1 |     0 |  7442 |     - |    63M |   0 |1141 |6004 |6735 | 749 | 16 |   1 |   0 | 1.898301e+03 | 1.979915e+03 |   4.30%| unknown
  2.6s|     1 |     0 |  8085 |     - |    65M |   0 |1141 |6004 |6783 | 797 | 17 |   1 |   0 | 1.898924e+03 | 1.979915e+03 |   4.27%| unknown
  3.0s|     1 |     0 |  8717 |     - |    66M |   0 |1141 |6004 |6845 | 859 | 18 |   1 |   0 | 1.899439e+03 | 1.979915e+03 |   4.24%| unknown
  3.3s|     1 |     0 |  9438 |     - |    67M |   0 |1141 |6004 |6903 | 917 | 19 |   1 |   0 | 1.899907e+03 | 1.979915e+03 |   4.21%| unknown
  3.8s|     1 |     0 | 10258 |     - |    68M |   0 |1141 |6004 |6861 | 973 | 20 |   1 |   0 | 1.900317e+03 | 1.979915e+03 |   4.19%| unknown
  4.5s|     1 |     0 | 11254 |     - |    69M |   0 |1141 |6004 |6917 |1029 | 21 |   1 |   0 | 1.900653e+03 | 1.979915e+03 |   4.17%| unknown
  5.1s|     1 |     0 | 12178 |     - |    71M |   0 |1141 |6004 |6974 |1086 | 22 |   1 |   0 | 1.901036e+03 | 1.979915e+03 |   4.15%| unknown
  5.6s|     1 |     0 | 13031 |     - |    71M |   0 |1141 |6004 |7028 |1140 | 23 |   1 |   0 | 1.901189e+03 | 1.979915e+03 |   4.14%| unknown
  6.1s|     1 |     0 | 13969 |     - |    73M |   0 |1141 |6004 |7080 |1192 | 24 |   1 |   0 | 1.901323e+03 | 1.979915e+03 |   4.13%| unknown
  6.6s|     1 |     0 | 14820 |     - |    73M |   0 |1141 |6004 |7139 |1251 | 25 |   1 |   0 | 1.901412e+03 | 1.979915e+03 |   4.13%| unknown
  7.3s|     1 |     0 | 15815 |     - |    74M |   0 |1141 |6004 |7003 |1303 | 26 |   1 |   0 | 1.901528e+03 | 1.979915e+03 |   4.12%| unknown
 time | node  | left  |LP iter|LP it/n|mem/heur|mdpt |vars |cons |rows |cuts |sepa|confs|strbr|  dualbound   | primalbound  |  gap   | compl. 
  7.9s|     1 |     0 | 16912 |     - |    74M |   0 |1141 |6004 |7061 |1361 | 27 |   1 |   0 | 1.901676e+03 | 1.979915e+03 |   4.11%| unknown
  8.5s|     1 |     0 | 17943 |     - |    75M |   0 |1141 |6004 |7114 |1414 | 28 |   1 |   0 | 1.901787e+03 | 1.979915e+03 |   4.11%| unknown
  9.2s|     1 |     0 | 19282 |     - |    76M |   0 |1141 |6004 |7161 |1461 | 29 |   1 |   0 | 1.901891e+03 | 1.979915e+03 |   4.10%| unknown
  9.7s|     1 |     0 | 20297 |     - |    76M |   0 |1141 |6004 |7206 |1506 | 30 |   1 |   0 | 1.901954e+03 | 1.979915e+03 |   4.10%| unknown
 10.2s|     1 |     0 | 21349 |     - |    77M |   0 |1141 |6004 |7256 |1556 | 31 |   1 |   0 | 1.901998e+03 | 1.979915e+03 |   4.10%| unknown
 10.8s|     1 |     0 | 22631 |     - |    77M |   0 |1141 |6004 |7034 |1595 | 32 |   1 |   0 | 1.902061e+03 | 1.979915e+03 |   4.09%| unknown
r11.0s|     1 |     0 | 23102 |     - |intshift|   0 |1141 |6004 |7034 |1595 | 32 |   1 |   0 | 1.902061e+03 | 1.955497e+03 |   2.81%| unknown
o12.8s|     1 |     0 | 30871 |     - |feaspump|   0 |1141 |6004 |7034 |1595 | 32 |   1 |   0 | 1.902061e+03 | 1.904055e+03 |   0.10%| unknown
 14.4s|     1 |     0 | 31042 |     - |    78M |   0 |1141 |6005 |7034 |1595 | 32 |   4 |   0 | 1.902061e+03 | 1.904055e+03 |   0.10%| unknown
 14.5s|     1 |     0 | 31042 |     - |    78M |   0 |1141 |6005 |6725 |1595 | 32 |   4 |   0 | 1.902061e+03 | 1.904055e+03 |   0.10%| unknown
 15.0s|     1 |     0 | 32272 |     - |    78M |   0 |1141 |6005 |6773 |1643 | 33 |   4 |   0 | 1.902116e+03 | 1.904055e+03 |   0.10%| unknown
 15.3s|     1 |     0 | 33124 |     - |    78M |   0 |1141 |6005 |6738 |1684 | 34 |   4 |   0 | 1.902136e+03 | 1.904055e+03 |   0.10%| unknown
 29.0s|     1 |     2 | 33124 |     - |    78M |   0 |1141 |5748 |6738 |1684 | 34 |   4 |  41 | 1.902167e+03 | 1.904055e+03 |   0.10%| unknown
L87.9s|    62 |    28 |108341 |1371.0 |    alns|  20 |1141 |5758 |6565 |2869 |  7 |  15 | 295 | 1.902194e+03 | 1.903625e+03 |   0.08%|   3.78%
L87.9s|    62 |    10 |108341 |1371.0 |    alns|  20 |1141 |5758 |6565 |2869 |  7 |  15 | 295 | 1.902194e+03 | 1.902806e+03 |   0.03%|  13.38%
 time | node  | left  |LP iter|LP it/n|mem/heur|mdpt |vars |cons |rows |cuts |sepa|confs|strbr|  dualbound   | primalbound  |  gap   | compl. 
L87.9s|    62 |    10 |108341 |1371.0 |    alns|  20 |1141 |5758 |6565 |2869 |  7 |  15 | 295 | 1.902194e+03 | 1.902732e+03 |   0.03%|  13.38%
*88.4s|    63 |     2 |109323 |1364.7 |strongbr|  20 |1141 |5759 |6363 |2869 |  1 |  16 | 296 | 1.902194e+03 | 1.902205e+03 |   0.00%|  36.65%

SCIP Status        : problem is solved [optimal solution found]
Solving Time (sec) : 88.62
Solving Nodes      : 65
Primal Bound       : +1.90220528572774e+03 (12 solutions)
Dual Bound         : +1.90220528572774e+03
Gap                : 0.00 %

primal solution (original space):
=================================

objective value:                     1902.20528572774
z#15                                                1 	(obj:0)
z#21                                 1.00000000000027 	(obj:0)
z#41                                                1 	(obj:0)
z#47                                 1.00000000000001 	(obj:0)
z#76                                                1 	(obj:0)
z#81                                                1 	(obj:0)
z#84                                 1.00000000000003 	(obj:0)
z#85                                                1 	(obj:0)
z#97                                                1 	(obj:0)
z#103                                               1 	(obj:0)
z#114                               0.999999999999932 	(obj:0)
z#115                                1.00000000000079 	(obj:0)
z#149                                               1 	(obj:0)
z#160                                               1 	(obj:0)
z#172                                               1 	(obj:0)
z#181                                               1 	(obj:0)
z#182                                1.00000000000007 	(obj:0)
z#209                                               1 	(obj:0)
z#211                                1.00000000000052 	(obj:0)
z#214                                 1.0000000000002 	(obj:0)
z#219                                               1 	(obj:0)
z#221                                1.00000000000003 	(obj:0)
z#222                                               1 	(obj:0)
z#236                                1.00000000000002 	(obj:0)
z#267                                1.00000000000008 	(obj:0)
z#313                                               1 	(obj:0)
z#326                                1.00000000000009 	(obj:0)
z#338                                               1 	(obj:0)
z#339                                1.00000000000017 	(obj:0)
z#353                                               1 	(obj:0)
z#356                                               1 	(obj:0)
z#368                                               1 	(obj:0)
z#382                                               1 	(obj:0)
z#397                                               1 	(obj:0)
z#405                               0.999999999999972 	(obj:0)
z#409                                               1 	(obj:0)
z#420                                1.00000000000011 	(obj:0)
z#439                                1.00000000000012 	(obj:0)
z#444                                               1 	(obj:0)
z#457                                1.00000000000079 	(obj:0)
z#472                                1.00000000000074 	(obj:0)
z#480                                1.00000000000836 	(obj:0)
z#483                                0.99999999999987 	(obj:0)
z#496                                               1 	(obj:0)
z#502                                               1 	(obj:0)
z#504                                               1 	(obj:0)
z#505                                               1 	(obj:0)
z#515                               0.999999999999467 	(obj:0)
z#525                                1.00000000000065 	(obj:0)
z#527                                               1 	(obj:0)
z#530                                1.00000000000015 	(obj:0)
z#534                                1.00000000000147 	(obj:0)
z#550                                1.00000000000041 	(obj:0)
z#553                                1.00000000000025 	(obj:0)
z#559                                1.00000000000016 	(obj:0)
z#565                                               1 	(obj:0)
z#567                                               1 	(obj:0)
z#571                                               1 	(obj:0)
z#585                                               1 	(obj:0)
z#587                                               1 	(obj:0)
z#594                                1.00000000000021 	(obj:0)
z#597                               0.999999999999954 	(obj:0)
z#627                               0.999999999999992 	(obj:0)
z#653                                               1 	(obj:0)
z#658                                               1 	(obj:0)
z#660                               0.999999999999979 	(obj:0)
z#669                                               1 	(obj:0)
z#680                                               1 	(obj:0)
z#689                                               1 	(obj:0)
z#705                                               1 	(obj:0)
z#712                                1.00000000000014 	(obj:0)
z#713                                1.00000000000013 	(obj:0)
z#717                                1.00000000000009 	(obj:0)
z#728                                               1 	(obj:0)
z#734                                1.00000000000014 	(obj:0)
z#736                                               1 	(obj:0)
z#742                                               1 	(obj:0)
z#763                                               1 	(obj:0)
z#770                                               1 	(obj:0)
z#771                                               1 	(obj:0)
z#772                                1.00000000000027 	(obj:0)
z#786                                               1 	(obj:0)
z#802                                               1 	(obj:0)
z#809                                               1 	(obj:0)
z#811                                1.00000000000021 	(obj:0)
z#818                                               1 	(obj:0)
z#822                                               1 	(obj:0)
z#829                               0.999999999999585 	(obj:0)
z#831                                               1 	(obj:0)
z#832                                1.00000000000003 	(obj:0)
z#836                                               1 	(obj:0)
z#883                                1.00000000000005 	(obj:0)
z#895                                               1 	(obj:0)
z#912                                1.00000000000032 	(obj:0)
z#918                                               1 	(obj:0)
z#921                                               1 	(obj:0)
z#952                                               1 	(obj:0)
z#953                                               1 	(obj:0)
z#960                                1.00000000000015 	(obj:0)
z#975                                1.00000000000009 	(obj:0)
z#995                                               1 	(obj:0)
z#1000                                              1 	(obj:0)
z#1009                                              1 	(obj:0)
z#1010                                              1 	(obj:0)
z#1031                                              1 	(obj:0)
z#1033                               1.00000000000904 	(obj:0)
z#1065                                              1 	(obj:0)
z#1074                                1.0000000000004 	(obj:0)
z#1085                               1.00000000000017 	(obj:0)
z#1094                                              1 	(obj:0)
z#1098                                              1 	(obj:0)
z#1104                                              1 	(obj:0)
z#1108                               1.00000000000042 	(obj:0)
z#1113                               1.00000000000014 	(obj:0)
z#1123                               1.00000000000009 	(obj:0)
z#1135                                              1 	(obj:0)
z#1141                                              1 	(obj:0)
z#1154                               1.00000000000014 	(obj:0)
z#1162                               1.00000000000033 	(obj:0)
z#1174                                              1 	(obj:0)
z#1177                                              1 	(obj:0)
z#1194                                              1 	(obj:0)
z#1196                                              1 	(obj:0)
z#1200                               1.00000000000023 	(obj:0)
z#1205                                              1 	(obj:0)
z#1220                               1.00000000000026 	(obj:0)
z#1225                                              1 	(obj:0)
z#1232                               1.00000000000044 	(obj:0)
z#1249                                              1 	(obj:0)
z#1252                                              1 	(obj:0)
z#1253                                              1 	(obj:0)
z#1264                               1.00000000000021 	(obj:0)
z#1268                               1.00000000000011 	(obj:0)
z#1270                                              1 	(obj:0)
z#1278                                              1 	(obj:0)
z#1288                                              1 	(obj:0)
z#1304                              0.999999999999847 	(obj:0)
z#1322                                              1 	(obj:0)
z#1325                                              1 	(obj:0)
z#1332                                              1 	(obj:0)
z#1340                                              1 	(obj:0)
z#1351                              0.999999999999985 	(obj:0)
z#1363                                              1 	(obj:0)
z#1369                                              1 	(obj:0)
z#1374                                              1 	(obj:0)
z#1379                                              1 	(obj:0)
z#1386                               1.00000000000067 	(obj:0)
z#1387                                              1 	(obj:0)
z#1389                                              1 	(obj:0)
z#1406                               1.00000000000018 	(obj:0)
z#1412                               1.00000000000025 	(obj:0)
z#1425                                              1 	(obj:0)
z#1433                                              1 	(obj:0)
z#1444                                              1 	(obj:0)
z#1445                                              1 	(obj:0)
z#1457                                              1 	(obj:0)
z#1493                               1.00000000000017 	(obj:0)
z#1529                                              1 	(obj:0)
z#1531                                              1 	(obj:0)
z#1532                               1.00000000000223 	(obj:0)
z#1545                                              1 	(obj:0)
z#1567                                1.0000000000002 	(obj:0)
z#1568                                              1 	(obj:0)
z#1571                                              1 	(obj:0)
z#1590                              0.999999999999993 	(obj:0)
z#1618                                              1 	(obj:0)
z#1631                                              1 	(obj:0)
z#1641                                              1 	(obj:0)
z#1642                                              1 	(obj:0)
z#1663                                              1 	(obj:0)
z#1666                               1.00000000000018 	(obj:0)
z#1674                               1.00000000000013 	(obj:0)
z#1694                                              1 	(obj:0)
z#1715                                              1 	(obj:0)
z#1720                               1.00000000000027 	(obj:0)
z#1723                                              1 	(obj:0)
z#1730                                              1 	(obj:0)
z#1744                               1.00000000000042 	(obj:0)
z#1746                               1.00000000000651 	(obj:0)
z#1759                                              1 	(obj:0)
z#1782                                              1 	(obj:0)
z#1783                               1.00000000000013 	(obj:0)
z#1784                                              1 	(obj:0)
z#1790                               1.00000000000009 	(obj:0)
z#1796                                1.0000000000001 	(obj:0)
z#1812                                              1 	(obj:0)
z#1826                               1.00000000000027 	(obj:0)
z#1830                                              1 	(obj:0)
z#1835                               1.00000000000015 	(obj:0)
z#1839                               1.00000000000012 	(obj:0)
z#1846                                              1 	(obj:0)
z#1873                               1.00000000000011 	(obj:0)
z#1879                               1.00000000000444 	(obj:0)
z#1901                               1.00000000000002 	(obj:0)
z#1903                                              1 	(obj:0)
z#1930                                              1 	(obj:0)
z#1948                               1.00000000000001 	(obj:0)
z#1954                              0.999999999999926 	(obj:0)
z#1965                                              1 	(obj:0)
z#1999                                              1 	(obj:0)
y#4#1                                67.1577486118123 	(obj:0)
y#4#10                               73.4376161837066 	(obj:0)
y#4#12                               70.9949324324205 	(obj:0)
y#4#15                               73.3115112540192 	(obj:0)
y#4#16                               62.5396607061024 	(obj:0)
y#4#18                                117.91490222522 	(obj:0)
y#4#24                               94.8452220726788 	(obj:0)
y#4#25                               96.3490787269681 	(obj:0)
y#4#28                                78.422807961275 	(obj:0)
y#4#29                               80.9311931243682 	(obj:0)
y#10#7                               72.5039898989902 	(obj:0)
y#10#8                               61.9423403305048 	(obj:0)
y#10#9                               56.1390122086573 	(obj:0)
y#10#17                              118.014202561112 	(obj:0)
y#10#21                               88.762935153584 	(obj:0)
y#11#19                              53.7027298850575 	(obj:0)
y#11#22                              75.9787136294027 	(obj:0)
y#15#2                               83.5664750957868 	(obj:0)
x#0                                  74.2159746251444 	(obj:0.89)
x#1                                  89.7006941001487 	(obj:0.95)
x#2                                  757.568978599164 	(obj:0.82)
x#4                                  815.904673298572 	(obj:0.76)
x#10                                 397.362480152848 	(obj:0.79)
x#11                                  129.68144351446 	(obj:0.91)
x#15                                 83.5664750957868 	(obj:0.93)
y#0#0                                74.2159746251444 	(obj:0)
y#1#11                               89.7006941001487 	(obj:0)
y#2#3                                65.3358672376877 	(obj:0)
y#2#4                                124.282226832644 	(obj:0)
y#2#5                                68.0922722029979 	(obj:0)
y#2#6                                           71.72 	(obj:0)
y#2#13                               101.940607902736 	(obj:0)
y#2#14                                76.087942411517 	(obj:0)
y#2#20                               47.5666303162485 	(obj:0)
y#2#23                               75.6928485576924 	(obj:0)
y#2#26                               71.0924331376383 	(obj:0)
y#2#27                                55.758150000002 	(obj:0)
v#0                                          128.6905 	(obj:0)
v#1                                          133.0395 	(obj:0)
v#2                                  130.865100000002 	(obj:0)
v#3                                  122.047400000001 	(obj:0)
v#4                                  179.712100000003 	(obj:0)
v#5                                  118.071999999998 	(obj:0)
v#6                                          151.6878 	(obj:0)
v#7                                  143.557900000001 	(obj:0)
v#8                                          138.6889 	(obj:0)
v#9                                          101.1625 	(obj:0)
v#10                                 134.317399999999 	(obj:0)
v#11                                         180.9263 	(obj:0)
v#12                                 126.086999999979 	(obj:0)
v#13                                 167.692300000001 	(obj:0)
v#14                                 126.838599999999 	(obj:0)
v#15                                         113.9994 	(obj:0)
v#16                                 136.399000000009 	(obj:0)
v#17                                 202.748399999991 	(obj:0)
v#18                                 174.867800000002 	(obj:0)
v#19                                         112.1313 	(obj:0)
v#20                                 87.2371999999998 	(obj:0)
v#21                                 130.037700000001 	(obj:0)
v#22                                         148.8423 	(obj:0)
v#23                                         125.9529 	(obj:0)
v#24                                 140.940000000001 	(obj:0)
v#25                                         115.0408 	(obj:0)
v#26                                 108.984699999999 	(obj:0)
v#27                                 111.516300000004 	(obj:0)
v#28                                  145.78800000001 	(obj:0)
v#29                                         160.0819 	(obj:0)

Statistics
==========

SCIP Status        : problem is solved [optimal solution found]
Total Time         :      88.72
  solving          :      88.62
  presolving       :       0.12 (included in solving)
  reading          :       0.10
  copying          :       0.04 (3 #copies) (minimal 0.01, maximal 0.02, average 0.01)
Original Problem   :
  Problem name     : 20-30-2000-4
  Variables        : 2650 (2000 binary, 0 integer, 0 implicit integer, 650 continuous)
  Constraints      : 6052 initial, 6052 maximal
  Objective        : minimize, 20 non-zeros (abs.min = 0.76, abs.max = 1.15)
Presolved Problem  :
  Problem name     : t_20-30-2000-4
  Variables        : 1141 (1109 binary, 0 integer, 0 implicit integer, 32 continuous)
  Constraints      : 6003 initial, 6005 maximal
  Objective        : minimize, 31 non-zeros (abs.min = 0.348464, abs.max = 0.93)
  Nonzeros         : 13112 constraint, 0 clique table
Presolvers         :   ExecTime  SetupTime  Calls  FixedVars   AggrVars   ChgTypes  ChgBounds   AddHoles    DelCons    AddCons   ChgSides   ChgCoefs
  boundshift       :       0.00       0.00      0          0          0          0          0          0          0          0          0          0
  convertinttobin  :       0.00       0.00      0          0          0          0          0          0          0          0          0          0
  domcol           :       0.02       0.00      1          0          0          0          0          0          0          0          0          0
  dualagg          :       0.00       0.00      0          0          0          0          0          0          0          0          0          0
  dualcomp         :       0.00       0.00      1          0          0          0          0          0          0          0          0          0
  dualinfer        :       0.00       0.00      0          0          0          0          0          0          0          0          0          0
  dualsparsify     :       0.02       0.00      1          0          0          0          0          0          0          0          0          0
  gateextraction   :       0.00       0.00      0          0          0          0          0          0          0          0          0          0
  implics          :       0.00       0.00      3          0          0          0          0          0          0          0          0          0
  inttobinary      :       0.00       0.00      0          0          0          0          0          0          0          0          0          0
  milp             :       0.03       0.00      1        288         49          0          0          0       6051       6002          0          0
  qpkktref         :       0.00       0.00      0          0          0          0          0          0          0          0          0          0
  redvub           :       0.00       0.00      0          0          0          0          0          0          0          0          0          0
  sparsify         :       0.00       0.00      1          0          0          0          0          0          0          0          0          0
  stuffing         :       0.00       0.00      0          0          0          0          0          0          0          0          0          0
  trivial          :       0.00       0.00      5          0          0          0          0          0          0          0          0          0
  tworowbnd        :       0.00       0.00      0          0          0          0          0          0          0          0          0          0
  dualfix          :       0.00       0.00      5       1172          0          0          0          0          0          0          0          0
  genvbounds       :       0.00       0.00      0          0          0          0          0          0          0          0          0          0
  probing          :       0.00       0.00      1          0          0          0          0          0          0          0          0          0
  pseudoobj        :       0.00       0.00      0          0          0          0          0          0          0          0          0          0
  symmetry         :       0.00       0.00      1          0          0          0          0          0          0          0          0          0
  vbounds          :       0.00       0.00      0          0          0          0          0          0          0          0          0          0
  chancecons       :       0.00       0.00      0          0          0          0          0          0          0          0          0          0
  varbound         :       0.00       0.00      2          0          0          0          0          0          0          0          0          0
  knapsack         :       0.00       0.00      0          0          0          0          0          0          0          0          0          0
  linear           :       0.03       0.00      7          0          0          0         59          0          0          0          0          0
  logicor          :       0.00       0.00      0          0          0          0          0          0          0          0          0          0
  bounddisjunction :       0.00       0.00      0          0          0          0          0          0          0          0          0          0
  benders          :       0.00       0.00      0          0          0          0          0          0          0          0          0          0
  components       :       0.00       0.00      1          0          0          0          0          0          0          0          0          0
  root node        :          -          -      -        676          -          -        692          -          -          -          -          -
Constraints        :     Number  MaxNumber  #Separate #Propagate    #EnfoLP    #EnfoRelax  #EnfoPS    #Check   #ResProp    Cutoffs    DomReds       Cuts    Applied      Conss   Children
  benderslp        :          0          0          0          0         53          0          0         66          0          0          0          0          0          0          0
  chancecons       :          1          1         43          0          0          0          0          0          0          0          0       1229        717          0          0
  integral         :          0          0          0          0         53          0          0         66          0          0         44          0          0         11         94
  varbound         :       6000       6000         33      14263          0          0          0         61        105          0        854          0          0          0          0
  knapsack         :          1          1         33      15009          0          0          0         14          0          0          0          0          0          0          0
  linear           :          1+         3         33      15040          0          0          0         15          0          2         43          0          0          0          0
  logicor          :          0+         4          0         17          0          0          0          0          1          0          0          0          0          0          0
  bounddisjunction :          0+        11          0        221          0          0          0          0          0          1          0          0          0          0          0
  benders          :          0          0          0          0          0          0          0         13          0          0          0          0          0          0          0
  fixedvar         :          0          0          0          0          0          0          0         13          0          0          0          0          0          0          0
  countsols        :          0          0          0          0          0          0          0         13          0          0          0          0          0          0          0
  components       :          0          0          0          0          0          0          0          0          0          0          0          0          0          0          0
Constraint Timings :  TotalTime  SetupTime   Separate  Propagate     EnfoLP     EnfoPS     EnfoRelax   Check    ResProp    SB-Prop
  benderslp        :       0.00       0.00       0.00       0.00       0.00       0.00       0.00       0.00       0.00       0.00
  chancecons       :       0.03       0.00       0.03       0.00       0.00       0.00       0.00       0.00       0.00       0.00
  integral         :      51.59       0.00       0.00       0.00      51.59       0.00       0.00       0.00       0.00       0.00
  varbound         :       0.18       0.00       0.02       0.10       0.00       0.00       0.00       0.00       0.00       0.05
  knapsack         :       0.21       0.00       0.20       0.01       0.00       0.00       0.00       0.00       0.00       0.00
  linear           :       0.02       0.00       0.00       0.01       0.00       0.00       0.00       0.00       0.00       0.00
  logicor          :       0.00       0.00       0.00       0.00       0.00       0.00       0.00       0.00       0.00       0.00
  bounddisjunction :       0.00       0.00       0.00       0.00       0.00       0.00       0.00       0.00       0.00       0.00
  benders          :       0.00       0.00       0.00       0.00       0.00       0.00       0.00       0.00       0.00       0.00
  fixedvar         :       0.00       0.00       0.00       0.00       0.00       0.00       0.00       0.00       0.00       0.00
  countsols        :       0.00       0.00       0.00       0.00       0.00       0.00       0.00       0.00       0.00       0.00
  components       :       0.00       0.00       0.00       0.00       0.00       0.00       0.00       0.00       0.00       0.00
Propagators        : #Propagate   #ResProp    Cutoffs    DomReds
  dualfix          :          6          0          0          0
  genvbounds       :          0          0          0          0
  nlobbt           :          0          0          0          0
  obbt             :          0          0          0          0
  probing          :          0          0          0          0
  pseudoobj        :        327          0          0         92
  redcost          :        256          0          0       4677
  rootredcost      :          3          0          0        655
  symmetry         :          0          0          0          0
  vbounds          :      10242          0          0          0
Propagator Timings :  TotalTime  SetupTime   Presolve  Propagate    ResProp    SB-Prop
  dualfix          :       0.00       0.00       0.00       0.00       0.00       0.00
  genvbounds       :       0.00       0.00       0.00       0.00       0.00       0.00
  nlobbt           :       0.00       0.00       0.00       0.00       0.00       0.00
  obbt             :       0.00       0.00       0.00       0.00       0.00       0.00
  probing          :       0.00       0.00       0.00       0.00       0.00       0.00
  pseudoobj        :       0.00       0.00       0.00       0.00       0.00       0.00
  redcost          :       0.02       0.00       0.00       0.02       0.00       0.00
  rootredcost      :       0.00       0.00       0.00       0.00       0.00       0.00
  symmetry         :       0.00       0.00       0.00       0.00       0.00       0.00
  vbounds          :       0.01       0.00       0.00       0.00       0.00       0.00
Symmetry           :
  orbitopal red.   :          0 reductions applied,          0 cutoffs
  orbital reduction:          0 reductions applied,          0 cutoffs
  lexicographic red:          0 reductions applied,          0 cutoffs
  shadow tree time :       0.00 s
Conflict Analysis  :       Time      Calls    Success    DomReds  Conflicts   Literals    Reconvs ReconvLits   Dualrays   Nonzeros   LP Iters   (pool size: [10000,10000])
  propagation      :       0.00          1          1          -          1        6.0          0        0.0          -          -          -
  infeasible LP    :       0.00          0          0          -          0        0.0          0        0.0          0        0.0          0
  bound exceed. LP :       0.04         23         18          -         37       18.4          0        0.0          5       31.2         90
  strong branching :       0.00          0          0          -          0        0.0          0        0.0          -          -          0
  pseudo solution  :       0.00          0          0          -          0        0.0          0        0.0          -          -          -
  applied globally :       0.00          -          -          3         15       14.1          -          -          5          -          -
  applied locally  :          -          -          -          0          0        0.0          -          -          0          -          -
Separators         :   ExecTime  SetupTime      Calls  RootCalls    Cutoffs    DomReds  FoundCuts ViaPoolAdd  DirectAdd    Applied ViaPoolApp  DirectApp      Conss
  cut pool         :       0.08          -         97         66          -          -      16087      44988          -          -          -          -          -    (maximal pool size:      16087)
  aggregation      :       3.36       0.00         34         33          0          0      14598      41666          0       1905       1905          0          0
  > cmir           :          -          -          -          -          -          -          -      41360          0       1904       1904          0          -
  > flowcover      :          -          -          -          -          -          -          -        306          0          1          1          0          -
  > knapsackcover  :          -          -          -          -          -          -          -          0          0          0          0          0          -
  cgmip            :       0.00       0.00          0          0          0          0          0          0          0          0          0          0          0
  clique           :       0.00       0.00          1          1          0          0          0          0          0          0          0          0          0
  closecuts        :       0.00       0.00          0          0          0          0          0          0          0          0          0          0          0
  convexproj       :       0.00       0.00          0          0          0          0          0          0          0          0          0          0          0
  disjunctive      :       0.00       0.00          0          0          0          0          0          0          0          0          0          0          0
  eccuts           :       0.00       0.00          0          0          0          0          0          0          0          0          0          0          0
  gauge            :       0.00       0.00          0          0          0          0          0          0          0          0          0          0          0
  gomory           :       0.12       0.00         11         10          0          0       1489       3322          0        247        247          0          0
  > gomorymi       :          -          -          -          -          -          -          -       3322          0        247        247          0          -
  > strongcg       :          -          -          -          -          -          -          -          0          0          0          0          0          -
  impliedbounds    :       0.00       0.00         34         33          0          0          0          0          0          0          0          0          0
  interminor       :       0.00       0.00          0          0          0          0          0          0          0          0          0          0          0
  intobj           :       0.00       0.00          0          0          0          0          0          0          0          0          0          0          0
  lagromory        :       0.00       0.00          0          0          0          0          0          0          0          0          0          0          0
  mcf              :       0.00       0.00          1          1          0          0          0          0          0          0          0          0          0
  minor            :       0.00       0.00         10         10          0          0          0          0          0          0          0          0          0
  mixing           :       0.00       0.00          0          0          0          0          0          0          0          0          0          0          0
  oddcycle         :       0.00       0.00          0          0          0          0          0          0          0          0          0          0          0
  rapidlearning    :       0.00       0.00          0          0          0          0          0          0          0          0          0          0          0
  rlt              :       0.00       0.00         10         10          0          0          0          0          0          0          0          0          0
  zerohalf         :       0.02       0.00         21         20          0          0          0          0          0          0          0          0          0
Cutselectors       :   ExecTime  SetupTime      Calls  RootCalls   Selected     Forced   Filtered  RootSelec   RootForc   RootFilt 
  hybrid           :       0.11       0.00         62         34       2869          0      43348       1684          0      30218
  ensemble         :       0.00       0.00          0          0          0          0          0          0          0          0
  dynamic          :       0.00       0.00          0          0          0          0          0          0          0          0
Pricers            :   ExecTime  SetupTime      Calls       Vars
  problem variables:       0.00          -          0          0
Branching Rules    :   ExecTime  SetupTime   BranchLP  BranchExt   BranchPS    Cutoffs    DomReds       Cuts      Conss   Children
  allfullstrong    :       0.00       0.00          0          0          0          0          0          0          0          0
  cloud            :       0.00       0.00          0          0          0          0          0          0          0          0
  distribution     :       0.00       0.00          0          0          0          0          0          0          0          0
  fullstrong       :       0.00       0.00          0          0          0          0          0          0          0          0
  gomory           :       0.00       0.00          0          0          0          0          0          0          0          0
  inference        :       0.00       0.00          0          0          0          0          0          0          0          0
  leastinf         :       0.00       0.00          0          0          0          0          0          0          0          0
  lookahead        :       0.00       0.00          0          0          0          0          0          0          0          0
  mostinf          :       0.00       0.00          0          0          0          0          0          0          0          0
  multaggr         :       0.00       0.00          0          0          0          0          0          0          0          0
  nodereopt        :       0.00       0.00          0          0          0          0          0          0          0          0
  pscost           :       0.00       0.00          0          0          0          0          0          0          0          0
  random           :       0.00       0.00          0          0          0          0          0          0          0          0
  relpscost        :      51.59       0.00         53          0          0          0         44          0         11         94
  vanillafullstrong:       0.00       0.00          0          0          0          0          0          0          0          0
Primal Heuristics  :   ExecTime  SetupTime      Calls      Found       Best
  LP solutions     :       0.00          -          -          0          0
  relax solutions  :       0.00          -          -          0          0
  pseudo solutions :       0.00          -          -          0          0
  strong branching :       0.00          -          -          1          1
  actconsdiving    :       0.00       0.00          0          0          0
  adaptivediving   :       0.00       0.00          0          0          0
  alns             :       0.11       0.00          2          3          3
  bound            :       0.00       0.00          0          0          0
  clique           :       0.00       0.00          0          0          0
  coefdiving       :       0.00       0.00          0          0          0
  completesol      :       0.00       0.00          0          0          0
  conflictdiving   :       0.16       0.00          1          0          0
  crossover        :       0.00       0.00          0          0          0
  dins             :       0.00       0.00          0          0          0
  distributiondivin:       0.00       0.00          0          0          0
  dps              :       0.00       0.00          0          0          0
  dualval          :       0.00       0.00          0          0          0
  farkasdiving     :       0.00       0.00          0          0          0
  feaspump         :       1.86       0.00          1          1          1
  fixandinfer      :       0.00       0.00          0          0          0
  fracdiving       :       0.00       0.00          0          0          0
  gins             :       0.00       0.00          0          0          0
  guideddiving     :       0.00       0.00          0          0          0
  indicator        :       0.00       0.00          0          0          0
  indicatordiving  :       0.00       0.00          0          0          0
  intdiving        :       0.00       0.00          0          0          0
  intshifting      :       0.16       0.00          2          1          1
  linesearchdiving :       0.00       0.00          0          0          0
  localbranching   :       0.00       0.00          0          0          0
  locks            :       0.03       0.00          1          1          1
  lpface           :       0.00       0.00          0          0          0
  mpec             :       0.00       0.00          0          0          0
  multistart       :       0.00       0.00          0          0          0
  mutation         :       0.00       0.00          0          0          0
  nlpdiving        :       0.00       0.00          0          0          0
  objpscostdiving  :       0.00       0.00          0          0          0
  octane           :       0.00       0.00          0          0          0
  ofins            :       0.00       0.00          0          0          0
  oneopt           :       0.01       0.00          5          0          0
  padm             :       0.00       0.00          0          0          0
  proximity        :       0.00       0.00          0          0          0
  pscostdiving     :       1.20       0.00          1          0          0
  randrounding     :       0.20       0.00         47          0          0
  rens             :       1.42       0.00          1          1          0
  reoptsols        :       0.00       0.00          0          0          0
  repair           :       0.00       0.00          0          0          0
  rins             :       0.00       0.00          0          0          0
  rootsoldiving    :       0.00       0.00          0          0          0
  rounding         :       0.06       0.00        109          0          0
  scheduler        :       0.00       0.00          0          0          0
  shiftandpropagate:       0.00       0.00          0          0          0
  shifting         :       0.51       0.00         66          3          1
  simplerounding   :       0.00       0.00          0          0          0
  subnlp           :       0.00       0.00          0          0          0
  trivial          :       0.00       0.00          2          0          0
  trivialnegation  :       0.00       0.00          0          0          0
  trustregion      :       0.00       0.00          0          0          0
  trysol           :       0.00       0.00          0          0          0
  twoopt           :       0.00       0.00          0          0          0
  undercover       :       0.00       0.00          0          0          0
  vbounds          :       0.02       0.00          1          1          1
  veclendiving     :       0.00       0.00          0          0          0
  zeroobj          :       0.00       0.00          0          0          0
  zirounding       :       0.02       0.00         47          0          0
  other solutions  :          -          -          -          0          -
LNS (Scheduler)    :      Calls  SetupTime  SolveTime SolveNodes       Sols       Best       Exp3    Exp3-IX  EpsGreedy        UCB TgtFixRate  Opt  Inf Node Stal  Sol  Usr Othr Actv
  rens             :          0       0.00       0.00          0          0          0    0.00000    0.12500   -1.00000    1.00000      0.900    0    0    0    0    0    0    0    1
  rins             :          0       0.00       0.00          0          0          0    0.00000    0.12500   -1.00000    1.00000      0.900    0    0    0    0    0    0    0    1
  mutation         :          0       0.00       0.00          0          0          0    0.00000    0.12500   -1.00000    1.00000      0.900    0    0    0    0    0    0    0    1
  localbranching   :          0       0.00       0.00          0          0          0    0.00000    0.12500   -1.00000    1.00000      0.900    0    0    0    0    0    0    0    1
  crossover        :          0       0.00       0.00          0          0          0    0.00000    0.12500   -1.00000    1.00000      0.900    0    0    0    0    0    0    0    1
  proximity        :          0       0.00       0.00          0          0          0    0.00000    0.12500   -1.00000    1.00000      0.900    0    0    0    0    0    0    0    1
  zeroobjective    :          0       0.00       0.00          0          0          0    0.00000    0.12500   -1.00000    1.00000      0.900    0    0    0    0    0    0    0    1
  dins             :          0       0.00       0.00          0          0          0    0.00000    0.12500   -1.00000    1.00000      0.900    0    0    0    0    0    0    0    1
  trustregion      :          0       0.00       0.00          0          0          0    0.00000    0.00000   -1.00000    1.00000      0.900    0    0    0    0    0    0    0    0
LP                 :       Time      Calls Iterations  Iter/call   Iter/sec  Time-0-It Calls-0-It    ItLimit
  primal LP        :       0.01         10          0       0.00       0.00       0.01         10
  dual LP          :      26.64        211      96820     706.72    3634.10       0.07         74
  lex dual LP      :       0.00          0          0       0.00          -
  barrier LP       :       0.00          0          0       0.00          -       0.00          0
  resolve instable :       0.00          0          0       0.00          -
  diving/probing LP:       3.46         13      12556     965.85    3624.90
  strong branching :      50.95        300     180970     603.23    3551.70          -          -        170
    (at root node) :          -         41      37392     912.00          -
  conflict analysis:       0.03          9         90      10.00    3116.99
B&B Tree           :
  number of runs   :          1
  nodes            :         65 (47 internal, 18 leaves)
  feasible leaves  :          0
  infeas. leaves   :          0
  objective leaves :         18
  nodes (total)    :         65 (47 internal, 18 leaves)
  nodes left       :          0
  max depth        :         20
  max depth (total):         20
  backtracks       :          8 (12.3%)
  early backtracks :          0 (0.0%)
  nodes exc. ref.  :          0 (0.0%)
  delayed cutoffs  :          0
  repropagations   :          2 (0 domain reductions, 0 cutoffs)
  avg switch length:       2.34
  switching time   :       0.02
Root Node          :
  First LP value   : +1.81683331960602e+03
  First LP Iters   :       1383 (9713.03 Iter/sec)
  First LP Time    :       0.14
  Final Dual Bound : +1.90216657063652e+03
  Final Root Iters :      24710
  Root LP Estimate : +1.90253151393649e+03
Solution           :
  Solutions found  :         12 (9 improvements)
  First Solution   : +1.98050511400576e+03   (in run 1, after 1 nodes, 0.16 seconds, depth 201, found by <locks>)
  Gap First Sol.   :      21.24 %
  Gap Last Sol.    :       0.00 %
  Primal Bound     : +1.90220528572774e+03   (in run 1, after 63 nodes, 88.38 seconds, depth 11, found by <relaxation>)
  Dual Bound       : +1.90220528572774e+03
  Gap              :       0.00 %
Integrals          :      Total       Avg%
  primal-dual      :      76.09       0.86
  primal-ref       :          -          - (not evaluated)
  dual-ref         :          -          - (not evaluated)

 Branching Statistics...

 Total number of propagations -> 0

 Number of cutoffs of KnaCons -> 0

 Total number of variables fixed to 1 by the propagator -> 0

 Total number of variables fixed to 0 by the propagator -> 0

 Maximum number of rounds of the approximation algorithm -> 0

 Runtime of the exact algorithm -> 0.0000 s

 Total number of variables fixed to 1 in the exact algorithm -> 0

 Total number of variables fixed to 0 in the exact algorithm -> 0

 Number of cutoffs in the exact algorithm -> 0

 Number of cutoffs in the approximation algorithm -> 0

 PS:  
