***************************************
*         SCIP-based CCP Solver       *
*                                     *
*    Wei Lv and Wei-Kun Chen (2024)   *
***************************************
/share/home/wangzhaowei/lvwei/scipoptsuite-9.1.0/build/bin/examples/ccp -f CCMPPData/10-1000-1.ccmpp -s CCMPPSetting/DB05.set 
SCIP version 9.1.0 [precision: 8 byte] [memory: block] [mode: optimized] [LP solver: Soplex 7.1.0] [GitHash: 8cab0278ba]
Copyright (c) 2002-2024 Zuse Institute Berlin (ZIB)

External libraries: 
  Soplex 7.1.0         Linear Programming Solver developed at Zuse Institute Berlin (soplex.zib.de) [GitHash: 595bfac9]
  CppAD 20180000.0     Algorithmic Differentiation of C++ algorithms developed by B. Bell (github.com/coin-or/CppAD)
  ZLIB 1.2.7           General purpose compression library by J. Gailly and M. Adler (zlib.net)
  GMP 6.0.0            GNU Multiple Precision Arithmetic Library developed by T. Granlund (gmplib.org)
  AMPL/MP 690e9e7      AMPL .nl file reader library (github.com/ampl/mp)
  PaPILO 2.3.0         parallel presolve for integer and linear optimization (github.com/scipopt/papilo) (built with TBB) [GitHash: 4b8ce6ed]
  Nauty 2.8.8          Computing Graph Automorphism Groups by Brendan D. McKay (users.cecs.anu.edu.au/~bdm/nauty)
  sassy 1.1            Symmetry preprocessor by Markus Anders (github.com/markusa4/sassy)

reading user parameter file <CCMPPSetting/DB05.set>

read problem <CCMPPData/10-1000-1.ccmpp>
============

File name: 	CCMPPData/10-1000-1.ccmpp
Problem name:	10-1000-1
Dimension: 	10
NumScenario: 	1000
ConfidenceParameter: 	0.05
IsEqualProbability: 	1
BnC+MIX+DI: 	0
BnC+MIX+sDI: 	0
DB: 	1
DB+OPF: 	0
Dominance and Aggregation Statistics......
NumEdge:        609264
NumBiEdge: 	181146
NumDomIneqs: 	428118
DominanceRatio: 0.8571
NumAggScenario: 244 
BasicNumScenario: 243 
Propagator Statistics......
NumBasicDomIneqs: 2641
NumNonReDomIneqs: 346
Duration: 0.0000 s 

original problem has 294 variables (244 bin, 0 int, 0 impl, 50 cont) and 383 constraints

solve problem
=============

presolving:
(round 1, fast)       5 del vars, 10 del conss, 0 add conss, 10 chg bounds, 0 chg sides, 0 chg coeffs, 0 upgd conss, 0 impls, 346 clqs
   (0.0s) running MILP presolver
   (0.0s) MILP presolver (3 rounds): 12 aggregations, 2 fixings, 2 bound changes
(round 2, medium)     19 del vars, 10 del conss, 0 add conss, 12 chg bounds, 0 chg sides, 0 chg coeffs, 0 upgd conss, 0 impls, 346 clqs
(round 3, fast)       19 del vars, 22 del conss, 0 add conss, 12 chg bounds, 0 chg sides, 0 chg coeffs, 0 upgd conss, 0 impls, 346 clqs
(round 4, exhaustive) 19 del vars, 22 del conss, 0 add conss, 12 chg bounds, 0 chg sides, 0 chg coeffs, 335 upgd conss, 0 impls, 346 clqs
   (0.0s) probing cycle finished: starting next cycle
   (0.0s) symmetry computation started: requiring (bin +, int +, cont +), (fixed: bin -, int -, cont -)
   Symmetry detection interrupted: constraints of type chancecons do not provide symmetry information.
   If symmetries shall be detected, implement the CONSGETPERMSYMGRAPH callback.
   (0.0s) could not compute symmetry
presolving (5 rounds: 5 fast, 3 medium, 2 exhaustive):
 19 deleted vars, 22 deleted constraints, 0 added constraints, 12 tightened bounds, 0 added holes, 0 changed sides, 0 changed coefficients
 535 implications, 1100 cliques
presolved problem has 275 variables (243 bin, 0 int, 0 impl, 32 cont) and 361 constraints
      1 constraints of type <chancecons>
    335 constraints of type <varbound>
     25 constraints of type <linear>
Presolving Time: 0.03

 time | node  | left  |LP iter|LP it/n|mem/heur|mdpt |vars |cons |rows |cuts |sepa|confs|strbr|  dualbound   | primalbound  |  gap   | compl. 
p 0.0s|     1 |     0 |    18 |     - |  clique|   0 | 275 | 361 | 360 |   0 |  0 |   0 |   0 | 0.000000e+00 | 1.419917e+05 |    Inf | unknown
p 0.0s|     1 |     0 |    57 |     - | vbounds|   0 | 275 | 361 | 360 |   0 |  0 |   0 |   0 | 0.000000e+00 | 1.419817e+05 |    Inf | unknown
p 0.0s|     1 |     0 |    89 |     - | vbounds|   0 | 275 | 363 | 360 |   0 |  0 |   2 |   0 | 0.000000e+00 | 1.418551e+05 |    Inf | unknown
  0.0s|     1 |     0 |   260 |     - |  7454k |   0 | 275 | 363 | 360 |   0 |  0 |   2 |   0 | 1.386647e+05 | 1.418551e+05 |   2.30%| unknown
  0.1s|     1 |     0 |   311 |     - |  7800k |   0 | 275 | 363 | 377 |  17 |  1 |   2 |   0 | 1.391308e+05 | 1.418551e+05 |   1.96%| unknown
  0.1s|     1 |     0 |   367 |     - |  8130k |   0 | 275 | 363 | 395 |  35 |  2 |   2 |   0 | 1.393162e+05 | 1.418551e+05 |   1.82%| unknown
  0.1s|     1 |     0 |   431 |     - |  8214k |   0 | 275 | 363 | 411 |  51 |  3 |   2 |   0 | 1.394984e+05 | 1.418551e+05 |   1.69%| unknown
  0.1s|     1 |     0 |   489 |     - |  8375k |   0 | 275 | 363 | 432 |  72 |  4 |   2 |   0 | 1.396675e+05 | 1.418551e+05 |   1.57%| unknown
  0.1s|     1 |     0 |   542 |     - |  8820k |   0 | 275 | 363 | 454 |  94 |  5 |   2 |   0 | 1.397430e+05 | 1.418551e+05 |   1.51%| unknown
  0.1s|     1 |     0 |   575 |     - |  9124k |   0 | 275 | 363 | 463 | 103 |  6 |   2 |   0 | 1.397760e+05 | 1.418551e+05 |   1.49%| unknown
  0.1s|     1 |     0 |   614 |     - |  9892k |   0 | 275 | 363 | 477 | 117 |  7 |   2 |   0 | 1.398044e+05 | 1.418551e+05 |   1.47%| unknown
  0.1s|     1 |     0 |   645 |     - |    10M |   0 | 275 | 363 | 489 | 129 |  8 |   2 |   0 | 1.398172e+05 | 1.418551e+05 |   1.46%| unknown
  0.1s|     1 |     0 |   715 |     - |    10M |   0 | 275 | 363 | 501 | 141 |  9 |   2 |   0 | 1.398403e+05 | 1.418551e+05 |   1.44%| unknown
  0.2s|     1 |     0 |   758 |     - |    11M |   0 | 275 | 363 | 514 | 154 | 10 |   2 |   0 | 1.398512e+05 | 1.418551e+05 |   1.43%| unknown
  0.2s|     1 |     0 |   803 |     - |    11M |   0 | 275 | 363 | 522 | 164 | 11 |   2 |   0 | 1.398677e+05 | 1.418551e+05 |   1.42%| unknown
 time | node  | left  |LP iter|LP it/n|mem/heur|mdpt |vars |cons |rows |cuts |sepa|confs|strbr|  dualbound   | primalbound  |  gap   | compl. 
  0.2s|     1 |     0 |   843 |     - |    11M |   0 | 275 | 363 | 533 | 175 | 12 |   2 |   0 | 1.398810e+05 | 1.418551e+05 |   1.41%| unknown
  0.2s|     1 |     0 |   892 |     - |    11M |   0 | 275 | 363 | 550 | 192 | 13 |   2 |   0 | 1.398927e+05 | 1.418551e+05 |   1.40%| unknown
  0.2s|     1 |     0 |   932 |     - |    11M |   0 | 275 | 363 | 562 | 204 | 14 |   2 |   0 | 1.399028e+05 | 1.418551e+05 |   1.40%| unknown
  0.2s|     1 |     0 |   984 |     - |    12M |   0 | 275 | 363 | 569 | 211 | 15 |   2 |   0 | 1.399075e+05 | 1.418551e+05 |   1.39%| unknown
  0.3s|     1 |     0 |  1024 |     - |    12M |   0 | 275 | 363 | 575 | 217 | 16 |   2 |   0 | 1.399124e+05 | 1.418551e+05 |   1.39%| unknown
  0.3s|     1 |     0 |  1057 |     - |    12M |   0 | 275 | 363 | 549 | 220 | 17 |   2 |   0 | 1.399163e+05 | 1.418551e+05 |   1.39%| unknown
  0.3s|     1 |     0 |  1092 |     - |    12M |   0 | 275 | 363 | 555 | 226 | 18 |   2 |   0 | 1.399198e+05 | 1.418551e+05 |   1.38%| unknown
  0.3s|     1 |     0 |  1140 |     - |    12M |   0 | 275 | 363 | 560 | 231 | 19 |   2 |   0 | 1.399236e+05 | 1.418551e+05 |   1.38%| unknown
  0.3s|     1 |     0 |  1170 |     - |    12M |   0 | 275 | 363 | 564 | 235 | 20 |   2 |   0 | 1.399266e+05 | 1.418551e+05 |   1.38%| unknown
  0.4s|     1 |     0 |  1187 |     - |    12M |   0 | 275 | 363 | 569 | 240 | 21 |   2 |   0 | 1.399270e+05 | 1.418551e+05 |   1.38%| unknown
o 0.4s|     1 |     0 |  1446 |     - |feaspump|   0 | 275 | 363 | 569 | 240 | 21 |   2 |   0 | 1.399270e+05 | 1.410355e+05 |   0.79%| unknown
d 0.4s|     1 |     0 |  1552 |     - |conflict|   0 | 275 | 363 | 569 |   0 | 21 |   2 |   0 | 1.399270e+05 | 1.404337e+05 |   0.36%| unknown
L 0.5s|     1 |     0 |  1552 |     - |    rens|   0 | 275 | 363 | 569 | 240 | 21 |   2 |   0 | 1.399270e+05 | 1.401335e+05 |   0.15%| unknown
  0.5s|     1 |     0 |  1552 |     - |    12M |   0 | 275 | 363 | 569 | 240 | 21 |   2 |   0 | 1.399270e+05 | 1.401335e+05 |   0.15%| unknown
  0.5s|     1 |     0 |  1552 |     - |    12M |   0 | 275 | 363 | 569 | 240 | 21 |   2 |   0 | 1.399270e+05 | 1.401335e+05 |   0.15%| unknown
 time | node  | left  |LP iter|LP it/n|mem/heur|mdpt |vars |cons |rows |cuts |sepa|confs|strbr|  dualbound   | primalbound  |  gap   | compl. 
  0.5s|     1 |     0 |  1569 |     - |    12M |   0 | 275 | 363 | 412 | 244 | 22 |   2 |   0 | 1.399274e+05 | 1.401335e+05 |   0.15%| unknown
  0.5s|     1 |     0 |  1585 |     - |    12M |   0 | 275 | 363 | 414 | 246 | 23 |   2 |   0 | 1.399278e+05 | 1.401335e+05 |   0.15%| unknown
(run 1, node 1) restarting after 78 global fixings of integer variables

(restart) converted 165 cuts from the global cut pool into linear constraints

presolving:
(round 1, fast)       93 del vars, 2 del conss, 0 add conss, 0 chg bounds, 0 chg sides, 108 chg coeffs, 0 upgd conss, 535 impls, 437 clqs
   (0.5s) running MILP presolver
   (0.5s) MILP presolver (6 rounds): 2 aggregations, 0 fixings, 10 bound changes
(round 2, medium)     95 del vars, 2 del conss, 0 add conss, 10 chg bounds, 0 chg sides, 108 chg coeffs, 0 upgd conss, 535 impls, 437 clqs
(round 3, fast)       95 del vars, 4 del conss, 0 add conss, 21 chg bounds, 0 chg sides, 108 chg coeffs, 0 upgd conss, 535 impls, 437 clqs
(round 4, fast)       95 del vars, 4 del conss, 0 add conss, 24 chg bounds, 0 chg sides, 108 chg coeffs, 0 upgd conss, 535 impls, 437 clqs
(round 5, exhaustive) 95 del vars, 5 del conss, 0 add conss, 24 chg bounds, 1 chg sides, 108 chg coeffs, 0 upgd conss, 535 impls, 437 clqs
(round 6, exhaustive) 95 del vars, 5 del conss, 0 add conss, 24 chg bounds, 1 chg sides, 108 chg coeffs, 98 upgd conss, 535 impls, 437 clqs
presolving (7 rounds: 7 fast, 4 medium, 3 exhaustive):
 95 deleted vars, 5 deleted constraints, 0 added constraints, 24 tightened bounds, 0 added holes, 1 changed sides, 108 changed coefficients
 535 implications, 437 cliques
presolved problem has 180 variables (150 bin, 0 int, 0 impl, 30 cont) and 362 constraints
      1 constraints of type <chancecons>
    174 constraints of type <varbound>
     98 constraints of type <setppc>
     88 constraints of type <linear>
      1 constraints of type <bounddisjunction>
Presolving Time: 0.03
transformed 5/6 original solutions to the transformed problem space

 time | node  | left  |LP iter|LP it/n|mem/heur|mdpt |vars |cons |rows |cuts |sepa|confs|strbr|  dualbound   | primalbound  |  gap   | compl. 
  0.5s|     1 |     0 |  1808 |     - |    12M |   0 | 180 | 362 | 359 |   0 |  0 |   2 |   0 | 1.399278e+05 | 1.401335e+05 |   0.15%| unknown
  0.5s|     1 |     0 |  1869 |     - |    12M |   0 | 180 | 362 | 368 |   9 |  1 |   2 |   0 | 1.399278e+05 | 1.401335e+05 |   0.15%| unknown
  0.6s|     1 |     0 |  1943 |     - |    12M |   0 | 180 | 362 | 374 |  15 |  2 |   2 |   0 | 1.399278e+05 | 1.401335e+05 |   0.15%| unknown
  0.6s|     1 |     0 |  1979 |     - |    12M |   0 | 180 | 362 | 379 |  20 |  3 |   2 |   0 | 1.399278e+05 | 1.401335e+05 |   0.15%| unknown
  0.6s|     1 |     0 |  2014 |     - |    12M |   0 | 180 | 362 | 385 |  26 |  4 |   2 |   0 | 1.399278e+05 | 1.401335e+05 |   0.15%| unknown
  0.6s|     1 |     0 |  2040 |     - |    13M |   0 | 180 | 362 | 390 |  31 |  5 |   2 |   0 | 1.399278e+05 | 1.401335e+05 |   0.15%| unknown
  0.6s|     1 |     0 |  2073 |     - |    13M |   0 | 180 | 362 | 394 |  35 |  6 |   2 |   0 | 1.399278e+05 | 1.401335e+05 |   0.15%| unknown
  0.7s|     1 |     0 |  2106 |     - |    14M |   0 | 180 | 362 | 403 |  44 |  7 |   2 |   0 | 1.399278e+05 | 1.401335e+05 |   0.15%| unknown
  0.7s|     1 |     0 |  2137 |     - |    15M |   0 | 180 | 362 | 407 |  48 |  8 |   2 |   0 | 1.399278e+05 | 1.401335e+05 |   0.15%| unknown
  0.8s|     1 |     0 |  2193 |     - |    16M |   0 | 180 | 362 | 412 |  53 |  9 |   2 |   0 | 1.399278e+05 | 1.401335e+05 |   0.15%| unknown
  0.8s|     1 |     0 |  2246 |     - |    17M |   0 | 180 | 362 | 415 |  56 | 10 |   2 |   0 | 1.399297e+05 | 1.401335e+05 |   0.15%| unknown
  1.2s|     1 |     0 |  2280 |     - |    17M |   0 | 180 | 362 | 419 |  60 | 11 |   2 |   0 | 1.399341e+05 | 1.401335e+05 |   0.14%| unknown
  1.4s|     1 |     0 |  2319 |     - |    17M |   0 | 180 | 362 | 424 |  65 | 12 |   2 |   0 | 1.399373e+05 | 1.401335e+05 |   0.14%| unknown
  1.7s|     1 |     0 |  2335 |     - |    17M |   0 | 180 | 362 | 429 |  70 | 13 |   2 |   0 | 1.399382e+05 | 1.401335e+05 |   0.14%| unknown
  1.8s|     1 |     0 |  2353 |     - |    17M |   0 | 180 | 362 | 375 |  72 | 14 |   2 |   0 | 1.399393e+05 | 1.401335e+05 |   0.14%| unknown
 time | node  | left  |LP iter|LP it/n|mem/heur|mdpt |vars |cons |rows |cuts |sepa|confs|strbr|  dualbound   | primalbound  |  gap   | compl. 
  1.8s|     1 |     0 |  2559 |     - |    17M |   0 | 180 | 356 | 375 |  72 | 14 |  19 |   2 | 1.399479e+05 | 1.401335e+05 |   0.13%| unknown
  1.8s|     1 |     0 |  2559 |     - |    17M |   0 | 180 | 356 | 368 |  72 | 14 |  19 |   2 | 1.399479e+05 | 1.401335e+05 |   0.13%| unknown
  2.1s|     1 |     0 |  2574 |     - |    17M |   0 | 180 | 356 | 353 |  75 | 15 |  19 |   2 | 1.399479e+05 | 1.401335e+05 |   0.13%| unknown
  2.5s|     1 |     0 |  2601 |     - |    17M |   0 | 180 | 356 | 357 |  79 | 16 |  19 |   2 | 1.399490e+05 | 1.401335e+05 |   0.13%| unknown
  2.6s|     1 |     0 |  2641 |     - |    17M |   0 | 180 | 331 | 357 |  79 | 16 |  19 |  14 | 1.400040e+05 | 1.401335e+05 |   0.09%| unknown
  2.6s|     1 |     0 |  2641 |     - |    17M |   0 | 180 | 331 | 350 |  79 | 16 |  19 |  14 | 1.400040e+05 | 1.401335e+05 |   0.09%| unknown
  2.6s|     1 |     0 |  2677 |     - |    17M |   0 | 180 | 331 | 342 |  83 | 17 |  19 |  14 | 1.400040e+05 | 1.401335e+05 |   0.09%| unknown
  2.6s|     1 |     0 |  2693 |     - |    17M |   0 | 180 | 331 | 307 |  87 | 18 |  19 |  14 | 1.400040e+05 | 1.401335e+05 |   0.09%| unknown
  2.6s|     1 |     0 |  2752 |     - |    17M |   0 | 180 | 297 | 307 |  87 | 18 |  19 |  14 | 1.400040e+05 | 1.401335e+05 |   0.09%| unknown
  2.6s|     1 |     0 |  2752 |     - |    17M |   0 | 180 | 297 | 288 |  87 | 18 |  19 |  14 | 1.400040e+05 | 1.401335e+05 |   0.09%| unknown
  2.6s|     1 |     0 |  2786 |     - |    17M |   0 | 180 | 297 | 283 |  93 | 19 |  19 |  14 | 1.400050e+05 | 1.401335e+05 |   0.09%| unknown
  2.6s|     1 |     0 |  2786 |     - |    17M |   0 | 180 | 297 | 283 |  93 | 19 |  19 |  14 | 1.400050e+05 | 1.401335e+05 |   0.09%| unknown
  2.6s|     1 |     0 |  2793 |     - |    17M |   0 | 180 | 297 | 286 |  96 | 20 |  19 |  14 | 1.400072e+05 | 1.401335e+05 |   0.09%| unknown
  2.6s|     1 |     0 |  2793 |     - |    17M |   0 | 180 | 280 | 286 |  96 | 20 |  19 |  14 | 1.400072e+05 | 1.401335e+05 |   0.09%| unknown
  2.6s|     1 |     0 |  2822 |     - |    17M |   0 | 180 | 280 | 288 |  98 | 21 |  19 |  14 | 1.400158e+05 | 1.401335e+05 |   0.08%| unknown
 time | node  | left  |LP iter|LP it/n|mem/heur|mdpt |vars |cons |rows |cuts |sepa|confs|strbr|  dualbound   | primalbound  |  gap   | compl. 
  2.6s|     1 |     0 |  2833 |     - |    17M |   0 | 180 | 280 | 296 | 106 | 22 |  19 |  14 | 1.400162e+05 | 1.401335e+05 |   0.08%| unknown
(run 2, node 1) restarting after 50 global fixings of integer variables

(restart) converted 51 cuts from the global cut pool into linear constraints

presolving:
(round 1, fast)       50 del vars, 1 del conss, 0 add conss, 0 chg bounds, 0 chg sides, 56 chg coeffs, 0 upgd conss, 535 impls, 272 clqs
   (2.6s) running MILP presolver
   (2.6s) MILP presolver (4 rounds): 1 aggregations, 0 fixings, 10 bound changes
(round 2, medium)     51 del vars, 2 del conss, 1 add conss, 10 chg bounds, 0 chg sides, 56 chg coeffs, 0 upgd conss, 535 impls, 272 clqs
(round 3, fast)       51 del vars, 3 del conss, 1 add conss, 10 chg bounds, 0 chg sides, 56 chg coeffs, 0 upgd conss, 535 impls, 272 clqs
(round 4, exhaustive) 51 del vars, 8 del conss, 1 add conss, 10 chg bounds, 2 chg sides, 56 chg coeffs, 0 upgd conss, 535 impls, 272 clqs
(round 5, exhaustive) 51 del vars, 8 del conss, 1 add conss, 10 chg bounds, 2 chg sides, 56 chg coeffs, 19 upgd conss, 535 impls, 272 clqs
(round 6, fast)       51 del vars, 9 del conss, 1 add conss, 10 chg bounds, 2 chg sides, 56 chg coeffs, 19 upgd conss, 535 impls, 272 clqs
(round 7, medium)     51 del vars, 15 del conss, 1 add conss, 10 chg bounds, 4 chg sides, 58 chg coeffs, 19 upgd conss, 535 impls, 272 clqs
presolving (8 rounds: 8 fast, 5 medium, 3 exhaustive):
 51 deleted vars, 15 deleted constraints, 1 added constraints, 10 tightened bounds, 0 added holes, 4 changed sides, 58 changed coefficients
 535 implications, 272 cliques
presolved problem has 129 variables (100 bin, 0 int, 0 impl, 29 cont) and 317 constraints
      1 constraints of type <chancecons>
    108 constraints of type <varbound>
     94 constraints of type <setppc>
    114 constraints of type <linear>
Presolving Time: 0.03
transformed 2/6 original solutions to the transformed problem space

 time | node  | left  |LP iter|LP it/n|mem/heur|mdpt |vars |cons |rows |cuts |sepa|confs|strbr|  dualbound   | primalbound  |  gap   | compl. 
  2.6s|     1 |     0 |  3091 |     - |    17M |   0 | 129 | 317 | 314 |   0 |  0 |  19 |  14 | 1.400162e+05 | 1.401335e+05 |   0.08%| unknown
  2.6s|     1 |     0 |  3115 |     - |    17M |   0 | 129 | 317 | 318 |   4 |  1 |  19 |  14 | 1.400162e+05 | 1.401335e+05 |   0.08%| unknown
  2.7s|     1 |     0 |  3150 |     - |    17M |   0 | 129 | 317 | 323 |   9 |  2 |  19 |  14 | 1.400162e+05 | 1.401335e+05 |   0.08%| unknown
  2.7s|     1 |     0 |  3175 |     - |    17M |   0 | 129 | 317 | 328 |  14 |  3 |  19 |  14 | 1.400162e+05 | 1.401335e+05 |   0.08%| unknown
  2.7s|     1 |     0 |  3220 |     - |    17M |   0 | 129 | 317 | 333 |  19 |  4 |  19 |  14 | 1.400162e+05 | 1.401335e+05 |   0.08%| unknown
  2.7s|     1 |     0 |  3253 |     - |    17M |   0 | 129 | 317 | 338 |  24 |  5 |  19 |  14 | 1.400162e+05 | 1.401335e+05 |   0.08%| unknown
  2.7s|     1 |     0 |  3296 |     - |    17M |   0 | 129 | 317 | 343 |  29 |  6 |  19 |  14 | 1.400162e+05 | 1.401335e+05 |   0.08%| unknown
  2.8s|     1 |     0 |  3317 |     - |    17M |   0 | 129 | 317 | 347 |  33 |  7 |  19 |  14 | 1.400201e+05 | 1.401335e+05 |   0.08%| unknown
  2.8s|     1 |     0 |  3333 |     - |    17M |   0 | 129 | 317 | 351 |  37 |  8 |  19 |  14 | 1.400237e+05 | 1.401335e+05 |   0.08%| unknown
  2.8s|     1 |     0 |  3369 |     - |    18M |   0 | 129 | 317 | 353 |  39 |  9 |  19 |  14 | 1.400316e+05 | 1.401335e+05 |   0.07%| unknown
  3.0s|     1 |     0 |  3395 |     - |    18M |   0 | 129 | 317 | 356 |  42 | 10 |  19 |  14 | 1.400334e+05 | 1.401335e+05 |   0.07%| unknown
  3.1s|     1 |     0 |  3424 |     - |    18M |   0 | 129 | 317 | 360 |  46 | 11 |  19 |  14 | 1.400366e+05 | 1.401335e+05 |   0.07%| unknown
  3.1s|     1 |     0 |  3571 |     - |    18M |   0 | 129 | 311 | 360 |  46 | 11 |  49 |  20 | 1.400593e+05 | 1.401335e+05 |   0.05%| unknown
  3.1s|     1 |     0 |  3571 |     - |    18M |   0 | 129 | 311 | 353 |  46 | 11 |  49 |  20 | 1.400593e+05 | 1.401335e+05 |   0.05%| unknown
  3.2s|     1 |     0 |  3587 |     - |    18M |   0 | 129 | 311 | 338 |  49 | 12 |  49 |  20 | 1.400593e+05 | 1.401335e+05 |   0.05%| unknown
 time | node  | left  |LP iter|LP it/n|mem/heur|mdpt |vars |cons |rows |cuts |sepa|confs|strbr|  dualbound   | primalbound  |  gap   | compl. 
  3.2s|     1 |     0 |  3593 |     - |    18M |   0 | 129 | 311 | 340 |  51 | 13 |  49 |  20 | 1.400593e+05 | 1.401335e+05 |   0.05%| unknown
  3.2s|     1 |     0 |  3593 |     - |    18M |   0 | 129 | 291 | 340 |  51 | 13 |  50 |  20 | 1.400593e+05 | 1.401335e+05 |   0.05%| unknown
  3.2s|     1 |     0 |  3602 |     - |    18M |   0 | 129 | 291 | 342 |  53 | 14 |  50 |  20 | 1.400651e+05 | 1.401335e+05 |   0.05%| unknown
  3.2s|     1 |     0 |  3602 |     - |    18M |   0 | 129 | 291 | 340 |  53 | 14 |  50 |  20 | 1.400651e+05 | 1.401335e+05 |   0.05%| unknown
  3.2s|     1 |     0 |  3602 |     - |    18M |   0 | 129 | 282 | 340 |  53 | 15 |  50 |  20 | 1.400651e+05 | 1.401335e+05 |   0.05%| unknown
  3.2s|     1 |     0 |  3609 |     - |    18M |   0 | 129 | 282 | 341 |  54 | 16 |  50 |  20 | 1.400652e+05 | 1.401335e+05 |   0.05%| unknown
  3.2s|     1 |     0 |  3612 |     - |    18M |   0 | 129 | 282 | 237 |  55 | 17 |  50 |  20 | 1.400652e+05 | 1.401335e+05 |   0.05%| unknown
(run 3, node 1) restarting after 20 global fixings of integer variables

(restart) converted 17 cuts from the global cut pool into linear constraints

presolving:
(round 1, fast)       20 del vars, 0 del conss, 0 add conss, 0 chg bounds, 0 chg sides, 37 chg coeffs, 0 upgd conss, 535 impls, 193 clqs
   (3.2s) running MILP presolver
   (3.2s) MILP presolver (2 rounds): 0 aggregations, 0 fixings, 4 bound changes
(round 2, medium)     20 del vars, 0 del conss, 0 add conss, 4 chg bounds, 0 chg sides, 37 chg coeffs, 0 upgd conss, 535 impls, 193 clqs
(round 3, exhaustive) 20 del vars, 1 del conss, 0 add conss, 4 chg bounds, 1 chg sides, 37 chg coeffs, 0 upgd conss, 535 impls, 193 clqs
(round 4, exhaustive) 20 del vars, 1 del conss, 0 add conss, 4 chg bounds, 1 chg sides, 37 chg coeffs, 6 upgd conss, 535 impls, 193 clqs
(round 5, medium)     20 del vars, 3 del conss, 0 add conss, 4 chg bounds, 1 chg sides, 37 chg coeffs, 6 upgd conss, 535 impls, 193 clqs
presolving (6 rounds: 6 fast, 5 medium, 3 exhaustive):
 20 deleted vars, 3 deleted constraints, 0 added constraints, 4 tightened bounds, 0 added holes, 1 changed sides, 37 changed coefficients
 535 implications, 193 cliques
presolved problem has 109 variables (80 bin, 0 int, 0 impl, 29 cont) and 296 constraints
      1 constraints of type <chancecons>
     84 constraints of type <varbound>
      1 constraints of type <knapsack>
     85 constraints of type <setppc>
    123 constraints of type <linear>
      2 constraints of type <bounddisjunction>
Presolving Time: 0.04
transformed 1/6 original solutions to the transformed problem space

 time | node  | left  |LP iter|LP it/n|mem/heur|mdpt |vars |cons |rows |cuts |sepa|confs|strbr|  dualbound   | primalbound  |  gap   | compl. 
  3.2s|     1 |     0 |  3871 |     - |    18M |   0 | 109 | 296 | 291 |   0 |  0 |  50 |  20 | 1.400652e+05 | 1.401335e+05 |   0.05%| unknown
  3.4s|     1 |     0 |  3905 |     - |    18M |   0 | 109 | 296 | 296 |   5 |  1 |  50 |  20 | 1.400652e+05 | 1.401335e+05 |   0.05%| unknown
  3.4s|     1 |     0 |  3935 |     - |    18M |   0 | 109 | 296 | 301 |  10 |  2 |  50 |  20 | 1.400652e+05 | 1.401335e+05 |   0.05%| unknown
  3.5s|     1 |     0 |  3958 |     - |    18M |   0 | 109 | 297 | 305 |  14 |  3 |  51 |  20 | 1.400652e+05 | 1.401335e+05 |   0.05%| unknown
  3.5s|     1 |     0 |  3987 |     - |    18M |   0 | 109 | 297 | 308 |  17 |  4 |  51 |  20 | 1.400652e+05 | 1.401335e+05 |   0.05%| unknown
  3.6s|     1 |     0 |  4009 |     - |    18M |   0 | 109 | 297 | 312 |  21 |  5 |  51 |  20 | 1.400652e+05 | 1.401335e+05 |   0.05%| unknown
  3.7s|     1 |     0 |  4025 |     - |    18M |   0 | 109 | 297 | 315 |  24 |  6 |  51 |  20 | 1.400652e+05 | 1.401335e+05 |   0.05%| unknown
  3.8s|     1 |     0 |  4043 |     - |    18M |   0 | 109 | 297 | 317 |  26 |  7 |  51 |  20 | 1.400652e+05 | 1.401335e+05 |   0.05%| unknown
  3.8s|     1 |     0 |  4054 |     - |    19M |   0 | 109 | 297 | 319 |  28 |  8 |  51 |  20 | 1.400652e+05 | 1.401335e+05 |   0.05%| unknown
  3.9s|     1 |     0 |  4067 |     - |    19M |   0 | 109 | 298 | 321 |  30 |  9 |  52 |  20 | 1.400653e+05 | 1.401335e+05 |   0.05%| unknown
  4.0s|     1 |     0 |  4077 |     - |    19M |   0 | 109 | 298 | 323 |  32 | 10 |  52 |  20 | 1.400657e+05 | 1.401335e+05 |   0.05%| unknown
  4.0s|     1 |     0 |  4085 |     - |    19M |   0 | 109 | 298 | 227 |  34 | 11 |  52 |  20 | 1.400673e+05 | 1.401335e+05 |   0.05%| unknown
  4.0s|     1 |     0 |  4093 |     - |    19M |   0 | 109 | 298 | 228 |  35 | 12 |  52 |  20 | 1.400682e+05 | 1.401335e+05 |   0.05%| unknown
  4.0s|     1 |     0 |  4093 |     - |    19M |   0 | 109 | 298 | 228 |  35 | 12 |  52 |  20 | 1.400682e+05 | 1.401335e+05 |   0.05%| unknown
  4.1s|     1 |     0 |  4103 |     - |    19M |   0 | 109 | 298 | 228 |  37 | 13 |  52 |  20 | 1.400687e+05 | 1.401335e+05 |   0.05%| unknown
 time | node  | left  |LP iter|LP it/n|mem/heur|mdpt |vars |cons |rows |cuts |sepa|confs|strbr|  dualbound   | primalbound  |  gap   | compl. 
  4.1s|     1 |     0 |  4111 |     - |    19M |   0 | 109 | 298 | 230 |  39 | 14 |  52 |  20 | 1.400701e+05 | 1.401335e+05 |   0.05%| unknown
  4.2s|     1 |     0 |  4128 |     - |    19M |   0 | 109 | 298 | 232 |  41 | 15 |  52 |  20 | 1.400729e+05 | 1.401335e+05 |   0.04%| unknown
  4.2s|     1 |     0 |  4193 |     - |    19M |   0 | 109 | 287 | 232 |  41 | 15 |  56 |  29 | 1.400827e+05 | 1.401335e+05 |   0.04%| unknown
  4.2s|     1 |     0 |  4193 |     - |    19M |   0 | 109 | 287 | 228 |  41 | 15 |  56 |  29 | 1.400827e+05 | 1.401335e+05 |   0.04%| unknown
  4.2s|     1 |     0 |  4201 |     - |    20M |   0 | 109 | 287 | 231 |  46 | 16 |  56 |  29 | 1.400840e+05 | 1.401335e+05 |   0.04%| unknown
  4.2s|     1 |     0 |  4201 |     - |    20M |   0 | 109 | 287 | 229 |  46 | 16 |  56 |  29 | 1.400840e+05 | 1.401335e+05 |   0.04%| unknown
  4.2s|     1 |     0 |  4207 |     - |    20M |   0 | 109 | 287 | 231 |  48 | 17 |  56 |  29 | 1.400843e+05 | 1.401335e+05 |   0.04%| unknown
  4.2s|     1 |     0 |  4207 |     - |    20M |   0 | 109 | 270 | 231 |  48 | 17 |  56 |  29 | 1.400843e+05 | 1.401335e+05 |   0.04%| unknown
  4.3s|     1 |     0 |  4217 |     - |    20M |   0 | 109 | 270 | 203 |  50 | 18 |  56 |  29 | 1.400852e+05 | 1.401335e+05 |   0.03%| unknown
  4.3s|     1 |     0 |  4217 |     - |    20M |   0 | 109 | 270 | 196 |  50 | 18 |  56 |  29 | 1.400852e+05 | 1.401335e+05 |   0.03%| unknown
  4.3s|     1 |     0 |  4218 |     - |    20M |   0 | 109 | 270 | 197 |  51 | 19 |  56 |  29 | 1.400854e+05 | 1.401335e+05 |   0.03%| unknown
  4.3s|     1 |     0 |  4218 |     - |    20M |   0 | 109 | 268 | 197 |  51 | 19 |  56 |  29 | 1.400854e+05 | 1.401335e+05 |   0.03%| unknown
  4.3s|     1 |     0 |  4240 |     - |    20M |   0 | 109 | 268 | 199 |  53 | 20 |  56 |  29 | 1.400893e+05 | 1.401335e+05 |   0.03%| unknown
  4.3s|     1 |     0 |  4240 |     - |    20M |   0 | 109 | 268 | 197 |  53 | 20 |  56 |  29 | 1.400893e+05 | 1.401335e+05 |   0.03%| unknown
  4.3s|     1 |     0 |  4252 |     - |    20M |   0 | 109 | 268 | 201 |  57 | 21 |  56 |  29 | 1.400896e+05 | 1.401335e+05 |   0.03%| unknown
 time | node  | left  |LP iter|LP it/n|mem/heur|mdpt |vars |cons |rows |cuts |sepa|confs|strbr|  dualbound   | primalbound  |  gap   | compl. 
  4.3s|     1 |     0 |  4252 |     - |    20M |   0 | 109 | 265 | 201 |  57 | 21 |  56 |  29 | 1.400896e+05 | 1.401335e+05 |   0.03%| unknown
  4.4s|     1 |     0 |  4272 |     - |    20M |   0 | 109 | 265 | 206 |  62 | 22 |  56 |  29 | 1.400904e+05 | 1.401335e+05 |   0.03%| unknown
  4.4s|     1 |     0 |  4283 |     - |    20M |   0 | 109 | 265 | 209 |  65 | 23 |  56 |  29 | 1.400905e+05 | 1.401335e+05 |   0.03%| unknown
(run 4, node 1) restarting after 16 global fixings of integer variables

(restart) converted 26 cuts from the global cut pool into linear constraints

presolving:
(round 1, fast)       16 del vars, 0 del conss, 0 add conss, 0 chg bounds, 0 chg sides, 48 chg coeffs, 0 upgd conss, 535 impls, 155 clqs
(round 2, exhaustive) 16 del vars, 6 del conss, 0 add conss, 0 chg bounds, 0 chg sides, 48 chg coeffs, 0 upgd conss, 535 impls, 155 clqs
(round 3, exhaustive) 16 del vars, 6 del conss, 0 add conss, 0 chg bounds, 0 chg sides, 48 chg coeffs, 15 upgd conss, 535 impls, 155 clqs
(round 4, fast)       16 del vars, 9 del conss, 0 add conss, 0 chg bounds, 0 chg sides, 48 chg coeffs, 15 upgd conss, 535 impls, 155 clqs
(round 5, medium)     16 del vars, 17 del conss, 0 add conss, 0 chg bounds, 0 chg sides, 48 chg coeffs, 15 upgd conss, 535 impls, 155 clqs
presolving (6 rounds: 6 fast, 4 medium, 3 exhaustive):
 16 deleted vars, 17 deleted constraints, 0 added constraints, 0 tightened bounds, 0 added holes, 0 changed sides, 48 changed coefficients
 535 implications, 155 cliques
presolved problem has 93 variables (64 bin, 0 int, 0 impl, 29 cont) and 274 constraints
      1 constraints of type <chancecons>
     68 constraints of type <varbound>
      1 constraints of type <knapsack>
     72 constraints of type <setppc>
    128 constraints of type <linear>
      4 constraints of type <bounddisjunction>
Presolving Time: 0.04
transformed 2/7 original solutions to the transformed problem space

 time | node  | left  |LP iter|LP it/n|mem/heur|mdpt |vars |cons |rows |cuts |sepa|confs|strbr|  dualbound   | primalbound  |  gap   | compl. 
  4.4s|     1 |     0 |  4555 |     - |    20M |   0 |  93 | 274 | 267 |   0 |  0 |  56 |  29 | 1.400905e+05 | 1.401335e+05 |   0.03%| unknown
  4.4s|     1 |     0 |  4587 |     - |    20M |   0 |  93 | 274 | 271 |   4 |  1 |  56 |  29 | 1.400905e+05 | 1.401335e+05 |   0.03%| unknown
  4.5s|     1 |     0 |  4627 |     - |    20M |   0 |  93 | 274 | 274 |   7 |  2 |  56 |  29 | 1.400905e+05 | 1.401335e+05 |   0.03%| unknown
  4.6s|     1 |     0 |  4640 |     - |    20M |   0 |  93 | 274 | 277 |  10 |  3 |  56 |  29 | 1.400905e+05 | 1.401335e+05 |   0.03%| unknown
  4.6s|     1 |     0 |  4640 |     - |    20M |   0 |  93 | 274 | 277 |  10 |  3 |  56 |  29 | 1.400905e+05 | 1.401335e+05 |   0.03%| unknown
  4.7s|     1 |     0 |  4662 |     - |    20M |   0 |  93 | 274 | 278 |  13 |  4 |  56 |  29 | 1.400905e+05 | 1.401335e+05 |   0.03%| unknown
  4.7s|     1 |     0 |  4683 |     - |    21M |   0 |  93 | 274 | 282 |  17 |  5 |  56 |  29 | 1.400905e+05 | 1.401335e+05 |   0.03%| unknown
  4.8s|     1 |     0 |  4721 |     - |    21M |   0 |  93 | 274 | 284 |  19 |  6 |  57 |  29 | 1.401003e+05 | 1.401335e+05 |   0.02%| unknown
  4.8s|     1 |     0 |  4721 |     - |    21M |   0 |  93 | 274 | 278 |  19 |  6 |  57 |  29 | 1.401003e+05 | 1.401335e+05 |   0.02%| unknown
  4.8s|     1 |     0 |  4735 |     - |    21M |   0 |  93 | 269 | 270 |  21 |  7 |  57 |  29 | 1.401028e+05 | 1.401335e+05 |   0.02%| unknown
  4.8s|     1 |     0 |  4753 |     - |    21M |   0 |  93 | 269 | 273 |  24 |  8 |  58 |  29 | 1.401065e+05 | 1.401335e+05 |   0.02%| unknown
  4.9s|     1 |     0 |  4772 |     - |    21M |   0 |  93 | 269 | 274 |  25 |  9 |  58 |  29 | 1.401134e+05 | 1.401335e+05 |   0.01%| unknown
  4.9s|     1 |     0 |  4772 |     - |    21M |   0 |  93 | 269 | 274 |  25 |  9 |  58 |  29 | 1.401134e+05 | 1.401335e+05 |   0.01%| unknown
  4.9s|     1 |     0 |  4782 |     - |    21M |   0 |  93 | 269 | 271 |  27 | 10 |  58 |  29 | 1.401156e+05 | 1.401335e+05 |   0.01%| unknown
  5.0s|     1 |     0 |  4791 |     - |    21M |   0 |  93 | 269 | 179 |  29 | 11 |  58 |  29 | 1.401161e+05 | 1.401335e+05 |   0.01%| unknown
 time | node  | left  |LP iter|LP it/n|mem/heur|mdpt |vars |cons |rows |cuts |sepa|confs|strbr|  dualbound   | primalbound  |  gap   | compl. 
  5.0s|     1 |     0 |  4806 |     - |    21M |   0 |  93 | 269 | 181 |  31 | 12 |  58 |  29 | 1.401173e+05 | 1.401335e+05 |   0.01%| unknown
  5.0s|     1 |     0 |  4816 |     - |    21M |   0 |  93 | 269 | 183 |  33 | 13 |  58 |  29 | 1.401194e+05 | 1.401335e+05 |   0.01%| unknown
  5.1s|     1 |     0 |  4818 |     - |    21M |   0 |  93 | 269 | 185 |  35 | 14 |  58 |  29 | 1.401198e+05 | 1.401335e+05 |   0.01%| unknown
  5.1s|     1 |     0 |  4820 |     - |    21M |   0 |  93 | 269 | 187 |  37 | 15 |  58 |  29 | 1.401198e+05 | 1.401335e+05 |   0.01%| unknown
  5.1s|     1 |     0 |  4825 |     - |    21M |   0 |  93 | 269 | 189 |  39 | 16 |  58 |  29 | 1.401199e+05 | 1.401335e+05 |   0.01%| unknown
  5.1s|     1 |     0 |  4825 |     - |    21M |   0 |  93 | 251 | 189 |  39 | 16 |  58 |  29 | 1.401199e+05 | 1.401335e+05 |   0.01%| unknown
  5.1s|     1 |     0 |  4836 |     - |    21M |   0 |  93 | 251 | 161 |  40 | 17 |  58 |  29 | 1.401209e+05 | 1.401335e+05 |   0.01%| unknown
  5.1s|     1 |     0 |  4842 |     - |    21M |   0 |  93 | 251 | 163 |  42 | 18 |  58 |  29 | 1.401210e+05 | 1.401335e+05 |   0.01%| unknown
  5.1s|     1 |     0 |  4844 |     - |    21M |   0 |  93 | 251 | 165 |  44 | 19 |  58 |  29 | 1.401211e+05 | 1.401335e+05 |   0.01%| unknown
  5.2s|     1 |     0 |  4846 |     - |    21M |   0 |  93 | 251 | 166 |  45 | 20 |  59 |  29 | 1.401211e+05 | 1.401335e+05 |   0.01%| unknown
  5.2s|     1 |     0 |  4853 |     - |    21M |   0 |  93 | 251 | 169 |  48 | 21 |  59 |  29 | 1.401212e+05 | 1.401335e+05 |   0.01%| unknown
  5.3s|     1 |     0 |  4861 |     - |    21M |   0 |  93 | 251 | 171 |  50 | 22 |  59 |  29 | 1.401213e+05 | 1.401335e+05 |   0.01%| unknown
  5.3s|     1 |     0 |  4862 |     - |    21M |   0 |  93 | 251 | 149 |  51 | 23 |  59 |  29 | 1.401213e+05 | 1.401335e+05 |   0.01%| unknown
(run 5, node 1) restarting after 12 global fixings of integer variables

(restart) converted 13 cuts from the global cut pool into linear constraints

presolving:
(round 1, fast)       13 del vars, 1 del conss, 0 add conss, 0 chg bounds, 1 chg sides, 16 chg coeffs, 0 upgd conss, 535 impls, 115 clqs
(round 2, fast)       13 del vars, 1 del conss, 0 add conss, 0 chg bounds, 2 chg sides, 16 chg coeffs, 0 upgd conss, 535 impls, 115 clqs
   (5.3s) running MILP presolver
   (5.3s) MILP presolver (4 rounds): 0 aggregations, 0 fixings, 8 bound changes
(round 3, medium)     13 del vars, 1 del conss, 0 add conss, 8 chg bounds, 2 chg sides, 16 chg coeffs, 0 upgd conss, 535 impls, 115 clqs
(round 4, exhaustive) 13 del vars, 2 del conss, 0 add conss, 8 chg bounds, 2 chg sides, 16 chg coeffs, 0 upgd conss, 535 impls, 115 clqs
(round 5, exhaustive) 13 del vars, 2 del conss, 0 add conss, 8 chg bounds, 2 chg sides, 16 chg coeffs, 7 upgd conss, 535 impls, 115 clqs
(round 6, medium)     13 del vars, 7 del conss, 0 add conss, 8 chg bounds, 2 chg sides, 16 chg coeffs, 7 upgd conss, 535 impls, 115 clqs
presolving (7 rounds: 7 fast, 5 medium, 3 exhaustive):
 13 deleted vars, 7 deleted constraints, 0 added constraints, 8 tightened bounds, 0 added holes, 2 changed sides, 16 changed coefficients
 535 implications, 115 cliques
presolved problem has 80 variables (52 bin, 0 int, 0 impl, 28 cont) and 258 constraints
      1 constraints of type <chancecons>
     55 constraints of type <varbound>
      1 constraints of type <knapsack>
     66 constraints of type <setppc>
    129 constraints of type <linear>
      1 constraints of type <logicor>
      5 constraints of type <bounddisjunction>
Presolving Time: 0.04
transformed 2/7 original solutions to the transformed problem space

 time | node  | left  |LP iter|LP it/n|mem/heur|mdpt |vars |cons |rows |cuts |sepa|confs|strbr|  dualbound   | primalbound  |  gap   | compl. 
  5.3s|     1 |     0 |  5120 |     - |    21M |   0 |  80 | 258 | 249 |   0 |  0 |  60 |  29 | 1.401213e+05 | 1.401335e+05 |   0.01%| unknown
  5.4s|     1 |     0 |  5148 |     - |    21M |   0 |  80 | 258 | 252 |   3 |  1 |  60 |  29 | 1.401213e+05 | 1.401335e+05 |   0.01%| unknown
  5.5s|     1 |     0 |  5168 |     - |    21M |   0 |  80 | 258 | 256 |   7 |  2 |  60 |  29 | 1.401213e+05 | 1.401335e+05 |   0.01%| unknown
  5.5s|     1 |     0 |  5186 |     - |    21M |   0 |  80 | 258 | 258 |   9 |  3 |  60 |  29 | 1.401213e+05 | 1.401335e+05 |   0.01%| unknown
  5.6s|     1 |     0 |  5203 |     - |    21M |   0 |  80 | 258 | 261 |  12 |  4 |  60 |  29 | 1.401213e+05 | 1.401335e+05 |   0.01%| unknown
  5.7s|     1 |     0 |  5219 |     - |    21M |   0 |  80 | 258 | 263 |  14 |  5 |  60 |  29 | 1.401213e+05 | 1.401335e+05 |   0.01%| unknown
  5.8s|     1 |     0 |  5230 |     - |    21M |   0 |  80 | 258 | 265 |  16 |  6 |  60 |  29 | 1.401213e+05 | 1.401335e+05 |   0.01%| unknown
  5.8s|     1 |     0 |  5244 |     - |    21M |   0 |  80 | 259 | 267 |  18 |  7 |  61 |  29 | 1.401213e+05 | 1.401335e+05 |   0.01%| unknown
  5.9s|     1 |     0 |  5262 |     - |    21M |   0 |  80 | 259 | 270 |  21 |  8 |  61 |  29 | 1.401231e+05 | 1.401335e+05 |   0.01%| unknown
  6.0s|     1 |     0 |  5277 |     - |    21M |   0 |  80 | 260 | 273 |  24 |  9 |  62 |  29 | 1.401237e+05 | 1.401335e+05 |   0.01%| unknown
  6.1s|     1 |     0 |  5303 |     - |    21M |   0 |  80 | 260 | 275 |  26 | 10 |  62 |  29 | 1.401254e+05 | 1.401335e+05 |   0.01%| unknown
  6.1s|     1 |     0 |  5312 |     - |    21M |   0 |  80 | 260 | 277 |  28 | 11 |  62 |  29 | 1.401255e+05 | 1.401335e+05 |   0.01%| unknown
  6.2s|     1 |     0 |  5392 |     - |    21M |   0 |  80 | 263 | 277 |  28 | 11 |  93 |  32 | 1.401266e+05 | 1.401335e+05 |   0.00%| unknown
(run 6, node 1) restarting after 12 global fixings of integer variables

(restart) converted 7 cuts from the global cut pool into linear constraints

presolving:
(round 1, fast)       12 del vars, 56 del conss, 0 add conss, 5 chg bounds, 10 chg sides, 22 chg coeffs, 0 upgd conss, 535 impls, 54 clqs
(round 2, fast)       21 del vars, 62 del conss, 0 add conss, 5 chg bounds, 10 chg sides, 22 chg coeffs, 0 upgd conss, 535 impls, 48 clqs
   (6.2s) running MILP presolver
   (6.2s) MILP presolver (2 rounds): 0 aggregations, 0 fixings, 2 bound changes
(round 3, medium)     21 del vars, 62 del conss, 0 add conss, 7 chg bounds, 10 chg sides, 22 chg coeffs, 0 upgd conss, 535 impls, 48 clqs
(round 4, exhaustive) 21 del vars, 70 del conss, 0 add conss, 7 chg bounds, 10 chg sides, 22 chg coeffs, 0 upgd conss, 535 impls, 48 clqs
(round 5, exhaustive) 21 del vars, 70 del conss, 0 add conss, 7 chg bounds, 10 chg sides, 22 chg coeffs, 7 upgd conss, 535 impls, 48 clqs
(round 6, medium)     21 del vars, 77 del conss, 0 add conss, 7 chg bounds, 11 chg sides, 23 chg coeffs, 7 upgd conss, 535 impls, 48 clqs
presolving (7 rounds: 7 fast, 5 medium, 3 exhaustive):
 21 deleted vars, 77 deleted constraints, 0 added constraints, 7 tightened bounds, 0 added holes, 11 changed sides, 23 changed coefficients
 535 implications, 48 cliques
presolved problem has 59 variables (31 bin, 0 int, 0 impl, 28 cont) and 193 constraints
      1 constraints of type <chancecons>
     32 constraints of type <varbound>
      1 constraints of type <knapsack>
     35 constraints of type <setppc>
    118 constraints of type <linear>
      2 constraints of type <logicor>
      4 constraints of type <bounddisjunction>
Presolving Time: 0.05
transformed 1/7 original solutions to the transformed problem space

 time | node  | left  |LP iter|LP it/n|mem/heur|mdpt |vars |cons |rows |cuts |sepa|confs|strbr|  dualbound   | primalbound  |  gap   | compl. 
  6.2s|     1 |     0 |  5526 |     - |    21M |   0 |  59 | 193 | 184 |   0 |  0 |  93 |  32 | 1.401266e+05 | 1.401335e+05 |   0.00%| unknown
  6.2s|     1 |     0 |  5547 |     - |    21M |   0 |  59 | 193 | 188 |   4 |  1 |  93 |  32 | 1.401266e+05 | 1.401335e+05 |   0.00%| unknown
  6.3s|     1 |     0 |  5561 |     - |    22M |   0 |  59 | 193 | 191 |   7 |  2 |  93 |  32 | 1.401266e+05 | 1.401335e+05 |   0.00%| unknown
  6.3s|     1 |     0 |  5568 |     - |    22M |   0 |  59 | 193 | 194 |  10 |  3 |  93 |  32 | 1.401266e+05 | 1.401335e+05 |   0.00%| unknown
  6.3s|     1 |     0 |  5580 |     - |    22M |   0 |  59 | 193 | 197 |  13 |  4 |  93 |  32 | 1.401267e+05 | 1.401335e+05 |   0.00%| unknown
  6.3s|     1 |     0 |  5589 |     - |    22M |   0 |  59 | 193 | 198 |  14 |  5 |  93 |  32 | 1.401272e+05 | 1.401335e+05 |   0.00%| unknown
  6.3s|     1 |     0 |  5604 |     - |    22M |   0 |  59 | 193 | 199 |  15 |  6 |  93 |  32 | 1.401287e+05 | 1.401335e+05 |   0.00%| unknown
  6.3s|     1 |     0 |  5612 |     - |    22M |   0 |  59 | 193 | 201 |  17 |  7 |  93 |  32 | 1.401291e+05 | 1.401335e+05 |   0.00%| unknown
  6.4s|     1 |     0 |  5616 |     - |    22M |   0 |  59 | 193 | 203 |  19 |  8 |  93 |  32 | 1.401291e+05 | 1.401335e+05 |   0.00%| unknown
  6.4s|     1 |     0 |  5633 |     - |    22M |   0 |  59 | 193 | 204 |  20 |  9 |  93 |  32 | 1.401302e+05 | 1.401335e+05 |   0.00%| unknown
  6.4s|     1 |     0 |  5645 |     - |    22M |   0 |  59 | 193 | 205 |  21 | 10 |  93 |  32 | 1.401310e+05 | 1.401335e+05 |   0.00%| unknown
  6.4s|     1 |     0 |  5645 |     - |    22M |   0 |  59 | 194 | 199 |  21 | 10 |  94 |  32 | 1.401310e+05 | 1.401335e+05 |   0.00%| unknown
  6.4s|     1 |     0 |  5650 |     - |    22M |   0 |  59 | 190 | 197 |  23 | 11 |  94 |  32 | 1.401311e+05 | 1.401335e+05 |   0.00%| unknown
  6.4s|     1 |     0 |  5666 |     - |    22M |   0 |  59 | 185 | 197 |  23 | 11 |  97 |  34 | 1.401316e+05 | 1.401335e+05 |   0.00%| unknown
(run 7, node 1) restarting after 5 global fixings of integer variables

(restart) converted 11 cuts from the global cut pool into linear constraints

presolving:
(round 1, fast)       6 del vars, 6 del conss, 0 add conss, 0 chg bounds, 0 chg sides, 9 chg coeffs, 0 upgd conss, 535 impls, 34 clqs
(round 2, exhaustive) 6 del vars, 11 del conss, 0 add conss, 0 chg bounds, 1 chg sides, 9 chg coeffs, 0 upgd conss, 535 impls, 34 clqs
(round 3, exhaustive) 6 del vars, 11 del conss, 0 add conss, 0 chg bounds, 1 chg sides, 9 chg coeffs, 5 upgd conss, 535 impls, 34 clqs
(round 4, medium)     6 del vars, 14 del conss, 0 add conss, 0 chg bounds, 1 chg sides, 9 chg coeffs, 5 upgd conss, 535 impls, 34 clqs
(round 5, exhaustive) 6 del vars, 14 del conss, 0 add conss, 0 chg bounds, 1 chg sides, 13 chg coeffs, 5 upgd conss, 535 impls, 34 clqs
presolving (6 rounds: 6 fast, 5 medium, 4 exhaustive):
 6 deleted vars, 14 deleted constraints, 0 added constraints, 0 tightened bounds, 0 added holes, 1 changed sides, 13 changed coefficients
 535 implications, 34 cliques
presolved problem has 53 variables (25 bin, 0 int, 0 impl, 28 cont) and 182 constraints
      1 constraints of type <chancecons>
     26 constraints of type <varbound>
      1 constraints of type <knapsack>
     27 constraints of type <setppc>
    118 constraints of type <linear>
      4 constraints of type <logicor>
      5 constraints of type <bounddisjunction>
Presolving Time: 0.05
transformed 1/7 original solutions to the transformed problem space

 time | node  | left  |LP iter|LP it/n|mem/heur|mdpt |vars |cons |rows |cuts |sepa|confs|strbr|  dualbound   | primalbound  |  gap   | compl. 
  6.4s|     1 |     0 |  5779 |     - |    22M |   0 |  53 | 182 | 171 |   0 |  0 |  97 |  34 | 1.401316e+05 | 1.401335e+05 |   0.00%| unknown
  6.5s|     1 |     0 |  5805 |     - |    22M |   0 |  53 | 182 | 174 |   3 |  1 |  98 |  34 | 1.401316e+05 | 1.401335e+05 |   0.00%| unknown
  6.5s|     1 |     0 |  5805 |     - |    22M |   0 |  53 | 182 | 171 |   3 |  1 |  98 |  34 | 1.401316e+05 | 1.401335e+05 |   0.00%| unknown
  6.5s|     1 |     0 |  5812 |     - |    22M |   0 |  53 | 180 | 161 |   4 |  2 |  98 |  34 | 1.401319e+05 | 1.401335e+05 |   0.00%| unknown
  6.5s|     1 |     0 |  5812 |     - |    22M |   0 |  53 | 180 | 158 |   4 |  2 |  98 |  34 | 1.401319e+05 | 1.401335e+05 |   0.00%| unknown
  6.5s|     1 |     0 |  5824 |     - |    22M |   0 |  53 | 176 | 161 |   7 |  3 |  98 |  34 | 1.401328e+05 | 1.401335e+05 |   0.00%| unknown
  6.5s|     1 |     0 |  5824 |     - |    22M |   0 |  53 | 176 | 158 |   7 |  3 |  98 |  34 | 1.401328e+05 | 1.401335e+05 |   0.00%| unknown
  6.5s|     1 |     0 |  5829 |     - |    22M |   0 |  53 | 173 | 148 |   9 |  4 |  98 |  34 | 1.401330e+05 | 1.401335e+05 |   0.00%| unknown
  6.5s|     1 |     0 |  5837 |     - |    22M |   0 |  53 | 173 | 149 |  10 |  5 |  98 |  34 | 1.401332e+05 | 1.401335e+05 |   0.00%| unknown
  6.5s|     1 |     0 |  5839 |     - |    22M |   0 |  53 | 173 | 151 |  12 |  6 |  98 |  34 | 1.401332e+05 | 1.401335e+05 |   0.00%| unknown
  6.6s|     1 |     0 |  5839 |     - |    22M |   0 |  53 | 150 | 151 |  12 |  7 |  98 |  34 | 1.401332e+05 | 1.401335e+05 |   0.00%| unknown
(run 8, node 1) restarting after 7 global fixings of integer variables

(restart) converted 6 cuts from the global cut pool into linear constraints

presolving:
(round 1, fast)       25 del vars, 110 del conss, 0 add conss, 24 chg bounds, 8 chg sides, 4 chg coeffs, 0 upgd conss, 535 impls, 0 clqs
(round 2, fast)       26 del vars, 128 del conss, 0 add conss, 40 chg bounds, 8 chg sides, 4 chg coeffs, 0 upgd conss, 535 impls, 0 clqs
(round 3, fast)       28 del vars, 132 del conss, 0 add conss, 57 chg bounds, 8 chg sides, 4 chg coeffs, 0 upgd conss, 535 impls, 0 clqs
(round 4, fast)       28 del vars, 132 del conss, 0 add conss, 74 chg bounds, 8 chg sides, 4 chg coeffs, 0 upgd conss, 535 impls, 0 clqs
(round 5, fast)       28 del vars, 132 del conss, 0 add conss, 90 chg bounds, 8 chg sides, 4 chg coeffs, 0 upgd conss, 535 impls, 0 clqs
(round 6, fast)       28 del vars, 132 del conss, 0 add conss, 106 chg bounds, 8 chg sides, 4 chg coeffs, 0 upgd conss, 535 impls, 0 clqs
(round 7, fast)       28 del vars, 132 del conss, 0 add conss, 111 chg bounds, 8 chg sides, 4 chg coeffs, 0 upgd conss, 535 impls, 0 clqs
   (6.6s) running MILP presolver
   (6.6s) MILP presolver found nothing
(round 8, exhaustive) 28 del vars, 135 del conss, 0 add conss, 111 chg bounds, 8 chg sides, 4 chg coeffs, 0 upgd conss, 535 impls, 0 clqs
presolving (9 rounds: 9 fast, 2 medium, 2 exhaustive):
 28 deleted vars, 135 deleted constraints, 0 added constraints, 111 tightened bounds, 0 added holes, 8 changed sides, 4 changed coefficients
 535 implications, 0 cliques
presolved problem has 25 variables (0 bin, 0 int, 0 impl, 25 cont) and 21 constraints
      1 constraints of type <chancecons>
     20 constraints of type <linear>
Presolving Time: 0.05
transformed 1/7 original solutions to the transformed problem space

 time | node  | left  |LP iter|LP it/n|mem/heur|mdpt |vars |cons |rows |cuts |sepa|confs|strbr|  dualbound   | primalbound  |  gap   | compl. 
  6.6s|     1 |     0 |  5850 |     - |    22M |   0 |  25 |  21 |  19 |   0 |  0 | 113 |  34 | 1.401335e+05 | 1.401335e+05 |   0.00%| unknown

SCIP Status        : problem is solved [optimal solution found]
Solving Time (sec) : 6.59
Solving Nodes      : 1 (total of 9 nodes in 9 runs)
Primal Bound       : +1.40133453000000e+05 (7 solutions)
Dual Bound         : +1.40133453000000e+05
Gap                : 0.00 %

primal solution (original space):
=================================

objective value:                           140133.453
z#12                                                1 	(obj:0)
z#15                                                1 	(obj:0)
z#41                                                1 	(obj:0)
z#48                                                1 	(obj:0)
z#50                                                1 	(obj:0)
z#55                                                1 	(obj:0)
z#56                                                1 	(obj:0)
z#57                                                1 	(obj:0)
z#67                                                1 	(obj:0)
z#91                                                1 	(obj:0)
z#114                                               1 	(obj:0)
z#122                                               1 	(obj:0)
z#127                                               1 	(obj:0)
z#131                                               1 	(obj:0)
z#135                                               1 	(obj:0)
z#143                                               1 	(obj:0)
z#149                                               1 	(obj:0)
z#155                                               1 	(obj:0)
z#158                                               1 	(obj:0)
z#159                                               1 	(obj:0)
z#162                                               1 	(obj:0)
z#164                                               1 	(obj:0)
z#167                                               1 	(obj:0)
z#187                                               1 	(obj:0)
z#191                                               1 	(obj:0)
z#203                                               1 	(obj:0)
z#205                                               1 	(obj:0)
z#211                                               1 	(obj:0)
z#225                                               1 	(obj:0)
z#228                                               1 	(obj:0)
z#234                                               1 	(obj:0)
z#240                                               1 	(obj:0)
y#0                                           107.147 	(obj:196)
y#1                                  31.4530000000003 	(obj:114)
x#0                                           437.853 	(obj:238)
x#2                                  78.1929999999996 	(obj:145)
u#0                                           437.853 	(obj:0)
u#1                                           437.853 	(obj:0)
u#2                                           516.046 	(obj:0)
u#3                                           516.046 	(obj:0)
u#4                                           516.046 	(obj:0)
u#5                                           516.046 	(obj:0)
u#6                                           516.046 	(obj:0)
u#7                                           516.046 	(obj:0)
u#8                                           516.046 	(obj:0)
u#9                                           516.046 	(obj:0)
v#0                                           107.147 	(obj:0)
v#1                                             138.6 	(obj:0)
v#2                                             138.6 	(obj:0)
v#3                                             138.6 	(obj:0)
v#4                                             138.6 	(obj:0)
v#5                                             138.6 	(obj:0)
v#6                                             138.6 	(obj:0)
v#7                                             138.6 	(obj:0)
v#8                                             138.6 	(obj:0)
v#9                                             138.6 	(obj:0)
w#0                                               545 	(obj:0)
w#1                                           576.453 	(obj:0)
w#2                                           654.646 	(obj:0)
w#3                                           654.646 	(obj:0)
w#4                                           654.646 	(obj:0)
w#5                                           654.646 	(obj:0)
w#6                                           654.646 	(obj:0)
w#7                                           654.646 	(obj:0)
w#8                                           654.646 	(obj:0)
w#9                                           654.646 	(obj:0)

Statistics
==========

SCIP Status        : problem is solved [optimal solution found]
Total Time         :       6.64
  solving          :       6.59
  presolving       :       0.05 (included in solving)
  reading          :       0.04
  copying          :       0.01 (3 #copies) (minimal 0.00, maximal 0.00, average 0.00)
Original Problem   :
  Problem name     : 10-1000-1
  Variables        : 294 (244 binary, 0 integer, 0 implicit integer, 50 continuous)
  Constraints      : 383 initial, 383 maximal
  Objective        : minimize, 20 non-zeros (abs.min = 108, abs.max = 278)
Presolved Problem  :
  Problem name     : t_10-1000-1
  Variables        : 25 (0 binary, 0 integer, 0 implicit integer, 25 continuous)
  Constraints      : 21 initial, 21 maximal
  Objective        : minimize, 18 non-zeros (abs.min = 42, abs.max = 272)
  Nonzeros         : 141 constraint, 0 clique table
Presolvers         :   ExecTime  SetupTime  Calls  FixedVars   AggrVars   ChgTypes  ChgBounds   AddHoles    DelCons    AddCons   ChgSides   ChgCoefs
  boundshift       :       0.00       0.00      0          0          0          0          0          0          0          0          0          0
  convertinttobin  :       0.00       0.00      0          0          0          0          0          0          0          0          0          0
  domcol           :       0.00       0.00      9          0          0          0          0          0          0          0          0          0
  dualagg          :       0.00       0.00      0          0          0          0          0          0          0          0          0          0
  dualcomp         :       0.00       0.00      9          0          0          0          0          0          0          0          0          0
  dualinfer        :       0.00       0.00      0          0          0          0          0          0          0          0          0          0
  dualsparsify     :       0.00       0.00      1          0          0          0          0          0          0          0          0          0
  gateextraction   :       0.00       0.00     10          0          0          0          0          0          0          0          0          0
  implics          :       0.00       0.00     38          0          0          0          0          0          0          0          0          0
  inttobinary      :       0.00       0.00      0          0          0          0          0          0          0          0          0          0
  milp             :       0.01       0.00      7          2         15          0         36          0          0          0          0          0
  qpkktref         :       0.00       0.00      0          0          0          0          0          0          0          0          0          0
  redvub           :       0.00       0.00      0          0          0          0          0          0          0          0          0          0
  sparsify         :       0.00       0.00      3          0          0          0          0          0          0          0          0          0
  stuffing         :       0.00       0.00      0          0          0          0          0          0          0          0          0          0
  trivial          :       0.00       0.00     61        200          0          0          0          0          0          0          0          0
  tworowbnd        :       0.00       0.00      0          0          0          0          0          0          0          0          0          0
  dualfix          :       0.00       0.00     61         26          0          0          0          0          0          0          0          0
  genvbounds       :       0.00       0.00      0          0          0          0          0          0          0          0          0          0
  probing          :       0.02       0.00      1          0          0          0          0          0          0          0          0          0
  pseudoobj        :       0.00       0.00     18          0          0          0          8          0          0          0          0          0
  symmetry         :       0.00       0.00      1          0          0          0          0          0          0          0          0          0
  vbounds          :       0.00       0.00      8          0          0          0          0          0          0          0          0          0
  chancecons       :       0.00       0.00      1          0          0          0          0          0          0          0          0          0
  varbound         :       0.00       0.00     84          0          0          0          8          0         76          1         21        236
  knapsack         :       0.00       0.00     64          4          0          0          0          0          1          0          0          0
  setppc           :       0.00       0.00     93          0          0          0          0          0         57          0          0          0
  linear           :       0.01       0.00     87         14          8          0        124          0        149          0          7         58
  logicor          :       0.00       0.00     40          0          0          0          0          0          5          0          0         13
  bounddisjunction :       0.00       0.00     40          0          0          0          0          0          7          0          0          0
  benders          :       0.00       0.00      0          0          0          0          0          0          0          0          0          0
  components       :       0.00       0.00      9          0          0          0          0          0          0          0          0          0
  root node        :          -          -      -        200          -          -        523          -          -          -          -          -
Constraints        :     Number  MaxNumber  #Separate #Propagate    #EnfoLP    #EnfoRelax  #EnfoPS    #Check   #ResProp    Cutoffs    DomReds       Cuts    Applied      Conss   Children
  benderslp        :          0          0          0          0          6          0          0        175          0          0          0          0          0          0          0
  chancecons       :          1          1        127       3959          0          0          0          0          0         21          3        296        220          0          0
  integral         :          0          0          0          0          6          0          0        175          0          0         37          0          0          2          0
  linear           :         20         20        127       3923          0          0          0         59         32         53        135         10          0          0          0
  benders          :          0          0          0          0          0          0          0         23          0          0          0          0          0          0          0
  fixedvar         :          0          0          0          0          0          0          0         23          0          0          0          0          0          0          0
  countsols        :          0          0          0          0          0          0          0         23          0          0          0          0          0          0          0
  components       :          0          0          0          0          0          0          0          0          0          0          0          0          0          0          0
Constraint Timings :  TotalTime  SetupTime   Separate  Propagate     EnfoLP     EnfoPS     EnfoRelax   Check    ResProp    SB-Prop
  benderslp        :       0.00       0.00       0.00       0.00       0.00       0.00       0.00       0.00       0.00       0.00
  chancecons       :       0.04       0.00       0.00       0.04       0.00       0.00       0.00       0.00       0.00       0.00
  integral         :       0.09       0.00       0.00       0.00       0.09       0.00       0.00       0.00       0.00       0.00
  linear           :       0.04       0.00       0.01       0.03       0.00       0.00       0.00       0.00       0.00       0.00
  benders          :       0.00       0.00       0.00       0.00       0.00       0.00       0.00       0.00       0.00       0.00
  fixedvar         :       0.00       0.00       0.00       0.00       0.00       0.00       0.00       0.00       0.00       0.00
  countsols        :       0.00       0.00       0.00       0.00       0.00       0.00       0.00       0.00       0.00       0.00
  components       :       0.00       0.00       0.00       0.00       0.00       0.00       0.00       0.00       0.00       0.00
Propagators        : #Propagate   #ResProp    Cutoffs    DomReds
  dualfix          :         63          0          0         32
  genvbounds       :          0          0          0          0
  nlobbt           :          0          0          0          0
  obbt             :          0          0          0          0
  probing          :          0          0          0          0
  pseudoobj        :        278          0          0         23
  redcost          :        197          0          0         98
  rootredcost      :          0          0          0          0
  symmetry         :          0          0          0          0
  vbounds          :       2549          0          0          0
Propagator Timings :  TotalTime  SetupTime   Presolve  Propagate    ResProp    SB-Prop
  dualfix          :       0.00       0.00       0.00       0.00       0.00       0.00
  genvbounds       :       0.00       0.00       0.00       0.00       0.00       0.00
  nlobbt           :       0.00       0.00       0.00       0.00       0.00       0.00
  obbt             :       0.00       0.00       0.00       0.00       0.00       0.00
  probing          :       0.02       0.00       0.02       0.00       0.00       0.00
  pseudoobj        :       0.00       0.00       0.00       0.00       0.00       0.00
  redcost          :       0.00       0.00       0.00       0.00       0.00       0.00
  rootredcost      :       0.00       0.00       0.00       0.00       0.00       0.00
  symmetry         :       0.00       0.00       0.00       0.00       0.00       0.00
  vbounds          :       0.00       0.00       0.00       0.00       0.00       0.00
Symmetry           :
  orbitopal red.   :          0 reductions applied,          0 cutoffs
  orbital reduction:          0 reductions applied,          0 cutoffs
  lexicographic red:          0 reductions applied,          0 cutoffs
  shadow tree time :       0.00 s
Conflict Analysis  :       Time      Calls    Success    DomReds  Conflicts   Literals    Reconvs ReconvLits   Dualrays   Nonzeros   LP Iters   (pool size: [10000,10000])
  propagation      :       0.00         17         16          -         18        4.9          0        0.0          -          -          -
  infeasible LP    :       0.00          0          0          -          0        0.0          0        0.0          0        0.0          0
  bound exceed. LP :       0.00         22        104          -         13        3.7          0        0.0         92        1.3         92
  strong branching :       0.00          0          0          -          0        0.0          0        0.0          -          -          0
  pseudo solution  :       0.00          0          0          -          0        0.0          0        0.0          -          -          -
  applied globally :       0.00          -          -         90         19        2.3          -          -         92          -          -
  applied locally  :          -          -          -          0          2       10.0          -          -          0          -          -
Separators         :   ExecTime  SetupTime      Calls  RootCalls    Cutoffs    DomReds  FoundCuts ViaPoolAdd  DirectAdd    Applied ViaPoolApp  DirectApp      Conss
  cut pool         :       0.01          -        243        243          -          -       6238      12214          -          -          -          -          -    (maximal pool size:       2135)
  aggregation      :       5.31       0.00        127        127          0          0       2849       5791          0        147        147          0          0
  > cmir           :          -          -          -          -          -          -          -       5785          0        146        146          0          -
  > flowcover      :          -          -          -          -          -          -          -          3          0          1          1          0          -
  > knapsackcover  :          -          -          -          -          -          -          -          3          0          0          0          0          -
  cgmip            :       0.00       0.00          0          0          0          0          0          0          0          0          0          0          0
  clique           :       0.03       0.00        127        127          0          0          1          1          0          0          0          0          0
  closecuts        :       0.00       0.00          0          0          0          0          0          0          0          0          0          0          0
  convexproj       :       0.00       0.00          0          0          0          0          0          0          0          0          0          0          0
  disjunctive      :       0.00       0.00          0          0          0          0          0          0          0          0          0          0          0
  eccuts           :       0.00       0.00          0          0          0          0          0          0          0          0          0          0          0
  gauge            :       0.00       0.00          0          0          0          0          0          0          0          0          0          0          0
  gomory           :       0.20       0.00         78         78          0          0       3044       5759          0         76         76          0          0
  > gomorymi       :          -          -          -          -          -          -          -       5759          0         76         76          0          -
  > strongcg       :          -          -          -          -          -          -          -          0          0          0          0          0          -
  impliedbounds    :       0.00       0.00        127        127          0         41        343        662          0        142        142          0          0
  interminor       :       0.00       0.00          0          0          0          0          0          0          0          0          0          0          0
  intobj           :       0.00       0.00          0          0          0          0          0          0          0          0          0          0          0
  lagromory        :       0.00       0.00          0          0          0          0          0          0          0          0          0          0          0
  mcf              :       0.00       0.00          8          8          0          0          0          0          0          0          0          0          0
  minor            :       0.00       0.00         78         78          0          0          0          0          0          0          0          0          0
  mixing           :       0.00       0.00          0          0          0          0          0          0          0          0          0          0          0
  oddcycle         :       0.00       0.00          0          0          0          0          0          0          0          0          0          0          0
  rapidlearning    :       0.00       0.00          0          0          0          0          0          0          0          0          0          0          0
  rlt              :       0.00       0.00         78         78          0          0          0          0          0          0          0          0          0
  zerohalf         :       0.01       0.00        121        121          0          0          1          1          0          1          1          0          0
Cutselectors       :   ExecTime  SetupTime      Calls  RootCalls   Selected     Forced   Filtered  RootSelec   RootForc   RootFilt 
  hybrid           :       0.01       0.00        135        135        586          0      11948        586          0      11948
  ensemble         :       0.00       0.00          0          0          0          0          0          0          0          0
  dynamic          :       0.00       0.00          0          0          0          0          0          0          0          0
Pricers            :   ExecTime  SetupTime      Calls       Vars
  problem variables:       0.00          -          0          0
Branching Rules    :   ExecTime  SetupTime   BranchLP  BranchExt   BranchPS    Cutoffs    DomReds       Cuts      Conss   Children
  allfullstrong    :       0.00       0.00          0          0          0          0          0          0          0          0
  cloud            :       0.00       0.00          0          0          0          0          0          0          0          0
  distribution     :       0.00       0.00          0          0          0          0          0          0          0          0
  fullstrong       :       0.00       0.00          0          0          0          0          0          0          0          0
  gomory           :       0.00       0.00          0          0          0          0          0          0          0          0
  inference        :       0.00       0.00          0          0          0          0          0          0          0          0
  leastinf         :       0.00       0.00          0          0          0          0          0          0          0          0
  lookahead        :       0.00       0.00          0          0          0          0          0          0          0          0
  mostinf          :       0.00       0.00          0          0          0          0          0          0          0          0
  multaggr         :       0.00       0.00          0          0          0          0          0          0          0          0
  nodereopt        :       0.00       0.00          0          0          0          0          0          0          0          0
  pscost           :       0.00       0.00          0          0          0          0          0          0          0          0
  random           :       0.00       0.00          0          0          0          0          0          0          0          0
  relpscost        :       0.09       0.00          6          0          0          0         37          0          2          0
  vanillafullstrong:       0.00       0.00          0          0          0          0          0          0          0          0
Primal Heuristics  :   ExecTime  SetupTime      Calls      Found       Best
  LP solutions     :       0.00          -          -          0          0
  relax solutions  :       0.00          -          -          0          0
  pseudo solutions :       0.00          -          -          0          0
  strong branching :       0.00          -          -          0          0
  actconsdiving    :       0.00       0.00          0          0          0
  adaptivediving   :       0.00       0.00          0          0          0
  alns             :       0.01       0.00          1          0          0
  bound            :       0.00       0.00          0          0          0
  clique           :       0.00       0.00          1          1          1
  coefdiving       :       0.00       0.00          0          0          0
  completesol      :       0.00       0.00          0          0          0
  conflictdiving   :       0.03       0.00          8          1          1
  crossover        :       0.00       0.00          0          0          0
  dins             :       0.00       0.00          0          0          0
  distributiondivin:       0.00       0.00          0          0          0
  dps              :       0.00       0.00          0          0          0
  dualval          :       0.00       0.00          0          0          0
  farkasdiving     :       0.00       0.00          0          0          0
  feaspump         :       0.00       0.00          1          1          1
  fixandinfer      :       0.00       0.00          0          0          0
  fracdiving       :       0.00       0.00          0          0          0
  gins             :       0.00       0.00          0          0          0
  guideddiving     :       0.00       0.00          0          0          0
  indicator        :       0.00       0.00          0          0          0
  indicatordiving  :       0.00       0.00          0          0          0
  intdiving        :       0.00       0.00          0          0          0
  intshifting      :       0.00       0.00          1          0          0
  linesearchdiving :       0.00       0.00          0          0          0
  localbranching   :       0.00       0.00          0          0          0
  locks            :       0.00       0.00          1          0          0
  lpface           :       0.00       0.00          0          0          0
  mpec             :       0.00       0.00          0          0          0
  multistart       :       0.00       0.00          0          0          0
  mutation         :       0.00       0.00          0          0          0
  nlpdiving        :       0.00       0.00          0          0          0
  objpscostdiving  :       0.00       0.00          0          0          0
  octane           :       0.00       0.00          0          0          0
  ofins            :       0.00       0.00          0          0          0
  oneopt           :       0.00       0.00          2          0          0
  padm             :       0.00       0.00          0          0          0
  proximity        :       0.00       0.00          0          0          0
  pscostdiving     :       0.00       0.00          0          0          0
  randrounding     :       0.10       0.00        149          0          0
  rens             :       0.11       0.00          2          2          1
  reoptsols        :       0.00       0.00          0          0          0
  repair           :       0.00       0.00          0          0          0
  rins             :       0.00       0.00          0          0          0
  rootsoldiving    :       0.00       0.00          0          0          0
  rounding         :       0.00       0.00        100          0          0
  scheduler        :       0.00       0.00          0          0          0
  shiftandpropagate:       0.00       0.00          0          0          0
  shifting         :       0.02       0.00        100          0          0
  simplerounding   :       0.00       0.00          0          0          0
  subnlp           :       0.00       0.00          0          0          0
  trivial          :       0.00       0.00         18          0          0
  trivialnegation  :       0.00       0.00          0          0          0
  trustregion      :       0.00       0.00          0          0          0
  trysol           :       0.00       0.00          0          0          0
  twoopt           :       0.00       0.00          0          0          0
  undercover       :       0.00       0.00          0          0          0
  vbounds          :       0.01       0.00          8          2          2
  veclendiving     :       0.00       0.00          0          0          0
  zeroobj          :       0.00       0.00          0          0          0
  zirounding       :       0.00       0.00          8          0          0
  other solutions  :          -          -          -          0          -
LNS (Scheduler)    :      Calls  SetupTime  SolveTime SolveNodes       Sols       Best       Exp3    Exp3-IX  EpsGreedy        UCB TgtFixRate  Opt  Inf Node Stal  Sol  Usr Othr Actv
  zeroobjective    :          0       0.00       0.00          0          0          0    0.00000    1.00000   -1.00000    1.00000      0.900    0    0    0    0    0    0    0    1
  rens             :          0       0.00       0.00          0          0          0    0.00000    0.00000   -1.00000    1.00000      0.900    0    0    0    0    0    0    0    0
  rins             :          0       0.00       0.00          0          0          0    0.00000    0.00000   -1.00000    1.00000      0.900    0    0    0    0    0    0    0    0
  mutation         :          0       0.00       0.00          0          0          0    0.00000    0.00000   -1.00000    1.00000      0.900    0    0    0    0    0    0    0    0
  localbranching   :          0       0.00       0.00          0          0          0    0.00000    0.00000   -1.00000    1.00000      0.900    0    0    0    0    0    0    0    0
  crossover        :          0       0.00       0.00          0          0          0    0.00000    0.00000   -1.00000    1.00000      0.900    0    0    0    0    0    0    0    0
  proximity        :          0       0.00       0.00          0          0          0    0.00000    0.00000   -1.00000    1.00000      0.900    0    0    0    0    0    0    0    0
  dins             :          0       0.00       0.00          0          0          0    0.00000    0.00000   -1.00000    1.00000      0.900    0    0    0    0    0    0    0    0
  trustregion      :          0       0.00       0.00          0          0          0    0.00000    0.00000   -1.00000    1.00000      0.900    0    0    0    0    0    0    0    0
LP                 :       Time      Calls Iterations  Iter/call   Iter/sec  Time-0-It Calls-0-It    ItLimit
  primal LP        :       0.00         10          0       0.00          -       0.00         10
  dual LP          :       0.14        197       4877      32.73   35488.45       0.01         48
  lex dual LP      :       0.00          0          0       0.00          -
  barrier LP       :       0.00          0          0       0.00          -       0.00          0
  resolve instable :       0.00          0          0       0.00          -
  diving/probing LP:       0.03         38        973      25.61   34230.43
  strong branching :       0.07         34       2573      75.68   35644.52          -          -          0
    (at root node) :          -         34       2573      75.68          -
  conflict analysis:       0.00         12         92       7.67          -
B&B Tree           :
  number of runs   :          9
  nodes            :          1 (0 internal, 1 leaves)
  feasible leaves  :          0
  infeas. leaves   :          0
  objective leaves :          1
  nodes (total)    :          9 (0 internal, 9 leaves)
  nodes left       :          0
  max depth        :          0
  max depth (total):          0
  backtracks       :          0 (0.0%)
  early backtracks :          0 (0.0%)
  nodes exc. ref.  :          0 (0.0%)
  delayed cutoffs  :          0
  repropagations   :          0 (0 domain reductions, 0 cutoffs)
  avg switch length:       2.00
  switching time   :       0.00
Root Node          :
  First LP value   : +1.38664693752790e+05
  First LP Iters   :        153 (77429.15 Iter/sec)
  First LP Time    :       0.00
  Final Dual Bound : +1.40133453000000e+05
  Final Root Iters :       4897
  Root LP Estimate :                     -
Solution           :
  Solutions found  :          7 (6 improvements)
  First Solution   : +1.41991653000000e+05   (in run 1, after 1 nodes, 0.03 seconds, depth 5, found by <clique>)
  Gap First Sol.   :   infinite
  Gap Last Sol.    :       0.15 %
  Primal Bound     : +1.40133453000000e+05   (in run 1, after 1 nodes, 0.46 seconds, depth 0, found by <rens>)
  Dual Bound       : +1.40133453000000e+05
  Gap              :       0.00 %
Integrals          :      Total       Avg%
  primal-dual      :       5.30       0.80
  primal-ref       :          -          - (not evaluated)
  dual-ref         :          -          - (not evaluated)

 Branching Statistics...

 Total number of propagations -> 3959

 Number of cutoffs of KnaCons -> 0

 Total number of variables fixed to 1 by the propagator -> 0

 Total number of variables fixed to 0 by the propagator -> 3

 Maximum number of rounds of the approximation algorithm -> 0

 Runtime of the exact algorithm -> 0.0000 s

 Total number of variables fixed to 1 in the exact algorithm -> 0

 Total number of variables fixed to 0 in the exact algorithm -> 0

 Number of cutoffs in the exact algorithm -> 0

 Number of cutoffs in the approximation algorithm -> 0

 PS:  
