***************************************
*         SCIP-based CCP Solver       *
*                                     *
*    Wei Lv and Wei-Kun Chen (2024)   *
***************************************
/beegfs/home/30150120/SCIP-CCP/build/ccp -f data/CCRPData/20-30-1000-2.ccrp -s settings/CCRPSetting/BASE2.set 
SCIP version 9.1.0 [precision: 8 byte] [memory: block] [mode: optimized] [LP solver: Soplex 7.1.0] [GitHash: 8cab0278ba]
Copyright (c) 2002-2024 Zuse Institute Berlin (ZIB)

External libraries: 
  Soplex 7.1.0         Linear Programming Solver developed at Zuse Institute Berlin (soplex.zib.de) [GitHash: 595bfac9]
  CppAD 20180000.0     Algorithmic Differentiation of C++ algorithms developed by B. Bell (github.com/coin-or/CppAD)
  ZLIB 1.2.7           General purpose compression library by J. Gailly and M. Adler (zlib.net)
  GMP 6.2.1            GNU Multiple Precision Arithmetic Library developed by T. Granlund (gmplib.org)
  AMPL/MP 690e9e7      AMPL .nl file reader library (github.com/ampl/mp)
  PaPILO 2.3.0         parallel presolve for integer and linear optimization (github.com/scipopt/papilo) (built with TBB) [GitHash: 4b8ce6ed]
  Nauty 2.8.8          Computing Graph Automorphism Groups by Brendan D. McKay (users.cecs.anu.edu.au/~bdm/nauty)
  sassy 1.1            Symmetry preprocessor by Markus Anders (github.com/markusa4/sassy)

reading user parameter file <settings/CCRPSetting/BASE2.set>

read problem <data/CCRPData/20-30-1000-2.ccrp>
============

File name: 	data/CCRPData/20-30-1000-2.ccrp
Problem name:	CCRPData/20-30-1000-2
NumResource: 	20
Dimension: 	30
NumScenario: 	1000
ConfidenceParameter: 	0.20
IsEqualProbability: 	1
BASE+DI: 	0
BASE+sDI: 	0
BASE+DB: 	0
BASE+DB+OPF: 	0
Dominance and Aggregation Statistics......
NumEdge:        42405
NumBiEdge: 	0
NumDomIneqs: 	42405
DominanceRatio: 0.0849
NumAggScenario: 1000 
BasicNumScenario: 748 
original problem has 1650 variables (1000 bin, 0 int, 0 impl, 650 cont) and 6052 constraints

solve problem
=============

presolving:
(round 1, fast)       533 del vars, 0 del conss, 0 add conss, 30 chg bounds, 0 chg sides, 0 chg coeffs, 0 upgd conss, 0 impls, 0 clqs
   (0.7s) running MILP presolver
   (0.9s) MILP presolver (3 rounds): 49 aggregations, 288 fixings, 0 bound changes
(round 2, medium)     870 del vars, 6051 del conss, 6002 add conss, 30 chg bounds, 0 chg sides, 0 chg coeffs, 0 upgd conss, 0 impls, 0 clqs
(round 3, fast)       870 del vars, 6051 del conss, 6002 add conss, 59 chg bounds, 0 chg sides, 0 chg coeffs, 0 upgd conss, 0 impls, 0 clqs
(round 4, exhaustive) 870 del vars, 6051 del conss, 6002 add conss, 59 chg bounds, 0 chg sides, 0 chg coeffs, 6000 upgd conss, 0 impls, 0 clqs
   (0.9s) probing: 51/748 (6.8%) - 0 fixings, 0 aggregations, 0 implications, 0 bound changes
   (0.9s) probing aborted: 50/50 successive totally useless probings
   (0.9s) symmetry computation started: requiring (bin +, int +, cont +), (fixed: bin -, int -, cont -)
   Symmetry detection interrupted: constraints of type chancecons do not provide symmetry information.
   If symmetries shall be detected, implement the CONSGETPERMSYMGRAPH callback.
   (0.9s) could not compute symmetry
presolving (5 rounds: 5 fast, 3 medium, 2 exhaustive):
 870 deleted vars, 6051 deleted constraints, 6002 added constraints, 59 tightened bounds, 0 added holes, 0 changed sides, 0 changed coefficients
 6000 implications, 0 cliques
presolved problem has 780 variables (748 bin, 0 int, 0 impl, 32 cont) and 6003 constraints
      1 constraints of type <chancecons>
   6000 constraints of type <varbound>
      1 constraints of type <knapsack>
      1 constraints of type <linear>
Presolving Time: 0.27

 time | node  | left  |LP iter|LP it/n|mem/heur|mdpt |vars |cons |rows |cuts |sepa|confs|strbr|  dualbound   | primalbound  |  gap   | compl. 
p 0.9s|     1 |     0 |     1 |     - |   locks|   0 | 780 |6003 |6002 |   0 |  0 |   0 |   0 | 1.621392e+03 | 2.005325e+03 |  23.68%| unknown
p 1.0s|     1 |     0 |     3 |     - | vbounds|   0 | 780 |6004 |6002 |   0 |  0 |   1 |   0 | 1.621392e+03 | 2.005299e+03 |  23.68%| unknown
  1.1s|     1 |     0 |  1300 |     - |    34M |   0 | 780 |6004 |6002 |   0 |  0 |   1 |   0 | 1.811648e+03 | 2.005299e+03 |  10.69%| unknown
r 1.1s|     1 |     0 |  1300 |     - |shifting|   0 | 780 |6004 |6002 |   0 |  0 |   1 |   0 | 1.811648e+03 | 1.999665e+03 |  10.38%| unknown
  1.1s|     1 |     0 |  1626 |     - |    37M |   0 | 780 |6004 |6033 |  31 |  1 |   1 |   0 | 1.837513e+03 | 1.999665e+03 |   8.82%| unknown
  1.2s|     1 |     0 |  1987 |     - |    39M |   0 | 780 |6004 |6074 |  72 |  2 |   1 |   0 | 1.853462e+03 | 1.999665e+03 |   7.89%| unknown
  1.2s|     1 |     0 |  2321 |     - |    40M |   0 | 780 |6004 |6116 | 114 |  3 |   1 |   0 | 1.866524e+03 | 1.999665e+03 |   7.13%| unknown
  1.3s|     1 |     0 |  2686 |     - |    41M |   0 | 780 |6004 |6164 | 162 |  4 |   1 |   0 | 1.877433e+03 | 1.999665e+03 |   6.51%| unknown
  1.4s|     1 |     0 |  3017 |     - |    46M |   0 | 780 |6004 |6218 | 216 |  5 |   1 |   0 | 1.884719e+03 | 1.999665e+03 |   6.10%| unknown
  1.5s|     1 |     0 |  3353 |     - |    48M |   0 | 780 |6004 |6265 | 263 |  6 |   1 |   0 | 1.890338e+03 | 1.999665e+03 |   5.78%| unknown
  1.6s|     1 |     0 |  3699 |     - |    53M |   0 | 780 |6004 |6318 | 316 |  7 |   1 |   0 | 1.894144e+03 | 1.999665e+03 |   5.57%| unknown
  1.7s|     1 |     0 |  4132 |     - |    59M |   0 | 780 |6004 |6365 | 363 |  8 |   1 |   0 | 1.897417e+03 | 1.999665e+03 |   5.39%| unknown
  1.8s|     1 |     0 |  4475 |     - |    65M |   0 | 780 |6004 |6410 | 408 |  9 |   1 |   0 | 1.899085e+03 | 1.999665e+03 |   5.30%| unknown
  2.0s|     1 |     0 |  4853 |     - |    75M |   0 | 780 |6004 |6455 | 453 | 10 |   1 |   0 | 1.900904e+03 | 1.999665e+03 |   5.20%| unknown
  2.1s|     1 |     0 |  5397 |     - |    77M |   0 | 780 |6004 |6504 | 502 | 11 |   1 |   0 | 1.902500e+03 | 1.999665e+03 |   5.11%| unknown
 time | node  | left  |LP iter|LP it/n|mem/heur|mdpt |vars |cons |rows |cuts |sepa|confs|strbr|  dualbound   | primalbound  |  gap   | compl. 
  2.2s|     1 |     0 |  5794 |     - |    78M |   0 | 780 |6004 |6546 | 544 | 12 |   1 |   0 | 1.903301e+03 | 1.999665e+03 |   5.06%| unknown
  2.3s|     1 |     0 |  6220 |     - |    78M |   0 | 780 |6004 |6588 | 586 | 13 |   1 |   0 | 1.904361e+03 | 1.999665e+03 |   5.00%| unknown
  2.4s|     1 |     0 |  6740 |     - |    79M |   0 | 780 |6004 |6619 | 635 | 14 |   1 |   0 | 1.905133e+03 | 1.999665e+03 |   4.96%| unknown
  2.6s|     1 |     0 |  7388 |     - |    81M |   0 | 780 |6004 |6671 | 687 | 15 |   1 |   0 | 1.905979e+03 | 1.999665e+03 |   4.92%| unknown
  2.8s|     1 |     0 |  8099 |     - |    83M |   0 | 780 |6004 |6720 | 736 | 16 |   1 |   0 | 1.906876e+03 | 1.999665e+03 |   4.87%| unknown
  3.0s|     1 |     0 |  8722 |     - |    84M |   0 | 780 |6004 |6772 | 788 | 17 |   1 |   0 | 1.907281e+03 | 1.999665e+03 |   4.84%| unknown
  3.3s|     1 |     0 |  9394 |     - |    85M |   0 | 780 |6004 |6819 | 835 | 18 |   1 |   0 | 1.907851e+03 | 1.999665e+03 |   4.81%| unknown
  3.5s|     1 |     0 |  9971 |     - |    87M |   0 | 780 |6004 |6870 | 886 | 19 |   1 |   0 | 1.908164e+03 | 1.999665e+03 |   4.80%| unknown
  3.8s|     1 |     0 | 10717 |     - |    87M |   0 | 780 |6004 |6803 | 937 | 20 |   1 |   0 | 1.908583e+03 | 1.999665e+03 |   4.77%| unknown
  4.1s|     1 |     0 | 11395 |     - |    88M |   0 | 780 |6004 |6850 | 984 | 21 |   1 |   0 | 1.909136e+03 | 1.999665e+03 |   4.74%| unknown
  4.4s|     1 |     0 | 12192 |     - |    89M |   0 | 780 |6004 |6902 |1036 | 22 |   1 |   0 | 1.909470e+03 | 1.999665e+03 |   4.72%| unknown
  4.8s|     1 |     0 | 13070 |     - |    90M |   0 | 780 |6004 |6948 |1082 | 23 |   1 |   0 | 1.909824e+03 | 1.999665e+03 |   4.70%| unknown
  5.2s|     1 |     0 | 13905 |     - |    92M |   0 | 780 |6004 |7000 |1134 | 24 |   1 |   0 | 1.910135e+03 | 1.999665e+03 |   4.69%| unknown
  5.5s|     1 |     0 | 14624 |     - |    92M |   0 | 780 |6004 |7043 |1177 | 25 |   1 |   0 | 1.910302e+03 | 1.999665e+03 |   4.68%| unknown
  5.9s|     1 |     0 | 15374 |     - |    93M |   0 | 780 |6004 |6904 |1228 | 26 |   1 |   0 | 1.910424e+03 | 1.999665e+03 |   4.67%| unknown
 time | node  | left  |LP iter|LP it/n|mem/heur|mdpt |vars |cons |rows |cuts |sepa|confs|strbr|  dualbound   | primalbound  |  gap   | compl. 
  6.2s|     1 |     0 | 16338 |     - |    94M |   0 | 780 |6004 |6951 |1275 | 27 |   1 |   0 | 1.910554e+03 | 1.999665e+03 |   4.66%| unknown
  6.6s|     1 |     0 | 17219 |     - |    95M |   0 | 780 |6004 |7000 |1324 | 28 |   1 |   0 | 1.910679e+03 | 1.999665e+03 |   4.66%| unknown
  6.9s|     1 |     0 | 18048 |     - |    95M |   0 | 780 |6004 |7035 |1359 | 29 |   1 |   0 | 1.910749e+03 | 1.999665e+03 |   4.65%| unknown
  7.4s|     1 |     0 | 19020 |     - |    95M |   0 | 780 |6004 |7080 |1404 | 30 |   1 |   0 | 1.910885e+03 | 1.999665e+03 |   4.65%| unknown
  7.8s|     1 |     0 | 20081 |     - |    95M |   0 | 780 |6004 |7121 |1445 | 31 |   1 |   0 | 1.910940e+03 | 1.999665e+03 |   4.64%| unknown
  8.1s|     1 |     0 | 21018 |     - |    96M |   0 | 780 |6004 |6944 |1479 | 32 |   1 |   0 | 1.910980e+03 | 1.999665e+03 |   4.64%| unknown
  8.5s|     1 |     0 | 22124 |     - |    96M |   0 | 780 |6004 |6979 |1514 | 33 |   1 |   0 | 1.911008e+03 | 1.999665e+03 |   4.64%| unknown
  8.8s|     1 |     0 | 23169 |     - |    96M |   0 | 780 |6004 |7007 |1542 | 34 |   1 |   0 | 1.911027e+03 | 1.999665e+03 |   4.64%| unknown
r 8.9s|     1 |     0 | 23644 |     - |intshift|   0 | 780 |6004 |7007 |1542 | 34 |   1 |   0 | 1.911027e+03 | 1.964191e+03 |   2.78%| unknown
o 9.3s|     1 |     0 | 26123 |     - |feaspump|   0 | 780 |6004 |7007 |1542 | 34 |   1 |   0 | 1.911027e+03 | 1.911693e+03 |   0.03%| unknown
 11.2s|     1 |     0 | 26404 |     - |    96M |   0 | 780 |5996 |7007 |1542 | 34 |  20 |   0 | 1.911027e+03 | 1.911693e+03 |   0.03%| unknown
 11.2s|     1 |     0 | 26404 |     - |    96M |   0 | 780 |5996 |6426 |1542 | 34 |  20 |   0 | 1.911027e+03 | 1.911693e+03 |   0.03%| unknown
 11.5s|     1 |     0 | 27367 |     - |    96M |   0 | 780 |5996 |6459 |1575 | 35 |  20 |   0 | 1.911050e+03 | 1.911693e+03 |   0.03%| unknown
 11.5s|     1 |     0 | 27367 |     - |    96M |   0 | 780 |5996 |6432 |1575 | 35 |  20 |   0 | 1.911050e+03 | 1.911693e+03 |   0.03%| unknown
 11.7s|     1 |     0 | 28304 |     - |    96M |   0 | 780 |5996 |6309 |1607 | 36 |  20 |   0 | 1.911057e+03 | 1.911693e+03 |   0.03%| unknown
 time | node  | left  |LP iter|LP it/n|mem/heur|mdpt |vars |cons |rows |cuts |sepa|confs|strbr|  dualbound   | primalbound  |  gap   | compl. 
 11.7s|     1 |     0 | 28304 |     - |    96M |   0 | 780 |5996 |6281 |1607 | 36 |  20 |   0 | 1.911057e+03 | 1.911693e+03 |   0.03%| unknown
 17.6s|     1 |     2 | 28304 |     - |    97M |   0 | 780 |5813 |6281 |1607 | 36 |  20 |  24 | 1.911108e+03 | 1.911693e+03 |   0.03%| unknown
(run 1, node 1) restarting after 26 global fixings of integer variables

(restart) converted 479 cuts from the global cut pool into linear constraints

presolving:
(round 1, fast)       27 del vars, 444 del conss, 0 add conss, 0 chg bounds, 0 chg sides, 0 chg coeffs, 0 upgd conss, 6000 impls, 0 clqs
(round 2, exhaustive) 27 del vars, 446 del conss, 0 add conss, 1 chg bounds, 3 chg sides, 0 chg coeffs, 0 upgd conss, 6000 impls, 0 clqs
(round 3, fast)       28 del vars, 447 del conss, 0 add conss, 1 chg bounds, 3 chg sides, 0 chg coeffs, 0 upgd conss, 6000 impls, 0 clqs
presolving (4 rounds: 4 fast, 2 medium, 2 exhaustive):
 28 deleted vars, 447 deleted constraints, 0 added constraints, 1 tightened bounds, 0 added holes, 3 changed sides, 0 changed coefficients
 6000 implications, 0 cliques
presolved problem has 752 variables (722 bin, 0 int, 0 impl, 30 cont) and 5845 constraints
      1 constraints of type <chancecons>
   5364 constraints of type <varbound>
      1 constraints of type <knapsack>
    478 constraints of type <linear>
      1 constraints of type <bounddisjunction>
Presolving Time: 0.30
transformed 3/8 original solutions to the transformed problem space

 time | node  | left  |LP iter|LP it/n|mem/heur|mdpt |vars |cons |rows |cuts |sepa|confs|strbr|  dualbound   | primalbound  |  gap   | compl. 
 18.1s|     1 |     0 | 32037 |     - |    95M |   0 | 752 |5845 |5842 |   0 |  0 |  20 |  24 | 1.911108e+03 | 1.911693e+03 |   0.03%| unknown
 18.3s|     1 |     0 | 33050 |     - |   101M |   0 | 752 |5845 |5868 |  26 |  1 |  20 |  24 | 1.911108e+03 | 1.911693e+03 |   0.03%| unknown
 18.6s|     1 |     0 | 34210 |     - |   106M |   0 | 752 |5845 |5897 |  55 |  2 |  20 |  24 | 1.911108e+03 | 1.911693e+03 |   0.03%| unknown
 18.9s|     1 |     0 | 35562 |     - |   114M |   0 | 752 |5845 |5924 |  82 |  3 |  20 |  24 | 1.911108e+03 | 1.911693e+03 |   0.03%| unknown
 19.1s|     1 |     0 | 36420 |     - |   125M |   0 | 752 |5845 |5950 | 108 |  4 |  20 |  24 | 1.911108e+03 | 1.911693e+03 |   0.03%| unknown
 19.4s|     1 |     0 | 37856 |     - |   133M |   0 | 752 |5845 |5977 | 135 |  5 |  20 |  24 | 1.911108e+03 | 1.911693e+03 |   0.03%| unknown
 19.9s|     1 |     0 | 39460 |     - |   146M |   0 | 752 |5845 |6007 | 165 |  6 |  20 |  24 | 1.911108e+03 | 1.911693e+03 |   0.03%| unknown
 20.2s|     1 |     0 | 40687 |     - |   161M |   0 | 752 |5845 |6033 | 191 |  7 |  20 |  24 | 1.911108e+03 | 1.911693e+03 |   0.03%| unknown
 20.8s|     1 |     0 | 42487 |     - |   179M |   0 | 752 |5845 |6059 | 217 |  8 |  20 |  24 | 1.911108e+03 | 1.911693e+03 |   0.03%| unknown
 21.2s|     1 |     0 | 43529 |     - |   203M |   0 | 752 |5845 |6092 | 250 |  9 |  20 |  24 | 1.911108e+03 | 1.911693e+03 |   0.03%| unknown
 21.7s|     1 |     0 | 44665 |     - |   214M |   0 | 752 |5845 |6137 | 295 | 10 |  20 |  24 | 1.911108e+03 | 1.911693e+03 |   0.03%| unknown
 22.2s|     1 |     0 | 46139 |     - |   217M |   0 | 752 |5845 |6071 | 342 | 11 |  20 |  24 | 1.911108e+03 | 1.911693e+03 |   0.03%| unknown
 22.7s|     1 |     0 | 47778 |     - |   219M |   0 | 752 |5845 |6115 | 386 | 12 |  20 |  24 | 1.911108e+03 | 1.911693e+03 |   0.03%| unknown
 23.3s|     1 |     0 | 49224 |     - |   222M |   0 | 752 |5845 |6159 | 430 | 13 |  20 |  24 | 1.911108e+03 | 1.911693e+03 |   0.03%| unknown
 23.9s|     1 |     0 | 50833 |     - |   223M |   0 | 752 |5845 |6204 | 475 | 14 |  20 |  24 | 1.911108e+03 | 1.911693e+03 |   0.03%| unknown
 time | node  | left  |LP iter|LP it/n|mem/heur|mdpt |vars |cons |rows |cuts |sepa|confs|strbr|  dualbound   | primalbound  |  gap   | compl. 
 24.6s|     1 |     0 | 52510 |     - |   227M |   0 | 752 |5845 |6254 | 525 | 15 |  20 |  24 | 1.911108e+03 | 1.911693e+03 |   0.03%| unknown
 25.2s|     1 |     0 | 54163 |     - |   227M |   0 | 752 |5845 |6293 | 564 | 16 |  20 |  24 | 1.911108e+03 | 1.911693e+03 |   0.03%| unknown
 25.7s|     1 |     0 | 55548 |     - |   229M |   0 | 752 |5845 |6270 | 603 | 17 |  20 |  24 | 1.911108e+03 | 1.911693e+03 |   0.03%| unknown
 26.5s|     1 |     0 | 57587 |     - |   230M |   0 | 752 |5845 |6318 | 651 | 18 |  20 |  24 | 1.911108e+03 | 1.911693e+03 |   0.03%| unknown
 26.5s|     1 |     0 | 57587 |     - |   230M |   0 | 752 |5845 |6295 | 651 | 18 |  20 |  24 | 1.911108e+03 | 1.911693e+03 |   0.03%| unknown
 27.0s|     1 |     0 | 59310 |     - |   231M |   0 | 752 |5845 |6336 | 692 | 19 |  20 |  24 | 1.911108e+03 | 1.911693e+03 |   0.03%| unknown
 27.7s|     1 |     0 | 61364 |     - |   233M |   0 | 752 |5845 |6384 | 740 | 20 |  20 |  24 | 1.911108e+03 | 1.911693e+03 |   0.03%| unknown
 28.3s|     1 |     0 | 63145 |     - |   233M |   0 | 752 |5845 |6422 | 778 | 21 |  20 |  24 | 1.911108e+03 | 1.911693e+03 |   0.03%| unknown
 29.1s|     1 |     0 | 66010 |     - |   233M |   0 | 752 |5845 |6466 | 822 | 22 |  20 |  24 | 1.911108e+03 | 1.911693e+03 |   0.03%| unknown
 29.1s|     1 |     0 | 66010 |     - |   233M |   0 | 752 |5845 |6445 | 822 | 22 |  20 |  24 | 1.911108e+03 | 1.911693e+03 |   0.03%| unknown
 29.6s|     1 |     0 | 67584 |     - |   233M |   0 | 752 |5845 |6287 | 847 | 23 |  20 |  24 | 1.911108e+03 | 1.911693e+03 |   0.03%| unknown
 30.1s|     1 |     0 | 69551 |     - |   233M |   0 | 752 |5845 |6320 | 880 | 24 |  20 |  24 | 1.911108e+03 | 1.911693e+03 |   0.03%| unknown
 30.1s|     1 |     0 | 69551 |     - |   233M |   0 | 752 |5845 |6297 | 880 | 24 |  20 |  24 | 1.911108e+03 | 1.911693e+03 |   0.03%| unknown
 30.7s|     1 |     0 | 71872 |     - |   233M |   0 | 752 |5845 |6327 | 910 | 25 |  20 |  24 | 1.911108e+03 | 1.911693e+03 |   0.03%| unknown
 31.1s|     1 |     0 | 73524 |     - |   233M |   0 | 752 |5845 |6367 | 950 | 26 |  20 |  24 | 1.911108e+03 | 1.911693e+03 |   0.03%| unknown
 time | node  | left  |LP iter|LP it/n|mem/heur|mdpt |vars |cons |rows |cuts |sepa|confs|strbr|  dualbound   | primalbound  |  gap   | compl. 
 31.1s|     1 |     0 | 73524 |     - |   233M |   0 | 752 |5845 |6353 | 950 | 26 |  20 |  24 | 1.911108e+03 | 1.911693e+03 |   0.03%| unknown
 31.1s|     1 |     0 | 73524 |     - |   233M |   0 | 752 |4776 |6353 | 950 | 26 |  20 |  24 | 1.911108e+03 | 1.911693e+03 |   0.03%| unknown
 31.5s|     1 |     0 | 75270 |     - |   233M |   0 | 752 |4776 |6382 | 979 | 27 |  20 |  24 | 1.911108e+03 | 1.911693e+03 |   0.03%| unknown
 31.5s|     1 |     0 | 75271 |     - |   233M |   0 | 752 |4776 |5363 | 979 | 27 |  20 |  24 | 1.911108e+03 | 1.911693e+03 |   0.03%| unknown
 31.6s|     1 |     0 | 75449 |     - |   233M |   0 | 752 |4776 |4854 |1029 | 28 |  20 |  24 | 1.911108e+03 | 1.911693e+03 |   0.03%| unknown
 31.6s|     1 |     0 | 75449 |     - |   233M |   0 | 752 |4776 |4854 |1029 | 28 |  20 |  24 | 1.911108e+03 | 1.911693e+03 |   0.03%| unknown
 31.6s|     1 |     0 | 75449 |     - |   233M |   0 | 752 |4776 |4833 |1029 | 28 |  20 |  24 | 1.911108e+03 | 1.911693e+03 |   0.03%| unknown
 31.6s|     1 |     0 | 75449 |     - |   233M |   0 | 752 |4776 |4831 |1029 | 29 |  20 |  24 | 1.911108e+03 | 1.911693e+03 |   0.03%| unknown
L32.4s|     1 |     0 | 78339 |     - |    rens|   0 | 752 |4371 |4831 |1029 | 30 |  21 |  24 | 1.911108e+03 | 1.911296e+03 |   0.01%| unknown
 32.4s|     1 |     0 | 78339 |     - |   233M |   0 | 752 |4371 |4831 |1029 | 30 |  21 |  24 | 1.911108e+03 | 1.911296e+03 |   0.01%| unknown
 32.4s|     1 |     0 | 78339 |     - |   233M |   0 | 752 |4371 |4523 |1029 | 30 |  21 |  24 | 1.911108e+03 | 1.911296e+03 |   0.01%| unknown
 32.4s|     1 |     0 | 78339 |     - |   233M |   0 | 752 |4371 |2780 |1029 | 31 |  21 |  24 | 1.911108e+03 | 1.911296e+03 |   0.01%| unknown
 36.4s|     1 |     2 | 78339 |     - |   233M |   0 | 752 |2320 |2780 |1029 | 31 |  21 |  41 | 1.911112e+03 | 1.911296e+03 |   0.01%| unknown
*44.5s|     4 |     3 | 85163 |3238.0 |    LP  |   3 | 752 |2356 |2246 |1029 |  5 |  59 | 193 | 1.911163e+03 | 1.911224e+03 |   0.00%| unknown

SCIP Status        : problem is solved [optimal solution found]
Solving Time (sec) : 46.14
Solving Nodes      : 11 (total of 12 nodes in 2 runs)
Primal Bound       : +1.91122380303991e+03 (11 solutions)
Dual Bound         : +1.91122380303991e+03
Gap                : 0.00 %

primal solution (original space):
=================================

objective value:                     1911.22380303991
z#10                                                1 	(obj:0)
z#14                                                1 	(obj:0)
z#36                                                1 	(obj:0)
z#39                                                1 	(obj:0)
z#41                                                1 	(obj:0)
z#43                                                1 	(obj:0)
z#52                                                1 	(obj:0)
z#56                                0.999999999999962 	(obj:0)
z#60                                                1 	(obj:0)
z#65                                                1 	(obj:0)
z#67                                                1 	(obj:0)
z#70                                                1 	(obj:0)
z#72                                                1 	(obj:0)
z#86                                                1 	(obj:0)
z#87                                                1 	(obj:0)
z#103                                               1 	(obj:0)
z#104                                               1 	(obj:0)
z#106                                               1 	(obj:0)
z#108                                               1 	(obj:0)
z#113                                               1 	(obj:0)
z#116                                               1 	(obj:0)
z#128                                               1 	(obj:0)
z#132                                               1 	(obj:0)
z#134                                               1 	(obj:0)
z#143                                               1 	(obj:0)
z#147                                               1 	(obj:0)
z#148                                               1 	(obj:0)
z#156                                               1 	(obj:0)
z#158                                               1 	(obj:0)
z#160                                               1 	(obj:0)
z#167                                               1 	(obj:0)
z#168                                               1 	(obj:0)
z#175                                               1 	(obj:0)
z#187                                               1 	(obj:0)
z#191                                               1 	(obj:0)
z#192                               0.999999999999943 	(obj:0)
z#193                               0.999999999999991 	(obj:0)
z#200                                               1 	(obj:0)
z#213                                               1 	(obj:0)
z#234                                               1 	(obj:0)
z#235                               0.999999999999992 	(obj:0)
z#237                                               1 	(obj:0)
z#239                                               1 	(obj:0)
z#245                                               1 	(obj:0)
z#255                                               1 	(obj:0)
z#257                                               1 	(obj:0)
z#261                                               1 	(obj:0)
z#274                                               1 	(obj:0)
z#286                                               1 	(obj:0)
z#290                                               1 	(obj:0)
z#294                                               1 	(obj:0)
z#296                                               1 	(obj:0)
z#305                                               1 	(obj:0)
z#317                                               1 	(obj:0)
z#328                                               1 	(obj:0)
z#329                                               1 	(obj:0)
z#336                                               1 	(obj:0)
z#337                               0.999999999999998 	(obj:0)
z#347                                               1 	(obj:0)
z#352                                               1 	(obj:0)
z#353                                               1 	(obj:0)
z#355                                               1 	(obj:0)
z#359                                               1 	(obj:0)
z#360                                               1 	(obj:0)
z#363                                               1 	(obj:0)
z#370                                               1 	(obj:0)
z#374                                               1 	(obj:0)
z#378                                               1 	(obj:0)
z#379                                               1 	(obj:0)
z#391                                               1 	(obj:0)
z#401                                               1 	(obj:0)
z#407                                               1 	(obj:0)
z#412                                               1 	(obj:0)
z#416                                               1 	(obj:0)
z#417                                               1 	(obj:0)
z#418                               0.999999999999999 	(obj:0)
z#421                                               1 	(obj:0)
z#432                                               1 	(obj:0)
z#436                                               1 	(obj:0)
z#445                                               1 	(obj:0)
z#451                                               1 	(obj:0)
z#453                                               1 	(obj:0)
z#454                                               1 	(obj:0)
z#458                                               1 	(obj:0)
z#463                                               1 	(obj:0)
z#475                                               1 	(obj:0)
z#478                                               1 	(obj:0)
z#480                                               1 	(obj:0)
z#484                                               1 	(obj:0)
z#485                                               1 	(obj:0)
z#491                                               1 	(obj:0)
z#492                                1.00000000000001 	(obj:0)
z#497                               0.999999999999999 	(obj:0)
z#499                                               1 	(obj:0)
z#501                                               1 	(obj:0)
z#503                                               1 	(obj:0)
z#506                                               1 	(obj:0)
z#507                                1.00000000000001 	(obj:0)
z#508                                               1 	(obj:0)
z#513                               0.999999999999997 	(obj:0)
z#515                               0.999999999999988 	(obj:0)
z#530                                               1 	(obj:0)
z#533                               0.999999999999996 	(obj:0)
z#534                                1.00000000000002 	(obj:0)
z#540                                               1 	(obj:0)
z#542                                               1 	(obj:0)
z#549                                               1 	(obj:0)
z#550                                               1 	(obj:0)
z#556                               0.999999999999992 	(obj:0)
z#559                                               1 	(obj:0)
z#560                                               1 	(obj:0)
z#575                                               1 	(obj:0)
z#576                                               1 	(obj:0)
z#582                                               1 	(obj:0)
z#592                                               1 	(obj:0)
z#595                                               1 	(obj:0)
z#597                                               1 	(obj:0)
z#598                                               1 	(obj:0)
z#605                                               1 	(obj:0)
z#613                                               1 	(obj:0)
z#620                                               1 	(obj:0)
z#624                                               1 	(obj:0)
z#626                                               1 	(obj:0)
z#627                                               1 	(obj:0)
z#629                                               1 	(obj:0)
z#633                                               1 	(obj:0)
z#636                                               1 	(obj:0)
z#638                                               1 	(obj:0)
z#641                                               1 	(obj:0)
z#646                                               1 	(obj:0)
z#654                                               1 	(obj:0)
z#659                                1.00000000000001 	(obj:0)
z#663                                               1 	(obj:0)
z#665                                               1 	(obj:0)
z#668                                               1 	(obj:0)
z#670                                               1 	(obj:0)
z#671                                               1 	(obj:0)
z#687                                               1 	(obj:0)
z#691                                               1 	(obj:0)
z#697                                               1 	(obj:0)
z#704                                               1 	(obj:0)
z#709                                               1 	(obj:0)
z#714                                               1 	(obj:0)
z#731                                               1 	(obj:0)
z#733                                               1 	(obj:0)
z#735                                1.00000000000001 	(obj:0)
z#737                                               1 	(obj:0)
z#743                                               1 	(obj:0)
z#746                                               1 	(obj:0)
z#751                                               1 	(obj:0)
z#752                                               1 	(obj:0)
z#756                                               1 	(obj:0)
z#760                                               1 	(obj:0)
z#763                                               1 	(obj:0)
z#764                                               1 	(obj:0)
z#766                                               1 	(obj:0)
z#767                                               1 	(obj:0)
z#770                               0.999999999999992 	(obj:0)
z#774                                               1 	(obj:0)
z#775                                               1 	(obj:0)
z#786                                               1 	(obj:0)
z#788                                               1 	(obj:0)
z#791                               0.999999999999986 	(obj:0)
z#799                                               1 	(obj:0)
z#816                               0.999999999999999 	(obj:0)
z#818                                               1 	(obj:0)
z#819                                               1 	(obj:0)
z#827                                               1 	(obj:0)
z#829                               0.999999999999993 	(obj:0)
z#833                               0.999999999999987 	(obj:0)
z#837                                               1 	(obj:0)
z#845                                               1 	(obj:0)
z#848                                               1 	(obj:0)
z#852                                               1 	(obj:0)
z#863                                               1 	(obj:0)
z#864                                1.00000000000023 	(obj:0)
z#869                                               1 	(obj:0)
z#877                                               1 	(obj:0)
z#879                                               1 	(obj:0)
z#884                                               1 	(obj:0)
z#894                                               1 	(obj:0)
z#897                               0.999999999999972 	(obj:0)
z#904                                               1 	(obj:0)
z#907                                               1 	(obj:0)
z#909                                               1 	(obj:0)
z#914                                               1 	(obj:0)
z#919                                               1 	(obj:0)
z#921                                               1 	(obj:0)
z#924                                               1 	(obj:0)
z#925                                               1 	(obj:0)
z#938                                               1 	(obj:0)
z#944                                               1 	(obj:0)
z#955                                               1 	(obj:0)
z#959                                               1 	(obj:0)
z#960                                               1 	(obj:0)
z#972                                               1 	(obj:0)
z#979                                               1 	(obj:0)
z#991                                               1 	(obj:0)
z#992                                               1 	(obj:0)
z#997                               0.999999999999999 	(obj:0)
y#15#2                                90.138761174968 	(obj:0)
x#0                                  67.4348904267589 	(obj:0.89)
x#1                                  58.2296479920674 	(obj:0.95)
x#2                                   823.46984668892 	(obj:0.82)
x#4                                  770.784120605718 	(obj:0.76)
x#10                                 404.500014741266 	(obj:0.79)
x#11                                 144.465186246208 	(obj:0.91)
x#15                                  90.138761174968 	(obj:0.93)
y#0#0                                67.4348904267589 	(obj:0)
y#1#11                               58.2296479920674 	(obj:0)
y#2#3                                52.2728586723769 	(obj:0)
y#2#4                                108.096818810512 	(obj:0)
y#2#5                                90.9217993079585 	(obj:0)
y#2#6                                75.7913002364067 	(obj:0)
y#2#13                               98.8788449848024 	(obj:0)
y#2#14                               55.4643071385724 	(obj:0)
y#2#20                               81.5964558342421 	(obj:0)
y#2#23                               117.679807692308 	(obj:0)
y#2#26                               97.1884540117418 	(obj:0)
y#2#27                                        45.5792 	(obj:0)
y#4#1                                72.9640585562847 	(obj:0)
y#4#10                               88.3967195188628 	(obj:0)
y#4#12                               54.5560247747744 	(obj:0)
y#4#15                               102.375241157556 	(obj:0)
y#4#16                               51.0059605685466 	(obj:0)
y#4#18                               98.3633175994606 	(obj:0)
y#4#24                               84.8013458950202 	(obj:0)
y#4#25                               98.3986599664993 	(obj:0)
y#4#28                               55.3208714362561 	(obj:0)
y#4#29                                64.601921132457 	(obj:0)
y#10#7                               61.6307575757576 	(obj:0)
y#10#8                               57.6543992853953 	(obj:0)
y#10#9                               75.5332963374029 	(obj:0)
y#10#17                              85.1016298020955 	(obj:0)
y#10#21                              124.579931740614 	(obj:0)
y#11#19                              71.3124042145594 	(obj:0)
y#11#22                              73.1527820316488 	(obj:0)
v#0                                          116.9321 	(obj:0)
v#1                                          144.5418 	(obj:0)
v#2                                          141.1573 	(obj:0)
v#3                                  97.6457000000001 	(obj:0)
v#4                                           156.308 	(obj:0)
v#5                                          157.6584 	(obj:0)
v#6                                          160.2986 	(obj:0)
v#7                                          122.0289 	(obj:0)
v#8                                          129.0882 	(obj:0)
v#9                                           136.111 	(obj:0)
v#10                                         161.6776 	(obj:0)
v#11                                         117.4492 	(obj:0)
v#12                                 96.8914999999994 	(obj:0)
v#13                                         162.6557 	(obj:0)
v#14                                 92.4590000000001 	(obj:0)
v#15                                         159.1935 	(obj:0)
v#16                                          111.244 	(obj:0)
v#17                                         146.2046 	(obj:0)
v#18                                         145.8728 	(obj:0)
v#19                                         148.9003 	(obj:0)
v#20                                         149.6479 	(obj:0)
v#21                                         182.5096 	(obj:0)
v#22                                         143.3063 	(obj:0)
v#23                                         195.8192 	(obj:0)
v#24                                         126.0148 	(obj:0)
v#25                                          117.488 	(obj:0)
v#26                                         148.9899 	(obj:0)
v#27                                          91.1584 	(obj:0)
v#28                                         102.8415 	(obj:0)
v#29                                         127.7826 	(obj:0)

Statistics
==========

SCIP Status        : problem is solved [optimal solution found]
Total Time         :      46.21
  solving          :      46.14
  presolving       :       0.30 (included in solving)
  reading          :       0.07
  copying          :       0.03 (3 #copies) (minimal 0.01, maximal 0.01, average 0.01)
Original Problem   :
  Problem name     : CCRPData/20-30-1000-2
  Variables        : 1650 (1000 binary, 0 integer, 0 implicit integer, 650 continuous)
  Constraints      : 6052 initial, 6052 maximal
  Objective        : minimize, 20 non-zeros (abs.min = 0.76, abs.max = 1.15)
Presolved Problem  :
  Problem name     : t_CCRPData/20-30-1000-2
  Variables        : 752 (722 binary, 0 integer, 0 implicit integer, 30 continuous)
  Constraints      : 5845 initial, 5845 maximal
  Objective        : minimize, 30 non-zeros (abs.min = 0.384226, abs.max = 0.95)
  Nonzeros         : 19213 constraint, 6 clique table
Presolvers         :   ExecTime  SetupTime  Calls  FixedVars   AggrVars   ChgTypes  ChgBounds   AddHoles    DelCons    AddCons   ChgSides   ChgCoefs
  boundshift       :       0.00       0.00      0          0          0          0          0          0          0          0          0          0
  convertinttobin  :       0.00       0.00      0          0          0          0          0          0          0          0          0          0
  domcol           :       0.02       0.00      2          0          0          0          0          0          0          0          0          0
  dualagg          :       0.00       0.00      0          0          0          0          0          0          0          0          0          0
  dualcomp         :       0.00       0.00      2          0          0          0          0          0          0          0          0          0
  dualinfer        :       0.00       0.00      0          0          0          0          0          0          0          0          0          0
  dualsparsify     :       0.01       0.00      1          0          0          0          0          0          0          0          0          0
  gateextraction   :       0.00       0.00      0          0          0          0          0          0          0          0          0          0
  implics          :       0.00       0.00      5          0          0          0          0          0          0          0          0          0
  inttobinary      :       0.00       0.00      0          0          0          0          0          0          0          0          0          0
  milp             :       0.21       0.00      1        288         49          0          0          0       6051       6002          0          0
  qpkktref         :       0.00       0.00      0          0          0          0          0          0          0          0          0          0
  redvub           :       0.00       0.00      0          0          0          0          0          0          0          0          0          0
  sparsify         :       0.00       0.00      1          0          0          0          0          0          0          0          0          0
  stuffing         :       0.00       0.00      0          0          0          0          0          0          0          0          0          0
  trivial          :       0.00       0.00      9         26          0          0          0          0          0          0          0          0
  tworowbnd        :       0.00       0.00      0          0          0          0          0          0          0          0          0          0
  dualfix          :       0.00       0.00      9        534          0          0          0          0          0          0          0          0
  genvbounds       :       0.00       0.00      0          0          0          0          0          0          0          0          0          0
  probing          :       0.00       0.00      1          0          0          0          0          0          0          0          0          0
  pseudoobj        :       0.00       0.00      2          0          0          0          1          0          0          0          0          0
  symmetry         :       0.00       0.00      1          0          0          0          0          0          0          0          0          0
  vbounds          :       0.00       0.00      0          0          0          0          0          0          0          0          0          0
  chancecons       :       0.00       0.00      0          0          0          0          0          0          0          0          0          0
  varbound         :       0.01       0.00      8          0          0          0          0          0        444          0          0          0
  knapsack         :       0.00       0.00      8          0          0          0          0          0          0          0          0          0
  setppc           :       0.00       0.00      0          0          0          0          0          0          0          0          0          0
  linear           :       0.03       0.00     13          0          1          0         59          0          3          0          3          0
  logicor          :       0.00       0.00      0          0          0          0          0          0          0          0          0          0
  bounddisjunction :       0.00       0.00      4          0          0          0          0          0          0          0          0          0
  benders          :       0.00       0.00      0          0          0          0          0          0          0          0          0          0
  components       :       0.00       0.00      2          0          0          0          0          0          0          0          0          0
  root node        :          -          -      -        537          -          -        769          -          -          -          -          -
Constraints        :     Number  MaxNumber  #Separate #Propagate    #EnfoLP    #EnfoRelax  #EnfoPS    #Check   #ResProp    Cutoffs    DomReds       Cuts    Applied      Conss   Children
  benderslp        :          0          0          0          0         45          0          0         88          0          0          0          0          0          0          0
  chancecons       :          1          1         66          0          0          0          0          0          0          0          0       1890        925          0          0
  integral         :          0          0          0          0         45          0          0         88          0          1        188          0          0         73         12
  varbound         :       5364       5364         66      22653          1          0          0         82        139          3        335          0          0          0          0
  knapsack         :          1          1         66      23187          1          0          0         19          0          0          0          0          0          0          0
  setppc           :          0+         3          0         52          0          0          0          0          0          0          0          0          0          0          0
  linear           :        478+       490         66      23234          0          0          0         11         19         11         37        146         18          0          0
  logicor          :          0+         8          0         33          0          0          0          0          3          1          0          0          0          0          0
  bounddisjunction :          1+        45          0        217          0          0          0          0          1          0          2          0          0          0          0
  benders          :          0          0          0          0          1          0          0         14          0          0          0          0          0          0          0
  fixedvar         :          0          0          0          0          1          0          0         14          0          0          0          0          0          0          0
  countsols        :          0          0          0          0          1          0          0         14          0          0          0          0          0          0          0
  components       :          0          0          0          0          0          0          0          0          0          0          0          0          0          0          0
Constraint Timings :  TotalTime  SetupTime   Separate  Propagate     EnfoLP     EnfoPS     EnfoRelax   Check    ResProp    SB-Prop
  benderslp        :       0.00       0.00       0.00       0.00       0.00       0.00       0.00       0.00       0.00       0.00
  chancecons       :       0.05       0.00       0.05       0.00       0.00       0.00       0.00       0.00       0.00       0.00
  integral         :      18.27       0.00       0.00       0.00      18.27       0.00       0.00       0.00       0.00       0.00
  varbound         :       0.15       0.00       0.02       0.12       0.00       0.00       0.00       0.00       0.00       0.01
  knapsack         :       0.24       0.00       0.23       0.01       0.00       0.00       0.00       0.00       0.00       0.00
  setppc           :       0.00       0.00       0.00       0.00       0.00       0.00       0.00       0.00       0.00       0.00
  linear           :       0.07       0.00       0.03       0.03       0.00       0.00       0.00       0.00       0.00       0.00
  logicor          :       0.00       0.00       0.00       0.00       0.00       0.00       0.00       0.00       0.00       0.00
  bounddisjunction :       0.00       0.00       0.00       0.00       0.00       0.00       0.00       0.00       0.00       0.00
  benders          :       0.00       0.00       0.00       0.00       0.00       0.00       0.00       0.00       0.00       0.00
  fixedvar         :       0.00       0.00       0.00       0.00       0.00       0.00       0.00       0.00       0.00       0.00
  countsols        :       0.00       0.00       0.00       0.00       0.00       0.00       0.00       0.00       0.00       0.00
  components       :       0.00       0.00       0.00       0.00       0.00       0.00       0.00       0.00       0.00       0.00
Propagators        : #Propagate   #ResProp    Cutoffs    DomReds
  dualfix          :         15          0          0         54
  genvbounds       :          0          0          0          0
  nlobbt           :          0          0          0          0
  obbt             :          0          0          0          0
  probing          :          0          0          0          0
  pseudoobj        :        339          0          0         68
  redcost          :        257          0          0        753
  rootredcost      :          2          0          0         35
  symmetry         :          0          0          0          0
  vbounds          :      15336          0          0          0
Propagator Timings :  TotalTime  SetupTime   Presolve  Propagate    ResProp    SB-Prop
  dualfix          :       0.00       0.00       0.00       0.00       0.00       0.00
  genvbounds       :       0.00       0.00       0.00       0.00       0.00       0.00
  nlobbt           :       0.00       0.00       0.00       0.00       0.00       0.00
  obbt             :       0.00       0.00       0.00       0.00       0.00       0.00
  probing          :       0.00       0.00       0.00       0.00       0.00       0.00
  pseudoobj        :       0.00       0.00       0.00       0.00       0.00       0.00
  redcost          :       0.01       0.00       0.00       0.01       0.00       0.00
  rootredcost      :       0.00       0.00       0.00       0.00       0.00       0.00
  symmetry         :       0.00       0.00       0.00       0.00       0.00       0.00
  vbounds          :       0.01       0.00       0.00       0.00       0.00       0.00
Symmetry           :
  orbitopal red.   :          0 reductions applied,          0 cutoffs
  orbital reduction:          0 reductions applied,          0 cutoffs
  lexicographic red:          0 reductions applied,          0 cutoffs
  shadow tree time :       0.00 s
Conflict Analysis  :       Time      Calls    Success    DomReds  Conflicts   Literals    Reconvs ReconvLits   Dualrays   Nonzeros   LP Iters   (pool size: [10000,10000])
  propagation      :       0.00          4          3          -          9       20.0          0        0.0          -          -          -
  infeasible LP    :       0.00          0          0          -          0        0.0          0        0.0          0        0.0          0
  bound exceed. LP :       0.15        146         84          -         95       23.3          0        0.0         39       29.6        946
  strong branching :       0.00          0          0          -          0        0.0          0        0.0          -          -          0
  pseudo solution  :       0.00          0          0          -          0        0.0          0        0.0          -          -          -
  applied globally :       0.00          -          -         21         71       25.2          -          -         39          -          -
  applied locally  :          -          -          -          0          0        0.0          -          -          0          -          -
Separators         :   ExecTime  SetupTime      Calls  RootCalls    Cutoffs    DomReds  FoundCuts ViaPoolAdd  DirectAdd    Applied ViaPoolApp  DirectApp      Conss
  cut pool         :       0.15          -        130        130          -          -      26701      49439          -          -          -          -          -    (maximal pool size:      15782)
  aggregation      :       5.57       0.00         66         66          0          0      22701      43979          0       1449       1449          0          0
  > cmir           :          -          -          -          -          -          -          -      43567          0       1440       1440          0          -
  > flowcover      :          -          -          -          -          -          -          -        412          0          9          9          0          -
  > knapsackcover  :          -          -          -          -          -          -          -          0          0          0          0          0          -
  cgmip            :       0.00       0.00          0          0          0          0          0          0          0          0          0          0          0
  clique           :       0.00       0.00          2          2          0          0          0          0          0          0          0          0          0
  closecuts        :       0.00       0.00          0          0          0          0          0          0          0          0          0          0          0
  convexproj       :       0.00       0.00          0          0          0          0          0          0          0          0          0          0          0
  disjunctive      :       0.00       0.00          0          0          0          0          0          0          0          0          0          0          0
  eccuts           :       0.00       0.00          0          0          0          0          0          0          0          0          0          0          0
  gauge            :       0.00       0.00          0          0          0          0          0          0          0          0          0          0          0
  gomory           :       0.84       0.00         20         20          0          0       4000       5460          0        244        244          0          0
  > gomorymi       :          -          -          -          -          -          -          -       5460          0        244        244          0          -
  > strongcg       :          -          -          -          -          -          -          -          0          0          0          0          0          -
  impliedbounds    :       0.01       0.00         66         66          0          0          0          0          0          0          0          0          0
  interminor       :       0.00       0.00          0          0          0          0          0          0          0          0          0          0          0
  intobj           :       0.00       0.00          0          0          0          0          0          0          0          0          0          0          0
  lagromory        :       0.00       0.00          0          0          0          0          0          0          0          0          0          0          0
  mcf              :       0.00       0.00          2          2          0          0          0          0          0          0          0          0          0
  minor            :       0.00       0.00         20         20          0          0          0          0          0          0          0          0          0
  mixing           :       0.00       0.00          0          0          0          0          0          0          0          0          0          0          0
  oddcycle         :       0.00       0.00          0          0          0          0          0          0          0          0          0          0          0
  rapidlearning    :       0.00       0.00          0          0          0          0          0          0          0          0          0          0          0
  rlt              :       0.00       0.00         20         20          0          0          0          0          0          0          0          0          0
  zerohalf         :       0.02       0.00         40         40          0          0          0          0          0          0          0          0          0
Cutselectors       :   ExecTime  SetupTime      Calls  RootCalls   Selected     Forced   Filtered  RootSelec   RootForc   RootFilt 
  hybrid           :       0.12       0.00         64         64       2636          0      48839       2636          0      48839
  ensemble         :       0.00       0.00          0          0          0          0          0          0          0          0
  dynamic          :       0.00       0.00          0          0          0          0          0          0          0          0
Pricers            :   ExecTime  SetupTime      Calls       Vars
  problem variables:       0.00          -          0          0
Branching Rules    :   ExecTime  SetupTime   BranchLP  BranchExt   BranchPS    Cutoffs    DomReds       Cuts      Conss   Children
  allfullstrong    :       0.00       0.00          0          0          0          0          0          0          0          0
  cloud            :       0.00       0.00          0          0          0          0          0          0          0          0
  distribution     :       0.00       0.00          0          0          0          0          0          0          0          0
  fullstrong       :       0.00       0.00          0          0          0          0          0          0          0          0
  gomory           :       0.00       0.00          0          0          0          0          0          0          0          0
  inference        :       0.00       0.00          0          0          0          0          0          0          0          0
  leastinf         :       0.00       0.00          0          0          0          0          0          0          0          0
  lookahead        :       0.00       0.00          0          0          0          0          0          0          0          0
  mostinf          :       0.00       0.00          0          0          0          0          0          0          0          0
  multaggr         :       0.00       0.00          0          0          0          0          0          0          0          0
  nodereopt        :       0.00       0.00          0          0          0          0          0          0          0          0
  pscost           :       0.00       0.00          0          0          0          0          0          0          0          0
  random           :       0.00       0.00          0          0          0          0          0          0          0          0
  relpscost        :      18.27       0.00         44          0          0          1        188          0         73         12
  vanillafullstrong:       0.00       0.00          0          0          0          0          0          0          0          0
Primal Heuristics  :   ExecTime  SetupTime      Calls      Found       Best
  LP solutions     :       0.00          -          -          1          1
  relax solutions  :       0.00          -          -          0          0
  pseudo solutions :       0.00          -          -          0          0
  strong branching :       0.00          -          -          0          0
  actconsdiving    :       0.00       0.00          0          0          0
  adaptivediving   :       0.00       0.00          0          0          0
  alns             :       0.02       0.00          1          0          0
  bound            :       0.00       0.00          0          0          0
  clique           :       0.00       0.00          0          0          0
  coefdiving       :       0.00       0.00          0          0          0
  completesol      :       0.00       0.00          0          0          0
  conflictdiving   :       0.91       0.00          2          0          0
  crossover        :       0.00       0.00          0          0          0
  dins             :       0.00       0.00          0          0          0
  distributiondivin:       0.00       0.00          0          0          0
  dps              :       0.00       0.00          0          0          0
  dualval          :       0.00       0.00          0          0          0
  farkasdiving     :       0.00       0.00          0          0          0
  feaspump         :       0.47       0.00          1          1          1
  fixandinfer      :       0.00       0.00          0          0          0
  fracdiving       :       0.00       0.00          0          0          0
  gins             :       0.00       0.00          0          0          0
  guideddiving     :       0.00       0.00          0          0          0
  indicator        :       0.00       0.00          0          0          0
  indicatordiving  :       0.00       0.00          0          0          0
  intdiving        :       0.00       0.00          0          0          0
  intshifting      :       0.12       0.00          2          1          1
  linesearchdiving :       0.00       0.00          0          0          0
  localbranching   :       0.00       0.00          0          0          0
  locks            :       0.02       0.00          1          1          1
  lpface           :       0.00       0.00          0          0          0
  mpec             :       0.00       0.00          0          0          0
  multistart       :       0.00       0.00          0          0          0
  mutation         :       0.00       0.00          0          0          0
  nlpdiving        :       0.00       0.00          0          0          0
  objpscostdiving  :       0.00       0.00          0          0          0
  octane           :       0.00       0.00          0          0          0
  ofins            :       0.00       0.00          0          0          0
  oneopt           :       0.00       0.00          5          0          0
  padm             :       0.00       0.00          0          0          0
  proximity        :       0.00       0.00          0          0          0
  pscostdiving     :       0.00       0.00          0          0          0
  randrounding     :       0.28       0.00         68          0          0
  rens             :       1.58       0.00          2          2          1
  reoptsols        :       0.00       0.00          0          0          0
  repair           :       0.00       0.00          0          0          0
  rins             :       0.00       0.00          0          0          0
  rootsoldiving    :       0.00       0.00          0          0          0
  rounding         :       0.03       0.00        110          0          0
  scheduler        :       0.00       0.00          0          0          0
  shiftandpropagate:       0.00       0.00          0          0          0
  shifting         :       0.22       0.00         68          4          1
  simplerounding   :       0.00       0.00          0          0          0
  subnlp           :       0.00       0.00          0          0          0
  trivial          :       0.00       0.00          4          0          0
  trivialnegation  :       0.00       0.00          0          0          0
  trustregion      :       0.00       0.00          0          0          0
  trysol           :       0.00       0.00          0          0          0
  twoopt           :       0.00       0.00          0          0          0
  undercover       :       0.00       0.00          0          0          0
  vbounds          :       0.01       0.00          2          1          1
  veclendiving     :       0.00       0.00          0          0          0
  zeroobj          :       0.00       0.00          0          0          0
  zirounding       :       0.00       0.00          6          0          0
  other solutions  :          -          -          -          0          -
LNS (Scheduler)    :      Calls  SetupTime  SolveTime SolveNodes       Sols       Best       Exp3    Exp3-IX  EpsGreedy        UCB TgtFixRate  Opt  Inf Node Stal  Sol  Usr Othr Actv
  rens             :          0       0.00       0.00          0          0          0    0.00000    0.12500   -1.00000    1.00000      0.900    0    0    0    0    0    0    0    1
  rins             :          0       0.00       0.00          0          0          0    0.00000    0.12500   -1.00000    1.00000      0.900    0    0    0    0    0    0    0    1
  mutation         :          0       0.00       0.00          0          0          0    0.00000    0.12500   -1.00000    1.00000      0.900    0    0    0    0    0    0    0    1
  localbranching   :          0       0.00       0.00          0          0          0    0.00000    0.12500   -1.00000    1.00000      0.900    0    0    0    0    0    0    0    1
  crossover        :          0       0.00       0.00          0          0          0    0.00000    0.12500   -1.00000    1.00000      0.900    0    0    0    0    0    0    0    1
  proximity        :          0       0.00       0.00          0          0          0    0.00000    0.12500   -1.00000    1.00000      0.900    0    0    0    0    0    0    0    1
  zeroobjective    :          0       0.00       0.00          0          0          0    0.00000    0.12500   -1.00000    1.00000      0.900    0    0    0    0    0    0    0    1
  dins             :          0       0.00       0.00          0          0          0    0.00000    0.12500   -1.00000    1.00000      0.900    0    0    0    0    0    0    0    1
  trustregion      :          0       0.00       0.00          0          0          0    0.00000    0.00000   -1.00000    1.00000      0.900    0    0    0    0    0    0    0    0
LP                 :       Time      Calls Iterations  Iter/call   Iter/sec  Time-0-It Calls-0-It    ItLimit
  primal LP        :       0.01         12          0       0.00          -       0.01         12
  dual LP          :      16.01        208      83196     639.97    5196.94       0.03         78
  lex dual LP      :       0.00          0          0       0.00          -
  barrier LP       :       0.00          0          0       0.00          -       0.00          0
  resolve instable :       0.00          0          0       0.00          -
  diving/probing LP:       1.67         18       6861     381.17    4113.99
  strong branching :      17.83        240      96438     401.82    5408.88          -          -        136
    (at root node) :          -         41      39444     962.05          -
  conflict analysis:       0.12         95        946       9.96    8101.19
B&B Tree           :
  number of runs   :          2
  nodes            :         11 (5 internal, 6 leaves)
  feasible leaves  :          1
  infeas. leaves   :          0
  objective leaves :          5
  nodes (total)    :         12 (6 internal, 6 leaves)
  nodes left       :          0
  max depth        :          3
  max depth (total):          3
  backtracks       :          3 (27.3%)
  early backtracks :          0 (0.0%)
  nodes exc. ref.  :          0 (0.0%)
  delayed cutoffs  :          0
  repropagations   :          3 (0 domain reductions, 0 cutoffs)
  avg switch length:       2.55
  switching time   :       0.01
Root Node          :
  First LP value   : +1.81164840235503e+03
  First LP Iters   :       1297 (12771.28 Iter/sec)
  First LP Time    :       0.10
  Final Dual Bound : +1.91111193691198e+03
  Final Root Iters :      72211
  Root LP Estimate : +1.91140642847394e+03
Solution           :
  Solutions found  :         11 (7 improvements)
  First Solution   : +2.00532538906737e+03   (in run 1, after 1 nodes, 0.95 seconds, depth 201, found by <locks>)
  Gap First Sol.   :      23.68 %
  Gap Last Sol.    :       0.00 %
  Primal Bound     : +1.91122380303991e+03   (in run 2, after 4 nodes, 44.53 seconds, depth 3, found by <relaxation>)
  Dual Bound       : +1.91122380303991e+03
  Gap              :       0.00 %
Integrals          :      Total       Avg%
  primal-dual      :     135.72       2.94
  primal-ref       :          -          - (not evaluated)
  dual-ref         :          -          - (not evaluated)

 Branching Statistics...

 Total number of propagations -> 0

 Number of cutoffs of KnaCons -> 0

 Total number of variables fixed to 1 by the propagator -> 0

 Total number of variables fixed to 0 by the propagator -> 0

 Maximum number of rounds of the approximation algorithm -> 0

 Runtime of the exact algorithm -> 0.0000 s

 Total number of variables fixed to 1 in the exact algorithm -> 0

 Total number of variables fixed to 0 in the exact algorithm -> 0

 Number of cutoffs in the exact algorithm -> 0

 Number of cutoffs in the approximation algorithm -> 0

 PS:  
