***************************************
*         SCIP-based CCP Solver       *
*                                     *
*    Wei Lv and Wei-Kun Chen (2024)   *
***************************************
/beegfs/home/30150120/SCIP-CCP/build/ccp -f data/CCRPData/40-50-1000-0.ccrp -s settings/CCRPSetting/BASE15.set 
SCIP version 9.1.0 [precision: 8 byte] [memory: block] [mode: optimized] [LP solver: Soplex 7.1.0] [GitHash: 8cab0278ba]
Copyright (c) 2002-2024 Zuse Institute Berlin (ZIB)

External libraries: 
  Soplex 7.1.0         Linear Programming Solver developed at Zuse Institute Berlin (soplex.zib.de) [GitHash: 595bfac9]
  CppAD 20180000.0     Algorithmic Differentiation of C++ algorithms developed by B. Bell (github.com/coin-or/CppAD)
  ZLIB 1.2.7           General purpose compression library by J. Gailly and M. Adler (zlib.net)
  GMP 6.2.1            GNU Multiple Precision Arithmetic Library developed by T. Granlund (gmplib.org)
  AMPL/MP 690e9e7      AMPL .nl file reader library (github.com/ampl/mp)
  PaPILO 2.3.0         parallel presolve for integer and linear optimization (github.com/scipopt/papilo) (built with TBB) [GitHash: 4b8ce6ed]
  Nauty 2.8.8          Computing Graph Automorphism Groups by Brendan D. McKay (users.cecs.anu.edu.au/~bdm/nauty)
  sassy 1.1            Symmetry preprocessor by Markus Anders (github.com/markusa4/sassy)

reading user parameter file <settings/CCRPSetting/BASE15.set>

read problem <data/CCRPData/40-50-1000-0.ccrp>
============

File name: 	data/CCRPData/40-50-1000-0.ccrp
Problem name:	CCRPData/40-50-1000-0
NumResource: 	40
Dimension: 	50
NumScenario: 	1000
ConfidenceParameter: 	0.15
IsEqualProbability: 	1
BASE+DI: 	0
BASE+sDI: 	0
BASE+DB: 	0
BASE+DB+OPF: 	0
Dominance and Aggregation Statistics......
NumEdge:        24130
NumBiEdge: 	0
NumDomIneqs: 	24130
DominanceRatio: 0.0483
NumAggScenario: 1000 
BasicNumScenario: 738 
original problem has 3090 variables (1000 bin, 0 int, 0 impl, 2090 cont) and 7592 constraints

solve problem
=============

presolving:
(round 1, fast)       1189 del vars, 0 del conss, 0 add conss, 50 chg bounds, 0 chg sides, 0 chg coeffs, 0 upgd conss, 0 impls, 0 clqs
   (0.0s) running MILP presolver
   (0.1s) MILP presolver (3 rounds): 88 aggregations, 1021 fixings, 0 bound changes
(round 2, medium)     2298 del vars, 7591 del conss, 7503 add conss, 50 chg bounds, 0 chg sides, 0 chg coeffs, 0 upgd conss, 0 impls, 0 clqs
(round 3, fast)       2298 del vars, 7591 del conss, 7503 add conss, 98 chg bounds, 0 chg sides, 0 chg coeffs, 0 upgd conss, 0 impls, 0 clqs
(round 4, exhaustive) 2298 del vars, 7591 del conss, 7503 add conss, 98 chg bounds, 0 chg sides, 0 chg coeffs, 7500 upgd conss, 0 impls, 0 clqs
   (0.1s) probing: 51/738 (6.9%) - 0 fixings, 0 aggregations, 0 implications, 0 bound changes
   (0.1s) probing aborted: 50/50 successive totally useless probings
   (0.1s) symmetry computation started: requiring (bin +, int +, cont +), (fixed: bin -, int -, cont -)
   Symmetry detection interrupted: constraints of type chancecons do not provide symmetry information.
   If symmetries shall be detected, implement the CONSGETPERMSYMGRAPH callback.
   (0.1s) could not compute symmetry
presolving (5 rounds: 5 fast, 3 medium, 2 exhaustive):
 2298 deleted vars, 7591 deleted constraints, 7503 added constraints, 98 tightened bounds, 0 added holes, 0 changed sides, 0 changed coefficients
 7499 implications, 0 cliques
presolved problem has 792 variables (738 bin, 0 int, 0 impl, 54 cont) and 7504 constraints
      1 constraints of type <chancecons>
   7500 constraints of type <varbound>
      1 constraints of type <knapsack>
      2 constraints of type <linear>
Presolving Time: 0.14

 time | node  | left  |LP iter|LP it/n|mem/heur|mdpt |vars |cons |rows |cuts |sepa|confs|strbr|  dualbound   | primalbound  |  gap   | compl. 
p 0.2s|     1 |     0 |     2 |     - |   locks|   0 | 792 |7504 |7503 |   0 |  0 |   0 |   0 | 2.874069e+03 | 3.466127e+03 |  20.60%| unknown
  0.3s|     1 |     0 |  1275 |     - |    47M |   0 | 792 |7505 |7503 |   0 |  0 |   1 |   0 | 3.253309e+03 | 3.466127e+03 |   6.54%| unknown
r 0.3s|     1 |     0 |  1275 |     - |shifting|   0 | 792 |7505 |7503 |   0 |  0 |   1 |   0 | 3.253309e+03 | 3.461178e+03 |   6.39%| unknown
  0.4s|     1 |     0 |  1727 |     - |    48M |   0 | 792 |7505 |7550 |  47 |  1 |   1 |   0 | 3.299038e+03 | 3.461178e+03 |   4.91%| unknown
  0.4s|     1 |     0 |  2094 |     - |    50M |   0 | 792 |7505 |7607 | 104 |  2 |   1 |   0 | 3.328615e+03 | 3.461178e+03 |   3.98%| unknown
  0.5s|     1 |     0 |  2483 |     - |    53M |   0 | 792 |7505 |7666 | 163 |  3 |   1 |   0 | 3.345439e+03 | 3.461178e+03 |   3.46%| unknown
  0.6s|     1 |     0 |  2942 |     - |    55M |   0 | 792 |7505 |7724 | 221 |  4 |   1 |   0 | 3.356041e+03 | 3.461178e+03 |   3.13%| unknown
  0.7s|     1 |     0 |  3351 |     - |    59M |   0 | 792 |7505 |7785 | 282 |  5 |   1 |   0 | 3.363369e+03 | 3.461178e+03 |   2.91%| unknown
  0.8s|     1 |     0 |  3837 |     - |    64M |   0 | 792 |7505 |7841 | 338 |  6 |   1 |   0 | 3.371671e+03 | 3.461178e+03 |   2.65%| unknown
  1.0s|     1 |     0 |  4241 |     - |    69M |   0 | 792 |7505 |7893 | 390 |  7 |   1 |   0 | 3.376989e+03 | 3.461178e+03 |   2.49%| unknown
  1.1s|     1 |     0 |  4714 |     - |    78M |   0 | 792 |7505 |7952 | 449 |  8 |   1 |   0 | 3.381946e+03 | 3.461178e+03 |   2.34%| unknown
  1.3s|     1 |     0 |  5194 |     - |    86M |   0 | 792 |7505 |8011 | 508 |  9 |   1 |   0 | 3.384817e+03 | 3.461178e+03 |   2.26%| unknown
  1.5s|     1 |     0 |  5707 |     - |    93M |   0 | 792 |7505 |8062 | 559 | 10 |   1 |   0 | 3.387524e+03 | 3.461178e+03 |   2.17%| unknown
  1.6s|     1 |     0 |  6285 |     - |    94M |   0 | 792 |7505 |8126 | 623 | 11 |   1 |   0 | 3.389991e+03 | 3.461178e+03 |   2.10%| unknown
  1.8s|     1 |     0 |  6934 |     - |    97M |   0 | 792 |7505 |8194 | 691 | 12 |   1 |   0 | 3.392266e+03 | 3.461178e+03 |   2.03%| unknown
 time | node  | left  |LP iter|LP it/n|mem/heur|mdpt |vars |cons |rows |cuts |sepa|confs|strbr|  dualbound   | primalbound  |  gap   | compl. 
  2.0s|     1 |     0 |  7783 |     - |    99M |   0 | 792 |7505 |8255 | 752 | 13 |   1 |   0 | 3.394275e+03 | 3.461178e+03 |   1.97%| unknown
  2.3s|     1 |     0 |  8482 |     - |   100M |   0 | 792 |7505 |8322 | 819 | 14 |   1 |   0 | 3.395850e+03 | 3.461178e+03 |   1.92%| unknown
  2.5s|     1 |     0 |  9114 |     - |   101M |   0 | 792 |7505 |8339 | 877 | 15 |   1 |   0 | 3.396917e+03 | 3.461178e+03 |   1.89%| unknown
  2.7s|     1 |     0 | 10007 |     - |   102M |   0 | 792 |7505 |8400 | 938 | 16 |   1 |   0 | 3.398366e+03 | 3.461178e+03 |   1.85%| unknown
  3.0s|     1 |     0 | 10777 |     - |   103M |   0 | 792 |7505 |8466 |1004 | 17 |   1 |   0 | 3.399042e+03 | 3.461178e+03 |   1.83%| unknown
  3.3s|     1 |     0 | 11540 |     - |   105M |   0 | 792 |7505 |8523 |1061 | 18 |   1 |   0 | 3.399591e+03 | 3.461178e+03 |   1.81%| unknown
  3.7s|     1 |     0 | 12481 |     - |   106M |   0 | 792 |7505 |8593 |1131 | 19 |   1 |   0 | 3.400008e+03 | 3.461178e+03 |   1.80%| unknown
  4.0s|     1 |     0 | 13315 |     - |   109M |   0 | 792 |7505 |8666 |1204 | 20 |   1 |   0 | 3.400435e+03 | 3.461178e+03 |   1.79%| unknown
  4.5s|     1 |     0 | 14241 |     - |   110M |   0 | 792 |7505 |8558 |1276 | 21 |   1 |   0 | 3.400916e+03 | 3.461178e+03 |   1.77%| unknown
  4.9s|     1 |     0 | 15333 |     - |   111M |   0 | 792 |7505 |8621 |1339 | 22 |   1 |   0 | 3.401312e+03 | 3.461178e+03 |   1.76%| unknown
  5.3s|     1 |     0 | 16290 |     - |   111M |   0 | 792 |7505 |8690 |1408 | 23 |   1 |   0 | 3.401574e+03 | 3.461178e+03 |   1.75%| unknown
  5.7s|     1 |     0 | 17207 |     - |   111M |   0 | 792 |7505 |8752 |1470 | 24 |   1 |   0 | 3.401705e+03 | 3.461178e+03 |   1.75%| unknown
  6.1s|     1 |     0 | 18169 |     - |   111M |   0 | 792 |7505 |8813 |1531 | 25 |   1 |   0 | 3.401799e+03 | 3.461178e+03 |   1.75%| unknown
  6.6s|     1 |     0 | 19492 |     - |   112M |   0 | 792 |7505 |8878 |1596 | 26 |   1 |   0 | 3.401910e+03 | 3.461178e+03 |   1.74%| unknown
  7.2s|     1 |     0 | 21065 |     - |   112M |   0 | 792 |7505 |8659 |1662 | 27 |   1 |   0 | 3.401966e+03 | 3.461178e+03 |   1.74%| unknown
 time | node  | left  |LP iter|LP it/n|mem/heur|mdpt |vars |cons |rows |cuts |sepa|confs|strbr|  dualbound   | primalbound  |  gap   | compl. 
  7.5s|     1 |     0 | 22249 |     - |   112M |   0 | 792 |7505 |8713 |1716 | 28 |   1 |   0 | 3.401991e+03 | 3.461178e+03 |   1.74%| unknown
  7.9s|     1 |     0 | 23544 |     - |   112M |   0 | 792 |7505 |8766 |1769 | 29 |   1 |   0 | 3.402006e+03 | 3.461178e+03 |   1.74%| unknown
  8.0s|     1 |     0 | 23865 |     - |   112M |   0 | 792 |7505 |8833 |1836 | 30 |   1 |   0 | 3.402014e+03 | 3.461178e+03 |   1.74%| unknown
r 8.0s|     1 |     0 | 23865 |     - |shifting|   0 | 792 |7505 |8833 |1836 | 30 |   1 |   0 | 3.402014e+03 | 3.403579e+03 |   0.05%| unknown
  8.0s|     1 |     0 | 23865 |     - |   112M |   0 | 792 |7505 |8833 |1836 | 31 |   1 |   0 | 3.402014e+03 | 3.403579e+03 |   0.05%| unknown
  8.0s|     1 |     0 | 23865 |     - |   113M |   0 | 792 |7505 |8291 |1836 | 31 |   1 |   0 | 3.402014e+03 | 3.403579e+03 |   0.05%| unknown
r 8.0s|     1 |     0 | 23944 |     - |intshift|   0 | 792 |6964 |8291 |1836 | 32 |   1 |   0 | 3.402014e+03 | 3.402534e+03 |   0.02%| unknown
L 8.7s|     1 |     0 | 26753 |     - |    rens|   0 | 792 |6964 |8291 |1836 | 32 |   1 |   0 | 3.402014e+03 | 3.402042e+03 |   0.00%| unknown
  8.7s|     1 |     0 | 26753 |     - |   113M |   0 | 792 |6964 |8291 |1836 | 32 |   1 |   0 | 3.402014e+03 | 3.402042e+03 |   0.00%| unknown
  8.7s|     1 |     0 | 26753 |     - |   113M |   0 | 792 |6964 |6285 |1836 | 32 |   1 |   0 | 3.402014e+03 | 3.402042e+03 |   0.00%| unknown
  8.8s|     1 |     0 | 26946 |     - |   113M |   0 | 792 |6964 |2556 |1837 | 33 |   1 |   0 | 3.402021e+03 | 3.402042e+03 |   0.00%| unknown
  8.8s|     1 |     0 | 26946 |     - |   113M |   0 | 792 |6964 |2556 |1837 | 33 |   1 |   0 | 3.402021e+03 | 3.402042e+03 |   0.00%| unknown
  8.8s|     1 |     0 | 26946 |     - |   113M |   0 | 792 |6964 |2525 |1837 | 33 |   1 |   0 | 3.402021e+03 | 3.402042e+03 |   0.00%| unknown
  8.8s|     1 |     0 | 26946 |     - |   113M |   0 | 792 | 865 |2525 |1837 | 34 |   1 |   0 | 3.402021e+03 | 3.402042e+03 |   0.00%| unknown
  8.8s|     1 |     0 | 27344 |     - |   113M |   0 | 792 | 865 |2526 |1838 | 35 |   1 |   0 | 3.402021e+03 | 3.402042e+03 |   0.00%| unknown
 time | node  | left  |LP iter|LP it/n|mem/heur|mdpt |vars |cons |rows |cuts |sepa|confs|strbr|  dualbound   | primalbound  |  gap   | compl. 
  8.8s|     1 |     0 | 27345 |     - |   113M |   0 | 792 | 865 |2118 |1838 | 35 |   1 |   0 | 3.402021e+03 | 3.402042e+03 |   0.00%| unknown
  8.8s|     1 |     0 | 27350 |     - |   113M |   0 | 792 | 692 |2118 |1838 | 36 |   1 |   0 | 3.402021e+03 | 3.402042e+03 |   0.00%| unknown
  8.8s|     1 |     0 | 27363 |     - |   114M |   0 | 792 | 692 |1987 |1838 | 36 |   1 |   0 | 3.402021e+03 | 3.402042e+03 |   0.00%| unknown
  8.9s|     1 |     0 | 27507 |     - |   114M |   0 | 792 | 692 |1480 |1840 | 37 |   1 |   0 | 3.402022e+03 | 3.402042e+03 |   0.00%| unknown
  8.9s|     1 |     0 | 27515 |     - |   114M |   0 | 792 | 692 |1464 |1840 | 37 |   1 |   0 | 3.402022e+03 | 3.402042e+03 |   0.00%| unknown
  8.9s|     1 |     0 | 27570 |     - |   114M |   0 | 792 | 692 |1466 |1842 | 38 |   1 |   0 | 3.402022e+03 | 3.402042e+03 |   0.00%| unknown
  8.9s|     1 |     0 | 27617 |     - |   114M |   0 | 792 | 692 |1455 |1842 | 38 |   1 |   0 | 3.402022e+03 | 3.402042e+03 |   0.00%| unknown
  8.9s|     1 |     0 | 27623 |     - |   114M |   0 | 792 | 692 |1455 |1842 | 38 |   1 |   0 | 3.402022e+03 | 3.402042e+03 |   0.00%| unknown
  8.9s|     1 |     0 | 27737 |     - |   114M |   0 | 792 | 558 |1013 |1842 | 38 |   1 |   0 | 3.402022e+03 | 3.402042e+03 |   0.00%| unknown
  8.9s|     1 |     0 | 27738 |     - |   114M |   0 | 792 | 558 | 932 |1842 | 38 |   1 |   0 | 3.402022e+03 | 3.402042e+03 |   0.00%| unknown
  8.9s|     1 |     0 | 27768 |     - |   114M |   0 | 792 | 558 | 927 |1844 | 39 |   1 |   0 | 3.402023e+03 | 3.402042e+03 |   0.00%| unknown
  8.9s|     1 |     0 | 27768 |     - |   114M |   0 | 792 | 558 | 917 |1844 | 39 |   1 |   0 | 3.402023e+03 | 3.402042e+03 |   0.00%| unknown
  8.9s|     1 |     0 | 27802 |     - |   114M |   0 | 792 | 558 | 918 |1845 | 40 |   1 |   0 | 3.402023e+03 | 3.402042e+03 |   0.00%| unknown
  8.9s|     1 |     0 | 27802 |     - |   114M |   0 | 792 | 558 | 906 |1845 | 40 |   1 |   0 | 3.402023e+03 | 3.402042e+03 |   0.00%| unknown
  8.9s|     1 |     0 | 27802 |     - |   114M |   0 | 792 | 451 | 906 |1845 | 40 |   1 |   0 | 3.402023e+03 | 3.402042e+03 |   0.00%| unknown
 time | node  | left  |LP iter|LP it/n|mem/heur|mdpt |vars |cons |rows |cuts |sepa|confs|strbr|  dualbound   | primalbound  |  gap   | compl. 
  9.0s|     1 |     0 | 27835 |     - |   114M |   0 | 792 | 451 | 909 |1848 | 41 |   1 |   0 | 3.402023e+03 | 3.402042e+03 |   0.00%| unknown
  9.0s|     1 |     0 | 27835 |     - |   114M |   0 | 792 | 451 | 825 |1848 | 41 |   1 |   0 | 3.402023e+03 | 3.402042e+03 |   0.00%| unknown
  9.0s|     1 |     0 | 27851 |     - |   114M |   0 | 792 | 451 | 796 |1849 | 42 |   1 |   0 | 3.402023e+03 | 3.402042e+03 |   0.00%| unknown
  9.0s|     1 |     0 | 27851 |     - |   114M |   0 | 792 | 451 | 793 |1849 | 42 |   1 |   0 | 3.402023e+03 | 3.402042e+03 |   0.00%| unknown
  9.0s|     1 |     0 | 27851 |     - |   114M |   0 | 792 | 395 | 793 |1849 | 42 |   1 |   0 | 3.402023e+03 | 3.402042e+03 |   0.00%| unknown
  9.0s|     1 |     0 | 27854 |     - |   114M |   0 | 792 | 395 | 794 |1850 | 43 |   1 |   0 | 3.402023e+03 | 3.402042e+03 |   0.00%| unknown
(run 1, node 1) restarting after 566 global fixings of integer variables

(restart) converted 169 cuts from the global cut pool into linear constraints

presolving:
(round 1, fast)       576 del vars, 3 del conss, 0 add conss, 2 chg bounds, 0 chg sides, 597 chg coeffs, 0 upgd conss, 7499 impls, 0 clqs
(round 2, fast)       576 del vars, 3 del conss, 0 add conss, 6 chg bounds, 2 chg sides, 597 chg coeffs, 0 upgd conss, 7499 impls, 0 clqs
(round 3, fast)       578 del vars, 5 del conss, 0 add conss, 6 chg bounds, 2 chg sides, 597 chg coeffs, 0 upgd conss, 7499 impls, 0 clqs
   (9.0s) running MILP presolver
   (9.0s) MILP presolver (3 rounds): 3 aggregations, 0 fixings, 45 bound changes
(round 4, medium)     581 del vars, 8 del conss, 0 add conss, 51 chg bounds, 2 chg sides, 597 chg coeffs, 0 upgd conss, 7499 impls, 0 clqs
(round 5, fast)       581 del vars, 11 del conss, 0 add conss, 51 chg bounds, 2 chg sides, 597 chg coeffs, 0 upgd conss, 7499 impls, 0 clqs
(round 6, exhaustive) 581 del vars, 28 del conss, 0 add conss, 51 chg bounds, 2 chg sides, 597 chg coeffs, 0 upgd conss, 7499 impls, 0 clqs
(round 7, exhaustive) 581 del vars, 28 del conss, 0 add conss, 51 chg bounds, 2 chg sides, 597 chg coeffs, 9 upgd conss, 7499 impls, 0 clqs
(round 8, medium)     581 del vars, 36 del conss, 0 add conss, 51 chg bounds, 2 chg sides, 597 chg coeffs, 9 upgd conss, 7499 impls, 0 clqs
presolving (9 rounds: 9 fast, 5 medium, 3 exhaustive):
 581 deleted vars, 36 deleted constraints, 0 added constraints, 51 tightened bounds, 0 added holes, 2 changed sides, 597 changed coefficients
 7499 implications, 0 cliques
presolved problem has 211 variables (165 bin, 0 int, 0 impl, 46 cont) and 528 constraints
      1 constraints of type <chancecons>
    387 constraints of type <varbound>
      1 constraints of type <knapsack>
    138 constraints of type <linear>
      1 constraints of type <logicor>
Presolving Time: 0.15
transformed 9/15 original solutions to the transformed problem space

 time | node  | left  |LP iter|LP it/n|mem/heur|mdpt |vars |cons |rows |cuts |sepa|confs|strbr|  dualbound   | primalbound  |  gap   | compl. 
  9.0s|     1 |     0 | 28215 |     - |   112M |   0 | 211 | 528 | 526 |   0 |  0 |   1 |   0 | 3.402023e+03 | 3.402042e+03 |   0.00%| unknown
  9.0s|     1 |     0 | 28293 |     - |   112M |   0 | 211 | 528 | 555 |  29 |  1 |   1 |   0 | 3.402023e+03 | 3.402042e+03 |   0.00%| unknown
  9.0s|     1 |     0 | 28293 |     - |   112M |   0 | 211 | 528 | 531 |  29 |  1 |   1 |   0 | 3.402023e+03 | 3.402042e+03 |   0.00%| unknown
  9.0s|     1 |     0 | 28324 |     - |   112M |   0 | 211 | 528 | 543 |  41 |  2 |   1 |   0 | 3.402023e+03 | 3.402042e+03 |   0.00%| unknown
  9.0s|     1 |     0 | 28324 |     - |   112M |   0 | 211 | 528 | 542 |  41 |  2 |   1 |   0 | 3.402023e+03 | 3.402042e+03 |   0.00%| unknown
  9.0s|     1 |     0 | 28346 |     - |   113M |   0 | 211 | 528 | 407 |  51 |  3 |   1 |   0 | 3.402023e+03 | 3.402042e+03 |   0.00%| unknown
  9.0s|     1 |     0 | 28346 |     - |   113M |   0 | 211 | 528 | 400 |  51 |  3 |   1 |   0 | 3.402023e+03 | 3.402042e+03 |   0.00%| unknown
  9.1s|     1 |     0 | 28361 |     - |   113M |   0 | 211 | 528 | 381 |  57 |  4 |   1 |   0 | 3.402023e+03 | 3.402042e+03 |   0.00%| unknown
  9.1s|     1 |     0 | 28361 |     - |   113M |   0 | 211 | 528 | 370 |  57 |  4 |   1 |   0 | 3.402023e+03 | 3.402042e+03 |   0.00%| unknown
  9.1s|     1 |     0 | 28372 |     - |   113M |   0 | 211 | 528 | 366 |  62 |  5 |   1 |   0 | 3.402023e+03 | 3.402042e+03 |   0.00%| unknown
  9.1s|     1 |     0 | 28372 |     - |   113M |   0 | 211 | 528 | 363 |  62 |  5 |   1 |   0 | 3.402023e+03 | 3.402042e+03 |   0.00%| unknown
  9.1s|     1 |     0 | 28390 |     - |   113M |   0 | 211 | 528 | 361 |  65 |  6 |   1 |   0 | 3.402023e+03 | 3.402042e+03 |   0.00%| unknown
  9.1s|     1 |     0 | 28390 |     - |   113M |   0 | 211 | 528 | 347 |  65 |  6 |   1 |   0 | 3.402023e+03 | 3.402042e+03 |   0.00%| unknown
  9.1s|     1 |     0 | 28405 |     - |   113M |   0 | 211 | 528 | 351 |  69 |  7 |   1 |   0 | 3.402023e+03 | 3.402042e+03 |   0.00%| unknown
  9.1s|     1 |     0 | 28405 |     - |   113M |   0 | 211 | 528 | 348 |  69 |  7 |   1 |   0 | 3.402023e+03 | 3.402042e+03 |   0.00%| unknown
 time | node  | left  |LP iter|LP it/n|mem/heur|mdpt |vars |cons |rows |cuts |sepa|confs|strbr|  dualbound   | primalbound  |  gap   | compl. 
  9.1s|     1 |     0 | 28413 |     - |   113M |   0 | 211 | 528 | 349 |  70 |  8 |   1 |   0 | 3.402035e+03 | 3.402042e+03 |   0.00%| unknown
  9.1s|     1 |     0 | 28423 |     - |   113M |   0 | 211 | 528 | 352 |  73 |  9 |   1 |   0 | 3.402037e+03 | 3.402042e+03 |   0.00%| unknown
  9.1s|     1 |     0 | 28423 |     - |   113M |   0 | 211 | 528 | 346 |  73 |  9 |   1 |   0 | 3.402037e+03 | 3.402042e+03 |   0.00%| unknown
  9.1s|     1 |     0 | 28428 |     - |   113M |   0 | 211 | 528 | 310 |  76 | 10 |   1 |   0 | 3.402037e+03 | 3.402042e+03 |   0.00%| unknown
  9.1s|     1 |     0 | 28428 |     - |   113M |   0 | 211 | 528 | 310 |  76 | 10 |   1 |   0 | 3.402037e+03 | 3.402042e+03 |   0.00%| unknown
  9.1s|     1 |     0 | 28430 |     - |   113M |   0 | 211 | 528 | 312 |  78 | 11 |   1 |   0 | 3.402039e+03 | 3.402042e+03 |   0.00%| unknown
  9.1s|     1 |     0 | 28439 |     - |   113M |   0 | 211 | 528 | 314 |  80 | 12 |   1 |   0 | 3.402042e+03 | 3.402042e+03 |   0.00%| unknown
  9.1s|     1 |     0 | 28439 |     - |   113M |   0 | 211 | 528 | 314 |  80 | 12 |   1 |   0 | 3.402042e+03 | 3.402042e+03 |   0.00%| unknown

SCIP Status        : problem is solved [optimal solution found]
Solving Time (sec) : 9.10
Solving Nodes      : 1 (total of 2 nodes in 2 runs)
Primal Bound       : +3.40204164849833e+03 (25 solutions)
Dual Bound         : +3.40204164849833e+03
Gap                : 0.00 %

primal solution (original space):
=================================

objective value:                     3402.04164849833
z#3                                                 1 	(obj:0)
z#17                                                1 	(obj:0)
z#25                                                1 	(obj:0)
z#28                                                1 	(obj:0)
z#35                                                1 	(obj:0)
z#37                                                1 	(obj:0)
z#63                                                1 	(obj:0)
z#98                                                1 	(obj:0)
z#102                                               1 	(obj:0)
z#107                                               1 	(obj:0)
z#118                                               1 	(obj:0)
z#124                                               1 	(obj:0)
z#125                                               1 	(obj:0)
z#130                                               1 	(obj:0)
z#134                                               1 	(obj:0)
z#136                                               1 	(obj:0)
z#137                                               1 	(obj:0)
z#148                                               1 	(obj:0)
z#170                                               1 	(obj:0)
z#173                                               1 	(obj:0)
z#187                                               1 	(obj:0)
z#195                                               1 	(obj:0)
z#201                                               1 	(obj:0)
z#207                                               1 	(obj:0)
z#211                                               1 	(obj:0)
z#213                                               1 	(obj:0)
z#214                                               1 	(obj:0)
z#228                                               1 	(obj:0)
z#231                                               1 	(obj:0)
z#238                                               1 	(obj:0)
z#246                                               1 	(obj:0)
z#249                                               1 	(obj:0)
z#254                                               1 	(obj:0)
z#256                                               1 	(obj:0)
z#269                                               1 	(obj:0)
z#272                                               1 	(obj:0)
z#277                                               1 	(obj:0)
z#294                                               1 	(obj:0)
z#304                                               1 	(obj:0)
z#306                                               1 	(obj:0)
z#311                                               1 	(obj:0)
z#327                                               1 	(obj:0)
z#333                                               1 	(obj:0)
z#338                                               1 	(obj:0)
z#363                                               1 	(obj:0)
z#365                                               1 	(obj:0)
z#382                                               1 	(obj:0)
z#391                                               1 	(obj:0)
z#392                                               1 	(obj:0)
z#398                                               1 	(obj:0)
z#399                                               1 	(obj:0)
z#401                                               1 	(obj:0)
z#402                                               1 	(obj:0)
z#408                                               1 	(obj:0)
z#411                                               1 	(obj:0)
z#422                                               1 	(obj:0)
z#423                                               1 	(obj:0)
z#432                                               1 	(obj:0)
z#436                                               1 	(obj:0)
z#444                                               1 	(obj:0)
z#447                                               1 	(obj:0)
z#458                                               1 	(obj:0)
z#461                                               1 	(obj:0)
z#467                                               1 	(obj:0)
z#480                                               1 	(obj:0)
z#486                                               1 	(obj:0)
z#496                                               1 	(obj:0)
z#500                                               1 	(obj:0)
z#505                                               1 	(obj:0)
z#509                                               1 	(obj:0)
z#521                                               1 	(obj:0)
z#525                                               1 	(obj:0)
z#529                                               1 	(obj:0)
z#535                                               1 	(obj:0)
z#536                                               1 	(obj:0)
z#539                                               1 	(obj:0)
z#542                                               1 	(obj:0)
z#545                                               1 	(obj:0)
z#546                                               1 	(obj:0)
z#552                                               1 	(obj:0)
z#571                                               1 	(obj:0)
z#589                                               1 	(obj:0)
z#605                                               1 	(obj:0)
z#617                                               1 	(obj:0)
z#625                                               1 	(obj:0)
z#626                                               1 	(obj:0)
z#628                                               1 	(obj:0)
z#630                                               1 	(obj:0)
z#633                                               1 	(obj:0)
z#634                                               1 	(obj:0)
z#642                                               1 	(obj:0)
z#643                                               1 	(obj:0)
z#648                                               1 	(obj:0)
z#652                                               1 	(obj:0)
z#653                                               1 	(obj:0)
z#665                                               1 	(obj:0)
z#666                                               1 	(obj:0)
z#670                                               1 	(obj:0)
z#677                                               1 	(obj:0)
z#679                                               1 	(obj:0)
z#684                                               1 	(obj:0)
z#686                                               1 	(obj:0)
z#704                                               1 	(obj:0)
z#711                                               1 	(obj:0)
z#712                                               1 	(obj:0)
z#715                                               1 	(obj:0)
z#729                                               1 	(obj:0)
z#739                                               1 	(obj:0)
z#744                                               1 	(obj:0)
z#761                                               1 	(obj:0)
z#765                                               1 	(obj:0)
z#773                                               1 	(obj:0)
z#774                                               1 	(obj:0)
z#781                                               1 	(obj:0)
z#786                                               1 	(obj:0)
z#795                                               1 	(obj:0)
z#800                                               1 	(obj:0)
z#806                                               1 	(obj:0)
z#811                                               1 	(obj:0)
z#814                                               1 	(obj:0)
z#815                                               1 	(obj:0)
z#818                                               1 	(obj:0)
z#826                                               1 	(obj:0)
z#828                                               1 	(obj:0)
z#833                                               1 	(obj:0)
z#838                                               1 	(obj:0)
z#840                                               1 	(obj:0)
z#841                                               1 	(obj:0)
z#855                                               1 	(obj:0)
z#863                                               1 	(obj:0)
z#873                                               1 	(obj:0)
z#882                                               1 	(obj:0)
z#883                                               1 	(obj:0)
z#887                                               1 	(obj:0)
z#890                                               1 	(obj:0)
z#901                                               1 	(obj:0)
z#904                                               1 	(obj:0)
z#909                                               1 	(obj:0)
z#912                                               1 	(obj:0)
z#928                                               1 	(obj:0)
z#930                                               1 	(obj:0)
z#937                                               1 	(obj:0)
z#939                                               1 	(obj:0)
z#947                                               1 	(obj:0)
z#952                                               1 	(obj:0)
z#954                                               1 	(obj:0)
z#966                                               1 	(obj:0)
z#976                                               1 	(obj:0)
z#984                                               1 	(obj:0)
z#990                                               1 	(obj:0)
y#19#16                              84.2146240988672 	(obj:0)
y#19#26                              87.2494694960212 	(obj:0)
y#19#27                              78.9531967721912 	(obj:0)
y#19#33                              88.5180011689071 	(obj:0)
y#19#36                              83.0705551651441 	(obj:0)
y#19#38                              68.4631217838765 	(obj:0)
y#19#40                              94.4750809061489 	(obj:0)
y#19#46                               107.12981530343 	(obj:0)
y#19#49                              81.0193565400844 	(obj:0)
y#27#3                               106.173095823096 	(obj:0)
y#28#12                               92.725606608157 	(obj:0)
y#28#15                              63.9882051282051 	(obj:0)
y#31#18                               69.843312409464 	(obj:0)
y#31#32                              70.0259321323837 	(obj:0)
y#31#42                               75.850890052356 	(obj:0)
y#35#39                              68.8085042521261 	(obj:0)
x#2                                  730.381243663779 	(obj:0.83)
x#5                                  67.3673088149445 	(obj:1.01)
x#6                                  506.427447374024 	(obj:0.85)
x#10                                 1170.03167534037 	(obj:0.83)
x#12                                 90.1044834307992 	(obj:0.9)
x#19                                 933.797078550684 	(obj:0.81)
x#27                                 106.173095823096 	(obj:0.92)
x#28                                 156.713811736362 	(obj:0.88)
x#31                                 215.720134594204 	(obj:0.88)
x#35                                 68.8085042521261 	(obj:0.92)
y#2#1                                73.3342139175258 	(obj:0)
y#2#7                                69.5738809640925 	(obj:0)
y#2#10                               45.0317623956799 	(obj:0)
y#2#24                               60.8936373276776 	(obj:0)
y#2#25                               77.1296316070475 	(obj:0)
y#2#28                               71.8384390243903 	(obj:0)
y#2#37                               89.8005544005544 	(obj:0)
y#2#41                               82.1565633802817 	(obj:0)
y#2#43                               91.0180754917597 	(obj:0)
y#2#44                               69.6044851547694 	(obj:0)
y#5#4                                67.3673088149445 	(obj:0)
y#6#6                                91.2341890315053 	(obj:0)
y#6#14                               79.5982876712329 	(obj:0)
y#6#19                               53.2152173913043 	(obj:0)
y#6#30                               49.5007045797685 	(obj:0)
y#6#34                               64.3767705382436 	(obj:0)
y#6#45                                 89.02158808933 	(obj:0)
y#6#47                               79.4806900726392 	(obj:0)
y#10#2                               113.466595593461 	(obj:0)
y#10#5                               123.992181588903 	(obj:0)
y#10#9                               77.7750136986301 	(obj:0)
y#10#13                              96.3555637982196 	(obj:0)
y#10#17                              90.3943903835146 	(obj:0)
y#10#20                              59.2353998203055 	(obj:0)
y#10#21                              87.0703296703297 	(obj:0)
y#10#22                              95.2650820599887 	(obj:0)
y#10#23                              87.0294822888283 	(obj:0)
y#10#29                              52.3966057441253 	(obj:0)
y#10#31                              117.468564036223 	(obj:0)
y#10#35                              73.2540298507463 	(obj:0)
y#10#48                              96.3284368070953 	(obj:0)
y#12#11                              90.1044834307992 	(obj:0)
y#19#0                               67.1212512926577 	(obj:0)
y#19#8                               93.5826060233559 	(obj:0)
v#0                                          129.8125 	(obj:0)
v#1                                          113.8147 	(obj:0)
v#2                                          159.6475 	(obj:0)
v#3                                          172.8498 	(obj:0)
v#4                                          115.4002 	(obj:0)
v#5                                          196.6516 	(obj:0)
v#6                                          156.3754 	(obj:0)
v#7                                          141.4437 	(obj:0)
v#8                                          152.2589 	(obj:0)
v#9                                          141.9394 	(obj:0)
v#10                                          91.7297 	(obj:0)
v#11                                         138.6708 	(obj:0)
v#12                                         179.6095 	(obj:0)
v#13                                         129.8873 	(obj:0)
v#14                                         162.6989 	(obj:0)
v#15                                          99.8216 	(obj:0)
v#16                                         163.5448 	(obj:0)
v#17                                          157.919 	(obj:0)
v#18                                         144.6455 	(obj:0)
v#19                                         105.2597 	(obj:0)
v#20                                          131.858 	(obj:0)
v#21                                         150.5446 	(obj:0)
v#22                                         168.3334 	(obj:0)
v#23                                         159.6991 	(obj:0)
v#24                                         114.8454 	(obj:0)
v#25                                         144.4638 	(obj:0)
v#26                                         131.5722 	(obj:0)
v#27                                         127.1936 	(obj:0)
v#28                                         147.2688 	(obj:0)
v#29                                         100.3395 	(obj:0)
v#30                                          98.3579 	(obj:0)
v#31                                         181.6064 	(obj:0)
v#32                                         167.1519 	(obj:0)
v#33                                         151.4543 	(obj:0)
v#34                                          113.625 	(obj:0)
v#35                                         147.2406 	(obj:0)
v#36                                         118.2094 	(obj:0)
v#37                                         129.5822 	(obj:0)
v#38                                          119.742 	(obj:0)
v#39                                         137.5482 	(obj:0)
v#40                                          145.964 	(obj:0)
v#41                                         145.8279 	(obj:0)
v#42                                         144.8752 	(obj:0)
v#43                                          171.205 	(obj:0)
v#44                                         110.1839 	(obj:0)
v#45                                         179.3785 	(obj:0)
v#46                                         162.4088 	(obj:0)
v#47                                         131.3021 	(obj:0)
v#48                                         173.7765 	(obj:0)
v#49                                         153.6127 	(obj:0)

Statistics
==========

SCIP Status        : problem is solved [optimal solution found]
Total Time         :       9.35
  solving          :       9.10
  presolving       :       0.15 (included in solving)
  reading          :       0.25
  copying          :       0.02 (2 #copies) (minimal 0.01, maximal 0.01, average 0.01)
Original Problem   :
  Problem name     : CCRPData/40-50-1000-0
  Variables        : 3090 (1000 binary, 0 integer, 0 implicit integer, 2090 continuous)
  Constraints      : 7592 initial, 7592 maximal
  Objective        : minimize, 40 non-zeros (abs.min = 0.81, abs.max = 1.18)
Presolved Problem  :
  Problem name     : t_CCRPData/40-50-1000-0
  Variables        : 211 (165 binary, 0 integer, 0 implicit integer, 46 continuous)
  Constraints      : 528 initial, 528 maximal
  Objective        : minimize, 49 non-zeros (abs.min = 0.196201, abs.max = 1.01)
  Nonzeros         : 2207 constraint, 0 clique table
Presolvers         :   ExecTime  SetupTime  Calls  FixedVars   AggrVars   ChgTypes  ChgBounds   AddHoles    DelCons    AddCons   ChgSides   ChgCoefs
  boundshift       :       0.00       0.00      0          0          0          0          0          0          0          0          0          0
  convertinttobin  :       0.00       0.00      0          0          0          0          0          0          0          0          0          0
  domcol           :       0.01       0.00      2          0          0          0          0          0          0          0          0          0
  dualagg          :       0.00       0.00      0          0          0          0          0          0          0          0          0          0
  dualcomp         :       0.00       0.00      2          0          0          0          0          0          0          0          0          0
  dualinfer        :       0.00       0.00      0          0          0          0          0          0          0          0          0          0
  dualsparsify     :       0.02       0.00      1          0          0          0          0          0          0          0          0          0
  gateextraction   :       0.00       0.00      0          0          0          0          0          0          0          0          0          0
  implics          :       0.00       0.00      8          0          0          0          0          0          0          0          0          0
  inttobinary      :       0.00       0.00      0          0          0          0          0          0          0          0          0          0
  milp             :       0.06       0.00      2       1021         91          0         45          0       7591       7503          0          0
  qpkktref         :       0.00       0.00      0          0          0          0          0          0          0          0          0          0
  redvub           :       0.00       0.00      0          0          0          0          0          0          0          0          0          0
  sparsify         :       0.00       0.00      1          0          0          0          0          0          0          0          0          0
  stuffing         :       0.00       0.00      0          0          0          0          0          0          0          0          0          0
  trivial          :       0.00       0.00     14        567          0          0          0          0          0          0          0          0
  tworowbnd        :       0.00       0.00      0          0          0          0          0          0          0          0          0          0
  dualfix          :       0.00       0.00     14       1198          0          0          0          0          0          0          0          0
  genvbounds       :       0.00       0.00      0          0          0          0          0          0          0          0          0          0
  probing          :       0.00       0.00      1          0          0          0          0          0          0          0          0          0
  pseudoobj        :       0.00       0.00      3          0          0          0          2          0          0          0          0          0
  symmetry         :       0.00       0.00      1          0          0          0          0          0          0          0          0          0
  vbounds          :       0.00       0.00      0          0          0          0          0          0          0          0          0          0
  chancecons       :       0.00       0.00      0          0          0          0          0          0          0          0          0          0
  varbound         :       0.01       0.01     16          0          0          0          0          0         11          0          0        390
  knapsack         :       0.00       0.00     17          0          0          0          0          0          0          0          0          0
  linear           :       0.03       0.00     19          0          2          0        102          0         25          0          2        207
  logicor          :       0.00       0.00      5          0          0          0          0          0          0          0          0          0
  benders          :       0.00       0.00      0          0          0          0          0          0          0          0          0          0
  components       :       0.00       0.00      2          0          0          0          0          0          0          0          0          0
  root node        :          -          -      -        648          -          -       1009          -          -          -          -          -
Constraints        :     Number  MaxNumber  #Separate #Propagate    #EnfoLP    #EnfoRelax  #EnfoPS    #Check   #ResProp    Cutoffs    DomReds       Cuts    Applied      Conss   Children
  benderslp        :          0          0          0          0          0          0          0        100          0          0          0          0          0          0          0
  chancecons       :          1          1         50          0          0          0          0          0          0          0          0       1611        523          0          0
  integral         :          0          0          0          0          0          0          0        100          0          0          0          0          0          0          0
  varbound         :        387        387         50       9445          0          0          0         93          0          0        322          0          0          0          0
  knapsack         :          1          1         50       9443          0          0          0         45          0          0          0          0          0          0          0
  linear           :        138        138         50       9445          0          0          0         18          0         24         20          0          0          0          0
  logicor          :          1          1         12          7          0          0          0          0          0          0          0          0          0          0          0
  benders          :          0          0          0          0          0          0          0         35          0          0          0          0          0          0          0
  fixedvar         :          0          0          0          0          0          0          0         35          0          0          0          0          0          0          0
  countsols        :          0          0          0          0          0          0          0         35          0          0          0          0          0          0          0
  components       :          0          0          0          0          0          0          0          0          0          0          0          0          0          0          0
Constraint Timings :  TotalTime  SetupTime   Separate  Propagate     EnfoLP     EnfoPS     EnfoRelax   Check    ResProp    SB-Prop
  benderslp        :       0.00       0.00       0.00       0.00       0.00       0.00       0.00       0.00       0.00       0.00
  chancecons       :       0.04       0.00       0.04       0.00       0.00       0.00       0.00       0.00       0.00       0.00
  integral         :       0.00       0.00       0.00       0.00       0.00       0.00       0.00       0.00       0.00       0.00
  varbound         :       0.10       0.01       0.02       0.08       0.00       0.00       0.00       0.00       0.00       0.00
  knapsack         :       0.11       0.00       0.10       0.01       0.00       0.00       0.00       0.00       0.00       0.00
  linear           :       0.01       0.00       0.00       0.01       0.00       0.00       0.00       0.00       0.00       0.00
  logicor          :       0.00       0.00       0.00       0.00       0.00       0.00       0.00       0.00       0.00       0.00
  benders          :       0.00       0.00       0.00       0.00       0.00       0.00       0.00       0.00       0.00       0.00
  fixedvar         :       0.00       0.00       0.00       0.00       0.00       0.00       0.00       0.00       0.00       0.00
  countsols        :       0.00       0.00       0.00       0.00       0.00       0.00       0.00       0.00       0.00       0.00
  components       :       0.00       0.00       0.00       0.00       0.00       0.00       0.00       0.00       0.00       0.00
Propagators        : #Propagate   #ResProp    Cutoffs    DomReds
  dualfix          :         25          0          0         83
  genvbounds       :          0          0          0          0
  nlobbt           :          0          0          0          0
  obbt             :          0          0          0          0
  probing          :          0          0          0          0
  pseudoobj        :        137          0          0         18
  redcost          :         87          0          0        566
  rootredcost      :          0          0          0          0
  symmetry         :          0          0          0          0
  vbounds          :       6654          0          0          0
Propagator Timings :  TotalTime  SetupTime   Presolve  Propagate    ResProp    SB-Prop
  dualfix          :       0.00       0.00       0.00       0.00       0.00       0.00
  genvbounds       :       0.00       0.00       0.00       0.00       0.00       0.00
  nlobbt           :       0.00       0.00       0.00       0.00       0.00       0.00
  obbt             :       0.00       0.00       0.00       0.00       0.00       0.00
  probing          :       0.00       0.00       0.00       0.00       0.00       0.00
  pseudoobj        :       0.00       0.00       0.00       0.00       0.00       0.00
  redcost          :       0.01       0.00       0.00       0.01       0.00       0.00
  rootredcost      :       0.00       0.00       0.00       0.00       0.00       0.00
  symmetry         :       0.00       0.00       0.00       0.00       0.00       0.00
  vbounds          :       0.00       0.00       0.00       0.00       0.00       0.00
Symmetry           :
  orbitopal red.   :          0 reductions applied,          0 cutoffs
  orbital reduction:          0 reductions applied,          0 cutoffs
  lexicographic red:          0 reductions applied,          0 cutoffs
  shadow tree time :       0.00 s
Conflict Analysis  :       Time      Calls    Success    DomReds  Conflicts   Literals    Reconvs ReconvLits   Dualrays   Nonzeros   LP Iters   (pool size: [--,--])
  propagation      :       0.00          0          0          -          0        0.0          0        0.0          -          -          -
  infeasible LP    :       0.00          0          0          -          0        0.0          0        0.0          0        0.0          0
  bound exceed. LP :       0.01          4          1          -          0        0.0          0        0.0          1       52.0         40
  strong branching :       0.00          0          0          -          0        0.0          0        0.0          -          -          0
  pseudo solution  :       0.00          0          0          -          0        0.0          0        0.0          -          -          -
  applied globally :       0.00          -          -          0          0        0.0          -          -          1          -          -
  applied locally  :          -          -          -          0          0        0.0          -          -          0          -          -
Separators         :   ExecTime  SetupTime      Calls  RootCalls    Cutoffs    DomReds  FoundCuts ViaPoolAdd  DirectAdd    Applied ViaPoolApp  DirectApp      Conss
  cut pool         :       0.08          -        102        102          -          -      15495      29721          -          -          -          -          -    (maximal pool size:      14761)
  aggregation      :       2.47       0.00         50         50          0          0      13257      26199          0       1162       1162          0          0
  > cmir           :          -          -          -          -          -          -          -      25929          0       1155       1155          0          -
  > flowcover      :          -          -          -          -          -          -          -        269          0          6          6          0          -
  > knapsackcover  :          -          -          -          -          -          -          -          1          0          1          1          0          -
  cgmip            :       0.00       0.00          0          0          0          0          0          0          0          0          0          0          0
  clique           :       0.00       0.00          2          2          0          0          0          0          0          0          0          0          0
  closecuts        :       0.00       0.00          0          0          0          0          0          0          0          0          0          0          0
  convexproj       :       0.00       0.00          0          0          0          0          0          0          0          0          0          0          0
  disjunctive      :       0.00       0.00          0          0          0          0          0          0          0          0          0          0          0
  eccuts           :       0.00       0.00          0          0          0          0          0          0          0          0          0          0          0
  gauge            :       0.00       0.00          0          0          0          0          0          0          0          0          0          0          0
  gomory           :       0.28       0.00         20         20          0          0       2225       3497          0        243        243          0          0
  > gomorymi       :          -          -          -          -          -          -          -       3497          0        243        243          0          -
  > strongcg       :          -          -          -          -          -          -          -          0          0          0          0          0          -
  impliedbounds    :       0.00       0.00         50         50          0          0         13         25          0          2          2          0          0
  interminor       :       0.00       0.00          0          0          0          0          0          0          0          0          0          0          0
  intobj           :       0.00       0.00          0          0          0          0          0          0          0          0          0          0          0
  lagromory        :       0.00       0.00          0          0          0          0          0          0          0          0          0          0          0
  mcf              :       0.00       0.00          2          2          0          0          0          0          0          0          0          0          0
  minor            :       0.00       0.00         20         20          0          0          0          0          0          0          0          0          0
  mixing           :       0.00       0.00          0          0          0          0          0          0          0          0          0          0          0
  oddcycle         :       0.00       0.00          0          0          0          0          0          0          0          0          0          0          0
  rapidlearning    :       0.00       0.00          0          0          0          0          0          0          0          0          0          0          0
  rlt              :       0.00       0.00         20         20          0          0          0          0          0          0          0          0          0
  zerohalf         :       0.01       0.00         32         32          0          0          0          0          0          0          0          0          0
Cutselectors       :   ExecTime  SetupTime      Calls  RootCalls   Selected     Forced   Filtered  RootSelec   RootForc   RootFilt 
  hybrid           :       0.06       0.00         51         51       1930          0      29402       1930          0      29402
  ensemble         :       0.00       0.00          0          0          0          0          0          0          0          0
  dynamic          :       0.00       0.00          0          0          0          0          0          0          0          0
Pricers            :   ExecTime  SetupTime      Calls       Vars
  problem variables:       0.00          -          0          0
Branching Rules    :   ExecTime  SetupTime   BranchLP  BranchExt   BranchPS    Cutoffs    DomReds       Cuts      Conss   Children
  allfullstrong    :       0.00       0.00          0          0          0          0          0          0          0          0
  cloud            :       0.00       0.00          0          0          0          0          0          0          0          0
  distribution     :       0.00       0.00          0          0          0          0          0          0          0          0
  fullstrong       :       0.00       0.00          0          0          0          0          0          0          0          0
  gomory           :       0.00       0.00          0          0          0          0          0          0          0          0
  inference        :       0.00       0.00          0          0          0          0          0          0          0          0
  leastinf         :       0.00       0.00          0          0          0          0          0          0          0          0
  lookahead        :       0.00       0.00          0          0          0          0          0          0          0          0
  mostinf          :       0.00       0.00          0          0          0          0          0          0          0          0
  multaggr         :       0.00       0.00          0          0          0          0          0          0          0          0
  nodereopt        :       0.00       0.00          0          0          0          0          0          0          0          0
  pscost           :       0.00       0.00          0          0          0          0          0          0          0          0
  random           :       0.00       0.00          0          0          0          0          0          0          0          0
  relpscost        :       0.00       0.00          0          0          0          0          0          0          0          0
  vanillafullstrong:       0.00       0.00          0          0          0          0          0          0          0          0
Primal Heuristics  :   ExecTime  SetupTime      Calls      Found       Best
  LP solutions     :       0.00          -          -          0          0
  relax solutions  :       0.00          -          -          0          0
  pseudo solutions :       0.00          -          -          0          0
  strong branching :       0.00          -          -          0          0
  actconsdiving    :       0.00       0.00          0          0          0
  adaptivediving   :       0.00       0.00          0          0          0
  alns             :       0.03       0.00          1          0          0
  bound            :       0.00       0.00          0          0          0
  clique           :       0.00       0.00          0          0          0
  coefdiving       :       0.00       0.00          0          0          0
  completesol      :       0.00       0.00          0          0          0
  conflictdiving   :       0.46       0.00          1          0          0
  crossover        :       0.00       0.00          0          0          0
  dins             :       0.00       0.00          0          0          0
  distributiondivin:       0.00       0.00          0          0          0
  dps              :       0.00       0.00          0          0          0
  dualval          :       0.00       0.00          0          0          0
  farkasdiving     :       0.00       0.00          0          0          0
  feaspump         :       0.18       0.00          1          1          0
  fixandinfer      :       0.00       0.00          0          0          0
  fracdiving       :       0.00       0.00          0          0          0
  gins             :       0.00       0.00          0          0          0
  guideddiving     :       0.00       0.00          0          0          0
  indicator        :       0.00       0.00          0          0          0
  indicatordiving  :       0.00       0.00          0          0          0
  intdiving        :       0.00       0.00          0          0          0
  intshifting      :       0.02       0.00          1          1          1
  linesearchdiving :       0.00       0.00          0          0          0
  localbranching   :       0.00       0.00          0          0          0
  locks            :       0.02       0.00          1          1          1
  lpface           :       0.00       0.00          0          0          0
  mpec             :       0.00       0.00          0          0          0
  multistart       :       0.00       0.00          0          0          0
  mutation         :       0.00       0.00          0          0          0
  nlpdiving        :       0.00       0.00          0          0          0
  objpscostdiving  :       0.00       0.00          0          0          0
  octane           :       0.00       0.00          0          0          0
  ofins            :       0.00       0.00          0          0          0
  oneopt           :       0.00       0.00          4          0          0
  padm             :       0.00       0.00          0          0          0
  proximity        :       0.00       0.00          0          0          0
  pscostdiving     :       0.00       0.00          0          0          0
  randrounding     :       0.15       0.00         56          0          0
  rens             :       0.03       0.00          1          1          1
  reoptsols        :       0.00       0.00          0          0          0
  repair           :       0.00       0.00          0          0          0
  rins             :       0.00       0.00          0          0          0
  rootsoldiving    :       0.00       0.00          0          0          0
  rounding         :       0.02       0.00         56          0          0
  scheduler        :       0.00       0.00          0          0          0
  shiftandpropagate:       0.00       0.00          0          0          0
  shifting         :       0.12       0.00         56         21          2
  simplerounding   :       0.00       0.00          0          0          0
  subnlp           :       0.00       0.00          0          0          0
  trivial          :       0.00       0.00          4          0          0
  trivialnegation  :       0.00       0.00          0          0          0
  trustregion      :       0.00       0.00          0          0          0
  trysol           :       0.00       0.00          0          0          0
  twoopt           :       0.00       0.00          0          0          0
  undercover       :       0.00       0.00          0          0          0
  vbounds          :       0.01       0.00          2          0          0
  veclendiving     :       0.00       0.00          0          0          0
  zeroobj          :       0.00       0.00          0          0          0
  zirounding       :       0.00       0.00          1          0          0
  other solutions  :          -          -          -          0          -
LNS (Scheduler)    :      Calls  SetupTime  SolveTime SolveNodes       Sols       Best       Exp3    Exp3-IX  EpsGreedy        UCB TgtFixRate  Opt  Inf Node Stal  Sol  Usr Othr Actv
  rens             :          0       0.00       0.00          0          0          0    0.00000    0.12500   -1.00000    1.00000      0.900    0    0    0    0    0    0    0    1
  rins             :          0       0.00       0.00          0          0          0    0.00000    0.12500   -1.00000    1.00000      0.900    0    0    0    0    0    0    0    1
  mutation         :          0       0.00       0.00          0          0          0    0.00000    0.12500   -1.00000    1.00000      0.900    0    0    0    0    0    0    0    1
  localbranching   :          0       0.00       0.00          0          0          0    0.00000    0.12500   -1.00000    1.00000      0.900    0    0    0    0    0    0    0    1
  crossover        :          0       0.00       0.00          0          0          0    0.00000    0.12500   -1.00000    1.00000      0.900    0    0    0    0    0    0    0    1
  proximity        :          0       0.00       0.00          0          0          0    0.00000    0.12500   -1.00000    1.00000      0.900    0    0    0    0    0    0    0    1
  zeroobjective    :          0       0.00       0.00          0          0          0    0.00000    0.12500   -1.00000    1.00000      0.900    0    0    0    0    0    0    0    1
  dins             :          0       0.00       0.00          0          0          0    0.00000    0.12500   -1.00000    1.00000      0.900    0    0    0    0    0    0    0    1
  trustregion      :          0       0.00       0.00          0          0          0    0.00000    0.00000   -1.00000    1.00000      0.900    0    0    0    0    0    0    0    0
LP                 :       Time      Calls Iterations  Iter/call   Iter/sec  Time-0-It Calls-0-It    ItLimit
  primal LP        :       0.00          7          0       0.00          -       0.00          7
  dual LP          :       4.69         90      25548     405.52    5441.64       0.01         27
  lex dual LP      :       0.00          0          0       0.00          -
  barrier LP       :       0.00          0          0       0.00          -       0.00          0
  resolve instable :       0.00          0          0       0.00          -
  diving/probing LP:       0.65          5       2891     578.20    4443.75
  strong branching :       0.00          0          0       0.00          -          -          -          0
    (at root node) :          -          0          0       0.00          -
  conflict analysis:       0.01          4         40      10.00          -
B&B Tree           :
  number of runs   :          2
  nodes            :          1 (0 internal, 1 leaves)
  feasible leaves  :          0
  infeas. leaves   :          0
  objective leaves :          0
  nodes (total)    :          2 (0 internal, 2 leaves)
  nodes left       :          0
  max depth        :          0
  max depth (total):          0
  backtracks       :          0 (0.0%)
  early backtracks :          0 (0.0%)
  nodes exc. ref.  :          0 (0.0%)
  delayed cutoffs  :          0
  repropagations   :          0 (0 domain reductions, 0 cutoffs)
  avg switch length:       2.00
  switching time   :       0.00
Root Node          :
  First LP value   : +3.25330860587185e+03
  First LP Iters   :       1272 (12457.89 Iter/sec)
  First LP Time    :       0.10
  Final Dual Bound : +3.40204164849833e+03
  Final Root Iters :      25548
  Root LP Estimate :                     -
Solution           :
  Solutions found  :         25 (5 improvements)
  First Solution   : +3.46612694086596e+03   (in run 1, after 1 nodes, 0.17 seconds, depth 151, found by <locks>)
  Gap First Sol.   :      20.60 %
  Gap Last Sol.    :       0.00 %
  Primal Bound     : +3.40204164849833e+03   (in run 1, after 1 nodes, 8.68 seconds, depth 0, found by <rens>)
  Dual Bound       : +3.40204164849833e+03
  Gap              :       0.00 %
Integrals          :      Total       Avg%
  primal-dual      :      34.21       3.76
  primal-ref       :          -          - (not evaluated)
  dual-ref         :          -          - (not evaluated)

 Branching Statistics...

 Total number of propagations -> 0

 Number of cutoffs of KnaCons -> 0

 Total number of variables fixed to 1 by the propagator -> 0

 Total number of variables fixed to 0 by the propagator -> 0

 Maximum number of rounds of the approximation algorithm -> 0

 Runtime of the exact algorithm -> 0.0000 s

 Total number of variables fixed to 1 in the exact algorithm -> 0

 Total number of variables fixed to 0 in the exact algorithm -> 0

 Number of cutoffs in the exact algorithm -> 0

 Number of cutoffs in the approximation algorithm -> 0

 PS:  
