***************************************
*         SCIP-based CCP Solver       *
*                                     *
*    Wei Lv and Wei-Kun Chen (2024)   *
***************************************
/beegfs/home/30150120/SCIP-CCP/build/ccp -f data/CCRPData/40-50-2000-3.ccrp -s settings/CCRPSetting/BASE2.set 
SCIP version 9.1.0 [precision: 8 byte] [memory: block] [mode: optimized] [LP solver: Soplex 7.1.0] [GitHash: 8cab0278ba]
Copyright (c) 2002-2024 Zuse Institute Berlin (ZIB)

External libraries: 
  Soplex 7.1.0         Linear Programming Solver developed at Zuse Institute Berlin (soplex.zib.de) [GitHash: 595bfac9]
  CppAD 20180000.0     Algorithmic Differentiation of C++ algorithms developed by B. Bell (github.com/coin-or/CppAD)
  ZLIB 1.2.7           General purpose compression library by J. Gailly and M. Adler (zlib.net)
  GMP 6.2.1            GNU Multiple Precision Arithmetic Library developed by T. Granlund (gmplib.org)
  AMPL/MP 690e9e7      AMPL .nl file reader library (github.com/ampl/mp)
  PaPILO 2.3.0         parallel presolve for integer and linear optimization (github.com/scipopt/papilo) (built with TBB) [GitHash: 4b8ce6ed]
  Nauty 2.8.8          Computing Graph Automorphism Groups by Brendan D. McKay (users.cecs.anu.edu.au/~bdm/nauty)
  sassy 1.1            Symmetry preprocessor by Markus Anders (github.com/markusa4/sassy)

reading user parameter file <settings/CCRPSetting/BASE2.set>

read problem <data/CCRPData/40-50-2000-3.ccrp>
============

File name: 	data/CCRPData/40-50-2000-3.ccrp
Problem name:	CCRPData/40-50-2000-3
NumResource: 	40
Dimension: 	50
NumScenario: 	2000
ConfidenceParameter: 	0.20
IsEqualProbability: 	1
BASE+DI: 	0
BASE+sDI: 	0
BASE+DB: 	0
BASE+DB+OPF: 	0
Dominance and Aggregation Statistics......
NumEdge:        83253
NumBiEdge: 	0
NumDomIneqs: 	83253
DominanceRatio: 0.0416
NumAggScenario: 2000 
BasicNumScenario: 1639 
original problem has 4090 variables (2000 bin, 0 int, 0 impl, 2090 cont) and 20092 constraints

solve problem
=============

presolving:
(round 1, fast)       1288 del vars, 11 del conss, 0 add conss, 50 chg bounds, 0 chg sides, 0 chg coeffs, 0 upgd conss, 0 impls, 0 clqs
   (0.1s) running MILP presolver
   (0.1s) MILP presolver (3 rounds): 87 aggregations, 1020 fixings, 0 bound changes
(round 2, medium)     2395 del vars, 20091 del conss, 19993 add conss, 50 chg bounds, 0 chg sides, 0 chg coeffs, 0 upgd conss, 0 impls, 0 clqs
(round 3, fast)       2395 del vars, 20091 del conss, 19993 add conss, 97 chg bounds, 0 chg sides, 0 chg coeffs, 0 upgd conss, 0 impls, 0 clqs
(round 4, exhaustive) 2395 del vars, 20091 del conss, 19993 add conss, 97 chg bounds, 0 chg sides, 0 chg coeffs, 19989 upgd conss, 0 impls, 0 clqs
   (0.3s) probing: 51/1639 (3.1%) - 0 fixings, 0 aggregations, 0 implications, 0 bound changes
   (0.3s) probing aborted: 50/50 successive totally useless probings
   (0.3s) symmetry computation started: requiring (bin +, int +, cont +), (fixed: bin -, int -, cont -)
   Symmetry detection interrupted: constraints of type chancecons do not provide symmetry information.
   If symmetries shall be detected, implement the CONSGETPERMSYMGRAPH callback.
   (0.3s) could not compute symmetry
presolving (5 rounds: 5 fast, 3 medium, 2 exhaustive):
 2395 deleted vars, 20091 deleted constraints, 19993 added constraints, 97 tightened bounds, 0 added holes, 0 changed sides, 0 changed coefficients
 19989 implications, 0 cliques
presolved problem has 1695 variables (1639 bin, 0 int, 0 impl, 56 cont) and 19994 constraints
      1 constraints of type <chancecons>
  19989 constraints of type <varbound>
      1 constraints of type <knapsack>
      3 constraints of type <linear>
Presolving Time: 0.28

 time | node  | left  |LP iter|LP it/n|mem/heur|mdpt |vars |cons |rows |cuts |sepa|confs|strbr|  dualbound   | primalbound  |  gap   | compl. 
p 0.4s|     1 |     0 |     3 |     - |   locks|   0 |1695 |  19k|  19k|   0 |  0 |   0 |   0 | 2.762431e+03 | 3.507252e+03 |  26.96%| unknown
  1.2s|     1 |     0 |  3199 |     - |    87M |   0 |1695 |  19k|  19k|   0 |  0 |   1 |   0 | 3.201665e+03 | 3.507252e+03 |   9.54%| unknown
  1.5s|     1 |     0 |  3919 |     - |    89M |   0 |1695 |  19k|  20k|  52 |  1 |   1 |   0 | 3.247074e+03 | 3.507252e+03 |   8.01%| unknown
  1.7s|     1 |     0 |  4523 |     - |    92M |   0 |1695 |  19k|  20k| 114 |  2 |   1 |   0 | 3.273818e+03 | 3.507252e+03 |   7.13%| unknown
  2.0s|     1 |     0 |  5123 |     - |    94M |   0 |1695 |  19k|  20k| 180 |  3 |   1 |   0 | 3.292373e+03 | 3.507252e+03 |   6.53%| unknown
  2.4s|     1 |     0 |  5807 |     - |    97M |   0 |1695 |  19k|  20k| 246 |  4 |   1 |   0 | 3.303391e+03 | 3.507252e+03 |   6.17%| unknown
  2.6s|     1 |     0 |  6332 |     - |   100M |   0 |1695 |  19k|  20k| 315 |  5 |   1 |   0 | 3.311542e+03 | 3.507252e+03 |   5.91%| unknown
  3.0s|     1 |     0 |  7036 |     - |   103M |   0 |1695 |  19k|  20k| 377 |  6 |   1 |   0 | 3.320597e+03 | 3.507252e+03 |   5.62%| unknown
  3.3s|     1 |     0 |  7751 |     - |   106M |   0 |1695 |  19k|  20k| 442 |  7 |   1 |   0 | 3.326884e+03 | 3.507252e+03 |   5.42%| unknown
  3.7s|     1 |     0 |  8501 |     - |   109M |   0 |1695 |  19k|  20k| 508 |  8 |   1 |   0 | 3.332931e+03 | 3.507252e+03 |   5.23%| unknown
  4.1s|     1 |     0 |  9371 |     - |   112M |   0 |1695 |  19k|  20k| 591 |  9 |   1 |   0 | 3.337656e+03 | 3.507252e+03 |   5.08%| unknown
  4.6s|     1 |     0 | 10328 |     - |   114M |   0 |1695 |  19k|  20k| 663 | 10 |   1 |   0 | 3.342565e+03 | 3.507252e+03 |   4.93%| unknown
  5.1s|     1 |     0 | 11441 |     - |   117M |   0 |1695 |  19k|  20k| 734 | 11 |   1 |   0 | 3.346884e+03 | 3.507252e+03 |   4.79%| unknown
  5.6s|     1 |     0 | 12560 |     - |   119M |   0 |1695 |  19k|  20k| 804 | 12 |   1 |   0 | 3.350203e+03 | 3.507252e+03 |   4.69%| unknown
  6.1s|     1 |     0 | 13641 |     - |   122M |   0 |1695 |  19k|  20k| 868 | 13 |   1 |   0 | 3.352425e+03 | 3.507252e+03 |   4.62%| unknown
 time | node  | left  |LP iter|LP it/n|mem/heur|mdpt |vars |cons |rows |cuts |sepa|confs|strbr|  dualbound   | primalbound  |  gap   | compl. 
  6.7s|     1 |     0 | 14778 |     - |   124M |   0 |1695 |  19k|  20k| 922 | 14 |   1 |   0 | 3.354952e+03 | 3.507252e+03 |   4.54%| unknown
  7.3s|     1 |     0 | 15945 |     - |   127M |   0 |1695 |  19k|  20k| 977 | 15 |   1 |   0 | 3.357413e+03 | 3.507252e+03 |   4.46%| unknown
  7.9s|     1 |     0 | 17143 |     - |   130M |   0 |1695 |  19k|  21k|1034 | 16 |   1 |   0 | 3.359385e+03 | 3.507252e+03 |   4.40%| unknown
  8.6s|     1 |     0 | 18763 |     - |   132M |   0 |1695 |  19k|  21k|1089 | 17 |   1 |   0 | 3.361907e+03 | 3.507252e+03 |   4.32%| unknown
  9.4s|     1 |     0 | 20374 |     - |   134M |   0 |1695 |  19k|  21k|1155 | 18 |   1 |   0 | 3.363951e+03 | 3.507252e+03 |   4.26%| unknown
 10.1s|     1 |     0 | 21525 |     - |   137M |   0 |1695 |  19k|  21k|1208 | 19 |   1 |   0 | 3.365281e+03 | 3.507252e+03 |   4.22%| unknown
 10.9s|     1 |     0 | 23042 |     - |   139M |   0 |1695 |  19k|  21k|1264 | 20 |   1 |   0 | 3.366572e+03 | 3.507252e+03 |   4.18%| unknown
 11.8s|     1 |     0 | 24634 |     - |   140M |   0 |1695 |  19k|  21k|1313 | 21 |   1 |   0 | 3.367568e+03 | 3.507252e+03 |   4.15%| unknown
 12.7s|     1 |     0 | 26305 |     - |   141M |   0 |1695 |  19k|  21k|1365 | 22 |   1 |   0 | 3.369036e+03 | 3.507252e+03 |   4.10%| unknown
 14.0s|     1 |     0 | 28487 |     - |   141M |   0 |1695 |  19k|  21k|1419 | 23 |   1 |   0 | 3.370414e+03 | 3.507252e+03 |   4.06%| unknown
 15.1s|     1 |     0 | 30486 |     - |   142M |   0 |1695 |  19k|  21k|1476 | 24 |   1 |   0 | 3.372205e+03 | 3.507252e+03 |   4.00%| unknown
 16.2s|     1 |     0 | 32321 |     - |   142M |   0 |1695 |  19k|  21k|1534 | 25 |   1 |   0 | 3.373322e+03 | 3.507252e+03 |   3.97%| unknown
 17.5s|     1 |     0 | 34437 |     - |   142M |   0 |1695 |  19k|  21k|1596 | 26 |   1 |   0 | 3.374584e+03 | 3.507252e+03 |   3.93%| unknown
 18.6s|     1 |     0 | 36277 |     - |   143M |   0 |1695 |  19k|  21k|1654 | 27 |   1 |   0 | 3.375317e+03 | 3.507252e+03 |   3.91%| unknown
 19.8s|     1 |     0 | 38348 |     - |   144M |   0 |1695 |  19k|  21k|1700 | 28 |   1 |   0 | 3.376312e+03 | 3.507252e+03 |   3.88%| unknown
 time | node  | left  |LP iter|LP it/n|mem/heur|mdpt |vars |cons |rows |cuts |sepa|confs|strbr|  dualbound   | primalbound  |  gap   | compl. 
 20.7s|     1 |     0 | 39695 |     - |   144M |   0 |1695 |  19k|  21k|1750 | 29 |   1 |   0 | 3.377045e+03 | 3.507252e+03 |   3.86%| unknown
 21.9s|     1 |     0 | 41547 |     - |   145M |   0 |1695 |  19k|  21k|1810 | 30 |   1 |   0 | 3.377788e+03 | 3.507252e+03 |   3.83%| unknown
 23.1s|     1 |     0 | 43370 |     - |   145M |   0 |1695 |  19k|  21k|1866 | 31 |   1 |   0 | 3.378396e+03 | 3.507252e+03 |   3.81%| unknown
 24.5s|     1 |     0 | 45429 |     - |   145M |   0 |1695 |  19k|  21k|1935 | 32 |   1 |   0 | 3.379289e+03 | 3.507252e+03 |   3.79%| unknown
 26.0s|     1 |     0 | 47631 |     - |   146M |   0 |1695 |  19k|  21k|1995 | 33 |   1 |   0 | 3.380032e+03 | 3.507252e+03 |   3.76%| unknown
 27.6s|     1 |     0 | 49692 |     - |   147M |   0 |1695 |  19k|  21k|2061 | 34 |   1 |   0 | 3.380774e+03 | 3.507252e+03 |   3.74%| unknown
 29.1s|     1 |     0 | 51742 |     - |   148M |   0 |1695 |  19k|  21k|2125 | 35 |   1 |   0 | 3.381349e+03 | 3.507252e+03 |   3.72%| unknown
 30.9s|     1 |     0 | 53861 |     - |   149M |   0 |1695 |  19k|  21k|2200 | 36 |   1 |   0 | 3.381851e+03 | 3.507252e+03 |   3.71%| unknown
 32.6s|     1 |     0 | 56005 |     - |   150M |   0 |1695 |  19k|  21k|2272 | 37 |   1 |   0 | 3.382383e+03 | 3.507252e+03 |   3.69%| unknown
 34.6s|     1 |     0 | 58495 |     - |   151M |   0 |1695 |  19k|  21k|2344 | 38 |   1 |   0 | 3.382940e+03 | 3.507252e+03 |   3.67%| unknown
 36.5s|     1 |     0 | 60557 |     - |   151M |   0 |1695 |  19k|  21k|2415 | 39 |   1 |   0 | 3.383364e+03 | 3.507252e+03 |   3.66%| unknown
 38.5s|     1 |     0 | 62784 |     - |   151M |   0 |1695 |  19k|  21k|2490 | 40 |   1 |   0 | 3.383899e+03 | 3.507252e+03 |   3.65%| unknown
 40.6s|     1 |     0 | 65149 |     - |   152M |   0 |1695 |  19k|  21k|2559 | 41 |   1 |   0 | 3.384364e+03 | 3.507252e+03 |   3.63%| unknown
 43.1s|     1 |     0 | 67729 |     - |   153M |   0 |1695 |  19k|  21k|2638 | 42 |   1 |   0 | 3.384770e+03 | 3.507252e+03 |   3.62%| unknown
 45.6s|     1 |     0 | 70185 |     - |   154M |   0 |1695 |  19k|  21k|2711 | 43 |   1 |   0 | 3.385139e+03 | 3.507252e+03 |   3.61%| unknown
 time | node  | left  |LP iter|LP it/n|mem/heur|mdpt |vars |cons |rows |cuts |sepa|confs|strbr|  dualbound   | primalbound  |  gap   | compl. 
 47.8s|     1 |     0 | 72600 |     - |   155M |   0 |1695 |  19k|  21k|2775 | 44 |   1 |   0 | 3.385481e+03 | 3.507252e+03 |   3.60%| unknown
 50.0s|     1 |     0 | 74922 |     - |   155M |   0 |1695 |  19k|  21k|2830 | 45 |   1 |   0 | 3.385702e+03 | 3.507252e+03 |   3.59%| unknown
 52.4s|     1 |     0 | 77541 |     - |   155M |   0 |1695 |  19k|  21k|2884 | 46 |   1 |   0 | 3.385977e+03 | 3.507252e+03 |   3.58%| unknown
 55.3s|     1 |     0 | 80467 |     - |   155M |   0 |1695 |  19k|  21k|2934 | 47 |   1 |   0 | 3.386229e+03 | 3.507252e+03 |   3.57%| unknown
 57.8s|     1 |     0 | 83014 |     - |   156M |   0 |1695 |  19k|  21k|2977 | 48 |   1 |   0 | 3.386444e+03 | 3.507252e+03 |   3.57%| unknown
 60.1s|     1 |     0 | 85238 |     - |   156M |   0 |1695 |  19k|  21k|3030 | 49 |   1 |   0 | 3.386620e+03 | 3.507252e+03 |   3.56%| unknown
 62.4s|     1 |     0 | 87657 |     - |   156M |   0 |1695 |  19k|  21k|3078 | 50 |   1 |   0 | 3.386788e+03 | 3.507252e+03 |   3.56%| unknown
 65.1s|     1 |     0 | 90353 |     - |   156M |   0 |1695 |  19k|  21k|3120 | 51 |   1 |   0 | 3.387005e+03 | 3.507252e+03 |   3.55%| unknown
 67.7s|     1 |     0 | 92738 |     - |   156M |   0 |1695 |  19k|  21k|3160 | 52 |   1 |   0 | 3.387197e+03 | 3.507252e+03 |   3.54%| unknown
 70.2s|     1 |     0 | 95154 |     - |   157M |   0 |1695 |  19k|  21k|3210 | 53 |   1 |   0 | 3.387375e+03 | 3.507252e+03 |   3.54%| unknown
 72.7s|     1 |     0 | 97559 |     - |   157M |   0 |1695 |  19k|  21k|3252 | 54 |   1 |   0 | 3.387515e+03 | 3.507252e+03 |   3.53%| unknown
r73.2s|     1 |     0 | 98527 |     - |intshift|   0 |1695 |  19k|  21k|3252 | 54 |   1 |   0 | 3.387515e+03 | 3.468044e+03 |   2.38%| unknown
o84.2s|     1 |     0 |114042 |     - |feaspump|   0 |1695 |  19k|  21k|3252 | 54 |   1 |   0 | 3.387515e+03 | 3.413887e+03 |   0.78%| unknown
L86.7s|     1 |     0 |115999 |     - |    alns|   0 |1695 |  19k|  21k|3252 | 54 |   7 |   0 | 3.387515e+03 | 3.412964e+03 |   0.75%| unknown
 86.7s|     1 |     0 |115999 |     - |   159M |   0 |1695 |  19k|  21k|3252 | 54 |   7 |   0 | 3.387515e+03 | 3.412964e+03 |   0.75%| unknown
 time | node  | left  |LP iter|LP it/n|mem/heur|mdpt |vars |cons |rows |cuts |sepa|confs|strbr|  dualbound   | primalbound  |  gap   | compl. 
 89.4s|     1 |     0 |118595 |     - |   159M |   0 |1695 |  19k|  21k|3290 | 55 |   7 |   0 | 3.387716e+03 | 3.412964e+03 |   0.75%| unknown
 90.9s|     1 |     0 |119806 |     - |   159M |   0 |1695 |  19k|  21k|3320 | 56 |   7 |   0 | 3.387763e+03 | 3.412964e+03 |   0.74%| unknown
  115s|     1 |     2 |119806 |     - |   160M |   0 |1695 |  19k|  21k|3320 | 56 |   7 |  20 | 3.387824e+03 | 3.412964e+03 |   0.74%| unknown
d 239s|     6 |     7 |134307 |6589.0 |pscostdi|   4 |1695 |  19k|  20k|   0 |  1 |   7 | 155 | 3.387843e+03 | 3.406291e+03 |   0.54%| unknown
d 301s|     8 |     9 |165061 |9099.9 |fracdivi|   5 |1695 |  19k|  20k|   0 |  1 |   7 | 200 | 3.387843e+03 | 3.402177e+03 |   0.42%| unknown
o 452s|    20 |    21 |428557 |17220.8 |objpscos|   9 |1695 |  19k|  20k|3320 |  1 |   9 | 235 | 3.387843e+03 | 3.397812e+03 |   0.29%| unknown
d 508s|    31 |    32 |511810 |13681.6 |guideddi|  17 |1695 |  19k|  20k|   0 |  1 |  12 | 249 | 3.387843e+03 | 3.397582e+03 |   0.29%| unknown
  924s|   100 |    81 |997852 |9055.5 |   170M |  33 |1695 |  20k|  21k|4317 |  1 |  73 | 402 | 3.387843e+03 | 3.397582e+03 |   0.29%| unknown
L 990s|   109 |    88 |  1070k|8973.3 |    alns|  34 |1695 |  20k|  21k|4559 |  2 |  75 | 431 | 3.387843e+03 | 3.397414e+03 |   0.28%| unknown
L 990s|   109 |    86 |  1070k|8973.3 |    alns|  34 |1695 |  20k|  21k|4559 |  2 |  75 | 431 | 3.387843e+03 | 3.397210e+03 |   0.28%| unknown
L1196s|   137 |    68 |  1428k|9756.8 |    alns|  40 |1695 |  20k|  21k|4806 |  2 |  85 | 491 | 3.387843e+03 | 3.392853e+03 |   0.15%| unknown
 1533s|   200 |    85 |  1773k|8403.5 |   182M |  54 |1695 |  20k|  21k|5701 |  1 | 145 | 640 | 3.387843e+03 | 3.392853e+03 |   0.15%|   2.40%
*1970s|   294 |   117 |  2176k|7081.8 |strongbr|  72 |1695 |  20k|  21k|6495 |  2 | 211 | 912 | 3.387843e+03 | 3.392738e+03 |   0.14%|   3.08%
*1972s|   295 |   118 |  2179k|7066.9 |strongbr|  73 |1695 |  20k|  21k|6495 |  4 | 211 | 914 | 3.387843e+03 | 3.392726e+03 |   0.14%|   3.08%
*1991s|   299 |    98 |  2198k|7036.7 |    LP  |  73 |1695 |  20k|  21k|6495 |  2 | 216 | 931 | 3.387843e+03 | 3.392166e+03 |   0.13%|   3.16%
 time | node  | left  |LP iter|LP it/n|mem/heur|mdpt |vars |cons |rows |cuts |sepa|confs|strbr|  dualbound   | primalbound  |  gap   | compl. 
 1997s|   300 |    99 |  2205k|7037.5 |   187M |  73 |1695 |  20k|  21k|6495 |  8 | 220 | 937 | 3.387843e+03 | 3.392166e+03 |   0.13%|   3.16%
*2186s|   346 |    99 |  2386k|6623.8 |    LP  |  73 |1695 |  20k|  21k|6866 |  2 | 235 |1041 | 3.387861e+03 | 3.392135e+03 |   0.13%|   6.03%
 2403s|   400 |    95 |  2571k|6191.3 |   192M |  73 |1695 |  20k|  21k|7309 |  0 | 260 |1172 | 3.387869e+03 | 3.392135e+03 |   0.13%|   8.59%
 2742s|   500 |   111 |  2913k|5635.0 |   195M |  73 |1695 |  20k|  21k|8150 |  0 | 337 |1401 | 3.387875e+03 | 3.392135e+03 |   0.13%|   9.38%
 3151s|   600 |   125 |  3292k|5327.7 |   200M |  73 |1695 |  20k|  21k|8870 |  2 | 413 |1701 | 3.387923e+03 | 3.392135e+03 |   0.12%|  11.21%
*3222s|   617 |   122 |  3376k|5316.1 |    LP  |  73 |1695 |  20k|  21k|9150 |  9 | 423 |1728 | 3.387928e+03 | 3.391932e+03 |   0.12%|  11.50%
 3598s|   700 |   109 |  3687k|5131.1 |   203M |  73 |1695 |  20k|  21k|9805 |  0 | 519 |1975 | 3.387948e+03 | 3.391932e+03 |   0.12%|  14.34%
*3723s|   756 |   102 |  3833k|4943.1 |    LP  |  73 |1695 |  20k|  21k|  10k| 15 | 525 |2004 | 3.387948e+03 | 3.391752e+03 |   0.11%|  14.40%
 3898s|   800 |   106 |  3996k|4875.3 |   224M |  73 |1695 |  20k|  21k|  10k|  1 | 547 |2063 | 3.387957e+03 | 3.391752e+03 |   0.11%|  16.37%
 4186s|   900 |   122 |  4297k|4667.3 |   247M |  73 |1695 |  20k|  21k|  11k|  0 | 591 |2184 | 3.387957e+03 | 3.391752e+03 |   0.11%|  17.14%
 4696s|  1000 |   130 |  4818k|4722.3 |   257M |  73 |1695 |  20k|  21k|  13k|  1 | 679 |2397 | 3.387957e+03 | 3.391752e+03 |   0.11%|  20.03%
 5068s|  1100 |   136 |  5118k|4565.1 |   259M |  73 |1695 |  20k|  21k|  14k|  3 | 721 |2631 | 3.387957e+03 | 3.391752e+03 |   0.11%|  21.65%
 5532s|  1200 |   162 |  5572k|4562.9 |   279M |  73 |1695 |  20k|  21k|  15k|  1 | 769 |2800 | 3.387991e+03 | 3.391752e+03 |   0.11%|  24.66%
 6153s|  1300 |   194 |  5978k|4524.5 |   282M |  73 |1695 |  20k|  21k|  16k|  3 | 856 |3130 | 3.387991e+03 | 3.391752e+03 |   0.11%|  24.69%
 6459s|  1400 |   212 |  6252k|4396.9 |   286M |  73 |1695 |  20k|  21k|  17k|  1 | 909 |3243 | 3.388055e+03 | 3.391752e+03 |   0.11%|  25.35%
 time | node  | left  |LP iter|LP it/n|mem/heur|mdpt |vars |cons |rows |cuts |sepa|confs|strbr|  dualbound   | primalbound  |  gap   | compl. 
 6914s|  1500 |   230 |  6570k|4315.5 |   289M |  73 |1695 |  20k|  21k|  17k|  0 |1004 |3475 | 3.388063e+03 | 3.391752e+03 |   0.11%|  26.62%
 7294s|  1600 |   242 |  6892k|4246.9 |   293M |  73 |1695 |  20k|  21k|  18k|  4 |1038 |3596 | 3.388166e+03 | 3.391752e+03 |   0.11%|  28.64%
 8043s|  1700 |   240 |  7874k|4575.1 |   312M |  73 |1695 |  20k|  21k|  19k|  0 |1103 |3741 | 3.388193e+03 | 3.391752e+03 |   0.11%|  31.86%
 8462s|  1800 |   248 |  8266k|4538.6 |   323M |  73 |1695 |  20k|  21k|  21k|  2 |1133 |3855 | 3.388255e+03 | 3.391752e+03 |   0.10%|  35.61%
 9059s|  1900 |   254 |  8699k|4527.8 |   344M |  73 |1695 |  20k|  21k|  22k|  0 |1169 |4077 | 3.388379e+03 | 3.391752e+03 |   0.10%|  39.74%
 9767s|  2000 |   278 |  9139k|4521.2 |   355M |  73 |1695 |  20k|  21k|  23k|  2 |1206 |4362 | 3.388523e+03 | 3.391752e+03 |   0.10%|  41.57%
  176m|  2100 |   304 |  9616k|4533.1 |   361M |  73 |1695 |  20k|  21k|  24k|  0 |1320 |4736 | 3.388631e+03 | 3.391752e+03 |   0.09%|  43.93%
  185m|  2200 |   324 | 10062k|4529.8 |   372M |  73 |1695 |  20k|  21k|  25k|  2 |1345 |4821 | 3.388846e+03 | 3.391752e+03 |   0.09%|  45.55%
  196m|  2300 |   308 | 10578k|4557.3 |   408M |  73 |1695 |  20k|  21k|  26k|  0 |1377 |4891 | 3.388940e+03 | 3.391752e+03 |   0.08%|  48.48%
  207m|  2400 |   294 | 11107k|4587.9 |   433M |  73 |1695 |  20k|  21k|  27k|  6 |1434 |4982 | 3.389073e+03 | 3.391752e+03 |   0.08%|  52.21%
  214m|  2500 |   298 | 11527k|4572.3 |   444M |  73 |1695 |  20k|  21k|  28k|  0 |1466 |5038 | 3.389077e+03 | 3.391752e+03 |   0.08%|  53.22%
  223m|  2600 |   308 | 11977k|4569.6 |   458M |  73 |1695 |  20k|  21k|  29k| 11 |1552 |5262 | 3.389152e+03 | 3.391752e+03 |   0.08%|  54.48%
  238m|  2700 |   248 | 12610k|4634.8 |   471M |  73 |1695 |  20k|  23k|  29k|  0 |1566 |5306 | 3.389257e+03 | 3.391752e+03 |   0.07%|  64.83%

SCIP Status        : solving was interrupted [time limit reached]
Solving Time (sec) : 14400.00
Solving Nodes      : 2708
Primal Bound       : +3.39175210893136e+03 (34 solutions)
Dual Bound         : +3.38925847356917e+03
Gap                : 0.07 %

primal solution (original space):
=================================

objective value:                     3391.75210893136
z#1                                                 1 	(obj:0)
z#11                                0.999999999999278 	(obj:0)
z#12                                                1 	(obj:0)
z#14                                 1.00000000000062 	(obj:0)
z#17                                 1.00000000000108 	(obj:0)
z#18                                 1.00000000000057 	(obj:0)
z#23                                0.999999999998572 	(obj:0)
z#26                                0.999999999998893 	(obj:0)
z#27                                 0.99999999999697 	(obj:0)
z#34                                                1 	(obj:0)
z#35                                0.999999999999864 	(obj:0)
z#36                                                1 	(obj:0)
z#37                                                1 	(obj:0)
z#38                                                1 	(obj:0)
z#40                                                1 	(obj:0)
z#48                                0.999999999999387 	(obj:0)
z#69                                                1 	(obj:0)
z#70                                                1 	(obj:0)
z#76                                 1.00000000000074 	(obj:0)
z#77                                                1 	(obj:0)
z#79                                0.999999999993832 	(obj:0)
z#81                                0.999999999998887 	(obj:0)
z#94                                 1.00000000000241 	(obj:0)
z#106                                1.00000000000073 	(obj:0)
z#109                               0.999999999999287 	(obj:0)
z#115                                               1 	(obj:0)
z#120                                 1.0000000000011 	(obj:0)
z#122                               0.999999999999887 	(obj:0)
z#128                                               1 	(obj:0)
z#131                                               1 	(obj:0)
z#138                                               1 	(obj:0)
z#140                                1.00000000000487 	(obj:0)
z#147                                               1 	(obj:0)
z#148                                0.99999999999887 	(obj:0)
z#162                                               1 	(obj:0)
z#166                               0.999999999999005 	(obj:0)
z#170                                1.00000000000019 	(obj:0)
z#179                                               1 	(obj:0)
z#180                                               1 	(obj:0)
z#181                                               1 	(obj:0)
z#182                                               1 	(obj:0)
z#208                                               1 	(obj:0)
z#216                                               1 	(obj:0)
z#217                                               1 	(obj:0)
z#218                                               1 	(obj:0)
z#227                                1.00000000000934 	(obj:0)
z#231                                1.00000000000109 	(obj:0)
z#232                                               1 	(obj:0)
z#234                                               1 	(obj:0)
z#240                                               1 	(obj:0)
z#246                                1.00000000000067 	(obj:0)
z#247                                               1 	(obj:0)
z#249                               0.999999999998164 	(obj:0)
z#255                                1.00000000000134 	(obj:0)
z#256                                               1 	(obj:0)
z#263                                               1 	(obj:0)
z#264                                1.00000000000119 	(obj:0)
z#269                                               1 	(obj:0)
z#273                                1.00000000000015 	(obj:0)
z#278                               0.999999999999389 	(obj:0)
z#279                                               1 	(obj:0)
z#284                                1.00000000000067 	(obj:0)
z#285                                1.00000000000041 	(obj:0)
z#287                               0.999999999999048 	(obj:0)
z#301                                               1 	(obj:0)
z#302                                               1 	(obj:0)
z#304                                               1 	(obj:0)
z#312                                               1 	(obj:0)
z#320                                               1 	(obj:0)
z#321                                1.00000000000001 	(obj:0)
z#334                                               1 	(obj:0)
z#340                                1.00000000000019 	(obj:0)
z#344                                               1 	(obj:0)
z#348                                               1 	(obj:0)
z#350                                1.00000000000315 	(obj:0)
z#363                                               1 	(obj:0)
z#365                                               1 	(obj:0)
z#370                                               1 	(obj:0)
z#381                                               1 	(obj:0)
z#383                                               1 	(obj:0)
z#384                                               1 	(obj:0)
z#388                                1.00000000000004 	(obj:0)
z#390                                               1 	(obj:0)
z#397                                               1 	(obj:0)
z#398                                 1.0000000000004 	(obj:0)
z#401                               0.999999999999836 	(obj:0)
z#402                                               1 	(obj:0)
z#404                                1.00000000000043 	(obj:0)
z#405                                               1 	(obj:0)
z#409                                               1 	(obj:0)
z#421                               0.999999999999986 	(obj:0)
z#423                                1.00000000000181 	(obj:0)
z#427                                               1 	(obj:0)
z#437                                1.00000000000091 	(obj:0)
z#439                                               1 	(obj:0)
z#441                                               1 	(obj:0)
z#445                               0.999999999974738 	(obj:0)
z#448                               0.999999999997876 	(obj:0)
z#451                                               1 	(obj:0)
z#453                                               1 	(obj:0)
z#454                                               1 	(obj:0)
z#455                                               1 	(obj:0)
z#458                                 1.0000000000037 	(obj:0)
z#459                                               1 	(obj:0)
z#465                               0.999999999997398 	(obj:0)
z#467                                               1 	(obj:0)
z#468                                               1 	(obj:0)
z#469                                               1 	(obj:0)
z#471                                               1 	(obj:0)
z#475                                               1 	(obj:0)
z#477                               0.999999999996535 	(obj:0)
z#479                                               1 	(obj:0)
z#480                                               1 	(obj:0)
z#483                                0.99999999993868 	(obj:0)
z#491                                               1 	(obj:0)
z#497                               0.999999999998015 	(obj:0)
z#505                               0.999999999998266 	(obj:0)
z#511                                               1 	(obj:0)
z#514                                               1 	(obj:0)
z#516                                1.00000000000072 	(obj:0)
z#517                                               1 	(obj:0)
z#523                                               1 	(obj:0)
z#530                                               1 	(obj:0)
z#532                                               1 	(obj:0)
z#540                                               1 	(obj:0)
z#541                                               1 	(obj:0)
z#544                                               1 	(obj:0)
z#549                                               1 	(obj:0)
z#553                                               1 	(obj:0)
z#557                                0.99999999999997 	(obj:0)
z#560                                 1.0000000000005 	(obj:0)
z#561                               0.999999999994411 	(obj:0)
z#564                                               1 	(obj:0)
z#569                                1.00000000000012 	(obj:0)
z#570                                               1 	(obj:0)
z#576                                1.00000000000334 	(obj:0)
z#584                                1.00000000000022 	(obj:0)
z#587                                               1 	(obj:0)
z#595                                               1 	(obj:0)
z#597                                               1 	(obj:0)
z#600                                               1 	(obj:0)
z#607                                               1 	(obj:0)
z#612                                               1 	(obj:0)
z#618                                               1 	(obj:0)
z#620                                               1 	(obj:0)
z#637                                1.00000000000072 	(obj:0)
z#642                                               1 	(obj:0)
z#643                                1.00000000000424 	(obj:0)
z#666                                1.00000000000128 	(obj:0)
z#670                               0.999999999996389 	(obj:0)
z#680                               0.999999999999794 	(obj:0)
z#685                                               1 	(obj:0)
z#688                                               1 	(obj:0)
z#694                                               1 	(obj:0)
z#695                                               1 	(obj:0)
z#698                                1.00000000000143 	(obj:0)
z#706                                               1 	(obj:0)
z#707                               0.999999999998998 	(obj:0)
z#708                               0.999999999965061 	(obj:0)
z#709                                               1 	(obj:0)
z#711                                1.00000000000354 	(obj:0)
z#713                                               1 	(obj:0)
z#717                               0.999999999999187 	(obj:0)
z#721                               0.999999999997816 	(obj:0)
z#733                               0.999999999999266 	(obj:0)
z#734                                1.00000000000036 	(obj:0)
z#745                                1.00000000000591 	(obj:0)
z#753                               0.999999999996618 	(obj:0)
z#754                                               1 	(obj:0)
z#755                                               1 	(obj:0)
z#757                                1.00000000000365 	(obj:0)
z#761                                               1 	(obj:0)
z#762                                               1 	(obj:0)
z#767                                               1 	(obj:0)
z#772                                1.00000000000031 	(obj:0)
z#777                                               1 	(obj:0)
z#785                               0.999999999998441 	(obj:0)
z#786                                               1 	(obj:0)
z#790                               0.999999999998086 	(obj:0)
z#802                               0.999999999999097 	(obj:0)
z#811                                1.00000000000435 	(obj:0)
z#814                                0.99999999999911 	(obj:0)
z#822                                               1 	(obj:0)
z#844                                               1 	(obj:0)
z#848                                               1 	(obj:0)
z#850                                               1 	(obj:0)
z#861                                1.00000000000104 	(obj:0)
z#865                                0.99999999999909 	(obj:0)
z#868                                1.00000000000036 	(obj:0)
z#885                                1.00000000000011 	(obj:0)
z#892                                1.00000000000775 	(obj:0)
z#894                                               1 	(obj:0)
z#900                                               1 	(obj:0)
z#910                                               1 	(obj:0)
z#920                                               1 	(obj:0)
z#929                                1.00000000000432 	(obj:0)
z#931                                               1 	(obj:0)
z#933                                               1 	(obj:0)
z#941                                               1 	(obj:0)
z#949                                               1 	(obj:0)
z#969                                               1 	(obj:0)
z#974                                0.99999999999612 	(obj:0)
z#976                                               1 	(obj:0)
z#977                                0.99999999999965 	(obj:0)
z#986                               0.999999999982037 	(obj:0)
z#988                                               1 	(obj:0)
z#1006                                              1 	(obj:0)
z#1011                                              1 	(obj:0)
z#1026                                              1 	(obj:0)
z#1033                                              1 	(obj:0)
z#1034                              0.999999999999369 	(obj:0)
z#1041                               1.00000000000423 	(obj:0)
z#1044                               1.00000000000038 	(obj:0)
z#1047                                              1 	(obj:0)
z#1051                                              1 	(obj:0)
z#1054                                              1 	(obj:0)
z#1056                                              1 	(obj:0)
z#1061                                              1 	(obj:0)
z#1062                                              1 	(obj:0)
z#1066                              0.999999999998078 	(obj:0)
z#1069                               1.00000000000308 	(obj:0)
z#1072                               1.00000000000144 	(obj:0)
z#1090                                              1 	(obj:0)
z#1097                              0.999999999998482 	(obj:0)
z#1099                              0.999999999973412 	(obj:0)
z#1102                              0.999999999998628 	(obj:0)
z#1105                                              1 	(obj:0)
z#1111                               1.00000000000002 	(obj:0)
z#1114                                              1 	(obj:0)
z#1118                               0.99999999999524 	(obj:0)
z#1123                                              1 	(obj:0)
z#1132                              0.999999999999113 	(obj:0)
z#1140                                              1 	(obj:0)
z#1141                              0.999999999999622 	(obj:0)
z#1151                              0.999999999999654 	(obj:0)
z#1172                                              1 	(obj:0)
z#1181                              0.999999999998663 	(obj:0)
z#1184                                              1 	(obj:0)
z#1187                               1.00000000000098 	(obj:0)
z#1190                                              1 	(obj:0)
z#1199                                              1 	(obj:0)
z#1205                                              1 	(obj:0)
z#1206                               1.00000000000069 	(obj:0)
z#1207                                              1 	(obj:0)
z#1215                                              1 	(obj:0)
z#1216                                              1 	(obj:0)
z#1224                               1.00000000000132 	(obj:0)
z#1230                               1.00000000000055 	(obj:0)
z#1245                               1.00000000000614 	(obj:0)
z#1250                                              1 	(obj:0)
z#1251                                              1 	(obj:0)
z#1259                                              1 	(obj:0)
z#1262                               1.00000000000007 	(obj:0)
z#1263                                              1 	(obj:0)
z#1275                                              1 	(obj:0)
z#1278                                              1 	(obj:0)
z#1282                               1.00000000000211 	(obj:0)
z#1295                                              1 	(obj:0)
z#1309                              0.999999999999552 	(obj:0)
z#1317                                              1 	(obj:0)
z#1329                                              1 	(obj:0)
z#1331                                              1 	(obj:0)
z#1333                              0.999999999998604 	(obj:0)
z#1337                              0.999999999993105 	(obj:0)
z#1341                                              1 	(obj:0)
z#1347                              0.999999999918875 	(obj:0)
z#1351                                              1 	(obj:0)
z#1354                                              1 	(obj:0)
z#1359                                1.0000000000006 	(obj:0)
z#1370                                              1 	(obj:0)
z#1378                                              1 	(obj:0)
z#1388                              0.999999999999837 	(obj:0)
z#1391                                              1 	(obj:0)
z#1393                               1.00000000000052 	(obj:0)
z#1402                                              1 	(obj:0)
z#1407                                              1 	(obj:0)
z#1408                                              1 	(obj:0)
z#1423                              0.999999999999185 	(obj:0)
z#1424                               1.00000000000752 	(obj:0)
z#1430                               1.00000000000056 	(obj:0)
z#1431                                              1 	(obj:0)
z#1444                              0.999999999987949 	(obj:0)
z#1458                              0.999999999999759 	(obj:0)
z#1460                                              1 	(obj:0)
z#1471                                              1 	(obj:0)
z#1475                                              1 	(obj:0)
z#1483                                              1 	(obj:0)
z#1486                               1.00000000000274 	(obj:0)
z#1493                              0.999999999973573 	(obj:0)
z#1499                                1.0000000000052 	(obj:0)
z#1500                                              1 	(obj:0)
z#1508                                              1 	(obj:0)
z#1522                                              1 	(obj:0)
z#1528                               0.99999999999675 	(obj:0)
z#1538                               1.00000000000427 	(obj:0)
z#1540                                              1 	(obj:0)
z#1545                               1.00000000000014 	(obj:0)
z#1556                               1.00000000000072 	(obj:0)
z#1562                                              1 	(obj:0)
z#1565                                              1 	(obj:0)
z#1567                              0.999999999999504 	(obj:0)
z#1568                                              1 	(obj:0)
z#1578                               1.00000000000032 	(obj:0)
z#1583                              0.999999999997559 	(obj:0)
z#1585                                              1 	(obj:0)
z#1586                                              1 	(obj:0)
z#1593                                1.0000000000012 	(obj:0)
z#1594                                              1 	(obj:0)
z#1595                                              1 	(obj:0)
z#1598                                              1 	(obj:0)
z#1605                                              1 	(obj:0)
z#1607                                              1 	(obj:0)
z#1611                                              1 	(obj:0)
z#1616                               1.00000000000099 	(obj:0)
z#1619                               1.00000000000004 	(obj:0)
z#1623                                              1 	(obj:0)
z#1631                               1.00000000000467 	(obj:0)
z#1634                                              1 	(obj:0)
z#1636                                              1 	(obj:0)
z#1637                               1.00000000000081 	(obj:0)
z#1640                              0.999999999998207 	(obj:0)
z#1646                                              1 	(obj:0)
z#1647                              0.999999999970573 	(obj:0)
z#1653                                              1 	(obj:0)
z#1655                                              1 	(obj:0)
z#1657                               1.00000000000129 	(obj:0)
z#1665                                              1 	(obj:0)
z#1668                              0.999999999999882 	(obj:0)
z#1677                              0.999999999999071 	(obj:0)
z#1683                                              1 	(obj:0)
z#1684                              0.999999999996401 	(obj:0)
z#1688                                              1 	(obj:0)
z#1689                               1.00000000000079 	(obj:0)
z#1693                                              1 	(obj:0)
z#1694                                              1 	(obj:0)
z#1696                                              1 	(obj:0)
z#1709                                              1 	(obj:0)
z#1711                                              1 	(obj:0)
z#1722                                              1 	(obj:0)
z#1733                              0.999999999993956 	(obj:0)
z#1744                                              1 	(obj:0)
z#1746                                              1 	(obj:0)
z#1751                               1.00000000000025 	(obj:0)
z#1754                               1.00000000000039 	(obj:0)
z#1755                              0.999999999998868 	(obj:0)
z#1761                                              1 	(obj:0)
z#1772                                              1 	(obj:0)
z#1778                              0.999999999999245 	(obj:0)
z#1784                                              1 	(obj:0)
z#1785                                              1 	(obj:0)
z#1793                               0.99999999999787 	(obj:0)
z#1796                               1.00000000000119 	(obj:0)
z#1798                               0.99999999999912 	(obj:0)
z#1811                                              1 	(obj:0)
z#1812                               1.00000000000225 	(obj:0)
z#1820                                              1 	(obj:0)
z#1821                               1.00000000000005 	(obj:0)
z#1822                                              1 	(obj:0)
z#1833                              0.999999999992171 	(obj:0)
z#1842                                              1 	(obj:0)
z#1845                                              1 	(obj:0)
z#1853                              0.999999999991335 	(obj:0)
z#1864                                              1 	(obj:0)
z#1866                                              1 	(obj:0)
z#1871                                              1 	(obj:0)
z#1874                                              1 	(obj:0)
z#1879                                              1 	(obj:0)
z#1884                                              1 	(obj:0)
z#1888                                              1 	(obj:0)
z#1889                                              1 	(obj:0)
z#1890                                              1 	(obj:0)
z#1894                                              1 	(obj:0)
z#1900                                              1 	(obj:0)
z#1901                               1.00000000000199 	(obj:0)
z#1903                               1.00000000000037 	(obj:0)
z#1906                               1.00000000000268 	(obj:0)
z#1914                               1.00000000000086 	(obj:0)
z#1917                              0.999999999999781 	(obj:0)
z#1918                                              1 	(obj:0)
z#1921                              0.999999999996359 	(obj:0)
z#1923                                              1 	(obj:0)
z#1927                              0.999999999999915 	(obj:0)
z#1933                                              1 	(obj:0)
z#1935                                              1 	(obj:0)
z#1939                               1.00000000000016 	(obj:0)
z#1947                               0.99999999999436 	(obj:0)
z#1949                               1.00000000000029 	(obj:0)
z#1952                              0.999999999999615 	(obj:0)
z#1954                                              1 	(obj:0)
z#1957                                              1 	(obj:0)
z#1966                                              1 	(obj:0)
z#1972                               1.00000000000202 	(obj:0)
z#1973                               1.00000000000032 	(obj:0)
z#1980                                              1 	(obj:0)
z#1981                               1.00000000000048 	(obj:0)
z#1983                                              1 	(obj:0)
z#1985                                              1 	(obj:0)
z#1987                                              1 	(obj:0)
z#1990                                1.0000000000003 	(obj:0)
z#1997                               1.00000000000068 	(obj:0)
x#2                                  831.940679161749 	(obj:0.83)
x#5                                  91.9614711033289 	(obj:1.01)
x#6                                  502.695704908069 	(obj:0.85)
x#10                                 1032.94708863302 	(obj:0.83)
x#12                                 108.856400259892 	(obj:0.9)
x#19                                 943.017542723575 	(obj:0.81)
x#27                                 77.8992628992611 	(obj:0.92)
x#28                                 167.384830493884 	(obj:0.88)
x#31                                 197.292524889118 	(obj:0.88)
x#35                                 75.3526763381677 	(obj:0.92)
y#2#1                                115.199742268045 	(obj:0)
y#2#7                                78.7161829808199 	(obj:0)
y#2#10                               57.1477663230312 	(obj:0)
y#2#24                               96.3043478260809 	(obj:0)
y#2#25                               66.8392952482695 	(obj:0)
y#2#28                               74.3170731707303 	(obj:0)
y#2#37                               101.746361746362 	(obj:0)
y#2#41                               71.9211267605639 	(obj:0)
y#2#43                                77.676767676759 	(obj:0)
y#2#44                               92.0720151610882 	(obj:0)
y#5#4                                91.9614711033289 	(obj:0)
y#6#6                                90.4959159859961 	(obj:0)
y#6#14                               59.8679060665402 	(obj:0)
y#6#19                               54.2618806875627 	(obj:0)
y#6#30                                85.223955712131 	(obj:0)
y#6#34                               74.7478753541081 	(obj:0)
y#6#45                               65.4044665012407 	(obj:0)
y#6#47                               72.6937046004904 	(obj:0)
y#10#2                               99.0191897654573 	(obj:0)
y#10#5                               103.663303909205 	(obj:0)
y#10#9                               49.3824657534248 	(obj:0)
y#10#13                              111.639465875366 	(obj:0)
y#10#17                              80.4178591871827 	(obj:0)
y#10#20                              70.0898472596583 	(obj:0)
y#10#21                              85.3846153845997 	(obj:0)
y#10#22                                67.19298245614 	(obj:0)
y#10#23                               72.228882833755 	(obj:0)
y#10#29                              75.8798955613567 	(obj:0)
y#10#31                              70.5304010349314 	(obj:0)
y#10#35                              69.8407960198975 	(obj:0)
y#10#48                              77.6773835920486 	(obj:0)
y#12#11                              108.856400259892 	(obj:0)
y#19#0                               75.9100310238079 	(obj:0)
y#19#8                               87.9594345420973 	(obj:0)
y#19#16                               81.560247167879 	(obj:0)
y#19#26                              85.3912466843476 	(obj:0)
y#19#27                              100.415890751085 	(obj:0)
y#19#33                              65.4120397428401 	(obj:0)
y#19#36                              117.118763176391 	(obj:0)
y#19#38                              102.818753573469 	(obj:0)
y#19#40                              101.216828478963 	(obj:0)
y#19#46                              40.0771767809941 	(obj:0)
y#19#49                              85.1371308016994 	(obj:0)
y#27#3                               77.8992628992611 	(obj:0)
y#28#12                              92.9168817759403 	(obj:0)
y#28#15                              74.4679487179441 	(obj:0)
y#31#18                              72.5736359246786 	(obj:0)
y#31#32                              75.1948051948009 	(obj:0)
y#31#42                              49.5240837696384 	(obj:0)
y#35#39                              75.3526763381677 	(obj:0)
v#0                                  146.810000000045 	(obj:0)
v#1                                  178.790000000006 	(obj:0)
v#2                                  139.319999999998 	(obj:0)
v#3                                  126.819999999997 	(obj:0)
v#4                                  157.530000000002 	(obj:0)
v#5                                  164.409999999999 	(obj:0)
v#6                                  155.109999999997 	(obj:0)
v#7                                  160.030000000007 	(obj:0)
v#8                                  143.109999999992 	(obj:0)
v#9                                  90.1230000000002 	(obj:0)
v#10                                 116.410000000015 	(obj:0)
v#11                                 167.529999999974 	(obj:0)
v#12                                 179.979999999996 	(obj:0)
v#13                                 150.489999999994 	(obj:0)
v#14                                 122.370000000008 	(obj:0)
v#15                                 116.169999999993 	(obj:0)
v#16                                 158.390000000021 	(obj:0)
v#17                                 140.490000000008 	(obj:0)
v#18                                 150.300000000009 	(obj:0)
v#19                                 107.329999999999 	(obj:0)
v#20                                 156.019999999999 	(obj:0)
v#21                                 147.629999999973 	(obj:0)
v#22                                 118.729999999999 	(obj:0)
v#23                                  132.53999999994 	(obj:0)
v#24                                 181.629999999989 	(obj:0)
v#25                                 125.190000000009 	(obj:0)
v#26                                 128.769999999996 	(obj:0)
v#27                                 161.769999999998 	(obj:0)
v#28                                 152.349999999997 	(obj:0)
v#29                                 145.309999999998 	(obj:0)
v#30                                 169.340000000004 	(obj:0)
v#31                                 109.040000000004 	(obj:0)
v#32                                  179.48999999999 	(obj:0)
v#33                                 111.919999999999 	(obj:0)
v#34                                 131.930000000001 	(obj:0)
v#35                                 140.379999999994 	(obj:0)
v#36                                 166.660000000005 	(obj:0)
v#37                                           146.82 	(obj:0)
v#38                                 179.829999999998 	(obj:0)
v#39                                 150.629999999997 	(obj:0)
v#40                                 156.379999999999 	(obj:0)
v#41                                 127.660000000001 	(obj:0)
v#42                                 94.5910000000093 	(obj:0)
v#43                                 146.109999999984 	(obj:0)
v#44                                 145.750000000003 	(obj:0)
v#45                                           131.79 	(obj:0)
v#46                                 60.7569999999871 	(obj:0)
v#47                                  120.09000000001 	(obj:0)
v#48                                 140.130000000056 	(obj:0)
v#49                                 161.420000000022 	(obj:0)

Statistics
==========

SCIP Status        : solving was interrupted [time limit reached]
Total Time         :   14400.21
  solving          :   14400.00
  presolving       :       0.28 (included in solving)
  reading          :       0.21
  copying          :       0.35 (13 #copies) (minimal 0.02, maximal 0.03, average 0.03)
Original Problem   :
  Problem name     : CCRPData/40-50-2000-3
  Variables        : 4090 (2000 binary, 0 integer, 0 implicit integer, 2090 continuous)
  Constraints      : 20092 initial, 20092 maximal
  Objective        : minimize, 40 non-zeros (abs.min = 0.81, abs.max = 1.18)
Presolved Problem  :
  Problem name     : t_CCRPData/40-50-2000-3
  Variables        : 1695 (1639 binary, 0 integer, 0 implicit integer, 56 continuous)
  Constraints      : 19994 initial, 20976 maximal
  Objective        : minimize, 53 non-zeros (abs.min = 0.368664, abs.max = 1.01)
  Nonzeros         : 41626 constraint, 0 clique table
Presolvers         :   ExecTime  SetupTime  Calls  FixedVars   AggrVars   ChgTypes  ChgBounds   AddHoles    DelCons    AddCons   ChgSides   ChgCoefs
  boundshift       :       0.00       0.00      0          0          0          0          0          0          0          0          0          0
  convertinttobin  :       0.00       0.00      0          0          0          0          0          0          0          0          0          0
  domcol           :       0.04       0.00      1          0          0          0          0          0          0          0          0          0
  dualagg          :       0.00       0.00      0          0          0          0          0          0          0          0          0          0
  dualcomp         :       0.01       0.00      1          0          0          0          0          0          0          0          0          0
  dualinfer        :       0.00       0.00      0          0          0          0          0          0          0          0          0          0
  dualsparsify     :       0.03       0.00      1          0          0          0          0          0          0          0          0          0
  gateextraction   :       0.00       0.00      0          0          0          0          0          0          0          0          0          0
  implics          :       0.00       0.00      3          0          0          0          0          0          0          0          0          0
  inttobinary      :       0.00       0.00      0          0          0          0          0          0          0          0          0          0
  milp             :       0.08       0.00      1       1020         87          0          0          0      20080      19993          0          0
  qpkktref         :       0.00       0.00      0          0          0          0          0          0          0          0          0          0
  redvub           :       0.00       0.00      0          0          0          0          0          0          0          0          0          0
  sparsify         :       0.01       0.00      1          0          0          0          0          0          0          0          0          0
  stuffing         :       0.00       0.00      0          0          0          0          0          0          0          0          0          0
  trivial          :       0.00       0.00      5          0          0          0          0          0          0          0          0          0
  tworowbnd        :       0.00       0.00      0          0          0          0          0          0          0          0          0          0
  dualfix          :       0.00       0.00      5       1288          0          0          0          0          0          0          0          0
  genvbounds       :       0.00       0.00      0          0          0          0          0          0          0          0          0          0
  probing          :       0.01       0.00      1          0          0          0          0          0          0          0          0          0
  pseudoobj        :       0.00       0.00      0          0          0          0          0          0          0          0          0          0
  symmetry         :       0.00       0.00      1          0          0          0          0          0          0          0          0          0
  vbounds          :       0.00       0.00      0          0          0          0          0          0          0          0          0          0
  chancecons       :       0.00       0.00      0          0          0          0          0          0          0          0          0          0
  varbound         :       0.01       0.00      2          0          0          0          0          0          0          0          0          0
  knapsack         :       0.00       0.00      0          0          0          0          0          0          0          0          0          0
  linear           :       0.07       0.00      7          0          0          0         97          0         11          0          0          0
  logicor          :       0.00       0.00      0          0          0          0          0          0          0          0          0          0
  bounddisjunction :       0.00       0.00      0          0          0          0          0          0          0          0          0          0
  benders          :       0.00       0.00      0          0          0          0          0          0          0          0          0          0
  components       :       0.00       0.00      1          0          0          0          0          0          0          0          0          0
  root node        :          -          -      -         18          -          -         68          -          -          -          -          -
Constraints        :     Number  MaxNumber  #Separate #Propagate    #EnfoLP    #EnfoRelax  #EnfoPS    #Check   #ResProp    Cutoffs    DomReds       Cuts    Applied      Conss   Children
  benderslp        :          0          0          0          0       2330          0          0        414          0          0          0          0          0          0          0
  chancecons       :          1          1        667          0          0          0          0          0          0          0          0      32815      13322          0          0
  integral         :          0          0          0          0       2330          0          0        414          0          0       2016          0          0       1284       3026
  varbound         :      19989      19989         55      83975          4          0          0        409      10722          3      33276          0          0          0          0
  knapsack         :          1          1         55      83952          4          0          0         34          0         14          0          0          0          0          0
  linear           :          3+         5         55      83958          4          0          0         33        816         96       7126          0          0          0          0
  logicor          :          0+       368          0       3470          0          0          0          0         49          5         25          0          0          0          0
  bounddisjunction :          0+       628          0       8523          0          0          0          0        126          5        104          0          0          0          0
  benders          :          0          0          0          0          4          0          0         31          0          0          0          0          0          0          0
  fixedvar         :          0          0          0          0          4          0          0         31          0          0          0          0          0          0          0
  countsols        :          0          0          0          0          4          0          0         31          0          0          0          0          0          0          0
  components       :          0          0          0          0          0          0          0          0          0          0          0          0          0          0          0
Constraint Timings :  TotalTime  SetupTime   Separate  Propagate     EnfoLP     EnfoPS     EnfoRelax   Check    ResProp    SB-Prop
  benderslp        :       0.00       0.00       0.00       0.00       0.00       0.00       0.00       0.00       0.00       0.00
  chancecons       :       1.23       0.00       1.23       0.00       0.00       0.00       0.00       0.00       0.00       0.00
  integral         :    3663.60       0.00       0.00       0.00    3663.60       0.00       0.00       0.00       0.00       0.00
  varbound         :       2.39       0.00       0.07       1.28       0.00       0.00       0.00       0.03       0.00       1.00
  knapsack         :       1.32       0.00       1.20       0.08       0.00       0.00       0.00       0.00       0.00       0.04
  linear           :       0.22       0.00       0.00       0.13       0.00       0.00       0.00       0.00       0.00       0.08
  logicor          :       0.03       0.00       0.00       0.02       0.00       0.00       0.00       0.00       0.00       0.01
  bounddisjunction :       0.11       0.00       0.00       0.07       0.00       0.00       0.00       0.00       0.00       0.04
  benders          :       0.00       0.00       0.00       0.00       0.00       0.00       0.00       0.00       0.00       0.00
  fixedvar         :       0.01       0.00       0.00       0.00       0.00       0.00       0.00       0.01       0.00       0.00
  countsols        :       0.00       0.00       0.00       0.00       0.00       0.00       0.00       0.00       0.00       0.00
  components       :       0.01       0.00       0.00       0.01       0.00       0.00       0.00       0.00       0.00       0.01
Propagators        : #Propagate   #ResProp    Cutoffs    DomReds
  dualfix          :          5          0          0          0
  genvbounds       :          0          0          0          0
  nlobbt           :          0          0          0          0
  obbt             :          0          0          0          0
  probing          :          0          0          0          0
  pseudoobj        :      11736          0          0        184
  redcost          :       9097          0          0     193928
  rootredcost      :         13          0          0         18
  symmetry         :          0          0          0          0
  vbounds          :      47463          0          0          0
Propagator Timings :  TotalTime  SetupTime   Presolve  Propagate    ResProp    SB-Prop
  dualfix          :       0.00       0.00       0.00       0.00       0.00       0.00
  genvbounds       :       0.02       0.00       0.00       0.01       0.00       0.01
  nlobbt           :       0.00       0.00       0.00       0.00       0.00       0.00
  obbt             :       0.00       0.00       0.00       0.00       0.00       0.00
  probing          :       0.01       0.00       0.01       0.00       0.00       0.00
  pseudoobj        :       0.07       0.00       0.00       0.07       0.00       0.00
  redcost          :       0.64       0.00       0.00       0.64       0.00       0.01
  rootredcost      :       0.02       0.00       0.00       0.01       0.00       0.01
  symmetry         :       0.03       0.00       0.00       0.01       0.00       0.01
  vbounds          :       0.06       0.00       0.00       0.04       0.00       0.02
Symmetry           :
  orbitopal red.   :          0 reductions applied,          0 cutoffs
  orbital reduction:          0 reductions applied,          0 cutoffs
  lexicographic red:          0 reductions applied,          0 cutoffs
  shadow tree time :       0.00 s
Conflict Analysis  :       Time      Calls    Success    DomReds  Conflicts   Literals    Reconvs ReconvLits   Dualrays   Nonzeros   LP Iters   (pool size: [10000,10000])
  propagation      :       0.00         27         23          -        157       80.2          0        0.0          -          -          -
  infeasible LP    :       0.00          0          0          -          0        0.0          0        0.0          0        0.0          0
  bound exceed. LP :      10.35       2086       1048          -       3744       50.0          0        0.0         29        7.2      10327
  strong branching :       0.00          0          0          -          0        0.0          0        0.0          -          -          0
  pseudo solution  :       0.00          0          0          -          0        0.0          0        0.0          -          -          -
  applied globally :       0.04          -          -         26       1535       47.0          -          -         29          -          -
  applied locally  :          -          -          -          0          2      261.0          -          -          0          -          -
Separators         :   ExecTime  SetupTime      Calls  RootCalls    Cutoffs    DomReds  FoundCuts ViaPoolAdd  DirectAdd    Applied ViaPoolApp  DirectApp      Conss
  cut pool         :       0.46          -        919        110          -          -      27927     143272          -          -          -          -          -    (maximal pool size:      24347)
  aggregation      :       3.70       0.00        183         55          0          0      25891     135943          0      14807      14807          0          0
  > cmir           :          -          -          -          -          -          -          -     135864          0      14807      14807          0          -
  > flowcover      :          -          -          -          -          -          -          -         79          0          0          0          0          -
  > knapsackcover  :          -          -          -          -          -          -          -          0          0          0          0          0          -
  cgmip            :       0.00       0.00          0          0          0          0          0          0          0          0          0          0          0
  clique           :       0.00       0.00          1          1          0          0          0          0          0          0          0          0          0
  closecuts        :       0.00       0.00          0          0          0          0          0          0          0          0          0          0          0
  convexproj       :       0.00       0.00          0          0          0          0          0          0          0          0          0          0          0
  disjunctive      :       0.00       0.00          0          0          0          0          0          0          0          0          0          0          0
  eccuts           :       0.00       0.00          0          0          0          0          0          0          0          0          0          0          0
  gauge            :       0.00       0.00          0          0          0          0          0          0          0          0          0          0          0
  gomory           :      12.49       0.00        125         10          0          0       2036       7329          0       1346       1346          0          0
  > gomorymi       :          -          -          -          -          -          -          -       7329          0       1346       1346          0          -
  > strongcg       :          -          -          -          -          -          -          -          0          0          0          0          0          -
  impliedbounds    :       0.05       0.00        183         55          0          0          0          0          0          0          0          0          0
  interminor       :       0.00       0.00          0          0          0          0          0          0          0          0          0          0          0
  intobj           :       0.00       0.00          0          0          0          0          0          0          0          0          0          0          0
  lagromory        :       0.00       0.00          0          0          0          0          0          0          0          0          0          0          0
  mcf              :       0.00       0.00          1          1          0          0          0          0          0          0          0          0          0
  minor            :       0.00       0.00         10         10          0          0          0          0          0          0          0          0          0
  mixing           :       0.00       0.00          0          0          0          0          0          0          0          0          0          0          0
  oddcycle         :       0.00       0.00          0          0          0          0          0          0          0          0          0          0          0
  rapidlearning    :       0.00       0.00          0          0          0          0          0          0          0          0          0          0          0
  rlt              :       0.00       0.00         10         10          0          0          0          0          0          0          0          0          0
  zerohalf         :       0.18       0.00        135         20          0          0          0          0          0          0          0          0          0
Cutselectors       :   ExecTime  SetupTime      Calls  RootCalls   Selected     Forced   Filtered  RootSelec   RootForc   RootFilt 
  hybrid           :       0.32       0.00        776         56      29475          0     146612       3320          0      42213
  ensemble         :       0.00       0.00          0          0          0          0          0          0          0          0
  dynamic          :       0.00       0.00          0          0          0          0          0          0          0          0
Pricers            :   ExecTime  SetupTime      Calls       Vars
  problem variables:       0.00          -          0          0
Branching Rules    :   ExecTime  SetupTime   BranchLP  BranchExt   BranchPS    Cutoffs    DomReds       Cuts      Conss   Children
  allfullstrong    :       0.00       0.00          0          0          0          0          0          0          0          0
  cloud            :       0.00       0.00          0          0          0          0          0          0          0          0
  distribution     :       0.00       0.00          0          0          0          0          0          0          0          0
  fullstrong       :       0.00       0.00          0          0          0          0          0          0          0          0
  gomory           :       0.00       0.00          0          0          0          0          0          0          0          0
  inference        :       0.00       0.00          0          0          0          0          0          0          0          0
  leastinf         :       0.00       0.00          0          0          0          0          0          0          0          0
  lookahead        :       0.00       0.00          0          0          0          0          0          0          0          0
  mostinf          :       0.00       0.00          0          0          0          0          0          0          0          0
  multaggr         :       0.00       0.00          0          0          0          0          0          0          0          0
  nodereopt        :       0.00       0.00          0          0          0          0          0          0          0          0
  pscost           :       0.00       0.00          0          0          0          0          0          0          0          0
  random           :       0.00       0.00          0          0          0          0          0          0          0          0
  relpscost        :    3663.60       0.00       2326          0          0          0       2016          0       1356       3026
  vanillafullstrong:       0.00       0.00          0          0          0          0          0          0          0          0
Primal Heuristics  :   ExecTime  SetupTime      Calls      Found       Best
  LP solutions     :       0.00          -          -          4          4
  relax solutions  :       0.00          -          -          0          0
  pseudo solutions :       0.00          -          -          0          0
  strong branching :       0.02          -          -          2          2
  actconsdiving    :       0.00       0.00          0          0          0
  adaptivediving   :      47.66       0.00          8          0          0
  alns             :       0.44       0.00          5          4          4
  bound            :       0.00       0.00          0          0          0
  clique           :       0.00       0.00          0          0          0
  coefdiving       :       0.00       0.00          0          0          0
  completesol      :       0.00       0.00          0          0          0
  conflictdiving   :     111.39       0.00          5          0          0
  crossover        :       0.45       0.00          3          3          0
  dins             :       0.00       0.00          0          0          0
  distributiondivin:      36.74       0.00          5          0          0
  dps              :       0.00       0.00          0          0          0
  dualval          :       0.00       0.00          0          0          0
  farkasdiving     :       0.00       0.00          0          0          0
  feaspump         :      10.93       0.00          1          1          1
  fixandinfer      :       0.00       0.00          0          0          0
  fracdiving       :      49.62       0.00          5          1          1
  gins             :       0.01       0.00          0          0          0
  guideddiving     :      25.47       0.00          4          1          1
  indicator        :       0.00       0.00          0          0          0
  indicatordiving  :       0.00       0.00          0          0          0
  intdiving        :       0.00       0.00          0          0          0
  intshifting      :      16.04       0.00         20          1          1
  linesearchdiving :      40.25       0.00          4          0          0
  localbranching   :       0.00       0.00          0          0          0
  locks            :       0.06       0.00          1          1          1
  lpface           :       0.00       0.00          0          0          0
  mpec             :       0.00       0.00          0          0          0
  multistart       :       0.00       0.00          0          0          0
  mutation         :       0.00       0.00          0          0          0
  nlpdiving        :       0.00       0.00          0          0          0
  objpscostdiving  :     387.79       0.00          3          3          1
  octane           :       0.00       0.00          0          0          0
  ofins            :       0.00       0.00          0          0          0
  oneopt           :       0.02       0.00         14          0          0
  padm             :       0.00       0.00          0          0          0
  proximity        :       0.00       0.00          0          0          0
  pscostdiving     :      43.54       0.00          5          1          1
  randrounding     :       0.79       0.00        381          0          0
  rens             :       0.00       0.00          0          0          0
  reoptsols        :       0.00       0.00          0          0          0
  repair           :       0.00       0.00          0          0          0
  rins             :       2.14       0.00          5          5          0
  rootsoldiving    :      18.44       0.00          3          3          0
  rounding         :       1.28       0.00        757          0          0
  scheduler        :       0.00       0.00          0          0          0
  shiftandpropagate:       0.00       0.00          0          0          0
  shifting         :      10.66       0.00        686          4          0
  simplerounding   :       0.01       0.00          0          0          0
  subnlp           :       0.01       0.00          0          0          0
  trivial          :       0.00       0.00          2          0          0
  trivialnegation  :       0.00       0.00          0          0          0
  trustregion      :       0.00       0.00          0          0          0
  trysol           :       0.00       0.00          0          0          0
  twoopt           :       0.00       0.00          0          0          0
  undercover       :       0.00       0.00          0          0          0
  vbounds          :       0.02       0.00          1          0          0
  veclendiving     :      41.52       0.00          5          0          0
  zeroobj          :       0.00       0.00          0          0          0
  zirounding       :       1.12       0.00       1000          0          0
  other solutions  :          -          -          -          0          -
LNS (Scheduler)    :      Calls  SetupTime  SolveTime SolveNodes       Sols       Best       Exp3    Exp3-IX  EpsGreedy        UCB TgtFixRate  Opt  Inf Node Stal  Sol  Usr Othr Actv
  rens             :          0       0.00       0.00          0          0          0    0.00000    0.12500   -1.00000    1.00000      0.900    0    0    0    0    0    0    0    1
  rins             :          0       0.00       0.00          0          0          0    0.00000    0.12500   -1.00000    1.00000      0.900    0    0    0    0    0    0    0    1
  mutation         :          0       0.00       0.00          0          0          0    0.00000    0.12500   -1.00000    1.00000      0.900    0    0    0    0    0    0    0    1
  localbranching   :          0       0.00       0.00          0          0          0    0.00000    0.12500   -1.00000    1.00000      0.900    0    0    0    0    0    0    0    1
  crossover        :          0       0.00       0.00          0          0          0    0.00000    0.12500   -1.00000    1.00000      0.900    0    0    0    0    0    0    0    1
  proximity        :          0       0.00       0.00          0          0          0    0.00000    0.12500   -1.00000    1.00000      0.900    0    0    0    0    0    0    0    1
  zeroobjective    :          0       0.00       0.00          0          0          0    0.00000    0.12500   -1.00000    1.00000      0.900    0    0    0    0    0    0    0    1
  dins             :          0       0.00       0.00          0          0          0    0.00000    0.12500   -1.00000    1.00000      0.900    0    0    0    0    0    0    0    1
  trustregion      :          0       0.00       0.00          0          0          0    0.00000    0.00000   -1.00000    1.00000      0.900    0    0    0    0    0    0    0    0
LP                 :       Time      Calls Iterations  Iter/call   Iter/sec  Time-0-It Calls-0-It    ItLimit
  primal LP        :       0.62        332          0       0.00       0.00       0.62        332
  dual LP          :    9853.72       7814   10966689    2628.64    1112.95       9.76       3642
  lex dual LP      :       0.00          0          0       0.00          -
  barrier LP       :       0.00          0          0       0.00          -       0.00          0
  resolve instable :       0.00          0          0       0.00          -
  diving/probing LP:     927.23       2569    1723351     670.83    1858.59
  strong branching :    3539.59       5306    3518830     663.18     994.14          -          -       5555
    (at root node) :          -         20      19660     983.00          -
  conflict analysis:       8.74       1042      10327       9.91    1181.28
B&B Tree           :
  number of runs   :          1
  nodes            :       2708 (1513 internal, 1195 leaves)
  feasible leaves  :          4
  infeas. leaves   :          2
  objective leaves :       1188
  nodes (total)    :       2708 (1513 internal, 1195 leaves)
  nodes left       :        243
  max depth        :         73
  max depth (total):         73
  backtracks       :        550 (20.3%)
  early backtracks :          0 (0.0%)
  nodes exc. ref.  :          0 (0.0%)
  delayed cutoffs  :          0
  repropagations   :        136 (39 domain reductions, 0 cutoffs)
  avg switch length:       5.26
  switching time   :       1.59
Root Node          :
  First LP value   : +3.20166464392235e+03
  First LP Iters   :       3195 (4148.68 Iter/sec)
  First LP Time    :       0.77
  Final Dual Bound : +3.38782407566779e+03
  Final Root Iters :     101362
  Root LP Estimate : +3.39652611690697e+03
Solution           :
  Solutions found  :         34 (17 improvements)
  First Solution   : +3.50725235660912e+03   (in run 1, after 1 nodes, 0.37 seconds, depth 401, found by <locks>)
  Gap First Sol.   :      26.96 %
  Gap Last Sol.    :       0.11 %
  Primal Bound     : +3.39175210893136e+03   (in run 1, after 756 nodes, 3722.69 seconds, depth 40, found by <relaxation>)
  Dual Bound       : +3.38925847356917e+03
  Gap              :       0.07 %
Integrals          :      Total       Avg%
  primal-dual      :    2129.81       0.15
  primal-ref       :          -          - (not evaluated)
  dual-ref         :          -          - (not evaluated)

 Branching Statistics...

 Total number of propagations -> 0

 Number of cutoffs of KnaCons -> 0

 Total number of variables fixed to 1 by the propagator -> 0

 Total number of variables fixed to 0 by the propagator -> 0

 Maximum number of rounds of the approximation algorithm -> 0

 Runtime of the exact algorithm -> 0.0000 s

 Total number of variables fixed to 1 in the exact algorithm -> 0

 Total number of variables fixed to 0 in the exact algorithm -> 0

 Number of cutoffs in the exact algorithm -> 0

 Number of cutoffs in the approximation algorithm -> 0

 PS:  
