Set parameter TimeLimit to value 14400
Set parameter Threads to value 1
Set parameter MIPGap to value 0
Set parameter OutputFlag to value 1
Gurobi Optimizer version 12.0.3 build v12.0.3rc0 (linux64 - "CentOS Linux 7 (Core)")

CPU model: Intel(R) Xeon(R) Gold 6230R CPU @ 2.10GHz, instruction set [SSE2|AVX|AVX2|AVX512]
Thread count: 52 physical cores, 52 logical processors, using up to 1 threads

Non-default parameters:
TimeLimit  14400
MIPGap  0
Threads  1

Optimize a model with 10521 rows, 11030 columns and 22085 nonzeros
Model fingerprint: 0x4fe5641c
Variable types: 10020 continuous, 1010 integer (1010 binary)
Coefficient statistics:
  Matrix range     [1e-03, 8e+02]
  Objective range  [4e-04, 1e+03]
  Bounds range     [1e+02, 7e+02]
  RHS range        [5e-02, 8e+02]
Found heuristic solution: objective 12338.108245
Presolve removed 9992 rows and 10323 columns
Presolve time: 0.02s
Presolved: 529 rows, 707 columns, 2261 nonzeros
Variable types: 523 continuous, 184 integer (184 binary)

Root relaxation: objective 7.128563e+03, 213 iterations, 0.00 seconds (0.00 work units)

    Nodes    |    Current Node    |     Objective Bounds      |     Work
 Expl Unexpl |  Obj  Depth IntInf | Incumbent    BestBd   Gap | It/Node Time

     0     0 7128.56326    0   87 12338.1082 7128.56326  42.2%     -    0s
H    0     0                    10061.912674 7128.56326  29.2%     -    0s
     0     0 7468.04338    0   75 10061.9127 7468.04338  25.8%     -    0s
H    0     0                    9634.3921745 7470.96020  22.5%     -    0s
     0     0 7470.96020    0   74 9634.39217 7470.96020  22.5%     -    0s
     0     0 7605.27854    0   67 9634.39217 7605.27854  21.1%     -    0s
H    0     0                    9190.3816604 7607.91997  17.2%     -    0s
     0     0 7676.01550    0   68 9190.38166 7676.01550  16.5%     -    0s
     0     0 7676.29910    0   67 9190.38166 7676.29910  16.5%     -    0s
     0     0 7676.32706    0   68 9190.38166 7676.32706  16.5%     -    0s
     0     0 7802.74860    0   76 9190.38166 7802.74860  15.1%     -    0s
H    0     0                    8889.6642410 7802.94937  12.2%     -    0s
     0     0 7819.59261    0   78 8889.66424 7819.59261  12.0%     -    0s
     0     0 7826.98975    0   81 8889.66424 7826.98975  12.0%     -    0s
     0     0 7833.62021    0   81 8889.66424 7833.62021  11.9%     -    0s
     0     0 7838.85494    0   83 8889.66424 7838.85494  11.8%     -    0s
     0     0 7841.57270    0   83 8889.66424 7841.57270  11.8%     -    0s
     0     0 7845.50818    0   84 8889.66424 7845.50818  11.7%     -    0s
     0     0 7847.94835    0   84 8889.66424 7847.94835  11.7%     -    0s
     0     0 7850.95112    0   84 8889.66424 7850.95112  11.7%     -    0s
     0     0 7850.95610    0   84 8889.66424 7850.95610  11.7%     -    0s
     0     0 7895.49407    0   85 8889.66424 7895.49407  11.2%     -    0s
     0     0 7904.95947    0   86 8889.66424 7904.95947  11.1%     -    0s
     0     0 7906.50160    0   84 8889.66424 7906.50160  11.1%     -    0s
     0     0 7907.34772    0   88 8889.66424 7907.34772  11.1%     -    0s
     0     0 7907.62314    0   87 8889.66424 7907.62314  11.0%     -    0s
     0     0 7913.91398    0   80 8889.66424 7913.91398  11.0%     -    0s
     0     0 7914.77481    0   80 8889.66424 7914.77481  11.0%     -    0s
     0     0 7915.12163    0   84 8889.66424 7915.12163  11.0%     -    0s
     0     0 7919.85610    0   82 8889.66424 7919.85610  10.9%     -    0s
     0     0 7923.76645    0   79 8889.66424 7923.76645  10.9%     -    0s
     0     0 7925.24010    0   88 8889.66424 7925.24010  10.8%     -    0s
     0     0 7925.63250    0   87 8889.66424 7925.63250  10.8%     -    0s
     0     0 7930.51075    0   81 8889.66424 7930.51075  10.8%     -    0s
     0     0 7932.02864    0   85 8889.66424 7932.02864  10.8%     -    0s
     0     0 7932.47584    0   85 8889.66424 7932.47584  10.8%     -    0s
     0     0 7936.93262    0   78 8889.66424 7936.93262  10.7%     -    0s
     0     0 7938.85311    0   82 8889.66424 7938.85311  10.7%     -    0s
     0     0 7939.30369    0   84 8889.66424 7939.30369  10.7%     -    0s
     0     0 7945.73941    0   76 8889.66424 7945.73941  10.6%     -    0s
     0     0 7947.47470    0   84 8889.66424 7947.47470  10.6%     -    0s
     0     0 7947.86140    0   80 8889.66424 7947.86140  10.6%     -    0s
     0     0 7956.42861    0   80 8889.66424 7956.42861  10.5%     -    0s
     0     0 7961.33915    0   85 8889.66424 7961.33915  10.4%     -    0s
     0     0 7961.83828    0   83 8889.66424 7961.83828  10.4%     -    0s
     0     0 7962.00851    0   85 8889.66424 7962.00851  10.4%     -    0s
     0     0 7969.45650    0   74 8889.66424 7969.45650  10.4%     -    0s
     0     0 7970.10862    0   76 8889.66424 7970.10862  10.3%     -    0s
     0     0 7970.30582    0   75 8889.66424 7970.30582  10.3%     -    0s
     0     0 7972.03765    0   82 8889.66424 7972.03765  10.3%     -    0s
     0     0 7972.28799    0   82 8889.66424 7972.28799  10.3%     -    0s
H    0     0                    8395.1567702 7972.52603  5.03%     -    0s
     0     2 7974.76587    0   82 8395.15677 7974.76587  5.01%     -    0s
H   54    48                    8299.1526736 8035.29096  3.18%  32.7    0s
*   74    63              50    8278.4833338 8035.29096  2.94%  26.5    0s
H  865   410                    8269.9051147 8157.91304  1.35%  29.9    2s
H  882   392                    8257.1504021 8157.91304  1.20%  29.8    2s
H  882   371                    8255.0560277 8157.91304  1.18%  29.8    2s
H  882   348                    8245.9847028 8157.91304  1.07%  29.8    2s
H  889   325                    8240.4837090 8157.91304  1.00%  29.6    2s
* 1047   284              36    8237.8539805 8207.33114  0.37%  30.4    3s

Cutting planes:
  Implied bound: 2
  MIR: 130
  Flow cover: 100
  Relax-and-lift: 81

Explored 1285 nodes (42646 simplex iterations) in 3.57 seconds (2.30 work units)
Thread count was 1 (of 52 available processors)

Solution count 10: 8237.85 8240.48 8245.98 ... 8889.66

Optimal solution found (tolerance 0.00e+00)
Best objective 8.237853980470e+03, best bound 8.237853980470e+03, gap 0.0000%

User-callback calls 4412, time in user-callback 0.00 sec
Instance: data/CCLSData/10-1000-3.ccls
Setting: BASE-MIX
Epsilon: 0.05
Dimension: 10
NumScenario: 1000
NumAggScenario: 1000
BasicNumScenario: 175
NumBasicDomIneqs: 0
NumNonReDomIneqs: 0
NumEdge:        180874
NumBiEdge:      0
NumDomIneqs:    180874
DominanceRatio: 0.3621
MixingCuts: off
MixingScope: root
DominanceLazy: 0
TerminationStatus: OPTIMAL
PrimalStatus: FEASIBLE_POINT
RawStatus: Model was solved to optimality (subject to tolerances), and an optimal solution is available.
SolvingTime: 3.573202133178711
NodeCount: 1285
MixingCutsSubmitted: 0
ObjectiveValue: 8237.853980470005
ObjectiveBound: 8237.853980470005
RelativeGap: 0.0
