Set parameter TimeLimit to value 14400
Set parameter Threads to value 1
Set parameter MIPGap to value 0
Set parameter OutputFlag to value 1
Gurobi Optimizer version 12.0.3 build v12.0.3rc0 (linux64 - "CentOS Linux 7 (Core)")

CPU model: Intel(R) Xeon(R) Gold 6230R CPU @ 2.10GHz, instruction set [SSE2|AVX|AVX2|AVX512]
Thread count: 52 physical cores, 52 logical processors, using up to 1 threads

Non-default parameters:
TimeLimit  14400
MIPGap  0
Threads  1

Optimize a model with 5511 rows, 6015 columns and 12030 nonzeros
Model fingerprint: 0xb188caf7
Variable types: 5010 continuous, 1005 integer (1005 binary)
Coefficient statistics:
  Matrix range     [1e-03, 5e+02]
  Objective range  [9e-05, 4e+02]
  Bounds range     [9e+01, 3e+02]
  RHS range        [1e-01, 5e+02]
Found heuristic solution: objective 4880.0868712
Presolve removed 4997 rows and 5255 columns
Presolve time: 0.02s
Presolved: 514 rows, 760 columns, 2274 nonzeros
Variable types: 500 continuous, 260 integer (260 binary)

Root relaxation: objective 3.197791e+03, 326 iterations, 0.00 seconds (0.00 work units)

    Nodes    |    Current Node    |     Objective Bounds      |     Work
 Expl Unexpl |  Obj  Depth IntInf | Incumbent    BestBd   Gap | It/Node Time

     0     0 3197.79107    0  153 4880.08687 3197.79107  34.5%     -    0s
H    0     0                    4119.7689760 3197.79107  22.4%     -    0s
H    0     0                    3828.2079760 3197.79107  16.5%     -    0s
     0     0 3326.55570    0  137 3828.20798 3326.55570  13.1%     -    0s
H    0     0                    3532.0888182 3331.73636  5.67%     -    0s
     0     0 3402.86705    0  130 3532.08882 3402.86705  3.66%     -    0s
H    0     0                    3509.7768987 3403.18691  3.04%     -    0s
     0     0 3403.89034    0  130 3509.77690 3403.89034  3.02%     -    0s
     0     0 3420.69577    0  115 3509.77690 3420.69577  2.54%     -    0s
     0     0 3421.97120    0  115 3509.77690 3421.97120  2.50%     -    0s
     0     0 3421.97127    0  115 3509.77690 3421.97127  2.50%     -    0s
     0     0 3427.76720    0  100 3509.77690 3427.76720  2.34%     -    0s
     0     0 3428.17080    0  110 3509.77690 3428.17080  2.33%     -    0s
     0     0 3428.32164    0  109 3509.77690 3428.32164  2.32%     -    0s
     0     0 3429.95242    0  109 3509.77690 3429.95242  2.27%     -    0s
     0     0 3430.64003    0  109 3509.77690 3430.64003  2.25%     -    0s
     0     2 3430.64003    0  109 3509.77690 3430.64003  2.25%     -    0s
*  151    32              16    3505.4365659 3474.06082  0.90%  12.9    0s

Cutting planes:
  Gomory: 1
  Implied bound: 2
  MIR: 185
  Relax-and-lift: 433

Explored 234 nodes (3489 simplex iterations) in 0.40 seconds (0.26 work units)
Thread count was 1 (of 52 available processors)

Solution count 6: 3505.44 3509.78 3532.09 ... 4880.09

Optimal solution found (tolerance 0.00e+00)
Best objective 3.505436565948e+03, best bound 3.505436565948e+03, gap 0.0000%

User-callback calls 996, time in user-callback 0.00 sec
Instance: data/CCLSData/5-1000-0.ccls
Setting: BASE-MIX
Epsilon: 0.1
Dimension: 5
NumScenario: 1000
NumAggScenario: 1000
BasicNumScenario: 256
NumBasicDomIneqs: 0
NumNonReDomIneqs: 0
NumEdge:        249300
NumBiEdge:      0
NumDomIneqs:    249300
DominanceRatio: 0.4991
MixingCuts: off
MixingScope: root
DominanceLazy: 0
TerminationStatus: OPTIMAL
PrimalStatus: FEASIBLE_POINT
RawStatus: Model was solved to optimality (subject to tolerances), and an optimal solution is available.
SolvingTime: 0.40270090103149414
NodeCount: 234
MixingCutsSubmitted: 0
ObjectiveValue: 3505.4365659479668
ObjectiveBound: 3505.4365659479627
RelativeGap: 0.0
