Set parameter TimeLimit to value 14400
Set parameter Threads to value 1
Set parameter MIPGap to value 0
Set parameter OutputFlag to value 1
Gurobi Optimizer version 12.0.3 build v12.0.3rc0 (linux64 - "CentOS Linux 7 (Core)")

CPU model: Intel(R) Xeon(R) Gold 6230R CPU @ 2.10GHz, instruction set [SSE2|AVX|AVX2|AVX512]
Thread count: 52 physical cores, 52 logical processors, using up to 1 threads

Non-default parameters:
TimeLimit  14400
MIPGap  0
Threads  1

Optimize a model with 5261 rows, 6015 columns and 11530 nonzeros
Model fingerprint: 0x24c7e829
Variable types: 5010 continuous, 1005 integer (1005 binary)
Coefficient statistics:
  Matrix range     [1e-03, 4e+02]
  Objective range  [7e-04, 1e+03]
  Bounds range     [9e+01, 4e+02]
  RHS range        [5e-02, 4e+02]
Found heuristic solution: objective 6893.6107816
Presolve removed 4997 rows and 5616 columns
Presolve time: 0.01s
Presolved: 264 rows, 399 columns, 1163 nonzeros
Variable types: 258 continuous, 141 integer (141 binary)

Root relaxation: objective 4.066307e+03, 128 iterations, 0.00 seconds (0.00 work units)

    Nodes    |    Current Node    |     Objective Bounds      |     Work
 Expl Unexpl |  Obj  Depth IntInf | Incumbent    BestBd   Gap | It/Node Time

     0     0 4066.30720    0   72 6893.61078 4066.30720  41.0%     -    0s
H    0     0                    6536.2716982 4066.30720  37.8%     -    0s
H    0     0                    5665.1989946 4066.30720  28.2%     -    0s
H    0     0                    5042.9117341 4066.30720  19.4%     -    0s
     0     0 4228.96364    0   55 5042.91173 4228.96364  16.1%     -    0s
H    0     0                    4580.2487988 4237.15103  7.49%     -    0s
     0     0 4304.04988    0   55 4580.24880 4304.04988  6.03%     -    0s
     0     0 4304.85726    0   54 4580.24880 4304.85726  6.01%     -    0s
     0     0 4376.06308    0   49 4580.24880 4376.06308  4.46%     -    0s
     0     0 4376.28297    0   44 4580.24880 4376.28297  4.45%     -    0s
     0     0 4416.28246    0   60 4580.24880 4416.28246  3.58%     -    0s
H    0     0                    4545.9663562 4416.54648  2.85%     -    0s
     0     0 4430.01505    0   57 4545.96636 4430.01505  2.55%     -    0s
     0     0 4441.82898    0   49 4545.96636 4441.82898  2.29%     -    0s
     0     0 4443.40030    0   48 4545.96636 4443.40030  2.26%     -    0s
     0     0 4444.11760    0   49 4545.96636 4444.11760  2.24%     -    0s
     0     0 4444.28249    0   49 4545.96636 4444.28249  2.24%     -    0s
     0     0 4446.35893    0   54 4545.96636 4446.35893  2.19%     -    0s
     0     0 4448.18784    0   55 4545.96636 4448.18784  2.15%     -    0s
     0     0 4448.51553    0   55 4545.96636 4448.51553  2.14%     -    0s
     0     0 4452.45978    0   49 4545.96636 4452.45978  2.06%     -    0s
     0     0 4453.53732    0   52 4545.96636 4453.53732  2.03%     -    0s
     0     0 4454.16297    0   53 4545.96636 4454.16297  2.02%     -    0s
     0     0 4454.22577    0   53 4545.96636 4454.22577  2.02%     -    0s
     0     0 4457.51933    0   54 4545.96636 4457.51933  1.95%     -    0s
     0     0 4458.31731    0   52 4545.96636 4458.31731  1.93%     -    0s
     0     0 4458.61151    0   53 4545.96636 4458.61151  1.92%     -    0s
     0     0 4458.62428    0   53 4545.96636 4458.62428  1.92%     -    0s
     0     0 4460.74032    0   47 4545.96636 4460.74032  1.87%     -    0s
     0     0 4461.92869    0   52 4545.96636 4461.92869  1.85%     -    0s
     0     0 4461.99821    0   51 4545.96636 4461.99821  1.85%     -    0s
     0     0 4463.74726    0   49 4545.96636 4463.74726  1.81%     -    0s
H    0     0                    4544.5099101 4463.74726  1.78%     -    0s
H    0     0                    4530.1334497 4463.74726  1.47%     -    0s
     0     0 4474.65006    0   33 4530.13345 4474.65006  1.22%     -    0s
     0     0 4476.69249    0   41 4530.13345 4476.69249  1.18%     -    0s
     0     0 4477.06415    0   40 4530.13345 4477.06415  1.17%     -    0s
     0     0 4477.13571    0   40 4530.13345 4477.13571  1.17%     -    0s
     0     0 4482.33752    0   36 4530.13345 4482.33752  1.06%     -    0s
H    0     0                    4518.4023828 4482.33752  0.80%     -    0s
     0     0 4484.26046    0   38 4518.40238 4484.26046  0.76%     -    0s
     0     0 4484.51534    0   34 4518.40238 4484.51534  0.75%     -    0s
     0     0 4484.94086    0   37 4518.40238 4484.94086  0.74%     -    0s
     0     0 4484.97319    0   36 4518.40238 4484.97319  0.74%     -    0s
     0     0 4486.31922    0   30 4518.40238 4486.31922  0.71%     -    0s
     0     0 4488.32335    0   37 4518.40238 4488.32335  0.67%     -    0s
     0     0 4489.07859    0   37 4518.40238 4489.07859  0.65%     -    0s
     0     0 4489.21820    0   38 4518.40238 4489.21820  0.65%     -    0s
     0     0 4490.20804    0   33 4518.40238 4490.20804  0.62%     -    0s
     0     0 4491.30095    0   35 4518.40238 4491.30095  0.60%     -    0s
     0     0 4491.47665    0   35 4518.40238 4491.47665  0.60%     -    0s
     0     0 4492.32200    0   31 4518.40238 4492.32200  0.58%     -    0s
     0     0 4492.76452    0   34 4518.40238 4492.76452  0.57%     -    0s
     0     0 4493.16752    0   35 4518.40238 4493.16752  0.56%     -    0s
     0     0 4493.22428    0   35 4518.40238 4493.22428  0.56%     -    0s
     0     0 4494.18255    0   34 4518.40238 4494.18255  0.54%     -    0s
     0     0 4494.19755    0   33 4518.40238 4494.19755  0.54%     -    0s
     0     0 4494.19755    0   33 4518.40238 4494.19755  0.54%     -    0s
     0     0 4494.19755    0   16 4518.40238 4494.19755  0.54%     -    0s
H    0     0                    4505.5784668 4494.19755  0.25%     -    0s
     0     0 4501.41640    0   20 4505.57847 4501.41640  0.09%     -    0s
     0     0 4505.41435    0    9 4505.57847 4505.41435  0.00%     -    0s

Cutting planes:
  Gomory: 6
  MIR: 19
  Relax-and-lift: 20

Explored 1 nodes (1322 simplex iterations) in 0.28 seconds (0.11 work units)
Thread count was 1 (of 52 available processors)

Solution count 10: 4505.58 4518.4 4530.13 ... 6893.61

Optimal solution found (tolerance 0.00e+00)
Best objective 4.505578466768e+03, best bound 4.505578466768e+03, gap 0.0000%

User-callback calls 667, time in user-callback 0.00 sec
Instance: data/CCLSData/5-1000-3.ccls
Setting: BASE-MIX
Epsilon: 0.05
Dimension: 5
NumScenario: 1000
NumAggScenario: 1000
BasicNumScenario: 137
NumBasicDomIneqs: 0
NumNonReDomIneqs: 0
NumEdge:        241843
NumBiEdge:      0
NumDomIneqs:    241843
DominanceRatio: 0.4842
MixingCuts: off
MixingScope: root
DominanceLazy: 0
TerminationStatus: OPTIMAL
PrimalStatus: FEASIBLE_POINT
RawStatus: Model was solved to optimality (subject to tolerances), and an optimal solution is available.
SolvingTime: 0.2754390239715576
NodeCount: 1
MixingCutsSubmitted: 0
ObjectiveValue: 4505.578466768
ObjectiveBound: 4505.578466768
RelativeGap: 0.0
