***************************************
*         SCIP-based CCP Solver       *
*                                     *
*    Wei Lv and Wei-Kun Chen (2024)   *
***************************************
/share/home/wangzhaowei/lvwei/scipoptsuite-9.1.0/build/bin/examples/ccp -f CCRPData/20-30-2000-3.ccrp -s CCRPSetting/DB-OPF15.set 
SCIP version 9.1.0 [precision: 8 byte] [memory: block] [mode: optimized] [LP solver: Soplex 7.1.0] [GitHash: 8cab0278ba]
Copyright (c) 2002-2024 Zuse Institute Berlin (ZIB)

External libraries: 
  Soplex 7.1.0         Linear Programming Solver developed at Zuse Institute Berlin (soplex.zib.de) [GitHash: 595bfac9]
  CppAD 20180000.0     Algorithmic Differentiation of C++ algorithms developed by B. Bell (github.com/coin-or/CppAD)
  ZLIB 1.2.7           General purpose compression library by J. Gailly and M. Adler (zlib.net)
  GMP 6.0.0            GNU Multiple Precision Arithmetic Library developed by T. Granlund (gmplib.org)
  AMPL/MP 690e9e7      AMPL .nl file reader library (github.com/ampl/mp)
  PaPILO 2.3.0         parallel presolve for integer and linear optimization (github.com/scipopt/papilo) (built with TBB) [GitHash: 4b8ce6ed]
  Nauty 2.8.8          Computing Graph Automorphism Groups by Brendan D. McKay (users.cecs.anu.edu.au/~bdm/nauty)
  sassy 1.1            Symmetry preprocessor by Markus Anders (github.com/markusa4/sassy)

reading user parameter file <CCRPSetting/DB-OPF15.set>

read problem <CCRPData/20-30-2000-3.ccrp>
============

File name: 	CCRPData/20-30-2000-3.ccrp
Problem name:	20-30-2000-3
NumResource: 	20
Dimension: 	30
NumScenario: 	2000
ConfidenceParameter: 	0.15
IsEqualProbability: 	1
BnC+MIX+DI: 	0
BnC+MIX+sDI: 	0
DB: 	0
DB+OPF: 	1
Dominance and Aggregation Statistics......
NumEdge:        1398844
NumBiEdge: 	218130
NumDomIneqs: 	1180714
DominanceRatio: 0.5907
NumAggScenario: 1340 
BasicNumScenario: 1339 
Propagator Statistics......
NumBasicDomIneqs: 77505
NumNonReDomIneqs: 19264
Duration: 0.0800 s 

original problem has 1990 variables (1340 bin, 0 int, 0 impl, 650 cont) and 9052 constraints

solve problem
=============

presolving:
(round 1, fast)       282 del vars, 0 del conss, 0 add conss, 30 chg bounds, 0 chg sides, 0 chg coeffs, 0 upgd conss, 0 impls, 19264 clqs
   (0.1s) running MILP presolver
   (0.1s) MILP presolver (3 rounds): 48 aggregations, 287 fixings, 0 bound changes
(round 2, medium)     617 del vars, 0 del conss, 0 add conss, 30 chg bounds, 0 chg sides, 0 chg coeffs, 0 upgd conss, 0 impls, 19264 clqs
(round 3, fast)       617 del vars, 48 del conss, 0 add conss, 30 chg bounds, 0 chg sides, 0 chg coeffs, 0 upgd conss, 0 impls, 19264 clqs
(round 4, fast)       617 del vars, 48 del conss, 0 add conss, 58 chg bounds, 0 chg sides, 0 chg coeffs, 0 upgd conss, 0 impls, 19264 clqs
(round 5, exhaustive) 617 del vars, 48 del conss, 0 add conss, 58 chg bounds, 0 chg sides, 0 chg coeffs, 9000 upgd conss, 0 impls, 19264 clqs
   (3.5s) probing: 1000/1339 (74.7%) - 0 fixings, 0 aggregations, 204710 implications, 0 bound changes
   (3.5s) probing: 1001/1339 (74.8%) - 0 fixings, 0 aggregations, 204773 implications, 0 bound changes
   (3.5s) probing aborted: 1000/1000 successive useless probings
   (3.5s) symmetry computation started: requiring (bin +, int +, cont +), (fixed: bin -, int -, cont -)
   Symmetry detection interrupted: constraints of type chancecons do not provide symmetry information.
   If symmetries shall be detected, implement the CONSGETPERMSYMGRAPH callback.
   (3.5s) could not compute symmetry
presolving (6 rounds: 6 fast, 3 medium, 2 exhaustive):
 617 deleted vars, 48 deleted constraints, 0 added constraints, 58 tightened bounds, 0 added holes, 0 changed sides, 0 changed coefficients
 19568 implications, 20309 cliques
presolved problem has 1373 variables (1339 bin, 0 int, 0 impl, 34 cont) and 9004 constraints
      1 constraints of type <chancecons>
   9000 constraints of type <varbound>
      1 constraints of type <knapsack>
      2 constraints of type <linear>
Presolving Time: 3.46

 time | node  | left  |LP iter|LP it/n|mem/heur|mdpt |vars |cons |rows |cuts |sepa|confs|strbr|  dualbound   | primalbound  |  gap   | compl. 
p 4.3s|     1 |     0 |     2 |     - | vbounds|   0 |1373 |9005 |9003 |   0 |  0 |   0 |   0 | 1.675479e+03 | 2.290028e+03 |  36.68%| unknown
p 4.5s|     1 |     0 |     4 |     - | vbounds|   0 |1373 |9005 |9003 |   0 |  0 |   0 |   0 | 1.675479e+03 | 2.195018e+03 |  31.01%| unknown
p 4.5s|     1 |     0 |     7 |     - | vbounds|   0 |1373 |9006 |9003 |   0 |  0 |   1 |   0 | 1.675479e+03 | 2.194475e+03 |  30.98%| unknown
  4.8s|     1 |     0 |  2029 |     - |   152M |   0 |1373 |9006 |9003 |   0 |  0 |   1 |   0 | 1.948529e+03 | 2.194475e+03 |  12.62%| unknown
r 4.9s|     1 |     0 |  2029 |     - |shifting|   0 |1373 |9006 |9003 |   0 |  0 |   1 |   0 | 1.948529e+03 | 2.140396e+03 |   9.85%| unknown
  5.1s|     1 |     0 |  2537 |     - |   154M |   0 |1373 |9006 |9040 |  37 |  1 |   1 |   0 | 1.971019e+03 | 2.140396e+03 |   8.59%| unknown
r 5.1s|     1 |     0 |  2537 |     - |shifting|   0 |1373 |9006 |9040 |  37 |  1 |   1 |   0 | 1.971019e+03 | 2.133345e+03 |   8.24%| unknown
  5.1s|     1 |     0 |  2537 |     - |   154M |   0 |1373 |9006 |9040 |  37 |  1 |   1 |   0 | 1.971019e+03 | 2.133345e+03 |   8.24%| unknown
  5.3s|     1 |     0 |  3064 |     - |   157M |   0 |1373 |9006 |9103 | 100 |  2 |   1 |   0 | 1.986899e+03 | 2.133345e+03 |   7.37%| unknown
  5.5s|     1 |     0 |  3481 |     - |   158M |   0 |1373 |9006 |9180 | 177 |  3 |   1 |   0 | 1.996993e+03 | 2.133345e+03 |   6.83%| unknown
  5.7s|     1 |     0 |  3886 |     - |   159M |   0 |1373 |9006 |9264 | 261 |  4 |   1 |   0 | 2.006658e+03 | 2.133345e+03 |   6.31%| unknown
  5.9s|     1 |     0 |  4316 |     - |   162M |   0 |1373 |9006 |9350 | 347 |  5 |   1 |   0 | 2.013720e+03 | 2.133345e+03 |   5.94%| unknown
  6.0s|     1 |     0 |  4670 |     - |   163M |   0 |1373 |9006 |9436 | 433 |  6 |   1 |   0 | 2.018606e+03 | 2.133345e+03 |   5.68%| unknown
  6.2s|     1 |     0 |  5138 |     - |   164M |   0 |1373 |9006 |9513 | 510 |  7 |   1 |   0 | 2.022510e+03 | 2.133345e+03 |   5.48%| unknown
  6.5s|     1 |     0 |  5665 |     - |   166M |   0 |1373 |9006 |9592 | 589 |  8 |   1 |   0 | 2.025475e+03 | 2.133345e+03 |   5.33%| unknown
 time | node  | left  |LP iter|LP it/n|mem/heur|mdpt |vars |cons |rows |cuts |sepa|confs|strbr|  dualbound   | primalbound  |  gap   | compl. 
  6.7s|     1 |     0 |  6152 |     - |   168M |   0 |1373 |9006 |9665 | 662 |  9 |   1 |   0 | 2.027663e+03 | 2.133345e+03 |   5.21%| unknown
  7.0s|     1 |     0 |  6723 |     - |   169M |   0 |1373 |9006 |9743 | 740 | 10 |   1 |   0 | 2.029402e+03 | 2.133345e+03 |   5.12%| unknown
  7.3s|     1 |     0 |  7503 |     - |   170M |   0 |1373 |9006 |9813 | 810 | 11 |   1 |   0 | 2.031422e+03 | 2.133345e+03 |   5.02%| unknown
  7.6s|     1 |     0 |  8272 |     - |   171M |   0 |1373 |9006 |9882 | 879 | 12 |   1 |   0 | 2.032808e+03 | 2.133345e+03 |   4.95%| unknown
  7.9s|     1 |     0 |  8916 |     - |   173M |   0 |1373 |9006 |9921 | 941 | 13 |   1 |   0 | 2.033921e+03 | 2.133345e+03 |   4.89%| unknown
  8.3s|     1 |     0 |  9857 |     - |   175M |   0 |1373 |9006 |9988 |1008 | 14 |   1 |   0 | 2.035737e+03 | 2.133345e+03 |   4.79%| unknown
  8.6s|     1 |     0 | 10659 |     - |   177M |   0 |1373 |9006 |  10k|1076 | 15 |   1 |   0 | 2.036814e+03 | 2.133345e+03 |   4.74%| unknown
  9.0s|     1 |     0 | 11613 |     - |   178M |   0 |1373 |9006 |  10k|1144 | 16 |   1 |   0 | 2.037505e+03 | 2.133345e+03 |   4.70%| unknown
  9.4s|     1 |     0 | 12550 |     - |   179M |   0 |1373 |9006 |  10k|1209 | 17 |   1 |   0 | 2.038245e+03 | 2.133345e+03 |   4.67%| unknown
  9.8s|     1 |     0 | 13388 |     - |   180M |   0 |1373 |9006 |  10k|1266 | 18 |   1 |   0 | 2.038735e+03 | 2.133345e+03 |   4.64%| unknown
 10.2s|     1 |     0 | 14262 |     - |   182M |   0 |1373 |9006 |  10k|1324 | 19 |   1 |   0 | 2.039242e+03 | 2.133345e+03 |   4.61%| unknown
 10.7s|     1 |     0 | 15350 |     - |   184M |   0 |1373 |9006 |  10k|1386 | 20 |   1 |   0 | 2.039744e+03 | 2.133345e+03 |   4.59%| unknown
 11.1s|     1 |     0 | 16131 |     - |   185M |   0 |1373 |9006 |  10k|1437 | 21 |   1 |   0 | 2.040049e+03 | 2.133345e+03 |   4.57%| unknown
 11.7s|     1 |     0 | 17252 |     - |   185M |   0 |1373 |9006 |  10k|1501 | 22 |   1 |   0 | 2.040533e+03 | 2.133345e+03 |   4.55%| unknown
 12.4s|     1 |     0 | 18335 |     - |   186M |   0 |1373 |9006 |  10k|1564 | 23 |   1 |   0 | 2.040894e+03 | 2.133345e+03 |   4.53%| unknown
 time | node  | left  |LP iter|LP it/n|mem/heur|mdpt |vars |cons |rows |cuts |sepa|confs|strbr|  dualbound   | primalbound  |  gap   | compl. 
 13.1s|     1 |     0 | 19515 |     - |   186M |   0 |1373 |9006 |  10k|1629 | 24 |   1 |   0 | 2.041196e+03 | 2.133345e+03 |   4.51%| unknown
 13.8s|     1 |     0 | 20907 |     - |   186M |   0 |1373 |9006 |  10k|1691 | 25 |   1 |   0 | 2.041574e+03 | 2.133345e+03 |   4.50%| unknown
 14.7s|     1 |     0 | 22390 |     - |   187M |   0 |1373 |9006 |  10k|1757 | 26 |   1 |   0 | 2.041901e+03 | 2.133345e+03 |   4.48%| unknown
 15.4s|     1 |     0 | 23724 |     - |   188M |   0 |1373 |9006 |  10k|1824 | 27 |   1 |   0 | 2.042175e+03 | 2.133345e+03 |   4.46%| unknown
 16.2s|     1 |     0 | 24829 |     - |   190M |   0 |1373 |9006 |  10k|1890 | 28 |   1 |   0 | 2.042335e+03 | 2.133345e+03 |   4.46%| unknown
 17.1s|     1 |     0 | 26301 |     - |   191M |   0 |1373 |9006 |  10k|1954 | 29 |   1 |   0 | 2.042598e+03 | 2.133345e+03 |   4.44%| unknown
 18.1s|     1 |     0 | 27667 |     - |   192M |   0 |1373 |9006 |  10k|2027 | 30 |   1 |   0 | 2.042779e+03 | 2.133345e+03 |   4.43%| unknown
 19.0s|     1 |     0 | 28894 |     - |   193M |   0 |1373 |9006 |  10k|2092 | 31 |   1 |   0 | 2.042930e+03 | 2.133345e+03 |   4.43%| unknown
 20.1s|     1 |     0 | 30496 |     - |   193M |   0 |1373 |9006 |  10k|2150 | 32 |   1 |   0 | 2.043127e+03 | 2.133345e+03 |   4.42%| unknown
 20.9s|     1 |     0 | 31730 |     - |   193M |   0 |1373 |9006 |  10k|2209 | 33 |   1 |   0 | 2.043233e+03 | 2.133345e+03 |   4.41%| unknown
 21.9s|     1 |     0 | 33052 |     - |   194M |   0 |1373 |9006 |  10k|2265 | 34 |   1 |   0 | 2.043356e+03 | 2.133345e+03 |   4.40%| unknown
 22.6s|     1 |     0 | 34386 |     - |   195M |   0 |1373 |9006 |  10k|2309 | 35 |   1 |   0 | 2.043483e+03 | 2.133345e+03 |   4.40%| unknown
 23.7s|     1 |     0 | 35668 |     - |   197M |   0 |1373 |9006 |  10k|2361 | 36 |   1 |   0 | 2.043592e+03 | 2.133345e+03 |   4.39%| unknown
 24.6s|     1 |     0 | 36933 |     - |   197M |   0 |1373 |9006 |  10k|2417 | 37 |   1 |   0 | 2.043704e+03 | 2.133345e+03 |   4.39%| unknown
 25.9s|     1 |     0 | 38731 |     - |   198M |   0 |1373 |9006 |  10k|2471 | 38 |   1 |   0 | 2.043825e+03 | 2.133345e+03 |   4.38%| unknown
 time | node  | left  |LP iter|LP it/n|mem/heur|mdpt |vars |cons |rows |cuts |sepa|confs|strbr|  dualbound   | primalbound  |  gap   | compl. 
 27.1s|     1 |     0 | 40334 |     - |   200M |   0 |1373 |9006 |  10k|2527 | 39 |   1 |   0 | 2.043920e+03 | 2.133345e+03 |   4.38%| unknown
 27.1s|     1 |     0 | 40334 |     - |   200M |   0 |1373 |9006 |  10k|2527 | 39 |   1 |   0 | 2.043920e+03 | 2.133345e+03 |   4.38%| unknown
 28.0s|     1 |     0 | 41819 |     - |   200M |   0 |1373 |9006 |  10k|2574 | 40 |   1 |   0 | 2.044013e+03 | 2.133345e+03 |   4.37%| unknown
 28.8s|     1 |     0 | 43294 |     - |   200M |   0 |1373 |9006 |  10k|2621 | 41 |   1 |   0 | 2.044084e+03 | 2.133345e+03 |   4.37%| unknown
 29.7s|     1 |     0 | 44807 |     - |   200M |   0 |1373 |9006 |  10k|2667 | 42 |   1 |   0 | 2.044148e+03 | 2.133345e+03 |   4.36%| unknown
 30.7s|     1 |     0 | 46464 |     - |   200M |   0 |1373 |9006 |  10k|2709 | 43 |   1 |   0 | 2.044225e+03 | 2.133345e+03 |   4.36%| unknown
 31.6s|     1 |     0 | 48041 |     - |   200M |   0 |1373 |9006 |  10k|2754 | 44 |   1 |   0 | 2.044300e+03 | 2.133345e+03 |   4.36%| unknown
 32.4s|     1 |     0 | 49374 |     - |   200M |   0 |1373 |9006 |  10k|2795 | 45 |   1 |   0 | 2.044351e+03 | 2.133345e+03 |   4.35%| unknown
 33.1s|     1 |     0 | 50688 |     - |   200M |   0 |1373 |9006 |  10k|2835 | 46 |   1 |   0 | 2.044398e+03 | 2.133345e+03 |   4.35%| unknown
 33.8s|     1 |     0 | 51785 |     - |   201M |   0 |1373 |9006 |  10k|2877 | 47 |   1 |   0 | 2.044427e+03 | 2.133345e+03 |   4.35%| unknown
 34.7s|     1 |     0 | 53430 |     - |   201M |   0 |1373 |9006 |  10k|2914 | 48 |   1 |   0 | 2.044468e+03 | 2.133345e+03 |   4.35%| unknown
 35.7s|     1 |     0 | 55350 |     - |   201M |   0 |1373 |9006 |  10k|2946 | 49 |   1 |   0 | 2.044516e+03 | 2.133345e+03 |   4.34%| unknown
 36.5s|     1 |     0 | 56658 |     - |   201M |   0 |1373 |9006 |  10k|2980 | 50 |   1 |   0 | 2.044541e+03 | 2.133345e+03 |   4.34%| unknown
r36.8s|     1 |     0 | 57352 |     - |intshift|   0 |1373 |9006 |  10k|2980 | 50 |   1 |   0 | 2.044541e+03 | 2.105805e+03 |   3.00%| unknown
o40.3s|     1 |     0 | 67616 |     - |feaspump|   0 |1373 |9006 |  10k|2980 | 50 |   1 |   0 | 2.044541e+03 | 2.048371e+03 |   0.19%| unknown
 time | node  | left  |LP iter|LP it/n|mem/heur|mdpt |vars |cons |rows |cuts |sepa|confs|strbr|  dualbound   | primalbound  |  gap   | compl. 
 48.1s|     1 |     0 | 76894 |     - |   202M |   0 |1373 |8988 |  10k|2980 | 50 |   8 |   0 | 2.044541e+03 | 2.048371e+03 |   0.19%| unknown
 48.1s|     1 |     0 | 76894 |     - |   202M |   0 |1373 |8988 |  10k|2980 | 50 |   8 |   0 | 2.044541e+03 | 2.048371e+03 |   0.19%| unknown
 49.0s|     1 |     0 | 78597 |     - |   202M |   0 |1373 |8988 |  10k|3016 | 51 |   8 |   0 | 2.044564e+03 | 2.048371e+03 |   0.19%| unknown
 49.1s|     1 |     0 | 78597 |     - |   202M |   0 |1373 |8988 |  10k|3016 | 51 |   8 |   0 | 2.044564e+03 | 2.048371e+03 |   0.19%| unknown
 50.0s|     1 |     0 | 80333 |     - |   202M |   0 |1373 |8988 |  10k|3044 | 52 |   8 |   0 | 2.044576e+03 | 2.048371e+03 |   0.19%| unknown
 50.0s|     1 |     0 | 80333 |     - |   202M |   0 |1373 |8988 |  10k|3044 | 52 |   8 |   0 | 2.044576e+03 | 2.048371e+03 |   0.19%| unknown
 50.1s|     1 |     0 | 80333 |     - |   202M |   0 |1373 |8648 |  10k|3044 | 52 |   8 |   0 | 2.044576e+03 | 2.048371e+03 |   0.19%| unknown
 51.5s|     1 |     0 | 82985 |     - |   202M |   0 |1373 |8648 |  10k|3075 | 53 |   8 |   0 | 2.044595e+03 | 2.048371e+03 |   0.18%| unknown
 52.7s|     1 |     0 | 85318 |     - |   202M |   0 |1373 |8648 |  10k|3123 | 54 |   8 |   0 | 2.044608e+03 | 2.048371e+03 |   0.18%| unknown
 52.8s|     1 |     0 | 85318 |     - |   202M |   0 |1373 |8648 |9997 |3123 | 54 |   8 |   0 | 2.044608e+03 | 2.048371e+03 |   0.18%| unknown
 52.8s|     1 |     0 | 85318 |     - |   202M |   0 |1373 |8603 |9997 |3123 | 54 |   8 |   0 | 2.044608e+03 | 2.048371e+03 |   0.18%| unknown
 54.6s|     1 |     0 | 88719 |     - |   202M |   0 |1373 |8603 |  10k|3155 | 55 |   8 |   0 | 2.044631e+03 | 2.048371e+03 |   0.18%| unknown
 55.7s|     1 |     0 | 90897 |     - |   202M |   0 |1373 |8603 |  10k|3196 | 56 |   8 |   0 | 2.044637e+03 | 2.048371e+03 |   0.18%| unknown
 69.0s|     1 |     2 | 90897 |     - |   202M |   0 |1373 |8603 |  10k|3196 | 56 |   8 |  28 | 2.044647e+03 | 2.048371e+03 |   0.18%| unknown
d 135s|    16 |     9 |119289 |3242.3 |pscostdi|   7 |1373 |8603 |9252 |   0 |  2 |   8 | 200 | 2.044647e+03 | 2.044873e+03 |   0.01%|   8.06%
 time | node  | left  |LP iter|LP it/n|mem/heur|mdpt |vars |cons |rows |cuts |sepa|confs|strbr|  dualbound   | primalbound  |  gap   | compl. 
* 141s|    26 |    13 |134129 |2539.0 |strongbr|  13 |1373 |8604 |9265 |3223 |  4 |  10 | 212 | 2.044651e+03 | 2.044823e+03 |   0.01%|  29.22%
o 142s|    33 |    22 |135794 |2035.6 |objpscos|  15 |1373 |8606 |9265 |3223 |  1 |  12 | 213 | 2.044651e+03 | 2.044795e+03 |   0.01%|  30.81%
* 142s|    35 |    22 |135983 |1921.4 |    LP  |  15 |1373 |8610 |9265 |3223 |  2 |  16 | 218 | 2.044651e+03 | 2.044758e+03 |   0.01%|  30.81%
* 143s|    50 |    15 |137337 |1360.9 |    LP  |  16 |1373 |8621 |9268 |3227 |  2 |  27 | 238 | 2.044651e+03 | 2.044755e+03 |   0.01%|  41.10%
* 144s|    52 |    13 |140970 |1378.7 |strongbr|  16 |1373 |8621 |9265 |3227 |  2 |  27 | 238 | 2.044657e+03 | 2.044742e+03 |   0.00%|  55.05%

SCIP Status        : problem is solved [optimal solution found]
Solving Time (sec) : 146.45
Solving Nodes      : 67
Primal Bound       : +2.04474204980503e+03 (17 solutions)
Dual Bound         : +2.04474204980503e+03
Gap                : 0.00 %

primal solution (original space):
=================================

objective value:                     2044.74204980503
z#4                                                 1 	(obj:0)
z#8                                                 1 	(obj:0)
z#11                                                1 	(obj:0)
z#12                                 1.00000000000207 	(obj:0)
z#14                                                1 	(obj:0)
z#15                                                1 	(obj:0)
z#16                                                1 	(obj:0)
z#17                                                1 	(obj:0)
z#20                                 1.00000000000001 	(obj:0)
z#21                                                1 	(obj:0)
z#29                                                1 	(obj:0)
z#37                                                1 	(obj:0)
z#40                                0.999999999999994 	(obj:0)
z#45                                                1 	(obj:0)
z#48                                                1 	(obj:0)
z#55                                                1 	(obj:0)
z#56                                                1 	(obj:0)
z#57                                                1 	(obj:0)
z#59                                                1 	(obj:0)
z#64                                                1 	(obj:0)
z#66                                                1 	(obj:0)
z#83                                                1 	(obj:0)
z#103                                               1 	(obj:0)
z#107                                               1 	(obj:0)
z#110                                               1 	(obj:0)
z#114                                               1 	(obj:0)
z#124                                               1 	(obj:0)
z#129                                               1 	(obj:0)
z#134                                               1 	(obj:0)
z#140                                               1 	(obj:0)
z#150                                               1 	(obj:0)
z#153                                               1 	(obj:0)
z#155                                               1 	(obj:0)
z#163                               0.999999999999957 	(obj:0)
z#173                                               1 	(obj:0)
z#181                                               1 	(obj:0)
z#185                                               1 	(obj:0)
z#194                                               1 	(obj:0)
z#197                                1.00000000000001 	(obj:0)
z#200                                               1 	(obj:0)
z#203                                               1 	(obj:0)
z#206                                               1 	(obj:0)
z#214                                               1 	(obj:0)
z#219                                               1 	(obj:0)
z#228                                               1 	(obj:0)
z#230                                               1 	(obj:0)
z#231                                               1 	(obj:0)
z#232                                               1 	(obj:0)
z#233                                               1 	(obj:0)
z#243                                               1 	(obj:0)
z#246                                               1 	(obj:0)
z#253                                               1 	(obj:0)
z#254                                               1 	(obj:0)
z#264                                               1 	(obj:0)
z#266                                               1 	(obj:0)
z#270                                               1 	(obj:0)
z#272                                1.00000000000002 	(obj:0)
z#273                                               1 	(obj:0)
z#277                                               1 	(obj:0)
z#278                                               1 	(obj:0)
z#279                                               1 	(obj:0)
z#287                                               1 	(obj:0)
z#298                                               1 	(obj:0)
z#308                                               1 	(obj:0)
z#309                                               1 	(obj:0)
z#313                                               1 	(obj:0)
z#321                                               1 	(obj:0)
z#328                                               1 	(obj:0)
z#335                                               1 	(obj:0)
z#346                                1.00000000000002 	(obj:0)
z#349                                               1 	(obj:0)
z#352                                               1 	(obj:0)
z#353                                               1 	(obj:0)
z#356                                               1 	(obj:0)
z#357                                               1 	(obj:0)
z#363                                               1 	(obj:0)
z#364                                               1 	(obj:0)
z#366                                 1.0000000000001 	(obj:0)
z#368                                               1 	(obj:0)
z#373                                               1 	(obj:0)
z#378                                               1 	(obj:0)
z#387                                               1 	(obj:0)
z#389                                               1 	(obj:0)
z#395                                1.00000000000001 	(obj:0)
z#396                                1.00000000000005 	(obj:0)
z#398                                               1 	(obj:0)
z#399                                               1 	(obj:0)
z#400                                               1 	(obj:0)
z#402                                               1 	(obj:0)
z#409                                               1 	(obj:0)
z#416                                               1 	(obj:0)
z#417                                               1 	(obj:0)
z#425                                               1 	(obj:0)
z#427                                               1 	(obj:0)
z#436                                1.00000000000002 	(obj:0)
z#447                                               1 	(obj:0)
z#448                                               1 	(obj:0)
z#451                                               1 	(obj:0)
z#456                                               1 	(obj:0)
z#465                               0.999999999999958 	(obj:0)
z#466                                               1 	(obj:0)
z#468                                               1 	(obj:0)
z#469                                               1 	(obj:0)
z#471                                               1 	(obj:0)
z#473                                               1 	(obj:0)
z#480                                               1 	(obj:0)
z#486                                               1 	(obj:0)
z#487                                               1 	(obj:0)
z#488                                               1 	(obj:0)
z#491                                               1 	(obj:0)
z#508                                               1 	(obj:0)
z#511                                               1 	(obj:0)
z#512                                               1 	(obj:0)
z#513                                               1 	(obj:0)
z#519                                               1 	(obj:0)
z#529                               0.999999999999996 	(obj:0)
z#530                                               1 	(obj:0)
z#536                                               1 	(obj:0)
z#537                               0.999999999999999 	(obj:0)
z#538                                               1 	(obj:0)
z#544                                               1 	(obj:0)
z#547                                               1 	(obj:0)
z#549                                               1 	(obj:0)
z#554                                               1 	(obj:0)
z#569                                               1 	(obj:0)
z#579                                               1 	(obj:0)
z#580                                               1 	(obj:0)
z#581                                               1 	(obj:0)
z#585                                               1 	(obj:0)
z#594                                               1 	(obj:0)
z#600                                               1 	(obj:0)
z#601                                               1 	(obj:0)
z#602                                               1 	(obj:0)
z#609                                1.00000000000001 	(obj:0)
z#610                                               1 	(obj:0)
z#613                                               1 	(obj:0)
z#621                                               1 	(obj:0)
z#632                                               1 	(obj:0)
z#635                                               1 	(obj:0)
z#637                                               1 	(obj:0)
z#640                                               1 	(obj:0)
z#645                                               1 	(obj:0)
z#655                                               1 	(obj:0)
z#670                                               1 	(obj:0)
z#671                                               1 	(obj:0)
z#675                                               1 	(obj:0)
z#677                                               1 	(obj:0)
z#679                                               1 	(obj:0)
z#686                                1.00000000000001 	(obj:0)
z#690                                               1 	(obj:0)
z#693                                               1 	(obj:0)
z#694                                               1 	(obj:0)
z#698                                               1 	(obj:0)
z#700                               0.999999999999901 	(obj:0)
z#708                                               1 	(obj:0)
z#709                                               1 	(obj:0)
z#711                                               1 	(obj:0)
z#714                                               1 	(obj:0)
z#721                                               1 	(obj:0)
z#723                                               1 	(obj:0)
z#731                                               1 	(obj:0)
z#732                                               1 	(obj:0)
z#735                                               1 	(obj:0)
z#747                                               1 	(obj:0)
z#758                                               1 	(obj:0)
z#762                                               1 	(obj:0)
z#766                                               1 	(obj:0)
z#768                                               1 	(obj:0)
z#775                                               1 	(obj:0)
z#776                                               1 	(obj:0)
z#779                                               1 	(obj:0)
z#780                                               1 	(obj:0)
z#789                                1.00000000000001 	(obj:0)
z#794                                               1 	(obj:0)
z#811                                               1 	(obj:0)
z#821                                               1 	(obj:0)
z#822                                               1 	(obj:0)
z#823                                               1 	(obj:0)
z#824                                               1 	(obj:0)
z#826                                               1 	(obj:0)
z#828                                               1 	(obj:0)
z#833                                               1 	(obj:0)
z#835                                               1 	(obj:0)
z#838                                1.00000000000001 	(obj:0)
z#841                                               1 	(obj:0)
z#843                                               1 	(obj:0)
z#847                                               1 	(obj:0)
z#849                                               1 	(obj:0)
z#853                                               1 	(obj:0)
z#854                                               1 	(obj:0)
z#860                                               1 	(obj:0)
z#861                                               1 	(obj:0)
z#862                                               1 	(obj:0)
z#864                                               1 	(obj:0)
z#866                                               1 	(obj:0)
z#875                                               1 	(obj:0)
z#876                                               1 	(obj:0)
z#878                                               1 	(obj:0)
z#879                                               1 	(obj:0)
z#882                                               1 	(obj:0)
z#884                                               1 	(obj:0)
z#886                                               1 	(obj:0)
z#890                                               1 	(obj:0)
z#894                                               1 	(obj:0)
z#896                                1.00000000000004 	(obj:0)
z#897                                               1 	(obj:0)
z#903                                               1 	(obj:0)
z#912                                               1 	(obj:0)
z#919                               0.999999999999886 	(obj:0)
z#923                                               1 	(obj:0)
z#928                                               1 	(obj:0)
z#930                                               1 	(obj:0)
z#936                                               1 	(obj:0)
z#939                                               1 	(obj:0)
z#958                                               1 	(obj:0)
z#967                                               1 	(obj:0)
z#973                                               1 	(obj:0)
z#978                                               1 	(obj:0)
z#981                                               1 	(obj:0)
z#983                                               1 	(obj:0)
z#984                                               1 	(obj:0)
z#987                                               1 	(obj:0)
z#989                                               1 	(obj:0)
z#997                                               1 	(obj:0)
z#999                                               1 	(obj:0)
z#1007                                              1 	(obj:0)
z#1011                                              1 	(obj:0)
z#1012                                              1 	(obj:0)
z#1013                                              1 	(obj:0)
z#1017                                              1 	(obj:0)
z#1019                                              1 	(obj:0)
z#1020                                              1 	(obj:0)
z#1029                                              1 	(obj:0)
z#1052                                              1 	(obj:0)
z#1056                                              1 	(obj:0)
z#1059                                              1 	(obj:0)
z#1060                                              1 	(obj:0)
z#1066                                              1 	(obj:0)
z#1069                                              1 	(obj:0)
z#1071                                              1 	(obj:0)
z#1074                                              1 	(obj:0)
z#1076                                              1 	(obj:0)
z#1083                                              1 	(obj:0)
z#1086                                              1 	(obj:0)
z#1087                                              1 	(obj:0)
z#1089                                              1 	(obj:0)
z#1100                              0.999999999999989 	(obj:0)
z#1113                                              1 	(obj:0)
z#1126                                              1 	(obj:0)
z#1128                                              1 	(obj:0)
z#1129                                              1 	(obj:0)
z#1136                                              1 	(obj:0)
z#1141                                              1 	(obj:0)
z#1147                                              1 	(obj:0)
z#1151                                              1 	(obj:0)
z#1155                                              1 	(obj:0)
z#1162                                              1 	(obj:0)
z#1164                                              1 	(obj:0)
z#1165                                              1 	(obj:0)
z#1170                                              1 	(obj:0)
z#1173                                              1 	(obj:0)
z#1179                                              1 	(obj:0)
z#1186                                              1 	(obj:0)
z#1188                               1.00000000000001 	(obj:0)
z#1192                                              1 	(obj:0)
z#1195                                              1 	(obj:0)
z#1196                                              1 	(obj:0)
z#1198                                              1 	(obj:0)
z#1203                              0.999999999999943 	(obj:0)
z#1206                                              1 	(obj:0)
z#1213                                              1 	(obj:0)
z#1216                                              1 	(obj:0)
z#1221                                              1 	(obj:0)
z#1225                                              1 	(obj:0)
z#1226                                              1 	(obj:0)
z#1231                                              1 	(obj:0)
z#1233                                              1 	(obj:0)
z#1237                                              1 	(obj:0)
z#1238                              0.999999999999996 	(obj:0)
z#1243                                              1 	(obj:0)
z#1244                                              1 	(obj:0)
z#1247                                              1 	(obj:0)
z#1249                                              1 	(obj:0)
z#1260                                              1 	(obj:0)
z#1262                                              1 	(obj:0)
z#1271                                              1 	(obj:0)
z#1277                               1.00000000000003 	(obj:0)
z#1282                                              1 	(obj:0)
z#1289                               1.00000000000001 	(obj:0)
z#1307                                              1 	(obj:0)
z#1309                                              1 	(obj:0)
z#1312                                              1 	(obj:0)
z#1313                                              1 	(obj:0)
z#1317                                              1 	(obj:0)
z#1319                                              1 	(obj:0)
z#1328                                              1 	(obj:0)
z#1329                                              1 	(obj:0)
z#1333                                              1 	(obj:0)
z#1335                                              1 	(obj:0)
z#1336                                              1 	(obj:0)
y#2#20                               96.0041984732829 	(obj:0)
y#2#23                               64.9406850961542 	(obj:0)
y#2#26                               116.872080887149 	(obj:0)
y#2#27                                       61.39765 	(obj:0)
y#4#1                                   69.1724886421 	(obj:0)
y#4#10                               84.2901585565883 	(obj:0)
y#4#12                               68.3910472972973 	(obj:0)
y#4#15                               115.600192926045 	(obj:0)
y#4#16                               75.2381934892251 	(obj:0)
y#4#18                               78.6049224544842 	(obj:0)
y#4#24                               117.690444145357 	(obj:0)
y#4#25                               128.985845896147 	(obj:0)
y#4#28                               61.3934373318989 	(obj:0)
y#4#29                               83.3317492416582 	(obj:0)
y#10#7                               90.0746464646464 	(obj:0)
y#10#8                               39.6735596248325 	(obj:0)
y#10#9                               67.4764150943396 	(obj:0)
y#10#17                              94.3423748544819 	(obj:0)
y#10#21                              87.1574061433447 	(obj:0)
y#11#19                              56.0670977011495 	(obj:0)
y#11#22                              79.3228688106176 	(obj:0)
y#15#2                               107.768326947637 	(obj:0)
x#0                                   82.385755478662 	(obj:0.89)
x#1                                  75.7974219137333 	(obj:0.95)
x#2                                  860.900781115925 	(obj:0.82)
x#4                                  882.698479980801 	(obj:0.76)
x#10                                 378.724402181645 	(obj:0.79)
x#11                                 135.389966511767 	(obj:0.91)
x#15                                 107.768326947637 	(obj:0.93)
y#0#0                                 82.385755478662 	(obj:0)
y#1#11                               75.7974219137333 	(obj:0)
y#2#3                                87.0574411134903 	(obj:0)
y#2#4                                  86.78755186722 	(obj:0)
y#2#5                                86.8423875432525 	(obj:0)
y#2#6                                82.3474231678487 	(obj:0)
y#2#13                               101.651003039514 	(obj:0)
y#2#14                               77.0003599280146 	(obj:0)
v#0                                          142.8569 	(obj:0)
v#1                                          137.0307 	(obj:0)
v#2                                          168.7652 	(obj:0)
v#3                                          162.6233 	(obj:0)
v#4                                          125.4948 	(obj:0)
v#5                                          150.5847 	(obj:0)
v#6                                          174.1648 	(obj:0)
v#7                                          178.3478 	(obj:0)
v#8                                           88.8291 	(obj:0)
v#9                                          121.5925 	(obj:0)
v#10                                         154.1667 	(obj:0)
v#11                                         152.8834 	(obj:0)
v#12                                         121.4625 	(obj:0)
v#13                                         167.2159 	(obj:0)
v#14                                         128.3596 	(obj:0)
v#15                                         179.7583 	(obj:0)
v#16                                         164.0945 	(obj:0)
v#17                                         162.0802 	(obj:0)
v#18                                         116.5711 	(obj:0)
v#19                                         117.0681 	(obj:0)
v#20                                 176.071700000001 	(obj:0)
v#21                                         127.6856 	(obj:0)
v#22                                         155.3935 	(obj:0)
v#23                                 108.061300000001 	(obj:0)
v#24                                          174.888 	(obj:0)
v#25                                         154.0091 	(obj:0)
v#26                                 179.164899999999 	(obj:0)
v#27                                         122.7953 	(obj:0)
v#28                                         114.1304 	(obj:0)
v#29                                         164.8302 	(obj:0)

Statistics
==========

SCIP Status        : problem is solved [optimal solution found]
Total Time         :     146.74
  solving          :     146.45
  presolving       :       3.46 (included in solving)
  reading          :       0.28
  copying          :       0.06 (2 #copies) (minimal 0.03, maximal 0.03, average 0.03)
Original Problem   :
  Problem name     : 20-30-2000-3
  Variables        : 1990 (1340 binary, 0 integer, 0 implicit integer, 650 continuous)
  Constraints      : 9052 initial, 9052 maximal
  Objective        : minimize, 20 non-zeros (abs.min = 0.76, abs.max = 1.15)
Presolved Problem  :
  Problem name     : t_20-30-2000-3
  Variables        : 1373 (1339 binary, 0 integer, 0 implicit integer, 34 continuous)
  Constraints      : 9004 initial, 9008 maximal
  Objective        : minimize, 32 non-zeros (abs.min = 0.348464, abs.max = 0.93)
  Nonzeros         : 19345 constraint, 5938 clique table
Presolvers         :   ExecTime  SetupTime  Calls  FixedVars   AggrVars   ChgTypes  ChgBounds   AddHoles    DelCons    AddCons   ChgSides   ChgCoefs
  boundshift       :       0.00       0.00      0          0          0          0          0          0          0          0          0          0
  convertinttobin  :       0.00       0.00      0          0          0          0          0          0          0          0          0          0
  domcol           :       0.03       0.00      1          0          0          0          0          0          0          0          0          0
  dualagg          :       0.00       0.00      0          0          0          0          0          0          0          0          0          0
  dualcomp         :       0.01       0.00      1          0          0          0          0          0          0          0          0          0
  dualinfer        :       0.00       0.00      0          0          0          0          0          0          0          0          0          0
  dualsparsify     :       0.03       0.00      1          0          0          0          0          0          0          0          0          0
  gateextraction   :       0.00       0.00      0          0          0          0          0          0          0          0          0          0
  implics          :       0.00       0.00      3          0          0          0          0          0          0          0          0          0
  inttobinary      :       0.00       0.00      0          0          0          0          0          0          0          0          0          0
  milp             :       0.02       0.00      1        287         48          0          0          0          0          0          0          0
  qpkktref         :       0.00       0.00      0          0          0          0          0          0          0          0          0          0
  redvub           :       0.00       0.00      0          0          0          0          0          0          0          0          0          0
  sparsify         :       0.01       0.00      1          0          0          0          0          0          0          0          0          0
  stuffing         :       0.00       0.00      0          0          0          0          0          0          0          0          0          0
  trivial          :       0.00       0.00      6          0          0          0          0          0          0          0          0          0
  tworowbnd        :       0.00       0.00      0          0          0          0          0          0          0          0          0          0
  dualfix          :       0.00       0.00      6        282          0          0          0          0          0          0          0          0
  genvbounds       :       0.00       0.00      0          0          0          0          0          0          0          0          0          0
  probing          :       3.29       0.00      1          0          0          0          0          0          0          0          0          0
  pseudoobj        :       0.00       0.00      0          0          0          0          0          0          0          0          0          0
  symmetry         :       0.00       0.00      1          0          0          0          0          0          0          0          0          0
  vbounds          :       0.00       0.00      1          0          0          0          0          0          0          0          0          0
  chancecons       :       0.01       0.00      1          0          0          0          0          0          0          0          0          0
  varbound         :       0.01       0.00      2          0          0          0          0          0          0          0          0          0
  knapsack         :       0.00       0.00      0          0          0          0          0          0          0          0          0          0
  linear           :       0.04       0.00      8          0          0          0         58          0         48          0          0          0
  logicor          :       0.00       0.00      0          0          0          0          0          0          0          0          0          0
  bounddisjunction :       0.00       0.00      0          0          0          0          0          0          0          0          0          0
  benders          :       0.00       0.00      0          0          0          0          0          0          0          0          0          0
  components       :       0.00       0.00      1          0          0          0          0          0          0          0          0          0
  root node        :          -          -      -        872          -          -       1054          -          -          -          -          -
Constraints        :     Number  MaxNumber  #Separate #Propagate    #EnfoLP    #EnfoRelax  #EnfoPS    #Check   #ResProp    Cutoffs    DomReds       Cuts    Applied      Conss   Children
  benderslp        :          0          0          0          0         54          0          0         59          0          0          0          0          0          0          0
  chancecons       :          1          1         57      12358          0          0          0          0          0         34       4921       1621        823          0          0
  integral         :          0          0          0          0         54          0          0         59          0          0        131          0          0         18         72
  varbound         :       9000       9000         53      12331          2          0          0         54         11          0        623          0          0          0          0
  knapsack         :          1          1         53      11923          2          0          0         18          0          0          0          0          0          0          0
  linear           :          2+         3         53      12332          2          0          0         18          0          1        169          0          0          0          0
  logicor          :          0+         5         53        109          0          0          0          0          0          4          0          0          0          0          0
  bounddisjunction :          0+        20          0        361          0          0          0          0          0          0          0          0          0          0          0
  benders          :          0          0          0          0          2          0          0         16          0          0          0          0          0          0          0
  fixedvar         :          0          0          0          0          2          0          0         16          0          0          0          0          0          0          0
  countsols        :          0          0          0          0          2          0          0         16          0          0          0          0          0          0          0
  components       :          0          0          0          0          0          0          0          0          0          0          0          0          0          0          0
Constraint Timings :  TotalTime  SetupTime   Separate  Propagate     EnfoLP     EnfoPS     EnfoRelax   Check    ResProp    SB-Prop
  benderslp        :       0.00       0.00       0.00       0.00       0.00       0.00       0.00       0.00       0.00       0.00
  chancecons       :       5.65       0.00       0.05       5.11       0.00       0.00       0.00       0.00       0.00       0.49
  integral         :      71.54       0.00       0.00       0.00      71.54       0.00       0.00       0.00       0.00       0.00
  varbound         :       1.23       0.00       0.04       1.10       0.00       0.00       0.00       0.01       0.00       0.09
  knapsack         :       0.78       0.00       0.68       0.10       0.00       0.00       0.00       0.00       0.00       0.00
  linear           :       0.02       0.00       0.00       0.01       0.00       0.00       0.00       0.00       0.00       0.00
  logicor          :       0.00       0.00       0.00       0.00       0.00       0.00       0.00       0.00       0.00       0.00
  bounddisjunction :       0.00       0.00       0.00       0.00       0.00       0.00       0.00       0.00       0.00       0.00
  benders          :       0.00       0.00       0.00       0.00       0.00       0.00       0.00       0.00       0.00       0.00
  fixedvar         :       0.00       0.00       0.00       0.00       0.00       0.00       0.00       0.00       0.00       0.00
  countsols        :       0.00       0.00       0.00       0.00       0.00       0.00       0.00       0.00       0.00       0.00
  components       :       0.00       0.00       0.00       0.00       0.00       0.00       0.00       0.00       0.00       0.00
Propagators        : #Propagate   #ResProp    Cutoffs    DomReds
  dualfix          :         12          0          0          0
  genvbounds       :          0          0          0          0
  nlobbt           :          0          0          0          0
  obbt             :          0          0          0          0
  probing          :          0          0          0          0
  pseudoobj        :        528          0          0         18
  redcost          :        380          0          0       1339
  rootredcost      :          7          0          0        611
  symmetry         :          0          0          0          0
  vbounds          :       7208          0          0          0
Propagator Timings :  TotalTime  SetupTime   Presolve  Propagate    ResProp    SB-Prop
  dualfix          :       0.00       0.00       0.00       0.00       0.00       0.00
  genvbounds       :       0.00       0.00       0.00       0.00       0.00       0.00
  nlobbt           :       0.00       0.00       0.00       0.00       0.00       0.00
  obbt             :       0.00       0.00       0.00       0.00       0.00       0.00
  probing          :       3.29       0.00       3.29       0.00       0.00       0.00
  pseudoobj        :       0.01       0.00       0.00       0.01       0.00       0.00
  redcost          :       0.02       0.00       0.00       0.02       0.00       0.00
  rootredcost      :       0.01       0.00       0.00       0.01       0.00       0.00
  symmetry         :       0.00       0.00       0.00       0.00       0.00       0.00
  vbounds          :       0.02       0.00       0.00       0.02       0.00       0.00
Symmetry           :
  orbitopal red.   :          0 reductions applied,          0 cutoffs
  orbital reduction:          0 reductions applied,          0 cutoffs
  lexicographic red:          0 reductions applied,          0 cutoffs
  shadow tree time :       0.00 s
Conflict Analysis  :       Time      Calls    Success    DomReds  Conflicts   Literals    Reconvs ReconvLits   Dualrays   Nonzeros   LP Iters   (pool size: [10000,10000])
  propagation      :       0.00          4          0          -          0        0.0          0        0.0          -          -          -
  infeasible LP    :       0.00          0          0          -          0        0.0          0        0.0          0        0.0          0
  bound exceed. LP :       0.31         96         28          -         26      170.8          0        0.0          6        6.2        714
  strong branching :       0.00          0          0          -          0        0.0          0        0.0          -          -          0
  pseudo solution  :       0.00          0          0          -          0        0.0          0        0.0          -          -          -
  applied globally :       0.00          -          -          5         25      150.3          -          -          6          -          -
  applied locally  :          -          -          -          0          1      222.0          -          -          0          -          -
Separators         :   ExecTime  SetupTime      Calls  RootCalls    Cutoffs    DomReds  FoundCuts ViaPoolAdd  DirectAdd    Applied ViaPoolApp  DirectApp      Conss
  cut pool         :       0.07          -        113        108          -          -      21637      49310          -          -          -          -          -    (maximal pool size:      21637)
  aggregation      :       4.49       0.00         56         53          0          0      18061      41760          0       1364       1364          0          0
  > cmir           :          -          -          -          -          -          -          -      41528          0       1363       1363          0          -
  > flowcover      :          -          -          -          -          -          -          -        232          0          1          1          0          -
  > knapsackcover  :          -          -          -          -          -          -          -          0          0          0          0          0          -
  cgmip            :       0.00       0.00          0          0          0          0          0          0          0          0          0          0          0
  clique           :       0.78       0.00         53         53          0          0          0          0          0          0          0          0          0
  closecuts        :       0.00       0.00          0          0          0          0          0          0          0          0          0          0          0
  convexproj       :       0.00       0.00          0          0          0          0          0          0          0          0          0          0          0
  disjunctive      :       0.00       0.00          0          0          0          0          0          0          0          0          0          0          0
  eccuts           :       0.00       0.00          0          0          0          0          0          0          0          0          0          0          0
  gauge            :       0.00       0.00          0          0          0          0          0          0          0          0          0          0          0
  gomory           :       0.21       0.00         13         10          0          0       1709       3951          0        387        387          0          0
  > gomorymi       :          -          -          -          -          -          -          -       3951          0        387        387          0          -
  > strongcg       :          -          -          -          -          -          -          -          0          0          0          0          0          -
  impliedbounds    :       0.04       0.00         56         53          0          9       1867       3599          0        653        653          0          0
  interminor       :       0.00       0.00          0          0          0          0          0          0          0          0          0          0          0
  intobj           :       0.00       0.00          0          0          0          0          0          0          0          0          0          0          0
  lagromory        :       0.00       0.00          0          0          0          0          0          0          0          0          0          0          0
  mcf              :       0.00       0.00          1          1          0          0          0          0          0          0          0          0          0
  minor            :       0.00       0.00         10         10          0          0          0          0          0          0          0          0          0
  mixing           :       0.00       0.00          0          0          0          0          0          0          0          0          0          0          0
  oddcycle         :       0.00       0.00          0          0          0          0          0          0          0          0          0          0          0
  rapidlearning    :       0.00       0.00          0          0          0          0          0          0          0          0          0          0          0
  rlt              :       0.00       0.00         10         10          0          0          0          0          0          0          0          0          0
  zerohalf         :       0.02       0.00         23         20          0          0          0          0          0          0          0          0          0
Cutselectors       :   ExecTime  SetupTime      Calls  RootCalls   Selected     Forced   Filtered  RootSelec   RootForc   RootFilt 
  hybrid           :       0.11       0.00         58         56       3227          0      47704       3196          0      47488
  ensemble         :       0.00       0.00          0          0          0          0          0          0          0          0
  dynamic          :       0.00       0.00          0          0          0          0          0          0          0          0
Pricers            :   ExecTime  SetupTime      Calls       Vars
  problem variables:       0.00          -          0          0
Branching Rules    :   ExecTime  SetupTime   BranchLP  BranchExt   BranchPS    Cutoffs    DomReds       Cuts      Conss   Children
  allfullstrong    :       0.00       0.00          0          0          0          0          0          0          0          0
  cloud            :       0.00       0.00          0          0          0          0          0          0          0          0
  distribution     :       0.00       0.00          0          0          0          0          0          0          0          0
  fullstrong       :       0.00       0.00          0          0          0          0          0          0          0          0
  gomory           :       0.00       0.00          0          0          0          0          0          0          0          0
  inference        :       0.00       0.00          0          0          0          0          0          0          0          0
  leastinf         :       0.00       0.00          0          0          0          0          0          0          0          0
  lookahead        :       0.00       0.00          0          0          0          0          0          0          0          0
  mostinf          :       0.00       0.00          0          0          0          0          0          0          0          0
  multaggr         :       0.00       0.00          0          0          0          0          0          0          0          0
  nodereopt        :       0.00       0.00          0          0          0          0          0          0          0          0
  pscost           :       0.00       0.00          0          0          0          0          0          0          0          0
  random           :       0.00       0.00          0          0          0          0          0          0          0          0
  relpscost        :      71.54       0.00         52          0          0          0        131          0         18         72
  vanillafullstrong:       0.00       0.00          0          0          0          0          0          0          0          0
Primal Heuristics  :   ExecTime  SetupTime      Calls      Found       Best
  LP solutions     :       0.00          -          -          2          2
  relax solutions  :       0.00          -          -          0          0
  pseudo solutions :       0.00          -          -          0          0
  strong branching :       0.00          -          -          2          2
  actconsdiving    :       0.00       0.00          0          0          0
  adaptivediving   :       0.04       0.00          1          0          0
  alns             :       0.07       0.00          1          0          0
  bound            :       0.00       0.00          0          0          0
  clique           :       0.03       0.00          1          0          0
  coefdiving       :       0.00       0.00          0          0          0
  completesol      :       0.00       0.00          0          0          0
  conflictdiving   :       4.79       0.00          1          0          0
  crossover        :       0.00       0.00          0          0          0
  dins             :       0.00       0.00          0          0          0
  distributiondivin:       0.04       0.00          1          0          0
  dps              :       0.00       0.00          0          0          0
  dualval          :       0.00       0.00          0          0          0
  farkasdiving     :       0.00       0.00          0          0          0
  feaspump         :       3.45       0.00          1          1          1
  fixandinfer      :       0.00       0.00          0          0          0
  fracdiving       :       0.06       0.00          1          0          0
  gins             :       0.00       0.00          0          0          0
  guideddiving     :       0.00       0.00          0          0          0
  indicator        :       0.00       0.00          0          0          0
  indicatordiving  :       0.00       0.00          0          0          0
  intdiving        :       0.00       0.00          0          0          0
  intshifting      :       0.25       0.00          2          1          1
  linesearchdiving :       0.00       0.00          0          0          0
  localbranching   :       0.00       0.00          0          0          0
  locks            :       0.61       0.00          1          0          0
  lpface           :       0.00       0.00          0          0          0
  mpec             :       0.00       0.00          0          0          0
  multistart       :       0.00       0.00          0          0          0
  mutation         :       0.00       0.00          0          0          0
  nlpdiving        :       0.00       0.00          0          0          0
  objpscostdiving  :       0.07       0.00          1          1          1
  octane           :       0.00       0.00          0          0          0
  ofins            :       0.00       0.00          0          0          0
  oneopt           :       0.01       0.00         10          0          0
  padm             :       0.00       0.00          0          0          0
  proximity        :       0.00       0.00          0          0          0
  pscostdiving     :       1.71       0.00          1          1          1
  randrounding     :       2.25       0.00         58          0          0
  rens             :       2.92       0.00          1          1          0
  reoptsols        :       0.00       0.00          0          0          0
  repair           :       0.00       0.00          0          0          0
  rins             :       0.00       0.00          0          0          0
  rootsoldiving    :       0.00       0.00          0          0          0
  rounding         :       0.06       0.00        139          0          0
  scheduler        :       0.00       0.00          0          0          0
  shiftandpropagate:       0.00       0.00          0          0          0
  shifting         :       0.71       0.00         61          5          2
  simplerounding   :       0.00       0.00          0          0          0
  subnlp           :       0.00       0.00          0          0          0
  trivial          :       0.00       0.00          2          0          0
  trivialnegation  :       0.00       0.00          0          0          0
  trustregion      :       0.00       0.00          0          0          0
  trysol           :       0.00       0.00          0          0          0
  twoopt           :       0.00       0.00          0          0          0
  undercover       :       0.00       0.00          0          0          0
  vbounds          :       0.38       0.00          1          3          3
  veclendiving     :       0.07       0.00          1          0          0
  zeroobj          :       0.00       0.00          0          0          0
  zirounding       :       0.01       0.00         36          0          0
  other solutions  :          -          -          -          0          -
LNS (Scheduler)    :      Calls  SetupTime  SolveTime SolveNodes       Sols       Best       Exp3    Exp3-IX  EpsGreedy        UCB TgtFixRate  Opt  Inf Node Stal  Sol  Usr Othr Actv
  rens             :          0       0.00       0.00          0          0          0    0.00000    0.12500   -1.00000    1.00000      0.900    0    0    0    0    0    0    0    1
  rins             :          0       0.00       0.00          0          0          0    0.00000    0.12500   -1.00000    1.00000      0.900    0    0    0    0    0    0    0    1
  mutation         :          0       0.00       0.00          0          0          0    0.00000    0.12500   -1.00000    1.00000      0.900    0    0    0    0    0    0    0    1
  localbranching   :          0       0.00       0.00          0          0          0    0.00000    0.12500   -1.00000    1.00000      0.900    0    0    0    0    0    0    0    1
  crossover        :          0       0.00       0.00          0          0          0    0.00000    0.12500   -1.00000    1.00000      0.900    0    0    0    0    0    0    0    1
  proximity        :          0       0.00       0.00          0          0          0    0.00000    0.12500   -1.00000    1.00000      0.900    0    0    0    0    0    0    0    1
  zeroobjective    :          0       0.00       0.00          0          0          0    0.00000    0.12500   -1.00000    1.00000      0.900    0    0    0    0    0    0    0    1
  dins             :          0       0.00       0.00          0          0          0    0.00000    0.12500   -1.00000    1.00000      0.900    0    0    0    0    0    0    0    1
  trustregion      :          0       0.00       0.00          0          0          0    0.00000    0.00000   -1.00000    1.00000      0.900    0    0    0    0    0    0    0    0
LP                 :       Time      Calls Iterations  Iter/call   Iter/sec  Time-0-It Calls-0-It    ItLimit
  primal LP        :       0.02         12          0       0.00       0.00       0.02         12
  dual LP          :      46.70        305     121969     594.97    2611.76       0.11        100
  lex dual LP      :       0.00          0          0       0.00          -
  barrier LP       :       0.00          0          0       0.00          -       0.00          0
  resolve instable :       0.00          0          0       0.00          -
  diving/probing LP:      10.08         63      26317     417.73    2611.31
  strong branching :      70.36        252     183440     727.94    2607.35          -          -        308
    (at root node) :          -         28      28000    1000.00          -
  conflict analysis:       0.25         74        714       9.65    2901.24
B&B Tree           :
  number of runs   :          1
  nodes            :         67 (36 internal, 31 leaves)
  feasible leaves  :          2
  infeas. leaves   :          0
  objective leaves :         29
  nodes (total)    :         67 (36 internal, 31 leaves)
  nodes left       :          0
  max depth        :         16
  max depth (total):         16
  backtracks       :         33 (49.3%)
  early backtracks :          0 (0.0%)
  nodes exc. ref.  :          0 (0.0%)
  delayed cutoffs  :          0
  repropagations   :          8 (0 domain reductions, 0 cutoffs)
  avg switch length:       7.49
  switching time   :       0.05
Root Node          :
  First LP value   : +1.94852942470522e+03
  First LP Iters   :       2022 (6511.62 Iter/sec)
  First LP Time    :       0.31
  Final Dual Bound : +2.04464694847320e+03
  Final Root Iters :      70654
  Root LP Estimate : +2.04497273147083e+03
Solution           :
  Solutions found  :         17 (13 improvements)
  First Solution   : +2.29002785497374e+03   (in run 1, after 1 nodes, 4.30 seconds, depth 285, found by <vbounds>)
  Gap First Sol.   :      36.68 %
  Gap Last Sol.    :       0.00 %
  Primal Bound     : +2.04474204980503e+03   (in run 1, after 52 nodes, 143.89 seconds, depth 18, found by <relaxation>)
  Dual Bound       : +2.04474204980503e+03
  Gap              :       0.00 %
Integrals          :      Total       Avg%
  primal-dual      :     611.52       4.18
  primal-ref       :          -          - (not evaluated)
  dual-ref         :          -          - (not evaluated)

 Branching Statistics...

 Total number of propagations -> 12358

 Number of cutoffs of KnaCons -> 0

 Total number of variables fixed to 1 by the propagator -> 747

 Total number of variables fixed to 0 by the propagator -> 3632

 Maximum number of rounds of the approximation algorithm -> 5

 Runtime of the exact algorithm -> 0.0000 s

 Total number of variables fixed to 1 in the exact algorithm -> 0

 Total number of variables fixed to 0 in the exact algorithm -> 0

 Number of cutoffs in the exact algorithm -> 0

 Number of cutoffs in the approximation algorithm -> 0

 PS:  
