***************************************
*         SCIP-based CCP Solver       *
*                                     *
*    Wei Lv and Wei-Kun Chen (2024)   *
***************************************
/share/home/xiaozhou/SCIP-CCP/build/ccp -f data/CCMPPData/10-1000-3.ccmpp -s settings/CCMPPSetting/BASE+DB+OPF2.set 
SCIP version 9.1.0 [precision: 8 byte] [memory: block] [mode: optimized] [LP solver: Soplex 7.1.0] [GitHash: 8cab0278ba]
Copyright (c) 2002-2024 Zuse Institute Berlin (ZIB)

External libraries: 
  Soplex 7.1.0         Linear Programming Solver developed at Zuse Institute Berlin (soplex.zib.de) [GitHash: 595bfac9]
  CppAD 20180000.0     Algorithmic Differentiation of C++ algorithms developed by B. Bell (github.com/coin-or/CppAD)
  ZLIB 1.2.7           General purpose compression library by J. Gailly and M. Adler (zlib.net)
  GMP 6.0.0            GNU Multiple Precision Arithmetic Library developed by T. Granlund (gmplib.org)
  AMPL/MP 690e9e7      AMPL .nl file reader library (github.com/ampl/mp)
  PaPILO 2.3.0         parallel presolve for integer and linear optimization (github.com/scipopt/papilo) (built with TBB) [GitHash: 4b8ce6ed]
  Nauty 2.8.8          Computing Graph Automorphism Groups by Brendan D. McKay (users.cecs.anu.edu.au/~bdm/nauty)
  sassy 1.1            Symmetry preprocessor by Markus Anders (github.com/markusa4/sassy)

reading user parameter file <settings/CCMPPSetting/BASE+DB+OPF2.set>

read problem <data/CCMPPData/10-1000-3.ccmpp>
============

File name: 	data/CCMPPData/10-1000-3.ccmpp
Problem name:	CCMPPData/10-1000-3
Dimension: 	10
NumScenario: 	1000
ConfidenceParameter: 	0.20
IsEqualProbability: 	1
BASE+DI: 	0
BASE+sDI: 	0
BASE+DB: 	0
BASE+DB+OPF: 	1
Dominance and Aggregation Statistics......
NumEdge:        135745
NumBiEdge: 	5492
NumDomIneqs: 	130253
DominanceRatio: 0.2608
NumAggScenario: 866 
BasicNumScenario: 865 
Propagator Statistics......
NumBasicDomIneqs: 27168
NumNonReDomIneqs: 3481
Duration: 0.0700 s 

original problem has 916 variables (866 bin, 0 int, 0 impl, 50 cont) and 2012 constraints

solve problem
=============

presolving:
(round 1, fast)       5 del vars, 17 del conss, 0 add conss, 10 chg bounds, 0 chg sides, 0 chg coeffs, 0 upgd conss, 0 impls, 3481 clqs
   (0.0s) running MILP presolver
   (0.0s) MILP presolver (3 rounds): 12 aggregations, 3 fixings, 2 bound changes
(round 2, medium)     20 del vars, 17 del conss, 0 add conss, 12 chg bounds, 0 chg sides, 0 chg coeffs, 0 upgd conss, 0 impls, 3481 clqs
(round 3, fast)       20 del vars, 29 del conss, 0 add conss, 12 chg bounds, 0 chg sides, 0 chg coeffs, 0 upgd conss, 0 impls, 3481 clqs
(round 4, exhaustive) 20 del vars, 29 del conss, 0 add conss, 12 chg bounds, 0 chg sides, 0 chg coeffs, 1957 upgd conss, 0 impls, 3481 clqs
   (1.2s) probing cycle finished: starting next cycle
   (1.2s) symmetry computation started: requiring (bin +, int +, cont +), (fixed: bin -, int -, cont -)
   Symmetry detection interrupted: constraints of type chancecons do not provide symmetry information.
   If symmetries shall be detected, implement the CONSGETPERMSYMGRAPH callback.
   (1.2s) could not compute symmetry
presolving (5 rounds: 5 fast, 3 medium, 2 exhaustive):
 20 deleted vars, 29 deleted constraints, 0 added constraints, 12 tightened bounds, 0 added holes, 0 changed sides, 0 changed coefficients
 7797 implications, 4973 cliques
presolved problem has 896 variables (865 bin, 0 int, 0 impl, 31 cont) and 1983 constraints
      1 constraints of type <chancecons>
   1957 constraints of type <varbound>
     25 constraints of type <linear>
Presolving Time: 1.20

 time | node  | left  |LP iter|LP it/n|mem/heur|mdpt |vars |cons |rows |cuts |sepa|confs|strbr|  dualbound   | primalbound  |  gap   | compl. 
p 1.3s|     1 |     0 |    15 |     - | vbounds|   0 | 896 |1984 |1982 |   0 |  0 |   0 |   0 | 0.000000e+00 | 1.338956e+05 |    Inf | unknown
  1.5s|     1 |     0 |   901 |     - |    58M |   0 | 896 |1984 |1982 |   0 |  0 |   0 |   0 | 1.234698e+05 | 1.338956e+05 |   8.44%| unknown
  1.5s|     1 |     0 |  1080 |     - |    59M |   0 | 896 |1984 |2083 | 101 |  1 |   0 |   0 | 1.241005e+05 | 1.338956e+05 |   7.89%| unknown
  1.6s|     1 |     0 |  1330 |     - |    60M |   0 | 896 |1984 |2132 | 150 |  2 |   0 |   0 | 1.244361e+05 | 1.338956e+05 |   7.60%| unknown
  1.7s|     1 |     0 |  1547 |     - |    61M |   0 | 896 |1984 |2190 | 208 |  3 |   0 |   0 | 1.249841e+05 | 1.338956e+05 |   7.13%| unknown
  1.8s|     1 |     0 |  1843 |     - |    62M |   0 | 896 |1984 |2294 | 312 |  4 |   0 |   0 | 1.254982e+05 | 1.338956e+05 |   6.69%| unknown
  1.9s|     1 |     0 |  2196 |     - |    64M |   0 | 896 |1984 |2412 | 430 |  5 |   0 |   0 | 1.259963e+05 | 1.338956e+05 |   6.27%| unknown
  2.0s|     1 |     0 |  2446 |     - |    66M |   0 | 896 |1984 |2520 | 538 |  6 |   0 |   0 | 1.263580e+05 | 1.338956e+05 |   5.97%| unknown
  2.2s|     1 |     0 |  2712 |     - |    67M |   0 | 896 |1984 |2640 | 658 |  7 |   0 |   0 | 1.266013e+05 | 1.338956e+05 |   5.76%| unknown
  2.4s|     1 |     0 |  3012 |     - |    69M |   0 | 896 |1984 |2744 | 762 |  8 |   0 |   0 | 1.267910e+05 | 1.338956e+05 |   5.60%| unknown
  2.8s|     1 |     0 |  3388 |     - |    78M |   0 | 896 |1984 |2842 | 860 |  9 |   0 |   0 | 1.269345e+05 | 1.338956e+05 |   5.48%| unknown
  3.2s|     1 |     0 |  3738 |     - |    84M |   0 | 896 |1984 |2953 | 971 | 10 |   0 |   0 | 1.270519e+05 | 1.338956e+05 |   5.39%| unknown
  3.4s|     1 |     0 |  4076 |     - |    85M |   0 | 896 |1984 |3044 |1062 | 11 |   0 |   0 | 1.271305e+05 | 1.338956e+05 |   5.32%| unknown
  3.6s|     1 |     0 |  4444 |     - |    85M |   0 | 896 |1984 |3139 |1157 | 12 |   0 |   0 | 1.272301e+05 | 1.338956e+05 |   5.24%| unknown
  3.9s|     1 |     0 |  4989 |     - |    87M |   0 | 896 |1984 |3236 |1254 | 13 |   0 |   0 | 1.273183e+05 | 1.338956e+05 |   5.17%| unknown
 time | node  | left  |LP iter|LP it/n|mem/heur|mdpt |vars |cons |rows |cuts |sepa|confs|strbr|  dualbound   | primalbound  |  gap   | compl. 
  4.2s|     1 |     0 |  5391 |     - |    88M |   0 | 896 |1984 |3261 |1346 | 14 |   0 |   0 | 1.273778e+05 | 1.338956e+05 |   5.12%| unknown
  4.6s|     1 |     0 |  5905 |     - |    89M |   0 | 896 |1984 |3342 |1427 | 15 |   0 |   0 | 1.274477e+05 | 1.338956e+05 |   5.06%| unknown
  5.3s|     1 |     0 |  6323 |     - |    90M |   0 | 896 |1984 |3433 |1518 | 16 |   0 |   0 | 1.274920e+05 | 1.338956e+05 |   5.02%| unknown
  5.8s|     1 |     0 |  6750 |     - |    91M |   0 | 896 |1984 |3493 |1578 | 17 |   0 |   0 | 1.275350e+05 | 1.338956e+05 |   4.99%| unknown
  6.6s|     1 |     0 |  7284 |     - |    91M |   0 | 896 |1984 |3551 |1636 | 18 |   0 |   0 | 1.275738e+05 | 1.338956e+05 |   4.96%| unknown
  6.8s|     1 |     0 |  7741 |     - |    92M |   0 | 896 |1984 |3596 |1681 | 19 |   0 |   0 | 1.276029e+05 | 1.338956e+05 |   4.93%| unknown
  7.1s|     1 |     0 |  8079 |     - |    92M |   0 | 896 |1984 |3328 |1721 | 20 |   0 |   0 | 1.276351e+05 | 1.338956e+05 |   4.90%| unknown
  7.3s|     1 |     0 |  8376 |     - |    92M |   0 | 896 |1984 |3361 |1754 | 21 |   0 |   0 | 1.276470e+05 | 1.338956e+05 |   4.90%| unknown
  8.2s|     1 |     0 |  8794 |     - |    92M |   0 | 896 |1984 |3404 |1797 | 22 |   0 |   0 | 1.276711e+05 | 1.338956e+05 |   4.88%| unknown
  8.5s|     1 |     0 |  9335 |     - |    93M |   0 | 896 |1984 |3443 |1836 | 23 |   0 |   0 | 1.277013e+05 | 1.338956e+05 |   4.85%| unknown
  8.7s|     1 |     0 |  9647 |     - |    94M |   0 | 896 |1984 |3480 |1873 | 24 |   0 |   0 | 1.277146e+05 | 1.338956e+05 |   4.84%| unknown
  9.0s|     1 |     0 |  9997 |     - |    94M |   0 | 896 |1984 |3514 |1907 | 25 |   0 |   0 | 1.277271e+05 | 1.338956e+05 |   4.83%| unknown
  9.4s|     1 |     0 | 10492 |     - |    94M |   0 | 896 |1984 |3150 |1935 | 26 |   0 |   0 | 1.277518e+05 | 1.338956e+05 |   4.81%| unknown
  9.7s|     1 |     0 | 10916 |     - |    94M |   0 | 896 |1984 |3181 |1966 | 27 |   0 |   0 | 1.277775e+05 | 1.338956e+05 |   4.79%| unknown
 10.1s|     1 |     0 | 11298 |     - |    94M |   0 | 896 |1984 |3211 |1996 | 28 |   0 |   0 | 1.277905e+05 | 1.338956e+05 |   4.78%| unknown
 time | node  | left  |LP iter|LP it/n|mem/heur|mdpt |vars |cons |rows |cuts |sepa|confs|strbr|  dualbound   | primalbound  |  gap   | compl. 
 10.5s|     1 |     0 | 11746 |     - |    95M |   0 | 896 |1984 |3243 |2028 | 29 |   0 |   0 | 1.278070e+05 | 1.338956e+05 |   4.76%| unknown
 10.7s|     1 |     0 | 12164 |     - |    95M |   0 | 896 |1984 |3278 |2063 | 30 |   0 |   0 | 1.278221e+05 | 1.338956e+05 |   4.75%| unknown
 10.9s|     1 |     0 | 12502 |     - |    95M |   0 | 896 |1984 |3305 |2090 | 31 |   0 |   0 | 1.278343e+05 | 1.338956e+05 |   4.74%| unknown
 11.1s|     1 |     0 | 12809 |     - |    95M |   0 | 896 |1984 |3101 |2107 | 32 |   0 |   0 | 1.278413e+05 | 1.338956e+05 |   4.74%| unknown
 11.2s|     1 |     0 | 13094 |     - |    95M |   0 | 896 |1984 |3124 |2130 | 33 |   0 |   0 | 1.278530e+05 | 1.338956e+05 |   4.73%| unknown
 11.4s|     1 |     0 | 13400 |     - |    95M |   0 | 896 |1984 |3145 |2151 | 34 |   0 |   0 | 1.278621e+05 | 1.338956e+05 |   4.72%| unknown
 11.5s|     1 |     0 | 13903 |     - |    95M |   0 | 896 |1984 |3173 |2179 | 35 |   0 |   0 | 1.278783e+05 | 1.338956e+05 |   4.71%| unknown
 12.2s|     1 |     0 | 14411 |     - |    95M |   0 | 896 |1984 |3199 |2205 | 36 |   0 |   0 | 1.278927e+05 | 1.338956e+05 |   4.69%| unknown
 12.4s|     1 |     0 | 14791 |     - |    96M |   0 | 896 |1984 |3222 |2228 | 37 |   0 |   0 | 1.279045e+05 | 1.338956e+05 |   4.68%| unknown
 12.7s|     1 |     0 | 15226 |     - |    96M |   0 | 896 |1984 |3055 |2248 | 38 |   0 |   0 | 1.279129e+05 | 1.338956e+05 |   4.68%| unknown
 13.1s|     1 |     0 | 15695 |     - |    97M |   0 | 896 |1984 |3084 |2277 | 39 |   0 |   0 | 1.279240e+05 | 1.338956e+05 |   4.67%| unknown
 13.3s|     1 |     0 | 16003 |     - |    97M |   0 | 896 |1984 |3119 |2312 | 40 |   0 |   0 | 1.279309e+05 | 1.338956e+05 |   4.66%| unknown
 13.5s|     1 |     0 | 16474 |     - |    97M |   0 | 896 |1984 |3138 |2331 | 41 |   0 |   0 | 1.279418e+05 | 1.338956e+05 |   4.65%| unknown
 13.7s|     1 |     0 | 16850 |     - |    97M |   0 | 896 |1984 |3160 |2353 | 42 |   0 |   0 | 1.279515e+05 | 1.338956e+05 |   4.65%| unknown
 13.9s|     1 |     0 | 17318 |     - |    97M |   0 | 896 |1984 |3184 |2377 | 43 |   0 |   0 | 1.279640e+05 | 1.338956e+05 |   4.64%| unknown
 time | node  | left  |LP iter|LP it/n|mem/heur|mdpt |vars |cons |rows |cuts |sepa|confs|strbr|  dualbound   | primalbound  |  gap   | compl. 
 14.1s|     1 |     0 | 17731 |     - |    97M |   0 | 896 |1984 |3086 |2411 | 44 |   0 |   0 | 1.279688e+05 | 1.338956e+05 |   4.63%| unknown
 14.3s|     1 |     0 | 18163 |     - |    97M |   0 | 896 |1984 |3118 |2443 | 45 |   0 |   0 | 1.279792e+05 | 1.338956e+05 |   4.62%| unknown
 14.5s|     1 |     0 | 18649 |     - |    97M |   0 | 896 |1984 |3148 |2473 | 46 |   0 |   0 | 1.279910e+05 | 1.338956e+05 |   4.61%| unknown
r14.6s|     1 |     0 | 19329 |     - |intshift|   0 | 896 |1984 |3148 |2473 | 46 |   0 |   0 | 1.279910e+05 | 1.335328e+05 |   4.33%| unknown
o15.1s|     1 |     0 | 22624 |     - |feaspump|   0 | 896 |1984 |3148 |2473 | 46 |   0 |   0 | 1.279910e+05 | 1.301252e+05 |   1.67%| unknown
 15.2s|     1 |     0 | 22624 |     - |    97M |   0 | 896 |1984 |3148 |2473 | 46 |   0 |   0 | 1.279910e+05 | 1.301252e+05 |   1.67%| unknown
 15.6s|     1 |     0 | 23098 |     - |    97M |   0 | 896 |1984 |3179 |2504 | 47 |   0 |   0 | 1.279987e+05 | 1.301252e+05 |   1.66%| unknown
 15.8s|     1 |     0 | 23312 |     - |    97M |   0 | 896 |1984 |3107 |2527 | 48 |   0 |   0 | 1.280000e+05 | 1.301252e+05 |   1.66%| unknown
 20.2s|     1 |     2 | 23312 |     - |    97M |   0 | 896 |1984 |3107 |2527 | 48 |   0 |  30 | 1.280350e+05 | 1.301252e+05 |   1.63%| unknown
r23.5s|    15 |     4 | 25369 | 434.0 |rounding|   9 | 896 |1955 |2619 |2527 |  0 |   2 |  95 | 1.280731e+05 | 1.298220e+05 |   1.37%|   9.56%
*25.2s|    17 |     3 | 25727 | 402.1 |strongbr|   9 | 896 |1956 |2619 |2527 |  5 |   3 | 158 | 1.280731e+05 | 1.292128e+05 |   0.89%|  12.24%
*25.7s|    18 |     4 | 25919 | 389.8 |    LP  |   9 | 896 |1957 |2619 |2527 |  2 |   4 | 193 | 1.280731e+05 | 1.292044e+05 |   0.88%|  12.24%
*26.0s|    19 |     3 | 25998 | 372.5 |strongbr|   9 | 896 |1957 |2619 |2527 | 11 |   6 | 222 | 1.280731e+05 | 1.291896e+05 |   0.87%|  14.53%
*26.1s|    20 |     4 | 26022 | 354.2 |strongbr|   9 | 896 |1957 |2619 |2527 |  1 |   6 | 231 | 1.280731e+05 | 1.291496e+05 |   0.84%|  14.53%
*26.5s|    22 |     4 | 26188 | 328.3 |strongbr|   9 | 896 |1957 |2619 |2527 |  4 |   9 | 269 | 1.280731e+05 | 1.291372e+05 |   0.83%|  19.87%
 time | node  | left  |LP iter|LP it/n|mem/heur|mdpt |vars |cons |rows |cuts |sepa|confs|strbr|  dualbound   | primalbound  |  gap   | compl. 
*26.6s|    23 |     5 | 26211 | 314.5 |strongbr|   9 | 896 |1957 |2619 |2527 |  1 |   9 | 275 | 1.280731e+05 | 1.290662e+05 |   0.78%|  19.87%
*26.6s|    24 |     4 | 26264 | 303.1 |strongbr|   9 | 896 |1958 |2619 |2527 |  2 |  10 | 284 | 1.280731e+05 | 1.289432e+05 |   0.68%|  20.16%
*30.1s|    32 |     6 | 27014 | 249.1 |strongbr|   9 | 896 |1958 |2619 |2527 |  2 |  12 | 445 | 1.280731e+05 | 1.289368e+05 |   0.67%|  26.95%
*30.1s|    34 |     4 | 27051 | 235.1 |strongbr|   9 | 896 |1959 |2619 |2527 |  3 |  13 | 449 | 1.280731e+05 | 1.288325e+05 |   0.59%|  29.00%
*30.2s|    34 |     4 | 27095 | 236.4 |strongbr|   9 | 896 |1959 |2619 |2527 |  5 |  13 | 453 | 1.280731e+05 | 1.287668e+05 |   0.54%|  29.00%
*30.2s|    34 |     4 | 27112 | 236.9 |    LP  |   9 | 896 |1959 |2619 |2527 |  6 |  13 | 454 | 1.280731e+05 | 1.286692e+05 |   0.47%|  29.00%
*30.8s|    48 |     6 | 27691 | 178.7 |    LP  |  10 | 896 |1959 |2621 |2551 |  1 |  16 | 496 | 1.280731e+05 | 1.286382e+05 |   0.44%|  30.55%
*30.8s|    51 |     5 | 27718 | 168.5 |    LP  |  10 | 896 |1959 |2625 |2555 |  3 |  16 | 496 | 1.280731e+05 | 1.285920e+05 |   0.41%|  30.62%

SCIP Status        : problem is solved [optimal solution found]
Solving Time (sec) : 38.48
Solving Nodes      : 58
Primal Bound       : +1.28591979000000e+05 (18 solutions)
Dual Bound         : +1.28591979000000e+05
Gap                : 0.00 %

primal solution (original space):
=================================

objective value:                           128591.979
z#10                                                1 	(obj:0)
z#22                                                1 	(obj:0)
z#28                                                1 	(obj:0)
z#33                                                1 	(obj:0)
z#37                                                1 	(obj:0)
z#38                                                1 	(obj:0)
z#41                                                1 	(obj:0)
z#53                                                1 	(obj:0)
z#56                                                1 	(obj:0)
z#58                                                1 	(obj:0)
z#66                                                1 	(obj:0)
z#67                                                1 	(obj:0)
z#70                                                1 	(obj:0)
z#72                                                1 	(obj:0)
z#73                                                1 	(obj:0)
z#74                                                1 	(obj:0)
z#75                                                1 	(obj:0)
z#76                                 0.99999999999832 	(obj:0)
z#77                                                1 	(obj:0)
z#83                                                1 	(obj:0)
z#86                                                1 	(obj:0)
z#89                                                1 	(obj:0)
z#100                                               1 	(obj:0)
z#107                                               1 	(obj:0)
z#109                                               1 	(obj:0)
z#111                                               1 	(obj:0)
z#120                                               1 	(obj:0)
z#121                                               1 	(obj:0)
z#125                                               1 	(obj:0)
z#126                                               1 	(obj:0)
z#127                                               1 	(obj:0)
z#129                                               1 	(obj:0)
z#130                                               1 	(obj:0)
z#135                                               1 	(obj:0)
z#138                                               1 	(obj:0)
z#144                                               1 	(obj:0)
z#145                                               1 	(obj:0)
z#146                                               1 	(obj:0)
z#147                                               1 	(obj:0)
z#153                                               1 	(obj:0)
z#167                                               1 	(obj:0)
z#168                                               1 	(obj:0)
z#169                                               1 	(obj:0)
z#170                                               1 	(obj:0)
z#172                                               1 	(obj:0)
z#173                                               1 	(obj:0)
z#183                                               1 	(obj:0)
z#190                                               1 	(obj:0)
z#193                                               1 	(obj:0)
z#201                                               1 	(obj:0)
z#204                                               1 	(obj:0)
z#212                                               1 	(obj:0)
z#221                                               1 	(obj:0)
z#222                                               1 	(obj:0)
z#225                                               1 	(obj:0)
z#230                                               1 	(obj:0)
z#236                                               1 	(obj:0)
z#239                                               1 	(obj:0)
z#241                                               1 	(obj:0)
z#243                                               1 	(obj:0)
z#253                                               1 	(obj:0)
z#259                                               1 	(obj:0)
z#264                                               1 	(obj:0)
z#268                                               1 	(obj:0)
z#269                                               1 	(obj:0)
z#272                                               1 	(obj:0)
z#274                                               1 	(obj:0)
z#276                                               1 	(obj:0)
z#280                                               1 	(obj:0)
z#286                                               1 	(obj:0)
z#289                                               1 	(obj:0)
z#290                                               1 	(obj:0)
z#296                                               1 	(obj:0)
z#297                                               1 	(obj:0)
z#298                                               1 	(obj:0)
z#306                                               1 	(obj:0)
z#307                                               1 	(obj:0)
z#312                                               1 	(obj:0)
z#314                                               1 	(obj:0)
z#325                                               1 	(obj:0)
z#327                                               1 	(obj:0)
z#331                                               1 	(obj:0)
z#333                                               1 	(obj:0)
z#334                                               1 	(obj:0)
z#335                                               1 	(obj:0)
z#337                                               1 	(obj:0)
z#342                                               1 	(obj:0)
z#345                                               1 	(obj:0)
z#346                                               1 	(obj:0)
z#348                                               1 	(obj:0)
z#353                                               1 	(obj:0)
z#357                                               1 	(obj:0)
z#362                                               1 	(obj:0)
z#363                                               1 	(obj:0)
z#368                                               1 	(obj:0)
z#370                                0.99999999999832 	(obj:0)
z#377                                               1 	(obj:0)
z#379                                               1 	(obj:0)
z#380                                               1 	(obj:0)
z#382                                               1 	(obj:0)
z#391                                               1 	(obj:0)
z#395                                               1 	(obj:0)
z#397                                               1 	(obj:0)
z#398                                               1 	(obj:0)
z#401                                               1 	(obj:0)
z#407                                               1 	(obj:0)
z#409                                               1 	(obj:0)
z#414                                               1 	(obj:0)
z#416                                               1 	(obj:0)
z#426                                               1 	(obj:0)
z#437                                               1 	(obj:0)
z#452                                               1 	(obj:0)
z#459                                               1 	(obj:0)
z#461                                               1 	(obj:0)
z#462                                               1 	(obj:0)
z#468                                               1 	(obj:0)
z#472                                               1 	(obj:0)
z#478                                               1 	(obj:0)
z#494                                               1 	(obj:0)
z#496                                               1 	(obj:0)
z#499                                               1 	(obj:0)
z#500                                               1 	(obj:0)
z#507                                               1 	(obj:0)
z#517                                               1 	(obj:0)
z#519                                               1 	(obj:0)
z#531                                               1 	(obj:0)
z#534                                               1 	(obj:0)
z#541                                               1 	(obj:0)
z#543                                               1 	(obj:0)
z#550                                               1 	(obj:0)
z#551                                               1 	(obj:0)
z#554                                               1 	(obj:0)
z#556                                               1 	(obj:0)
z#558                                               1 	(obj:0)
z#563                                               1 	(obj:0)
z#566                                               1 	(obj:0)
z#580                                               1 	(obj:0)
z#586                                               1 	(obj:0)
z#588                                               1 	(obj:0)
z#600                                               1 	(obj:0)
z#601                                               1 	(obj:0)
z#605                                               1 	(obj:0)
z#608                                               1 	(obj:0)
z#611                                               1 	(obj:0)
z#616                                               1 	(obj:0)
z#618                                               1 	(obj:0)
z#630                                               1 	(obj:0)
z#635                                               1 	(obj:0)
z#636                                               1 	(obj:0)
z#640                                               1 	(obj:0)
z#644                                               1 	(obj:0)
z#645                                               1 	(obj:0)
z#653                                               1 	(obj:0)
z#658                                               1 	(obj:0)
z#668                                               1 	(obj:0)
z#670                                               1 	(obj:0)
z#671                                               1 	(obj:0)
z#674                                               1 	(obj:0)
z#676                                               1 	(obj:0)
z#692                                               1 	(obj:0)
z#696                                               1 	(obj:0)
z#699                                               1 	(obj:0)
z#705                                               1 	(obj:0)
z#707                                               1 	(obj:0)
z#714                                               1 	(obj:0)
z#717                                               1 	(obj:0)
z#718                                               1 	(obj:0)
z#725                                               1 	(obj:0)
z#726                                               1 	(obj:0)
z#729                                               1 	(obj:0)
z#741                                               1 	(obj:0)
z#746                                               1 	(obj:0)
z#754                                               1 	(obj:0)
z#755                                0.99999999999832 	(obj:0)
z#762                                               1 	(obj:0)
z#765                                               1 	(obj:0)
z#769                                               1 	(obj:0)
z#773                                               1 	(obj:0)
z#782                                               1 	(obj:0)
z#783                                               1 	(obj:0)
z#785                                               1 	(obj:0)
z#789                                               1 	(obj:0)
z#798                                               1 	(obj:0)
z#807                                               1 	(obj:0)
z#809                                               1 	(obj:0)
z#817                                               1 	(obj:0)
z#826                                               1 	(obj:0)
z#829                                               1 	(obj:0)
z#830                                               1 	(obj:0)
z#833                                               1 	(obj:0)
z#835                                               1 	(obj:0)
z#836                                               1 	(obj:0)
z#838                                               1 	(obj:0)
z#852                                               1 	(obj:0)
z#854                                               1 	(obj:0)
z#864                                               1 	(obj:0)
z#865                                               1 	(obj:0)
y#0                                  33.0210000000019 	(obj:164)
y#1                                  104.778999999998 	(obj:104)
x#0                                  458.978999999998 	(obj:231)
x#4                                  56.8670000000023 	(obj:110)
u#0                                  458.978999999998 	(obj:0)
u#1                                  458.978999999998 	(obj:0)
u#2                                  458.978999999998 	(obj:0)
u#3                                  458.978999999998 	(obj:0)
u#4                                           515.846 	(obj:0)
u#5                                           515.846 	(obj:0)
u#6                                           515.846 	(obj:0)
u#7                                           515.846 	(obj:0)
u#8                                           515.846 	(obj:0)
u#9                                           515.846 	(obj:0)
v#0                                  33.0210000000019 	(obj:0)
v#1                                  137.799999999999 	(obj:0)
v#2                                  137.799999999999 	(obj:0)
v#3                                  137.799999999999 	(obj:0)
v#4                                  137.799999999999 	(obj:0)
v#5                                  137.799999999999 	(obj:0)
v#6                                  137.799999999999 	(obj:0)
v#7                                  137.799999999999 	(obj:0)
v#8                                  137.799999999999 	(obj:0)
v#9                                  137.799999999999 	(obj:0)
w#0                                               492 	(obj:0)
w#1                                  596.778999999998 	(obj:0)
w#2                                  596.778999999998 	(obj:0)
w#3                                  596.778999999998 	(obj:0)
w#4                                           653.646 	(obj:0)
w#5                                           653.646 	(obj:0)
w#6                                           653.646 	(obj:0)
w#7                                           653.646 	(obj:0)
w#8                                           653.646 	(obj:0)
w#9                                           653.646 	(obj:0)

Statistics
==========

SCIP Status        : problem is solved [optimal solution found]
Total Time         :      38.61
  solving          :      38.48
  presolving       :       1.20 (included in solving)
  reading          :       0.13
  copying          :       0.03 (1 #copies) (minimal 0.03, maximal 0.03, average 0.03)
Original Problem   :
  Problem name     : CCMPPData/10-1000-3
  Variables        : 916 (866 binary, 0 integer, 0 implicit integer, 50 continuous)
  Constraints      : 2012 initial, 2012 maximal
  Objective        : minimize, 20 non-zeros (abs.min = 104, abs.max = 298)
Presolved Problem  :
  Problem name     : t_CCMPPData/10-1000-3
  Variables        : 896 (865 binary, 0 integer, 0 implicit integer, 31 continuous)
  Constraints      : 1983 initial, 1985 maximal
  Objective        : minimize, 17 non-zeros (abs.min = 104, abs.max = 271)
  Nonzeros         : 4939 constraint, 9182 clique table
Presolvers         :   ExecTime  SetupTime  Calls  FixedVars   AggrVars   ChgTypes  ChgBounds   AddHoles    DelCons    AddCons   ChgSides   ChgCoefs
  boundshift       :       0.00       0.00      0          0          0          0          0          0          0          0          0          0
  convertinttobin  :       0.00       0.00      0          0          0          0          0          0          0          0          0          0
  domcol           :       0.01       0.00      1          0          0          0          0          0          0          0          0          0
  dualagg          :       0.00       0.00      0          0          0          0          0          0          0          0          0          0
  dualcomp         :       0.00       0.00      1          0          0          0          0          0          0          0          0          0
  dualinfer        :       0.00       0.00      0          0          0          0          0          0          0          0          0          0
  dualsparsify     :       0.01       0.00      1          0          0          0          0          0          0          0          0          0
  gateextraction   :       0.00       0.00      0          0          0          0          0          0          0          0          0          0
  implics          :       0.00       0.00      3          0          0          0          0          0          0          0          0          0
  inttobinary      :       0.00       0.00      0          0          0          0          0          0          0          0          0          0
  milp             :       0.01       0.00      1          3         12          0          2          0          0          0          0          0
  qpkktref         :       0.00       0.00      0          0          0          0          0          0          0          0          0          0
  redvub           :       0.00       0.00      0          0          0          0          0          0          0          0          0          0
  sparsify         :       0.00       0.00      1          0          0          0          0          0          0          0          0          0
  stuffing         :       0.00       0.00      0          0          0          0          0          0          0          0          0          0
  trivial          :       0.00       0.00      5          0          0          0          0          0          0          0          0          0
  tworowbnd        :       0.00       0.00      0          0          0          0          0          0          0          0          0          0
  dualfix          :       0.00       0.00      5          1          0          0          0          0          0          0          0          0
  genvbounds       :       0.00       0.00      0          0          0          0          0          0          0          0          0          0
  probing          :       1.15       0.00      1          0          0          0          0          0          0          0          0          0
  pseudoobj        :       0.00       0.00      0          0          0          0          0          0          0          0          0          0
  symmetry         :       0.00       0.00      1          0          0          0          0          0          0          0          0          0
  vbounds          :       0.00       0.00      1          0          0          0          0          0          0          0          0          0
  chancecons       :       0.00       0.00      1          0          0          0          0          0          0          0          0          0
  varbound         :       0.00       0.00      2          0          0          0          0          0          0          0          0          0
  linear           :       0.01       0.00      7          0          4          0         10          0         29          0          0          0
  logicor          :       0.00       0.00      0          0          0          0          0          0          0          0          0          0
  bounddisjunction :       0.00       0.00      0          0          0          0          0          0          0          0          0          0
  benders          :       0.00       0.00      0          0          0          0          0          0          0          0          0          0
  components       :       0.00       0.00      1          0          0          0          0          0          0          0          0          0
  root node        :          -          -      -        842          -          -       1501          -          -          -          -          -
Constraints        :     Number  MaxNumber  #Separate #Propagate    #EnfoLP    #EnfoRelax  #EnfoPS    #Check   #ResProp    Cutoffs    DomReds       Cuts    Applied      Conss   Children
  benderslp        :          0          0          0          0        159          0          0         66          0          0          0          0          0          0          0
  chancecons       :          1          1         57       9471          0          0          0          0          0         24       4605        310        281          0          0
  integral         :          0          0          0          0        159          0          0         66          0          0       1515          0          0         18         62
  varbound         :       1957       1957         47       9458          4          0          0         61         28          0        345          0          0          0          0
  linear           :         25+        34         47       9506          4          0          0         19          7         48       2127          0          0          0          0
  logicor          :          0+         9         47        228          0          0          0          0          0          1          0          0          0          0          0
  bounddisjunction :          0+         2          0         13          0          0          0          0          0          0          0          0          0          0          0
  benders          :          0          0          0          0          4          0          0         15          0          0          0          0          0          0          0
  fixedvar         :          0          0          0          0          4          0          0         15          0          0          0          0          0          0          0
  countsols        :          0          0          0          0          4          0          0         15          0          0          0          0          0          0          0
  components       :          0          0          0          0          0          0          0          0          0          0          0          0          0          0          0
Constraint Timings :  TotalTime  SetupTime   Separate  Propagate     EnfoLP     EnfoPS     EnfoRelax   Check    ResProp    SB-Prop
  benderslp        :       0.00       0.00       0.00       0.00       0.00       0.00       0.00       0.00       0.00       0.00
  chancecons       :       2.80       0.00       0.01       1.63       0.00       0.00       0.00       0.00       0.00       1.15
  integral         :      21.40       0.00       0.00       0.00      21.40       0.00       0.00       0.00       0.00       0.00
  varbound         :       0.24       0.00       0.01       0.15       0.00       0.00       0.00       0.00       0.00       0.08
  linear           :       0.09       0.00       0.01       0.02       0.00       0.00       0.00       0.00       0.00       0.06
  logicor          :       0.00       0.00       0.00       0.00       0.00       0.00       0.00       0.00       0.00       0.00
  bounddisjunction :       0.00       0.00       0.00       0.00       0.00       0.00       0.00       0.00       0.00       0.00
  benders          :       0.00       0.00       0.00       0.00       0.00       0.00       0.00       0.00       0.00       0.00
  fixedvar         :       0.00       0.00       0.00       0.00       0.00       0.00       0.00       0.00       0.00       0.00
  countsols        :       0.00       0.00       0.00       0.00       0.00       0.00       0.00       0.00       0.00       0.00
  components       :       0.00       0.00       0.00       0.00       0.00       0.00       0.00       0.00       0.00       0.00
Propagators        : #Propagate   #ResProp    Cutoffs    DomReds
  dualfix          :         10          0          0          0
  genvbounds       :          0          0          0          0
  nlobbt           :          0          0          0          0
  obbt             :          0          0          0          0
  probing          :          0          0          0          0
  pseudoobj        :        737          0          0         57
  redcost          :        426          0          0        330
  rootredcost      :         15          0          0         99
  symmetry         :          0          0          0          0
  vbounds          :       5087          0          0          0
Propagator Timings :  TotalTime  SetupTime   Presolve  Propagate    ResProp    SB-Prop
  dualfix          :       0.00       0.00       0.00       0.00       0.00       0.00
  genvbounds       :       0.00       0.00       0.00       0.00       0.00       0.00
  nlobbt           :       0.00       0.00       0.00       0.00       0.00       0.00
  obbt             :       0.00       0.00       0.00       0.00       0.00       0.00
  probing          :       1.15       0.00       1.15       0.00       0.00       0.00
  pseudoobj        :       0.00       0.00       0.00       0.00       0.00       0.00
  redcost          :       0.01       0.00       0.00       0.01       0.00       0.00
  rootredcost      :       0.00       0.00       0.00       0.00       0.00       0.00
  symmetry         :       0.00       0.00       0.00       0.00       0.00       0.00
  vbounds          :       0.02       0.00       0.00       0.01       0.00       0.01
Symmetry           :
  orbitopal red.   :          0 reductions applied,          0 cutoffs
  orbital reduction:          0 reductions applied,          0 cutoffs
  lexicographic red:          0 reductions applied,          0 cutoffs
  shadow tree time :       0.00 s
Conflict Analysis  :       Time      Calls    Success    DomReds  Conflicts   Literals    Reconvs ReconvLits   Dualrays   Nonzeros   LP Iters   (pool size: [10000,10000])
  propagation      :       0.00          1          0          -          0        0.0          0        0.0          -          -          -
  infeasible LP    :       0.00          1          1          -          2        2.5          0        0.0          1        2.0          0
  bound exceed. LP :       0.07         74         73          -         27       78.7          0        0.0         51        7.7        470
  strong branching :       0.00          0          0          -          0        0.0          0        0.0          -          -          0
  pseudo solution  :       0.00          0          0          -          0        0.0          0        0.0          -          -          -
  applied globally :       0.00          -          -         41         10       17.7          -          -         52          -          -
  applied locally  :          -          -          -          0          7      200.6          -          -          0          -          -
Separators         :   ExecTime  SetupTime      Calls  RootCalls    Cutoffs    DomReds  FoundCuts ViaPoolAdd  DirectAdd    Applied ViaPoolApp  DirectApp      Conss
  cut pool         :       0.07          -        112         94          -          -      16017      27456          -          -          -          -          -    (maximal pool size:      16016)
  aggregation      :       7.99       0.00         55         47          0          0      11833      18938          0        879        879          0          0
  > cmir           :          -          -          -          -          -          -          -      18938          0        879        879          0          -
  > flowcover      :          -          -          -          -          -          -          -          0          0          0          0          0          -
  > knapsackcover  :          -          -          -          -          -          -          -          0          0          0          0          0          -
  cgmip            :       0.00       0.00          0          0          0          0          0          0          0          0          0          0          0
  clique           :       0.41       0.00         47         47          0          0          2          2          0          0          0          0          0
  closecuts        :       0.00       0.00          0          0          0          0          0          0          0          0          0          0          0
  convexproj       :       0.00       0.00          0          0          0          0          0          0          0          0          0          0          0
  disjunctive      :       0.00       0.00          0          0          0          0          0          0          0          0          0          0          0
  eccuts           :       0.00       0.00          0          0          0          0          0          0          0          0          0          0          0
  gauge            :       0.00       0.00          0          0          0          0          0          0          0          0          0          0          0
  gomory           :       0.71       0.00         18         10          0          0       2051       3673          0        140        140          0          0
  > gomorymi       :          -          -          -          -          -          -          -       3673          0        140        140          0          -
  > strongcg       :          -          -          -          -          -          -          -          0          0          0          0          0          -
  impliedbounds    :       0.02       0.00         55         47          0          0       2130       4843          0       1255       1255          0          0
  interminor       :       0.00       0.00          0          0          0          0          0          0          0          0          0          0          0
  intobj           :       0.00       0.00          0          0          0          0          0          0          0          0          0          0          0
  lagromory        :       0.00       0.00          0          0          0          0          0          0          0          0          0          0          0
  mcf              :       0.00       0.00          1          1          0          0          0          0          0          0          0          0          0
  minor            :       0.00       0.00         10         10          0          0          0          0          0          0          0          0          0
  mixing           :       0.00       0.00          0          0          0          0          0          0          0          0          0          0          0
  oddcycle         :       0.00       0.00          0          0          0          0          0          0          0          0          0          0          0
  rapidlearning    :       0.00       0.00          0          0          0          0          0          0          0          0          0          0          0
  rlt              :       0.00       0.00         10         10          0          0          0          0          0          0          0          0          0
  zerohalf         :       0.02       0.00         28         20          0          0          0          0          0          0          0          0          0
Cutselectors       :   ExecTime  SetupTime      Calls  RootCalls   Selected     Forced   Filtered  RootSelec   RootForc   RootFilt 
  hybrid           :       0.05       0.00         56         48       2555          0      25211       2527          0      25117
  ensemble         :       0.00       0.00          0          0          0          0          0          0          0          0
  dynamic          :       0.00       0.00          0          0          0          0          0          0          0          0
Pricers            :   ExecTime  SetupTime      Calls       Vars
  problem variables:       0.00          -          0          0
Branching Rules    :   ExecTime  SetupTime   BranchLP  BranchExt   BranchPS    Cutoffs    DomReds       Cuts      Conss   Children
  allfullstrong    :       0.00       0.00          0          0          0          0          0          0          0          0
  cloud            :       0.00       0.00          0          0          0          0          0          0          0          0
  distribution     :       0.00       0.00          0          0          0          0          0          0          0          0
  fullstrong       :       0.00       0.00          0          0          0          0          0          0          0          0
  gomory           :       0.00       0.00          0          0          0          0          0          0          0          0
  inference        :       0.00       0.00          0          0          0          0          0          0          0          0
  leastinf         :       0.00       0.00          0          0          0          0          0          0          0          0
  lookahead        :       0.00       0.00          0          0          0          0          0          0          0          0
  mostinf          :       0.00       0.00          0          0          0          0          0          0          0          0
  multaggr         :       0.00       0.00          0          0          0          0          0          0          0          0
  nodereopt        :       0.00       0.00          0          0          0          0          0          0          0          0
  pscost           :       0.00       0.00          0          0          0          0          0          0          0          0
  random           :       0.00       0.00          0          0          0          0          0          0          0          0
  relpscost        :      21.40       0.00        155          0          0          0       1515          0         19         62
  vanillafullstrong:       0.00       0.00          0          0          0          0          0          0          0          0
Primal Heuristics  :   ExecTime  SetupTime      Calls      Found       Best
  LP solutions     :       0.00          -          -          4          4
  relax solutions  :       0.00          -          -          0          0
  pseudo solutions :       0.00          -          -          0          0
  strong branching :       0.01          -          -          9          9
  actconsdiving    :       0.00       0.00          0          0          0
  adaptivediving   :       0.00       0.00          0          0          0
  alns             :       0.07       0.00          1          0          0
  bound            :       0.00       0.00          0          0          0
  clique           :       0.01       0.00          1          0          0
  coefdiving       :       0.00       0.00          0          0          0
  completesol      :       0.00       0.00          0          0          0
  conflictdiving   :       0.00       0.00          0          0          0
  crossover        :       0.00       0.00          0          0          0
  dins             :       0.00       0.00          0          0          0
  distributiondivin:       0.00       0.00          0          0          0
  dps              :       0.00       0.00          0          0          0
  dualval          :       0.00       0.00          0          0          0
  farkasdiving     :       0.00       0.00          0          0          0
  feaspump         :       0.56       0.00          1          1          1
  fixandinfer      :       0.00       0.00          0          0          0
  fracdiving       :       0.00       0.00          0          0          0
  gins             :       0.00       0.00          0          0          0
  guideddiving     :       0.00       0.00          0          0          0
  indicator        :       0.00       0.00          0          0          0
  indicatordiving  :       0.00       0.00          0          0          0
  intdiving        :       0.00       0.00          0          0          0
  intshifting      :       0.07       0.00          1          1          1
  linesearchdiving :       0.00       0.00          0          0          0
  localbranching   :       0.00       0.00          0          0          0
  locks            :       0.07       0.00          1          0          0
  lpface           :       0.00       0.00          0          0          0
  mpec             :       0.00       0.00          0          0          0
  multistart       :       0.00       0.00          0          0          0
  mutation         :       0.00       0.00          0          0          0
  nlpdiving        :       0.00       0.00          0          0          0
  objpscostdiving  :       0.00       0.00          0          0          0
  octane           :       0.00       0.00          0          0          0
  ofins            :       0.00       0.00          0          0          0
  oneopt           :       0.00       0.00         14          0          0
  padm             :       0.00       0.00          0          0          0
  proximity        :       0.00       0.00          0          0          0
  pscostdiving     :       0.00       0.00          0          0          0
  randrounding     :       0.55       0.00         50          0          0
  rens             :       0.00       0.00          0          0          0
  reoptsols        :       0.00       0.00          0          0          0
  repair           :       0.00       0.00          0          0          0
  rins             :       0.00       0.00          0          0          0
  rootsoldiving    :       0.00       0.00          0          0          0
  rounding         :       0.03       0.00        189          1          1
  scheduler        :       0.00       0.00          0          0          0
  shiftandpropagate:       0.00       0.00          0          0          0
  shifting         :       0.36       0.00         58          1          0
  simplerounding   :       0.00       0.00          0          0          0
  subnlp           :       0.00       0.00          0          0          0
  trivial          :       0.00       0.00          2          0          0
  trivialnegation  :       0.00       0.00          0          0          0
  trustregion      :       0.00       0.00          0          0          0
  trysol           :       0.00       0.00          0          0          0
  twoopt           :       0.00       0.00          0          0          0
  undercover       :       0.00       0.00          0          0          0
  vbounds          :       0.13       0.00          1          1          1
  veclendiving     :       0.00       0.00          0          0          0
  zeroobj          :       0.00       0.00          0          0          0
  zirounding       :       0.00       0.00         31          0          0
  other solutions  :          -          -          -          0          -
LNS (Scheduler)    :      Calls  SetupTime  SolveTime SolveNodes       Sols       Best       Exp3    Exp3-IX  EpsGreedy        UCB TgtFixRate  Opt  Inf Node Stal  Sol  Usr Othr Actv
  rens             :          0       0.00       0.00          0          0          0    0.00000    0.12500   -1.00000    1.00000      0.900    0    0    0    0    0    0    0    1
  rins             :          0       0.00       0.00          0          0          0    0.00000    0.12500   -1.00000    1.00000      0.900    0    0    0    0    0    0    0    1
  mutation         :          0       0.00       0.00          0          0          0    0.00000    0.12500   -1.00000    1.00000      0.900    0    0    0    0    0    0    0    1
  localbranching   :          0       0.00       0.00          0          0          0    0.00000    0.12500   -1.00000    1.00000      0.900    0    0    0    0    0    0    0    1
  crossover        :          0       0.00       0.00          0          0          0    0.00000    0.12500   -1.00000    1.00000      0.900    0    0    0    0    0    0    0    1
  proximity        :          0       0.00       0.00          0          0          0    0.00000    0.12500   -1.00000    1.00000      0.900    0    0    0    0    0    0    0    1
  zeroobjective    :          0       0.00       0.00          0          0          0    0.00000    0.12500   -1.00000    1.00000      0.900    0    0    0    0    0    0    0    1
  dins             :          0       0.00       0.00          0          0          0    0.00000    0.12500   -1.00000    1.00000      0.900    0    0    0    0    0    0    0    1
  trustregion      :          0       0.00       0.00          0          0          0    0.00000    0.00000   -1.00000    1.00000      0.900    0    0    0    0    0    0    0    0
LP                 :       Time      Calls Iterations  Iter/call   Iter/sec  Time-0-It Calls-0-It    ItLimit
  primal LP        :       0.01         11          0       0.00          -       0.01         11
  dual LP          :       4.36        274      25907     127.00    5946.79       0.06         70
  lex dual LP      :       0.00          0          0       0.00          -
  barrier LP       :       0.00          0          0       0.00          -       0.00          0
  resolve instable :       0.00          0          0       0.00          -
  diving/probing LP:       0.85         19       4051     213.21    4784.33
  strong branching :      19.08        704     130163     184.89    6823.17          -          -         76
    (at root node) :          -         30      23085     769.50          -
  conflict analysis:       0.04         48        470       9.79   10697.62
B&B Tree           :
  number of runs   :          1
  nodes            :         58 (31 internal, 27 leaves)
  feasible leaves  :          4
  infeas. leaves   :          4
  objective leaves :         19
  nodes (total)    :         58 (31 internal, 27 leaves)
  nodes left       :          0
  max depth        :         10
  max depth (total):         10
  backtracks       :         13 (22.4%)
  early backtracks :          0 (0.0%)
  nodes exc. ref.  :          0 (0.0%)
  delayed cutoffs  :          0
  repropagations   :         28 (346 domain reductions, 0 cutoffs)
  avg switch length:       4.00
  switching time   :       0.02
Root Node          :
  First LP value   : +1.23469762740209e+05
  First LP Iters   :        857 (20653.59 Iter/sec)
  First LP Time    :       0.04
  Final Dual Bound : +1.28035020171325e+05
  Final Root Iters :      19293
  Root LP Estimate : +1.33327375120683e+05
Solution           :
  Solutions found  :         18 (17 improvements)
  First Solution   : +1.33895579000000e+05   (in run 1, after 1 nodes, 1.34 seconds, depth 162, found by <vbounds>)
  Gap First Sol.   :   infinite
  Gap Last Sol.    :       0.41 %
  Primal Bound     : +1.28591979000000e+05   (in run 1, after 51 nodes, 30.80 seconds, depth 10, found by <relaxation>)
  Dual Bound       : +1.28591979000000e+05
  Gap              :       0.00 %
Integrals          :      Total       Avg%
  primal-dual      :     231.10       6.01
  primal-ref       :          -          - (not evaluated)
  dual-ref         :          -          - (not evaluated)

 Branching Statistics...

 Total number of propagations -> 9471

 Number of cutoffs of KnaCons -> 0

 Total number of variables fixed to 1 by the propagator -> 773

 Total number of variables fixed to 0 by the propagator -> 3337

 Maximum number of rounds of the approximation algorithm -> 7

 Runtime of the exact algorithm -> 0.0000 s

 Total number of variables fixed to 1 in the exact algorithm -> 0

 Total number of variables fixed to 0 in the exact algorithm -> 0

 Number of cutoffs in the exact algorithm -> 0

 Number of cutoffs in the approximation algorithm -> 0

 PS:  
