***************************************
*         SCIP-based CCP Solver       *
*                                     *
*    Wei Lv and Wei-Kun Chen (2024)   *
***************************************
/share/home/xiaozhou/SCIP-CCP/build/ccp -f data/CCMPPData/10-1000-0.ccmpp -s settings/CCMPPSetting/BASE+DB+OPF2.set 
SCIP version 9.1.0 [precision: 8 byte] [memory: block] [mode: optimized] [LP solver: Soplex 7.1.0] [GitHash: 8cab0278ba]
Copyright (c) 2002-2024 Zuse Institute Berlin (ZIB)

External libraries: 
  Soplex 7.1.0         Linear Programming Solver developed at Zuse Institute Berlin (soplex.zib.de) [GitHash: 595bfac9]
  CppAD 20180000.0     Algorithmic Differentiation of C++ algorithms developed by B. Bell (github.com/coin-or/CppAD)
  ZLIB 1.2.7           General purpose compression library by J. Gailly and M. Adler (zlib.net)
  GMP 6.0.0            GNU Multiple Precision Arithmetic Library developed by T. Granlund (gmplib.org)
  AMPL/MP 690e9e7      AMPL .nl file reader library (github.com/ampl/mp)
  PaPILO 2.3.0         parallel presolve for integer and linear optimization (github.com/scipopt/papilo) (built with TBB) [GitHash: 4b8ce6ed]
  Nauty 2.8.8          Computing Graph Automorphism Groups by Brendan D. McKay (users.cecs.anu.edu.au/~bdm/nauty)
  sassy 1.1            Symmetry preprocessor by Markus Anders (github.com/markusa4/sassy)

reading user parameter file <settings/CCMPPSetting/BASE+DB+OPF2.set>

read problem <data/CCMPPData/10-1000-0.ccmpp>
============

File name: 	data/CCMPPData/10-1000-0.ccmpp
Problem name:	CCMPPData/10-1000-0
Dimension: 	10
NumScenario: 	1000
ConfidenceParameter: 	0.20
IsEqualProbability: 	1
BASE+DI: 	0
BASE+sDI: 	0
BASE+DB: 	0
BASE+DB+OPF: 	1
Dominance and Aggregation Statistics......
NumEdge:        138187
NumBiEdge: 	6040
NumDomIneqs: 	132147
DominanceRatio: 0.2646
NumAggScenario: 849 
BasicNumScenario: 848 
Propagator Statistics......
NumBasicDomIneqs: 23909
NumNonReDomIneqs: 3326
Duration: 0.0600 s 

original problem has 899 variables (849 bin, 0 int, 0 impl, 50 cont) and 2000 constraints

solve problem
=============

presolving:
(round 1, fast)       5 del vars, 18 del conss, 0 add conss, 10 chg bounds, 0 chg sides, 0 chg coeffs, 0 upgd conss, 0 impls, 3326 clqs
   (0.0s) running MILP presolver
   (0.0s) MILP presolver (3 rounds): 12 aggregations, 2 fixings, 2 bound changes
(round 2, medium)     19 del vars, 18 del conss, 0 add conss, 12 chg bounds, 0 chg sides, 0 chg coeffs, 0 upgd conss, 0 impls, 3326 clqs
(round 3, fast)       19 del vars, 30 del conss, 0 add conss, 12 chg bounds, 0 chg sides, 0 chg coeffs, 0 upgd conss, 0 impls, 3326 clqs
(round 4, exhaustive) 19 del vars, 30 del conss, 0 add conss, 12 chg bounds, 0 chg sides, 0 chg coeffs, 1944 upgd conss, 0 impls, 3326 clqs
   (1.1s) probing cycle finished: starting next cycle
   (1.1s) symmetry computation started: requiring (bin +, int +, cont +), (fixed: bin -, int -, cont -)
   Symmetry detection interrupted: constraints of type chancecons do not provide symmetry information.
   If symmetries shall be detected, implement the CONSGETPERMSYMGRAPH callback.
   (1.1s) could not compute symmetry
presolving (5 rounds: 5 fast, 3 medium, 2 exhaustive):
 19 deleted vars, 30 deleted constraints, 0 added constraints, 12 tightened bounds, 0 added holes, 0 changed sides, 0 changed coefficients
 7499 implications, 4931 cliques
presolved problem has 880 variables (848 bin, 0 int, 0 impl, 32 cont) and 1970 constraints
      1 constraints of type <chancecons>
   1944 constraints of type <varbound>
     25 constraints of type <linear>
Presolving Time: 1.13

 time | node  | left  |LP iter|LP it/n|mem/heur|mdpt |vars |cons |rows |cuts |sepa|confs|strbr|  dualbound   | primalbound  |  gap   | compl. 
p 1.2s|     1 |     0 |    12 |     - |  clique|   0 | 880 |1970 |1969 |   0 |  0 |   0 |   0 | 0.000000e+00 | 9.610241e+04 |    Inf | unknown
  1.3s|     1 |     0 |   776 |     - |    58M |   0 | 880 |1929 |1969 |   0 |  0 |   2 |   0 | 8.878023e+04 | 9.610241e+04 |   8.25%| unknown
  1.4s|     1 |     0 |  1076 |     - |    58M |   0 | 880 |1929 |2183 | 214 |  1 |   2 |   0 | 8.928611e+04 | 9.610241e+04 |   7.63%| unknown
  1.5s|     1 |     0 |  1182 |     - |    59M |   0 | 880 |1929 |2259 | 290 |  2 |   2 |   0 | 8.957342e+04 | 9.610241e+04 |   7.29%| unknown
  1.5s|     1 |     0 |  1350 |     - |    60M |   0 | 880 |1929 |2352 | 383 |  3 |   2 |   0 | 8.996755e+04 | 9.610241e+04 |   6.82%| unknown
  1.6s|     1 |     0 |  1524 |     - |    61M |   0 | 880 |1929 |2477 | 508 |  4 |   2 |   0 | 9.034890e+04 | 9.610241e+04 |   6.37%| unknown
  1.7s|     1 |     0 |  1819 |     - |    63M |   0 | 880 |1929 |2650 | 681 |  5 |   2 |   0 | 9.082192e+04 | 9.610241e+04 |   5.81%| unknown
  1.9s|     1 |     0 |  2104 |     - |    67M |   0 | 880 |1929 |2778 | 809 |  6 |   2 |   0 | 9.107080e+04 | 9.610241e+04 |   5.52%| unknown
  2.1s|     1 |     0 |  2381 |     - |    70M |   0 | 880 |1929 |2899 | 930 |  7 |   2 |   0 | 9.120393e+04 | 9.610241e+04 |   5.37%| unknown
  2.2s|     1 |     0 |  2610 |     - |    74M |   0 | 880 |1929 |2995 |1026 |  8 |   2 |   0 | 9.131284e+04 | 9.610241e+04 |   5.25%| unknown
  2.4s|     1 |     0 |  2777 |     - |    76M |   0 | 880 |1929 |3067 |1098 |  9 |   2 |   0 | 9.137169e+04 | 9.610241e+04 |   5.18%| unknown
  2.7s|     1 |     0 |  3125 |     - |    81M |   0 | 880 |1929 |3151 |1182 | 10 |   2 |   0 | 9.145843e+04 | 9.610241e+04 |   5.08%| unknown
  2.8s|     1 |     0 |  3439 |     - |    83M |   0 | 880 |1929 |3227 |1258 | 11 |   2 |   0 | 9.150579e+04 | 9.610241e+04 |   5.02%| unknown
  3.0s|     1 |     0 |  3693 |     - |    84M |   0 | 880 |1929 |3266 |1316 | 12 |   2 |   0 | 9.153094e+04 | 9.610241e+04 |   4.99%| unknown
  3.2s|     1 |     0 |  4077 |     - |    86M |   0 | 880 |1929 |3326 |1376 | 13 |   2 |   0 | 9.155975e+04 | 9.610241e+04 |   4.96%| unknown
 time | node  | left  |LP iter|LP it/n|mem/heur|mdpt |vars |cons |rows |cuts |sepa|confs|strbr|  dualbound   | primalbound  |  gap   | compl. 
  3.3s|     1 |     0 |  4369 |     - |    88M |   0 | 880 |1929 |3383 |1433 | 14 |   2 |   0 | 9.159347e+04 | 9.610241e+04 |   4.92%| unknown
  3.5s|     1 |     0 |  4659 |     - |    91M |   0 | 880 |1929 |3430 |1480 | 15 |   2 |   0 | 9.162670e+04 | 9.610241e+04 |   4.88%| unknown
  3.8s|     1 |     0 |  4948 |     - |    93M |   0 | 880 |1929 |3479 |1529 | 16 |   2 |   0 | 9.165735e+04 | 9.610241e+04 |   4.85%| unknown
  4.0s|     1 |     0 |  5215 |     - |    96M |   0 | 880 |1929 |3540 |1590 | 17 |   2 |   0 | 9.168015e+04 | 9.610241e+04 |   4.82%| unknown
  4.6s|     1 |     0 |  5531 |     - |    97M |   0 | 880 |1929 |3036 |1638 | 18 |   2 |   0 | 9.170957e+04 | 9.610241e+04 |   4.79%| unknown
  4.8s|     1 |     0 |  5869 |     - |    99M |   0 | 880 |1929 |3077 |1679 | 19 |   2 |   0 | 9.174592e+04 | 9.610241e+04 |   4.75%| unknown
  5.1s|     1 |     0 |  6192 |     - |   102M |   0 | 880 |1929 |3136 |1738 | 20 |   2 |   0 | 9.177258e+04 | 9.610241e+04 |   4.72%| unknown
  5.3s|     1 |     0 |  6549 |     - |   105M |   0 | 880 |1929 |3187 |1789 | 21 |   2 |   0 | 9.180667e+04 | 9.610241e+04 |   4.68%| unknown
  5.6s|     1 |     0 |  6898 |     - |   105M |   0 | 880 |1929 |3238 |1840 | 22 |   2 |   0 | 9.183561e+04 | 9.610241e+04 |   4.65%| unknown
  5.8s|     1 |     0 |  7188 |     - |   106M |   0 | 880 |1929 |3291 |1893 | 23 |   2 |   0 | 9.186036e+04 | 9.610241e+04 |   4.62%| unknown
  6.1s|     1 |     0 |  7674 |     - |   107M |   0 | 880 |1929 |3108 |1936 | 24 |   2 |   0 | 9.188824e+04 | 9.610241e+04 |   4.59%| unknown
  7.0s|     1 |     0 |  8006 |     - |   109M |   0 | 880 |1929 |3150 |1978 | 25 |   2 |   0 | 9.190844e+04 | 9.610241e+04 |   4.56%| unknown
  7.9s|     1 |     0 |  8368 |     - |   109M |   0 | 880 |1929 |3193 |2021 | 26 |   2 |   0 | 9.193184e+04 | 9.610241e+04 |   4.54%| unknown
  9.7s|     1 |     0 |  8811 |     - |   109M |   0 | 880 |1929 |3234 |2062 | 27 |   2 |   0 | 9.195337e+04 | 9.610241e+04 |   4.51%| unknown
 10.1s|     1 |     0 |  9390 |     - |   111M |   0 | 880 |1929 |3276 |2104 | 28 |   2 |   0 | 9.198846e+04 | 9.610241e+04 |   4.47%| unknown
 time | node  | left  |LP iter|LP it/n|mem/heur|mdpt |vars |cons |rows |cuts |sepa|confs|strbr|  dualbound   | primalbound  |  gap   | compl. 
 10.7s|     1 |     0 |  9915 |     - |   112M |   0 | 880 |1929 |3328 |2156 | 29 |   2 |   0 | 9.201177e+04 | 9.610241e+04 |   4.45%| unknown
 10.9s|     1 |     0 | 10437 |     - |   113M |   0 | 880 |1929 |3144 |2197 | 30 |   2 |   0 | 9.204175e+04 | 9.610241e+04 |   4.41%| unknown
 11.5s|     1 |     0 | 11008 |     - |   115M |   0 | 880 |1929 |3193 |2246 | 31 |   2 |   0 | 9.206223e+04 | 9.610241e+04 |   4.39%| unknown
 12.2s|     1 |     0 | 11502 |     - |   116M |   0 | 880 |1929 |3237 |2290 | 32 |   2 |   0 | 9.208309e+04 | 9.610241e+04 |   4.36%| unknown
 12.4s|     1 |     0 | 11922 |     - |   119M |   0 | 880 |1929 |3284 |2337 | 33 |   2 |   0 | 9.209703e+04 | 9.610241e+04 |   4.35%| unknown
 13.0s|     1 |     0 | 12434 |     - |   119M |   0 | 880 |1929 |3330 |2383 | 34 |   2 |   0 | 9.211052e+04 | 9.610241e+04 |   4.33%| unknown
 13.4s|     1 |     0 | 12812 |     - |   121M |   0 | 880 |1929 |3359 |2412 | 35 |   2 |   0 | 9.211937e+04 | 9.610241e+04 |   4.32%| unknown
 13.9s|     1 |     0 | 13245 |     - |   123M |   0 | 880 |1929 |3197 |2446 | 36 |   2 |   0 | 9.212891e+04 | 9.610241e+04 |   4.31%| unknown
 14.2s|     1 |     0 | 13717 |     - |   124M |   0 | 880 |1929 |3224 |2473 | 37 |   2 |   0 | 9.214259e+04 | 9.610241e+04 |   4.30%| unknown
 14.5s|     1 |     0 | 14136 |     - |   125M |   0 | 880 |1929 |3271 |2520 | 38 |   2 |   0 | 9.214982e+04 | 9.610241e+04 |   4.29%| unknown
 14.9s|     1 |     0 | 14697 |     - |   126M |   0 | 880 |1929 |3304 |2553 | 39 |   2 |   0 | 9.215936e+04 | 9.610241e+04 |   4.28%| unknown
 15.4s|     1 |     0 | 15063 |     - |   126M |   0 | 880 |1929 |3332 |2581 | 40 |   2 |   0 | 9.216684e+04 | 9.610241e+04 |   4.27%| unknown
 15.9s|     1 |     0 | 15783 |     - |   126M |   0 | 880 |1929 |3368 |2617 | 41 |   2 |   0 | 9.218085e+04 | 9.610241e+04 |   4.25%| unknown
 16.6s|     1 |     0 | 16320 |     - |   127M |   0 | 880 |1929 |3179 |2650 | 42 |   2 |   0 | 9.218848e+04 | 9.610241e+04 |   4.25%| unknown
 16.9s|     1 |     0 | 16775 |     - |   127M |   0 | 880 |1929 |3204 |2675 | 43 |   2 |   0 | 9.219569e+04 | 9.610241e+04 |   4.24%| unknown
 time | node  | left  |LP iter|LP it/n|mem/heur|mdpt |vars |cons |rows |cuts |sepa|confs|strbr|  dualbound   | primalbound  |  gap   | compl. 
 17.2s|     1 |     0 | 17286 |     - |   127M |   0 | 880 |1929 |3239 |2710 | 44 |   2 |   0 | 9.220242e+04 | 9.610241e+04 |   4.23%| unknown
 17.5s|     1 |     0 | 17741 |     - |   127M |   0 | 880 |1929 |3266 |2737 | 45 |   2 |   0 | 9.220600e+04 | 9.610241e+04 |   4.23%| unknown
 18.2s|     1 |     0 | 18307 |     - |   127M |   0 | 880 |1929 |3295 |2766 | 46 |   2 |   0 | 9.221115e+04 | 9.610241e+04 |   4.22%| unknown
 18.6s|     1 |     0 | 18893 |     - |   128M |   0 | 880 |1929 |3318 |2789 | 47 |   2 |   0 | 9.222449e+04 | 9.610241e+04 |   4.20%| unknown
 19.0s|     1 |     0 | 19340 |     - |   128M |   0 | 880 |1929 |3152 |2823 | 48 |   2 |   0 | 9.223040e+04 | 9.610241e+04 |   4.20%| unknown
 19.2s|     1 |     0 | 19823 |     - |   128M |   0 | 880 |1929 |3182 |2853 | 49 |   2 |   0 | 9.223698e+04 | 9.610241e+04 |   4.19%| unknown
 19.5s|     1 |     0 | 20229 |     - |   128M |   0 | 880 |1929 |3205 |2876 | 50 |   2 |   0 | 9.224204e+04 | 9.610241e+04 |   4.19%| unknown
 19.9s|     1 |     0 | 20768 |     - |   129M |   0 | 880 |1929 |3240 |2911 | 51 |   2 |   0 | 9.224753e+04 | 9.610241e+04 |   4.18%| unknown
 20.2s|     1 |     0 | 21256 |     - |   129M |   0 | 880 |1929 |3270 |2941 | 52 |   2 |   0 | 9.225472e+04 | 9.610241e+04 |   4.17%| unknown
 20.7s|     1 |     0 | 21871 |     - |   129M |   0 | 880 |1929 |3304 |2975 | 53 |   2 |   0 | 9.226305e+04 | 9.610241e+04 |   4.16%| unknown
 21.0s|     1 |     0 | 22406 |     - |   129M |   0 | 880 |1929 |3203 |3008 | 54 |   2 |   0 | 9.226833e+04 | 9.610241e+04 |   4.16%| unknown
 21.4s|     1 |     0 | 22974 |     - |   129M |   0 | 880 |1929 |3230 |3035 | 55 |   2 |   0 | 9.227429e+04 | 9.610241e+04 |   4.15%| unknown
 21.9s|     1 |     0 | 23415 |     - |   129M |   0 | 880 |1929 |3261 |3066 | 56 |   2 |   0 | 9.227716e+04 | 9.610241e+04 |   4.15%| unknown
 22.4s|     1 |     0 | 23901 |     - |   129M |   0 | 880 |1929 |3283 |3088 | 57 |   2 |   0 | 9.228239e+04 | 9.610241e+04 |   4.14%| unknown
o23.3s|     1 |     0 | 29845 |     - |feaspump|   0 | 880 |1929 |3283 |3088 | 57 |   2 |   0 | 9.228239e+04 | 9.526241e+04 |   3.23%| unknown
 time | node  | left  |LP iter|LP it/n|mem/heur|mdpt |vars |cons |rows |cuts |sepa|confs|strbr|  dualbound   | primalbound  |  gap   | compl. 
d23.6s|     1 |     0 | 31065 |     - |conflict|   0 | 880 |1929 |3283 |   0 | 57 |   2 |   0 | 9.228239e+04 | 9.485494e+04 |   2.79%| unknown
 23.6s|     1 |     0 | 31065 |     - |   129M |   0 | 880 |1929 |3283 |3088 | 57 |   2 |   0 | 9.228239e+04 | 9.485494e+04 |   2.79%| unknown
 24.0s|     1 |     0 | 31533 |     - |   129M |   0 | 880 |1929 |3307 |3112 | 58 |   2 |   0 | 9.228616e+04 | 9.485494e+04 |   2.78%| unknown
 24.1s|     1 |     0 | 31669 |     - |   129M |   0 | 880 |1929 |3324 |3129 | 59 |   2 |   0 | 9.228644e+04 | 9.485494e+04 |   2.78%| unknown
 29.5s|     1 |     2 | 31669 |     - |   129M |   0 | 880 |1929 |3324 |3129 | 59 |   2 |  23 | 9.231115e+04 | 9.485494e+04 |   2.76%| unknown
r35.4s|     6 |     5 | 35648 |2238.6 |rounding|   4 | 880 |1929 |2599 |3129 |  0 |   2 | 154 | 9.238966e+04 | 9.375494e+04 |   1.48%| unknown
r35.4s|     7 |     4 | 35654 |1866.5 |rounding|   4 | 880 |1929 |2599 |3129 |  0 |   2 | 154 | 9.238966e+04 | 9.367494e+04 |   1.39%|  12.76%
r35.4s|     8 |     3 | 35665 |1601.4 |ziroundi|   4 | 880 |1929 |2599 |3129 |  1 |   2 | 154 | 9.238966e+04 | 9.363094e+04 |   1.34%|  19.63%
*35.8s|    17 |     6 | 37540 | 817.8 |strongbr|   8 | 880 |1930 |2599 |3129 |  2 |   4 | 209 | 9.238966e+04 | 9.350694e+04 |   1.21%|  21.74%
r35.9s|    18 |     7 | 37551 | 770.4 |rounding|   9 | 880 |1931 |2599 |3129 |  0 |   5 | 211 | 9.238966e+04 | 9.347094e+04 |   1.17%|  21.74%
*35.9s|    22 |     7 | 37761 | 633.6 |strongbr|  10 | 880 |1932 |2630 |3160 |  2 |   6 | 214 | 9.238966e+04 | 9.344694e+04 |   1.14%|  21.95%
*36.1s|    22 |     7 | 37807 | 635.8 |strongbr|  10 | 880 |1932 |2640 |3170 |  4 |   6 | 226 | 9.238966e+04 | 9.337494e+04 |   1.07%|  21.95%
r36.1s|    24 |     9 | 37850 | 582.4 |rounding|  12 | 880 |1932 |2614 |3177 |  0 |   6 | 233 | 9.238966e+04 | 9.331094e+04 |   1.00%|  22.86%
*36.2s|    26 |     7 | 37874 | 536.8 |strongbr|  12 | 880 |1932 |2614 |3177 |  1 |   6 | 233 | 9.238966e+04 | 9.326694e+04 |   0.95%|  22.97%
*42.6s|    32 |     3 | 40232 | 508.9 |strongbr|  12 | 880 |1649 |2599 |3177 |  8 |  10 | 415 | 9.238966e+04 | 9.323957e+04 |   0.92%|  48.32%
 time | node  | left  |LP iter|LP it/n|mem/heur|mdpt |vars |cons |rows |cuts |sepa|confs|strbr|  dualbound   | primalbound  |  gap   | compl. 
*42.9s|    35 |     6 | 40535 | 472.9 |    LP  |  12 | 880 |1649 |2599 |3177 |  1 |  10 | 429 | 9.238966e+04 | 9.319557e+04 |   0.87%|  48.32%
r42.9s|    37 |     6 | 40549 | 447.1 |ziroundi|  12 | 880 |1649 |2599 |3177 |  1 |  10 | 429 | 9.238966e+04 | 9.308294e+04 |   0.75%|  48.75%
*43.0s|    43 |     6 | 40851 | 390.4 |    LP  |  12 | 880 |1649 |2599 |3177 |  1 |  10 | 431 | 9.238966e+04 | 9.305894e+04 |   0.72%|  49.02%
r43.1s|    52 |     9 | 41371 | 331.7 |ziroundi|  13 | 880 |1649 |2614 |3220 |  1 |  11 | 432 | 9.238966e+04 | 9.303894e+04 |   0.70%|  51.70%
r43.1s|    56 |     9 | 41402 | 308.1 |ziroundi|  15 | 880 |1649 |2614 |3220 |  1 |  11 | 432 | 9.238966e+04 | 9.303557e+04 |   0.70%|  51.71%
r43.3s|    65 |    10 | 41879 | 272.2 |rounding|  15 | 880 |1649 |2620 |3273 |  1 |  11 | 437 | 9.238966e+04 | 9.302294e+04 |   0.69%|  53.02%
 45.2s|   100 |    11 | 48336 | 241.2 |   139M |  15 | 880 |1649 |2599 |3289 |  0 |  11 | 453 | 9.248688e+04 | 9.302294e+04 |   0.58%|  61.92%
r47.3s|   135 |     8 | 54157 | 221.7 |rounding|  15 | 880 |1652 |2608 |3525 |  0 |  16 | 477 | 9.248984e+04 | 9.296294e+04 |   0.51%|  82.44%
*47.9s|   152 |     1 | 56195 | 210.2 |strongbr|  15 | 880 | 675 |2599 |3544 |  6 |  20 | 497 | 9.253508e+04 | 9.291094e+04 |   0.41%|  92.45%
r48.0s|   152 |     1 | 56261 | 210.6 |ziroundi|  15 | 880 | 678 |2599 |3544 | 11 |  23 | 507 | 9.253508e+04 | 9.290294e+04 |   0.40%|  92.74%

SCIP Status        : problem is solved [optimal solution found]
Solving Time (sec) : 47.98
Solving Nodes      : 153
Primal Bound       : +9.29029360000000e+04 (28 solutions)
Dual Bound         : +9.29029360000000e+04
Gap                : 0.00 %

primal solution (original space):
=================================

objective value:                            92902.936
z#8                                                 1 	(obj:0)
z#17                                                1 	(obj:0)
z#28                                                1 	(obj:0)
z#29                                                1 	(obj:0)
z#36                                                1 	(obj:0)
z#44                                                1 	(obj:0)
z#47                                                1 	(obj:0)
z#58                                                1 	(obj:0)
z#59                                                1 	(obj:0)
z#64                                                1 	(obj:0)
z#68                                                1 	(obj:0)
z#69                                                1 	(obj:0)
z#70                                                1 	(obj:0)
z#72                                                1 	(obj:0)
z#75                                                1 	(obj:0)
z#76                                                1 	(obj:0)
z#80                                                1 	(obj:0)
z#81                                                1 	(obj:0)
z#84                                                1 	(obj:0)
z#87                                                1 	(obj:0)
z#92                                                1 	(obj:0)
z#96                                                1 	(obj:0)
z#97                                                1 	(obj:0)
z#99                                                1 	(obj:0)
z#106                                               1 	(obj:0)
z#112                                               1 	(obj:0)
z#113                                               1 	(obj:0)
z#116                                               1 	(obj:0)
z#121                                               1 	(obj:0)
z#126                                               1 	(obj:0)
z#127                                               1 	(obj:0)
z#138                                               1 	(obj:0)
z#144                                               1 	(obj:0)
z#146                                               1 	(obj:0)
z#147                                               1 	(obj:0)
z#149                                               1 	(obj:0)
z#151                                               1 	(obj:0)
z#153                                               1 	(obj:0)
z#154                                               1 	(obj:0)
z#160                                               1 	(obj:0)
z#167                                               1 	(obj:0)
z#171                                               1 	(obj:0)
z#179                                               1 	(obj:0)
z#189                                               1 	(obj:0)
z#193                                               1 	(obj:0)
z#199                                               1 	(obj:0)
z#200                                               1 	(obj:0)
z#208                                               1 	(obj:0)
z#218                                               1 	(obj:0)
z#220                                               1 	(obj:0)
z#227                                               1 	(obj:0)
z#228                                               1 	(obj:0)
z#230                                               1 	(obj:0)
z#236                                               1 	(obj:0)
z#238                                               1 	(obj:0)
z#239                                               1 	(obj:0)
z#240                                               1 	(obj:0)
z#244                                               1 	(obj:0)
z#245                                               1 	(obj:0)
z#256                                               1 	(obj:0)
z#259                                               1 	(obj:0)
z#260                                               1 	(obj:0)
z#263                                               1 	(obj:0)
z#266                                               1 	(obj:0)
z#271                                               1 	(obj:0)
z#272                                               1 	(obj:0)
z#273                                               1 	(obj:0)
z#275                                               1 	(obj:0)
z#291                                               1 	(obj:0)
z#295                                               1 	(obj:0)
z#297                                               1 	(obj:0)
z#301                                               1 	(obj:0)
z#302                                               1 	(obj:0)
z#304                                               1 	(obj:0)
z#307                                               1 	(obj:0)
z#311                                               1 	(obj:0)
z#316                                               1 	(obj:0)
z#318                                               1 	(obj:0)
z#322                                               1 	(obj:0)
z#323                                               1 	(obj:0)
z#326                                               1 	(obj:0)
z#327                                1.00000000000003 	(obj:0)
z#331                                               1 	(obj:0)
z#332                                               1 	(obj:0)
z#342                                               1 	(obj:0)
z#348                                               1 	(obj:0)
z#355                                               1 	(obj:0)
z#360                                               1 	(obj:0)
z#361                                               1 	(obj:0)
z#366                                               1 	(obj:0)
z#376                                               1 	(obj:0)
z#383                                               1 	(obj:0)
z#384                                               1 	(obj:0)
z#386                                               1 	(obj:0)
z#396                                               1 	(obj:0)
z#398                                               1 	(obj:0)
z#399                                               1 	(obj:0)
z#400                                               1 	(obj:0)
z#401                                               1 	(obj:0)
z#406                                               1 	(obj:0)
z#409                                               1 	(obj:0)
z#415                               0.999999999999843 	(obj:0)
z#423                                               1 	(obj:0)
z#429                                               1 	(obj:0)
z#434                                               1 	(obj:0)
z#436                                               1 	(obj:0)
z#448                                               1 	(obj:0)
z#462                                               1 	(obj:0)
z#470                                               1 	(obj:0)
z#473                                               1 	(obj:0)
z#474                                               1 	(obj:0)
z#482                                               1 	(obj:0)
z#483                                               1 	(obj:0)
z#486                                               1 	(obj:0)
z#493                                               1 	(obj:0)
z#497                                               1 	(obj:0)
z#499                                               1 	(obj:0)
z#500                                               1 	(obj:0)
z#501                                               1 	(obj:0)
z#506                                               1 	(obj:0)
z#508                                               1 	(obj:0)
z#513                                               1 	(obj:0)
z#514                                               1 	(obj:0)
z#526                                               1 	(obj:0)
z#527                                               1 	(obj:0)
z#533                                               1 	(obj:0)
z#535                                               1 	(obj:0)
z#545                                               1 	(obj:0)
z#558                                               1 	(obj:0)
z#564                                               1 	(obj:0)
z#566                                               1 	(obj:0)
z#568                                               1 	(obj:0)
z#570                                               1 	(obj:0)
z#571                                               1 	(obj:0)
z#573                                               1 	(obj:0)
z#577                                               1 	(obj:0)
z#578                                               1 	(obj:0)
z#579                                               1 	(obj:0)
z#589                                               1 	(obj:0)
z#593                                               1 	(obj:0)
z#599                                               1 	(obj:0)
z#605                                               1 	(obj:0)
z#608                                               1 	(obj:0)
z#614                                               1 	(obj:0)
z#617                                               1 	(obj:0)
z#618                                               1 	(obj:0)
z#620                                               1 	(obj:0)
z#622                                               1 	(obj:0)
z#625                                               1 	(obj:0)
z#630                                               1 	(obj:0)
z#631                                               1 	(obj:0)
z#638                                               1 	(obj:0)
z#640                                               1 	(obj:0)
z#647                                               1 	(obj:0)
z#652                                               1 	(obj:0)
z#655                                               1 	(obj:0)
z#662                                               1 	(obj:0)
z#668                                               1 	(obj:0)
z#669                                               1 	(obj:0)
z#674                                               1 	(obj:0)
z#680                                               1 	(obj:0)
z#685                                               1 	(obj:0)
z#705                                               1 	(obj:0)
z#711                                               1 	(obj:0)
z#723                                               1 	(obj:0)
z#724                                               1 	(obj:0)
z#726                                               1 	(obj:0)
z#750                                               1 	(obj:0)
z#752                                               1 	(obj:0)
z#753                                               1 	(obj:0)
z#755                                               1 	(obj:0)
z#759                                               1 	(obj:0)
z#760                                               1 	(obj:0)
z#768                                               1 	(obj:0)
z#769                                               1 	(obj:0)
z#779                                               1 	(obj:0)
z#782                                               1 	(obj:0)
z#783                                               1 	(obj:0)
z#785                                               1 	(obj:0)
z#798                                               1 	(obj:0)
z#799                                               1 	(obj:0)
z#805                                               1 	(obj:0)
z#807                                               1 	(obj:0)
z#808                                               1 	(obj:0)
z#812                                               1 	(obj:0)
z#814                                               1 	(obj:0)
z#816                                               1 	(obj:0)
z#820                                               1 	(obj:0)
z#822                                               1 	(obj:0)
z#823                                               1 	(obj:0)
z#826                                               1 	(obj:0)
z#832                                               1 	(obj:0)
z#834                                               1 	(obj:0)
z#837                                               1 	(obj:0)
z#839                                               1 	(obj:0)
z#844                                               1 	(obj:0)
z#847                                               1 	(obj:0)
x#0                                               526 	(obj:152)
x#1                                           111.646 	(obj:116)
u#0                                               526 	(obj:0)
u#1                                           637.646 	(obj:0)
u#2                                           637.646 	(obj:0)
u#3                                           637.646 	(obj:0)
u#4                                           637.646 	(obj:0)
u#5                                           637.646 	(obj:0)
u#6                                           637.646 	(obj:0)
u#7                                           637.646 	(obj:0)
u#8                                           637.646 	(obj:0)
u#9                                           637.646 	(obj:0)
w#0                                               526 	(obj:0)
w#1                                           637.646 	(obj:0)
w#2                                           637.646 	(obj:0)
w#3                                           637.646 	(obj:0)
w#4                                           637.646 	(obj:0)
w#5                                           637.646 	(obj:0)
w#6                                           637.646 	(obj:0)
w#7                                           637.646 	(obj:0)
w#8                                           637.646 	(obj:0)
w#9                                           637.646 	(obj:0)

Statistics
==========

SCIP Status        : problem is solved [optimal solution found]
Total Time         :      48.14
  solving          :      47.98
  presolving       :       1.13 (included in solving)
  reading          :       0.16
  copying          :       0.01 (1 #copies) (minimal 0.01, maximal 0.01, average 0.01)
Original Problem   :
  Problem name     : CCMPPData/10-1000-0
  Variables        : 899 (849 binary, 0 integer, 0 implicit integer, 50 continuous)
  Constraints      : 2000 initial, 2000 maximal
  Objective        : minimize, 20 non-zeros (abs.min = 116, abs.max = 300)
Presolved Problem  :
  Problem name     : t_CCMPPData/10-1000-0
  Variables        : 880 (848 binary, 0 integer, 0 implicit integer, 32 continuous)
  Constraints      : 1970 initial, 1972 maximal
  Objective        : minimize, 18 non-zeros (abs.min = 116, abs.max = 300)
  Nonzeros         : 4898 constraint, 7392 clique table
Presolvers         :   ExecTime  SetupTime  Calls  FixedVars   AggrVars   ChgTypes  ChgBounds   AddHoles    DelCons    AddCons   ChgSides   ChgCoefs
  boundshift       :       0.00       0.00      0          0          0          0          0          0          0          0          0          0
  convertinttobin  :       0.00       0.00      0          0          0          0          0          0          0          0          0          0
  domcol           :       0.01       0.00      1          0          0          0          0          0          0          0          0          0
  dualagg          :       0.00       0.00      0          0          0          0          0          0          0          0          0          0
  dualcomp         :       0.00       0.00      1          0          0          0          0          0          0          0          0          0
  dualinfer        :       0.00       0.00      0          0          0          0          0          0          0          0          0          0
  dualsparsify     :       0.01       0.00      1          0          0          0          0          0          0          0          0          0
  gateextraction   :       0.00       0.00      0          0          0          0          0          0          0          0          0          0
  implics          :       0.00       0.00      3          0          0          0          0          0          0          0          0          0
  inttobinary      :       0.00       0.00      0          0          0          0          0          0          0          0          0          0
  milp             :       0.01       0.00      1          2         12          0          2          0          0          0          0          0
  qpkktref         :       0.00       0.00      0          0          0          0          0          0          0          0          0          0
  redvub           :       0.00       0.00      0          0          0          0          0          0          0          0          0          0
  sparsify         :       0.00       0.00      1          0          0          0          0          0          0          0          0          0
  stuffing         :       0.00       0.00      0          0          0          0          0          0          0          0          0          0
  trivial          :       0.00       0.00      5          0          0          0          0          0          0          0          0          0
  tworowbnd        :       0.00       0.00      0          0          0          0          0          0          0          0          0          0
  dualfix          :       0.00       0.00      5          1          0          0          0          0          0          0          0          0
  genvbounds       :       0.00       0.00      0          0          0          0          0          0          0          0          0          0
  probing          :       1.09       0.00      1          0          0          0          0          0          0          0          0          0
  pseudoobj        :       0.00       0.00      0          0          0          0          0          0          0          0          0          0
  symmetry         :       0.00       0.00      1          0          0          0          0          0          0          0          0          0
  vbounds          :       0.00       0.00      1          0          0          0          0          0          0          0          0          0
  chancecons       :       0.00       0.00      1          0          0          0          0          0          0          0          0          0
  varbound         :       0.00       0.00      2          0          0          0          0          0          0          0          0          0
  linear           :       0.01       0.00      7          0          4          0         10          0         30          0          0          0
  bounddisjunction :       0.00       0.00      0          0          0          0          0          0          0          0          0          0
  benders          :       0.00       0.00      0          0          0          0          0          0          0          0          0          0
  components       :       0.00       0.00      1          0          0          0          0          0          0          0          0          0
  root node        :          -          -      -        388          -          -        803          -          -          -          -          -
Constraints        :     Number  MaxNumber  #Separate #Propagate    #EnfoLP    #EnfoRelax  #EnfoPS    #Check   #ResProp    Cutoffs    DomReds       Cuts    Applied      Conss   Children
  benderslp        :          0          0          0          0        161          0          0         92          0          0          0          0          0          0          0
  chancecons       :          1          1        111       8970          0          0          0          0          0         18       9850        468        402          0          0
  integral         :          0          0          0          0        161          0          0         92          0          0       1697          0          0         17        164
  varbound         :       1944       1944         58       8960          2          0          0         87        137          0        811          0          0          0          0
  linear           :         25+        34         58       9000          2          0          0         31         33         38       4472          0          0          0          0
  bounddisjunction :          0+         3          0         71          0          0          0          0          0          0          1          0          0          0          0
  benders          :          0          0          0          0          2          0          0         27          0          0          0          0          0          0          0
  fixedvar         :          0          0          0          0          2          0          0         27          0          0          0          0          0          0          0
  countsols        :          0          0          0          0          2          0          0         27          0          0          0          0          0          0          0
  components       :          0          0          0          0          0          0          0          0          0          0          0          0          0          0          0
Constraint Timings :  TotalTime  SetupTime   Separate  Propagate     EnfoLP     EnfoPS     EnfoRelax   Check    ResProp    SB-Prop
  benderslp        :       0.00       0.00       0.00       0.00       0.00       0.00       0.00       0.00       0.00       0.00
  chancecons       :       2.67       0.00       0.03       1.74       0.00       0.00       0.00       0.00       0.00       0.90
  integral         :      19.14       0.00       0.00       0.00      19.13       0.00       0.00       0.00       0.00       0.00
  varbound         :       0.25       0.00       0.01       0.14       0.00       0.00       0.00       0.00       0.00       0.09
  linear           :       0.10       0.00       0.01       0.02       0.00       0.00       0.00       0.00       0.00       0.07
  bounddisjunction :       0.00       0.00       0.00       0.00       0.00       0.00       0.00       0.00       0.00       0.00
  benders          :       0.00       0.00       0.00       0.00       0.00       0.00       0.00       0.00       0.00       0.00
  fixedvar         :       0.00       0.00       0.00       0.00       0.00       0.00       0.00       0.00       0.00       0.00
  countsols        :       0.00       0.00       0.00       0.00       0.00       0.00       0.00       0.00       0.00       0.00
  components       :       0.00       0.00       0.00       0.00       0.00       0.00       0.00       0.00       0.00       0.00
Propagators        : #Propagate   #ResProp    Cutoffs    DomReds
  dualfix          :          8          0          0          0
  genvbounds       :          0          0          0          0
  nlobbt           :          0          0          0          0
  obbt             :          0          0          0          0
  probing          :          0          0          0          0
  pseudoobj        :        979          0          0         54
  redcost          :        512          0          0        390
  rootredcost      :         20          0          0        176
  symmetry         :          0          0          0          0
  vbounds          :       5196          0          0          0
Propagator Timings :  TotalTime  SetupTime   Presolve  Propagate    ResProp    SB-Prop
  dualfix          :       0.00       0.00       0.00       0.00       0.00       0.00
  genvbounds       :       0.00       0.00       0.00       0.00       0.00       0.00
  nlobbt           :       0.00       0.00       0.00       0.00       0.00       0.00
  obbt             :       0.00       0.00       0.00       0.00       0.00       0.00
  probing          :       1.09       0.00       1.09       0.00       0.00       0.00
  pseudoobj        :       0.00       0.00       0.00       0.00       0.00       0.00
  redcost          :       0.02       0.00       0.00       0.02       0.00       0.00
  rootredcost      :       0.00       0.00       0.00       0.00       0.00       0.00
  symmetry         :       0.00       0.00       0.00       0.00       0.00       0.00
  vbounds          :       0.03       0.00       0.00       0.02       0.00       0.01
Symmetry           :
  orbitopal red.   :          0 reductions applied,          0 cutoffs
  orbital reduction:          0 reductions applied,          0 cutoffs
  lexicographic red:          0 reductions applied,          0 cutoffs
  shadow tree time :       0.00 s
Conflict Analysis  :       Time      Calls    Success    DomReds  Conflicts   Literals    Reconvs ReconvLits   Dualrays   Nonzeros   LP Iters   (pool size: [10000,10000])
  propagation      :       0.00          0          0          -          0        0.0          0        0.0          -          -          -
  infeasible LP    :       0.00          0          0          -          0        0.0          0        0.0          0        0.0          0
  bound exceed. LP :       0.04         48         21          -         39       99.8          0        0.0         15       17.7        240
  strong branching :       0.00          0          0          -          0        0.0          0        0.0          -          -          0
  pseudo solution  :       0.00          0          0          -          0        0.0          0        0.0          -          -          -
  applied globally :       0.00          -          -          1          5       35.4          -          -         15          -          -
  applied locally  :          -          -          -          0          3      156.7          -          -          0          -          -
Separators         :   ExecTime  SetupTime      Calls  RootCalls    Cutoffs    DomReds  FoundCuts ViaPoolAdd  DirectAdd    Applied ViaPoolApp  DirectApp      Conss
  cut pool         :       0.49          -        213        116          -          -      25942      42643          -          -          -          -          -    (maximal pool size:      25077)
  aggregation      :      14.16       0.00        111         58          0          0      20652      32186          0        929        929          0          0
  > cmir           :          -          -          -          -          -          -          -      32185          0        929        929          0          -
  > flowcover      :          -          -          -          -          -          -          -          1          0          0          0          0          -
  > knapsackcover  :          -          -          -          -          -          -          -          0          0          0          0          0          -
  cgmip            :       0.00       0.00          0          0          0          0          0          0          0          0          0          0          0
  clique           :       0.44       0.00         58         58          0          0          0          0          0          0          0          0          0
  closecuts        :       0.00       0.00          0          0          0          0          0          0          0          0          0          0          0
  convexproj       :       0.00       0.00          0          0          0          0          0          0          0          0          0          0          0
  disjunctive      :       0.00       0.00          0          0          0          0          0          0          0          0          0          0          0
  eccuts           :       0.00       0.00          0          0          0          0          0          0          0          0          0          0          0
  gauge            :       0.00       0.00          0          0          0          0          0          0          0          0          0          0          0
  gomory           :       1.17       0.00         47         10          0          0       3007       4987          0        694        694          0          0
  > gomorymi       :          -          -          -          -          -          -          -       4987          0        694        694          0          -
  > strongcg       :          -          -          -          -          -          -          -          0          0          0          0          0          -
  impliedbounds    :       0.06       0.00        111         58          0          0       2280       5470          0       1519       1519          0          0
  interminor       :       0.00       0.00          0          0          0          0          0          0          0          0          0          0          0
  intobj           :       0.00       0.00          0          0          0          0          0          0          0          0          0          0          0
  lagromory        :       0.00       0.00          0          0          0          0          0          0          0          0          0          0          0
  mcf              :       0.00       0.00          1          1          0          0          0          0          0          0          0          0          0
  minor            :       0.00       0.00         10         10          0          0          0          0          0          0          0          0          0
  mixing           :       0.00       0.00          0          0          0          0          0          0          0          0          0          0          0
  oddcycle         :       0.00       0.00          0          0          0          0          0          0          0          0          0          0          0
  rapidlearning    :       0.00       0.00          0          0          0          0          0          0          0          0          0          0          0
  rlt              :       0.00       0.00         10         10          0          0          0          0          0          0          0          0          0
  zerohalf         :       0.03       0.00         57         20          0          0          0          0          0          0          0          0          0
Cutselectors       :   ExecTime  SetupTime      Calls  RootCalls   Selected     Forced   Filtered  RootSelec   RootForc   RootFilt 
  hybrid           :       0.10       0.00        112         59       3544          0      39567       3129          0      36518
  ensemble         :       0.00       0.00          0          0          0          0          0          0          0          0
  dynamic          :       0.00       0.00          0          0          0          0          0          0          0          0
Pricers            :   ExecTime  SetupTime      Calls       Vars
  problem variables:       0.00          -          0          0
Branching Rules    :   ExecTime  SetupTime   BranchLP  BranchExt   BranchPS    Cutoffs    DomReds       Cuts      Conss   Children
  allfullstrong    :       0.00       0.00          0          0          0          0          0          0          0          0
  cloud            :       0.00       0.00          0          0          0          0          0          0          0          0
  distribution     :       0.00       0.00          0          0          0          0          0          0          0          0
  fullstrong       :       0.00       0.00          0          0          0          0          0          0          0          0
  gomory           :       0.00       0.00          0          0          0          0          0          0          0          0
  inference        :       0.00       0.00          0          0          0          0          0          0          0          0
  leastinf         :       0.00       0.00          0          0          0          0          0          0          0          0
  lookahead        :       0.00       0.00          0          0          0          0          0          0          0          0
  mostinf          :       0.00       0.00          0          0          0          0          0          0          0          0
  multaggr         :       0.00       0.00          0          0          0          0          0          0          0          0
  nodereopt        :       0.00       0.00          0          0          0          0          0          0          0          0
  pscost           :       0.00       0.00          0          0          0          0          0          0          0          0
  random           :       0.00       0.00          0          0          0          0          0          0          0          0
  relpscost        :      19.13       0.00        159          0          0          0       1697          0         17        164
  vanillafullstrong:       0.00       0.00          0          0          0          0          0          0          0          0
Primal Heuristics  :   ExecTime  SetupTime      Calls      Found       Best
  LP solutions     :       0.00          -          -          2          2
  relax solutions  :       0.00          -          -          0          0
  pseudo solutions :       0.00          -          -          0          0
  strong branching :       0.02          -          -          6          6
  actconsdiving    :       0.00       0.00          0          0          0
  adaptivediving   :       0.00       0.00          0          0          0
  alns             :       0.03       0.00          1          0          0
  bound            :       0.00       0.00          0          0          0
  clique           :       0.01       0.00          1          1          1
  coefdiving       :       0.00       0.00          0          0          0
  completesol      :       0.00       0.00          0          0          0
  conflictdiving   :       0.29       0.00          1          1          1
  crossover        :       0.00       0.00          0          0          0
  dins             :       0.00       0.00          0          0          0
  distributiondivin:       0.00       0.00          0          0          0
  dps              :       0.00       0.00          0          0          0
  dualval          :       0.00       0.00          0          0          0
  farkasdiving     :       0.00       0.00          0          0          0
  feaspump         :       0.75       0.00          1          1          1
  fixandinfer      :       0.00       0.00          0          0          0
  fracdiving       :       0.00       0.00          0          0          0
  gins             :       0.00       0.00          0          0          0
  guideddiving     :       0.00       0.00          0          0          0
  indicator        :       0.00       0.00          0          0          0
  indicatordiving  :       0.00       0.00          0          0          0
  intdiving        :       0.00       0.00          0          0          0
  intshifting      :       0.09       0.00          1          0          0
  linesearchdiving :       0.00       0.00          0          0          0
  localbranching   :       0.00       0.00          0          0          0
  locks            :       0.04       0.00          1          0          0
  lpface           :       0.00       0.00          0          0          0
  mpec             :       0.00       0.00          0          0          0
  multistart       :       0.00       0.00          0          0          0
  mutation         :       0.00       0.00          0          0          0
  nlpdiving        :       0.00       0.00          0          0          0
  objpscostdiving  :       0.00       0.00          0          0          0
  octane           :       0.00       0.00          0          0          0
  ofins            :       0.00       0.00          0          0          0
  oneopt           :       0.01       0.00         19          0          0
  padm             :       0.00       0.00          0          0          0
  proximity        :       0.00       0.00          0          0          0
  pscostdiving     :       0.00       0.00          0          0          0
  randrounding     :       0.65       0.00         61          0          0
  rens             :       0.00       0.00          0          0          0
  reoptsols        :       0.00       0.00          0          0          0
  repair           :       0.00       0.00          0          0          0
  rins             :       0.00       0.00          0          0          0
  rootsoldiving    :       0.00       0.00          0          0          0
  rounding         :       0.06       0.00        274          6          6
  scheduler        :       0.00       0.00          0          0          0
  shiftandpropagate:       0.00       0.00          0          0          0
  shifting         :       0.52       0.00        140          6          0
  simplerounding   :       0.00       0.00        323          0          0
  subnlp           :       0.00       0.00          0          0          0
  trivial          :       0.00       0.00          2          0          0
  trivialnegation  :       0.00       0.00          0          0          0
  trustregion      :       0.00       0.00          0          0          0
  trysol           :       0.00       0.00          0          0          0
  twoopt           :       0.00       0.00          0          0          0
  undercover       :       0.00       0.00          0          0          0
  vbounds          :       0.09       0.00          1          0          0
  veclendiving     :       0.00       0.00          0          0          0
  zeroobj          :       0.00       0.00          0          0          0
  zirounding       :       0.01       0.00         82          5          5
  other solutions  :          -          -          -          0          -
LNS (Scheduler)    :      Calls  SetupTime  SolveTime SolveNodes       Sols       Best       Exp3    Exp3-IX  EpsGreedy        UCB TgtFixRate  Opt  Inf Node Stal  Sol  Usr Othr Actv
  rens             :          0       0.00       0.00          0          0          0    0.00000    0.12500   -1.00000    1.00000      0.900    0    0    0    0    0    0    0    1
  rins             :          0       0.00       0.00          0          0          0    0.00000    0.12500   -1.00000    1.00000      0.900    0    0    0    0    0    0    0    1
  mutation         :          0       0.00       0.00          0          0          0    0.00000    0.12500   -1.00000    1.00000      0.900    0    0    0    0    0    0    0    1
  localbranching   :          0       0.00       0.00          0          0          0    0.00000    0.12500   -1.00000    1.00000      0.900    0    0    0    0    0    0    0    1
  crossover        :          0       0.00       0.00          0          0          0    0.00000    0.12500   -1.00000    1.00000      0.900    0    0    0    0    0    0    0    1
  proximity        :          0       0.00       0.00          0          0          0    0.00000    0.12500   -1.00000    1.00000      0.900    0    0    0    0    0    0    0    1
  zeroobjective    :          0       0.00       0.00          0          0          0    0.00000    0.12500   -1.00000    1.00000      0.900    0    0    0    0    0    0    0    1
  dins             :          0       0.00       0.00          0          0          0    0.00000    0.12500   -1.00000    1.00000      0.900    0    0    0    0    0    0    0    1
  trustregion      :          0       0.00       0.00          0          0          0    0.00000    0.00000   -1.00000    1.00000      0.900    0    0    0    0    0    0    0    0
LP                 :       Time      Calls Iterations  Iter/call   Iter/sec  Time-0-It Calls-0-It    ItLimit
  primal LP        :       0.01         25          0       0.00       0.00       0.01         25
  dual LP          :       8.07        382      49025     158.66    6075.57       0.05         73
  lex dual LP      :       0.00          0          0       0.00          -
  barrier LP       :       0.00          0          0       0.00          -       0.00          0
  resolve instable :       0.00          0          0       0.00          -
  diving/probing LP:       1.19         25       7236     289.44    6102.85
  strong branching :      17.36        507     143842     283.71    8287.26          -          -        155
    (at root node) :          -         23      19837     862.48          -
  conflict analysis:       0.02         30        240       8.00   13944.57
B&B Tree           :
  number of runs   :          1
  nodes            :        153 (82 internal, 71 leaves)
  feasible leaves  :          2
  infeas. leaves   :         14
  objective leaves :         55
  nodes (total)    :        153 (82 internal, 71 leaves)
  nodes left       :          0
  max depth        :         15
  max depth (total):         15
  backtracks       :         51 (33.3%)
  early backtracks :          0 (0.0%)
  nodes exc. ref.  :          0 (0.0%)
  delayed cutoffs  :          2
  repropagations   :         28 (392 domain reductions, 0 cutoffs)
  avg switch length:       4.10
  switching time   :       0.06
Root Node          :
  First LP value   : +8.87802322047363e+04
  First LP Iters   :        726 (20439.76 Iter/sec)
  First LP Time    :       0.04
  Final Dual Bound : +9.23111489760216e+04
  Final Root Iters :      24455
  Root LP Estimate : +9.89881907595821e+04
Solution           :
  Solutions found  :         28 (22 improvements)
  First Solution   : +9.61024120000000e+04   (in run 1, after 1 nodes, 1.16 seconds, depth 6, found by <clique>)
  Gap First Sol.   :   infinite
  Gap Last Sol.    :       0.40 %
  Primal Bound     : +9.29029360000000e+04   (in run 1, after 152 nodes, 47.98 seconds, depth 7, found by <zirounding>)
  Dual Bound       : +9.29029360000000e+04
  Gap              :       0.00 %
Integrals          :      Total       Avg%
  primal-dual      :     268.76       5.60
  primal-ref       :          -          - (not evaluated)
  dual-ref         :          -          - (not evaluated)

 Branching Statistics...

 Total number of propagations -> 8970

 Number of cutoffs of KnaCons -> 1

 Total number of variables fixed to 1 by the propagator -> 1170

 Total number of variables fixed to 0 by the propagator -> 7499

 Maximum number of rounds of the approximation algorithm -> 6

 Runtime of the exact algorithm -> 0.0000 s

 Total number of variables fixed to 1 in the exact algorithm -> 0

 Total number of variables fixed to 0 in the exact algorithm -> 0

 Number of cutoffs in the exact algorithm -> 0

 Number of cutoffs in the approximation algorithm -> 8

 PS:  
