***************************************
*         SCIP-based CCP Solver       *
*                                     *
*    Wei Lv and Wei-Kun Chen (2024)   *
***************************************
/share/home/wangzhaowei/lvwei/scipoptsuite-9.1.0/build/bin/examples/ccp -f CCMPPData/100-3000-3.ccmpp -s CCMPPSetting/BnC-MIX-sDI05.set 
SCIP version 9.1.0 [precision: 8 byte] [memory: block] [mode: optimized] [LP solver: Soplex 7.1.0] [GitHash: 8cab0278ba]
Copyright (c) 2002-2024 Zuse Institute Berlin (ZIB)

External libraries: 
  Soplex 7.1.0         Linear Programming Solver developed at Zuse Institute Berlin (soplex.zib.de) [GitHash: 595bfac9]
  CppAD 20180000.0     Algorithmic Differentiation of C++ algorithms developed by B. Bell (github.com/coin-or/CppAD)
  ZLIB 1.2.7           General purpose compression library by J. Gailly and M. Adler (zlib.net)
  GMP 6.0.0            GNU Multiple Precision Arithmetic Library developed by T. Granlund (gmplib.org)
  AMPL/MP 690e9e7      AMPL .nl file reader library (github.com/ampl/mp)
  PaPILO 2.3.0         parallel presolve for integer and linear optimization (github.com/scipopt/papilo) (built with TBB) [GitHash: 4b8ce6ed]
  Nauty 2.8.8          Computing Graph Automorphism Groups by Brendan D. McKay (users.cecs.anu.edu.au/~bdm/nauty)
  sassy 1.1            Symmetry preprocessor by Markus Anders (github.com/markusa4/sassy)

reading user parameter file <CCMPPSetting/BnC-MIX-sDI05.set>

read problem <CCMPPData/100-3000-3.ccmpp>
============

File name: 	CCMPPData/100-3000-3.ccmpp
Problem name:	100-3000-3
Dimension: 	100
NumScenario: 	3000
ConfidenceParameter: 	0.05
IsEqualProbability: 	1
BnC+MIX+DI: 	1
BnC+MIX+sDI: 	1
DB: 	0
DB+OPF: 	0
Dominance and Aggregation Statistics......
NumEdge:        68470
NumBiEdge: 	192
NumDomIneqs: 	68278
DominanceRatio: 0.0152
NumAggScenario: 2979 
BasicNumScenario: 2978 
Dominance Inequalities Statistics......
NumBasicDomIneqs: 8311
NumNonReDomIneqs: 6076
Duration: 0.3100 s 

original problem has 3479 variables (2979 bin, 0 int, 0 impl, 500 cont) and 21476 constraints

solve problem
=============

presolving:
(round 1, fast)       5 del vars, 368 del conss, 0 add conss, 100 chg bounds, 0 chg sides, 0 chg coeffs, 0 upgd conss, 0 impls, 6076 clqs
   (0.1s) running MILP presolver
   (0.1s) MILP presolver (3 rounds): 102 aggregations, 2 fixings, 46 bound changes
(round 2, medium)     109 del vars, 368 del conss, 0 add conss, 146 chg bounds, 0 chg sides, 0 chg coeffs, 0 upgd conss, 0 impls, 6076 clqs
(round 3, fast)       109 del vars, 470 del conss, 0 add conss, 146 chg bounds, 0 chg sides, 0 chg coeffs, 0 upgd conss, 0 impls, 6076 clqs
(round 4, exhaustive) 109 del vars, 470 del conss, 0 add conss, 146 chg bounds, 0 chg sides, 0 chg coeffs, 20710 upgd conss, 0 impls, 6076 clqs
   (0.9s) probing: 1000/2978 (33.6%) - 0 fixings, 0 aggregations, 630 implications, 0 bound changes
   (0.9s) probing: 1001/2978 (33.6%) - 0 fixings, 0 aggregations, 630 implications, 0 bound changes
   (0.9s) probing aborted: 1000/1000 successive useless probings
   (1.0s) symmetry computation started: requiring (bin +, int +, cont +), (fixed: bin -, int -, cont -)
   Symmetry detection interrupted: constraints of type chancecons do not provide symmetry information.
   If symmetries shall be detected, implement the CONSGETPERMSYMGRAPH callback.
   (1.0s) could not compute symmetry
presolving (5 rounds: 5 fast, 3 medium, 2 exhaustive):
 109 deleted vars, 470 deleted constraints, 0 added constraints, 146 tightened bounds, 0 added holes, 0 changed sides, 0 changed coefficients
 14634 implications, 6706 cliques
presolved problem has 3370 variables (2978 bin, 0 int, 0 impl, 392 cont) and 21006 constraints
      1 constraints of type <chancecons>
  14634 constraints of type <varbound>
   6076 constraints of type <setppc>
    295 constraints of type <linear>
Presolving Time: 0.99

 time | node  | left  |LP iter|LP it/n|mem/heur|mdpt |vars |cons |rows |cuts |sepa|confs|strbr|  dualbound   | primalbound  |  gap   | compl. 
p 1.1s|     1 |     0 |   188 |     - |  clique|   0 |3370 |  21k|  21k|   0 |  0 |   0 |   0 | 0.000000e+00 | 7.224503e+05 |    Inf | unknown
p 1.2s|     1 |     0 |   597 |     - | vbounds|   0 |3370 |  21k|  21k|   0 |  0 |   0 |   0 | 0.000000e+00 | 7.224501e+05 |    Inf | unknown
  2.6s|     1 |     0 |  5170 |     - |   322M |   0 |3370 |  21k|  21k|   0 |  0 |   0 |   0 | 7.176881e+05 | 7.224501e+05 |   0.66%| unknown
  3.2s|     1 |     0 |  5549 |     - |   325M |   0 |3370 |  21k|  21k| 106 |  1 |   0 |   0 | 7.179345e+05 | 7.224501e+05 |   0.63%| unknown
  3.6s|     1 |     0 |  5860 |     - |   328M |   0 |3370 |  21k|  21k| 224 |  2 |   0 |   0 | 7.181223e+05 | 7.224501e+05 |   0.60%| unknown
  4.1s|     1 |     0 |  6166 |     - |   331M |   0 |3370 |  21k|  21k| 331 |  3 |   0 |   0 | 7.182925e+05 | 7.224501e+05 |   0.58%| unknown
  4.6s|     1 |     0 |  6593 |     - |   334M |   0 |3370 |  21k|  21k| 439 |  4 |   0 |   0 | 7.185025e+05 | 7.224501e+05 |   0.55%| unknown
  5.0s|     1 |     0 |  6900 |     - |   336M |   0 |3370 |  21k|  21k| 541 |  5 |   0 |   0 | 7.186120e+05 | 7.224501e+05 |   0.53%| unknown
  5.4s|     1 |     0 |  7284 |     - |   339M |   0 |3370 |  21k|  21k| 663 |  6 |   0 |   0 | 7.187781e+05 | 7.224501e+05 |   0.51%| unknown
  5.9s|     1 |     0 |  7670 |     - |   342M |   0 |3370 |  21k|  21k| 751 |  7 |   0 |   0 | 7.188902e+05 | 7.224501e+05 |   0.50%| unknown
  6.5s|     1 |     0 |  8066 |     - |   345M |   0 |3370 |  21k|  21k| 847 |  8 |   0 |   0 | 7.190169e+05 | 7.224501e+05 |   0.48%| unknown
  6.9s|     1 |     0 |  8520 |     - |   347M |   0 |3370 |  21k|  21k| 956 |  9 |   0 |   0 | 7.191044e+05 | 7.224501e+05 |   0.47%| unknown
  7.5s|     1 |     0 |  8997 |     - |   350M |   0 |3370 |  21k|  22k|1041 | 10 |   0 |   0 | 7.191908e+05 | 7.224501e+05 |   0.45%| unknown
  7.9s|     1 |     0 |  9451 |     - |   353M |   0 |3370 |  21k|  22k|1134 | 11 |   0 |   0 | 7.192599e+05 | 7.224501e+05 |   0.44%| unknown
  8.3s|     1 |     0 |  9942 |     - |   355M |   0 |3370 |  21k|  22k|1236 | 12 |   0 |   0 | 7.193521e+05 | 7.224501e+05 |   0.43%| unknown
 time | node  | left  |LP iter|LP it/n|mem/heur|mdpt |vars |cons |rows |cuts |sepa|confs|strbr|  dualbound   | primalbound  |  gap   | compl. 
  8.8s|     1 |     0 | 10541 |     - |   358M |   0 |3370 |  21k|  22k|1306 | 13 |   0 |   0 | 7.193968e+05 | 7.224501e+05 |   0.42%| unknown
  9.3s|     1 |     0 | 11178 |     - |   361M |   0 |3370 |  21k|  22k|1383 | 14 |   0 |   0 | 7.194585e+05 | 7.224501e+05 |   0.42%| unknown
  9.9s|     1 |     0 | 12037 |     - |   363M |   0 |3370 |  21k|  22k|1461 | 15 |   0 |   0 | 7.195178e+05 | 7.224501e+05 |   0.41%| unknown
 10.5s|     1 |     0 | 12858 |     - |   367M |   0 |3370 |  21k|  22k|1552 | 16 |   0 |   0 | 7.195468e+05 | 7.224501e+05 |   0.40%| unknown
 11.1s|     1 |     0 | 13672 |     - |   370M |   0 |3370 |  21k|  22k|1623 | 17 |   0 |   0 | 7.195929e+05 | 7.224501e+05 |   0.40%| unknown
 11.8s|     1 |     0 | 14624 |     - |   372M |   0 |3370 |  21k|  22k|1688 | 18 |   0 |   0 | 7.196178e+05 | 7.224501e+05 |   0.39%| unknown
 12.6s|     1 |     0 | 15560 |     - |   376M |   0 |3370 |  21k|  22k|1758 | 19 |   0 |   0 | 7.196452e+05 | 7.224501e+05 |   0.39%| unknown
 13.3s|     1 |     0 | 16564 |     - |   378M |   0 |3370 |  21k|  22k|1837 | 20 |   0 |   0 | 7.196749e+05 | 7.224501e+05 |   0.39%| unknown
 14.1s|     1 |     0 | 17639 |     - |   379M |   0 |3370 |  21k|  22k|1902 | 21 |   0 |   0 | 7.197038e+05 | 7.224501e+05 |   0.38%| unknown
 15.0s|     1 |     0 | 18860 |     - |   379M |   0 |3370 |  21k|  22k|1995 | 22 |   0 |   0 | 7.197171e+05 | 7.224501e+05 |   0.38%| unknown
o16.5s|     1 |     0 | 23433 |     - |feaspump|   0 |3370 |  21k|  22k|1995 | 22 |   0 |   0 | 7.197171e+05 | 7.202999e+05 |   0.08%| unknown
L19.3s|     1 |     0 | 23433 |     - |    rens|   0 |3370 |  21k|  22k|1995 | 22 |   0 |   0 | 7.197171e+05 | 7.201619e+05 |   0.06%| unknown
 19.4s|     1 |     0 | 23433 |     - |   381M |   0 |3370 |  21k|  22k|1995 | 22 |   0 |   0 | 7.197171e+05 | 7.201619e+05 |   0.06%| unknown
 19.5s|     1 |     0 | 23433 |     - |   381M |   0 |3370 |  21k|  19k|1995 | 22 |   0 |   0 | 7.197171e+05 | 7.201619e+05 |   0.06%| unknown
 20.4s|     1 |     0 | 25110 |     - |   381M |   0 |3370 |  17k|  16k|2114 | 23 |   0 |   0 | 7.197322e+05 | 7.201619e+05 |   0.06%| unknown
 time | node  | left  |LP iter|LP it/n|mem/heur|mdpt |vars |cons |rows |cuts |sepa|confs|strbr|  dualbound   | primalbound  |  gap   | compl. 
 20.5s|     1 |     0 | 25110 |     - |   381M |   0 |3370 |  17k|  16k|2114 | 23 |   0 |   0 | 7.197322e+05 | 7.201619e+05 |   0.06%| unknown
 20.8s|     1 |     0 | 25688 |     - |   381M |   0 |3370 |  17k|  16k|2165 | 24 |   0 |   0 | 7.197364e+05 | 7.201619e+05 |   0.06%| unknown
 20.9s|     1 |     0 | 25688 |     - |   381M |   0 |3370 |  14k|  16k|2165 | 24 |   0 |   0 | 7.197364e+05 | 7.201619e+05 |   0.06%| unknown
 21.8s|     1 |     0 | 27390 |     - |   381M |   0 |3370 |  14k|  16k|2236 | 25 |   0 |   0 | 7.197516e+05 | 7.201619e+05 |   0.06%| unknown
 22.1s|     1 |     0 | 27872 |     - |   381M |   0 |3370 |  14k|  16k|2274 | 26 |   0 |   0 | 7.197535e+05 | 7.201619e+05 |   0.06%| unknown
 38.0s|     1 |     2 | 27875 |     - |   382M |   0 |3370 |  14k|  16k|2274 | 26 |   0 |  48 | 7.197624e+05 | 7.201619e+05 |   0.06%| unknown
  121s|   100 |    21 | 67794 | 459.4 |   385M |  20 |3370 |  14k|  15k|3642 |  2 |  97 | 501 | 7.197782e+05 | 7.201619e+05 |   0.05%|   9.38%
L 126s|   118 |    12 | 74261 | 444.0 |    alns|  20 |3370 |  14k|  15k|3899 |  2 |  97 | 516 | 7.197784e+05 | 7.200929e+05 |   0.04%|  10.17%
L 126s|   118 |     5 | 74261 | 444.0 |    alns|  20 |3370 |  14k|  15k|3899 |  2 |  97 | 516 | 7.197784e+05 | 7.200275e+05 |   0.03%|  12.75%
  150s|   200 |    21 |120104 | 491.4 |   389M |  34 |3370 |  12k|  15k|4550 |  1 | 169 | 544 | 7.197806e+05 | 7.200275e+05 |   0.03%|  13.53%
  176s|   300 |    47 |157285 | 451.4 |   393M |  56 |3370 |  12k|  15k|5067 |  0 | 309 | 627 | 7.197908e+05 | 7.200275e+05 |   0.03%|  23.66%
L 180s|   318 |    51 |161884 | 440.3 |    rins|  64 |3370 |  12k|  15k|5076 |  2 | 309 | 641 | 7.197908e+05 | 7.200275e+05 |   0.03%|  23.66%
  202s|   400 |    65 |195977 | 435.2 |   409M |  70 |3370 |  12k|  15k|5689 |  0 | 362 | 723 | 7.197908e+05 | 7.200275e+05 |   0.03%|  23.66%
  220s|   500 |    69 |222968 | 402.1 |   412M |  70 |3370 |  12k|  15k|6129 |  2 | 390 | 764 | 7.198000e+05 | 7.200275e+05 |   0.03%|  28.20%
  254s|   600 |   103 |265857 | 406.6 |   422M |  70 |3370 |  12k|  15k|6802 |  1 | 433 | 842 | 7.198037e+05 | 7.200275e+05 |   0.03%|  28.43%
 time | node  | left  |LP iter|LP it/n|mem/heur|mdpt |vars |cons |rows |cuts |sepa|confs|strbr|  dualbound   | primalbound  |  gap   | compl. 
  275s|   700 |   133 |296923 | 392.9 |   434M |  70 |3370 |  12k|  15k|7302 |  0 | 456 | 935 | 7.198037e+05 | 7.200275e+05 |   0.03%|  28.43%
  294s|   800 |   161 |322804 | 376.1 |   436M |  70 |3370 |  12k|  15k|7610 |  2 | 505 |1030 | 7.198037e+05 | 7.200275e+05 |   0.03%|  28.43%
  310s|   900 |   169 |344676 | 358.6 |   439M |  70 |3370 |  12k|  15k|7675 |  0 | 527 |1095 | 7.198037e+05 | 7.200275e+05 |   0.03%|  28.43%
  322s|  1000 |   187 |366087 | 344.1 |   440M |  70 |3370 |  12k|  16k|7977 |  0 | 537 |1110 | 7.198109e+05 | 7.200275e+05 |   0.03%|  28.89%
  346s|  1100 |   211 |406271 | 349.4 |   441M | 100 |3370 |  12k|  16k|8417 |  1 | 551 |1162 | 7.198135e+05 | 7.200275e+05 |   0.03%|  29.05%
  366s|  1200 |   231 |446228 | 353.6 |   442M | 156 |3370 |  12k|  16k|8613 |  0 | 554 |1209 | 7.198135e+05 | 7.200275e+05 |   0.03%|  29.05%
  381s|  1300 |   241 |498435 | 366.5 |   445M | 211 |3370 |  12k|  16k|8705 |  0 | 554 |1209 | 7.198135e+05 | 7.200275e+05 |   0.03%|  29.05%
  421s|  1400 |   259 |546581 | 374.7 |   447M | 254 |3370 |  12k|  16k|9064 |  0 | 560 |1326 | 7.198155e+05 | 7.200275e+05 |   0.03%|  29.18%
  449s|  1500 |   285 |589218 | 378.2 |   450M | 254 |3370 |  12k|  15k|9791 |  0 | 590 |1411 | 7.198248e+05 | 7.200275e+05 |   0.03%|  29.78%
  469s|  1600 |   341 |620739 | 374.2 |   454M | 254 |3370 |  12k|  15k|  10k|  1 | 598 |1439 | 7.198272e+05 | 7.200275e+05 |   0.03%|  29.93%
* 478s|  1628 |   351 |630074 | 373.5 |    LP  | 254 |3370 |  12k|  15k|  10k|  2 | 601 |1477 | 7.198272e+05 | 7.200275e+05 |   0.03%|  29.93%
  494s|  1700 |   371 |658108 | 374.2 |   462M | 254 |3370 |  12k|  15k|  10k|  2 | 601 |1504 | 7.198323e+05 | 7.200275e+05 |   0.03%|  32.88%
  511s|  1800 |   375 |684405 | 368.0 |   464M | 254 |3370 |  12k|  15k|  11k|  2 | 612 |1561 | 7.198437e+05 | 7.200275e+05 |   0.03%|  39.62%
  532s|  1900 |   415 |713769 | 364.1 |   470M | 254 |3370 |  12k|  15k|  11k|  1 | 629 |1622 | 7.198437e+05 | 7.200275e+05 |   0.03%|  39.64%
  567s|  2000 |   439 |761451 | 369.8 |   479M | 254 |3370 |  12k|  16k|  12k|  2 | 641 |1691 | 7.198446e+05 | 7.200275e+05 |   0.03%|  39.71%
 time | node  | left  |LP iter|LP it/n|mem/heur|mdpt |vars |cons |rows |cuts |sepa|confs|strbr|  dualbound   | primalbound  |  gap   | compl. 
  590s|  2100 |   469 |798587 | 369.8 |   484M | 254 |3370 |  12k|  15k|  13k|  2 | 643 |1738 | 7.198467e+05 | 7.200275e+05 |   0.03%|  44.98%
* 603s|  2134 |   485 |816874 | 372.5 |    LP  | 254 |3370 |  12k|  15k|  13k|  2 | 648 |1775 | 7.198467e+05 | 7.200275e+05 |   0.03%|  44.98%
  625s|  2200 |   505 |855565 | 378.9 |   494M | 254 |3370 |  12k|  15k|  14k|  4 | 658 |1814 | 7.198467e+05 | 7.200275e+05 |   0.03%|  44.99%
  657s|  2300 |   519 |901068 | 382.2 |   495M | 254 |3370 |  12k|  16k|  14k|  1 | 669 |1883 | 7.198576e+05 | 7.200275e+05 |   0.02%|  47.57%
  680s|  2400 |   539 |945732 | 384.9 |   496M | 254 |3370 |  12k|  16k|  15k|  2 | 670 |1919 | 7.198576e+05 | 7.200275e+05 |   0.02%|  47.57%
  698s|  2500 |   565 |981611 | 383.9 |   498M | 254 |3370 |  12k|  16k|  15k|  1 | 672 |1955 | 7.198578e+05 | 7.200275e+05 |   0.02%|  47.86%
  713s|  2600 |   593 |  1013k| 381.2 |   499M | 254 |3370 |  12k|  16k|  15k|  2 | 673 |1968 | 7.198656e+05 | 7.200275e+05 |   0.02%|  48.05%
  737s|  2700 |   643 |  1042k| 378.0 |   504M | 254 |3370 |  12k|  15k|  15k|  2 | 693 |2058 | 7.198673e+05 | 7.200275e+05 |   0.02%|  48.06%
  766s|  2800 |   661 |  1083k| 379.1 |   520M | 254 |3370 |  12k|  16k|  16k|  2 | 778 |2110 | 7.198673e+05 | 7.200275e+05 |   0.02%|  50.68%
  778s|  2900 |   677 |  1109k| 375.0 |   521M | 254 |3370 |  12k|  16k|  16k|  0 | 779 |2128 | 7.198673e+05 | 7.200275e+05 |   0.02%|  50.68%
  810s|  3000 |   707 |  1162k| 380.1 |   530M | 254 |3370 |  12k|  16k|  17k|  0 | 785 |2197 | 7.198712e+05 | 7.200275e+05 |   0.02%|  50.72%
  836s|  3100 |   725 |  1202k| 380.8 |   531M | 254 |3370 |  12k|  16k|  17k|  1 | 786 |2251 | 7.198715e+05 | 7.200275e+05 |   0.02%|  50.74%
  874s|  3200 |   749 |  1269k| 389.8 |   532M | 254 |3370 |  12k|  16k|  17k|  1 | 803 |2314 | 7.198715e+05 | 7.200275e+05 |   0.02%|  50.74%
  926s|  3300 |   777 |  1357k| 404.7 |   534M | 254 |3370 |  12k|  16k|  18k|  1 | 810 |2396 | 7.198732e+05 | 7.200275e+05 |   0.02%|  51.05%
  972s|  3400 |   803 |  1437k| 416.3 |   535M | 254 |3370 |  12k|  16k|  18k|  1 | 825 |2469 | 7.198732e+05 | 7.200275e+05 |   0.02%|  51.05%
 time | node  | left  |LP iter|LP it/n|mem/heur|mdpt |vars |cons |rows |cuts |sepa|confs|strbr|  dualbound   | primalbound  |  gap   | compl. 
 1026s|  3500 |   827 |  1531k| 431.3 |   536M | 254 |3370 |  12k|  16k|  18k|  1 | 825 |2548 | 7.198732e+05 | 7.200275e+05 |   0.02%|  51.05%
 1063s|  3600 |   853 |  1595k| 437.0 |   537M | 254 |3370 |  12k|  16k|  19k|  1 | 828 |2616 | 7.198732e+05 | 7.200275e+05 |   0.02%|  51.05%
 1089s|  3700 |   879 |  1646k| 439.0 |   538M | 254 |3370 |  12k|  16k|  19k|  0 | 834 |2662 | 7.198732e+05 | 7.200275e+05 |   0.02%|  51.05%
 1113s|  3800 |   915 |  1682k| 437.0 |   551M | 254 |3370 |  12k|  16k|  19k|  0 | 855 |2729 | 7.198736e+05 | 7.200275e+05 |   0.02%|  51.09%
 1150s|  3900 |   943 |  1748k| 442.6 |   553M | 254 |3370 |  12k|  16k|  20k|  1 | 870 |2805 | 7.198736e+05 | 7.200275e+05 |   0.02%|  51.09%
 1179s|  4000 |   965 |  1804k| 445.5 |   553M | 254 |3370 |  12k|  16k|  20k|  1 | 873 |2859 | 7.198736e+05 | 7.200275e+05 |   0.02%|  51.09%
 1223s|  4100 |   995 |  1881k| 453.5 |   555M | 254 |3370 |  12k|  16k|  20k|  0 | 873 |2919 | 7.198736e+05 | 7.200275e+05 |   0.02%|  51.09%
 1268s|  4200 |  1019 |  1961k| 461.9 |   556M | 254 |3370 |  12k|  16k|  21k|  0 | 873 |2998 | 7.198736e+05 | 7.200275e+05 |   0.02%|  51.09%
 1303s|  4300 |  1047 |  2026k| 466.1 |   558M | 254 |3370 |  12k|  16k|  21k|  2 | 873 |3059 | 7.198736e+05 | 7.200275e+05 |   0.02%|  51.09%
 1345s|  4400 |  1067 |  2095k| 471.2 |   563M | 254 |3370 |  12k|  16k|  21k|  0 | 880 |3146 | 7.198743e+05 | 7.200275e+05 |   0.02%|  51.11%
 1378s|  4500 |  1105 |  2155k| 474.1 |   564M | 254 |3370 |  12k|  16k|  21k|  0 | 882 |3203 | 7.198743e+05 | 7.200275e+05 |   0.02%|  51.11%
 1416s|  4600 |  1135 |  2229k| 479.9 |   567M | 254 |3370 |  12k|  16k|  22k|  0 | 890 |3285 | 7.198743e+05 | 7.200275e+05 |   0.02%|  51.11%
 1451s|  4700 |  1169 |  2293k| 483.4 |   568M | 254 |3370 |  12k|  16k|  22k|  1 | 896 |3354 | 7.198743e+05 | 7.200275e+05 |   0.02%|  51.11%
 1482s|  4800 |  1197 |  2350k| 485.1 |   569M | 254 |3370 |  12k|  16k|  22k|  3 | 901 |3440 | 7.198767e+05 | 7.200275e+05 |   0.02%|  51.41%
 1511s|  4900 |  1225 |  2403k| 486.1 |   570M | 254 |3370 |  12k|  16k|  22k|  0 | 903 |3497 | 7.198767e+05 | 7.200275e+05 |   0.02%|  51.41%
 time | node  | left  |LP iter|LP it/n|mem/heur|mdpt |vars |cons |rows |cuts |sepa|confs|strbr|  dualbound   | primalbound  |  gap   | compl. 
 1534s|  5000 |  1263 |  2456k| 486.9 |   571M | 254 |3370 |  12k|  16k|  23k|  1 | 904 |3531 | 7.198767e+05 | 7.200275e+05 |   0.02%|  51.41%
 1557s|  5100 |  1293 |  2501k| 486.2 |   572M | 254 |3370 |  12k|  16k|  23k|  0 | 907 |3578 | 7.198767e+05 | 7.200275e+05 |   0.02%|  51.41%
 1575s|  5200 |  1325 |  2540k| 484.4 |   572M | 254 |3370 |  12k|  16k|  23k|  1 | 907 |3613 | 7.198781e+05 | 7.200275e+05 |   0.02%|  51.42%
 1610s|  5300 |  1351 |  2602k| 487.0 |   574M | 254 |3370 |  12k|  16k|  24k|  0 | 911 |3685 | 7.198781e+05 | 7.200275e+05 |   0.02%|  51.42%
 1638s|  5400 |  1379 |  2654k| 487.5 |   574M | 254 |3370 |  12k|  16k|  24k|  1 | 911 |3743 | 7.198781e+05 | 7.200275e+05 |   0.02%|  51.42%
 1670s|  5500 |  1411 |  2715k| 489.8 |   575M | 254 |3370 |  12k|  16k|  24k|  1 | 911 |3819 | 7.198781e+05 | 7.200275e+05 |   0.02%|  51.42%
 1699s|  5600 |  1447 |  2769k| 490.7 |   576M | 254 |3370 |  12k|  16k|  24k|  1 | 916 |3890 | 7.198781e+05 | 7.200275e+05 |   0.02%|  51.42%
 1732s|  5700 |  1473 |  2833k| 493.3 |   578M | 254 |3370 |  12k|  16k|  25k|  0 | 925 |3951 | 7.198781e+05 | 7.200275e+05 |   0.02%|  51.42%
 1755s|  5800 |  1517 |  2877k| 492.4 |   579M | 254 |3370 |  12k|  16k|  25k|  1 | 925 |4009 | 7.198795e+05 | 7.200275e+05 |   0.02%|  51.42%
 1770s|  5900 |  1547 |  2920k| 491.4 |   580M | 254 |3370 |  12k|  16k|  25k|  0 | 930 |4028 | 7.198795e+05 | 7.200275e+05 |   0.02%|  51.42%
 1793s|  6000 |  1573 |  2979k| 492.9 |   581M | 254 |3370 |  12k|  16k|  25k|  1 | 935 |4056 | 7.198795e+05 | 7.200275e+05 |   0.02%|  51.42%
 1813s|  6100 |  1599 |  3032k| 493.6 |   582M | 254 |3370 |  12k|  16k|  26k|  1 | 942 |4085 | 7.198795e+05 | 7.200275e+05 |   0.02%|  51.42%
 1830s|  6200 |  1619 |  3078k| 493.1 |   583M | 254 |3370 |  12k|  16k|  26k|  0 | 943 |4100 | 7.198795e+05 | 7.200275e+05 |   0.02%|  51.42%
 1856s|  6300 |  1641 |  3132k| 493.8 |   584M | 254 |3370 |  12k|  16k|  26k|  1 | 944 |4143 | 7.198795e+05 | 7.200275e+05 |   0.02%|  51.42%
 1879s|  6400 |  1671 |  3191k| 495.2 |   584M | 254 |3370 |  12k|  16k|  26k|  1 | 948 |4160 | 7.198795e+05 | 7.200275e+05 |   0.02%|  51.42%
 time | node  | left  |LP iter|LP it/n|mem/heur|mdpt |vars |cons |rows |cuts |sepa|confs|strbr|  dualbound   | primalbound  |  gap   | compl. 
 1897s|  6500 |  1687 |  3240k| 495.2 |   585M | 254 |3370 |  12k|  16k|  26k|  0 | 950 |4179 | 7.198802e+05 | 7.200275e+05 |   0.02%|  51.43%
 1921s|  6600 |  1711 |  3275k| 493.0 |   587M | 254 |3370 |  12k|  16k|  27k|  0 | 968 |4272 | 7.198808e+05 | 7.200275e+05 |   0.02%|  51.45%
 1941s|  6700 |  1733 |  3323k| 492.9 |   590M | 254 |3370 |  12k|  16k|  27k|  0 | 968 |4305 | 7.198822e+05 | 7.200275e+05 |   0.02%|  51.49%
 1961s|  6800 |  1763 |  3380k| 493.9 |   590M | 254 |3370 |  12k|  16k|  27k|  1 | 968 |4314 | 7.198822e+05 | 7.200275e+05 |   0.02%|  51.49%
 1994s|  6900 |  1799 |  3430k| 493.9 |   599M | 254 |3370 |  12k|  16k|  28k|  0 | 974 |4421 | 7.198823e+05 | 7.200275e+05 |   0.02%|  51.52%
Restart triggered after 50 consecutive estimations that the remaining tree will be large
(run 1, node 6944) performing user restart

(restart) converted 450 cuts from the global cut pool into linear constraints

presolving:
(round 1, fast)       123 del vars, 820 del conss, 0 add conss, 44 chg bounds, 65 chg sides, 4293 chg coeffs, 0 upgd conss, 14634 impls, 1060 clqs
(round 2, fast)       126 del vars, 821 del conss, 0 add conss, 45 chg bounds, 65 chg sides, 4293 chg coeffs, 0 upgd conss, 14634 impls, 1060 clqs
   (2002.6s) running MILP presolver
   (2002.6s) MILP presolver (4 rounds): 29 aggregations, 0 fixings, 98 bound changes
(round 3, medium)     155 del vars, 821 del conss, 0 add conss, 143 chg bounds, 65 chg sides, 4293 chg coeffs, 0 upgd conss, 14634 impls, 1060 clqs
(round 4, fast)       155 del vars, 850 del conss, 0 add conss, 143 chg bounds, 65 chg sides, 4293 chg coeffs, 0 upgd conss, 14634 impls, 1060 clqs
(round 5, exhaustive) 155 del vars, 854 del conss, 0 add conss, 143 chg bounds, 65 chg sides, 4293 chg coeffs, 79 upgd conss, 14634 impls, 1060 clqs
(round 6, medium)     155 del vars, 932 del conss, 0 add conss, 143 chg bounds, 65 chg sides, 4293 chg coeffs, 79 upgd conss, 14634 impls, 1060 clqs
presolving (7 rounds: 7 fast, 4 medium, 2 exhaustive):
 155 deleted vars, 932 deleted constraints, 0 added constraints, 143 tightened bounds, 0 added holes, 65 changed sides, 4324 changed coefficients
 14634 implications, 1060 cliques
presolved problem has 3215 variables (2853 bin, 0 int, 0 impl, 362 cont) and 12423 constraints
      1 constraints of type <chancecons>
  10625 constraints of type <varbound>
      1 constraints of type <knapsack>
   1019 constraints of type <setppc>
    604 constraints of type <linear>
     66 constraints of type <logicor>
    107 constraints of type <bounddisjunction>
Presolving Time: 1.14
transformed 21/23 original solutions to the transformed problem space

 time | node  | left  |LP iter|LP it/n|mem/heur|mdpt |vars |cons |rows |cuts |sepa|confs|strbr|  dualbound   | primalbound  |  gap   | compl. 
 2005s|     1 |     0 |  3458k|     - |   591M |   0 |3215 |  12k|  12k|   0 |  0 | 974 |4431 | 7.198823e+05 | 7.200275e+05 |   0.02%| unknown
 2005s|     1 |     0 |  3458k|     - |   593M |   0 |3215 |  12k|  12k|  75 |  1 | 976 |4431 | 7.198823e+05 | 7.200275e+05 |   0.02%| unknown
 2006s|     1 |     0 |  3459k|     - |   594M |   0 |3215 |  12k|  12k| 166 |  2 | 976 |4431 | 7.198823e+05 | 7.200275e+05 |   0.02%| unknown
 2006s|     1 |     0 |  3459k|     - |   597M |   0 |3215 |  12k|  12k| 250 |  3 | 976 |4431 | 7.198823e+05 | 7.200275e+05 |   0.02%| unknown
 2006s|     1 |     0 |  3460k|     - |   598M |   0 |3215 |  12k|  12k| 333 |  4 | 980 |4431 | 7.198823e+05 | 7.200275e+05 |   0.02%| unknown
 2006s|     1 |     0 |  3460k|     - |   599M |   0 |3215 |  12k|  12k| 402 |  5 | 980 |4431 | 7.198823e+05 | 7.200275e+05 |   0.02%| unknown
 2007s|     1 |     0 |  3461k|     - |   601M |   0 |3215 |  12k|  12k| 477 |  6 | 983 |4431 | 7.198823e+05 | 7.200275e+05 |   0.02%| unknown
 2007s|     1 |     0 |  3461k|     - |   603M |   0 |3215 |  12k|  12k| 535 |  7 | 984 |4431 | 7.198823e+05 | 7.200275e+05 |   0.02%| unknown
 2007s|     1 |     0 |  3462k|     - |   605M |   0 |3215 |  12k|  12k| 598 |  8 | 984 |4431 | 7.198823e+05 | 7.200275e+05 |   0.02%| unknown
 2008s|     1 |     0 |  3462k|     - |   606M |   0 |3215 |  12k|  12k| 677 |  9 | 985 |4431 | 7.198823e+05 | 7.200275e+05 |   0.02%| unknown
 2008s|     1 |     0 |  3463k|     - |   608M |   0 |3215 |  12k|  13k| 756 | 10 | 986 |4431 | 7.198823e+05 | 7.200275e+05 |   0.02%| unknown
 2008s|     1 |     0 |  3463k|     - |   608M |   0 |3215 |  12k|  12k| 756 | 10 | 988 |4431 | 7.198823e+05 | 7.200275e+05 |   0.02%| unknown
 2009s|     1 |     0 |  3464k|     - |   609M |   0 |3215 |  12k|  12k| 822 | 11 | 988 |4431 | 7.198823e+05 | 7.200275e+05 |   0.02%| unknown
 2010s|     1 |     0 |  3465k|     - |   612M |   0 |3215 |  12k|  13k| 895 | 12 | 989 |4431 | 7.198823e+05 | 7.200275e+05 |   0.02%| unknown
 2010s|     1 |     0 |  3466k|     - |   613M |   0 |3215 |  12k|  13k| 969 | 13 | 993 |4431 | 7.198823e+05 | 7.200275e+05 |   0.02%| unknown
 time | node  | left  |LP iter|LP it/n|mem/heur|mdpt |vars |cons |rows |cuts |sepa|confs|strbr|  dualbound   | primalbound  |  gap   | compl. 
 2011s|     1 |     0 |  3467k|     - |   615M |   0 |3215 |  12k|  13k|1063 | 14 | 993 |4431 | 7.198823e+05 | 7.200275e+05 |   0.02%| unknown
 2012s|     1 |     0 |  3468k|     - |   616M |   0 |3215 |  12k|  13k|1149 | 15 | 995 |4431 | 7.198823e+05 | 7.200275e+05 |   0.02%| unknown
 2012s|     1 |     0 |  3468k|     - |   616M |   0 |3215 |  12k|  13k|1149 | 15 | 999 |4431 | 7.198823e+05 | 7.200275e+05 |   0.02%| unknown
 2012s|     1 |     0 |  3468k|     - |   616M |   0 |3215 |  12k|  13k|1149 | 15 | 999 |4431 | 7.198823e+05 | 7.200275e+05 |   0.02%| unknown
 2013s|     1 |     0 |  3469k|     - |   618M |   0 |3215 |  12k|  13k|1221 | 16 | 999 |4431 | 7.198823e+05 | 7.200275e+05 |   0.02%| unknown
 2013s|     1 |     0 |  3469k|     - |   619M |   0 |3215 |  12k|  13k|1295 | 17 |1000 |4431 | 7.198823e+05 | 7.200275e+05 |   0.02%| unknown
 2014s|     1 |     0 |  3471k|     - |   621M |   0 |3215 |  12k|  13k|1381 | 18 |1002 |4431 | 7.198823e+05 | 7.200275e+05 |   0.02%| unknown
 2014s|     1 |     0 |  3472k|     - |   622M |   0 |3215 |  12k|  13k|1450 | 19 |1003 |4431 | 7.198823e+05 | 7.200275e+05 |   0.02%| unknown
 2015s|     1 |     0 |  3472k|     - |   624M |   0 |3215 |  12k|  13k|1514 | 20 |1005 |4431 | 7.198823e+05 | 7.200275e+05 |   0.02%| unknown
 2015s|     1 |     0 |  3472k|     - |   625M |   0 |3215 |  12k|  13k|1514 | 20 |1005 |4431 | 7.198823e+05 | 7.200275e+05 |   0.02%| unknown
 2015s|     1 |     0 |  3474k|     - |   625M |   0 |3215 |  12k|  13k|1596 | 21 |1005 |4431 | 7.198823e+05 | 7.200275e+05 |   0.02%| unknown
 2016s|     1 |     0 |  3475k|     - |   625M |   0 |3215 |  12k|  13k|1654 | 22 |1005 |4431 | 7.198823e+05 | 7.200275e+05 |   0.02%| unknown
 2016s|     1 |     0 |  3475k|     - |   625M |   0 |3215 |  12k|  13k|1728 | 23 |1007 |4431 | 7.198823e+05 | 7.200275e+05 |   0.02%| unknown
 2017s|     1 |     0 |  3476k|     - |   626M |   0 |3215 |  12k|  13k|1788 | 24 |1009 |4431 | 7.198823e+05 | 7.200275e+05 |   0.02%| unknown
 2017s|     1 |     0 |  3476k|     - |   626M |   0 |3215 |  12k|  13k|1788 | 24 |1009 |4431 | 7.198823e+05 | 7.200275e+05 |   0.02%| unknown
 time | node  | left  |LP iter|LP it/n|mem/heur|mdpt |vars |cons |rows |cuts |sepa|confs|strbr|  dualbound   | primalbound  |  gap   | compl. 
 2018s|     1 |     0 |  3478k|     - |   626M |   0 |3215 |  12k|  13k|1875 | 25 |1009 |4431 | 7.198823e+05 | 7.200275e+05 |   0.02%| unknown
 2018s|     1 |     0 |  3478k|     - |   626M |   0 |3215 |  12k|  13k|1875 | 25 |1009 |4431 | 7.198823e+05 | 7.200275e+05 |   0.02%| unknown
 2018s|     1 |     0 |  3479k|     - |   626M |   0 |3215 |  12k|  13k|1950 | 26 |1009 |4431 | 7.198823e+05 | 7.200275e+05 |   0.02%| unknown
 2024s|     1 |     0 |  3480k|     - |   626M |   0 |3215 |  12k|  13k|1950 | 26 |1191 |4446 | 7.198823e+05 | 7.200275e+05 |   0.02%| unknown
 2024s|     1 |     0 |  3480k|     - |   626M |   0 |3215 |  12k|  13k|1950 | 26 |1191 |4446 | 7.198823e+05 | 7.200275e+05 |   0.02%| unknown
 2025s|     1 |     0 |  3481k|     - |   626M |   0 |3215 |  12k|  13k|2007 | 27 |1191 |4446 | 7.198823e+05 | 7.200275e+05 |   0.02%| unknown
 2025s|     1 |     0 |  3481k|     - |   627M |   0 |3215 |  12k|  13k|2007 | 27 |1195 |4446 | 7.198823e+05 | 7.200275e+05 |   0.02%| unknown
 2025s|     1 |     0 |  3481k|     - |   627M |   0 |3215 |  12k|  13k|2036 | 28 |1195 |4446 | 7.198823e+05 | 7.200275e+05 |   0.02%| unknown
 2025s|     1 |     0 |  3481k|     - |   627M |   0 |3215 |  11k|  13k|2036 | 28 |1197 |4446 | 7.198823e+05 | 7.200275e+05 |   0.02%| unknown
 2026s|     1 |     0 |  3482k|     - |   627M |   0 |3215 |  11k|  12k|2091 | 29 |1197 |4446 | 7.198823e+05 | 7.200275e+05 |   0.02%| unknown
 2026s|     1 |     0 |  3483k|     - |   627M |   0 |3215 |  11k|  12k|2117 | 30 |1199 |4446 | 7.198823e+05 | 7.200275e+05 |   0.02%| unknown
 2026s|     1 |     0 |  3483k|     - |   627M |   0 |3215 |  11k|  12k|2117 | 30 |1200 |4446 | 7.198823e+05 | 7.200275e+05 |   0.02%| unknown
 2026s|     1 |     0 |  3484k|     - |   627M |   0 |3215 |  11k|  12k|2150 | 31 |1205 |4446 | 7.198823e+05 | 7.200275e+05 |   0.02%| unknown
 2026s|     1 |     0 |  3484k|     - |   627M |   0 |3215 |  11k|  12k|2172 | 32 |1205 |4446 | 7.198823e+05 | 7.200275e+05 |   0.02%| unknown
 2029s|     1 |     0 |  3484k|     - |   627M |   0 |3215 |  11k|  12k|2172 | 32 |1205 |4454 | 7.198823e+05 | 7.200275e+05 |   0.02%| unknown
 time | node  | left  |LP iter|LP it/n|mem/heur|mdpt |vars |cons |rows |cuts |sepa|confs|strbr|  dualbound   | primalbound  |  gap   | compl. 
 2029s|     1 |     0 |  3485k|     - |   627M |   0 |3215 |  11k|  12k|2201 | 33 |1207 |4454 | 7.198823e+05 | 7.200275e+05 |   0.02%| unknown
 2029s|     1 |     0 |  3485k|     - |   627M |   0 |3215 |  11k|  12k|2227 | 34 |1211 |4454 | 7.198823e+05 | 7.200275e+05 |   0.02%| unknown
 2030s|     1 |     2 |  3485k|     - |   627M |   0 |3215 |  11k|  12k|2227 | 34 |1216 |4456 | 7.198823e+05 | 7.200275e+05 |   0.02%| unknown
 2088s|   100 |    47 |  3541k| 494.8 |   632M |  39 |3215 |  11k|  12k|2668 |  0 |1279 |4710 | 7.198823e+05 | 7.200275e+05 |   0.02%|  24.03%
 2157s|   200 |    77 |  3593k| 495.2 |   635M |  64 |3215 |  11k|  12k|3092 |  0 |1294 |4992 | 7.198823e+05 | 7.200275e+05 |   0.02%|  25.46%
 2181s|   300 |   121 |  3643k| 495.2 |   637M |  66 |3215 |  11k|  12k|3647 |  0 |1302 |5036 | 7.198823e+05 | 7.200275e+05 |   0.02%|  25.50%
 2205s|   400 |   145 |  3693k| 495.3 |   639M |  71 |3215 |  11k|  12k|3947 |  1 |1311 |5083 | 7.198823e+05 | 7.200275e+05 |   0.02%|  25.50%
 2223s|   500 |   169 |  3732k| 494.0 |   640M |  75 |3215 |  11k|  12k|4257 |  1 |1317 |5130 | 7.198823e+05 | 7.200275e+05 |   0.02%|  25.75%
 2245s|   600 |   195 |  3780k| 493.7 |   642M |  77 |3215 |  11k|  12k|4594 |  0 |1329 |5185 | 7.198823e+05 | 7.200275e+05 |   0.02%|  28.94%
 2265s|   700 |   209 |  3824k| 493.0 |   643M |  77 |3215 |  11k|  12k|4937 |  0 |1335 |5237 | 7.198823e+05 | 7.200275e+05 |   0.02%|  28.94%
 2280s|   800 |   229 |  3861k| 491.4 |   644M |  81 |3215 |  11k|  12k|5309 |  2 |1342 |5263 | 7.198823e+05 | 7.200275e+05 |   0.02%|  29.88%
 2297s|   900 |   251 |  3900k| 490.1 |   645M |  84 |3215 |  11k|  12k|5460 |  1 |1500 |5305 | 7.198823e+05 | 7.200275e+05 |   0.02%|  29.88%
 2312s|  1000 |   269 |  3936k| 488.6 |   646M |  86 |3215 |  11k|  12k|5796 |  0 |1503 |5340 | 7.198823e+05 | 7.200275e+05 |   0.02%|  29.88%
 2326s|  1100 |   285 |  3969k| 486.5 |   647M |  89 |3215 |  11k|  12k|5948 |  1 |1514 |5383 | 7.198823e+05 | 7.200275e+05 |   0.02%|  29.88%
 2339s|  1200 |   289 |  4000k| 484.4 |   648M |  90 |3215 |  11k|  12k|6211 |  1 |1521 |5417 | 7.198823e+05 | 7.200275e+05 |   0.02%|  29.95%
 time | node  | left  |LP iter|LP it/n|mem/heur|mdpt |vars |cons |rows |cuts |sepa|confs|strbr|  dualbound   | primalbound  |  gap   | compl. 
d2342s|  1221 |    56 |  4005k| 483.8 |pscostdi|  90 |3215 |  11k|  12k|   0 |  1 |1524 |5420 | 7.198823e+05 | 7.199882e+05 |   0.01%|  29.96%
 2356s|  1300 |    93 |  4026k| 481.7 |   657M |  90 |3215 |  11k|  12k|6971 |  0 |1541 |5499 | 7.198823e+05 | 7.199882e+05 |   0.01%|  29.96%
 2379s|  1400 |   113 |  4073k| 481.5 |   658M | 113 |3215 |  11k|  12k|7244 |  0 |1575 |5529 | 7.198823e+05 | 7.199882e+05 |   0.01%|  31.54%
 2415s|  1500 |   147 |  4133k| 482.9 |   660M | 114 |3215 |  11k|  12k|7513 |  1 |1651 |5593 | 7.198823e+05 | 7.199882e+05 |   0.01%|  33.11%
 2446s|  1600 |   167 |  4195k| 484.6 |   662M | 114 |3215 |  11k|  12k|7848 |  0 |1726 |5662 | 7.198823e+05 | 7.199882e+05 |   0.01%|  34.69%
 2467s|  1700 |   181 |  4241k| 484.2 |   663M | 114 |3215 |  11k|  12k|8112 |  0 |1731 |5710 | 7.198823e+05 | 7.199882e+05 |   0.01%|  34.69%
o2482s|  1791 |   198 |  4277k| 483.3 |objpscos| 114 |3215 |  11k|  12k|8341 |  1 |1761 |5744 | 7.198823e+05 | 7.199882e+05 |   0.01%|  34.69%
 2483s|  1800 |   201 |  4280k| 483.2 |   665M | 114 |3215 |  11k|  12k|8367 |  1 |1761 |5748 | 7.198823e+05 | 7.199882e+05 |   0.01%|  34.69%
 2504s|  1900 |   221 |  4325k| 482.8 |   665M | 114 |3215 |  11k|  12k|8551 |  0 |1769 |5791 | 7.198823e+05 | 7.199882e+05 |   0.01%|  36.27%
 2520s|  2000 |   231 |  4361k| 481.4 |   666M | 114 |3215 |  11k|  12k|8633 |  0 |1773 |5833 | 7.198823e+05 | 7.199882e+05 |   0.01%|  37.84%
 2531s|  2100 |   243 |  4398k| 480.2 |   666M | 114 |3215 |  11k|  12k|8754 |  1 |1788 |5838 | 7.198823e+05 | 7.199882e+05 |   0.01%|  37.84%
 2545s|  2200 |   249 |  4431k| 478.5 |   666M | 117 |3215 |  11k|  12k|8829 |  0 |1792 |5878 | 7.198823e+05 | 7.199882e+05 |   0.01%|  37.84%
 2559s|  2300 |   257 |  4465k| 477.1 |   666M | 118 |3215 |  11k|  12k|8900 |  1 |1796 |5909 | 7.198823e+05 | 7.199882e+05 |   0.01%|  37.84%
 2568s|  2400 |   249 |  4503k| 476.0 |   666M | 118 |3215 |  11k|  12k|8949 |  0 |1803 |5909 | 7.198823e+05 | 7.199882e+05 |   0.01%|  39.42%
 2586s|  2500 |   257 |  4533k| 474.1 |   667M | 118 |3215 |  11k|  12k|9034 |  0 |1808 |5949 | 7.198823e+05 | 7.199882e+05 |   0.01%|  39.42%
 time | node  | left  |LP iter|LP it/n|mem/heur|mdpt |vars |cons |rows |cuts |sepa|confs|strbr|  dualbound   | primalbound  |  gap   | compl. 
 2612s|  2600 |   275 |  4572k| 473.3 |   668M | 119 |3215 |  11k|  12k|9202 |  1 |1878 |6013 | 7.198823e+05 | 7.199882e+05 |   0.01%|  41.00%
 2619s|  2700 |   271 |  4602k| 471.4 |   668M | 122 |3215 |  11k|  12k|9242 |  0 |1882 |6013 | 7.198823e+05 | 7.199882e+05 |   0.01%|  41.00%
*2642s|  2757 |   250 |  4648k| 473.4 |    LP  | 122 |3215 |  11k|  13k|9435 |  2 |1908 |6096 | 7.198823e+05 | 7.199882e+05 |   0.01%|  46.07%
 2657s|  2800 |   229 |  4689k| 475.5 |   677M | 122 |3215 |  11k|  13k|9648 |  1 |1914 |6103 | 7.198824e+05 | 7.199882e+05 |   0.01%|  49.07%
 2673s|  2900 |   235 |  4734k| 475.3 |   678M | 122 |3215 |  11k|  12k|9711 |  0 |1916 |6131 | 7.198824e+05 | 7.199882e+05 |   0.01%|  49.16%
 2687s|  3000 |   239 |  4778k| 475.0 |   682M | 122 |3215 |  11k|  12k|  10k|  1 |1917 |6158 | 7.198852e+05 | 7.199882e+05 |   0.01%|  50.03%
 2697s|  3100 |   249 |  4817k| 474.1 |   682M | 122 |3215 |  11k|  13k|  10k|  1 |1917 |6166 | 7.198852e+05 | 7.199882e+05 |   0.01%|  50.03%
 2730s|  3200 |   199 |  4909k| 478.4 |   683M | 122 |3215 |  11k|  13k|  10k|  0 |1920 |6187 | 7.198932e+05 | 7.199882e+05 |   0.01%|  53.76%
 2763s|  3300 |   173 |  4972k| 480.0 |   687M | 122 |3215 |  11k|  12k|  10k|  1 |1923 |6274 | 7.199045e+05 | 7.199882e+05 |   0.01%|  62.67%
 2780s|  3400 |   167 |  5021k| 480.0 |   688M | 122 |3215 |  11k|  12k|  10k|  1 |1944 |6334 | 7.199094e+05 | 7.199882e+05 |   0.01%|  63.85%
 2810s|  3500 |   167 |  5060k| 479.3 |   689M | 122 |3215 |  11k|  12k|  11k|  1 |1971 |6443 | 7.199147e+05 | 7.199882e+05 |   0.01%|  64.79%
 2851s|  3600 |   165 |  5104k| 478.8 |   690M | 124 |3215 |  11k|  12k|  11k|  1 |1978 |6627 | 7.199149e+05 | 7.199882e+05 |   0.01%|  64.80%
 2877s|  3700 |   121 |  5157k| 479.3 |   703M | 124 |3215 |  11k|  12k|  11k|  0 |2025 |6707 | 7.199208e+05 | 7.199882e+05 |   0.01%|  71.10%
 2907s|  3800 |    89 |  5211k| 479.9 |   704M | 124 |3215 |  11k|  12k|  12k|  2 |2048 |6765 | 7.199309e+05 | 7.199882e+05 |   0.01%|  80.70%
 2914s|  3900 |     5 |  5220k| 476.3 |   704M | 124 |3215 |  11k|  13k|  12k|  0 |2051 |6776 | 7.199513e+05 | 7.199882e+05 |   0.01%|  91.33%

SCIP Status        : problem is solved [optimal solution found]
Solving Time (sec) : 2913.63
Solving Nodes      : 3905 (total of 10849 nodes in 2 runs)
Primal Bound       : +7.19988203599998e+05 (32 solutions)
Dual Bound         : +7.19988203599998e+05
Gap                : 0.00 %

primal solution (original space):
=================================

objective value:                     719988.203599998
z#45                                                1 	(obj:0)
z#84                                                1 	(obj:0)
z#99                                                1 	(obj:0)
z#111                                               1 	(obj:0)
z#116                                               1 	(obj:0)
z#145                                               1 	(obj:0)
z#146                                               1 	(obj:0)
z#180                                               1 	(obj:0)
z#183                                1.00000000000006 	(obj:0)
z#223                                               1 	(obj:0)
z#255                                               1 	(obj:0)
z#274                                               1 	(obj:0)
z#301                                               1 	(obj:0)
z#304                                               1 	(obj:0)
z#330                                               1 	(obj:0)
z#345                                               1 	(obj:0)
z#353                                               1 	(obj:0)
z#374                                               1 	(obj:0)
z#382                                               1 	(obj:0)
z#387                                               1 	(obj:0)
z#403                                               1 	(obj:0)
z#408                                               1 	(obj:0)
z#452                                               1 	(obj:0)
z#469                                               1 	(obj:0)
z#471                                               1 	(obj:0)
z#478                                               1 	(obj:0)
z#484                                               1 	(obj:0)
z#486                                               1 	(obj:0)
z#491                                               1 	(obj:0)
z#508                                               1 	(obj:0)
z#512                                               1 	(obj:0)
z#524                                               1 	(obj:0)
z#525                                               1 	(obj:0)
z#555                                               1 	(obj:0)
z#560                                               1 	(obj:0)
z#581                                               1 	(obj:0)
z#599                                               1 	(obj:0)
z#627                                               1 	(obj:0)
z#634                                               1 	(obj:0)
z#638                                               1 	(obj:0)
z#640                                               1 	(obj:0)
z#659                                               1 	(obj:0)
z#701                                               1 	(obj:0)
z#720                                               1 	(obj:0)
z#775                                               1 	(obj:0)
z#788                                               1 	(obj:0)
z#796                                               1 	(obj:0)
z#801                                               1 	(obj:0)
z#802                                               1 	(obj:0)
z#904                                               1 	(obj:0)
z#986                                               1 	(obj:0)
z#987                                               1 	(obj:0)
z#1041                                              1 	(obj:0)
z#1057                                              1 	(obj:0)
z#1064                                              1 	(obj:0)
z#1070                                              1 	(obj:0)
z#1083                                              1 	(obj:0)
z#1086                                              1 	(obj:0)
z#1096                                              1 	(obj:0)
z#1111                                              1 	(obj:0)
z#1146                                              1 	(obj:0)
z#1191                                              1 	(obj:0)
z#1193                                              1 	(obj:0)
z#1203                                              1 	(obj:0)
z#1207                                              1 	(obj:0)
z#1232                              0.999999999999986 	(obj:0)
z#1240                                              1 	(obj:0)
z#1243                                              1 	(obj:0)
z#1265                                              1 	(obj:0)
z#1271                                              1 	(obj:0)
z#1278                                              1 	(obj:0)
z#1300                                              1 	(obj:0)
z#1314                                              1 	(obj:0)
z#1362                                              1 	(obj:0)
z#1410                                              1 	(obj:0)
z#1457                                              1 	(obj:0)
z#1466                                              1 	(obj:0)
z#1485                                              1 	(obj:0)
z#1487                                              1 	(obj:0)
z#1497                                              1 	(obj:0)
z#1502                                              1 	(obj:0)
z#1588                                              1 	(obj:0)
z#1592                                              1 	(obj:0)
z#1604                                              1 	(obj:0)
z#1619                                              1 	(obj:0)
z#1638                                              1 	(obj:0)
z#1646                                              1 	(obj:0)
z#1678                                              1 	(obj:0)
z#1688                                              1 	(obj:0)
z#1694                                              1 	(obj:0)
z#1711                                              1 	(obj:0)
z#1721                                              1 	(obj:0)
z#1726                              0.999999999999986 	(obj:0)
z#1776                                              1 	(obj:0)
z#1820                                              1 	(obj:0)
z#1825                                              1 	(obj:0)
z#1828                                              1 	(obj:0)
z#1839                                              1 	(obj:0)
z#1844                                              1 	(obj:0)
z#1860                                              1 	(obj:0)
z#1876                                              1 	(obj:0)
z#1905                                              1 	(obj:0)
z#1966                                              1 	(obj:0)
z#1988                                              1 	(obj:0)
z#2001                                              1 	(obj:0)
z#2003                                              1 	(obj:0)
z#2011                                              1 	(obj:0)
z#2177                                              1 	(obj:0)
z#2179                                              1 	(obj:0)
z#2204                                              1 	(obj:0)
z#2236                                              1 	(obj:0)
z#2258                                              1 	(obj:0)
z#2289                                              1 	(obj:0)
z#2293                                              1 	(obj:0)
z#2295                                              1 	(obj:0)
z#2353                                              1 	(obj:0)
z#2392                                              1 	(obj:0)
z#2398                                              1 	(obj:0)
z#2472                                              1 	(obj:0)
z#2496                                              1 	(obj:0)
z#2513                                              1 	(obj:0)
z#2515                                              1 	(obj:0)
z#2532                                              1 	(obj:0)
z#2540                                              1 	(obj:0)
z#2542                                              1 	(obj:0)
z#2552                                              1 	(obj:0)
z#2555                                              1 	(obj:0)
z#2560                                              1 	(obj:0)
z#2564                                              1 	(obj:0)
z#2567                                              1 	(obj:0)
z#2572                                              1 	(obj:0)
z#2610                                              1 	(obj:0)
z#2652                                              1 	(obj:0)
z#2654                                              1 	(obj:0)
z#2668                                              1 	(obj:0)
z#2678                                              1 	(obj:0)
z#2709                                              1 	(obj:0)
z#2724                                              1 	(obj:0)
z#2733                                              1 	(obj:0)
z#2764                                              1 	(obj:0)
z#2770                                              1 	(obj:0)
z#2833                                              1 	(obj:0)
z#2834                                              1 	(obj:0)
z#2843                                              1 	(obj:0)
z#2854                                              1 	(obj:0)
z#2882                                              1 	(obj:0)
z#2926                                              1 	(obj:0)
z#2943                                              1 	(obj:0)
z#2959                              0.999999999999993 	(obj:0)
z#2975                                              1 	(obj:0)
x#0                                          439.0142 	(obj:272)
x#3                                  32.3259999999973 	(obj:146)
x#4                                   47.827999999998 	(obj:120)
x#9                                  606.064000000005 	(obj:100)
x#17                                 1.87499999999579 	(obj:157)
x#18                                 555.741000000004 	(obj:126)
x#29                                0.605000000000018 	(obj:139)
x#31                                          698.404 	(obj:131)
x#44                                0.641000000001441 	(obj:177)
x#45                                 699.305999999994 	(obj:112)
x#55                              0.00700000000426826 	(obj:208)
x#56                               0.0119999999979257 	(obj:133)
x#58                                 559.971999999996 	(obj:152)
x#67                               0.0030000000022028 	(obj:105)
x#70                                 140.010999999995 	(obj:132)
x#72                                 559.984999999999 	(obj:106)
x#81                              0.00300000000015643 	(obj:103)
x#85                                 699.996999999994 	(obj:107)
x#96                              0.00300000000436285 	(obj:102)
y#0                                          136.4388 	(obj:159)
y#23                                              140 	(obj:101)
y#35                                0.351999999996224 	(obj:128)
y#38                                0.162000000002243 	(obj:125)
y#40                               0.0649999999981871 	(obj:124)
y#41                                0.146000000000527 	(obj:109)
y#60                                 139.990000000001 	(obj:110)
y#62                              0.00999999999814349 	(obj:128)
u#0                                          439.0142 	(obj:0)
u#1                                          439.0142 	(obj:0)
u#2                                          439.0142 	(obj:0)
u#3                                  471.340199999997 	(obj:0)
u#4                                  519.168199999995 	(obj:0)
u#5                                  519.168199999995 	(obj:0)
u#6                                  519.168199999995 	(obj:0)
u#7                                  519.168199999995 	(obj:0)
u#8                                  519.168199999995 	(obj:0)
u#9                                         1125.2322 	(obj:0)
u#10                                        1125.2322 	(obj:0)
u#11                                        1125.2322 	(obj:0)
u#12                                        1125.2322 	(obj:0)
u#13                                        1125.2322 	(obj:0)
u#14                                        1125.2322 	(obj:0)
u#15                                          686.218 	(obj:0)
u#16                                          686.218 	(obj:0)
u#17                                 688.092999999996 	(obj:0)
u#18                                         1211.508 	(obj:0)
u#19                                          1163.68 	(obj:0)
u#20                                          1163.68 	(obj:0)
u#21                                          1163.68 	(obj:0)
u#22                                          1163.68 	(obj:0)
u#23                                          1163.68 	(obj:0)
u#24                                          557.616 	(obj:0)
u#25                                          557.616 	(obj:0)
u#26                                          557.616 	(obj:0)
u#27                                          557.616 	(obj:0)
u#28                                          557.616 	(obj:0)
u#29                                          558.221 	(obj:0)
u#30                                          558.221 	(obj:0)
u#31                                         1256.625 	(obj:0)
u#32                                          1254.75 	(obj:0)
u#33                                          699.009 	(obj:0)
u#34                                          699.009 	(obj:0)
u#35                                          699.009 	(obj:0)
u#36                                          699.009 	(obj:0)
u#37                                          699.009 	(obj:0)
u#38                                          699.009 	(obj:0)
u#39                                          699.009 	(obj:0)
u#40                                          699.009 	(obj:0)
u#41                                          699.009 	(obj:0)
u#42                                          699.009 	(obj:0)
u#43                                          699.009 	(obj:0)
u#44                                 699.045000000001 	(obj:0)
u#45                                         1398.351 	(obj:0)
u#46                                 699.946999999995 	(obj:0)
u#47                                 699.946999999995 	(obj:0)
u#48                                 699.946999999995 	(obj:0)
u#49                                 699.946999999995 	(obj:0)
u#50                                 699.946999999995 	(obj:0)
u#51                                 699.946999999995 	(obj:0)
u#52                                 699.946999999995 	(obj:0)
u#53                                 699.946999999995 	(obj:0)
u#54                                 699.946999999995 	(obj:0)
u#55                                          699.954 	(obj:0)
u#56                                 699.965999999998 	(obj:0)
u#57                                 699.965999999998 	(obj:0)
u#58                                 1259.93799999999 	(obj:0)
u#59                                 1259.29699999999 	(obj:0)
u#60                                 559.990999999999 	(obj:0)
u#61                                 559.990999999999 	(obj:0)
u#62                                 559.990999999999 	(obj:0)
u#63                                 559.990999999999 	(obj:0)
u#64                                 559.990999999999 	(obj:0)
u#65                                 559.990999999999 	(obj:0)
u#66                                 559.990999999998 	(obj:0)
u#67                                 559.994000000001 	(obj:0)
u#68                                 559.994000000001 	(obj:0)
u#69                                 559.994000000001 	(obj:0)
u#70                                 699.997999999991 	(obj:0)
u#71                                 699.985999999993 	(obj:0)
u#72                                 1259.97099999999 	(obj:0)
u#73                                 699.998999999996 	(obj:0)
u#74                                 699.998999999996 	(obj:0)
u#75                                 699.998999999996 	(obj:0)
u#76                                 699.998999999996 	(obj:0)
u#77                                 699.998999999996 	(obj:0)
u#78                                 699.998999999996 	(obj:0)
u#79                                 699.998999999996 	(obj:0)
u#80                                 699.998999999996 	(obj:0)
u#81                                 700.001999999996 	(obj:0)
u#82                                 699.998999999994 	(obj:0)
u#83                                 699.998999999994 	(obj:0)
u#84                                 699.998999999994 	(obj:0)
u#85                                 1259.98499999999 	(obj:0)
u#86                                 1259.98499999999 	(obj:0)
u#87                                 699.999999999994 	(obj:0)
u#88                                 699.999999999994 	(obj:0)
u#89                                 699.999999999994 	(obj:0)
u#90                                 699.999999999994 	(obj:0)
u#91                                 699.999999999994 	(obj:0)
u#92                                 699.999999999994 	(obj:0)
u#93                                 699.999999999994 	(obj:0)
u#94                                 699.999999999994 	(obj:0)
u#95                                 699.999999999994 	(obj:0)
u#96                                 699.999999999998 	(obj:0)
u#97                                 699.999999999998 	(obj:0)
u#98                                 699.999999999998 	(obj:0)
u#99                                 699.999999999998 	(obj:0)
v#0                                          136.4388 	(obj:0)
v#1                                          136.4388 	(obj:0)
v#2                                          136.4388 	(obj:0)
v#3                                          136.4388 	(obj:0)
v#4                                          136.4388 	(obj:0)
v#5                                          136.4388 	(obj:0)
v#6                                          136.4388 	(obj:0)
v#7                                          136.4388 	(obj:0)
v#8                                          136.4388 	(obj:0)
v#9                                          136.4388 	(obj:0)
v#23                                              140 	(obj:0)
v#24                                              140 	(obj:0)
v#25                                              140 	(obj:0)
v#26                                              140 	(obj:0)
v#27                                              140 	(obj:0)
v#28                                              140 	(obj:0)
v#29                                              140 	(obj:0)
v#30                                              140 	(obj:0)
v#31                                              140 	(obj:0)
v#32                                              140 	(obj:0)
v#35                                0.351999999996224 	(obj:0)
v#36                                0.351999999996224 	(obj:0)
v#37                                0.351999999996224 	(obj:0)
v#38                                0.513999999998467 	(obj:0)
v#39                                0.513999999998418 	(obj:0)
v#40                                0.578999999996654 	(obj:0)
v#41                                0.724999999997181 	(obj:0)
v#42                                0.724999999997181 	(obj:0)
v#43                                0.724999999997181 	(obj:0)
v#44                                0.724999999997181 	(obj:0)
v#45                                0.373000000000957 	(obj:0)
v#46                                0.373000000000957 	(obj:0)
v#47                                0.373000000000957 	(obj:0)
v#48                                0.210999999998762 	(obj:0)
v#49                                0.210999999998762 	(obj:0)
v#50                                0.146000000000527 	(obj:0)
v#60                                 139.990000000001 	(obj:0)
v#61                                 139.990000000001 	(obj:0)
v#62                                              140 	(obj:0)
v#63                                              140 	(obj:0)
v#64                                              140 	(obj:0)
v#65                                              140 	(obj:0)
v#66                                              140 	(obj:0)
v#67                                              140 	(obj:0)
v#68                                              140 	(obj:0)
v#69                                              140 	(obj:0)
v#70                              0.00999999999814349 	(obj:0)
v#71                              0.00999999999817192 	(obj:0)
w#0                                           575.453 	(obj:0)
w#1                                           575.453 	(obj:0)
w#2                                           575.453 	(obj:0)
w#3                                  607.778999999997 	(obj:0)
w#4                                  655.606999999995 	(obj:0)
w#5                                  655.606999999995 	(obj:0)
w#6                                  655.606999999995 	(obj:0)
w#7                                  655.606999999995 	(obj:0)
w#8                                  655.606999999995 	(obj:0)
w#9                                          1261.671 	(obj:0)
w#10                                        1125.2322 	(obj:0)
w#11                                        1125.2322 	(obj:0)
w#12                                        1125.2322 	(obj:0)
w#13                                        1125.2322 	(obj:0)
w#14                                        1125.2322 	(obj:0)
w#15                                          686.218 	(obj:0)
w#16                                          686.218 	(obj:0)
w#17                                 688.092999999996 	(obj:0)
w#18                                         1211.508 	(obj:0)
w#19                                          1163.68 	(obj:0)
w#20                                          1163.68 	(obj:0)
w#21                                          1163.68 	(obj:0)
w#22                                          1163.68 	(obj:0)
w#23                                          1303.68 	(obj:0)
w#24                                          697.616 	(obj:0)
w#25                                          697.616 	(obj:0)
w#26                                          697.616 	(obj:0)
w#27                                          697.616 	(obj:0)
w#28                                          697.616 	(obj:0)
w#29                                          698.221 	(obj:0)
w#30                                          698.221 	(obj:0)
w#31                                         1396.625 	(obj:0)
w#32                                          1394.75 	(obj:0)
w#33                                          699.009 	(obj:0)
w#34                                          699.009 	(obj:0)
w#35                                 699.360999999996 	(obj:0)
w#36                                 699.360999999996 	(obj:0)
w#37                                 699.360999999996 	(obj:0)
w#38                                 699.522999999998 	(obj:0)
w#39                                 699.522999999998 	(obj:0)
w#40                                 699.587999999997 	(obj:0)
w#41                                 699.733999999997 	(obj:0)
w#42                                 699.733999999997 	(obj:0)
w#43                                 699.733999999997 	(obj:0)
w#44                                 699.769999999999 	(obj:0)
w#45                                         1398.724 	(obj:0)
w#46                                 700.319999999996 	(obj:0)
w#47                                 700.319999999996 	(obj:0)
w#48                                 700.157999999994 	(obj:0)
w#49                                 700.157999999994 	(obj:0)
w#50                                 700.092999999996 	(obj:0)
w#51                                 699.946999999995 	(obj:0)
w#52                                 699.946999999995 	(obj:0)
w#53                                 699.946999999995 	(obj:0)
w#54                                 699.946999999995 	(obj:0)
w#55                                          699.954 	(obj:0)
w#56                                 699.965999999998 	(obj:0)
w#57                                 699.965999999998 	(obj:0)
w#58                                 1259.93799999999 	(obj:0)
w#59                                 1259.29699999999 	(obj:0)
w#60                                          699.981 	(obj:0)
w#61                                          699.981 	(obj:0)
w#62                                 699.990999999998 	(obj:0)
w#63                                 699.990999999998 	(obj:0)
w#64                                 699.990999999998 	(obj:0)
w#65                                 699.990999999998 	(obj:0)
w#66                                 699.990999999998 	(obj:0)
w#67                                          699.994 	(obj:0)
w#68                                          699.994 	(obj:0)
w#69                                          699.994 	(obj:0)
w#70                                 700.007999999989 	(obj:0)
w#71                                 699.995999999991 	(obj:0)
w#72                                 1259.97099999999 	(obj:0)
w#73                                 699.998999999996 	(obj:0)
w#74                                 699.998999999996 	(obj:0)
w#75                                 699.998999999996 	(obj:0)
w#76                                 699.998999999996 	(obj:0)
w#77                                 699.998999999996 	(obj:0)
w#78                                 699.998999999996 	(obj:0)
w#79                                 699.998999999996 	(obj:0)
w#80                                 699.998999999996 	(obj:0)
w#81                                 700.001999999996 	(obj:0)
w#82                                 699.998999999994 	(obj:0)
w#83                                 699.998999999994 	(obj:0)
w#84                                 699.998999999994 	(obj:0)
w#85                                 1259.98499999999 	(obj:0)
w#86                                 1259.98499999999 	(obj:0)
w#87                                 699.999999999994 	(obj:0)
w#88                                 699.999999999994 	(obj:0)
w#89                                 699.999999999994 	(obj:0)
w#90                                 699.999999999994 	(obj:0)
w#91                                 699.999999999994 	(obj:0)
w#92                                 699.999999999994 	(obj:0)
w#93                                 699.999999999994 	(obj:0)
w#94                                 699.999999999994 	(obj:0)
w#95                                 699.999999999994 	(obj:0)
w#96                                 699.999999999998 	(obj:0)
w#97                                 699.999999999998 	(obj:0)
w#98                                 699.999999999998 	(obj:0)
w#99                                 699.999999999998 	(obj:0)

Statistics
==========

SCIP Status        : problem is solved [optimal solution found]
Total Time         :    2914.50
  solving          :    2913.63
  presolving       :       1.14 (included in solving)
  reading          :       0.87
  copying          :       0.73 (24 #copies) (minimal 0.02, maximal 0.04, average 0.03)
Original Problem   :
  Problem name     : 100-3000-3
  Variables        : 3479 (2979 binary, 0 integer, 0 implicit integer, 500 continuous)
  Constraints      : 21476 initial, 21476 maximal
  Objective        : minimize, 200 non-zeros (abs.min = 100, abs.max = 300)
Presolved Problem  :
  Problem name     : t_100-3000-3
  Variables        : 3215 (2853 binary, 0 integer, 0 implicit integer, 362 continuous)
  Constraints      : 12423 initial, 12437 maximal
  Objective        : minimize, 198 non-zeros (abs.min = 100, abs.max = 300)
  Nonzeros         : 40705 constraint, 1610 clique table
Presolvers         :   ExecTime  SetupTime  Calls  FixedVars   AggrVars   ChgTypes  ChgBounds   AddHoles    DelCons    AddCons   ChgSides   ChgCoefs
  boundshift       :       0.00       0.00      0          0          0          0          0          0          0          0          0          0
  convertinttobin  :       0.00       0.00      0          0          0          0          0          0          0          0          0          0
  domcol           :       0.07       0.00      2          0          0          0          0          0          0          0          0          0
  dualagg          :       0.00       0.00      0          0          0          0          0          0          0          0          0          0
  dualcomp         :       0.03       0.00      2          0          0          0          0          0          0          0          0          0
  dualinfer        :       0.00       0.00      0          0          0          0          0          0          0          0          0          0
  dualsparsify     :       0.10       0.00      1          0          0          0          0          0          0          0          0          0
  gateextraction   :       0.00       0.00      2          0          0          0          0          0          0          0          0          0
  implics          :       0.00       0.00      7          0          0          0          0          0          0          0          0          0
  inttobinary      :       0.00       0.00      0          0          0          0          0          0          0          0          0          0
  milp             :       0.10       0.00      2          2        131          0        144          0          0          0          0          0
  qpkktref         :       0.00       0.00      0          0          0          0          0          0          0          0          0          0
  redvub           :       0.00       0.00      0          0          0          0          0          0          0          0          0          0
  sparsify         :       0.02       0.00      1          0          0          0          0          0          0          0          0          0
  stuffing         :       0.00       0.00      0          0          0          0          0          0          0          0          0          0
  trivial          :       0.00       0.00     12         87          0          0          0          0          0          0          0          0
  tworowbnd        :       0.00       0.00      0          0          0          0          0          0          0          0          0          0
  dualfix          :       0.00       0.00     12         24          0          0          0          0          0          0          0          0
  genvbounds       :       0.00       0.00      0          0          0          0          0          0          0          0          0          0
  probing          :       0.63       0.00      1          0          0          0          0          0          0          0          0          0
  pseudoobj        :       0.00       0.00      2          0          0          0          0          0          0          0          0          0
  symmetry         :       0.00       0.00      1          0          0          0          0          0          0          0          0          0
  vbounds          :       0.00       0.00      2          0          0          0          0          0          0          0          0          0
  chancecons       :       0.00       0.00      0          0          0          0          0          0          0          0          0          0
  varbound         :       0.02       0.00     13          0          0          0         15          0        143          0         65       4082
  knapsack         :       0.01       0.00      5          0          0          0          0          0          0          0          0          0
  setppc           :       0.01       0.00     16          0          0          0          0          0        754          0          0          0
  linear           :       0.10       0.01     16         15          5          0        130          0        505          0          0         51
  logicor          :       0.00       0.00     12          0          0          0          0          0          0          0          0        191
  bounddisjunction :       0.00       0.00      7          0          0          0          0          0          0          0          0          0
  benders          :       0.00       0.00      0          0          0          0          0          0          0          0          0          0
  components       :       0.00       0.00      2          0          0          0          0          0          0          0          0          0
  root node        :          -          -      -       1809          -          -       5493          -          -          -          -          -
Constraints        :     Number  MaxNumber  #Separate #Propagate    #EnfoLP    #EnfoRelax  #EnfoPS    #Check   #ResProp    Cutoffs    DomReds       Cuts    Applied      Conss   Children
  benderslp        :          0          0          0          0       7332          0          0       1465          0          0          0          0          0          0          0
  chancecons       :          1          1       1748          0          0          0          0          0          0          0          0      25416      23156          0          0
  integral         :          0          0          0          0       7332          0          0       1465          0          0       4394          0          0        627      12920
  varbound         :      10625      10625         54     119503          3          0          0       1459      10609        199      73132          0          0          0          0
  knapsack         :          1          1         30      40298          1          0          0         31       1145        148      74079          0          0          0          0
  setppc           :       1019       1019         54     119661          3          0          0         58       9839          4       3792          0          0          0          0
  linear           :        604+       605         54     122076          3          0          0         61        813        485     204969         20          1          0          0
  logicor          :         66+       248         30       4395          0          0          0          0        488          0        203          1          0          0          0
  bounddisjunction :        107+       229          0      12662          0          0          0          0        390         16        123          0          0          0          0
  benders          :          0          0          0          0          3          0          0         53          0          0          0          0          0          0          0
  fixedvar         :          0          0          0          0          3          0          0         53          0          0          0          0          0          0          0
  countsols        :          0          0          0          0          3          0          0         53          0          0          0          0          0          0          0
  components       :          0          0          0          0          0          0          0          0          0          0          0          0          0          0          0
Constraint Timings :  TotalTime  SetupTime   Separate  Propagate     EnfoLP     EnfoPS     EnfoRelax   Check    ResProp    SB-Prop
  benderslp        :       0.01       0.00       0.00       0.00       0.01       0.00       0.00       0.00       0.00       0.00
  chancecons       :       1.16       0.00       1.16       0.00       0.00       0.00       0.00       0.00       0.00       0.00
  integral         :     994.80       0.00       0.00       0.00     994.80       0.00       0.00       0.00       0.00       0.00
  varbound         :       3.94       0.00       0.10       2.80       0.00       0.00       0.00       0.25       0.00       0.79
  knapsack         :       1.86       0.00       0.33       1.41       0.00       0.00       0.00       0.00       0.03       0.08
  setppc           :       0.39       0.00       0.01       0.30       0.00       0.00       0.00       0.01       0.00       0.05
  linear           :       4.27       0.01       0.17       3.68       0.00       0.00       0.00       0.00       0.00       0.40
  logicor          :       0.04       0.00       0.00       0.03       0.00       0.00       0.00       0.00       0.00       0.00
  bounddisjunction :       0.11       0.00       0.00       0.08       0.00       0.00       0.00       0.00       0.00       0.02
  benders          :       0.00       0.00       0.00       0.00       0.00       0.00       0.00       0.00       0.00       0.00
  fixedvar         :       0.00       0.00       0.00       0.00       0.00       0.00       0.00       0.00       0.00       0.00
  countsols        :       0.00       0.00       0.00       0.00       0.00       0.00       0.00       0.00       0.00       0.00
  components       :       0.02       0.00       0.00       0.01       0.00       0.00       0.00       0.00       0.00       0.01
Propagators        : #Propagate   #ResProp    Cutoffs    DomReds
  dualfix          :         26          0          0         19
  genvbounds       :          0          0          0          0
  nlobbt           :          0          0          0          0
  obbt             :          0          0          0          0
  probing          :          0          0          0          0
  pseudoobj        :      37549          0          0        319
  redcost          :      19125          0          0     402931
  rootredcost      :          9          0          0        652
  symmetry         :          0          0          0          0
  vbounds          :      73883          0          0          0
Propagator Timings :  TotalTime  SetupTime   Presolve  Propagate    ResProp    SB-Prop
  dualfix          :       0.00       0.00       0.00       0.00       0.00       0.00
  genvbounds       :       0.02       0.00       0.00       0.02       0.00       0.01
  nlobbt           :       0.00       0.00       0.00       0.00       0.00       0.00
  obbt             :       0.00       0.00       0.00       0.00       0.00       0.00
  probing          :       0.63       0.00       0.63       0.00       0.00       0.00
  pseudoobj        :       0.34       0.00       0.00       0.33       0.00       0.00
  redcost          :       2.40       0.00       0.00       2.39       0.00       0.01
  rootredcost      :       0.03       0.00       0.00       0.02       0.00       0.01
  symmetry         :       0.03       0.00       0.00       0.02       0.00       0.01
  vbounds          :       0.50       0.00       0.00       0.48       0.00       0.02
Symmetry           :
  orbitopal red.   :          0 reductions applied,          0 cutoffs
  orbital reduction:          0 reductions applied,          0 cutoffs
  lexicographic red:          0 reductions applied,          0 cutoffs
  shadow tree time :       0.00 s
Conflict Analysis  :       Time      Calls    Success    DomReds  Conflicts   Literals    Reconvs ReconvLits   Dualrays   Nonzeros   LP Iters   (pool size: [10000,10000])
  propagation      :       0.07        367        330          -       1604      111.1         37       20.8          -          -          -
  infeasible LP    :       0.00          0          0          -          0        0.0          0        0.0          0        0.0          0
  bound exceed. LP :       7.83       2323       1129          -       1248      100.2          0        0.0        768        1.5      14735
  strong branching :       0.00          0          0          -          0        0.0          0        0.0          -          -          0
  pseudo solution  :       0.00          0          0          -          0        0.0          0        0.0          -          -          -
  applied globally :       0.04          -          -        766       1283       87.1          -          -        768          -          -
  applied locally  :          -          -          -          0          0        0.0          -          -          0          -          -
Separators         :   ExecTime  SetupTime      Calls  RootCalls    Cutoffs    DomReds  FoundCuts ViaPoolAdd  DirectAdd    Applied ViaPoolApp  DirectApp      Conss
  cut pool         :       0.86          -       2100        111          -          -      35021     181868          -          -          -          -          -    (maximal pool size:      14107)
  aggregation      :       4.71       0.00        224         54          0          0      28966     141075          0      11599      11599          0          0
  > cmir           :          -          -          -          -          -          -          -     140622          0      11584      11584          0          -
  > flowcover      :          -          -          -          -          -          -          -        448          0         15         15          0          -
  > knapsackcover  :          -          -          -          -          -          -          -          5          0          0          0          0          -
  cgmip            :       0.00       0.00          0          0          0          0          0          0          0          0          0          0          0
  clique           :       1.05       0.00         54         54          0          0          0          0          0          0          0          0          0
  closecuts        :       0.00       0.00          0          0          0          0          0          0          0          0          0          0          0
  convexproj       :       0.00       0.00          0          0          0          0          0          0          0          0          0          0          0
  disjunctive      :       0.00       0.00          0          0          0          0          0          0          0          0          0          0          0
  eccuts           :       0.00       0.00          0          0          0          0          0          0          0          0          0          0          0
  gauge            :       0.00       0.00          0          0          0          0          0          0          0          0          0          0          0
  gomory           :       6.92       0.00        132         20          0          0       5774      37369          0       4022       4022          0          0
  > gomorymi       :          -          -          -          -          -          -          -      37369          0       4022       4022          0          -
  > strongcg       :          -          -          -          -          -          -          -          0          0          0          0          0          -
  impliedbounds    :       0.07       0.00        224         54          0          9        281       3424          0       1980       1980          0          0
  interminor       :       0.00       0.00          0          0          0          0          0          0          0          0          0          0          0
  intobj           :       0.00       0.00          0          0          0          0          0          0          0          0          0          0          0
  lagromory        :       0.00       0.00          0          0          0          0          0          0          0          0          0          0          0
  mcf              :       0.03       0.00          2          2          0          0          0          0          0          0          0          0          0
  minor            :       0.00       0.00         20         20          0          0          0          0          0          0          0          0          0
  mixing           :       0.00       0.00          0          0          0          0          0          0          0          0          0          0          0
  oddcycle         :       0.00       0.00          0          0          0          0          0          0          0          0          0          0          0
  rapidlearning    :       0.00       0.00          0          0          0          0          0          0          0          0          0          0          0
  rlt              :       0.00       0.00         20         20          0          0          0          0          0          0          0          0          0
  zerohalf         :       0.31       0.00        152         40          0          0          0          0          0          0          0          0          0
Cutselectors       :   ExecTime  SetupTime      Calls  RootCalls   Selected     Forced   Filtered  RootSelec   RootForc   RootFilt 
  hybrid           :       0.29       0.00       1944         60      40758          5     166547       4496          5      49636
  ensemble         :       0.00       0.00          0          0          0          0          0          0          0          0
  dynamic          :       0.00       0.00          0          0          0          0          0          0          0          0
Pricers            :   ExecTime  SetupTime      Calls       Vars
  problem variables:       0.00          -          0          0
Branching Rules    :   ExecTime  SetupTime   BranchLP  BranchExt   BranchPS    Cutoffs    DomReds       Cuts      Conss   Children
  allfullstrong    :       0.00       0.00          0          0          0          0          0          0          0          0
  cloud            :       0.00       0.00          0          0          0          0          0          0          0          0
  distribution     :       0.00       0.00          0          0          0          0          0          0          0          0
  fullstrong       :       0.00       0.00          0          0          0          0          0          0          0          0
  gomory           :       0.00       0.00          0          0          0          0          0          0          0          0
  inference        :       0.00       0.00          0          0          0          0          0          0          0          0
  leastinf         :       0.00       0.00          0          0          0          0          0          0          0          0
  lookahead        :       0.00       0.00          0          0          0          0          0          0          0          0
  mostinf          :       0.00       0.00          0          0          0          0          0          0          0          0
  multaggr         :       0.00       0.00          0          0          0          0          0          0          0          0
  nodereopt        :       0.00       0.00          0          0          0          0          0          0          0          0
  pscost           :       0.00       0.00          0          0          0          0          0          0          0          0
  random           :       0.00       0.00          0          0          0          0          0          0          0          0
  relpscost        :     994.79       0.00       7329          0          0          0       4394          0        643      12920
  vanillafullstrong:       0.00       0.00          0          0          0          0          0          0          0          0
Primal Heuristics  :   ExecTime  SetupTime      Calls      Found       Best
  LP solutions     :       0.00          -          -          3          3
  relax solutions  :       0.00          -          -          0          0
  pseudo solutions :       0.00          -          -          0          0
  strong branching :       0.03          -          -          0          0
  actconsdiving    :       0.00       0.00          0          0          0
  adaptivediving   :      11.30       0.00         20          0          0
  alns             :       0.87       0.00          6          2          2
  bound            :       0.00       0.00          0          0          0
  clique           :       0.11       0.00          1          1          1
  coefdiving       :       0.00       0.00          0          0          0
  completesol      :       0.00       0.00          0          0          0
  conflictdiving   :       4.34       0.00         11          0          0
  crossover        :       0.88       0.00          8          3          0
  dins             :       0.00       0.00          0          0          0
  distributiondivin:       3.04       0.00         10          0          0
  dps              :       0.00       0.00          0          0          0
  dualval          :       0.00       0.00          0          0          0
  farkasdiving     :       0.00       0.00          0          0          0
  feaspump         :       0.78       0.00          1          1          1
  fixandinfer      :       0.00       0.00          0          0          0
  fracdiving       :       1.31       0.00         11          0          0
  gins             :       0.03       0.00          0          0          0
  guideddiving     :       1.71       0.00         10          0          0
  indicator        :       0.01       0.00          0          0          0
  indicatordiving  :       0.00       0.00          0          0          0
  intdiving        :       0.00       0.00          0          0          0
  intshifting      :       1.62       0.00         10          0          0
  linesearchdiving :       3.66       0.00         11          0          0
  localbranching   :       0.00       0.00          0          0          0
  locks            :       0.04       0.00          1          0          0
  lpface           :       0.01       0.00          0          0          0
  mpec             :       0.00       0.00          0          0          0
  multistart       :       0.00       0.00          0          0          0
  mutation         :       0.00       0.00          0          0          0
  nlpdiving        :       0.00       0.00          0          0          0
  objpscostdiving  :       9.01       0.00          6          5          1
  octane           :       0.00       0.00          0          0          0
  ofins            :       0.00       0.00          0          0          0
  oneopt           :       0.03       0.00          9          0          0
  padm             :       0.00       0.00          0          0          0
  proximity        :       0.00       0.00          0          0          0
  pscostdiving     :       3.09       0.00         11          1          1
  randrounding     :       1.35       0.00       1435          0          0
  rens             :       4.04       0.00          2          2          1
  reoptsols        :       0.00       0.00          0          0          0
  repair           :       0.00       0.00          0          0          0
  rins             :       1.55       0.00          8          7          1
  rootsoldiving    :       1.93       0.00          6          6          0
  rounding         :       1.07       0.00       1319          0          0
  scheduler        :       0.00       0.00          0          0          0
  shiftandpropagate:       0.00       0.00          0          0          0
  shifting         :      19.52       0.00        652          0          0
  simplerounding   :       0.01       0.00          0          0          0
  subnlp           :       0.01       0.00          0          0          0
  trivial          :       0.01       0.00          4          0          0
  trivialnegation  :       0.00       0.00          0          0          0
  trustregion      :       0.00       0.00          0          0          0
  trysol           :       0.01       0.00          0          0          0
  twoopt           :       0.00       0.00          0          0          0
  undercover       :       0.00       0.00          0          0          0
  vbounds          :       0.11       0.00          2          1          1
  veclendiving     :       6.25       0.00         11          0          0
  zeroobj          :       0.00       0.00          0          0          0
  zirounding       :       0.70       0.00       1000          0          0
  other solutions  :          -          -          -          0          -
LNS (Scheduler)    :      Calls  SetupTime  SolveTime SolveNodes       Sols       Best       Exp3    Exp3-IX  EpsGreedy        UCB TgtFixRate  Opt  Inf Node Stal  Sol  Usr Othr Actv
  rens             :          0       0.00       0.00          0          0          0    0.00000    0.12500   -1.00000    1.00000      0.900    0    0    0    0    0    0    0    1
  rins             :          0       0.00       0.00          0          0          0    0.00000    0.12500   -1.00000    1.00000      0.900    0    0    0    0    0    0    0    1
  mutation         :          0       0.00       0.00          0          0          0    0.00000    0.12500   -1.00000    1.00000      0.900    0    0    0    0    0    0    0    1
  localbranching   :          0       0.00       0.00          0          0          0    0.00000    0.12500   -1.00000    1.00000      0.900    0    0    0    0    0    0    0    1
  crossover        :          0       0.00       0.00          0          0          0    0.00000    0.12500   -1.00000    1.00000      0.900    0    0    0    0    0    0    0    1
  proximity        :          0       0.00       0.00          0          0          0    0.00000    0.12500   -1.00000    1.00000      0.900    0    0    0    0    0    0    0    1
  zeroobjective    :          0       0.00       0.00          0          0          0    0.00000    0.12500   -1.00000    1.00000      0.900    0    0    0    0    0    0    0    1
  dins             :          0       0.00       0.00          0          0          0    0.00000    0.12500   -1.00000    1.00000      0.900    0    0    0    0    0    0    0    1
  trustregion      :          0       0.00       0.00          0          0          0    0.00000    0.00000   -1.00000    1.00000      0.900    0    0    0    0    0    0    0    0
LP                 :       Time      Calls Iterations  Iter/call   Iter/sec  Time-0-It Calls-0-It    ItLimit
  primal LP        :       1.21        743          0       0.00       0.00       1.21        743
  dual LP          :    1790.05      15862    5099552     376.41    2848.83       4.03       2314
  lex dual LP      :       0.00          0          0       0.00          -
  barrier LP       :       0.00          0          0       0.00          -       0.00          0
  resolve instable :       0.00          0          0       0.00          -
  diving/probing LP:      40.25       1700     120963      71.15    3005.28
  strong branching :     959.21       6776    2598163     383.44    2708.64          -          -       3749
    (at root node) :          -         73      47682     653.18          -
  conflict analysis:       5.52       1485      14735       9.92    2667.72
B&B Tree           :
  number of runs   :          2
  nodes            :       3905 (2073 internal, 1832 leaves)
  feasible leaves  :          1
  infeas. leaves   :         92
  objective leaves :       1739
  nodes (total)    :      10849 (6460 internal, 4389 leaves)
  nodes left       :          0
  max depth        :        124
  max depth (total):        254
  backtracks       :        669 (17.1%)
  early backtracks :          0 (0.0%)
  nodes exc. ref.  :          0 (0.0%)
  delayed cutoffs  :          0
  repropagations   :       1720 (3456 domain reductions, 0 cutoffs)
  avg switch length:       8.81
  switching time   :       4.31
Root Node          :
  First LP value   : +7.17688064882752e+05
  First LP Iters   :       4187 (3243.05 Iter/sec)
  First LP Time    :       1.29
  Final Dual Bound : +7.19882263913998e+05
  Final Root Iters :      56144
  Root LP Estimate : +7.19882210594270e+05
Solution           :
  Solutions found  :         32 (12 improvements)
  First Solution   : +7.22450330000000e+05   (in run 1, after 1 nodes, 1.14 seconds, depth 183, found by <clique>)
  Gap First Sol.   :   infinite
  Gap Last Sol.    :       0.01 %
  Primal Bound     : +7.19988203599998e+05   (in run 2, after 2757 nodes, 2642.42 seconds, depth 77, found by <relaxation>)
  Dual Bound       : +7.19988203599998e+05
  Gap              :       0.00 %
Integrals          :      Total       Avg%
  primal-dual      :     330.26       0.11
  primal-ref       :          -          - (not evaluated)
  dual-ref         :          -          - (not evaluated)

 Branching Statistics...

 Total number of propagations -> 0

 Number of cutoffs of KnaCons -> 0

 Total number of variables fixed to 1 by the propagator -> 0

 Total number of variables fixed to 0 by the propagator -> 0

 Maximum number of rounds of the approximation algorithm -> 0

 Runtime of the exact algorithm -> 0.0000 s

 Total number of variables fixed to 1 in the exact algorithm -> 0

 Total number of variables fixed to 0 in the exact algorithm -> 0

 Number of cutoffs in the exact algorithm -> 0

 Number of cutoffs in the approximation algorithm -> 0

 PS:  
