***************************************
*         SCIP-based CCP Solver       *
*                                     *
*    Wei Lv and Wei-Kun Chen (2024)   *
***************************************
/share/home/wangzhaowei/lvwei/scipoptsuite-9.1.0/build/bin/examples/ccp -f CCMPPData/30-1000-4.ccmpp -s CCMPPSetting/BnC-MIX-sDI05.set 
SCIP version 9.1.0 [precision: 8 byte] [memory: block] [mode: optimized] [LP solver: Soplex 7.1.0] [GitHash: 8cab0278ba]
Copyright (c) 2002-2024 Zuse Institute Berlin (ZIB)

External libraries: 
  Soplex 7.1.0         Linear Programming Solver developed at Zuse Institute Berlin (soplex.zib.de) [GitHash: 595bfac9]
  CppAD 20180000.0     Algorithmic Differentiation of C++ algorithms developed by B. Bell (github.com/coin-or/CppAD)
  ZLIB 1.2.7           General purpose compression library by J. Gailly and M. Adler (zlib.net)
  GMP 6.0.0            GNU Multiple Precision Arithmetic Library developed by T. Granlund (gmplib.org)
  AMPL/MP 690e9e7      AMPL .nl file reader library (github.com/ampl/mp)
  PaPILO 2.3.0         parallel presolve for integer and linear optimization (github.com/scipopt/papilo) (built with TBB) [GitHash: 4b8ce6ed]
  Nauty 2.8.8          Computing Graph Automorphism Groups by Brendan D. McKay (users.cecs.anu.edu.au/~bdm/nauty)
  sassy 1.1            Symmetry preprocessor by Markus Anders (github.com/markusa4/sassy)

reading user parameter file <CCMPPSetting/BnC-MIX-sDI05.set>

read problem <CCMPPData/30-1000-4.ccmpp>
============

File name: 	CCMPPData/30-1000-4.ccmpp
Problem name:	30-1000-4
Dimension: 	30
NumScenario: 	1000
ConfidenceParameter: 	0.05
IsEqualProbability: 	1
BnC+MIX+DI: 	1
BnC+MIX+sDI: 	1
DB: 	0
DB+OPF: 	0
Dominance and Aggregation Statistics......
NumEdge:        233757
NumBiEdge: 	25290
NumDomIneqs: 	208467
DominanceRatio: 0.4174
NumAggScenario: 697 
BasicNumScenario: 696 
Dominance Inequalities Statistics......
NumBasicDomIneqs: 6528
NumNonReDomIneqs: 1369
Duration: 0.0200 s 

original problem has 847 variables (697 bin, 0 int, 0 impl, 150 cont) and 2903 constraints

solve problem
=============

presolving:
(round 1, fast)       5 del vars, 31 del conss, 0 add conss, 30 chg bounds, 0 chg sides, 0 chg coeffs, 0 upgd conss, 0 impls, 1369 clqs
   (0.0s) running MILP presolver
   (0.0s) MILP presolver (3 rounds): 32 aggregations, 1 fixings, 12 bound changes
(round 2, medium)     38 del vars, 31 del conss, 0 add conss, 42 chg bounds, 0 chg sides, 0 chg coeffs, 0 upgd conss, 0 impls, 1369 clqs
(round 3, fast)       38 del vars, 63 del conss, 0 add conss, 42 chg bounds, 0 chg sides, 0 chg coeffs, 0 upgd conss, 0 impls, 1369 clqs
(round 4, exhaustive) 38 del vars, 63 del conss, 0 add conss, 42 chg bounds, 0 chg sides, 0 chg coeffs, 2754 upgd conss, 0 impls, 1369 clqs
   (0.2s) probing cycle finished: starting next cycle
   (0.2s) symmetry computation started: requiring (bin +, int +, cont +), (fixed: bin -, int -, cont -)
   Symmetry detection interrupted: constraints of type chancecons do not provide symmetry information.
   If symmetries shall be detected, implement the CONSGETPERMSYMGRAPH callback.
   (0.2s) could not compute symmetry
presolving (5 rounds: 5 fast, 3 medium, 2 exhaustive):
 38 deleted vars, 63 deleted constraints, 0 added constraints, 42 tightened bounds, 0 added holes, 0 changed sides, 0 changed coefficients
 2154 implications, 7042 cliques
presolved problem has 809 variables (696 bin, 0 int, 0 impl, 113 cont) and 2840 constraints
      1 constraints of type <chancecons>
   1385 constraints of type <varbound>
   1369 constraints of type <setppc>
     85 constraints of type <linear>
Presolving Time: 0.19

 time | node  | left  |LP iter|LP it/n|mem/heur|mdpt |vars |cons |rows |cuts |sepa|confs|strbr|  dualbound   | primalbound  |  gap   | compl. 
p 0.2s|     1 |     0 |    68 |     - |   locks|   0 | 809 |2841 |2839 |   0 |  0 |   0 |   0 | 0.000000e+00 | 2.430415e+05 |    Inf | unknown
p 0.2s|     1 |     0 |   197 |     - | vbounds|   0 | 809 |2842 |2839 |   0 |  0 |   1 |   0 | 0.000000e+00 | 2.426172e+05 |    Inf | unknown
  0.3s|     1 |     0 |   665 |     - |    32M |   0 | 809 |2854 |2839 |   0 |  0 |  13 |   0 | 2.396267e+05 | 2.426172e+05 |   1.25%| unknown
  0.3s|     1 |     0 |   892 |     - |    34M |   0 | 809 |2854 |2906 |  67 |  1 |  13 |   0 | 2.404247e+05 | 2.426172e+05 |   0.91%| unknown
  0.4s|     1 |     0 |  1018 |     - |    35M |   0 | 809 |2854 |2962 | 123 |  2 |  13 |   0 | 2.406744e+05 | 2.426172e+05 |   0.81%| unknown
  0.4s|     1 |     0 |  1125 |     - |    36M |   0 | 809 |2854 |3009 | 170 |  3 |  13 |   0 | 2.407717e+05 | 2.426172e+05 |   0.77%| unknown
  0.5s|     1 |     0 |  1218 |     - |    36M |   0 | 809 |2855 |3038 | 199 |  4 |  14 |   0 | 2.408049e+05 | 2.426172e+05 |   0.75%| unknown
  0.5s|     1 |     0 |  1218 |     - |    36M |   0 | 809 |2855 |3036 | 199 |  4 |  14 |   0 | 2.408049e+05 | 2.426172e+05 |   0.75%| unknown
  0.6s|     1 |     0 |  1292 |     - |    37M |   0 | 809 |2853 |3068 | 233 |  5 |  14 |   0 | 2.408304e+05 | 2.426172e+05 |   0.74%| unknown
  0.9s|     1 |     0 |  1370 |     - |    38M |   0 | 809 |2854 |3082 | 247 |  6 |  15 |   0 | 2.408450e+05 | 2.426172e+05 |   0.74%| unknown
  1.0s|     1 |     0 |  1454 |     - |    39M |   0 | 809 |2854 |3091 | 256 |  7 |  15 |   0 | 2.408540e+05 | 2.426172e+05 |   0.73%| unknown
  1.0s|     1 |     0 |  1501 |     - |    40M |   0 | 809 |2854 |3115 | 280 |  8 |  15 |   0 | 2.408563e+05 | 2.426172e+05 |   0.73%| unknown
  1.1s|     1 |     0 |  1607 |     - |    41M |   0 | 809 |2854 |3122 | 287 |  9 |  15 |   0 | 2.408606e+05 | 2.426172e+05 |   0.73%| unknown
  1.1s|     1 |     0 |  1654 |     - |    42M |   0 | 809 |2854 |3136 | 301 | 10 |  15 |   0 | 2.408607e+05 | 2.426172e+05 |   0.73%| unknown
  1.2s|     1 |     0 |  1753 |     - |    42M |   0 | 809 |2854 |3144 | 309 | 11 |  15 |   0 | 2.408608e+05 | 2.426172e+05 |   0.73%| unknown
 time | node  | left  |LP iter|LP it/n|mem/heur|mdpt |vars |cons |rows |cuts |sepa|confs|strbr|  dualbound   | primalbound  |  gap   | compl. 
  1.3s|     1 |     0 |  1799 |     - |    43M |   0 | 809 |2854 |3152 | 317 | 12 |  15 |   0 | 2.408609e+05 | 2.426172e+05 |   0.73%| unknown
  1.3s|     1 |     0 |  1860 |     - |    43M |   0 | 809 |2854 |3055 | 323 | 13 |  15 |   0 | 2.408609e+05 | 2.426172e+05 |   0.73%| unknown
  1.4s|     1 |     0 |  1887 |     - |    43M |   0 | 809 |2854 |3061 | 329 | 14 |  15 |   0 | 2.408609e+05 | 2.426172e+05 |   0.73%| unknown
  1.5s|     1 |     0 |  1970 |     - |    44M |   0 | 809 |2854 |3065 | 333 | 15 |  15 |   0 | 2.408613e+05 | 2.426172e+05 |   0.73%| unknown
  1.6s|     1 |     0 |  2025 |     - |    44M |   0 | 809 |2854 |3071 | 339 | 16 |  15 |   0 | 2.408615e+05 | 2.426172e+05 |   0.73%| unknown
r 1.6s|     1 |     0 |  2157 |     - |intshift|   0 | 809 |2852 |3071 | 339 | 16 |  15 |   0 | 2.408615e+05 | 2.423466e+05 |   0.62%| unknown
o 1.6s|     1 |     0 |  2305 |     - |feaspump|   0 | 809 |2852 |3071 | 339 | 16 |  15 |   0 | 2.408615e+05 | 2.408616e+05 |   0.00%| unknown
(run 1, node 1) restarting after 508 global fixings of integer variables

(restart) converted 176 cuts from the global cut pool into linear constraints

presolving:
(round 1, fast)       699 del vars, 2706 del conss, 0 add conss, 272 chg bounds, 372 chg sides, 134 chg coeffs, 0 upgd conss, 2154 impls, 0 clqs
(round 2, fast)       699 del vars, 2920 del conss, 0 add conss, 338 chg bounds, 374 chg sides, 134 chg coeffs, 0 upgd conss, 2154 impls, 0 clqs
(round 3, fast)       705 del vars, 2928 del conss, 0 add conss, 399 chg bounds, 374 chg sides, 134 chg coeffs, 0 upgd conss, 2154 impls, 0 clqs
(round 4, fast)       710 del vars, 2933 del conss, 0 add conss, 427 chg bounds, 374 chg sides, 134 chg coeffs, 0 upgd conss, 2154 impls, 0 clqs
(round 5, fast)       715 del vars, 2938 del conss, 0 add conss, 433 chg bounds, 374 chg sides, 134 chg coeffs, 0 upgd conss, 2154 impls, 0 clqs
(round 6, fast)       716 del vars, 2939 del conss, 0 add conss, 433 chg bounds, 374 chg sides, 134 chg coeffs, 0 upgd conss, 2154 impls, 0 clqs
   (1.7s) running MILP presolver
   (1.7s) MILP presolver (4 rounds): 7 aggregations, 9 fixings, 0 bound changes
(round 7, medium)     732 del vars, 2939 del conss, 0 add conss, 433 chg bounds, 374 chg sides, 134 chg coeffs, 0 upgd conss, 2154 impls, 0 clqs
(round 8, fast)       732 del vars, 2946 del conss, 0 add conss, 435 chg bounds, 374 chg sides, 134 chg coeffs, 0 upgd conss, 2154 impls, 0 clqs
(round 9, fast)       733 del vars, 2946 del conss, 0 add conss, 439 chg bounds, 374 chg sides, 134 chg coeffs, 0 upgd conss, 2154 impls, 0 clqs
(round 10, exhaustive) 733 del vars, 2948 del conss, 0 add conss, 439 chg bounds, 374 chg sides, 134 chg coeffs, 0 upgd conss, 2154 impls, 0 clqs
presolving (11 rounds: 11 fast, 3 medium, 2 exhaustive):
 733 deleted vars, 2948 deleted constraints, 0 added constraints, 439 tightened bounds, 0 added holes, 374 changed sides, 134 changed coefficients
 2154 implications, 0 cliques
presolved problem has 76 variables (0 bin, 0 int, 0 impl, 76 cont) and 80 constraints
      1 constraints of type <chancecons>
     79 constraints of type <linear>
Presolving Time: 0.20
transformed 1/4 original solutions to the transformed problem space

 time | node  | left  |LP iter|LP it/n|mem/heur|mdpt |vars |cons |rows |cuts |sepa|confs|strbr|  dualbound   | primalbound  |  gap   | compl. 
  1.7s|     1 |     0 |  2347 |     - |    44M |   0 |  76 |  80 |  77 |   0 |  0 | 571 |   0 | 2.408616e+05 | 2.408616e+05 |   0.00%| unknown

SCIP Status        : problem is solved [optimal solution found]
Solving Time (sec) : 1.66
Solving Nodes      : 1 (total of 2 nodes in 2 runs)
Primal Bound       : +2.40861589000000e+05 (4 solutions)
Dual Bound         : +2.40861589000000e+05
Gap                : 0.00 %

primal solution (original space):
=================================

objective value:                           240861.589
z#0                                                 1 	(obj:0)
z#4                                                 1 	(obj:0)
z#15                                                1 	(obj:0)
z#19                                                1 	(obj:0)
z#23                                                1 	(obj:0)
z#53                                                1 	(obj:0)
z#65                                                1 	(obj:0)
z#83                                                1 	(obj:0)
z#125                                               1 	(obj:0)
z#149                                               1 	(obj:0)
z#187                                               1 	(obj:0)
z#188                                               1 	(obj:0)
z#198                                               1 	(obj:0)
z#202                                               1 	(obj:0)
z#208                                               1 	(obj:0)
z#215                                               1 	(obj:0)
z#226                                               1 	(obj:0)
z#230                                               1 	(obj:0)
z#235                                               1 	(obj:0)
z#264                                               1 	(obj:0)
z#270                                               1 	(obj:0)
z#274                                               1 	(obj:0)
z#304                                               1 	(obj:0)
z#305                                               1 	(obj:0)
z#311                                               1 	(obj:0)
z#312                                               1 	(obj:0)
z#316                                               1 	(obj:0)
z#321                                               1 	(obj:0)
z#335                                               1 	(obj:0)
z#338                                               1 	(obj:0)
z#346                                               1 	(obj:0)
z#347                                               1 	(obj:0)
z#358                                               1 	(obj:0)
z#363                                               1 	(obj:0)
z#397                                               1 	(obj:0)
z#422                                               1 	(obj:0)
z#432                                               1 	(obj:0)
z#442                                               1 	(obj:0)
z#446                                               1 	(obj:0)
z#506                                               1 	(obj:0)
z#527                                               1 	(obj:0)
z#529                                               1 	(obj:0)
z#548                                               1 	(obj:0)
z#552                                               1 	(obj:0)
z#586                                               1 	(obj:0)
z#589                                               1 	(obj:0)
z#603                                               1 	(obj:0)
z#631                                               1 	(obj:0)
z#640                                               1 	(obj:0)
z#673                                               1 	(obj:0)
y#9                                 0.199999999999989 	(obj:133)
y#10                                          133.925 	(obj:109)
y#17                                            1.875 	(obj:103)
y#22                                          138.587 	(obj:100)
x#0                                           452.459 	(obj:162)
x#3                                  18.3800000000001 	(obj:111)
x#4                                  9.68499999999983 	(obj:204)
x#5                                            41.122 	(obj:156)
x#10                                          482.605 	(obj:113)
x#14                                0.300999999999931 	(obj:193)
x#19                                          558.353 	(obj:107)
y#0                                             139.8 	(obj:101)
u#0                                           452.459 	(obj:0)
u#1                                           452.459 	(obj:0)
u#2                                           452.459 	(obj:0)
u#3                                           470.839 	(obj:0)
u#4                                           480.524 	(obj:0)
u#5                                           521.646 	(obj:0)
u#6                                           521.646 	(obj:0)
u#7                                           521.646 	(obj:0)
u#8                                           521.646 	(obj:0)
u#9                                           521.646 	(obj:0)
u#10                                         1004.251 	(obj:0)
u#11                                         1004.251 	(obj:0)
u#12                                         1004.251 	(obj:0)
u#13                                         1004.251 	(obj:0)
u#14                                         1004.552 	(obj:0)
u#15                                          552.093 	(obj:0)
u#16                                          552.093 	(obj:0)
u#17                                          552.093 	(obj:0)
u#18                                          533.713 	(obj:0)
u#19                                         1082.381 	(obj:0)
u#20                                         1041.259 	(obj:0)
u#21                                         1041.259 	(obj:0)
u#22                                         1041.259 	(obj:0)
u#23                                         1041.259 	(obj:0)
u#24                                         1041.259 	(obj:0)
u#25                                          558.654 	(obj:0)
u#26                                          558.654 	(obj:0)
u#27                                          558.654 	(obj:0)
u#28                                          558.654 	(obj:0)
u#29                                          558.353 	(obj:0)
v#0                                             139.8 	(obj:0)
v#1                                             139.8 	(obj:0)
v#2                                             139.8 	(obj:0)
v#3                                             139.8 	(obj:0)
v#4                                             139.8 	(obj:0)
v#5                                             139.8 	(obj:0)
v#6                                             139.8 	(obj:0)
v#7                                             139.8 	(obj:0)
v#8                                             139.8 	(obj:0)
v#9                                               140 	(obj:0)
v#10                                          134.125 	(obj:0)
v#11                                          134.125 	(obj:0)
v#12                                          134.125 	(obj:0)
v#13                                          134.125 	(obj:0)
v#14                                          134.125 	(obj:0)
v#15                                          134.125 	(obj:0)
v#16                                          134.125 	(obj:0)
v#17                                              136 	(obj:0)
v#18                                              136 	(obj:0)
v#19                                            135.8 	(obj:0)
v#20                                            1.875 	(obj:0)
v#21                                            1.875 	(obj:0)
v#22                                          140.462 	(obj:0)
v#23                                          140.462 	(obj:0)
v#24                                          140.462 	(obj:0)
v#25                                          140.462 	(obj:0)
v#26                                          140.462 	(obj:0)
v#27                                          138.587 	(obj:0)
v#28                                          138.587 	(obj:0)
v#29                                          138.587 	(obj:0)
w#0                                           592.259 	(obj:0)
w#1                                           592.259 	(obj:0)
w#2                                           592.259 	(obj:0)
w#3                                           610.639 	(obj:0)
w#4                                           620.324 	(obj:0)
w#5                                           661.446 	(obj:0)
w#6                                           661.446 	(obj:0)
w#7                                           661.446 	(obj:0)
w#8                                           661.446 	(obj:0)
w#9                                           661.646 	(obj:0)
w#10                                         1138.376 	(obj:0)
w#11                                         1138.376 	(obj:0)
w#12                                         1138.376 	(obj:0)
w#13                                         1138.376 	(obj:0)
w#14                                         1138.677 	(obj:0)
w#15                                          686.218 	(obj:0)
w#16                                          686.218 	(obj:0)
w#17                                          688.093 	(obj:0)
w#18                                          669.713 	(obj:0)
w#19                                         1218.181 	(obj:0)
w#20                                         1043.134 	(obj:0)
w#21                                         1043.134 	(obj:0)
w#22                                         1181.721 	(obj:0)
w#23                                         1181.721 	(obj:0)
w#24                                         1181.721 	(obj:0)
w#25                                          699.116 	(obj:0)
w#26                                          699.116 	(obj:0)
w#27                                          697.241 	(obj:0)
w#28                                          697.241 	(obj:0)
w#29                                           696.94 	(obj:0)

Statistics
==========

SCIP Status        : problem is solved [optimal solution found]
Total Time         :       1.72
  solving          :       1.66
  presolving       :       0.20 (included in solving)
  reading          :       0.06
  copying          :       0.01 (2 #copies) (minimal 0.01, maximal 0.01, average 0.01)
Original Problem   :
  Problem name     : 30-1000-4
  Variables        : 847 (697 binary, 0 integer, 0 implicit integer, 150 continuous)
  Constraints      : 2903 initial, 2903 maximal
  Objective        : minimize, 60 non-zeros (abs.min = 100, abs.max = 289)
Presolved Problem  :
  Problem name     : t_30-1000-4
  Variables        : 76 (0 binary, 0 integer, 0 implicit integer, 76 continuous)
  Constraints      : 80 initial, 80 maximal
  Objective        : minimize, 50 non-zeros (abs.min = 1, abs.max = 252)
  Nonzeros         : 997 constraint, 0 clique table
Presolvers         :   ExecTime  SetupTime  Calls  FixedVars   AggrVars   ChgTypes  ChgBounds   AddHoles    DelCons    AddCons   ChgSides   ChgCoefs
  boundshift       :       0.00       0.00      0          0          0          0          0          0          0          0          0          0
  convertinttobin  :       0.00       0.00      0          0          0          0          0          0          0          0          0          0
  domcol           :       0.00       0.00      2          0          0          0          0          0          0          0          0          0
  dualagg          :       0.00       0.00      0          0          0          0          0          0          0          0          0          0
  dualcomp         :       0.00       0.00      2          0          0          0          0          0          0          0          0          0
  dualinfer        :       0.00       0.00      0          0          0          0          0          0          0          0          0          0
  dualsparsify     :       0.01       0.00      1          0          0          0          0          0          0          0          0          0
  gateextraction   :       0.00       0.00      0          0          0          0          0          0          0          0          0          0
  implics          :       0.00       0.00      6          0          0          0          0          0          0          0          0          0
  inttobinary      :       0.00       0.00      0          0          0          0          0          0          0          0          0          0
  milp             :       0.01       0.00      2         10         39          0         12          0          0          0          0          0
  qpkktref         :       0.00       0.00      0          0          0          0          0          0          0          0          0          0
  redvub           :       0.00       0.00      0          0          0          0          0          0          0          0          0          0
  sparsify         :       0.00       0.00      1          0          0          0          0          0          0          0          0          0
  stuffing         :       0.00       0.00      0          0          0          0          0          0          0          0          0          0
  trivial          :       0.00       0.00     16        508          0          0          0          0          0          0          0          0
  tworowbnd        :       0.00       0.00      0          0          0          0          0          0          0          0          0          0
  dualfix          :       0.00       0.00     16          1          0          0          0          0          0          0          0          0
  genvbounds       :       0.00       0.00      0          0          0          0          0          0          0          0          0          0
  probing          :       0.14       0.00      1          0          0          0          0          0          0          0          0          0
  pseudoobj        :       0.00       0.00      7          0          0          0          0          0          0          0          0          0
  symmetry         :       0.00       0.00      1          0          0          0          0          0          0          0          0          0
  vbounds          :       0.00       0.00      1          0          0          0          0          0          0          0          0          0
  chancecons       :       0.00       0.00      0          0          0          0          0          0          0          0          0          0
  varbound         :       0.00       0.00      4          0          0          0         75          0       1383          0        372        113
  setppc           :       0.00       0.00      5         16          0          0          0          0       1377          0          0          0
  linear           :       0.02       0.00     20        172         25          0        394          0        247          0          2          0
  logicor          :       0.00       0.00      1          0          0          0          0          0          4          0          0         21
  benders          :       0.00       0.00      0          0          0          0          0          0          0          0          0          0
  components       :       0.00       0.00      2          0          0          0          0          0          0          0          0          0
  root node        :          -          -      -        508          -          -        864          -          -          -          -          -
Constraints        :     Number  MaxNumber  #Separate #Propagate    #EnfoLP    #EnfoRelax  #EnfoPS    #Check   #ResProp    Cutoffs    DomReds       Cuts    Applied      Conss   Children
  benderslp        :          0          0          0          0          0          0          0         35          0          0          0          0          0          0          0
  chancecons       :          1          1         16          0          0          0          0          0          0          0          0         73         65          0          0
  integral         :          0          0          0          0          0          0          0         35          0          0          0          0          0          0          0
  linear           :         79         79         16       5725          0          0          0         12          4         17        244          0          0          0          0
  benders          :          0          0          0          0          0          0          0          6          0          0          0          0          0          0          0
  fixedvar         :          0          0          0          0          0          0          0          6          0          0          0          0          0          0          0
  countsols        :          0          0          0          0          0          0          0          6          0          0          0          0          0          0          0
  components       :          0          0          0          0          0          0          0          0          0          0          0          0          0          0          0
Constraint Timings :  TotalTime  SetupTime   Separate  Propagate     EnfoLP     EnfoPS     EnfoRelax   Check    ResProp    SB-Prop
  benderslp        :       0.00       0.00       0.00       0.00       0.00       0.00       0.00       0.00       0.00       0.00
  chancecons       :       0.00       0.00       0.00       0.00       0.00       0.00       0.00       0.00       0.00       0.00
  integral         :       0.00       0.00       0.00       0.00       0.00       0.00       0.00       0.00       0.00       0.00
  linear           :       0.04       0.00       0.00       0.03       0.00       0.00       0.00       0.00       0.00       0.00
  benders          :       0.00       0.00       0.00       0.00       0.00       0.00       0.00       0.00       0.00       0.00
  fixedvar         :       0.00       0.00       0.00       0.00       0.00       0.00       0.00       0.00       0.00       0.00
  countsols        :       0.00       0.00       0.00       0.00       0.00       0.00       0.00       0.00       0.00       0.00
  components       :       0.00       0.00       0.00       0.00       0.00       0.00       0.00       0.00       0.00       0.00
Propagators        : #Propagate   #ResProp    Cutoffs    DomReds
  dualfix          :         10          0          0          0
  genvbounds       :          0          0          0          0
  nlobbt           :          0          0          0          0
  obbt             :          0          0          0          0
  probing          :          0          0          0          0
  pseudoobj        :         29          0          0         62
  redcost          :         19          0          0          1
  rootredcost      :          0          0          0          0
  symmetry         :          0          0          0          0
  vbounds          :       2247          0          0          0
Propagator Timings :  TotalTime  SetupTime   Presolve  Propagate    ResProp    SB-Prop
  dualfix          :       0.00       0.00       0.00       0.00       0.00       0.00
  genvbounds       :       0.00       0.00       0.00       0.00       0.00       0.00
  nlobbt           :       0.00       0.00       0.00       0.00       0.00       0.00
  obbt             :       0.00       0.00       0.00       0.00       0.00       0.00
  probing          :       0.14       0.00       0.14       0.00       0.00       0.00
  pseudoobj        :       0.00       0.00       0.00       0.00       0.00       0.00
  redcost          :       0.00       0.00       0.00       0.00       0.00       0.00
  rootredcost      :       0.00       0.00       0.00       0.00       0.00       0.00
  symmetry         :       0.00       0.00       0.00       0.00       0.00       0.00
  vbounds          :       0.00       0.00       0.00       0.00       0.00       0.00
Symmetry           :
  orbitopal red.   :          0 reductions applied,          0 cutoffs
  orbital reduction:          0 reductions applied,          0 cutoffs
  lexicographic red:          0 reductions applied,          0 cutoffs
  shadow tree time :       0.00 s
Conflict Analysis  :       Time      Calls    Success    DomReds  Conflicts   Literals    Reconvs ReconvLits   Dualrays   Nonzeros   LP Iters   (pool size: [10000,10000])
  propagation      :       0.00         11         11          -         14        9.6          2       36.0          -          -          -
  infeasible LP    :       0.00          0          0          -          0        0.0          0        0.0          0        0.0          0
  bound exceed. LP :       0.00          4        558          -          3        4.3          0        0.0        557        1.2         30
  strong branching :       0.00          0          0          -          0        0.0          0        0.0          -          -          0
  pseudo solution  :       0.00          0          0          -          0        0.0          0        0.0          -          -          -
  applied globally :       0.00          -          -        555         14        3.7          -          -        557          -          -
  applied locally  :          -          -          -          0          0        0.0          -          -          0          -          -
Separators         :   ExecTime  SetupTime      Calls  RootCalls    Cutoffs    DomReds  FoundCuts ViaPoolAdd  DirectAdd    Applied ViaPoolApp  DirectApp      Conss
  cut pool         :       0.00          -         31         31          -          -       2207       3148          -          -          -          -          -    (maximal pool size:       2207)
  aggregation      :       0.76       0.00         16         16          0          0       1522       2196          0        212        212          0          0
  > cmir           :          -          -          -          -          -          -          -       2196          0        212        212          0          -
  > flowcover      :          -          -          -          -          -          -          -          0          0          0          0          0          -
  > knapsackcover  :          -          -          -          -          -          -          -          0          0          0          0          0          -
  cgmip            :       0.00       0.00          0          0          0          0          0          0          0          0          0          0          0
  clique           :       0.06       0.00         16         16          0          0          0          0          0          0          0          0          0
  closecuts        :       0.00       0.00          0          0          0          0          0          0          0          0          0          0          0
  convexproj       :       0.00       0.00          0          0          0          0          0          0          0          0          0          0          0
  disjunctive      :       0.00       0.00          0          0          0          0          0          0          0          0          0          0          0
  eccuts           :       0.00       0.00          0          0          0          0          0          0          0          0          0          0          0
  gauge            :       0.00       0.00          0          0          0          0          0          0          0          0          0          0          0
  gomory           :       0.24       0.00         10         10          0          0        684        949          0         61         61          0          0
  > gomorymi       :          -          -          -          -          -          -          -        949          0         61         61          0          -
  > strongcg       :          -          -          -          -          -          -          -          0          0          0          0          0          -
  impliedbounds    :       0.00       0.00         16         16          0          0          0          0          0          0          0          0          0
  interminor       :       0.00       0.00          0          0          0          0          0          0          0          0          0          0          0
  intobj           :       0.00       0.00          0          0          0          0          0          0          0          0          0          0          0
  lagromory        :       0.00       0.00          0          0          0          0          0          0          0          0          0          0          0
  mcf              :       0.00       0.00          4          4          0          0          1          3          0          1          1          0          0
  minor            :       0.00       0.00         10         10          0          0          0          0          0          0          0          0          0
  mixing           :       0.00       0.00          0          0          0          0          0          0          0          0          0          0          0
  oddcycle         :       0.00       0.00          0          0          0          0          0          0          0          0          0          0          0
  rapidlearning    :       0.00       0.00          0          0          0          0          0          0          0          0          0          0          0
  rlt              :       0.00       0.00         10         10          0          0          0          0          0          0          0          0          0
  zerohalf         :       0.01       0.00         16         16          0          0          0          0          0          0          0          0          0
Cutselectors       :   ExecTime  SetupTime      Calls  RootCalls   Selected     Forced   Filtered  RootSelec   RootForc   RootFilt 
  hybrid           :       0.00       0.00         16         16        339          0       2882        339          0       2882
  ensemble         :       0.00       0.00          0          0          0          0          0          0          0          0
  dynamic          :       0.00       0.00          0          0          0          0          0          0          0          0
Pricers            :   ExecTime  SetupTime      Calls       Vars
  problem variables:       0.00          -          0          0
Branching Rules    :   ExecTime  SetupTime   BranchLP  BranchExt   BranchPS    Cutoffs    DomReds       Cuts      Conss   Children
  allfullstrong    :       0.00       0.00          0          0          0          0          0          0          0          0
  cloud            :       0.00       0.00          0          0          0          0          0          0          0          0
  distribution     :       0.00       0.00          0          0          0          0          0          0          0          0
  fullstrong       :       0.00       0.00          0          0          0          0          0          0          0          0
  gomory           :       0.00       0.00          0          0          0          0          0          0          0          0
  inference        :       0.00       0.00          0          0          0          0          0          0          0          0
  leastinf         :       0.00       0.00          0          0          0          0          0          0          0          0
  lookahead        :       0.00       0.00          0          0          0          0          0          0          0          0
  mostinf          :       0.00       0.00          0          0          0          0          0          0          0          0
  multaggr         :       0.00       0.00          0          0          0          0          0          0          0          0
  nodereopt        :       0.00       0.00          0          0          0          0          0          0          0          0
  pscost           :       0.00       0.00          0          0          0          0          0          0          0          0
  random           :       0.00       0.00          0          0          0          0          0          0          0          0
  relpscost        :       0.00       0.00          0          0          0          0          0          0          0          0
  vanillafullstrong:       0.00       0.00          0          0          0          0          0          0          0          0
Primal Heuristics  :   ExecTime  SetupTime      Calls      Found       Best
  LP solutions     :       0.00          -          -          0          0
  relax solutions  :       0.00          -          -          0          0
  pseudo solutions :       0.00          -          -          0          0
  strong branching :       0.00          -          -          0          0
  actconsdiving    :       0.00       0.00          0          0          0
  adaptivediving   :       0.00       0.00          0          0          0
  alns             :       0.02       0.00          1          0          0
  bound            :       0.00       0.00          0          0          0
  clique           :       0.01       0.00          1          0          0
  coefdiving       :       0.00       0.00          0          0          0
  completesol      :       0.00       0.00          0          0          0
  conflictdiving   :       0.01       0.00          1          0          0
  crossover        :       0.00       0.00          0          0          0
  dins             :       0.00       0.00          0          0          0
  distributiondivin:       0.00       0.00          0          0          0
  dps              :       0.00       0.00          0          0          0
  dualval          :       0.00       0.00          0          0          0
  farkasdiving     :       0.00       0.00          0          0          0
  feaspump         :       0.01       0.00          1          1          1
  fixandinfer      :       0.00       0.00          0          0          0
  fracdiving       :       0.00       0.00          0          0          0
  gins             :       0.00       0.00          0          0          0
  guideddiving     :       0.00       0.00          0          0          0
  indicator        :       0.00       0.00          0          0          0
  indicatordiving  :       0.00       0.00          0          0          0
  intdiving        :       0.00       0.00          0          0          0
  intshifting      :       0.01       0.00          1          1          1
  linesearchdiving :       0.00       0.00          0          0          0
  localbranching   :       0.00       0.00          0          0          0
  locks            :       0.01       0.00          1          1          1
  lpface           :       0.00       0.00          0          0          0
  mpec             :       0.00       0.00          0          0          0
  multistart       :       0.00       0.00          0          0          0
  mutation         :       0.00       0.00          0          0          0
  nlpdiving        :       0.00       0.00          0          0          0
  objpscostdiving  :       0.00       0.00          0          0          0
  octane           :       0.00       0.00          0          0          0
  ofins            :       0.00       0.00          0          0          0
  oneopt           :       0.00       0.00          1          0          0
  padm             :       0.00       0.00          0          0          0
  proximity        :       0.00       0.00          0          0          0
  pscostdiving     :       0.00       0.00          0          0          0
  randrounding     :       0.06       0.00         17          0          0
  rens             :       0.02       0.00          1          0          0
  reoptsols        :       0.00       0.00          0          0          0
  repair           :       0.00       0.00          0          0          0
  rins             :       0.00       0.00          0          0          0
  rootsoldiving    :       0.00       0.00          0          0          0
  rounding         :       0.00       0.00         17          0          0
  scheduler        :       0.00       0.00          0          0          0
  shiftandpropagate:       0.00       0.00          0          0          0
  shifting         :       0.02       0.00         17          0          0
  simplerounding   :       0.00       0.00          0          0          0
  subnlp           :       0.00       0.00          0          0          0
  trivial          :       0.00       0.00          4          0          0
  trivialnegation  :       0.00       0.00          0          0          0
  trustregion      :       0.00       0.00          0          0          0
  trysol           :       0.00       0.00          0          0          0
  twoopt           :       0.00       0.00          0          0          0
  undercover       :       0.00       0.00          0          0          0
  vbounds          :       0.03       0.00          1          1          1
  veclendiving     :       0.00       0.00          0          0          0
  zeroobj          :       0.00       0.00          0          0          0
  zirounding       :       0.00       0.00          1          0          0
  other solutions  :          -          -          -          0          -
LNS (Scheduler)    :      Calls  SetupTime  SolveTime SolveNodes       Sols       Best       Exp3    Exp3-IX  EpsGreedy        UCB TgtFixRate  Opt  Inf Node Stal  Sol  Usr Othr Actv
  zeroobjective    :          0       0.00       0.00          0          0          0    0.00000    1.00000   -1.00000    1.00000      0.900    0    0    0    0    0    0    0    1
  rens             :          0       0.00       0.00          0          0          0    0.00000    0.00000   -1.00000    1.00000      0.900    0    0    0    0    0    0    0    0
  rins             :          0       0.00       0.00          0          0          0    0.00000    0.00000   -1.00000    1.00000      0.900    0    0    0    0    0    0    0    0
  mutation         :          0       0.00       0.00          0          0          0    0.00000    0.00000   -1.00000    1.00000      0.900    0    0    0    0    0    0    0    0
  localbranching   :          0       0.00       0.00          0          0          0    0.00000    0.00000   -1.00000    1.00000      0.900    0    0    0    0    0    0    0    0
  crossover        :          0       0.00       0.00          0          0          0    0.00000    0.00000   -1.00000    1.00000      0.900    0    0    0    0    0    0    0    0
  proximity        :          0       0.00       0.00          0          0          0    0.00000    0.00000   -1.00000    1.00000      0.900    0    0    0    0    0    0    0    0
  dins             :          0       0.00       0.00          0          0          0    0.00000    0.00000   -1.00000    1.00000      0.900    0    0    0    0    0    0    0    0
  trustregion      :          0       0.00       0.00          0          0          0    0.00000    0.00000   -1.00000    1.00000      0.900    0    0    0    0    0    0    0    0
LP                 :       Time      Calls Iterations  Iter/call   Iter/sec  Time-0-It Calls-0-It    ItLimit
  primal LP        :       0.00          1          0       0.00          -       0.00          1
  dual LP          :       0.13         20       1821     101.17   13954.13       0.00          2
  lex dual LP      :       0.00          0          0       0.00          -
  barrier LP       :       0.00          0          0       0.00          -       0.00          0
  resolve instable :       0.00          0          0       0.00          -
  diving/probing LP:       0.03          8        526      65.75   16595.68
  strong branching :       0.00          0          0       0.00          -          -          -          0
    (at root node) :          -          0          0       0.00          -
  conflict analysis:       0.00          3         30      10.00          -
B&B Tree           :
  number of runs   :          2
  nodes            :          1 (0 internal, 1 leaves)
  feasible leaves  :          0
  infeas. leaves   :          0
  objective leaves :          1
  nodes (total)    :          2 (0 internal, 2 leaves)
  nodes left       :          0
  max depth        :          0
  max depth (total):          0
  backtracks       :          0 (0.0%)
  early backtracks :          0 (0.0%)
  nodes exc. ref.  :          0 (0.0%)
  delayed cutoffs  :          0
  repropagations   :          0 (0 domain reductions, 0 cutoffs)
  avg switch length:       2.00
  switching time   :       0.00
Root Node          :
  First LP value   : +2.39626697552739e+05
  First LP Iters   :        421 (24242.77 Iter/sec)
  First LP Time    :       0.02
  Final Dual Bound : +2.40861589000000e+05
  Final Root Iters :       1821
  Root LP Estimate :                     -
Solution           :
  Solutions found  :          4 (4 improvements)
  First Solution   : +2.43041533000000e+05   (in run 1, after 1 nodes, 0.21 seconds, depth 88, found by <locks>)
  Gap First Sol.   :   infinite
  Gap Last Sol.    :       0.00 %
  Primal Bound     : +2.40861589000000e+05   (in run 1, after 1 nodes, 1.59 seconds, depth 0, found by <feaspump>)
  Dual Bound       : +2.40861589000000e+05
  Gap              :       0.00 %
Integrals          :      Total       Avg%
  primal-dual      :      26.67      16.11
  primal-ref       :          -          - (not evaluated)
  dual-ref         :          -          - (not evaluated)

 Branching Statistics...

 Total number of propagations -> 0

 Number of cutoffs of KnaCons -> 0

 Total number of variables fixed to 1 by the propagator -> 0

 Total number of variables fixed to 0 by the propagator -> 0

 Maximum number of rounds of the approximation algorithm -> 0

 Runtime of the exact algorithm -> 0.0000 s

 Total number of variables fixed to 1 in the exact algorithm -> 0

 Total number of variables fixed to 0 in the exact algorithm -> 0

 Number of cutoffs in the exact algorithm -> 0

 Number of cutoffs in the approximation algorithm -> 0

 PS:  
