***************************************
*         SCIP-based CCP Solver       *
*                                     *
*    Wei Lv and Wei-Kun Chen (2024)   *
***************************************
/beegfs/home/30150120/SCIP-CCP/build/ccp -f data/CCRPData/40-50-1000-2.ccrp -s settings/CCRPSetting/BASE+sDI1.set 
SCIP version 9.1.0 [precision: 8 byte] [memory: block] [mode: optimized] [LP solver: Soplex 7.1.0] [GitHash: 8cab0278ba]
Copyright (c) 2002-2024 Zuse Institute Berlin (ZIB)

External libraries: 
  Soplex 7.1.0         Linear Programming Solver developed at Zuse Institute Berlin (soplex.zib.de) [GitHash: 595bfac9]
  CppAD 20180000.0     Algorithmic Differentiation of C++ algorithms developed by B. Bell (github.com/coin-or/CppAD)
  ZLIB 1.2.7           General purpose compression library by J. Gailly and M. Adler (zlib.net)
  GMP 6.2.1            GNU Multiple Precision Arithmetic Library developed by T. Granlund (gmplib.org)
  AMPL/MP 690e9e7      AMPL .nl file reader library (github.com/ampl/mp)
  PaPILO 2.3.0         parallel presolve for integer and linear optimization (github.com/scipopt/papilo) (built with TBB) [GitHash: 4b8ce6ed]
  Nauty 2.8.8          Computing Graph Automorphism Groups by Brendan D. McKay (users.cecs.anu.edu.au/~bdm/nauty)
  sassy 1.1            Symmetry preprocessor by Markus Anders (github.com/markusa4/sassy)

reading user parameter file <settings/CCRPSetting/BASE+sDI1.set>

read problem <data/CCRPData/40-50-1000-2.ccrp>
============

File name: 	data/CCRPData/40-50-1000-2.ccrp
Problem name:	CCRPData/40-50-1000-2
NumResource: 	40
Dimension: 	50
NumScenario: 	1000
ConfidenceParameter: 	0.10
IsEqualProbability: 	1
BASE+DI: 	1
BASE+sDI: 	1
BASE+DB: 	0
BASE+DB+OPF: 	0
Dominance and Aggregation Statistics......
NumEdge:        400478
NumBiEdge: 	75466
NumDomIneqs: 	325012
DominanceRatio: 0.6507
NumAggScenario: 612 
BasicNumScenario: 611 
Dominance Inequalities Statistics......
NumBasicDomIneqs: 11867
NumNonReDomIneqs: 5124
Duration: 0.0300 s 

original problem has 2702 variables (612 bin, 0 int, 0 impl, 2090 cont) and 10216 constraints

solve problem
=============

presolving:
(round 1, fast)       928 del vars, 0 del conss, 0 add conss, 50 chg bounds, 0 chg sides, 0 chg coeffs, 0 upgd conss, 0 impls, 5124 clqs
   (0.0s) running MILP presolver
   (0.1s) MILP presolver (3 rounds): 88 aggregations, 1021 fixings, 0 bound changes
(round 2, medium)     2037 del vars, 10215 del conss, 10127 add conss, 50 chg bounds, 0 chg sides, 0 chg coeffs, 0 upgd conss, 0 impls, 5124 clqs
(round 3, fast)       2037 del vars, 10215 del conss, 10127 add conss, 98 chg bounds, 0 chg sides, 0 chg coeffs, 0 upgd conss, 0 impls, 5124 clqs
(round 4, exhaustive) 2037 del vars, 10215 del conss, 10127 add conss, 98 chg bounds, 0 chg sides, 0 chg coeffs, 10125 upgd conss, 0 impls, 5124 clqs
   (0.5s) probing cycle finished: starting next cycle
   (0.6s) symmetry computation started: requiring (bin +, int +, cont +), (fixed: bin -, int -, cont -)
   Symmetry detection interrupted: constraints of type chancecons do not provide symmetry information.
   If symmetries shall be detected, implement the CONSGETPERMSYMGRAPH callback.
   (0.6s) could not compute symmetry
presolving (5 rounds: 5 fast, 3 medium, 2 exhaustive):
 2037 deleted vars, 10215 deleted constraints, 10127 added constraints, 98 tightened bounds, 0 added holes, 0 changed sides, 0 changed coefficients
 5196 implications, 13905 cliques
presolved problem has 665 variables (611 bin, 0 int, 0 impl, 54 cont) and 10128 constraints
      1 constraints of type <chancecons>
   5000 constraints of type <varbound>
      1 constraints of type <knapsack>
   5124 constraints of type <setppc>
      2 constraints of type <linear>
Presolving Time: 0.54

 time | node  | left  |LP iter|LP it/n|mem/heur|mdpt |vars |cons |rows |cuts |sepa|confs|strbr|  dualbound   | primalbound  |  gap   | compl. 
p 0.6s|     1 |     0 |     2 |     - |   locks|   0 | 665 |  10k|  10k|   0 |  0 |   0 |   0 | 3.150184e+03 | 3.682692e+03 |  16.90%| unknown
  0.7s|     1 |     0 |  1064 |     - |    63M |   0 | 665 |  10k|  10k|   0 |  0 |   4 |   0 | 3.485307e+03 | 3.682692e+03 |   5.66%| unknown
  0.8s|     1 |     0 |  1439 |     - |    65M |   0 | 665 |  10k|  10k|  41 |  1 |   4 |   0 | 3.543617e+03 | 3.682692e+03 |   3.92%| unknown
  1.1s|     1 |     0 |  1766 |     - |    69M |   0 | 665 |  10k|  10k|  86 |  2 |   4 |   0 | 3.578838e+03 | 3.682692e+03 |   2.90%| unknown
  1.2s|     1 |     0 |  2129 |     - |    71M |   0 | 665 |  10k|  10k| 133 |  3 |   4 |   0 | 3.596932e+03 | 3.682692e+03 |   2.38%| unknown
  1.5s|     1 |     0 |  2514 |     - |    76M |   0 | 665 |  10k|  10k| 177 |  4 |   4 |   0 | 3.605712e+03 | 3.682692e+03 |   2.13%| unknown
  1.9s|     1 |     0 |  2804 |     - |    82M |   0 | 665 |  10k|  10k| 221 |  5 |   4 |   0 | 3.610682e+03 | 3.682692e+03 |   1.99%| unknown
  2.0s|     1 |     0 |  2804 |     - |    83M |   0 | 665 |  10k|  10k| 221 |  5 |   4 |   0 | 3.610682e+03 | 3.682692e+03 |   1.99%| unknown
  2.4s|     1 |     0 |  3085 |     - |    90M |   0 | 665 |  10k|  10k| 272 |  6 |   4 |   0 | 3.614961e+03 | 3.682692e+03 |   1.87%| unknown
  2.9s|     1 |     0 |  3395 |     - |   100M |   0 | 665 |  10k|  10k| 324 |  7 |   4 |   0 | 3.617421e+03 | 3.682692e+03 |   1.80%| unknown
  3.4s|     1 |     0 |  3708 |     - |   107M |   0 | 665 |  10k|  10k| 379 |  8 |   4 |   0 | 3.619274e+03 | 3.682692e+03 |   1.75%| unknown
  4.0s|     1 |     0 |  4067 |     - |   119M |   0 | 665 |  10k|  10k| 432 |  9 |   4 |   0 | 3.620885e+03 | 3.682692e+03 |   1.71%| unknown
  4.0s|     1 |     0 |  4067 |     - |   119M |   0 | 665 |  10k|  10k| 432 |  9 |   4 |   0 | 3.620885e+03 | 3.682692e+03 |   1.71%| unknown
  4.7s|     1 |     0 |  4604 |     - |   130M |   0 | 665 |  10k|  10k| 486 | 10 |   4 |   0 | 3.622282e+03 | 3.682692e+03 |   1.67%| unknown
  4.8s|     1 |     0 |  5075 |     - |   131M |   0 | 665 |  10k|  10k| 541 | 11 |   4 |   0 | 3.623387e+03 | 3.682692e+03 |   1.64%| unknown
 time | node  | left  |LP iter|LP it/n|mem/heur|mdpt |vars |cons |rows |cuts |sepa|confs|strbr|  dualbound   | primalbound  |  gap   | compl. 
  5.0s|     1 |     0 |  5575 |     - |   132M |   0 | 665 |  10k|  10k| 592 | 12 |   4 |   0 | 3.624035e+03 | 3.682692e+03 |   1.62%| unknown
  5.2s|     1 |     0 |  6035 |     - |   134M |   0 | 665 |  10k|  10k| 641 | 13 |   4 |   0 | 3.624289e+03 | 3.682692e+03 |   1.61%| unknown
  5.4s|     1 |     0 |  6781 |     - |   137M |   0 | 665 |  10k|  10k| 688 | 14 |   4 |   0 | 3.624473e+03 | 3.682692e+03 |   1.61%| unknown
  5.6s|     1 |     0 |  7458 |     - |   138M |   0 | 665 |  10k|  10k| 735 | 15 |   4 |   0 | 3.624544e+03 | 3.682692e+03 |   1.60%| unknown
  5.7s|     1 |     0 |  8117 |     - |   139M |   0 | 665 |  10k|  10k| 773 | 16 |   4 |   0 | 3.624584e+03 | 3.682692e+03 |   1.60%| unknown
  5.9s|     1 |     0 |  8799 |     - |   140M |   0 | 665 |  10k|  10k| 822 | 17 |   4 |   0 | 3.624608e+03 | 3.682692e+03 |   1.60%| unknown
  6.0s|     1 |     0 |  9201 |     - |   141M |   0 | 665 |  10k|  10k| 858 | 18 |   4 |   0 | 3.624635e+03 | 3.682692e+03 |   1.60%| unknown
r 6.1s|     1 |     0 |  9443 |     - |intshift|   0 | 665 |  10k|  10k| 858 | 19 |   4 |   0 | 3.624635e+03 | 3.628134e+03 |   0.10%| unknown
L 6.4s|     1 |     0 | 10992 |     - |    rens|   0 | 665 |  10k|  10k| 858 | 19 |   9 |   0 | 3.624635e+03 | 3.624969e+03 |   0.01%| unknown
  6.5s|     1 |     0 | 10992 |     - |   143M |   0 | 665 |  10k|  10k| 858 | 19 |   9 |   0 | 3.624635e+03 | 3.624969e+03 |   0.01%| unknown
  6.5s|     1 |     0 | 10992 |     - |   143M |   0 | 665 |  10k|4292 | 858 | 19 |   9 |   0 | 3.624635e+03 | 3.624969e+03 |   0.01%| unknown
  6.5s|     1 |     0 | 10992 |     - |   144M |   0 | 665 |5118 |1524 | 858 | 20 |   9 |   0 | 3.624635e+03 | 3.624969e+03 |   0.01%| unknown
  6.5s|     1 |     0 | 10992 |     - |   144M |   0 | 665 |5118 |1524 | 858 | 20 |   9 |   0 | 3.624635e+03 | 3.624969e+03 |   0.01%| unknown
(run 1, node 1) restarting after 367 global fixings of integer variables

(restart) converted 431 cuts from the global cut pool into linear constraints

presolving:
(round 1, fast)       410 del vars, 44 del conss, 0 add conss, 1 chg bounds, 0 chg sides, 822 chg coeffs, 0 upgd conss, 5196 impls, 41 clqs
(round 2, fast)       410 del vars, 44 del conss, 0 add conss, 3 chg bounds, 2 chg sides, 822 chg coeffs, 0 upgd conss, 5196 impls, 41 clqs
(round 3, fast)       412 del vars, 46 del conss, 0 add conss, 3 chg bounds, 2 chg sides, 822 chg coeffs, 0 upgd conss, 5196 impls, 41 clqs
   (6.6s) running MILP presolver
   (6.6s) MILP presolver (2 rounds): 0 aggregations, 0 fixings, 48 bound changes
(round 4, medium)     412 del vars, 46 del conss, 0 add conss, 51 chg bounds, 2 chg sides, 822 chg coeffs, 0 upgd conss, 5196 impls, 41 clqs
(round 5, exhaustive) 412 del vars, 63 del conss, 0 add conss, 51 chg bounds, 2 chg sides, 822 chg coeffs, 0 upgd conss, 5196 impls, 41 clqs
(round 6, exhaustive) 412 del vars, 63 del conss, 0 add conss, 51 chg bounds, 2 chg sides, 822 chg coeffs, 42 upgd conss, 5196 impls, 41 clqs
(round 7, medium)     412 del vars, 105 del conss, 0 add conss, 51 chg bounds, 2 chg sides, 822 chg coeffs, 42 upgd conss, 5196 impls, 41 clqs
presolving (8 rounds: 8 fast, 5 medium, 3 exhaustive):
 412 deleted vars, 105 deleted constraints, 0 added constraints, 51 tightened bounds, 0 added holes, 2 changed sides, 822 changed coefficients
 5196 implications, 41 cliques
presolved problem has 253 variables (203 bin, 0 int, 0 impl, 50 cont) and 1042 constraints
      1 constraints of type <chancecons>
    625 constraints of type <varbound>
      1 constraints of type <knapsack>
     41 constraints of type <setppc>
    374 constraints of type <linear>
Presolving Time: 0.55
transformed 3/13 original solutions to the transformed problem space

 time | node  | left  |LP iter|LP it/n|mem/heur|mdpt |vars |cons |rows |cuts |sepa|confs|strbr|  dualbound   | primalbound  |  gap   | compl. 
  6.6s|     1 |     0 | 11628 |     - |   137M |   0 | 253 |1042 |1040 |   0 |  0 |   9 |   0 | 3.624635e+03 | 3.624969e+03 |   0.01%| unknown
  6.6s|     1 |     0 | 11902 |     - |   138M |   0 | 253 |1042 |1076 |  36 |  1 |   9 |   0 | 3.624635e+03 | 3.624969e+03 |   0.01%| unknown
  6.7s|     1 |     0 | 12143 |     - |   139M |   0 | 253 |1042 |1112 |  72 |  2 |   9 |   0 | 3.624635e+03 | 3.624969e+03 |   0.01%| unknown
  6.7s|     1 |     0 | 12143 |     - |   139M |   0 | 253 |1042 |1100 |  72 |  2 |   9 |   0 | 3.624635e+03 | 3.624969e+03 |   0.01%| unknown
  6.7s|     1 |     0 | 12318 |     - |   141M |   0 | 253 |1034 |1093 | 103 |  3 |   9 |   0 | 3.624635e+03 | 3.624969e+03 |   0.01%| unknown
  6.7s|     1 |     0 | 12321 |     - |   141M |   0 | 253 |1034 |1089 | 103 |  3 |   9 |   0 | 3.624635e+03 | 3.624969e+03 |   0.01%| unknown
  6.7s|     1 |     0 | 12468 |     - |   141M |   0 | 253 |1030 |1040 | 121 |  4 |   9 |   0 | 3.624635e+03 | 3.624969e+03 |   0.01%| unknown
  6.7s|     1 |     0 | 12473 |     - |   141M |   0 | 253 |1030 |1039 | 121 |  4 |   9 |   0 | 3.624635e+03 | 3.624969e+03 |   0.01%| unknown
  6.7s|     1 |     0 | 12473 |     - |   141M |   0 | 253 |1030 |1039 | 121 |  4 |   9 |   0 | 3.624635e+03 | 3.624969e+03 |   0.01%| unknown
  6.8s|     1 |     0 | 12670 |     - |   141M |   0 | 253 |1029 | 949 | 135 |  5 |   9 |   0 | 3.624635e+03 | 3.624969e+03 |   0.01%| unknown
  6.8s|     1 |     0 | 12670 |     - |   141M |   0 | 253 |1029 | 941 | 135 |  5 |   9 |   0 | 3.624635e+03 | 3.624969e+03 |   0.01%| unknown
  6.8s|     1 |     0 | 12781 |     - |   141M |   0 | 253 |1028 | 937 | 161 |  6 |   9 |   0 | 3.624635e+03 | 3.624969e+03 |   0.01%| unknown
  6.8s|     1 |     0 | 12783 |     - |   141M |   0 | 253 |1028 | 936 | 161 |  6 |   9 |   0 | 3.624635e+03 | 3.624969e+03 |   0.01%| unknown
  6.8s|     1 |     0 | 12816 |     - |   141M |   0 | 253 |1027 | 739 | 174 |  7 |   9 |   0 | 3.624635e+03 | 3.624969e+03 |   0.01%| unknown
  6.8s|     1 |     0 | 12889 |     - |   141M |   0 | 253 |1027 | 742 | 177 |  8 |   9 |   0 | 3.624662e+03 | 3.624969e+03 |   0.01%| unknown
 time | node  | left  |LP iter|LP it/n|mem/heur|mdpt |vars |cons |rows |cuts |sepa|confs|strbr|  dualbound   | primalbound  |  gap   | compl. 
  6.8s|     1 |     0 | 12889 |     - |   141M |   0 | 253 |1027 | 730 | 177 |  8 |   9 |   0 | 3.624662e+03 | 3.624969e+03 |   0.01%| unknown
  6.9s|     1 |     0 | 12909 |     - |   141M |   0 | 253 |1027 | 738 | 187 |  9 |   9 |   0 | 3.624665e+03 | 3.624969e+03 |   0.01%| unknown
  6.9s|     1 |     0 | 12909 |     - |   141M |   0 | 253 |1027 | 738 | 187 |  9 |   9 |   0 | 3.624665e+03 | 3.624969e+03 |   0.01%| unknown
  6.9s|     1 |     0 | 13042 |     - |   141M |   0 | 253 |1027 | 733 | 192 | 10 |   9 |   0 | 3.624684e+03 | 3.624969e+03 |   0.01%| unknown
  6.9s|     1 |     0 | 13042 |     - |   142M |   0 | 253 |1027 | 729 | 192 | 10 |   9 |   0 | 3.624684e+03 | 3.624969e+03 |   0.01%| unknown
  6.9s|     1 |     0 | 13121 |     - |   142M |   0 | 253 |1024 | 746 | 212 | 11 |   9 |   0 | 3.624692e+03 | 3.624969e+03 |   0.01%| unknown
  6.9s|     1 |     0 | 13121 |     - |   142M |   0 | 253 |1024 | 732 | 212 | 11 |   9 |   0 | 3.624692e+03 | 3.624969e+03 |   0.01%| unknown
  6.9s|     1 |     0 | 13139 |     - |   142M |   0 | 253 |1021 | 739 | 220 | 12 |   9 |   0 | 3.624694e+03 | 3.624969e+03 |   0.01%| unknown
  6.9s|     1 |     0 | 13149 |     - |   142M |   0 | 253 |1021 | 644 | 223 | 13 |   9 |   0 | 3.624695e+03 | 3.624969e+03 |   0.01%| unknown
  6.9s|     1 |     0 | 13149 |     - |   142M |   0 | 253 |1021 | 644 | 223 | 13 |   9 |   0 | 3.624695e+03 | 3.624969e+03 |   0.01%| unknown
  6.9s|     1 |     0 | 13163 |     - |   142M |   0 | 253 |1021 | 628 | 225 | 14 |   9 |   0 | 3.624695e+03 | 3.624969e+03 |   0.01%| unknown
  6.9s|     1 |     0 | 13170 |     - |   142M |   0 | 253 |1021 | 630 | 227 | 15 |   9 |   0 | 3.624696e+03 | 3.624969e+03 |   0.01%| unknown
  6.9s|     1 |     0 | 13170 |     - |   142M |   0 | 253 |1021 | 630 | 227 | 15 |   9 |   0 | 3.624696e+03 | 3.624969e+03 |   0.01%| unknown
  6.9s|     1 |     0 | 13174 |     - |   142M |   0 | 253 |1021 | 618 | 228 | 16 |   9 |   0 | 3.624696e+03 | 3.624969e+03 |   0.01%| unknown
  7.0s|     1 |     0 | 13183 |     - |   142M |   0 | 253 |1016 | 619 | 229 | 17 |   9 |   0 | 3.624696e+03 | 3.624969e+03 |   0.01%| unknown
 time | node  | left  |LP iter|LP it/n|mem/heur|mdpt |vars |cons |rows |cuts |sepa|confs|strbr|  dualbound   | primalbound  |  gap   | compl. 
  7.0s|     1 |     0 | 13199 |     - |   142M |   0 | 253 |1016 | 621 | 231 | 18 |   9 |   0 | 3.624696e+03 | 3.624969e+03 |   0.01%| unknown
  7.0s|     1 |     0 | 13203 |     - |   142M |   0 | 253 |1016 | 540 | 234 | 19 |   9 |   0 | 3.624696e+03 | 3.624969e+03 |   0.01%| unknown
L 7.0s|     1 |     0 | 13322 |     - |    rens|   0 | 253 | 676 | 540 | 234 | 20 |  10 |   0 | 3.624696e+03 | 3.624966e+03 |   0.01%| unknown
(run 2, node 1) restarting after 63 global fixings of integer variables

(restart) converted 84 cuts from the global cut pool into linear constraints

presolving:
(round 1, fast)       77 del vars, 3 del conss, 0 add conss, 0 chg bounds, 0 chg sides, 409 chg coeffs, 0 upgd conss, 5196 impls, 10 clqs
   (7.0s) running MILP presolver
   (7.0s) MILP presolver (2 rounds): 0 aggregations, 0 fixings, 6 bound changes
(round 2, medium)     77 del vars, 3 del conss, 0 add conss, 6 chg bounds, 0 chg sides, 409 chg coeffs, 0 upgd conss, 5196 impls, 10 clqs
(round 3, exhaustive) 77 del vars, 38 del conss, 0 add conss, 6 chg bounds, 2 chg sides, 409 chg coeffs, 0 upgd conss, 5196 impls, 10 clqs
(round 4, exhaustive) 77 del vars, 38 del conss, 0 add conss, 6 chg bounds, 2 chg sides, 409 chg coeffs, 44 upgd conss, 5196 impls, 10 clqs
(round 5, medium)     77 del vars, 81 del conss, 0 add conss, 6 chg bounds, 3 chg sides, 410 chg coeffs, 44 upgd conss, 5196 impls, 10 clqs
presolving (6 rounds: 6 fast, 5 medium, 3 exhaustive):
 77 deleted vars, 81 deleted constraints, 0 added constraints, 6 tightened bounds, 0 added holes, 3 changed sides, 410 changed coefficients
 5196 implications, 10 cliques
presolved problem has 176 variables (126 bin, 0 int, 0 impl, 50 cont) and 679 constraints
      1 constraints of type <chancecons>
    292 constraints of type <varbound>
      1 constraints of type <knapsack>
     10 constraints of type <setppc>
    373 constraints of type <linear>
      1 constraints of type <logicor>
      1 constraints of type <bounddisjunction>
Presolving Time: 0.56
transformed 13/34 original solutions to the transformed problem space

 time | node  | left  |LP iter|LP it/n|mem/heur|mdpt |vars |cons |rows |cuts |sepa|confs|strbr|  dualbound   | primalbound  |  gap   | compl. 
  7.1s|     1 |     0 | 14065 |     - |   144M |   0 | 176 | 679 | 676 |   0 |  0 |  10 |   0 | 3.624696e+03 | 3.624966e+03 |   0.01%| unknown
  7.1s|     1 |     0 | 14205 |     - |   145M |   0 | 176 | 679 | 697 |  21 |  1 |  10 |   0 | 3.624696e+03 | 3.624966e+03 |   0.01%| unknown
  7.1s|     1 |     0 | 14205 |     - |   145M |   0 | 176 | 679 | 694 |  21 |  1 |  10 |   0 | 3.624696e+03 | 3.624966e+03 |   0.01%| unknown
  7.1s|     1 |     0 | 14275 |     - |   145M |   0 | 176 | 679 | 688 |  43 |  2 |  10 |   0 | 3.624696e+03 | 3.624966e+03 |   0.01%| unknown
  7.1s|     1 |     0 | 14275 |     - |   145M |   0 | 176 | 679 | 687 |  43 |  2 |  10 |   0 | 3.624696e+03 | 3.624966e+03 |   0.01%| unknown
  7.1s|     1 |     0 | 14308 |     - |   145M |   0 | 176 | 679 | 683 |  49 |  3 |  10 |   0 | 3.624698e+03 | 3.624966e+03 |   0.01%| unknown
  7.1s|     1 |     0 | 14336 |     - |   145M |   0 | 176 | 679 | 689 |  55 |  4 |  10 |   0 | 3.624704e+03 | 3.624966e+03 |   0.01%| unknown
  7.1s|     1 |     0 | 14336 |     - |   145M |   0 | 176 | 679 | 689 |  55 |  4 |  10 |   0 | 3.624704e+03 | 3.624966e+03 |   0.01%| unknown
  7.2s|     1 |     0 | 14341 |     - |   145M |   0 | 176 | 679 | 686 |  57 |  5 |  10 |   0 | 3.624704e+03 | 3.624966e+03 |   0.01%| unknown
  7.2s|     1 |     0 | 14355 |     - |   145M |   0 | 176 | 679 | 690 |  61 |  6 |  10 |   0 | 3.624713e+03 | 3.624966e+03 |   0.01%| unknown
  7.2s|     1 |     0 | 14367 |     - |   145M |   0 | 176 | 679 | 692 |  63 |  7 |  10 |   0 | 3.624715e+03 | 3.624966e+03 |   0.01%| unknown
  7.2s|     1 |     0 | 14373 |     - |   145M |   0 | 176 | 679 | 694 |  65 |  8 |  10 |   0 | 3.624718e+03 | 3.624966e+03 |   0.01%| unknown
  7.2s|     1 |     0 | 14396 |     - |   147M |   0 | 176 | 679 | 696 |  67 |  9 |  10 |   0 | 3.624725e+03 | 3.624966e+03 |   0.01%| unknown
  7.2s|     1 |     0 | 14408 |     - |   147M |   0 | 176 | 679 | 699 |  70 | 10 |  10 |   0 | 3.624730e+03 | 3.624966e+03 |   0.01%| unknown
  7.2s|     1 |     0 | 14410 |     - |   147M |   0 | 176 | 679 | 700 |  71 | 11 |  10 |   0 | 3.624731e+03 | 3.624966e+03 |   0.01%| unknown
 time | node  | left  |LP iter|LP it/n|mem/heur|mdpt |vars |cons |rows |cuts |sepa|confs|strbr|  dualbound   | primalbound  |  gap   | compl. 
  7.2s|     1 |     0 | 14419 |     - |   147M |   0 | 176 | 679 | 702 |  73 | 12 |  10 |   0 | 3.624732e+03 | 3.624966e+03 |   0.01%| unknown
  7.3s|     1 |     0 | 14423 |     - |   147M |   0 | 176 | 679 | 704 |  75 | 13 |  10 |   0 | 3.624732e+03 | 3.624966e+03 |   0.01%| unknown
  7.3s|     1 |     0 | 14425 |     - |   147M |   0 | 176 | 679 | 404 |  76 | 14 |  10 |   0 | 3.624733e+03 | 3.624966e+03 |   0.01%| unknown
  7.3s|     1 |     0 | 14426 |     - |   147M |   0 | 176 | 679 | 405 |  77 | 15 |  10 |   0 | 3.624733e+03 | 3.624966e+03 |   0.01%| unknown
  7.3s|     1 |     0 | 14427 |     - |   147M |   0 | 176 | 679 | 406 |  78 | 16 |  10 |   0 | 3.624733e+03 | 3.624966e+03 |   0.01%| unknown
L 7.3s|     1 |     0 | 14496 |     - |    rens|   0 | 176 | 629 | 406 |  78 | 16 |  10 |   0 | 3.624733e+03 | 3.624853e+03 |   0.00%| unknown
(run 3, node 1) restarting after 17 global fixings of integer variables

(restart) converted 40 cuts from the global cut pool into linear constraints

presolving:
(round 1, fast)       20 del vars, 0 del conss, 0 add conss, 0 chg bounds, 0 chg sides, 90 chg coeffs, 0 upgd conss, 5196 impls, 10 clqs
(round 2, exhaustive) 20 del vars, 20 del conss, 0 add conss, 0 chg bounds, 0 chg sides, 90 chg coeffs, 0 upgd conss, 5196 impls, 10 clqs
(round 3, exhaustive) 20 del vars, 20 del conss, 0 add conss, 0 chg bounds, 0 chg sides, 90 chg coeffs, 23 upgd conss, 5196 impls, 10 clqs
(round 4, medium)     20 del vars, 40 del conss, 0 add conss, 0 chg bounds, 2 chg sides, 92 chg coeffs, 23 upgd conss, 5196 impls, 10 clqs
presolving (5 rounds: 5 fast, 4 medium, 3 exhaustive):
 20 deleted vars, 40 deleted constraints, 0 added constraints, 0 tightened bounds, 0 added holes, 2 changed sides, 92 changed coefficients
 5196 implications, 10 cliques
presolved problem has 156 variables (107 bin, 0 int, 0 impl, 49 cont) and 629 constraints
      1 constraints of type <chancecons>
    248 constraints of type <varbound>
      1 constraints of type <knapsack>
     10 constraints of type <setppc>
    364 constraints of type <linear>
      4 constraints of type <logicor>
      1 constraints of type <bounddisjunction>
Presolving Time: 0.58
transformed 24/51 original solutions to the transformed problem space

 time | node  | left  |LP iter|LP it/n|mem/heur|mdpt |vars |cons |rows |cuts |sepa|confs|strbr|  dualbound   | primalbound  |  gap   | compl. 
  7.3s|     1 |     0 | 14999 |     - |   148M |   0 | 156 | 629 | 626 |   0 |  0 |  10 |   0 | 3.624733e+03 | 3.624853e+03 |   0.00%| unknown
  7.3s|     1 |     0 | 14999 |     - |   148M |   0 | 156 | 629 | 626 |   0 |  0 |  10 |   0 | 3.624733e+03 | 3.624853e+03 |   0.00%| unknown
  7.4s|     1 |     0 | 15106 |     - |   148M |   0 | 156 | 629 | 633 |   9 |  1 |  10 |   0 | 3.624733e+03 | 3.624853e+03 |   0.00%| unknown
  7.4s|     1 |     0 | 15106 |     - |   148M |   0 | 156 | 629 | 627 |   9 |  1 |  10 |   0 | 3.624733e+03 | 3.624853e+03 |   0.00%| unknown
  7.4s|     1 |     0 | 15177 |     - |   148M |   0 | 156 | 629 | 628 |  25 |  2 |  10 |   0 | 3.624733e+03 | 3.624853e+03 |   0.00%| unknown
  7.4s|     1 |     0 | 15177 |     - |   148M |   0 | 156 | 629 | 627 |  25 |  2 |  10 |   0 | 3.624733e+03 | 3.624853e+03 |   0.00%| unknown
  7.4s|     1 |     0 | 15186 |     - |   148M |   0 | 156 | 629 | 628 |  30 |  3 |  10 |   0 | 3.624733e+03 | 3.624853e+03 |   0.00%| unknown
  7.4s|     1 |     0 | 15203 |     - |   148M |   0 | 156 | 629 | 631 |  33 |  4 |  10 |   0 | 3.624733e+03 | 3.624853e+03 |   0.00%| unknown
  7.5s|     1 |     0 | 15222 |     - |   148M |   0 | 156 | 629 | 633 |  35 |  5 |  10 |   0 | 3.624735e+03 | 3.624853e+03 |   0.00%| unknown
  7.5s|     1 |     0 | 15230 |     - |   149M |   0 | 156 | 629 | 635 |  37 |  6 |  10 |   0 | 3.624736e+03 | 3.624853e+03 |   0.00%| unknown
  7.5s|     1 |     0 | 15264 |     - |   149M |   0 | 156 | 629 | 636 |  38 |  7 |  10 |   0 | 3.624738e+03 | 3.624853e+03 |   0.00%| unknown
  7.5s|     1 |     0 | 15274 |     - |   149M |   0 | 156 | 629 | 637 |  39 |  8 |  10 |   0 | 3.624738e+03 | 3.624853e+03 |   0.00%| unknown
  7.5s|     1 |     0 | 15293 |     - |   149M |   0 | 156 | 629 | 638 |  40 |  9 |  10 |   0 | 3.624739e+03 | 3.624853e+03 |   0.00%| unknown
  7.5s|     1 |     0 | 15304 |     - |   149M |   0 | 156 | 629 | 641 |  43 | 10 |  10 |   0 | 3.624739e+03 | 3.624853e+03 |   0.00%| unknown
  7.6s|     1 |     0 | 15315 |     - |   149M |   0 | 156 | 629 | 642 |  44 | 11 |  10 |   0 | 3.624739e+03 | 3.624853e+03 |   0.00%| unknown
 time | node  | left  |LP iter|LP it/n|mem/heur|mdpt |vars |cons |rows |cuts |sepa|confs|strbr|  dualbound   | primalbound  |  gap   | compl. 
  7.6s|     1 |     0 | 15323 |     - |   150M |   0 | 156 | 629 | 643 |  45 | 12 |  10 |   0 | 3.624739e+03 | 3.624853e+03 |   0.00%| unknown
  7.6s|     1 |     0 | 15352 |     - |   150M |   0 | 156 | 629 | 644 |  46 | 13 |  10 |   0 | 3.624739e+03 | 3.624853e+03 |   0.00%| unknown
  7.6s|     1 |     0 | 15474 |     - |   150M |   0 | 156 | 601 | 644 |  46 | 13 |  18 |   3 | 3.624742e+03 | 3.624853e+03 |   0.00%| unknown
(run 4, node 1) restarting after 11 global fixings of integer variables

(restart) converted 30 cuts from the global cut pool into linear constraints

presolving:
(round 1, fast)       16 del vars, 40 del conss, 0 add conss, 3 chg bounds, 26 chg sides, 108 chg coeffs, 0 upgd conss, 5196 impls, 10 clqs
(round 2, fast)       19 del vars, 40 del conss, 0 add conss, 3 chg bounds, 26 chg sides, 108 chg coeffs, 0 upgd conss, 5196 impls, 10 clqs
   (7.6s) running MILP presolver
   (7.6s) MILP presolver (3 rounds): 5 aggregations, 0 fixings, 5 bound changes
(round 3, medium)     24 del vars, 45 del conss, 0 add conss, 8 chg bounds, 26 chg sides, 108 chg coeffs, 0 upgd conss, 5196 impls, 10 clqs
(round 4, fast)       24 del vars, 65 del conss, 0 add conss, 8 chg bounds, 26 chg sides, 109 chg coeffs, 0 upgd conss, 5196 impls, 10 clqs
(round 5, exhaustive) 24 del vars, 70 del conss, 0 add conss, 8 chg bounds, 26 chg sides, 109 chg coeffs, 0 upgd conss, 5196 impls, 10 clqs
(round 6, exhaustive) 24 del vars, 70 del conss, 0 add conss, 8 chg bounds, 26 chg sides, 109 chg coeffs, 14 upgd conss, 5196 impls, 10 clqs
(round 7, medium)     24 del vars, 81 del conss, 0 add conss, 8 chg bounds, 27 chg sides, 110 chg coeffs, 14 upgd conss, 5196 impls, 10 clqs
(round 8, exhaustive) 24 del vars, 82 del conss, 0 add conss, 8 chg bounds, 27 chg sides, 110 chg coeffs, 14 upgd conss, 5196 impls, 10 clqs
(round 9, exhaustive) 24 del vars, 82 del conss, 0 add conss, 8 chg bounds, 27 chg sides, 116 chg coeffs, 14 upgd conss, 5196 impls, 10 clqs
presolving (10 rounds: 10 fast, 7 medium, 5 exhaustive):
 24 deleted vars, 82 deleted constraints, 0 added constraints, 8 tightened bounds, 0 added holes, 27 changed sides, 116 changed coefficients
 5196 implications, 10 cliques
presolved problem has 132 variables (91 bin, 0 int, 0 impl, 41 cont) and 549 constraints
      1 constraints of type <chancecons>
    186 constraints of type <varbound>
      1 constraints of type <knapsack>
     10 constraints of type <setppc>
    344 constraints of type <linear>
      6 constraints of type <logicor>
      1 constraints of type <bounddisjunction>
Presolving Time: 0.59
transformed 6/65 original solutions to the transformed problem space

 time | node  | left  |LP iter|LP it/n|mem/heur|mdpt |vars |cons |rows |cuts |sepa|confs|strbr|  dualbound   | primalbound  |  gap   | compl. 
  7.7s|     1 |     0 | 15863 |     - |   151M |   0 | 132 | 549 | 545 |   0 |  0 |  18 |   3 | 3.624742e+03 | 3.624853e+03 |   0.00%| unknown
  7.7s|     1 |     0 | 15863 |     - |   151M |   0 | 132 | 549 | 544 |   0 |  0 |  18 |   3 | 3.624742e+03 | 3.624853e+03 |   0.00%| unknown
  7.7s|     1 |     0 | 15927 |     - |   151M |   0 | 132 | 549 | 537 |   3 |  1 |  18 |   3 | 3.624745e+03 | 3.624853e+03 |   0.00%| unknown
  7.7s|     1 |     0 | 15927 |     - |   151M |   0 | 132 | 549 | 520 |   3 |  1 |  18 |   3 | 3.624745e+03 | 3.624853e+03 |   0.00%| unknown
  7.7s|     1 |     0 | 15940 |     - |   151M |   0 | 132 | 547 | 495 |   7 |  2 |  18 |   3 | 3.624745e+03 | 3.624853e+03 |   0.00%| unknown
  7.8s|     1 |     0 | 15967 |     - |   151M |   0 | 132 | 547 | 498 |  10 |  3 |  18 |   3 | 3.624752e+03 | 3.624853e+03 |   0.00%| unknown
  7.8s|     1 |     0 | 15967 |     - |   151M |   0 | 132 | 547 | 498 |  10 |  3 |  18 |   3 | 3.624752e+03 | 3.624853e+03 |   0.00%| unknown
  7.8s|     1 |     0 | 15989 |     - |   151M |   0 | 132 | 546 | 499 |  11 |  4 |  18 |   3 | 3.624757e+03 | 3.624853e+03 |   0.00%| unknown
  7.8s|     1 |     0 | 15996 |     - |   151M |   0 | 132 | 546 | 490 |  13 |  5 |  18 |   3 | 3.624758e+03 | 3.624853e+03 |   0.00%| unknown
  7.9s|     1 |     0 | 16000 |     - |   151M |   0 | 132 | 546 | 492 |  15 |  6 |  18 |   3 | 3.624758e+03 | 3.624853e+03 |   0.00%| unknown
  7.9s|     1 |     0 | 16006 |     - |   151M |   0 | 132 | 546 | 493 |  16 |  7 |  18 |   3 | 3.624759e+03 | 3.624853e+03 |   0.00%| unknown
  7.9s|     1 |     0 | 16030 |     - |   151M |   0 | 132 | 546 | 494 |  17 |  8 |  18 |   3 | 3.624763e+03 | 3.624853e+03 |   0.00%| unknown
  8.0s|     1 |     0 | 16044 |     - |   152M |   0 | 132 | 546 | 257 |  19 |  9 |  18 |   3 | 3.624763e+03 | 3.624853e+03 |   0.00%| unknown
  8.0s|     1 |     0 | 16044 |     - |   152M |   0 | 132 | 546 | 254 |  19 |  9 |  18 |   3 | 3.624763e+03 | 3.624853e+03 |   0.00%| unknown
  8.0s|     1 |     0 | 16057 |     - |   152M |   0 | 132 | 546 | 256 |  21 | 10 |  18 |   3 | 3.624764e+03 | 3.624853e+03 |   0.00%| unknown
 time | node  | left  |LP iter|LP it/n|mem/heur|mdpt |vars |cons |rows |cuts |sepa|confs|strbr|  dualbound   | primalbound  |  gap   | compl. 
  8.0s|     1 |     0 | 16071 |     - |   152M |   0 | 132 | 546 | 258 |  23 | 11 |  18 |   3 | 3.624764e+03 | 3.624853e+03 |   0.00%| unknown
  8.0s|     1 |     0 | 16075 |     - |   152M |   0 | 132 | 546 | 260 |  25 | 12 |  18 |   3 | 3.624764e+03 | 3.624853e+03 |   0.00%| unknown
  8.0s|     1 |     0 | 16085 |     - |   153M |   0 | 132 | 546 | 261 |  26 | 13 |  18 |   3 | 3.624764e+03 | 3.624853e+03 |   0.00%| unknown
  8.1s|     1 |     0 | 16088 |     - |   153M |   0 | 132 | 546 | 262 |  27 | 14 |  18 |   3 | 3.624765e+03 | 3.624853e+03 |   0.00%| unknown
d 8.1s|     1 |     0 | 16188 |     - |farkasdi|   0 | 132 | 470 | 262 |   0 | 14 |  18 |   3 | 3.624765e+03 | 3.624801e+03 |   0.00%| unknown
(run 5, node 1) restarting after 23 global fixings of integer variables

(restart) converted 21 cuts from the global cut pool into linear constraints

presolving:
(round 1, fast)       32 del vars, 15 del conss, 0 add conss, 7 chg bounds, 4 chg sides, 124 chg coeffs, 0 upgd conss, 5196 impls, 3 clqs
(round 2, fast)       34 del vars, 30 del conss, 0 add conss, 10 chg bounds, 8 chg sides, 130 chg coeffs, 0 upgd conss, 5196 impls, 3 clqs
(round 3, fast)       36 del vars, 30 del conss, 0 add conss, 10 chg bounds, 8 chg sides, 130 chg coeffs, 0 upgd conss, 5196 impls, 3 clqs
   (8.1s) running MILP presolver
   (8.1s) MILP presolver (3 rounds): 6 aggregations, 0 fixings, 5 bound changes
(round 4, medium)     42 del vars, 36 del conss, 0 add conss, 15 chg bounds, 8 chg sides, 130 chg coeffs, 0 upgd conss, 5196 impls, 3 clqs
(round 5, fast)       42 del vars, 86 del conss, 0 add conss, 15 chg bounds, 8 chg sides, 131 chg coeffs, 0 upgd conss, 5196 impls, 3 clqs
(round 6, exhaustive) 42 del vars, 105 del conss, 0 add conss, 15 chg bounds, 9 chg sides, 131 chg coeffs, 0 upgd conss, 5196 impls, 3 clqs
(round 7, exhaustive) 42 del vars, 105 del conss, 0 add conss, 15 chg bounds, 9 chg sides, 131 chg coeffs, 25 upgd conss, 5196 impls, 3 clqs
(round 8, medium)     42 del vars, 128 del conss, 0 add conss, 15 chg bounds, 12 chg sides, 134 chg coeffs, 25 upgd conss, 5196 impls, 3 clqs
(round 9, exhaustive) 42 del vars, 128 del conss, 0 add conss, 15 chg bounds, 12 chg sides, 135 chg coeffs, 25 upgd conss, 5196 impls, 3 clqs
presolving (10 rounds: 10 fast, 6 medium, 4 exhaustive):
 42 deleted vars, 128 deleted constraints, 0 added constraints, 15 tightened bounds, 0 added holes, 12 changed sides, 135 changed coefficients
 5196 implications, 3 cliques
presolved problem has 90 variables (60 bin, 0 int, 0 impl, 30 cont) and 365 constraints
      1 constraints of type <chancecons>
    105 constraints of type <varbound>
      2 constraints of type <knapsack>
      3 constraints of type <setppc>
    247 constraints of type <linear>
      7 constraints of type <logicor>
Presolving Time: 0.61
transformed 6/82 original solutions to the transformed problem space

 time | node  | left  |LP iter|LP it/n|mem/heur|mdpt |vars |cons |rows |cuts |sepa|confs|strbr|  dualbound   | primalbound  |  gap   | compl. 
  8.1s|     1 |     0 | 16433 |     - |   154M |   0 |  90 | 365 | 363 |   0 |  0 |  24 |   3 | 3.624765e+03 | 3.624801e+03 |   0.00%| unknown
  8.1s|     1 |     0 | 16433 |     - |   154M |   0 |  90 | 365 | 358 |   0 |  0 |  24 |   3 | 3.624765e+03 | 3.624801e+03 |   0.00%| unknown
  8.2s|     1 |     0 | 16471 |     - |   154M |   0 |  90 | 365 | 353 |   3 |  1 |  24 |   3 | 3.624765e+03 | 3.624801e+03 |   0.00%| unknown
  8.3s|     1 |     0 | 16489 |     - |   154M |   0 |  90 | 365 | 355 |   5 |  2 |  24 |   3 | 3.624765e+03 | 3.624801e+03 |   0.00%| unknown
  8.4s|     1 |     0 | 16514 |     - |   154M |   0 |  90 | 365 | 357 |   7 |  3 |  24 |   3 | 3.624768e+03 | 3.624801e+03 |   0.00%| unknown
  8.4s|     1 |     0 | 16514 |     - |   154M |   0 |  90 | 365 | 356 |   7 |  3 |  24 |   3 | 3.624768e+03 | 3.624801e+03 |   0.00%| unknown
  8.4s|     1 |     0 | 16541 |     - |   154M |   0 |  90 | 365 | 357 |   8 |  4 |  24 |   3 | 3.624769e+03 | 3.624801e+03 |   0.00%| unknown
  8.5s|     1 |     0 | 16558 |     - |   154M |   0 |  90 | 365 | 359 |  10 |  5 |  24 |   3 | 3.624770e+03 | 3.624801e+03 |   0.00%| unknown
  8.6s|     1 |     0 | 16573 |     - |   154M |   0 |  90 | 365 | 360 |  11 |  6 |  24 |   3 | 3.624771e+03 | 3.624801e+03 |   0.00%| unknown
  8.6s|     1 |     0 | 16606 |     - |   154M |   0 |  90 | 365 | 361 |  12 |  7 |  24 |   3 | 3.624772e+03 | 3.624801e+03 |   0.00%| unknown
  8.7s|     1 |     0 | 16624 |     - |   154M |   0 |  90 | 365 | 363 |  14 |  8 |  24 |   3 | 3.624772e+03 | 3.624801e+03 |   0.00%| unknown
  8.8s|     1 |     0 | 16650 |     - |   154M |   0 |  90 | 365 | 364 |  15 |  9 |  24 |   3 | 3.624773e+03 | 3.624801e+03 |   0.00%| unknown
  8.8s|     1 |     0 | 16653 |     - |   154M |   0 |  90 | 365 | 189 |  17 | 10 |  24 |   3 | 3.624773e+03 | 3.624801e+03 |   0.00%| unknown
  8.9s|     1 |     0 | 16680 |     - |   154M |   0 |  90 | 365 | 190 |  18 | 11 |  24 |   3 | 3.624774e+03 | 3.624801e+03 |   0.00%| unknown
(run 6, node 1) restarting after 12 global fixings of integer variables

(restart) converted 10 cuts from the global cut pool into linear constraints

presolving:
(round 1, fast)       12 del vars, 5 del conss, 0 add conss, 1 chg bounds, 1 chg sides, 88 chg coeffs, 0 upgd conss, 5196 impls, 3 clqs
(round 2, fast)       13 del vars, 5 del conss, 0 add conss, 1 chg bounds, 1 chg sides, 88 chg coeffs, 0 upgd conss, 5196 impls, 3 clqs
(round 3, exhaustive) 13 del vars, 13 del conss, 0 add conss, 1 chg bounds, 2 chg sides, 88 chg coeffs, 0 upgd conss, 5196 impls, 3 clqs
(round 4, exhaustive) 13 del vars, 13 del conss, 0 add conss, 1 chg bounds, 2 chg sides, 88 chg coeffs, 20 upgd conss, 5196 impls, 3 clqs
(round 5, medium)     13 del vars, 33 del conss, 0 add conss, 1 chg bounds, 8 chg sides, 94 chg coeffs, 20 upgd conss, 5196 impls, 3 clqs
presolving (6 rounds: 6 fast, 4 medium, 3 exhaustive):
 13 deleted vars, 33 deleted constraints, 0 added constraints, 1 tightened bounds, 0 added holes, 8 changed sides, 94 changed coefficients
 5196 implications, 3 cliques
presolved problem has 77 variables (48 bin, 0 int, 0 impl, 29 cont) and 328 constraints
      1 constraints of type <chancecons>
     86 constraints of type <varbound>
      2 constraints of type <knapsack>
      3 constraints of type <setppc>
    228 constraints of type <linear>
      6 constraints of type <logicor>
      2 constraints of type <bounddisjunction>
Presolving Time: 0.61
transformed 6/94 original solutions to the transformed problem space

 time | node  | left  |LP iter|LP it/n|mem/heur|mdpt |vars |cons |rows |cuts |sepa|confs|strbr|  dualbound   | primalbound  |  gap   | compl. 
  8.9s|     1 |     0 | 17027 |     - |   154M |   0 |  77 | 328 | 323 |   0 |  0 |  28 |   3 | 3.624774e+03 | 3.624801e+03 |   0.00%| unknown
  8.9s|     1 |     0 | 17027 |     - |   154M |   0 |  77 | 328 | 323 |   0 |  0 |  28 |   3 | 3.624774e+03 | 3.624801e+03 |   0.00%| unknown
  9.0s|     1 |     0 | 17056 |     - |   154M |   0 |  77 | 328 | 322 |   2 |  1 |  28 |   3 | 3.624774e+03 | 3.624801e+03 |   0.00%| unknown
  9.1s|     1 |     0 | 17073 |     - |   155M |   0 |  77 | 328 | 324 |   4 |  2 |  28 |   3 | 3.624774e+03 | 3.624801e+03 |   0.00%| unknown
  9.1s|     1 |     0 | 17090 |     - |   155M |   0 |  77 | 328 | 326 |   6 |  3 |  28 |   3 | 3.624774e+03 | 3.624801e+03 |   0.00%| unknown
  9.2s|     1 |     0 | 17115 |     - |   155M |   0 |  77 | 328 | 328 |   8 |  4 |  28 |   3 | 3.624775e+03 | 3.624801e+03 |   0.00%| unknown
  9.3s|     1 |     0 | 17120 |     - |   155M |   0 |  77 | 328 | 331 |  11 |  5 |  28 |   3 | 3.624775e+03 | 3.624801e+03 |   0.00%| unknown
  9.4s|     1 |     0 | 17144 |     - |   155M |   0 |  77 | 328 | 333 |  13 |  6 |  28 |   3 | 3.624775e+03 | 3.624801e+03 |   0.00%| unknown
  9.4s|     1 |     0 | 17149 |     - |   155M |   0 |  77 | 328 | 335 |  15 |  7 |  28 |   3 | 3.624775e+03 | 3.624801e+03 |   0.00%| unknown
  9.5s|     1 |     0 | 17162 |     - |   155M |   0 |  77 | 328 | 336 |  16 |  8 |  28 |   3 | 3.624775e+03 | 3.624801e+03 |   0.00%| unknown
  9.6s|     1 |     0 | 17194 |     - |   155M |   0 |  77 | 328 | 337 |  17 |  9 |  28 |   3 | 3.624777e+03 | 3.624801e+03 |   0.00%| unknown
  9.6s|     1 |     0 | 17209 |     - |   155M |   0 |  77 | 328 | 339 |  19 | 10 |  28 |   3 | 3.624777e+03 | 3.624801e+03 |   0.00%| unknown
  9.7s|     1 |     0 | 17213 |     - |   155M |   0 |  77 | 328 | 168 |  20 | 11 |  28 |   3 | 3.624777e+03 | 3.624801e+03 |   0.00%| unknown
  9.7s|     1 |     0 | 17334 |     - |   155M |   0 |  77 | 326 | 168 |  20 | 11 |  46 |   7 | 3.624779e+03 | 3.624801e+03 |   0.00%| unknown
(run 7, node 1) restarting after 9 global fixings of integer variables

(restart) converted 10 cuts from the global cut pool into linear constraints

presolving:
(round 1, fast)       11 del vars, 46 del conss, 0 add conss, 1 chg bounds, 3 chg sides, 40 chg coeffs, 0 upgd conss, 5196 impls, 2 clqs
(round 2, fast)       17 del vars, 47 del conss, 0 add conss, 1 chg bounds, 3 chg sides, 42 chg coeffs, 0 upgd conss, 5196 impls, 2 clqs
   (9.7s) running MILP presolver
   (9.7s) MILP presolver (3 rounds): 4 aggregations, 0 fixings, 3 bound changes
(round 3, medium)     21 del vars, 51 del conss, 0 add conss, 4 chg bounds, 3 chg sides, 42 chg coeffs, 0 upgd conss, 5196 impls, 2 clqs
(round 4, fast)       21 del vars, 70 del conss, 0 add conss, 4 chg bounds, 3 chg sides, 42 chg coeffs, 0 upgd conss, 5196 impls, 2 clqs
(round 5, exhaustive) 21 del vars, 75 del conss, 0 add conss, 4 chg bounds, 4 chg sides, 42 chg coeffs, 0 upgd conss, 5196 impls, 2 clqs
(round 6, exhaustive) 21 del vars, 75 del conss, 0 add conss, 4 chg bounds, 4 chg sides, 42 chg coeffs, 4 upgd conss, 5196 impls, 2 clqs
(round 7, medium)     21 del vars, 78 del conss, 0 add conss, 4 chg bounds, 5 chg sides, 43 chg coeffs, 4 upgd conss, 5196 impls, 2 clqs
(round 8, exhaustive) 21 del vars, 79 del conss, 0 add conss, 4 chg bounds, 5 chg sides, 43 chg coeffs, 4 upgd conss, 5196 impls, 2 clqs
presolving (9 rounds: 9 fast, 6 medium, 4 exhaustive):
 21 deleted vars, 79 deleted constraints, 0 added constraints, 4 tightened bounds, 0 added holes, 5 changed sides, 43 changed coefficients
 5196 implications, 2 cliques
presolved problem has 56 variables (37 bin, 0 int, 0 impl, 19 cont) and 257 constraints
      1 constraints of type <chancecons>
     55 constraints of type <varbound>
      3 constraints of type <knapsack>
      2 constraints of type <setppc>
    192 constraints of type <linear>
      4 constraints of type <logicor>
Presolving Time: 0.62
transformed 5/100 original solutions to the transformed problem space

 time | node  | left  |LP iter|LP it/n|mem/heur|mdpt |vars |cons |rows |cuts |sepa|confs|strbr|  dualbound   | primalbound  |  gap   | compl. 
  9.7s|     1 |     0 | 17498 |     - |   156M |   0 |  56 | 257 | 254 |   0 |  0 |  46 |   7 | 3.624784e+03 | 3.624801e+03 |   0.00%| unknown
  9.7s|     1 |     0 | 17498 |     - |   156M |   0 |  56 | 257 | 251 |   0 |  0 |  46 |   7 | 3.624784e+03 | 3.624801e+03 |   0.00%| unknown
  9.8s|     1 |     0 | 17503 |     - |   156M |   0 |  56 | 257 | 246 |   3 |  1 |  46 |   7 | 3.624801e+03 | 3.624801e+03 |   0.00%| unknown
  9.8s|     1 |     0 | 17503 |     - |   156M |   0 |  56 | 257 | 246 |   3 |  1 |  46 |   7 | 3.624801e+03 | 3.624801e+03 |   0.00%| unknown

SCIP Status        : problem is solved [optimal solution found]
Solving Time (sec) : 9.76
Solving Nodes      : 1 (total of 8 nodes in 8 runs)
Primal Bound       : +3.62480131705513e+03 (106 solutions)
Dual Bound         : +3.62480131705513e+03
Gap                : 0.00 %

primal solution (original space):
=================================

objective value:                     3624.80131705514
z#0                                                 1 	(obj:0)
z#10                                                1 	(obj:0)
z#17                                                1 	(obj:0)
z#23                                                1 	(obj:0)
z#38                                                1 	(obj:0)
z#39                                0.999999999999967 	(obj:0)
z#48                                                1 	(obj:0)
z#50                                                1 	(obj:0)
z#51                                                1 	(obj:0)
z#55                                                1 	(obj:0)
z#56                                                1 	(obj:0)
z#57                                                1 	(obj:0)
z#58                                                1 	(obj:0)
z#61                                                1 	(obj:0)
z#70                                                1 	(obj:0)
z#79                                                1 	(obj:0)
z#87                                                1 	(obj:0)
z#90                                                1 	(obj:0)
z#108                                               1 	(obj:0)
z#115                                               1 	(obj:0)
z#118                                               1 	(obj:0)
z#135                                               1 	(obj:0)
z#159                                               1 	(obj:0)
z#177                                               1 	(obj:0)
z#183                                               1 	(obj:0)
z#184                                               1 	(obj:0)
z#186                                               1 	(obj:0)
z#196                                               1 	(obj:0)
z#197                                               1 	(obj:0)
z#201                                               1 	(obj:0)
z#216                                               1 	(obj:0)
z#219                                               1 	(obj:0)
z#221                                               1 	(obj:0)
z#228                                               1 	(obj:0)
z#233                                               1 	(obj:0)
z#234                                               1 	(obj:0)
z#238                                               1 	(obj:0)
z#239                                               1 	(obj:0)
z#248                                               1 	(obj:0)
z#256                                               1 	(obj:0)
z#263                                               1 	(obj:0)
z#267                                               1 	(obj:0)
z#276                                               1 	(obj:0)
z#291                                               1 	(obj:0)
z#299                                               1 	(obj:0)
z#300                                               1 	(obj:0)
z#302                                               1 	(obj:0)
z#311                                               1 	(obj:0)
z#313                                               1 	(obj:0)
z#314                                               1 	(obj:0)
z#317                                               1 	(obj:0)
z#320                                               1 	(obj:0)
z#325                                               1 	(obj:0)
z#328                                               1 	(obj:0)
z#335                                               1 	(obj:0)
z#337                                               1 	(obj:0)
z#345                                               1 	(obj:0)
z#347                                               1 	(obj:0)
z#350                                               1 	(obj:0)
z#352                                               1 	(obj:0)
z#358                                               1 	(obj:0)
z#362                                               1 	(obj:0)
z#368                                               1 	(obj:0)
z#371                                               1 	(obj:0)
z#372                                1.00000000000001 	(obj:0)
z#384                                               1 	(obj:0)
z#389                                               1 	(obj:0)
z#398                                               1 	(obj:0)
z#400                                               1 	(obj:0)
z#402                                               1 	(obj:0)
z#404                                               1 	(obj:0)
z#410                               0.999999999999956 	(obj:0)
z#416                                               1 	(obj:0)
z#419                                               1 	(obj:0)
z#429                                               1 	(obj:0)
z#430                                               1 	(obj:0)
z#433                                               1 	(obj:0)
z#436                                               1 	(obj:0)
z#453                                               1 	(obj:0)
z#461                                               1 	(obj:0)
z#465                                               1 	(obj:0)
z#470                                               1 	(obj:0)
z#471                               0.999999999999993 	(obj:0)
z#476                                               1 	(obj:0)
z#502                                               1 	(obj:0)
z#504                                               1 	(obj:0)
z#513                                               1 	(obj:0)
z#518                                               1 	(obj:0)
z#521                                               1 	(obj:0)
z#530                                               1 	(obj:0)
z#542                                               1 	(obj:0)
z#549                                               1 	(obj:0)
z#554                                               1 	(obj:0)
z#560                                               1 	(obj:0)
z#562                                               1 	(obj:0)
z#563                                               1 	(obj:0)
z#564                                               1 	(obj:0)
z#581                                               1 	(obj:0)
z#594                                               1 	(obj:0)
z#604                                               1 	(obj:0)
y#12#11                               100.86718648473 	(obj:0)
y#19#0                               64.8141675284385 	(obj:0)
y#19#8                               77.8527965580824 	(obj:0)
y#19#16                              76.2084963954686 	(obj:0)
y#19#26                              109.576326259947 	(obj:0)
y#19#27                              63.9729360645562 	(obj:0)
y#19#33                               94.629807130333 	(obj:0)
y#19#36                              105.062895291637 	(obj:0)
y#19#38                              65.5396798170383 	(obj:0)
y#19#40                              95.6271197411003 	(obj:0)
y#19#46                              77.7932058047493 	(obj:0)
y#19#49                              111.278744725738 	(obj:0)
y#27#3                               76.2681203931204 	(obj:0)
y#28#12                              64.0423851316469 	(obj:0)
y#28#15                              81.0514743589743 	(obj:0)
y#31#18                              93.5696281989377 	(obj:0)
y#31#32                              85.9727691663175 	(obj:0)
y#31#42                              49.3230890052356 	(obj:0)
y#35#39                              65.3218609304652 	(obj:0)
x#2                                  828.306000229594 	(obj:0.83)
x#5                                  107.550029188558 	(obj:1.01)
x#6                                  639.062601538176 	(obj:0.85)
x#10                                 1171.13568561217 	(obj:0.83)
x#12                                  100.86718648473 	(obj:0.9)
x#19                                 942.356175317089 	(obj:0.81)
x#27                                 76.2681203931204 	(obj:0.92)
x#28                                 145.093859490621 	(obj:0.88)
x#31                                 228.865486370491 	(obj:0.88)
x#35                                 65.3218609304652 	(obj:0.92)
y#2#1                                86.4740335051546 	(obj:0)
y#2#7                                78.4055090998524 	(obj:0)
y#2#10                               75.7455081001473 	(obj:0)
y#2#24                               88.4370095440085 	(obj:0)
y#2#25                               74.2082221035771 	(obj:0)
y#2#28                               61.5971219512195 	(obj:0)
y#2#37                               104.617117117117 	(obj:0)
y#2#41                               100.105690140845 	(obj:0)
y#2#43                               64.4802232854864 	(obj:0)
y#2#44                               94.2355653821858 	(obj:0)
y#5#4                                107.550029188558 	(obj:0)
y#6#6                                110.734247374562 	(obj:0)
y#6#14                               79.5113992172211 	(obj:0)
y#6#19                               83.4703741152679 	(obj:0)
y#6#30                               94.0569199798691 	(obj:0)
y#6#34                               106.825155807365 	(obj:0)
y#6#45                               60.3455583126551 	(obj:0)
y#6#47                               104.118946731235 	(obj:0)
y#10#2                               88.3773987206823 	(obj:0)
y#10#5                               93.6865699873897 	(obj:0)
y#10#9                               88.2237260273973 	(obj:0)
y#10#13                              136.482195845697 	(obj:0)
y#10#17                              83.9556954779622 	(obj:0)
y#10#20                              69.6955974842767 	(obj:0)
y#10#21                              83.0164835164835 	(obj:0)
y#10#22                              84.2366157328806 	(obj:0)
y#10#23                               92.059727520436 	(obj:0)
y#10#29                              70.0180678851175 	(obj:0)
y#10#31                              95.5036222509702 	(obj:0)
y#10#35                              98.1393532338308 	(obj:0)
y#10#48                              87.7406319290466 	(obj:0)
v#0                                          125.3506 	(obj:0)
v#1                                          134.2077 	(obj:0)
v#2                                           124.347 	(obj:0)
v#3                                          124.1645 	(obj:0)
v#4                                          184.2332 	(obj:0)
v#5                                          148.5869 	(obj:0)
v#6                                          189.7985 	(obj:0)
v#7                                          159.3984 	(obj:0)
v#8                                          126.6665 	(obj:0)
v#9                                          161.0083 	(obj:0)
v#10                                         154.2936 	(obj:0)
v#11                                         155.2346 	(obj:0)
v#12                                         124.0501 	(obj:0)
v#13                                          183.978 	(obj:0)
v#14                                         162.5213 	(obj:0)
v#15                                         126.4403 	(obj:0)
v#16                                         147.9969 	(obj:0)
v#17                                         146.6706 	(obj:0)
v#18                                         193.7827 	(obj:0)
v#19                                         165.1044 	(obj:0)
v#20                                         155.1424 	(obj:0)
v#21                                         143.5355 	(obj:0)
v#22                                         148.8461 	(obj:0)
v#23                                         168.9296 	(obj:0)
v#24                                         166.7922 	(obj:0)
v#25                                          138.992 	(obj:0)
v#26                                         165.2411 	(obj:0)
v#27                                         103.0604 	(obj:0)
v#28                                         126.2741 	(obj:0)
v#29                                         134.0846 	(obj:0)
v#30                                         186.8911 	(obj:0)
v#31                                         147.6486 	(obj:0)
v#32                                          205.217 	(obj:0)
v#33                                         161.9116 	(obj:0)
v#34                                         188.5464 	(obj:0)
v#35                                         197.2601 	(obj:0)
v#36                                         149.5045 	(obj:0)
v#37                                         150.9625 	(obj:0)
v#38                                         114.6289 	(obj:0)
v#39                                         130.5784 	(obj:0)
v#40                                         147.7439 	(obj:0)
v#41                                         177.6876 	(obj:0)
v#42                                          94.2071 	(obj:0)
v#43                                         121.2873 	(obj:0)
v#44                                         149.1749 	(obj:0)
v#45                                         121.5963 	(obj:0)
v#46                                         117.9345 	(obj:0)
v#47                                         172.0045 	(obj:0)
v#48                                         158.2841 	(obj:0)
v#49                                         210.9845 	(obj:0)

Statistics
==========

SCIP Status        : problem is solved [optimal solution found]
Total Time         :       9.95
  solving          :       9.76
  presolving       :       0.62 (included in solving)
  reading          :       0.19
  copying          :       0.04 (6 #copies) (minimal 0.00, maximal 0.01, average 0.01)
Original Problem   :
  Problem name     : CCRPData/40-50-1000-2
  Variables        : 2702 (612 binary, 0 integer, 0 implicit integer, 2090 continuous)
  Constraints      : 10216 initial, 10216 maximal
  Objective        : minimize, 40 non-zeros (abs.min = 0.81, abs.max = 1.18)
Presolved Problem  :
  Problem name     : t_CCRPData/40-50-1000-2
  Variables        : 56 (37 binary, 0 integer, 0 implicit integer, 19 continuous)
  Constraints      : 257 initial, 257 maximal
  Objective        : minimize, 24 non-zeros (abs.min = 0.11077, abs.max = 1.30551)
  Nonzeros         : 4576 constraint, 4 clique table
Presolvers         :   ExecTime  SetupTime  Calls  FixedVars   AggrVars   ChgTypes  ChgBounds   AddHoles    DelCons    AddCons   ChgSides   ChgCoefs
  boundshift       :       0.00       0.00      0          0          0          0          0          0          0          0          0          0
  convertinttobin  :       0.00       0.00      0          0          0          0          0          0          0          0          0          0
  domcol           :       0.00       0.00      8          0          0          0          0          0          0          0          0          0
  dualagg          :       0.00       0.00      0          0          0          0          0          0          0          0          0          0
  dualcomp         :       0.00       0.00      8          0          0          0          0          0          0          0          0          0
  dualinfer        :       0.00       0.00      0          0          0          0          0          0          0          0          0          0
  dualsparsify     :       0.03       0.00      1          0          0          0          0          0          0          0          0          0
  gateextraction   :       0.00       0.00     20          0          0          0          0          0          0          0          0          0
  implics          :       0.00       0.00     40          0          0          0          0          0          0          0          0          0
  inttobinary      :       0.00       0.00      0          0          0          0          0          0          0          0          0          0
  milp             :       0.05       0.00      6       1021        103          0         67          0      10215      10127          0          0
  qpkktref         :       0.00       0.00      0          0          0          0          0          0          0          0          0          0
  redvub           :       0.00       0.00      0          0          0          0          0          0          0          0          0          0
  sparsify         :       0.01       0.00      2          0          0          0          0          0          0          0          0          0
  stuffing         :       0.00       0.00      0          0          0          0          0          0          0          0          0          0
  trivial          :       0.00       0.00     59        508          0          0          0          0          0          0          0          0
  tworowbnd        :       0.00       0.00      0          0          0          0          0          0          0          0          0          0
  dualfix          :       0.00       0.00     59       1005          0          0          0          0          0          0          0          0
  genvbounds       :       0.00       0.00      0          0          0          0          0          0          0          0          0          0
  probing          :       0.39       0.00      1          0          0          0          0          0          0          0          0          0
  pseudoobj        :       0.00       0.00     16          0          0          0          1          0          0          0          0          0
  symmetry         :       0.00       0.00      1          0          0          0          0          0          0          0          0          0
  vbounds          :       0.00       0.00      8          0          0          0          0          0          0          0          0          0
  chancecons       :       0.00       0.00      0          0          0          0          0          0          0          0          0          0
  varbound         :       0.01       0.00     93          0          0          0         10          0        252          0         50       1018
  knapsack         :       0.01       0.00    119          0          0          0          0          0          0          0          0          1
  setppc           :       0.00       0.00    118          0          0          0          0          0         53          0          0          0
  linear           :       0.07       0.01     85          7          2          0        105          0        235          0          9        557
  logicor          :       0.00       0.00     80          0          0          0          0          0          5          0          0        136
  bounddisjunction :       0.00       0.00     32          0          0          0          0          0          3          0          0          0
  benders          :       0.00       0.00      0          0          0          0          0          0          0          0          0          0
  components       :       0.00       0.00      8          0          0          0          0          0          0          0          0          0
  root node        :          -          -      -        508          -          -        838          -          -          -          -          -
Constraints        :     Number  MaxNumber  #Separate #Propagate    #EnfoLP    #EnfoRelax  #EnfoPS    #Check   #ResProp    Cutoffs    DomReds       Cuts    Applied      Conss   Children
  benderslp        :          0          0          0          0          2          0          0        341          0          0          0          0          0          0          0
  chancecons       :          1          1        106          0          0          0          0          0          0          0          0       1351        541          0          0
  integral         :          0          0          0          0          2          0          0        341          0          0         13          0          0          0          0
  varbound         :         55         55        106      10105          0          0          0        324         16          0        284          0          0          0          0
  knapsack         :          3          3        106       9959          0          0          0        199          0         13          0          6          1          0          0
  setppc           :          2          2        106       9836          0          0          0        169        203          1          1          0          0          0          0
  linear           :        192        192        106      10095          0          0          0         16          0         12          6          5          1          0          0
  logicor          :          4          4         66         47          0          0          0          0          0          0          0          0          0          0          0
  benders          :          0          0          0          0          0          0          0        170          0          0          0          0          0          0          0
  fixedvar         :          0          0          0          0          0          0          0        170          0          0          0          0          0          0          0
  countsols        :          0          0          0          0          0          0          0        170          0          0          0          0          0          0          0
  components       :          0          0          0          0          0          0          0          0          0          0          0          0          0          0          0
Constraint Timings :  TotalTime  SetupTime   Separate  Propagate     EnfoLP     EnfoPS     EnfoRelax   Check    ResProp    SB-Prop
  benderslp        :       0.00       0.00       0.00       0.00       0.00       0.00       0.00       0.00       0.00       0.00
  chancecons       :       0.03       0.00       0.03       0.00       0.00       0.00       0.00       0.00       0.00       0.00
  integral         :       0.01       0.00       0.00       0.00       0.01       0.00       0.00       0.00       0.00       0.00
  varbound         :       0.15       0.00       0.01       0.13       0.00       0.00       0.00       0.01       0.00       0.00
  knapsack         :       0.05       0.00       0.04       0.01       0.00       0.00       0.00       0.00       0.00       0.00
  setppc           :       0.11       0.00       0.00       0.10       0.00       0.00       0.00       0.00       0.00       0.00
  linear           :       0.04       0.01       0.02       0.02       0.00       0.00       0.00       0.00       0.00       0.00
  logicor          :       0.00       0.00       0.00       0.00       0.00       0.00       0.00       0.00       0.00       0.00
  benders          :       0.00       0.00       0.00       0.00       0.00       0.00       0.00       0.00       0.00       0.00
  fixedvar         :       0.02       0.00       0.00       0.00       0.00       0.00       0.00       0.02       0.00       0.00
  countsols        :       0.00       0.00       0.00       0.00       0.00       0.00       0.00       0.00       0.00       0.00
  components       :       0.00       0.00       0.00       0.00       0.00       0.00       0.00       0.00       0.00       0.00
Propagators        : #Propagate   #ResProp    Cutoffs    DomReds
  dualfix          :         20          0          0          0
  genvbounds       :          0          0          0          0
  nlobbt           :          0          0          0          0
  obbt             :          0          0          0          0
  probing          :          0          0          0          0
  pseudoobj        :        199          0          0         10
  redcost          :        149          0          0        490
  rootredcost      :          0          0          0          0
  symmetry         :          0          0          0          0
  vbounds          :       6946          0          0          0
Propagator Timings :  TotalTime  SetupTime   Presolve  Propagate    ResProp    SB-Prop
  dualfix          :       0.00       0.00       0.00       0.00       0.00       0.00
  genvbounds       :       0.00       0.00       0.00       0.00       0.00       0.00
  nlobbt           :       0.00       0.00       0.00       0.00       0.00       0.00
  obbt             :       0.00       0.00       0.00       0.00       0.00       0.00
  probing          :       0.39       0.00       0.39       0.00       0.00       0.00
  pseudoobj        :       0.00       0.00       0.00       0.00       0.00       0.00
  redcost          :       0.00       0.00       0.00       0.00       0.00       0.00
  rootredcost      :       0.00       0.00       0.00       0.00       0.00       0.00
  symmetry         :       0.00       0.00       0.00       0.00       0.00       0.00
  vbounds          :       0.00       0.00       0.00       0.00       0.00       0.00
Symmetry           :
  orbitopal red.   :          0 reductions applied,          0 cutoffs
  orbital reduction:          0 reductions applied,          0 cutoffs
  lexicographic red:          0 reductions applied,          0 cutoffs
  shadow tree time :       0.00 s
Conflict Analysis  :       Time      Calls    Success    DomReds  Conflicts   Literals    Reconvs ReconvLits   Dualrays   Nonzeros   LP Iters   (pool size: [10000,10000])
  propagation      :       0.00          3          2          -          4       16.0          0        0.0          -          -          -
  infeasible LP    :       0.00          0          0          -          0        0.0          0        0.0          0        0.0          0
  bound exceed. LP :       0.01         24         47          -         14        3.4          0        0.0         33        4.9        148
  strong branching :       0.00          0          0          -          0        0.0          0        0.0          -          -          0
  pseudo solution  :       0.00          0          0          -          0        0.0          0        0.0          -          -          -
  applied globally :       0.00          -          -         29         13        2.7          -          -         33          -          -
  applied locally  :          -          -          -          0          0        0.0          -          -          0          -          -
Separators         :   ExecTime  SetupTime      Calls  RootCalls    Cutoffs    DomReds  FoundCuts ViaPoolAdd  DirectAdd    Applied ViaPoolApp  DirectApp      Conss
  cut pool         :       0.04          -        189        189          -          -      11807      20912          -          -          -          -          -    (maximal pool size:       8110)
  aggregation      :       3.18       0.00        106        106          0          0       8131      14491          0        582        582          0          0
  > cmir           :          -          -          -          -          -          -          -      13974          0        565        565          0          -
  > flowcover      :          -          -          -          -          -          -          -        505          0          7          7          0          -
  > knapsackcover  :          -          -          -          -          -          -          -         12          0         10         10          0          -
  cgmip            :       0.00       0.00          0          0          0          0          0          0          0          0          0          0          0
  clique           :       0.05       0.00        106        106          0          0          0          0          0          0          0          0          0
  closecuts        :       0.00       0.00          0          0          0          0          0          0          0          0          0          0          0
  convexproj       :       0.00       0.00          0          0          0          0          0          0          0          0          0          0          0
  disjunctive      :       0.00       0.00          0          0          0          0          0          0          0          0          0          0          0
  eccuts           :       0.00       0.00          0          0          0          0          0          0          0          0          0          0          0
  gauge            :       0.00       0.00          0          0          0          0          0          0          0          0          0          0          0
  gomory           :       3.01       0.00         71         71          0          0       3655       6387          0        157        157          0          0
  > gomorymi       :          -          -          -          -          -          -          -       6387          0        157        157          0          -
  > strongcg       :          -          -          -          -          -          -          -          0          0          0          0          0          -
  impliedbounds    :       0.01       0.00        106        106          0          3         20         33          0          1          1          0          0
  interminor       :       0.00       0.00          0          0          0          0          0          0          0          0          0          0          0
  intobj           :       0.00       0.00          0          0          0          0          0          0          0          0          0          0          0
  lagromory        :       0.00       0.00          0          0          0          0          0          0          0          0          0          0          0
  mcf              :       0.01       0.00         10         10          0          0          0          0          0          0          0          0          0
  minor            :       0.00       0.00         71         71          0          0          0          0          0          0          0          0          0
  mixing           :       0.00       0.00          0          0          0          0          0          0          0          0          0          0          0
  oddcycle         :       0.00       0.00          0          0          0          0          0          0          0          0          0          0          0
  rapidlearning    :       0.00       0.00          0          0          0          0          0          0          0          0          0          0          0
  rlt              :       0.00       0.00         71         71          0          0          0          0          0          0          0          0          0
  zerohalf         :       0.02       0.00        106        106          0          0          1          1          0          1          1          0          0
Cutselectors       :   ExecTime  SetupTime      Calls  RootCalls   Selected     Forced   Filtered  RootSelec   RootForc   RootFilt 
  hybrid           :       0.04       0.00        103        103       1284          0      20990       1284          0      20990
  ensemble         :       0.00       0.00          0          0          0          0          0          0          0          0
  dynamic          :       0.00       0.00          0          0          0          0          0          0          0          0
Pricers            :   ExecTime  SetupTime      Calls       Vars
  problem variables:       0.00          -          0          0
Branching Rules    :   ExecTime  SetupTime   BranchLP  BranchExt   BranchPS    Cutoffs    DomReds       Cuts      Conss   Children
  allfullstrong    :       0.00       0.00          0          0          0          0          0          0          0          0
  cloud            :       0.00       0.00          0          0          0          0          0          0          0          0
  distribution     :       0.00       0.00          0          0          0          0          0          0          0          0
  fullstrong       :       0.00       0.00          0          0          0          0          0          0          0          0
  gomory           :       0.00       0.00          0          0          0          0          0          0          0          0
  inference        :       0.00       0.00          0          0          0          0          0          0          0          0
  leastinf         :       0.00       0.00          0          0          0          0          0          0          0          0
  lookahead        :       0.00       0.00          0          0          0          0          0          0          0          0
  mostinf          :       0.00       0.00          0          0          0          0          0          0          0          0
  multaggr         :       0.00       0.00          0          0          0          0          0          0          0          0
  nodereopt        :       0.00       0.00          0          0          0          0          0          0          0          0
  pscost           :       0.00       0.00          0          0          0          0          0          0          0          0
  random           :       0.00       0.00          0          0          0          0          0          0          0          0
  relpscost        :       0.01       0.00          2          0          0          0         13          0          0          0
  vanillafullstrong:       0.00       0.00          0          0          0          0          0          0          0          0
Primal Heuristics  :   ExecTime  SetupTime      Calls      Found       Best
  LP solutions     :       0.00          -          -          0          0
  relax solutions  :       0.00          -          -          0          0
  pseudo solutions :       0.00          -          -          0          0
  strong branching :       0.00          -          -          0          0
  actconsdiving    :       0.00       0.00          0          0          0
  adaptivediving   :       0.00       0.00          0          0          0
  alns             :       0.06       0.00          1          0          0
  bound            :       0.00       0.00          0          0          0
  clique           :       0.02       0.00          1          0          0
  coefdiving       :       0.00       0.00          0          0          0
  completesol      :       0.00       0.00          0          0          0
  conflictdiving   :       0.34       0.00          7          0          0
  crossover        :       0.00       0.00          0          0          0
  dins             :       0.00       0.00          0          0          0
  distributiondivin:       0.00       0.00          0          0          0
  dps              :       0.00       0.00          0          0          0
  dualval          :       0.00       0.00          0          0          0
  farkasdiving     :       0.01       0.00          3          1          1
  feaspump         :       0.00       0.00          0          0          0
  fixandinfer      :       0.00       0.00          0          0          0
  fracdiving       :       0.00       0.00          0          0          0
  gins             :       0.00       0.00          0          0          0
  guideddiving     :       0.00       0.00          0          0          0
  indicator        :       0.00       0.00          0          0          0
  indicatordiving  :       0.00       0.00          0          0          0
  intdiving        :       0.00       0.00          0          0          0
  intshifting      :       0.05       0.00          7          1          1
  linesearchdiving :       0.00       0.00          0          0          0
  localbranching   :       0.00       0.00          0          0          0
  locks            :       0.02       0.00          1          1          1
  lpface           :       0.00       0.00          0          0          0
  mpec             :       0.00       0.00          0          0          0
  multistart       :       0.00       0.00          0          0          0
  mutation         :       0.00       0.00          0          0          0
  nlpdiving        :       0.00       0.00          0          0          0
  objpscostdiving  :       0.00       0.00          0          0          0
  octane           :       0.00       0.00          0          0          0
  ofins            :       0.00       0.00          0          0          0
  oneopt           :       0.00       0.00          5          0          0
  padm             :       0.00       0.00          0          0          0
  proximity        :       0.00       0.00          0          0          0
  pscostdiving     :       0.00       0.00          0          0          0
  randrounding     :       0.15       0.00        111          0          0
  rens             :       0.13       0.00          5          5          3
  reoptsols        :       0.00       0.00          0          0          0
  repair           :       0.00       0.00          0          0          0
  rins             :       0.00       0.00          0          0          0
  rootsoldiving    :       0.00       0.00          0          0          0
  rounding         :       0.01       0.00        100          0          0
  scheduler        :       0.00       0.00          0          0          0
  shiftandpropagate:       0.00       0.00          0          0          0
  shifting         :       0.07       0.00        111         98          0
  simplerounding   :       0.00       0.00          0          0          0
  subnlp           :       0.00       0.00          0          0          0
  trivial          :       0.00       0.00         16          0          0
  trivialnegation  :       0.00       0.00          0          0          0
  trustregion      :       0.00       0.00          0          0          0
  trysol           :       0.00       0.00          0          0          0
  twoopt           :       0.00       0.00          0          0          0
  undercover       :       0.00       0.00          0          0          0
  vbounds          :       0.03       0.00          6          0          0
  veclendiving     :       0.00       0.00          0          0          0
  zeroobj          :       0.00       0.00          0          0          0
  zirounding       :       0.00       0.00          7          0          0
  other solutions  :          -          -          -          0          -
LNS (Scheduler)    :      Calls  SetupTime  SolveTime SolveNodes       Sols       Best       Exp3    Exp3-IX  EpsGreedy        UCB TgtFixRate  Opt  Inf Node Stal  Sol  Usr Othr Actv
  rens             :          0       0.00       0.00          0          0          0    0.00000    0.12500   -1.00000    1.00000      0.900    0    0    0    0    0    0    0    1
  rins             :          0       0.00       0.00          0          0          0    0.00000    0.12500   -1.00000    1.00000      0.900    0    0    0    0    0    0    0    1
  mutation         :          0       0.00       0.00          0          0          0    0.00000    0.12500   -1.00000    1.00000      0.900    0    0    0    0    0    0    0    1
  localbranching   :          0       0.00       0.00          0          0          0    0.00000    0.12500   -1.00000    1.00000      0.900    0    0    0    0    0    0    0    1
  crossover        :          0       0.00       0.00          0          0          0    0.00000    0.12500   -1.00000    1.00000      0.900    0    0    0    0    0    0    0    1
  proximity        :          0       0.00       0.00          0          0          0    0.00000    0.12500   -1.00000    1.00000      0.900    0    0    0    0    0    0    0    1
  zeroobjective    :          0       0.00       0.00          0          0          0    0.00000    0.12500   -1.00000    1.00000      0.900    0    0    0    0    0    0    0    1
  dins             :          0       0.00       0.00          0          0          0    0.00000    0.12500   -1.00000    1.00000      0.900    0    0    0    0    0    0    0    1
  trustregion      :          0       0.00       0.00          0          0          0    0.00000    0.00000   -1.00000    1.00000      0.900    0    0    0    0    0    0    0    0
LP                 :       Time      Calls Iterations  Iter/call   Iter/sec  Time-0-It Calls-0-It    ItLimit
  primal LP        :       0.00          9          0       0.00          -       0.00          9
  dual LP          :       1.62        171      15090     130.09    9340.78       0.01         55
  lex dual LP      :       0.00          0          0       0.00          -
  barrier LP       :       0.00          0          0       0.00          -       0.00          0
  resolve instable :       0.00          0          0       0.00          -
  diving/probing LP:       0.39         43       2413      56.12    6165.30
  strong branching :       0.01          7        370      52.86   35870.09          -          -          0
    (at root node) :          -          7        370      52.86          -
  conflict analysis:       0.01         15        148       9.87   14366.14
B&B Tree           :
  number of runs   :          8
  nodes            :          1 (0 internal, 1 leaves)
  feasible leaves  :          0
  infeas. leaves   :          0
  objective leaves :          0
  nodes (total)    :          8 (0 internal, 8 leaves)
  nodes left       :          0
  max depth        :          0
  max depth (total):          0
  backtracks       :          0 (0.0%)
  early backtracks :          0 (0.0%)
  nodes exc. ref.  :          0 (0.0%)
  delayed cutoffs  :          0
  repropagations   :          0 (0 domain reductions, 0 cutoffs)
  avg switch length:       2.00
  switching time   :       0.00
Root Node          :
  First LP value   : +3.48530677012946e+03
  First LP Iters   :       1062 (13441.00 Iter/sec)
  First LP Time    :       0.08
  Final Dual Bound : +3.62480131705513e+03
  Final Root Iters :      15090
  Root LP Estimate :                     -
Solution           :
  Solutions found  :        106 (11 improvements)
  First Solution   : +3.68269227001289e+03   (in run 1, after 1 nodes, 0.59 seconds, depth 119, found by <locks>)
  Gap First Sol.   :      16.90 %
  Gap Last Sol.    :       0.00 %
  Primal Bound     : +3.62480131705513e+03   (in run 5, after 1 nodes, 8.05 seconds, depth 7, found by <farkasdiving>)
  Dual Bound       : +3.62480131705513e+03
  Gap              :       0.00 %
Integrals          :      Total       Avg%
  primal-dual      :      70.93       7.27
  primal-ref       :          -          - (not evaluated)
  dual-ref         :          -          - (not evaluated)

 Branching Statistics...

 Total number of propagations -> 0

 Number of cutoffs of KnaCons -> 0

 Total number of variables fixed to 1 by the propagator -> 0

 Total number of variables fixed to 0 by the propagator -> 0

 Maximum number of rounds of the approximation algorithm -> 0

 Runtime of the exact algorithm -> 0.0000 s

 Total number of variables fixed to 1 in the exact algorithm -> 0

 Total number of variables fixed to 0 in the exact algorithm -> 0

 Number of cutoffs in the exact algorithm -> 0

 Number of cutoffs in the approximation algorithm -> 0

 PS:  
