***************************************
*         SCIP-based CCP Solver       *
*                                     *
*    Wei Lv and Wei-Kun Chen (2024)   *
***************************************
/beegfs/home/30150120/SCIP-CCP/build/ccp -f data/CCRPData/40-50-2000-3.ccrp -s settings/CCRPSetting/BASE+sDI1.set 
SCIP version 9.1.0 [precision: 8 byte] [memory: block] [mode: optimized] [LP solver: Soplex 7.1.0] [GitHash: 8cab0278ba]
Copyright (c) 2002-2024 Zuse Institute Berlin (ZIB)

External libraries: 
  Soplex 7.1.0         Linear Programming Solver developed at Zuse Institute Berlin (soplex.zib.de) [GitHash: 595bfac9]
  CppAD 20180000.0     Algorithmic Differentiation of C++ algorithms developed by B. Bell (github.com/coin-or/CppAD)
  ZLIB 1.2.7           General purpose compression library by J. Gailly and M. Adler (zlib.net)
  GMP 6.2.1            GNU Multiple Precision Arithmetic Library developed by T. Granlund (gmplib.org)
  AMPL/MP 690e9e7      AMPL .nl file reader library (github.com/ampl/mp)
  PaPILO 2.3.0         parallel presolve for integer and linear optimization (github.com/scipopt/papilo) (built with TBB) [GitHash: 4b8ce6ed]
  Nauty 2.8.8          Computing Graph Automorphism Groups by Brendan D. McKay (users.cecs.anu.edu.au/~bdm/nauty)
  sassy 1.1            Symmetry preprocessor by Markus Anders (github.com/markusa4/sassy)

reading user parameter file <settings/CCRPSetting/BASE+sDI1.set>

read problem <data/CCRPData/40-50-2000-3.ccrp>
============

File name: 	data/CCRPData/40-50-2000-3.ccrp
Problem name:	CCRPData/40-50-2000-3
NumResource: 	40
Dimension: 	50
NumScenario: 	2000
ConfidenceParameter: 	0.10
IsEqualProbability: 	1
BASE+DI: 	1
BASE+sDI: 	1
BASE+DB: 	0
BASE+DB+OPF: 	0
Dominance and Aggregation Statistics......
NumEdge:        1561385
NumBiEdge: 	288420
NumDomIneqs: 	1272965
DominanceRatio: 0.6368
NumAggScenario: 1241 
BasicNumScenario: 1240 
Dominance Inequalities Statistics......
NumBasicDomIneqs: 42145
NumNonReDomIneqs: 13978
Duration: 0.1700 s 

original problem has 3331 variables (1241 bin, 0 int, 0 impl, 2090 cont) and 24070 constraints

solve problem
=============

presolving:
(round 1, fast)       928 del vars, 5 del conss, 0 add conss, 50 chg bounds, 0 chg sides, 0 chg coeffs, 0 upgd conss, 0 impls, 13978 clqs
   (0.1s) running MILP presolver
   (0.2s) MILP presolver (3 rounds): 87 aggregations, 1020 fixings, 0 bound changes
(round 2, medium)     2035 del vars, 24069 del conss, 23977 add conss, 50 chg bounds, 0 chg sides, 0 chg coeffs, 0 upgd conss, 0 impls, 13978 clqs
(round 3, fast)       2035 del vars, 24069 del conss, 23977 add conss, 97 chg bounds, 0 chg sides, 0 chg coeffs, 0 upgd conss, 0 impls, 13978 clqs
(round 4, exhaustive) 2035 del vars, 24069 del conss, 23977 add conss, 97 chg bounds, 0 chg sides, 0 chg coeffs, 23974 upgd conss, 0 impls, 13978 clqs
   (1.9s) probing: 1000/1240 (80.6%) - 0 fixings, 0 aggregations, 30264 implications, 0 bound changes
   (1.9s) probing: 1001/1240 (80.7%) - 0 fixings, 0 aggregations, 30269 implications, 0 bound changes
   (1.9s) probing aborted: 1000/1000 successive useless probings
   (2.0s) symmetry computation started: requiring (bin +, int +, cont +), (fixed: bin -, int -, cont -)
   Symmetry detection interrupted: constraints of type chancecons do not provide symmetry information.
   If symmetries shall be detected, implement the CONSGETPERMSYMGRAPH callback.
   (2.0s) could not compute symmetry
presolving (5 rounds: 5 fast, 3 medium, 2 exhaustive):
 2035 deleted vars, 24069 deleted constraints, 23977 added constraints, 97 tightened bounds, 0 added holes, 0 changed sides, 0 changed coefficients
 10142 implications, 44100 cliques
presolved problem has 1296 variables (1240 bin, 0 int, 0 impl, 56 cont) and 23978 constraints
      1 constraints of type <chancecons>
   9995 constraints of type <varbound>
      1 constraints of type <knapsack>
  13978 constraints of type <setppc>
      3 constraints of type <linear>
Presolving Time: 1.99

 time | node  | left  |LP iter|LP it/n|mem/heur|mdpt |vars |cons |rows |cuts |sepa|confs|strbr|  dualbound   | primalbound  |  gap   | compl. 
p 2.1s|     1 |     0 |     3 |     - |   locks|   0 |1296 |  23k|  23k|   0 |  0 |   0 |   0 | 2.913367e+03 | 3.620760e+03 |  24.28%| unknown
  2.6s|     1 |     0 |  1858 |     - |   139M |   0 |1296 |  23k|  23k|   0 |  0 |   5 |   0 | 3.350856e+03 | 3.620760e+03 |   8.05%| unknown
r 2.6s|     1 |     0 |  1858 |     - |shifting|   0 |1296 |  23k|  23k|   0 |  0 |   5 |   0 | 3.350856e+03 | 3.614038e+03 |   7.85%| unknown
  3.0s|     1 |     0 |  2458 |     - |   143M |   0 |1296 |  23k|  24k|  47 |  1 |   5 |   0 | 3.400884e+03 | 3.614038e+03 |   6.27%| unknown
  3.4s|     1 |     0 |  2969 |     - |   146M |   0 |1296 |  23k|  24k|  99 |  2 |   5 |   0 | 3.430852e+03 | 3.614038e+03 |   5.34%| unknown
  3.9s|     1 |     0 |  3383 |     - |   149M |   0 |1296 |  23k|  24k| 154 |  3 |   5 |   0 | 3.447369e+03 | 3.614038e+03 |   4.83%| unknown
  4.4s|     1 |     0 |  3767 |     - |   153M |   0 |1296 |  23k|  24k| 218 |  4 |   5 |   0 | 3.458492e+03 | 3.614038e+03 |   4.50%| unknown
  5.0s|     1 |     0 |  4172 |     - |   156M |   0 |1296 |  23k|  24k| 276 |  5 |   5 |   0 | 3.466640e+03 | 3.614038e+03 |   4.25%| unknown
  5.6s|     1 |     0 |  4573 |     - |   158M |   0 |1296 |  23k|  24k| 338 |  6 |   5 |   0 | 3.472693e+03 | 3.614038e+03 |   4.07%| unknown
  6.2s|     1 |     0 |  4996 |     - |   161M |   0 |1296 |  23k|  24k| 402 |  7 |   5 |   0 | 3.477631e+03 | 3.614038e+03 |   3.92%| unknown
  6.8s|     1 |     0 |  5503 |     - |   164M |   0 |1296 |  23k|  24k| 464 |  8 |   5 |   0 | 3.481110e+03 | 3.614038e+03 |   3.82%| unknown
  7.4s|     1 |     0 |  6025 |     - |   168M |   0 |1296 |  23k|  24k| 530 |  9 |   5 |   0 | 3.483990e+03 | 3.614038e+03 |   3.73%| unknown
  8.0s|     1 |     0 |  6421 |     - |   170M |   0 |1296 |  23k|  24k| 588 | 10 |   5 |   0 | 3.486211e+03 | 3.614038e+03 |   3.67%| unknown
  8.3s|     1 |     0 |  6966 |     - |   173M |   0 |1296 |  23k|  24k| 642 | 11 |   5 |   0 | 3.487800e+03 | 3.614038e+03 |   3.62%| unknown
  8.7s|     1 |     0 |  7732 |     - |   177M |   0 |1296 |  23k|  24k| 704 | 12 |   5 |   0 | 3.489537e+03 | 3.614038e+03 |   3.57%| unknown
 time | node  | left  |LP iter|LP it/n|mem/heur|mdpt |vars |cons |rows |cuts |sepa|confs|strbr|  dualbound   | primalbound  |  gap   | compl. 
  9.0s|     1 |     0 |  8352 |     - |   179M |   0 |1296 |  23k|  24k| 767 | 13 |   5 |   0 | 3.490900e+03 | 3.614038e+03 |   3.53%| unknown
  9.4s|     1 |     0 |  9182 |     - |   182M |   0 |1296 |  23k|  24k| 829 | 14 |   5 |   0 | 3.492455e+03 | 3.614038e+03 |   3.48%| unknown
  9.9s|     1 |     0 | 10263 |     - |   185M |   0 |1296 |  23k|  24k| 896 | 15 |   5 |   0 | 3.494207e+03 | 3.614038e+03 |   3.43%| unknown
 10.4s|     1 |     0 | 11091 |     - |   190M |   0 |1296 |  23k|  24k| 958 | 16 |   5 |   0 | 3.495320e+03 | 3.614038e+03 |   3.40%| unknown
 10.9s|     1 |     0 | 11895 |     - |   193M |   0 |1296 |  23k|  24k|1015 | 17 |   5 |   0 | 3.496229e+03 | 3.614038e+03 |   3.37%| unknown
 11.4s|     1 |     0 | 12622 |     - |   196M |   0 |1296 |  23k|  25k|1078 | 18 |   5 |   0 | 3.496978e+03 | 3.614038e+03 |   3.35%| unknown
 12.0s|     1 |     0 | 13512 |     - |   198M |   0 |1296 |  23k|  25k|1140 | 19 |   5 |   0 | 3.497708e+03 | 3.614038e+03 |   3.33%| unknown
 12.6s|     1 |     0 | 14365 |     - |   201M |   0 |1296 |  23k|  25k|1192 | 20 |   5 |   0 | 3.498169e+03 | 3.614038e+03 |   3.31%| unknown
 13.3s|     1 |     0 | 15480 |     - |   202M |   0 |1296 |  23k|  25k|1253 | 21 |   5 |   0 | 3.498719e+03 | 3.614038e+03 |   3.30%| unknown
 14.0s|     1 |     0 | 16750 |     - |   204M |   0 |1296 |  23k|  25k|1314 | 22 |   5 |   0 | 3.499278e+03 | 3.614038e+03 |   3.28%| unknown
 14.7s|     1 |     0 | 18004 |     - |   205M |   0 |1296 |  23k|  25k|1364 | 23 |   5 |   0 | 3.499695e+03 | 3.614038e+03 |   3.27%| unknown
 15.3s|     1 |     0 | 19031 |     - |   206M |   0 |1296 |  23k|  25k|1416 | 24 |   5 |   0 | 3.499931e+03 | 3.614038e+03 |   3.26%| unknown
 16.0s|     1 |     0 | 20220 |     - |   206M |   0 |1296 |  23k|  25k|1467 | 25 |   5 |   0 | 3.500206e+03 | 3.614038e+03 |   3.25%| unknown
 16.6s|     1 |     0 | 21378 |     - |   206M |   0 |1296 |  23k|  25k|1512 | 26 |   5 |   0 | 3.500403e+03 | 3.614038e+03 |   3.25%| unknown
 17.4s|     1 |     0 | 22905 |     - |   206M |   0 |1296 |  23k|  25k|1555 | 27 |   5 |   0 | 3.500586e+03 | 3.614038e+03 |   3.24%| unknown
 time | node  | left  |LP iter|LP it/n|mem/heur|mdpt |vars |cons |rows |cuts |sepa|confs|strbr|  dualbound   | primalbound  |  gap   | compl. 
 18.0s|     1 |     0 | 24067 |     - |   206M |   0 |1296 |  23k|  25k|1597 | 28 |   5 |   0 | 3.500681e+03 | 3.614038e+03 |   3.24%| unknown
 18.7s|     1 |     0 | 25403 |     - |   206M |   0 |1296 |  23k|  25k|1637 | 29 |   5 |   0 | 3.500725e+03 | 3.614038e+03 |   3.24%| unknown
 20.2s|     1 |     0 | 28454 |     - |   207M |   0 |1296 |  23k|  25k|1684 | 30 |   5 |   0 | 3.500728e+03 | 3.614038e+03 |   3.24%| unknown
 20.5s|     1 |     0 | 28826 |     - |   207M |   0 |1296 |  23k|  25k|1711 | 31 |   5 |   0 | 3.500729e+03 | 3.614038e+03 |   3.24%| unknown
r20.5s|     1 |     0 | 28826 |     - |shifting|   0 |1296 |  23k|  25k|1711 | 31 |   5 |   0 | 3.500729e+03 | 3.509544e+03 |   0.25%| unknown
 20.5s|     1 |     0 | 28826 |     - |   207M |   0 |1296 |  23k|  25k|1711 | 32 |   5 |   0 | 3.500729e+03 | 3.509544e+03 |   0.25%| unknown
 20.5s|     1 |     0 | 28826 |     - |   207M |   0 |1296 |  23k|  20k|1711 | 32 |   5 |   0 | 3.500729e+03 | 3.509544e+03 |   0.25%| unknown
 20.5s|     1 |     0 | 28826 |     - |   207M |   0 |1296 |  19k|  18k|1711 | 33 |   5 |   0 | 3.500729e+03 | 3.509544e+03 |   0.25%| unknown
 20.5s|     1 |     0 | 28826 |     - |   207M |   0 |1296 |  19k|  18k|1711 | 33 |   5 |   0 | 3.500729e+03 | 3.509544e+03 |   0.25%| unknown
 20.6s|     1 |     0 | 28826 |     - |   207M |   0 |1296 |  15k|  18k|1711 | 34 |   5 |   0 | 3.500729e+03 | 3.509544e+03 |   0.25%| unknown
r20.7s|     1 |     0 | 29091 |     - |intshift|   0 |1296 |  15k|  18k|1711 | 35 |   5 |   0 | 3.500729e+03 | 3.501444e+03 |   0.02%| unknown
L25.6s|     1 |     0 | 41251 |     - |    rens|   0 |1296 |  15k|  18k|1711 | 35 |  14 |   0 | 3.500729e+03 | 3.501037e+03 |   0.01%| unknown
(run 1, node 1) restarting after 219 global fixings of integer variables

(restart) converted 687 cuts from the global cut pool into linear constraints

presolving:
(round 1, fast)       222 del vars, 741 del conss, 0 add conss, 3 chg bounds, 0 chg sides, 6214 chg coeffs, 0 upgd conss, 10142 impls, 11620 clqs
   (25.8s) running MILP presolver
   (25.8s) MILP presolver (2 rounds): 0 aggregations, 3 fixings, 34 bound changes
(round 2, medium)     225 del vars, 741 del conss, 0 add conss, 43 chg bounds, 3 chg sides, 6214 chg coeffs, 0 upgd conss, 10142 impls, 11620 clqs
presolving (3 rounds: 3 fast, 2 medium, 1 exhaustive):
 225 deleted vars, 745 deleted constraints, 0 added constraints, 43 tightened bounds, 0 added holes, 3 changed sides, 6214 changed coefficients
 10142 implications, 11620 cliques
presolved problem has 1071 variables (1021 bin, 0 int, 0 impl, 50 cont) and 15339 constraints
      1 constraints of type <chancecons>
   7131 constraints of type <varbound>
      1 constraints of type <knapsack>
   7518 constraints of type <setppc>
    685 constraints of type <linear>
      2 constraints of type <logicor>
      1 constraints of type <bounddisjunction>
Presolving Time: 2.09
transformed 7/7 original solutions to the transformed problem space

 time | node  | left  |LP iter|LP it/n|mem/heur|mdpt |vars |cons |rows |cuts |sepa|confs|strbr|  dualbound   | primalbound  |  gap   | compl. 
 26.9s|     1 |     0 | 45732 |     - |   205M |   0 |1071 |  15k|  15k|   0 |  0 |  14 |   0 | 3.500729e+03 | 3.501037e+03 |   0.01%| unknown
 28.0s|     1 |     0 | 47380 |     - |   212M |   0 |1071 |  15k|  15k|  40 |  1 |  14 |   0 | 3.500729e+03 | 3.501037e+03 |   0.01%| unknown
 29.6s|     1 |     0 | 49087 |     - |   228M |   0 |1071 |  15k|  15k|  89 |  2 |  14 |   0 | 3.500729e+03 | 3.501037e+03 |   0.01%| unknown
 30.9s|     1 |     0 | 50623 |     - |   245M |   0 |1071 |  15k|  15k| 153 |  3 |  14 |   0 | 3.500729e+03 | 3.501037e+03 |   0.01%| unknown
 30.9s|     1 |     0 | 50623 |     - |   245M |   0 |1071 |  15k|  15k| 153 |  3 |  14 |   0 | 3.500729e+03 | 3.501037e+03 |   0.01%| unknown
 32.3s|     1 |     0 | 52332 |     - |   259M |   0 |1071 |  15k|  15k| 208 |  4 |  14 |   0 | 3.500729e+03 | 3.501037e+03 |   0.01%| unknown
 32.3s|     1 |     0 | 52332 |     - |   259M |   0 |1071 |  15k|  14k| 208 |  4 |  14 |   0 | 3.500729e+03 | 3.501037e+03 |   0.01%| unknown
 33.8s|     1 |     0 | 54525 |     - |   278M |   0 |1071 |  14k|  13k| 276 |  5 |  14 |   0 | 3.500729e+03 | 3.501037e+03 |   0.01%| unknown
 33.8s|     1 |     0 | 54525 |     - |   278M |   0 |1071 |  14k|  13k| 276 |  5 |  14 |   0 | 3.500729e+03 | 3.501037e+03 |   0.01%| unknown
 35.2s|     1 |     0 | 56813 |     - |   293M |   0 |1071 |  13k|  13k| 342 |  6 |  14 |   0 | 3.500729e+03 | 3.501037e+03 |   0.01%| unknown
 35.2s|     1 |     0 | 56813 |     - |   293M |   0 |1071 |  13k|  12k| 342 |  6 |  14 |   0 | 3.500729e+03 | 3.501037e+03 |   0.01%| unknown
 36.6s|     1 |     0 | 58855 |     - |   311M |   0 |1071 |  13k|  12k| 405 |  7 |  14 |   0 | 3.500729e+03 | 3.501037e+03 |   0.01%| unknown
 36.6s|     1 |     0 | 58855 |     - |   311M |   0 |1071 |  13k|  12k| 405 |  7 |  14 |   0 | 3.500729e+03 | 3.501037e+03 |   0.01%| unknown
 37.8s|     1 |     0 | 60877 |     - |   329M |   0 |1071 |  13k|  11k| 469 |  8 |  14 |   0 | 3.500729e+03 | 3.501037e+03 |   0.01%| unknown
 37.8s|     1 |     0 | 60877 |     - |   329M |   0 |1071 |  13k|  10k| 469 |  8 |  14 |   0 | 3.500729e+03 | 3.501037e+03 |   0.01%| unknown
 time | node  | left  |LP iter|LP it/n|mem/heur|mdpt |vars |cons |rows |cuts |sepa|confs|strbr|  dualbound   | primalbound  |  gap   | compl. 
 38.9s|     1 |     0 | 63125 |     - |   353M |   0 |1071 |  12k|  10k| 531 |  9 |  14 |   0 | 3.500729e+03 | 3.501037e+03 |   0.01%| unknown
 39.0s|     1 |     0 | 63126 |     - |   353M |   0 |1071 |  12k|8907 | 531 |  9 |  14 |   0 | 3.500729e+03 | 3.501037e+03 |   0.01%| unknown
 40.0s|     1 |     0 | 65355 |     - |   372M |   0 |1071 |  10k|7765 | 590 | 10 |  14 |   0 | 3.500729e+03 | 3.501037e+03 |   0.01%| unknown
 40.0s|     1 |     0 | 65355 |     - |   372M |   0 |1071 |  10k|5796 | 590 | 10 |  14 |   0 | 3.500729e+03 | 3.501037e+03 |   0.01%| unknown
 40.6s|     1 |     0 | 68111 |     - |   374M |   0 |1071 |8799 |3830 | 652 | 11 |  14 |   0 | 3.500729e+03 | 3.501037e+03 |   0.01%| unknown
 40.6s|     1 |     0 | 68112 |     - |   374M |   0 |1071 |8799 |3474 | 652 | 11 |  14 |   0 | 3.500729e+03 | 3.501037e+03 |   0.01%| unknown
 40.6s|     1 |     0 | 68112 |     - |   374M |   0 |1071 |8799 |3471 | 652 | 11 |  14 |   0 | 3.500729e+03 | 3.501037e+03 |   0.01%| unknown
 40.9s|     1 |     0 | 69747 |     - |   374M |   0 |1071 |8413 |3101 | 689 | 12 |  14 |   0 | 3.500729e+03 | 3.501037e+03 |   0.01%| unknown
 40.9s|     1 |     0 | 69751 |     - |   374M |   0 |1071 |8413 |3000 | 689 | 12 |  14 |   0 | 3.500729e+03 | 3.501037e+03 |   0.01%| unknown
 41.0s|     1 |     0 | 69942 |     - |   374M |   0 |1071 |8294 |2632 | 710 | 13 |  14 |   0 | 3.500732e+03 | 3.501037e+03 |   0.01%| unknown
 41.0s|     1 |     0 | 69942 |     - |   374M |   0 |1071 |8294 |2594 | 710 | 13 |  14 |   0 | 3.500732e+03 | 3.501037e+03 |   0.01%| unknown
 41.1s|     1 |     0 | 69942 |     - |   374M |   0 |1071 |8256 |2570 | 710 | 14 |  14 |   0 | 3.500732e+03 | 3.501037e+03 |   0.01%| unknown
(run 2, node 1) restarting after 530 global fixings of integer variables

(restart) converted 256 cuts from the global cut pool into linear constraints

presolving:
(round 1, fast)       629 del vars, 259 del conss, 0 add conss, 0 chg bounds, 0 chg sides, 1667 chg coeffs, 0 upgd conss, 10142 impls, 167 clqs
(round 2, fast)       634 del vars, 259 del conss, 0 add conss, 0 chg bounds, 0 chg sides, 1667 chg coeffs, 0 upgd conss, 10142 impls, 167 clqs
   (41.2s) running MILP presolver
   (41.2s) MILP presolver (2 rounds): 0 aggregations, 0 fixings, 33 bound changes
(round 3, medium)     634 del vars, 262 del conss, 0 add conss, 33 chg bounds, 0 chg sides, 1667 chg coeffs, 0 upgd conss, 10142 impls, 167 clqs
(round 4, exhaustive) 634 del vars, 295 del conss, 0 add conss, 33 chg bounds, 4 chg sides, 1667 chg coeffs, 0 upgd conss, 10142 impls, 167 clqs
(round 5, exhaustive) 634 del vars, 295 del conss, 0 add conss, 33 chg bounds, 4 chg sides, 1667 chg coeffs, 42 upgd conss, 10142 impls, 167 clqs
(round 6, medium)     634 del vars, 336 del conss, 0 add conss, 33 chg bounds, 4 chg sides, 1667 chg coeffs, 42 upgd conss, 10142 impls, 167 clqs
presolving (7 rounds: 7 fast, 5 medium, 3 exhaustive):
 634 deleted vars, 336 deleted constraints, 0 added constraints, 33 tightened bounds, 0 added holes, 4 changed sides, 1667 changed coefficients
 10142 implications, 167 cliques
presolved problem has 437 variables (387 bin, 0 int, 0 impl, 50 cont) and 2269 constraints
      1 constraints of type <chancecons>
   1239 constraints of type <varbound>
      1 constraints of type <knapsack>
    160 constraints of type <setppc>
    865 constraints of type <linear>
      2 constraints of type <logicor>
      1 constraints of type <bounddisjunction>
Presolving Time: 2.12
transformed 4/7 original solutions to the transformed problem space

 time | node  | left  |LP iter|LP it/n|mem/heur|mdpt |vars |cons |rows |cuts |sepa|confs|strbr|  dualbound   | primalbound  |  gap   | compl. 
 41.4s|     1 |     0 | 72749 |     - |   355M |   0 | 437 |2269 |2265 |   0 |  0 |  16 |   0 | 3.500732e+03 | 3.501037e+03 |   0.01%| unknown
 41.6s|     1 |     0 | 73846 |     - |   355M |   0 | 437 |2270 |2307 |  42 |  1 |  17 |   0 | 3.500732e+03 | 3.501037e+03 |   0.01%| unknown
 41.7s|     1 |     0 | 74729 |     - |   358M |   0 | 437 |2271 |2354 |  89 |  2 |  18 |   0 | 3.500732e+03 | 3.501037e+03 |   0.01%| unknown
 41.7s|     1 |     0 | 74729 |     - |   358M |   0 | 437 |2271 |2327 |  89 |  2 |  18 |   0 | 3.500732e+03 | 3.501037e+03 |   0.01%| unknown
 41.9s|     1 |     0 | 75520 |     - |   360M |   0 | 437 |2255 |2369 | 134 |  3 |  18 |   0 | 3.500732e+03 | 3.501037e+03 |   0.01%| unknown
 41.9s|     1 |     0 | 75520 |     - |   360M |   0 | 437 |2255 |2317 | 134 |  3 |  18 |   0 | 3.500732e+03 | 3.501037e+03 |   0.01%| unknown
 42.0s|     1 |     0 | 76118 |     - |   359M |   0 | 437 |2237 |2268 | 181 |  4 |  18 |   0 | 3.500732e+03 | 3.501037e+03 |   0.01%| unknown
 42.0s|     1 |     0 | 76120 |     - |   359M |   0 | 437 |2237 |2264 | 181 |  4 |  18 |   0 | 3.500732e+03 | 3.501037e+03 |   0.01%| unknown
 42.1s|     1 |     0 | 76269 |     - |   359M |   0 | 437 |2233 |2239 | 213 |  5 |  18 |   0 | 3.500732e+03 | 3.501037e+03 |   0.01%| unknown
 42.1s|     1 |     0 | 76269 |     - |   359M |   0 | 437 |2233 |2195 | 213 |  5 |  18 |   0 | 3.500732e+03 | 3.501037e+03 |   0.01%| unknown
 42.1s|     1 |     0 | 76393 |     - |   359M |   0 | 437 |2224 |2105 | 216 |  6 |  18 |   0 | 3.500740e+03 | 3.501037e+03 |   0.01%| unknown
 42.1s|     1 |     0 | 76393 |     - |   359M |   0 | 437 |2224 |2105 | 216 |  6 |  18 |   0 | 3.500740e+03 | 3.501037e+03 |   0.01%| unknown
 42.1s|     1 |     0 | 76511 |     - |   359M |   0 | 437 |2224 |2089 | 217 |  7 |  18 |   0 | 3.500740e+03 | 3.501037e+03 |   0.01%| unknown
 42.1s|     1 |     0 | 76511 |     - |   360M |   0 | 437 |2224 |2075 | 217 |  7 |  18 |   0 | 3.500740e+03 | 3.501037e+03 |   0.01%| unknown
 42.2s|     1 |     0 | 76722 |     - |   360M |   0 | 437 |2223 |1681 | 219 |  8 |  18 |   0 | 3.500741e+03 | 3.501037e+03 |   0.01%| unknown
 time | node  | left  |LP iter|LP it/n|mem/heur|mdpt |vars |cons |rows |cuts |sepa|confs|strbr|  dualbound   | primalbound  |  gap   | compl. 
 42.2s|     1 |     0 | 76727 |     - |   360M |   0 | 437 |2223 |1673 | 219 |  8 |  18 |   0 | 3.500741e+03 | 3.501037e+03 |   0.01%| unknown
 42.2s|     1 |     0 | 76887 |     - |   360M |   0 | 437 |2222 |1680 | 247 |  9 |  18 |   0 | 3.500742e+03 | 3.501037e+03 |   0.01%| unknown
 42.2s|     1 |     0 | 76887 |     - |   360M |   0 | 437 |2222 |1678 | 247 |  9 |  18 |   0 | 3.500742e+03 | 3.501037e+03 |   0.01%| unknown
 42.3s|     1 |     0 | 76900 |     - |   360M |   0 | 437 |2222 |1676 | 248 | 10 |  18 |   0 | 3.500742e+03 | 3.501037e+03 |   0.01%| unknown
L42.3s|     1 |     0 | 76926 |     - |    rens|   0 | 437 |1829 |1676 | 248 | 11 |  18 |   0 | 3.500742e+03 | 3.500742e+03 |   0.00%| unknown
(run 3, node 1) restarting after 63 global fixings of integer variables

(restart) converted 136 cuts from the global cut pool into linear constraints

presolving:
(round 1, fast)       91 del vars, 9 del conss, 0 add conss, 0 chg bounds, 0 chg sides, 846 chg coeffs, 0 upgd conss, 10142 impls, 107 clqs
   (42.4s) running MILP presolver
   (42.4s) MILP presolver (2 rounds): 0 aggregations, 0 fixings, 10 bound changes
(round 2, medium)     91 del vars, 9 del conss, 0 add conss, 10 chg bounds, 0 chg sides, 846 chg coeffs, 0 upgd conss, 10142 impls, 107 clqs
(round 3, exhaustive) 91 del vars, 45 del conss, 0 add conss, 10 chg bounds, 1 chg sides, 846 chg coeffs, 0 upgd conss, 10142 impls, 107 clqs
(round 4, exhaustive) 91 del vars, 45 del conss, 0 add conss, 10 chg bounds, 1 chg sides, 846 chg coeffs, 47 upgd conss, 10142 impls, 107 clqs
(round 5, medium)     91 del vars, 91 del conss, 0 add conss, 10 chg bounds, 2 chg sides, 847 chg coeffs, 47 upgd conss, 10142 impls, 107 clqs
presolving (6 rounds: 6 fast, 5 medium, 3 exhaustive):
 91 deleted vars, 91 deleted constraints, 0 added constraints, 10 tightened bounds, 0 added holes, 2 changed sides, 847 changed coefficients
 10142 implications, 107 cliques
presolved problem has 346 variables (296 bin, 0 int, 0 impl, 50 cont) and 1874 constraints
      1 constraints of type <chancecons>
    848 constraints of type <varbound>
      1 constraints of type <knapsack>
    102 constraints of type <setppc>
    916 constraints of type <linear>
      3 constraints of type <logicor>
      3 constraints of type <bounddisjunction>
Presolving Time: 2.15
transformed 8/18 original solutions to the transformed problem space

 time | node  | left  |LP iter|LP it/n|mem/heur|mdpt |vars |cons |rows |cuts |sepa|confs|strbr|  dualbound   | primalbound  |  gap   | compl. 
 42.5s|     1 |     0 | 79632 |     - |   362M |   0 | 346 |1874 |1868 |   0 |  0 |  18 |   0 | 3.500742e+03 | 3.500742e+03 |   0.00%| unknown
 42.7s|     1 |     0 | 80375 |     - |   362M |   0 | 346 |1874 |1914 |  46 |  1 |  19 |   0 | 3.500742e+03 | 3.500742e+03 |   0.00%| unknown
 42.7s|     1 |     0 | 80375 |     - |   362M |   0 | 346 |1874 |1851 |  46 |  1 |  19 |   0 | 3.500742e+03 | 3.500742e+03 |   0.00%| unknown
 42.8s|     1 |     0 | 80829 |     - |   364M |   0 | 346 |1849 |1764 |  87 |  2 |  19 |   0 | 3.500742e+03 | 3.500742e+03 |   0.00%| unknown
 42.8s|     1 |     0 | 80830 |     - |   364M |   0 | 346 |1849 |1604 |  87 |  2 |  19 |   0 | 3.500742e+03 | 3.500742e+03 |   0.00%| unknown
 42.9s|     1 |     0 | 81033 |     - |   364M |   0 | 346 |1806 |1423 |  96 |  3 |  19 |   0 | 3.500742e+03 | 3.500742e+03 |   0.00%| unknown
 42.9s|     1 |     0 | 81034 |     - |   364M |   0 | 346 |1806 |1401 |  96 |  3 |  19 |   0 | 3.500742e+03 | 3.500742e+03 |   0.00%| unknown
 42.9s|     1 |     0 | 81106 |     - |   364M |   0 | 346 |1802 |1375 | 108 |  4 |  19 |   0 | 3.500742e+03 | 3.500742e+03 |   0.00%| unknown
 42.9s|     1 |     0 | 81107 |     - |   364M |   0 | 346 |1802 |1349 | 108 |  4 |  19 |   0 | 3.500742e+03 | 3.500742e+03 |   0.00%| unknown
 42.9s|     1 |     0 | 81129 |     - |   364M |   0 | 346 |1795 | 735 | 109 |  5 |  19 |   0 | 3.500742e+03 | 3.500742e+03 |   0.00%| unknown
 42.9s|     1 |     0 | 81129 |     - |   364M |   0 | 346 |1795 | 730 | 109 |  5 |  19 |   0 | 3.500742e+03 | 3.500742e+03 |   0.00%| unknown
 42.9s|     1 |     0 | 81129 |     - |   364M |   0 | 346 |1790 | 719 | 109 |  6 |  19 |   0 | 3.500742e+03 | 3.500742e+03 |   0.00%| unknown
L42.9s|     1 |     0 | 81133 |     - |    rens|   0 | 346 |1167 | 719 | 109 |  7 |  21 |   0 | 3.500742e+03 | 3.500742e+03 |   0.00%| unknown
(run 4, node 1) restarting after 132 global fixings of integer variables

(restart) converted 50 cuts from the global cut pool into linear constraints

presolving:
(round 1, fast)       164 del vars, 12 del conss, 0 add conss, 7 chg bounds, 1 chg sides, 452 chg coeffs, 0 upgd conss, 10142 impls, 8 clqs
(round 2, fast)       178 del vars, 132 del conss, 0 add conss, 21 chg bounds, 60 chg sides, 510 chg coeffs, 0 upgd conss, 10142 impls, 8 clqs
(round 3, fast)       182 del vars, 133 del conss, 0 add conss, 21 chg bounds, 60 chg sides, 510 chg coeffs, 0 upgd conss, 10142 impls, 8 clqs
   (43.0s) running MILP presolver
   (43.0s) MILP presolver (3 rounds): 5 aggregations, 0 fixings, 25 bound changes
(round 4, medium)     187 del vars, 138 del conss, 0 add conss, 46 chg bounds, 60 chg sides, 510 chg coeffs, 0 upgd conss, 10142 impls, 8 clqs
(round 5, fast)       187 del vars, 166 del conss, 0 add conss, 46 chg bounds, 71 chg sides, 521 chg coeffs, 0 upgd conss, 10142 impls, 8 clqs
(round 6, exhaustive) 187 del vars, 307 del conss, 0 add conss, 46 chg bounds, 75 chg sides, 521 chg coeffs, 0 upgd conss, 10142 impls, 8 clqs
(round 7, exhaustive) 187 del vars, 307 del conss, 0 add conss, 46 chg bounds, 75 chg sides, 521 chg coeffs, 93 upgd conss, 10142 impls, 8 clqs
(round 8, medium)     187 del vars, 399 del conss, 0 add conss, 46 chg bounds, 84 chg sides, 530 chg coeffs, 93 upgd conss, 10142 impls, 8 clqs
presolving (9 rounds: 9 fast, 5 medium, 3 exhaustive):
 187 deleted vars, 399 deleted constraints, 0 added constraints, 46 tightened bounds, 0 added holes, 84 changed sides, 530 changed coefficients
 10142 implications, 8 cliques
presolved problem has 159 variables (120 bin, 0 int, 0 impl, 39 cont) and 818 constraints
      1 constraints of type <chancecons>
    227 constraints of type <varbound>
      2 constraints of type <knapsack>
      8 constraints of type <setppc>
    577 constraints of type <linear>
      3 constraints of type <logicor>
Presolving Time: 2.17
transformed 8/25 original solutions to the transformed problem space

 time | node  | left  |LP iter|LP it/n|mem/heur|mdpt |vars |cons |rows |cuts |sepa|confs|strbr|  dualbound   | primalbound  |  gap   | compl. 
 43.0s|     1 |     0 | 81583 |     - |   363M |   0 | 159 | 818 | 815 |   0 |  0 |  21 |   0 | 3.500742e+03 | 3.500742e+03 |   0.00%| unknown
 43.0s|     1 |     0 | 81583 |     - |   363M |   0 | 159 | 818 | 794 |   0 |  0 |  21 |   0 | 3.500742e+03 | 3.500742e+03 |   0.00%| unknown
 43.0s|     1 |     0 | 81583 |     - |   363M |   0 | 159 | 815 | 764 |   0 |  1 |  21 |   0 | 3.500742e+03 | 3.500742e+03 |   0.00%| unknown
d43.0s|     1 |     0 | 81604 |     - |farkasdi|   0 | 159 | 757 | 764 |   0 |  2 |  21 |   0 | 3.500742e+03 | 3.500742e+03 |   0.00%| unknown
(run 5, node 1) restarting after 26 global fixings of integer variables

presolving:
(round 1, fast)       28 del vars, 1 del conss, 0 add conss, 9 chg bounds, 4 chg sides, 167 chg coeffs, 0 upgd conss, 10142 impls, 5 clqs
(round 2, fast)       52 del vars, 147 del conss, 0 add conss, 33 chg bounds, 68 chg sides, 190 chg coeffs, 0 upgd conss, 10142 impls, 3 clqs
(round 3, fast)       58 del vars, 147 del conss, 0 add conss, 33 chg bounds, 68 chg sides, 190 chg coeffs, 0 upgd conss, 10142 impls, 3 clqs
   (43.0s) running MILP presolver
   (43.0s) MILP presolver (3 rounds): 9 aggregations, 0 fixings, 8 bound changes
(round 4, medium)     67 del vars, 156 del conss, 0 add conss, 41 chg bounds, 68 chg sides, 190 chg coeffs, 0 upgd conss, 10142 impls, 3 clqs
(round 5, fast)       67 del vars, 204 del conss, 0 add conss, 41 chg bounds, 72 chg sides, 194 chg coeffs, 0 upgd conss, 10142 impls, 4 clqs
(round 6, exhaustive) 67 del vars, 262 del conss, 0 add conss, 41 chg bounds, 72 chg sides, 194 chg coeffs, 0 upgd conss, 10142 impls, 4 clqs
(round 7, exhaustive) 67 del vars, 262 del conss, 0 add conss, 41 chg bounds, 72 chg sides, 194 chg coeffs, 51 upgd conss, 10142 impls, 4 clqs
(round 8, fast)       67 del vars, 263 del conss, 0 add conss, 41 chg bounds, 72 chg sides, 194 chg coeffs, 51 upgd conss, 10142 impls, 4 clqs
(round 9, medium)     67 del vars, 313 del conss, 0 add conss, 41 chg bounds, 86 chg sides, 208 chg coeffs, 51 upgd conss, 10142 impls, 4 clqs
presolving (10 rounds: 10 fast, 5 medium, 3 exhaustive):
 67 deleted vars, 313 deleted constraints, 0 added constraints, 41 tightened bounds, 0 added holes, 86 changed sides, 208 changed coefficients
 10142 implications, 4 cliques
presolved problem has 92 variables (68 bin, 0 int, 0 impl, 24 cont) and 445 constraints
      1 constraints of type <chancecons>
    102 constraints of type <varbound>
      2 constraints of type <knapsack>
      3 constraints of type <setppc>
    335 constraints of type <linear>
      2 constraints of type <logicor>
Presolving Time: 2.18
transformed 6/30 original solutions to the transformed problem space

 time | node  | left  |LP iter|LP it/n|mem/heur|mdpt |vars |cons |rows |cuts |sepa|confs|strbr|  dualbound   | primalbound  |  gap   | compl. 
 43.0s|     1 |     0 | 81743 |     - |   364M |   0 |  92 | 445 | 442 |   0 |  0 |  23 |   0 | 3.500742e+03 | 3.500742e+03 |   0.00%| unknown
 43.0s|     1 |     0 | 81743 |     - |   364M |   0 |  92 | 445 | 435 |   0 |  0 |  23 |   0 | 3.500742e+03 | 3.500742e+03 |   0.00%| unknown
 43.1s|     1 |     0 | 81743 |     - |   364M |   0 |  92 | 444 | 404 |   0 |  1 |  23 |   0 | 3.500742e+03 | 3.500742e+03 |   0.00%| unknown
*43.1s|     1 |     0 | 81752 |     - |    LP  |   0 |  92 | 404 | 404 |   0 |  2 |  27 |   0 | 3.500742e+03 | 3.500742e+03 |   0.00%| unknown

SCIP Status        : problem is solved [optimal solution found]
Solving Time (sec) : 43.10
Solving Nodes      : 1 (total of 6 nodes in 6 runs)
Primal Bound       : +3.50074228924363e+03 (33 solutions)
Dual Bound         : +3.50074228924363e+03
Gap                : 0.00 %

primal solution (original space):
=================================

objective value:                     3500.74228924363
z#1                                                 1 	(obj:0)
z#5                                                 1 	(obj:0)
z#14                                                1 	(obj:0)
z#19                                                1 	(obj:0)
z#21                                                1 	(obj:0)
z#22                                                1 	(obj:0)
z#42                                                1 	(obj:0)
z#43                                 1.00000000000001 	(obj:0)
z#49                                                1 	(obj:0)
z#66                                                1 	(obj:0)
z#73                                                1 	(obj:0)
z#78                                                1 	(obj:0)
z#86                                                1 	(obj:0)
z#110                                               1 	(obj:0)
z#111                                               1 	(obj:0)
z#130                                               1 	(obj:0)
z#135                                               1 	(obj:0)
z#137                               0.999999999999922 	(obj:0)
z#147                               0.999999999999996 	(obj:0)
z#148                                               1 	(obj:0)
z#153                                               1 	(obj:0)
z#156                                               1 	(obj:0)
z#157                                               1 	(obj:0)
z#162                                               1 	(obj:0)
z#163                                1.00000000000001 	(obj:0)
z#169                                               1 	(obj:0)
z#177                                               1 	(obj:0)
z#191                                               1 	(obj:0)
z#192                               0.999999999999972 	(obj:0)
z#196                                               1 	(obj:0)
z#202                                1.00000000000001 	(obj:0)
z#213                                               1 	(obj:0)
z#220                                1.00000000000001 	(obj:0)
z#231                                               1 	(obj:0)
z#232                                               1 	(obj:0)
z#235                                               1 	(obj:0)
z#243                               0.999999999999998 	(obj:0)
z#244                                               1 	(obj:0)
z#247                                               1 	(obj:0)
z#252                                               1 	(obj:0)
z#256                                               1 	(obj:0)
z#258                                               1 	(obj:0)
z#261                                               1 	(obj:0)
z#274                                               1 	(obj:0)
z#275                                               1 	(obj:0)
z#276                                               1 	(obj:0)
z#281                                               1 	(obj:0)
z#283                                               1 	(obj:0)
z#284                                               1 	(obj:0)
z#285                                               1 	(obj:0)
z#289                                               1 	(obj:0)
z#294                                               1 	(obj:0)
z#295                                               1 	(obj:0)
z#296                                               1 	(obj:0)
z#302                                               1 	(obj:0)
z#304                                               1 	(obj:0)
z#323                                               1 	(obj:0)
z#324                                               1 	(obj:0)
z#327                                               1 	(obj:0)
z#331                                               1 	(obj:0)
z#339                                               1 	(obj:0)
z#343                                               1 	(obj:0)
z#344                                               1 	(obj:0)
z#349                                               1 	(obj:0)
z#351                                               1 	(obj:0)
z#361                                               1 	(obj:0)
z#374                                               1 	(obj:0)
z#380                                               1 	(obj:0)
z#389                                               1 	(obj:0)
z#393                                               1 	(obj:0)
z#399                                               1 	(obj:0)
z#413                                               1 	(obj:0)
z#435                                               1 	(obj:0)
z#439                                               1 	(obj:0)
z#442                                               1 	(obj:0)
z#446                                               1 	(obj:0)
z#447                                               1 	(obj:0)
z#456                                               1 	(obj:0)
z#462                                               1 	(obj:0)
z#469                                               1 	(obj:0)
z#483                                               1 	(obj:0)
z#489                                               1 	(obj:0)
z#493                                1.00000010686926 	(obj:0)
z#501                                               1 	(obj:0)
z#506                                               1 	(obj:0)
z#521                                1.00000000000002 	(obj:0)
z#526                                               1 	(obj:0)
z#536                                               1 	(obj:0)
z#537                                               1 	(obj:0)
z#538                                               1 	(obj:0)
z#545                                               1 	(obj:0)
z#554                                               1 	(obj:0)
z#560                                               1 	(obj:0)
z#569                                               1 	(obj:0)
z#579                                               1 	(obj:0)
z#580                                               1 	(obj:0)
z#581                                               1 	(obj:0)
z#584                               0.999999999999998 	(obj:0)
z#590                                               1 	(obj:0)
z#598                                               1 	(obj:0)
z#604                                               1 	(obj:0)
z#610                               0.999999999999999 	(obj:0)
z#619                                               1 	(obj:0)
z#624                                               1 	(obj:0)
z#638                                               1 	(obj:0)
z#648                                               1 	(obj:0)
z#650                                               1 	(obj:0)
z#652                                               1 	(obj:0)
z#654                                               1 	(obj:0)
z#655                                               1 	(obj:0)
z#677                               0.999999999999993 	(obj:0)
z#683                                               1 	(obj:0)
z#708                                               1 	(obj:0)
z#709                                               1 	(obj:0)
z#715                                               1 	(obj:0)
z#724                                               1 	(obj:0)
z#729                                1.00000000000004 	(obj:0)
z#731                                               1 	(obj:0)
z#734                                               1 	(obj:0)
z#736                                               1 	(obj:0)
z#740                                               1 	(obj:0)
z#744                                               1 	(obj:0)
z#746                                               1 	(obj:0)
z#762                                               1 	(obj:0)
z#773                               0.999999999999913 	(obj:0)
z#774                                               1 	(obj:0)
z#775                                               1 	(obj:0)
z#780                                               1 	(obj:0)
z#789                                               1 	(obj:0)
z#792                                               1 	(obj:0)
z#799                                               1 	(obj:0)
z#831                                               1 	(obj:0)
z#840                                               1 	(obj:0)
z#842                                               1 	(obj:0)
z#855                               0.999999999999997 	(obj:0)
z#860                                               1 	(obj:0)
z#872                                               1 	(obj:0)
z#873                                               1 	(obj:0)
z#881                                               1 	(obj:0)
z#897                                               1 	(obj:0)
z#904                                               1 	(obj:0)
z#907                                               1 	(obj:0)
z#909                                               1 	(obj:0)
z#918                                               1 	(obj:0)
z#932                                               1 	(obj:0)
z#945                                               1 	(obj:0)
z#954                                               1 	(obj:0)
z#957                                               1 	(obj:0)
z#962                                               1 	(obj:0)
z#963                                               1 	(obj:0)
z#970                                               1 	(obj:0)
z#971                                               1 	(obj:0)
z#976                                               1 	(obj:0)
z#977                                               1 	(obj:0)
z#984                                               1 	(obj:0)
z#986                                               1 	(obj:0)
z#989                                               1 	(obj:0)
z#1004                              0.999999999999917 	(obj:0)
z#1006                                              1 	(obj:0)
z#1010                                              1 	(obj:0)
z#1012                                              1 	(obj:0)
z#1017                                              1 	(obj:0)
z#1019                                              1 	(obj:0)
z#1020                               1.00000000000001 	(obj:0)
z#1022                                              1 	(obj:0)
z#1036                                              1 	(obj:0)
z#1040                                              1 	(obj:0)
z#1041                                              1 	(obj:0)
z#1049                                              1 	(obj:0)
z#1050                           -1.0686906780355e-07 	(obj:0)
z#1057                                              1 	(obj:0)
z#1065                                              1 	(obj:0)
z#1067                                              1 	(obj:0)
z#1072                                              1 	(obj:0)
z#1089                                              1 	(obj:0)
z#1096                                              1 	(obj:0)
z#1097                                              1 	(obj:0)
z#1103                                              1 	(obj:0)
z#1113                                              1 	(obj:0)
z#1114                                              1 	(obj:0)
z#1119                                              1 	(obj:0)
z#1120                               1.00000000000001 	(obj:0)
z#1121                                              1 	(obj:0)
z#1133                                              1 	(obj:0)
z#1147                                              1 	(obj:0)
z#1152                                              1 	(obj:0)
z#1154                                              1 	(obj:0)
z#1157                                              1 	(obj:0)
z#1162                                              1 	(obj:0)
z#1163                                              1 	(obj:0)
z#1165                                              1 	(obj:0)
z#1169                                              1 	(obj:0)
z#1185                                              1 	(obj:0)
z#1187                              0.999999999999994 	(obj:0)
z#1191                                              1 	(obj:0)
z#1192                                              1 	(obj:0)
z#1209                                              1 	(obj:0)
z#1212                                              1 	(obj:0)
z#1218                                              1 	(obj:0)
z#1227                              0.999999999999996 	(obj:0)
z#1229                              0.999999999999917 	(obj:0)
y#27#3                                80.958230958231 	(obj:0)
y#28#12                              95.8337635518843 	(obj:0)
y#28#15                              77.9615384615385 	(obj:0)
y#31#18                              75.7556735876388 	(obj:0)
y#31#32                              77.3146207734652 	(obj:0)
y#31#42                              52.4816753926701 	(obj:0)
y#35#39                              75.3526763381691 	(obj:0)
x#2                                  859.973369917485 	(obj:0.83)
x#5                                  94.1564506713368 	(obj:1.01)
x#6                                  511.500059812703 	(obj:0.85)
x#10                                 1069.70206273384 	(obj:0.83)
x#12                                 113.749187784275 	(obj:0.9)
x#19                                 974.361371914215 	(obj:0.81)
x#27                                  80.958230958231 	(obj:0.92)
x#28                                 173.795302013423 	(obj:0.88)
x#31                                 205.551969753774 	(obj:0.88)
x#35                                 75.3526763381691 	(obj:0.92)
y#2#1                                117.010309278351 	(obj:0)
y#2#7                                80.5410723069356 	(obj:0)
y#2#10                               60.8198330878743 	(obj:0)
y#2#24                               96.3679745493107 	(obj:0)
y#2#25                               72.4132408072935 	(obj:0)
y#2#28                               80.7463414634146 	(obj:0)
y#2#37                               101.746361746362 	(obj:0)
y#2#41                               72.8112676056338 	(obj:0)
y#2#43                               82.2169059011164 	(obj:0)
y#2#44                               95.3000631711939 	(obj:0)
y#5#4                                94.1564506713368 	(obj:0)
y#6#6                                92.9404900816803 	(obj:0)
y#6#14                                             60 	(obj:0)
y#6#19                               55.0556117290192 	(obj:0)
y#6#30                               85.8681429290388 	(obj:0)
y#6#34                               75.1501416430595 	(obj:0)
y#6#45                               67.5583126550868 	(obj:0)
y#6#47                               74.9273607748183 	(obj:0)
y#10#2                               99.3034825870647 	(obj:0)
y#10#5                               108.934426229508 	(obj:0)
y#10#9                               51.5271232876712 	(obj:0)
y#10#13                              115.103857566766 	(obj:0)
y#10#17                              81.8202633085289 	(obj:0)
y#10#20                              70.9209344115005 	(obj:0)
y#10#21                              90.7460960494302 	(obj:0)
y#10#22                              73.0220713073005 	(obj:0)
y#10#23                              72.8065395095367 	(obj:0)
y#10#29                              79.0026109660574 	(obj:0)
y#10#31                              75.7891332470893 	(obj:0)
y#10#35                              70.8308457711443 	(obj:0)
y#10#48                              79.8946784922395 	(obj:0)
y#12#11                              113.749187784275 	(obj:0)
y#19#0                               79.1468459152017 	(obj:0)
y#19#8                               90.3872157344806 	(obj:0)
y#19#16                              85.5870236869207 	(obj:0)
y#19#26                               87.314323607427 	(obj:0)
y#19#27                              104.345127250155 	(obj:0)
y#19#33                              66.4699006428989 	(obj:0)
y#19#36                              121.054111033029 	(obj:0)
y#19#38                              102.818753573471 	(obj:0)
y#19#40                              105.029126213592 	(obj:0)
y#19#46                              44.4083113456467 	(obj:0)
y#19#49                              87.8006329113924 	(obj:0)
v#0                                            153.07 	(obj:0)
v#1                                             181.6 	(obj:0)
v#2                                            139.72 	(obj:0)
v#3                                             131.8 	(obj:0)
v#4                                            161.29 	(obj:0)
v#5                                            172.77 	(obj:0)
v#6                                             159.3 	(obj:0)
v#7                                            163.74 	(obj:0)
v#8                                            147.06 	(obj:0)
v#9                                            94.037 	(obj:0)
v#10                                           123.89 	(obj:0)
v#11                                           175.06 	(obj:0)
v#12                                           185.63 	(obj:0)
v#13                                           155.16 	(obj:0)
v#14                                           122.64 	(obj:0)
v#15                                           121.62 	(obj:0)
v#16                                           166.21 	(obj:0)
v#17                                           142.94 	(obj:0)
v#18                                           156.89 	(obj:0)
v#19                                            108.9 	(obj:0)
v#20                                           157.87 	(obj:0)
v#21                                 156.900000069465 	(obj:0)
v#22                                           129.03 	(obj:0)
v#23                                            133.6 	(obj:0)
v#24                                           181.75 	(obj:0)
v#25                                 135.630000032061 	(obj:0)
v#26                                           131.67 	(obj:0)
v#27                                            168.1 	(obj:0)
v#28                                           165.53 	(obj:0)
v#29                                           151.29 	(obj:0)
v#30                                           170.62 	(obj:0)
v#31                                           117.17 	(obj:0)
v#32                                 184.549999786261 	(obj:0)
v#33                                           113.73 	(obj:0)
v#34                                           132.64 	(obj:0)
v#35                                           142.37 	(obj:0)
v#36                                           172.26 	(obj:0)
v#37                                           146.82 	(obj:0)
v#38                                           179.83 	(obj:0)
v#39                                           150.63 	(obj:0)
v#40                                           162.27 	(obj:0)
v#41                                           129.24 	(obj:0)
v#42                                           100.24 	(obj:0)
v#43                                           154.65 	(obj:0)
v#44                                           150.86 	(obj:0)
v#45                                           136.13 	(obj:0)
v#46                                 67.3230000000005 	(obj:0)
v#47                                           123.78 	(obj:0)
v#48                                           144.13 	(obj:0)
v#49                                           166.47 	(obj:0)

Statistics
==========

SCIP Status        : problem is solved [optimal solution found]
Total Time         :      43.82
  solving          :      43.10
  presolving       :       2.18 (included in solving)
  reading          :       0.72
  copying          :       0.07 (6 #copies) (minimal 0.00, maximal 0.02, average 0.01)
Original Problem   :
  Problem name     : CCRPData/40-50-2000-3
  Variables        : 3331 (1241 binary, 0 integer, 0 implicit integer, 2090 continuous)
  Constraints      : 24070 initial, 24070 maximal
  Objective        : minimize, 40 non-zeros (abs.min = 0.81, abs.max = 1.18)
Presolved Problem  :
  Problem name     : t_CCRPData/40-50-2000-3
  Variables        : 92 (68 binary, 0 integer, 0 implicit integer, 24 continuous)
  Constraints      : 445 initial, 445 maximal
  Objective        : minimize, 32 non-zeros (abs.min = 0.0187042, abs.max = 1.88398)
  Nonzeros         : 2639 constraint, 6 clique table
Presolvers         :   ExecTime  SetupTime  Calls  FixedVars   AggrVars   ChgTypes  ChgBounds   AddHoles    DelCons    AddCons   ChgSides   ChgCoefs
  boundshift       :       0.00       0.00      0          0          0          0          0          0          0          0          0          0
  convertinttobin  :       0.00       0.00      0          0          0          0          0          0          0          0          0          0
  domcol           :       0.02       0.00      6          0          0          0          0          0          0          0          0          0
  dualagg          :       0.00       0.00      0          0          0          0          0          0          0          0          0          0
  dualcomp         :       0.01       0.00      6          0          0          0          0          0          0          0          0          0
  dualinfer        :       0.00       0.00      0          0          0          0          0          0          0          0          0          0
  dualsparsify     :       0.08       0.00      1          0          0          0          0          0          0          0          0          0
  gateextraction   :       0.01       0.00     13          0          0          0          0          0          0          0          0          0
  implics          :       0.00       0.00     25          0          0          0          0          0          0          0          0          0
  inttobinary      :       0.00       0.00      0          0          0          0          0          0          0          0          0          0
  milp             :       0.15       0.00      6       1023        101          0        110          0      24064      23977          0          0
  qpkktref         :       0.00       0.00      0          0          0          0          0          0          0          0          0          0
  redvub           :       0.00       0.00      0          0          0          0          0          0          0          0          0          0
  sparsify         :       0.01       0.00      2          0          0          0          0          0          0          0          0          0
  stuffing         :       0.00       0.00      0          0          0          0          0          0          0          0          0          0
  trivial          :       0.00       0.00     40        970          0          0          0          0          0          0          0          0
  tworowbnd        :       0.00       0.00      0          0          0          0          0          0          0          0          0          0
  dualfix          :       0.00       0.00     40       1100          0          0          0          0          0          0          0          0
  genvbounds       :       0.00       0.00      0          0          0          0          0          0          0          0          0          0
  probing          :       1.60       0.00      1          0          0          0          0          0          0          0          0          0
  pseudoobj        :       0.00       0.00     10          0          0          0          3          0          0          0          0          0
  symmetry         :       0.00       0.00      1          0          0          0          0          0          0          0          0          0
  vbounds          :       0.00       0.00      6          0          0          0          0          0          0          0          0          0
  chancecons       :       0.00       0.00      0          0          0          0          0          0          0          0          0          0
  varbound         :       0.02       0.01     59          0          0          0         39          0        565          0        143       8271
  knapsack         :       0.06       0.00     73          0          0          0          0          0          0          0          0          0
  setppc           :       0.03       0.01     73          0          0          0          0          0        824          0          0          0
  linear           :       0.14       0.01     55         42          3          0        118          0        494          0         36       1130
  logicor          :       0.00       0.00     62          0          0          0          0          0          3          0          0         65
  bounddisjunction :       0.00       0.00     21          0          0          0          0          0          3          0          0          0
  benders          :       0.00       0.00      0          0          0          0          0          0          0          0          0          0
  components       :       0.00       0.00      6          0          0          0          0          0          0          0          0          0
  root node        :          -          -      -        984          -          -       1398          -          -          -          -          -
Constraints        :     Number  MaxNumber  #Separate #Propagate    #EnfoLP    #EnfoRelax  #EnfoPS    #Check   #ResProp    Cutoffs    DomReds       Cuts    Applied      Conss   Children
  benderslp        :          0          0          0          0          0          0          0        173          0          0          0          0          0          0          0
  chancecons       :          1          1         72          0          0          0          0          0          0          0          0       2522       1202          0          0
  integral         :          0          0          0          0          0          0          0        173          0          0          0          0          0          0          0
  varbound         :        102        102         72      25851          0          0          0        158         37          2        383          0          0          0          0
  knapsack         :          2          2         72      25653          0          0          0         85          2          4          0          0          0          0          0
  setppc           :          3          3         72      25753          0          0          0         66        620          2          0          0          0          0          0
  linear           :        335        335         72      25854          0          0          0         10         28         12         12         12          1          0          0
  logicor          :          2          2         72         61          0          0          0          0          0          0          0          0          0          0          0
  benders          :          0          0          0          0          0          0          0         67          0          0          0          0          0          0          0
  fixedvar         :          0          0          0          0          0          0          0         67          0          0          0          0          0          0          0
  countsols        :          0          0          0          0          0          0          0         67          0          0          0          0          0          0          0
  components       :          0          0          0          0          0          0          0          0          0          0          0          0          0          0          0
Constraint Timings :  TotalTime  SetupTime   Separate  Propagate     EnfoLP     EnfoPS     EnfoRelax   Check    ResProp    SB-Prop
  benderslp        :       0.00       0.00       0.00       0.00       0.00       0.00       0.00       0.00       0.00       0.00
  chancecons       :       0.07       0.00       0.07       0.00       0.00       0.00       0.00       0.00       0.00       0.00
  integral         :       0.00       0.00       0.00       0.00       0.00       0.00       0.00       0.00       0.00       0.00
  varbound         :       0.40       0.01       0.04       0.34       0.00       0.00       0.00       0.01       0.00       0.00
  knapsack         :       0.30       0.00       0.27       0.03       0.00       0.00       0.00       0.00       0.00       0.00
  setppc           :       0.55       0.01       0.02       0.50       0.00       0.00       0.00       0.01       0.00       0.00
  linear           :       0.07       0.01       0.04       0.03       0.00       0.00       0.00       0.00       0.00       0.00
  logicor          :       0.00       0.00       0.00       0.00       0.00       0.00       0.00       0.00       0.00       0.00
  benders          :       0.00       0.00       0.00       0.00       0.00       0.00       0.00       0.00       0.00       0.00
  fixedvar         :       0.01       0.00       0.00       0.00       0.00       0.00       0.00       0.01       0.00       0.00
  countsols        :       0.00       0.00       0.00       0.00       0.00       0.00       0.00       0.00       0.00       0.00
  components       :       0.00       0.00       0.00       0.00       0.00       0.00       0.00       0.00       0.00       0.00
Propagators        : #Propagate   #ResProp    Cutoffs    DomReds
  dualfix          :         18          0          0         45
  genvbounds       :          0          0          0          0
  nlobbt           :          0          0          0          0
  obbt             :          0          0          0          0
  probing          :          0          0          0          0
  pseudoobj        :        154          0          0         18
  redcost          :        105          0          0        921
  rootredcost      :          0          0          0          0
  symmetry         :          0          0          0          0
  vbounds          :      18181          0          0          0
Propagator Timings :  TotalTime  SetupTime   Presolve  Propagate    ResProp    SB-Prop
  dualfix          :       0.00       0.00       0.00       0.00       0.00       0.00
  genvbounds       :       0.00       0.00       0.00       0.00       0.00       0.00
  nlobbt           :       0.00       0.00       0.00       0.00       0.00       0.00
  obbt             :       0.00       0.00       0.00       0.00       0.00       0.00
  probing          :       1.60       0.00       1.60       0.00       0.00       0.00
  pseudoobj        :       0.01       0.00       0.00       0.01       0.00       0.00
  redcost          :       0.01       0.00       0.00       0.01       0.00       0.00
  rootredcost      :       0.00       0.00       0.00       0.00       0.00       0.00
  symmetry         :       0.00       0.00       0.00       0.00       0.00       0.00
  vbounds          :       0.01       0.00       0.00       0.01       0.00       0.00
Symmetry           :
  orbitopal red.   :          0 reductions applied,          0 cutoffs
  orbital reduction:          0 reductions applied,          0 cutoffs
  lexicographic red:          0 reductions applied,          0 cutoffs
  shadow tree time :       0.00 s
Conflict Analysis  :       Time      Calls    Success    DomReds  Conflicts   Literals    Reconvs ReconvLits   Dualrays   Nonzeros   LP Iters   (pool size: [10000,10000])
  propagation      :       0.00          6          6          -         19       98.1          0        0.0          -          -          -
  infeasible LP    :       0.00          0          0          -          0        0.0          0        0.0          0        0.0          0
  bound exceed. LP :       0.02         15         16          -         15        4.7          0        0.0         13       20.0         80
  strong branching :       0.00          0          0          -          0        0.0          0        0.0          -          -          0
  pseudo solution  :       0.00          0          0          -          0        0.0          0        0.0          -          -          -
  applied globally :       0.00          -          -          6         13        2.8          -          -         13          -          -
  applied locally  :          -          -          -          0          1      116.0          -          -          0          -          -
Separators         :   ExecTime  SetupTime      Calls  RootCalls    Cutoffs    DomReds  FoundCuts ViaPoolAdd  DirectAdd    Applied ViaPoolApp  DirectApp      Conss
  cut pool         :       0.11          -        125        125          -          -      24900      43782          -          -          -          -          -    (maximal pool size:      13037)
  aggregation      :       3.40       0.00         72         72          0          0      20271      37650          0       1246       1246          0          0
  > cmir           :          -          -          -          -          -          -          -      37318          0       1242       1242          0          -
  > flowcover      :          -          -          -          -          -          -          -        331          0          3          3          0          -
  > knapsackcover  :          -          -          -          -          -          -          -          1          0          1          1          0          -
  cgmip            :       0.00       0.00          0          0          0          0          0          0          0          0          0          0          0
  clique           :       0.40       0.00         72         72          0          0          0          0          0          0          0          0          0
  closecuts        :       0.00       0.00          0          0          0          0          0          0          0          0          0          0          0
  convexproj       :       0.00       0.00          0          0          0          0          0          0          0          0          0          0          0
  disjunctive      :       0.00       0.00          0          0          0          0          0          0          0          0          0          0          0
  eccuts           :       0.00       0.00          0          0          0          0          0          0          0          0          0          0          0
  gauge            :       0.00       0.00          0          0          0          0          0          0          0          0          0          0          0
  gomory           :       9.56       0.00         41         41          0          0       4557       6030          0        323        323          0          0
  > gomorymi       :          -          -          -          -          -          -          -       6030          0        323        323          0          -
  > strongcg       :          -          -          -          -          -          -          -          0          0          0          0          0          -
  impliedbounds    :       0.06       0.00         72         72          0          9         72        102          0          6          6          0          0
  interminor       :       0.00       0.00          0          0          0          0          0          0          0          0          0          0          0
  intobj           :       0.00       0.00          0          0          0          0          0          0          0          0          0          0          0
  lagromory        :       0.00       0.00          0          0          0          0          0          0          0          0          0          0          0
  mcf              :       0.04       0.00         10         10          0          0          0          0          0          0          0          0          0
  minor            :       0.00       0.00         41         41          0          0          0          0          0          0          0          0          0
  mixing           :       0.00       0.00          0          0          0          0          0          0          0          0          0          0          0
  oddcycle         :       0.00       0.00          0          0          0          0          0          0          0          0          0          0          0
  rapidlearning    :       0.00       0.00          0          0          0          0          0          0          0          0          0          0          0
  rlt              :       0.00       0.00         41         41          0          0          0          0          0          0          0          0          0
  zerohalf         :       0.06       0.00         57         57          0          0          0          0          0          0          0          0          0
Cutselectors       :   ExecTime  SetupTime      Calls  RootCalls   Selected     Forced   Filtered  RootSelec   RootForc   RootFilt 
  hybrid           :       0.13       0.00         59         59       2778          0      43538       2778          0      43538
  ensemble         :       0.00       0.00          0          0          0          0          0          0          0          0
  dynamic          :       0.00       0.00          0          0          0          0          0          0          0          0
Pricers            :   ExecTime  SetupTime      Calls       Vars
  problem variables:       0.00          -          0          0
Branching Rules    :   ExecTime  SetupTime   BranchLP  BranchExt   BranchPS    Cutoffs    DomReds       Cuts      Conss   Children
  allfullstrong    :       0.00       0.00          0          0          0          0          0          0          0          0
  cloud            :       0.00       0.00          0          0          0          0          0          0          0          0
  distribution     :       0.00       0.00          0          0          0          0          0          0          0          0
  fullstrong       :       0.00       0.00          0          0          0          0          0          0          0          0
  gomory           :       0.00       0.00          0          0          0          0          0          0          0          0
  inference        :       0.00       0.00          0          0          0          0          0          0          0          0
  leastinf         :       0.00       0.00          0          0          0          0          0          0          0          0
  lookahead        :       0.00       0.00          0          0          0          0          0          0          0          0
  mostinf          :       0.00       0.00          0          0          0          0          0          0          0          0
  multaggr         :       0.00       0.00          0          0          0          0          0          0          0          0
  nodereopt        :       0.00       0.00          0          0          0          0          0          0          0          0
  pscost           :       0.00       0.00          0          0          0          0          0          0          0          0
  random           :       0.00       0.00          0          0          0          0          0          0          0          0
  relpscost        :       0.00       0.00          0          0          0          0          0          0          0          0
  vanillafullstrong:       0.00       0.00          0          0          0          0          0          0          0          0
Primal Heuristics  :   ExecTime  SetupTime      Calls      Found       Best
  LP solutions     :       0.00          -          -          1          1
  relax solutions  :       0.00          -          -          0          0
  pseudo solutions :       0.00          -          -          0          0
  strong branching :       0.00          -          -          0          0
  actconsdiving    :       0.00       0.00          0          0          0
  adaptivediving   :       0.00       0.00          0          0          0
  alns             :       0.06       0.00          1          0          0
  bound            :       0.00       0.00          0          0          0
  clique           :       0.03       0.00          1          0          0
  coefdiving       :       0.00       0.00          0          0          0
  completesol      :       0.00       0.00          0          0          0
  conflictdiving   :       4.04       0.00          6          0          0
  crossover        :       0.00       0.00          0          0          0
  dins             :       0.00       0.00          0          0          0
  distributiondivin:       0.00       0.00          0          0          0
  dps              :       0.00       0.00          0          0          0
  dualval          :       0.00       0.00          0          0          0
  farkasdiving     :       0.00       0.00          2          1          1
  feaspump         :       0.86       0.00          1          1          0
  fixandinfer      :       0.00       0.00          0          0          0
  fracdiving       :       0.00       0.00          0          0          0
  gins             :       0.00       0.00          0          0          0
  guideddiving     :       0.00       0.00          0          0          0
  indicator        :       0.00       0.00          0          0          0
  indicatordiving  :       0.00       0.00          0          0          0
  intdiving        :       0.00       0.00          0          0          0
  intshifting      :       0.13       0.00          6          1          1
  linesearchdiving :       0.00       0.00          0          0          0
  localbranching   :       0.00       0.00          0          0          0
  locks            :       0.05       0.00          1          1          1
  lpface           :       0.00       0.00          0          0          0
  mpec             :       0.00       0.00          0          0          0
  multistart       :       0.00       0.00          0          0          0
  mutation         :       0.00       0.00          0          0          0
  nlpdiving        :       0.00       0.00          0          0          0
  objpscostdiving  :       0.00       0.00          0          0          0
  octane           :       0.00       0.00          0          0          0
  ofins            :       0.00       0.00          0          0          0
  oneopt           :       0.02       0.00          6          0          0
  padm             :       0.00       0.00          0          0          0
  proximity        :       0.00       0.00          0          0          0
  pscostdiving     :       0.00       0.00          0          0          0
  randrounding     :       0.53       0.00         65          0          0
  rens             :       0.13       0.00          5          4          3
  reoptsols        :       0.00       0.00          0          0          0
  repair           :       0.00       0.00          0          0          0
  rins             :       0.00       0.00          0          0          0
  rootsoldiving    :       0.00       0.00          0          0          0
  rounding         :       0.04       0.00         65          0          0
  scheduler        :       0.00       0.00          0          0          0
  shiftandpropagate:       0.00       0.00          0          0          0
  shifting         :       0.31       0.00         65         20          2
  simplerounding   :       0.00       0.00          0          0          0
  subnlp           :       0.00       0.00          0          0          0
  trivial          :       0.01       0.00         12          4          0
  trivialnegation  :       0.00       0.00          0          0          0
  trustregion      :       0.00       0.00          0          0          0
  trysol           :       0.00       0.00          0          0          0
  twoopt           :       0.00       0.00          0          0          0
  undercover       :       0.00       0.00          0          0          0
  vbounds          :       0.06       0.00          6          0          0
  veclendiving     :       0.00       0.00          0          0          0
  zeroobj          :       0.00       0.00          0          0          0
  zirounding       :       0.00       0.00          6          0          0
  other solutions  :          -          -          -          0          -
LNS (Scheduler)    :      Calls  SetupTime  SolveTime SolveNodes       Sols       Best       Exp3    Exp3-IX  EpsGreedy        UCB TgtFixRate  Opt  Inf Node Stal  Sol  Usr Othr Actv
  rens             :          0       0.00       0.00          0          0          0    0.00000    0.12500   -1.00000    1.00000      0.900    0    0    0    0    0    0    0    1
  rins             :          0       0.00       0.00          0          0          0    0.00000    0.12500   -1.00000    1.00000      0.900    0    0    0    0    0    0    0    1
  mutation         :          0       0.00       0.00          0          0          0    0.00000    0.12500   -1.00000    1.00000      0.900    0    0    0    0    0    0    0    1
  localbranching   :          0       0.00       0.00          0          0          0    0.00000    0.12500   -1.00000    1.00000      0.900    0    0    0    0    0    0    0    1
  crossover        :          0       0.00       0.00          0          0          0    0.00000    0.12500   -1.00000    1.00000      0.900    0    0    0    0    0    0    0    1
  proximity        :          0       0.00       0.00          0          0          0    0.00000    0.12500   -1.00000    1.00000      0.900    0    0    0    0    0    0    0    1
  zeroobjective    :          0       0.00       0.00          0          0          0    0.00000    0.12500   -1.00000    1.00000      0.900    0    0    0    0    0    0    0    1
  dins             :          0       0.00       0.00          0          0          0    0.00000    0.12500   -1.00000    1.00000      0.900    0    0    0    0    0    0    0    1
  trustregion      :          0       0.00       0.00          0          0          0    0.00000    0.00000   -1.00000    1.00000      0.900    0    0    0    0    0    0    0    0
LP                 :       Time      Calls Iterations  Iter/call   Iter/sec  Time-0-It Calls-0-It    ItLimit
  primal LP        :       0.01         12          0       0.00       0.00       0.01         12
  dual LP          :      19.93        128      69205     865.06    3473.24       0.03         48
  lex dual LP      :       0.00          0          0       0.00          -
  barrier LP       :       0.00          0          0       0.00          -       0.00          0
  resolve instable :       0.00          0          0       0.00          -
  diving/probing LP:       5.01         23      12547     545.52    2502.41
  strong branching :       0.00          0          0       0.00          -          -          -          0
    (at root node) :          -          0          0       0.00          -
  conflict analysis:       0.02          8         80      10.00    5137.76
B&B Tree           :
  number of runs   :          6
  nodes            :          1 (0 internal, 1 leaves)
  feasible leaves  :          0
  infeas. leaves   :          0
  objective leaves :          0
  nodes (total)    :          6 (0 internal, 6 leaves)
  nodes left       :          0
  max depth        :          0
  max depth (total):          0
  backtracks       :          0 (0.0%)
  early backtracks :          0 (0.0%)
  nodes exc. ref.  :          0 (0.0%)
  delayed cutoffs  :          0
  repropagations   :          0 (0 domain reductions, 0 cutoffs)
  avg switch length:       2.00
  switching time   :       0.00
Root Node          :
  First LP value   : +3.35085571753553e+03
  First LP Iters   :       1851 (4733.87 Iter/sec)
  First LP Time    :       0.39
  Final Dual Bound : +3.50074228924363e+03
  Final Root Iters :      69205
  Root LP Estimate : +3.50074228924363e+03
Solution           :
  Solutions found  :         33 (10 improvements)
  First Solution   : +3.62075996420098e+03   (in run 1, after 1 nodes, 2.10 seconds, depth 243, found by <locks>)
  Gap First Sol.   :      24.28 %
  Gap Last Sol.    :       0.00 %
  Primal Bound     : +3.50074228924363e+03   (in run 6, after 1 nodes, 43.10 seconds, depth 0, found by <relaxation>)
  Dual Bound       : +3.50074228924363e+03
  Gap              :       0.00 %
Integrals          :      Total       Avg%
  primal-dual      :     284.03       6.59
  primal-ref       :          -          - (not evaluated)
  dual-ref         :          -          - (not evaluated)

 Branching Statistics...

 Total number of propagations -> 0

 Number of cutoffs of KnaCons -> 0

 Total number of variables fixed to 1 by the propagator -> 0

 Total number of variables fixed to 0 by the propagator -> 0

 Maximum number of rounds of the approximation algorithm -> 0

 Runtime of the exact algorithm -> 0.0000 s

 Total number of variables fixed to 1 in the exact algorithm -> 0

 Total number of variables fixed to 0 in the exact algorithm -> 0

 Number of cutoffs in the exact algorithm -> 0

 Number of cutoffs in the approximation algorithm -> 0

 PS:  
