***************************************
*         SCIP-based CCP Solver       *
*                                     *
*    Wei Lv and Wei-Kun Chen (2024)   *
***************************************
/beegfs/home/30150120/SCIP-CCP/build/ccp -f data/CCRPData/40-50-3000-1.ccrp -s settings/CCRPSetting/BASE+sDI1.set 
SCIP version 9.1.0 [precision: 8 byte] [memory: block] [mode: optimized] [LP solver: Soplex 7.1.0] [GitHash: 8cab0278ba]
Copyright (c) 2002-2024 Zuse Institute Berlin (ZIB)

External libraries: 
  Soplex 7.1.0         Linear Programming Solver developed at Zuse Institute Berlin (soplex.zib.de) [GitHash: 595bfac9]
  CppAD 20180000.0     Algorithmic Differentiation of C++ algorithms developed by B. Bell (github.com/coin-or/CppAD)
  ZLIB 1.2.7           General purpose compression library by J. Gailly and M. Adler (zlib.net)
  GMP 6.2.1            GNU Multiple Precision Arithmetic Library developed by T. Granlund (gmplib.org)
  AMPL/MP 690e9e7      AMPL .nl file reader library (github.com/ampl/mp)
  PaPILO 2.3.0         parallel presolve for integer and linear optimization (github.com/scipopt/papilo) (built with TBB) [GitHash: 4b8ce6ed]
  Nauty 2.8.8          Computing Graph Automorphism Groups by Brendan D. McKay (users.cecs.anu.edu.au/~bdm/nauty)
  sassy 1.1            Symmetry preprocessor by Markus Anders (github.com/markusa4/sassy)

reading user parameter file <settings/CCRPSetting/BASE+sDI1.set>

read problem <data/CCRPData/40-50-3000-1.ccrp>
============

File name: 	data/CCRPData/40-50-3000-1.ccrp
Problem name:	CCRPData/40-50-3000-1
NumResource: 	40
Dimension: 	50
NumScenario: 	3000
ConfidenceParameter: 	0.10
IsEqualProbability: 	1
BASE+DI: 	1
BASE+sDI: 	1
BASE+DB: 	0
BASE+DB+OPF: 	0
Dominance and Aggregation Statistics......
NumEdge:        3534068
NumBiEdge: 	657231
NumDomIneqs: 	2876837
DominanceRatio: 0.6395
NumAggScenario: 1854 
BasicNumScenario: 1853 
Dominance Inequalities Statistics......
NumBasicDomIneqs: 94215
NumNonReDomIneqs: 27267
Duration: 0.3600 s 

original problem has 3944 variables (1854 bin, 0 int, 0 impl, 2090 cont) and 42359 constraints

solve problem
=============

presolving:
(round 1, fast)       928 del vars, 1 del conss, 0 add conss, 50 chg bounds, 0 chg sides, 0 chg coeffs, 0 upgd conss, 0 impls, 27267 clqs
   (0.1s) running MILP presolver
   (0.2s) MILP presolver (3 rounds): 88 aggregations, 1021 fixings, 0 bound changes
(round 2, medium)     2037 del vars, 42358 del conss, 42269 add conss, 50 chg bounds, 0 chg sides, 0 chg coeffs, 0 upgd conss, 0 impls, 27267 clqs
(round 3, fast)       2037 del vars, 42358 del conss, 42269 add conss, 98 chg bounds, 0 chg sides, 0 chg coeffs, 0 upgd conss, 0 impls, 27267 clqs
(round 4, exhaustive) 2037 del vars, 42358 del conss, 42269 add conss, 98 chg bounds, 0 chg sides, 0 chg coeffs, 42267 upgd conss, 0 impls, 27267 clqs
   (3.4s) probing: 1000/1853 (54.0%) - 0 fixings, 0 aggregations, 41579 implications, 0 bound changes
   (3.4s) probing: 1001/1853 (54.0%) - 0 fixings, 0 aggregations, 41594 implications, 0 bound changes
   (3.4s) probing aborted: 1000/1000 successive useless probings
   (3.5s) symmetry computation started: requiring (bin +, int +, cont +), (fixed: bin -, int -, cont -)
   Symmetry detection interrupted: constraints of type chancecons do not provide symmetry information.
   If symmetries shall be detected, implement the CONSGETPERMSYMGRAPH callback.
   (3.5s) could not compute symmetry
presolving (5 rounds: 5 fast, 3 medium, 2 exhaustive):
 2037 deleted vars, 42358 deleted constraints, 42269 added constraints, 98 tightened bounds, 0 added holes, 0 changed sides, 0 changed coefficients
 14999 implications, 68861 cliques
presolved problem has 1907 variables (1853 bin, 0 int, 0 impl, 54 cont) and 42270 constraints
      1 constraints of type <chancecons>
  14999 constraints of type <varbound>
      1 constraints of type <knapsack>
  27267 constraints of type <setppc>
      2 constraints of type <linear>
Presolving Time: 3.51

 time | node  | left  |LP iter|LP it/n|mem/heur|mdpt |vars |cons |rows |cuts |sepa|confs|strbr|  dualbound   | primalbound  |  gap   | compl. 
p 3.7s|     1 |     0 |     2 |     - |  clique|   0 |1907 |  42k|  42k|   0 |  0 |   0 |   0 | 2.880064e+03 | 3.609870e+03 |  25.34%| unknown
p 3.7s|     1 |     0 |     4 |     - |   locks|   0 |1907 |  42k|  42k|   0 |  0 |   0 |   0 | 2.880064e+03 | 3.550780e+03 |  23.29%| unknown
  4.7s|     1 |     0 |  2476 |     - |   262M |   0 |1907 |  42k|  42k|   0 |  0 |  14 |   0 | 3.239642e+03 | 3.550780e+03 |   9.60%| unknown
r 4.7s|     1 |     0 |  2476 |     - |shifting|   0 |1907 |  42k|  42k|   0 |  0 |  14 |   0 | 3.239642e+03 | 3.539204e+03 |   9.25%| unknown
  5.7s|     1 |     0 |  3590 |     - |   269M |   0 |1907 |  42k|  42k|  49 |  1 |  14 |   0 | 3.307456e+03 | 3.539204e+03 |   7.01%| unknown
  6.7s|     1 |     0 |  4301 |     - |   275M |   0 |1907 |  42k|  42k| 102 |  2 |  14 |   0 | 3.335996e+03 | 3.539204e+03 |   6.09%| unknown
  8.0s|     1 |     0 |  5028 |     - |   281M |   0 |1907 |  42k|  42k| 165 |  3 |  14 |   0 | 3.353117e+03 | 3.539204e+03 |   5.55%| unknown
  9.2s|     1 |     0 |  5690 |     - |   286M |   0 |1907 |  42k|  42k| 224 |  4 |  14 |   0 | 3.363686e+03 | 3.539204e+03 |   5.22%| unknown
 10.9s|     1 |     0 |  6432 |     - |   291M |   0 |1907 |  42k|  42k| 294 |  5 |  14 |   0 | 3.371219e+03 | 3.539204e+03 |   4.98%| unknown
 12.8s|     1 |     0 |  7173 |     - |   297M |   0 |1907 |  42k|  42k| 360 |  6 |  14 |   0 | 3.377220e+03 | 3.539204e+03 |   4.80%| unknown
 14.6s|     1 |     0 |  7962 |     - |   301M |   0 |1907 |  42k|  42k| 424 |  7 |  14 |   0 | 3.382040e+03 | 3.539204e+03 |   4.65%| unknown
 16.4s|     1 |     0 |  8590 |     - |   306M |   0 |1907 |  42k|  42k| 494 |  8 |  14 |   0 | 3.384445e+03 | 3.539204e+03 |   4.57%| unknown
 18.2s|     1 |     0 |  9330 |     - |   311M |   0 |1907 |  42k|  42k| 549 |  9 |  14 |   0 | 3.387034e+03 | 3.539204e+03 |   4.49%| unknown
 20.0s|     1 |     0 | 10132 |     - |   315M |   0 |1907 |  42k|  42k| 607 | 10 |  14 |   0 | 3.389267e+03 | 3.539204e+03 |   4.42%| unknown
 20.7s|     1 |     0 | 10926 |     - |   321M |   0 |1907 |  42k|  42k| 661 | 11 |  14 |   0 | 3.391085e+03 | 3.539204e+03 |   4.37%| unknown
 time | node  | left  |LP iter|LP it/n|mem/heur|mdpt |vars |cons |rows |cuts |sepa|confs|strbr|  dualbound   | primalbound  |  gap   | compl. 
 21.4s|     1 |     0 | 11905 |     - |   326M |   0 |1907 |  42k|  42k| 709 | 12 |  14 |   0 | 3.392900e+03 | 3.539204e+03 |   4.31%| unknown
 21.9s|     1 |     0 | 12594 |     - |   331M |   0 |1907 |  42k|  43k| 754 | 13 |  14 |   0 | 3.393856e+03 | 3.539204e+03 |   4.28%| unknown
 22.4s|     1 |     0 | 13183 |     - |   336M |   0 |1907 |  42k|  43k| 797 | 14 |  14 |   0 | 3.394595e+03 | 3.539204e+03 |   4.26%| unknown
 23.2s|     1 |     0 | 14196 |     - |   340M |   0 |1907 |  42k|  43k| 841 | 15 |  14 |   0 | 3.396208e+03 | 3.539204e+03 |   4.21%| unknown
 24.0s|     1 |     0 | 15199 |     - |   345M |   0 |1907 |  42k|  43k| 889 | 16 |  14 |   0 | 3.397387e+03 | 3.539204e+03 |   4.17%| unknown
 24.9s|     1 |     0 | 16159 |     - |   350M |   0 |1907 |  42k|  43k| 955 | 17 |  14 |   0 | 3.398517e+03 | 3.539204e+03 |   4.14%| unknown
 25.8s|     1 |     0 | 17250 |     - |   357M |   0 |1907 |  42k|  43k|1020 | 18 |  14 |   0 | 3.399446e+03 | 3.539204e+03 |   4.11%| unknown
 26.7s|     1 |     0 | 18377 |     - |   361M |   0 |1907 |  42k|  43k|1089 | 19 |  14 |   0 | 3.400408e+03 | 3.539204e+03 |   4.08%| unknown
 28.1s|     1 |     0 | 19572 |     - |   366M |   0 |1907 |  42k|  43k|1167 | 20 |  14 |   0 | 3.401082e+03 | 3.539204e+03 |   4.06%| unknown
 29.4s|     1 |     0 | 21037 |     - |   367M |   0 |1907 |  42k|  43k|1231 | 21 |  14 |   0 | 3.401868e+03 | 3.539204e+03 |   4.04%| unknown
 30.7s|     1 |     0 | 22422 |     - |   367M |   0 |1907 |  42k|  43k|1292 | 22 |  14 |   0 | 3.402593e+03 | 3.539204e+03 |   4.01%| unknown
 32.2s|     1 |     0 | 24100 |     - |   368M |   0 |1907 |  42k|  43k|1354 | 23 |  14 |   0 | 3.403455e+03 | 3.539204e+03 |   3.99%| unknown
 33.7s|     1 |     0 | 25675 |     - |   368M |   0 |1907 |  42k|  43k|1416 | 24 |  14 |   0 | 3.403972e+03 | 3.539204e+03 |   3.97%| unknown
 35.1s|     1 |     0 | 27199 |     - |   368M |   0 |1907 |  42k|  43k|1469 | 25 |  14 |   0 | 3.404480e+03 | 3.539204e+03 |   3.96%| unknown
 36.6s|     1 |     0 | 28776 |     - |   369M |   0 |1907 |  42k|  43k|1523 | 26 |  14 |   0 | 3.404922e+03 | 3.539204e+03 |   3.94%| unknown
 time | node  | left  |LP iter|LP it/n|mem/heur|mdpt |vars |cons |rows |cuts |sepa|confs|strbr|  dualbound   | primalbound  |  gap   | compl. 
 38.4s|     1 |     0 | 30774 |     - |   369M |   0 |1907 |  42k|  43k|1573 | 27 |  14 |   0 | 3.405401e+03 | 3.539204e+03 |   3.93%| unknown
 40.0s|     1 |     0 | 32520 |     - |   369M |   0 |1907 |  42k|  43k|1621 | 28 |  14 |   0 | 3.405819e+03 | 3.539204e+03 |   3.92%| unknown
 41.8s|     1 |     0 | 34336 |     - |   370M |   0 |1907 |  42k|  43k|1668 | 29 |  14 |   0 | 3.406223e+03 | 3.539204e+03 |   3.90%| unknown
 43.7s|     1 |     0 | 36444 |     - |   371M |   0 |1907 |  42k|  43k|1715 | 30 |  14 |   0 | 3.406645e+03 | 3.539204e+03 |   3.89%| unknown
 45.5s|     1 |     0 | 38354 |     - |   372M |   0 |1907 |  42k|  43k|1757 | 31 |  14 |   0 | 3.406886e+03 | 3.539204e+03 |   3.88%| unknown
 47.2s|     1 |     0 | 40137 |     - |   373M |   0 |1907 |  42k|  43k|1797 | 32 |  14 |   0 | 3.407091e+03 | 3.539204e+03 |   3.88%| unknown
 49.1s|     1 |     0 | 42157 |     - |   373M |   0 |1907 |  42k|  43k|1837 | 33 |  14 |   0 | 3.407285e+03 | 3.539204e+03 |   3.87%| unknown
 51.0s|     1 |     0 | 44103 |     - |   373M |   0 |1907 |  42k|  43k|1875 | 34 |  14 |   0 | 3.407505e+03 | 3.539204e+03 |   3.86%| unknown
 53.1s|     1 |     0 | 46140 |     - |   373M |   0 |1907 |  42k|  43k|1914 | 35 |  14 |   0 | 3.407690e+03 | 3.539204e+03 |   3.86%| unknown
 54.9s|     1 |     0 | 48036 |     - |   373M |   0 |1907 |  42k|  43k|1950 | 36 |  14 |   0 | 3.407828e+03 | 3.539204e+03 |   3.86%| unknown
 56.8s|     1 |     0 | 50038 |     - |   374M |   0 |1907 |  42k|  43k|1987 | 37 |  14 |   0 | 3.407994e+03 | 3.539204e+03 |   3.85%| unknown
 58.8s|     1 |     0 | 52036 |     - |   374M |   0 |1907 |  42k|  43k|2026 | 38 |  14 |   0 | 3.408112e+03 | 3.539204e+03 |   3.85%| unknown
 61.0s|     1 |     0 | 54431 |     - |   374M |   0 |1907 |  42k|  43k|2064 | 39 |  14 |   0 | 3.408239e+03 | 3.539204e+03 |   3.84%| unknown
 63.3s|     1 |     0 | 56785 |     - |   375M |   0 |1907 |  42k|  43k|2099 | 40 |  14 |   0 | 3.408398e+03 | 3.539204e+03 |   3.84%| unknown
r63.8s|     1 |     0 | 57584 |     - |intshift|   0 |1907 |  42k|  43k|2099 | 40 |  14 |   0 | 3.408398e+03 | 3.482726e+03 |   2.18%| unknown
 time | node  | left  |LP iter|LP it/n|mem/heur|mdpt |vars |cons |rows |cuts |sepa|confs|strbr|  dualbound   | primalbound  |  gap   | compl. 
o73.7s|     1 |     0 | 72213 |     - |feaspump|   0 |1907 |  42k|  43k|2099 | 40 |  14 |   0 | 3.408398e+03 | 3.418220e+03 |   0.29%| unknown
L82.3s|     1 |     0 | 79743 |     - |    alns|   0 |1907 |  42k|  43k|2099 | 40 |  14 |   0 | 3.408398e+03 | 3.416143e+03 |   0.23%| unknown
 82.3s|     1 |     0 | 79743 |     - |   379M |   0 |1907 |  42k|  43k|2099 | 40 |  14 |   0 | 3.408398e+03 | 3.416143e+03 |   0.23%| unknown
 82.4s|     1 |     0 | 79743 |     - |   380M |   0 |1907 |  42k|  38k|2099 | 40 |  14 |   0 | 3.408398e+03 | 3.416143e+03 |   0.23%| unknown
 84.1s|     1 |     0 | 81703 |     - |   379M |   0 |1907 |  37k|  34k|2143 | 41 |  14 |   0 | 3.408483e+03 | 3.416143e+03 |   0.22%| unknown
 84.1s|     1 |     0 | 81703 |     - |   380M |   0 |1907 |  37k|  34k|2143 | 41 |  14 |   0 | 3.408483e+03 | 3.416143e+03 |   0.22%| unknown
 84.1s|     1 |     0 | 81703 |     - |   380M |   0 |1907 |  37k|  33k|2143 | 41 |  14 |   0 | 3.408483e+03 | 3.416143e+03 |   0.22%| unknown
 84.9s|     1 |     0 | 82662 |     - |   380M |   0 |1907 |  37k|  33k|2167 | 42 |  14 |   0 | 3.408499e+03 | 3.416143e+03 |   0.22%| unknown
 85.0s|     1 |     0 | 82662 |     - |   380M |   0 |1907 |  28k|  33k|2167 | 42 |  14 |   0 | 3.408499e+03 | 3.416143e+03 |   0.22%| unknown
 87.4s|     1 |     0 | 85576 |     - |   380M |   0 |1907 |  28k|  34k|2202 | 43 |  14 |   0 | 3.408582e+03 | 3.416143e+03 |   0.22%| unknown
 87.4s|     1 |     0 | 85576 |     - |   380M |   0 |1907 |  28k|  29k|2202 | 43 |  14 |   0 | 3.408582e+03 | 3.416143e+03 |   0.22%| unknown
 88.1s|     1 |     0 | 86408 |     - |   380M |   0 |1907 |  28k|  29k|2218 | 44 |  14 |   0 | 3.408585e+03 | 3.416143e+03 |   0.22%| unknown
 88.1s|     1 |     0 | 86408 |     - |   380M |   0 |1907 |  28k|  29k|2218 | 44 |  14 |   0 | 3.408585e+03 | 3.416143e+03 |   0.22%| unknown
 89.9s|     1 |     0 | 88883 |     - |   380M |   0 |1907 |  28k|  29k|2250 | 45 |  14 |   0 | 3.408624e+03 | 3.416143e+03 |   0.22%| unknown
 90.0s|     1 |     0 | 88883 |     - |   381M |   0 |1907 |  28k|  29k|2250 | 45 |  14 |   0 | 3.408624e+03 | 3.416143e+03 |   0.22%| unknown
 time | node  | left  |LP iter|LP it/n|mem/heur|mdpt |vars |cons |rows |cuts |sepa|confs|strbr|  dualbound   | primalbound  |  gap   | compl. 
 90.5s|     1 |     0 | 89320 |     - |   381M |   0 |1907 |  28k|  29k|2261 | 46 |  14 |   0 | 3.408626e+03 | 3.416143e+03 |   0.22%| unknown
 90.5s|     1 |     0 | 89320 |     - |   381M |   0 |1907 |  28k|  29k|2261 | 46 |  14 |   0 | 3.408626e+03 | 3.416143e+03 |   0.22%| unknown
 90.5s|     1 |     0 | 89320 |     - |   381M |   0 |1907 |  28k|  29k|2261 | 46 |  14 |   0 | 3.408626e+03 | 3.416143e+03 |   0.22%| unknown
 92.9s|     1 |     0 | 92224 |     - |   381M |   0 |1907 |  28k|  29k|2294 | 47 |  14 |   0 | 3.408643e+03 | 3.416143e+03 |   0.22%| unknown
 92.9s|     1 |     0 | 92224 |     - |   381M |   0 |1907 |  28k|  29k|2294 | 47 |  14 |   0 | 3.408643e+03 | 3.416143e+03 |   0.22%| unknown
 92.9s|     1 |     0 | 92224 |     - |   381M |   0 |1907 |  27k|  29k|2294 | 48 |  14 |   0 | 3.408643e+03 | 3.416143e+03 |   0.22%| unknown
*92.9s|     1 |     0 | 92224 |     - |    LP  |   0 |1907 |  27k|  29k|2294 | 49 |  14 |   0 | 3.408643e+03 | 3.408643e+03 |   0.00%| unknown

SCIP Status        : problem is solved [optimal solution found]
Solving Time (sec) : 92.94
Solving Nodes      : 1
Primal Bound       : +3.40864286371280e+03 (9 solutions)
Dual Bound         : +3.40864286371280e+03
Gap                : 0.00 %

primal solution (original space):
=================================

objective value:                      3408.6428637128
z#12                                                1 	(obj:0)
z#16                                                1 	(obj:0)
z#23                                0.999999999998994 	(obj:0)
z#40                                                1 	(obj:0)
z#42                                0.999999999999897 	(obj:0)
z#43                                0.999999999999909 	(obj:0)
z#44                                 0.99999999999978 	(obj:0)
z#45                                                1 	(obj:0)
z#56                                                1 	(obj:0)
z#60                                 1.00000000000003 	(obj:0)
z#66                                 1.00000000000012 	(obj:0)
z#72                                 1.00000000000001 	(obj:0)
z#98                                 1.00000000000011 	(obj:0)
z#100                                               1 	(obj:0)
z#115                                               1 	(obj:0)
z#125                               0.999999999999844 	(obj:0)
z#129                                0.99999999999909 	(obj:0)
z#138                                               1 	(obj:0)
z#146                                1.00000000000005 	(obj:0)
z#147                               0.999999999999874 	(obj:0)
z#162                               0.999999999999732 	(obj:0)
z#177                                               1 	(obj:0)
z#180                                               1 	(obj:0)
z#182                                               1 	(obj:0)
z#184                                1.00000000000018 	(obj:0)
z#185                                               1 	(obj:0)
z#194                               0.999999999999774 	(obj:0)
z#195                                               1 	(obj:0)
z#198                                1.00000000000004 	(obj:0)
z#206                                               1 	(obj:0)
z#211                                               1 	(obj:0)
z#216                               0.999999999961491 	(obj:0)
z#227                                               1 	(obj:0)
z#231                                               1 	(obj:0)
z#232                                               1 	(obj:0)
z#238                               0.999999999999819 	(obj:0)
z#252                               0.999999999999961 	(obj:0)
z#255                                               1 	(obj:0)
z#262                                               1 	(obj:0)
z#269                                               1 	(obj:0)
z#274                                1.00000000000014 	(obj:0)
z#288                                               1 	(obj:0)
z#296                                1.00000000000001 	(obj:0)
z#297                                1.00000000000004 	(obj:0)
z#303                                1.00000000000006 	(obj:0)
z#306                                1.00000000000029 	(obj:0)
z#309                               0.999999999999763 	(obj:0)
z#312                               0.999999999999786 	(obj:0)
z#318                               0.999999999999087 	(obj:0)
z#325                                               1 	(obj:0)
z#331                                               1 	(obj:0)
z#337                               0.999999999999917 	(obj:0)
z#347                                1.00000000000004 	(obj:0)
z#348                                               1 	(obj:0)
z#354                               0.999999999999883 	(obj:0)
z#359                                1.00000000000009 	(obj:0)
z#363                                               1 	(obj:0)
z#368                                               1 	(obj:0)
z#378                                1.00000000000003 	(obj:0)
z#382                               0.999999999999955 	(obj:0)
z#390                                1.00000000000001 	(obj:0)
z#395                               0.999999999998458 	(obj:0)
z#404                               0.999999999999645 	(obj:0)
z#408                                0.99999999999968 	(obj:0)
z#412                               0.999999999999401 	(obj:0)
z#423                                               1 	(obj:0)
z#433                                               1 	(obj:0)
z#436                               0.999999999999999 	(obj:0)
z#452                                               1 	(obj:0)
z#453                                               1 	(obj:0)
z#457                                               1 	(obj:0)
z#460                                               1 	(obj:0)
z#470                                               1 	(obj:0)
z#493                                               1 	(obj:0)
z#499                                               1 	(obj:0)
z#503                                               1 	(obj:0)
z#524                               0.999999999999842 	(obj:0)
z#531                               0.999999999999857 	(obj:0)
z#534                               0.999999999999841 	(obj:0)
z#541                                1.00000000000016 	(obj:0)
z#547                                               1 	(obj:0)
z#551                                1.00000000000001 	(obj:0)
z#569                                               1 	(obj:0)
z#578                                1.00000000000002 	(obj:0)
z#588                                1.00000000000012 	(obj:0)
z#593                                               1 	(obj:0)
z#600                                1.00000000000016 	(obj:0)
z#632                               0.999999999999659 	(obj:0)
z#656                                               1 	(obj:0)
z#663                                               1 	(obj:0)
z#677                                               1 	(obj:0)
z#683                               0.999999999999955 	(obj:0)
z#686                                1.00000000000002 	(obj:0)
z#688                                               1 	(obj:0)
z#696                                               1 	(obj:0)
z#697                               0.999999999999741 	(obj:0)
z#702                                               1 	(obj:0)
z#708                               0.999999999999873 	(obj:0)
z#709                                               1 	(obj:0)
z#714                                               1 	(obj:0)
z#719                                               1 	(obj:0)
z#730                                               1 	(obj:0)
z#736                                               1 	(obj:0)
z#757                                1.00000000000033 	(obj:0)
z#760                                               1 	(obj:0)
z#768                                               1 	(obj:0)
z#772                                1.00000000000008 	(obj:0)
z#774                                               1 	(obj:0)
z#777                                               1 	(obj:0)
z#779                               0.999999999961376 	(obj:0)
z#786                               0.999999999999709 	(obj:0)
z#787                               0.999999999999659 	(obj:0)
z#804                                               1 	(obj:0)
z#820                                               1 	(obj:0)
z#822                                               1 	(obj:0)
z#824                               0.999999999999675 	(obj:0)
z#825                                               1 	(obj:0)
z#827                                               1 	(obj:0)
z#830                                               1 	(obj:0)
z#845                                               1 	(obj:0)
z#846                                               1 	(obj:0)
z#848                                               1 	(obj:0)
z#852                                               1 	(obj:0)
z#859                                               1 	(obj:0)
z#860                                               1 	(obj:0)
z#867                                               1 	(obj:0)
z#872                                1.00000000000002 	(obj:0)
z#873                               0.999999999999578 	(obj:0)
z#876                                               1 	(obj:0)
z#879                                               1 	(obj:0)
z#904                               0.999999999999626 	(obj:0)
z#913                               0.999999999999985 	(obj:0)
z#919                               0.999999999999893 	(obj:0)
z#938                               0.999999999999996 	(obj:0)
z#942                               0.999999999999998 	(obj:0)
z#947                               0.999999999999682 	(obj:0)
z#952                                1.00000000000001 	(obj:0)
z#956                               0.999999999999722 	(obj:0)
z#964                                               1 	(obj:0)
z#965                                               1 	(obj:0)
z#981                               0.999999999999463 	(obj:0)
z#983                                1.00000000000016 	(obj:0)
z#991                                1.00000000000001 	(obj:0)
z#1004                                              1 	(obj:0)
z#1006                               1.00000000000001 	(obj:0)
z#1007                              0.999999999999742 	(obj:0)
z#1008                                              1 	(obj:0)
z#1027                                              1 	(obj:0)
z#1040                              0.999999999999922 	(obj:0)
z#1043                                              1 	(obj:0)
z#1044                               1.00000000000006 	(obj:0)
z#1046                                              1 	(obj:0)
z#1051                               1.00000000000009 	(obj:0)
z#1053                               1.00000000000018 	(obj:0)
z#1054                                              1 	(obj:0)
z#1058                                              1 	(obj:0)
z#1060                               1.00000000000004 	(obj:0)
z#1062                                              1 	(obj:0)
z#1068                              0.999999999999964 	(obj:0)
z#1074                                              1 	(obj:0)
z#1075                              0.999999999999833 	(obj:0)
z#1076                                              1 	(obj:0)
z#1077                              0.999999999999188 	(obj:0)
z#1080                               1.00000000000009 	(obj:0)
z#1084                                              1 	(obj:0)
z#1087                                              1 	(obj:0)
z#1093                                              1 	(obj:0)
z#1101                                              1 	(obj:0)
z#1102                                              1 	(obj:0)
z#1108                                              1 	(obj:0)
z#1115                                              1 	(obj:0)
z#1120                                              1 	(obj:0)
z#1126                               1.00000000000001 	(obj:0)
z#1136                                              1 	(obj:0)
z#1149                              0.999999999999999 	(obj:0)
z#1150                                              1 	(obj:0)
z#1158                              0.999999999999883 	(obj:0)
z#1176                                              1 	(obj:0)
z#1183                                              1 	(obj:0)
z#1188                                              1 	(obj:0)
z#1191                               1.00000000000001 	(obj:0)
z#1192                              0.999999999999638 	(obj:0)
z#1205                                              1 	(obj:0)
z#1206                              0.999999999999943 	(obj:0)
z#1207                              0.999999999999928 	(obj:0)
z#1220                              0.999999999999934 	(obj:0)
z#1228                                              1 	(obj:0)
z#1239                                              1 	(obj:0)
z#1244                                              1 	(obj:0)
z#1251                                              1 	(obj:0)
z#1267                              0.999999999999863 	(obj:0)
z#1273                                              1 	(obj:0)
z#1275                               1.00000000000002 	(obj:0)
z#1279                                              1 	(obj:0)
z#1283                              0.999999999999621 	(obj:0)
z#1286                                              1 	(obj:0)
z#1298                                              1 	(obj:0)
z#1305                                              1 	(obj:0)
z#1309                              0.999999999999987 	(obj:0)
z#1311                                              1 	(obj:0)
z#1316                                              1 	(obj:0)
z#1320                                              1 	(obj:0)
z#1333                                              1 	(obj:0)
z#1344                                              1 	(obj:0)
z#1351                                              1 	(obj:0)
z#1355                                              1 	(obj:0)
z#1361                                              1 	(obj:0)
z#1364                              0.999999999999798 	(obj:0)
z#1372                                              1 	(obj:0)
z#1375                                              1 	(obj:0)
z#1382                               1.00000000000002 	(obj:0)
z#1383                                1.0000000000001 	(obj:0)
z#1393                                              1 	(obj:0)
z#1395                               1.00000000000043 	(obj:0)
z#1400                                              1 	(obj:0)
z#1401                                              1 	(obj:0)
z#1414                              0.999999999999833 	(obj:0)
z#1427                                              1 	(obj:0)
z#1428                                              1 	(obj:0)
z#1435                               1.00000000000001 	(obj:0)
z#1436                                              1 	(obj:0)
z#1437                              0.999999999999858 	(obj:0)
z#1440                                              1 	(obj:0)
z#1457                                              1 	(obj:0)
z#1468                              0.999999999961492 	(obj:0)
z#1472                              0.999999999999908 	(obj:0)
z#1475                               0.99999999999988 	(obj:0)
z#1489                                              1 	(obj:0)
z#1495                                              1 	(obj:0)
z#1504                              0.999999999999314 	(obj:0)
z#1523                              0.999999999999933 	(obj:0)
z#1524                              0.999999999999961 	(obj:0)
z#1527                              0.999999999999994 	(obj:0)
z#1529                               1.00000000000016 	(obj:0)
z#1534                                              1 	(obj:0)
z#1536                                              1 	(obj:0)
z#1539                              0.999999999999773 	(obj:0)
z#1541                                              1 	(obj:0)
z#1545                                              1 	(obj:0)
z#1548                                              1 	(obj:0)
z#1549                               1.00000000000002 	(obj:0)
z#1553                              0.999999999999845 	(obj:0)
z#1556                                              1 	(obj:0)
z#1561                                1.0000000000002 	(obj:0)
z#1562                               0.99999999999993 	(obj:0)
z#1563                                              1 	(obj:0)
z#1573                                1.0000000000001 	(obj:0)
z#1578                              0.999999999999983 	(obj:0)
z#1584                                              1 	(obj:0)
z#1591                              0.999999999999403 	(obj:0)
z#1593                                              1 	(obj:0)
z#1597                               1.00000000000001 	(obj:0)
z#1601                                              1 	(obj:0)
z#1602                               1.00000000000007 	(obj:0)
z#1606                              0.999999999999451 	(obj:0)
z#1611                              0.999999999999851 	(obj:0)
z#1621                                              1 	(obj:0)
z#1625                               1.00000000000008 	(obj:0)
z#1626                              0.999999999999868 	(obj:0)
z#1635                                              1 	(obj:0)
z#1642                               1.00000000000032 	(obj:0)
z#1665                                              1 	(obj:0)
z#1666                              0.999999999999879 	(obj:0)
z#1675                              0.999999999998889 	(obj:0)
z#1677                               0.99999999999989 	(obj:0)
z#1681                               1.00000000000032 	(obj:0)
z#1683                               1.00000000000004 	(obj:0)
z#1689                               1.00000000000014 	(obj:0)
z#1691                                              1 	(obj:0)
z#1700                                              1 	(obj:0)
z#1702                                              1 	(obj:0)
z#1708                                              1 	(obj:0)
z#1713                                              1 	(obj:0)
z#1720                                              1 	(obj:0)
z#1728                                              1 	(obj:0)
z#1731                              0.999999999961389 	(obj:0)
z#1734                               1.00000000000001 	(obj:0)
z#1735                               0.99999999999982 	(obj:0)
z#1740                                              1 	(obj:0)
z#1747                                              1 	(obj:0)
z#1757                              0.999999999999776 	(obj:0)
z#1758                                              1 	(obj:0)
z#1759                               1.00000000000001 	(obj:0)
z#1765                              0.999999999999726 	(obj:0)
z#1770                              0.999999999999944 	(obj:0)
z#1777                                              1 	(obj:0)
z#1794                              0.999999999999951 	(obj:0)
z#1795                               1.00000000000012 	(obj:0)
z#1797                                              1 	(obj:0)
z#1798                              0.999999999999994 	(obj:0)
z#1799                              0.999999999999829 	(obj:0)
z#1806                                              1 	(obj:0)
z#1807                                              1 	(obj:0)
z#1813                                              1 	(obj:0)
z#1821                                              1 	(obj:0)
z#1826                                              1 	(obj:0)
z#1831                              0.999999999999051 	(obj:0)
z#1832                                              1 	(obj:0)
z#1837                               1.00000000000009 	(obj:0)
z#1848                              0.999999999999905 	(obj:0)
x#2                                  830.347016386831 	(obj:0.83)
x#5                                  93.6406304728547 	(obj:1.01)
x#6                                  551.495999310339 	(obj:0.85)
x#10                                  1035.8870041954 	(obj:0.83)
x#12                                 114.198505523058 	(obj:0.9)
x#19                                 915.090821802676 	(obj:0.81)
x#27                                 90.0581081081084 	(obj:0.92)
x#28                                 173.946063500257 	(obj:0.88)
x#31                                 171.053095389001 	(obj:0.88)
x#35                                 71.5924462230935 	(obj:0.92)
y#2#1                                 96.583376288657 	(obj:0)
y#2#7                                58.8997048696501 	(obj:0)
y#2#10                               56.1542464408422 	(obj:0)
y#2#24                               93.0433191940616 	(obj:0)
y#2#25                               84.1146289375267 	(obj:0)
y#2#28                               70.9707317073168 	(obj:0)
y#2#37                               102.166597366592 	(obj:0)
y#2#41                               65.5439436619723 	(obj:0)
y#2#43                                 97.53875598086 	(obj:0)
y#2#44                               105.331711939352 	(obj:0)
y#5#4                                93.6406304728547 	(obj:0)
y#6#6                                77.6190781796957 	(obj:0)
y#6#14                               70.3604696673179 	(obj:0)
y#6#19                               69.5495955510618 	(obj:0)
y#6#30                               56.5656265727208 	(obj:0)
y#6#34                                83.159943342872 	(obj:0)
y#6#45                               92.1851116625309 	(obj:0)
y#6#47                                102.05617433414 	(obj:0)
y#10#2                               100.971641791041 	(obj:0)
y#10#5                               55.4484867591402 	(obj:0)
y#10#9                               97.6299178082153 	(obj:0)
y#10#13                              110.146735905045 	(obj:0)
y#10#17                              100.916199198624 	(obj:0)
y#10#20                              54.0171159029654 	(obj:0)
y#10#21                              82.6315211104684 	(obj:0)
y#10#22                              89.6524052065623 	(obj:0)
y#10#23                               75.468446866484 	(obj:0)
y#10#29                              76.0909138381197 	(obj:0)
y#10#31                              66.7192108667498 	(obj:0)
y#10#35                              55.2392537313417 	(obj:0)
y#10#48                              70.9551552106427 	(obj:0)
y#12#11                              114.198505523058 	(obj:0)
y#19#0                               85.8076008273007 	(obj:0)
y#19#8                               54.9980946527349 	(obj:0)
y#19#16                              83.2380020597322 	(obj:0)
y#19#26                              67.0122679045076 	(obj:0)
y#19#27                              72.9116697703228 	(obj:0)
y#19#33                              113.782817066042 	(obj:0)
y#19#36                              102.355867884751 	(obj:0)
y#19#38                              83.0684391080603 	(obj:0)
y#19#40                              113.332556634305 	(obj:0)
y#19#46                              81.8271767809968 	(obj:0)
y#19#49                              56.7563291139221 	(obj:0)
y#27#3                               90.0581081081084 	(obj:0)
y#28#12                              77.3672173464114 	(obj:0)
y#28#15                              96.5788461538458 	(obj:0)
y#31#18                              65.2391598261708 	(obj:0)
y#31#32                              50.3423125261833 	(obj:0)
y#31#42                              55.4716230366472 	(obj:0)
y#35#39                              71.5924462230935 	(obj:0)
v#0                                          165.9519 	(obj:0)
v#1                                  149.897399999996 	(obj:0)
v#2                                  142.067099999995 	(obj:0)
v#3                                          146.6146 	(obj:0)
v#4                                          160.4064 	(obj:0)
v#5                                  87.9412999999964 	(obj:0)
v#6                                  133.039099999998 	(obj:0)
v#7                                  119.743099999999 	(obj:0)
v#8                                  89.4818999999997 	(obj:0)
v#9                                  178.174599999993 	(obj:0)
v#10                                 114.386199999996 	(obj:0)
v#11                                 175.751499999986 	(obj:0)
v#12                                 149.860299999999 	(obj:0)
v#13                                         148.4778 	(obj:0)
v#14                                 143.816799999998 	(obj:0)
v#15                                 150.662999999999 	(obj:0)
v#16                                         161.6482 	(obj:0)
v#17                                 176.300599999996 	(obj:0)
v#18                                         135.1103 	(obj:0)
v#19                                         137.5691 	(obj:0)
v#20                                 120.242100000001 	(obj:0)
v#21                                         142.8699 	(obj:0)
v#22                                 158.415799999996 	(obj:0)
v#23                                 138.484599999998 	(obj:0)
v#24                                         175.4797 	(obj:0)
v#25                                 157.546699999987 	(obj:0)
v#26                                 101.054499999997 	(obj:0)
v#27                                  117.46069999999 	(obj:0)
v#28                                 145.489999999999 	(obj:0)
v#29                                 145.714099999999 	(obj:0)
v#30                                 112.395899999996 	(obj:0)
v#31                                 103.147899999995 	(obj:0)
v#32                                         120.1671 	(obj:0)
v#33                                 194.682399999999 	(obj:0)
v#34                                 146.777300000169 	(obj:0)
v#35                                 111.030899999997 	(obj:0)
v#36                                         145.6524 	(obj:0)
v#37                                 147.426399999993 	(obj:0)
v#38                                 145.286699999997 	(obj:0)
v#39                                 143.113299999964 	(obj:0)
v#40                                 175.098800000001 	(obj:0)
v#41                                 116.340500000001 	(obj:0)
v#42                                 105.950799999996 	(obj:0)
v#43                                 183.470399999998 	(obj:0)
v#44                                 166.740099999994 	(obj:0)
v#45                                          185.753 	(obj:0)
v#46                                 124.049999999991 	(obj:0)
v#47                                 168.596799999999 	(obj:0)
v#48                                 128.003099999999 	(obj:0)
v#49                                 107.609999999996 	(obj:0)

Statistics
==========

SCIP Status        : problem is solved [optimal solution found]
Total Time         :      94.48
  solving          :      92.94
  presolving       :       3.51 (included in solving)
  reading          :       1.54
  copying          :       0.10 (2 #copies) (minimal 0.05, maximal 0.05, average 0.05)
Original Problem   :
  Problem name     : CCRPData/40-50-3000-1
  Variables        : 3944 (1854 binary, 0 integer, 0 implicit integer, 2090 continuous)
  Constraints      : 42359 initial, 42359 maximal
  Objective        : minimize, 40 non-zeros (abs.min = 0.81, abs.max = 1.18)
Presolved Problem  :
  Problem name     : t_CCRPData/40-50-3000-1
  Variables        : 1907 (1853 binary, 0 integer, 0 implicit integer, 54 continuous)
  Constraints      : 42270 initial, 42284 maximal
  Objective        : minimize, 52 non-zeros (abs.min = 0.368664, abs.max = 1.01)
  Nonzeros         : 86391 constraint, 45758 clique table
Presolvers         :   ExecTime  SetupTime  Calls  FixedVars   AggrVars   ChgTypes  ChgBounds   AddHoles    DelCons    AddCons   ChgSides   ChgCoefs
  boundshift       :       0.00       0.00      0          0          0          0          0          0          0          0          0          0
  convertinttobin  :       0.00       0.00      0          0          0          0          0          0          0          0          0          0
  domcol           :       0.01       0.00      1          0          0          0          0          0          0          0          0          0
  dualagg          :       0.00       0.00      0          0          0          0          0          0          0          0          0          0
  dualcomp         :       0.01       0.00      1          0          0          0          0          0          0          0          0          0
  dualinfer        :       0.00       0.00      0          0          0          0          0          0          0          0          0          0
  dualsparsify     :       0.17       0.00      1          0          0          0          0          0          0          0          0          0
  gateextraction   :       0.00       0.00      0          0          0          0          0          0          0          0          0          0
  implics          :       0.00       0.00      3          0          0          0          0          0          0          0          0          0
  inttobinary      :       0.00       0.00      0          0          0          0          0          0          0          0          0          0
  milp             :       0.16       0.00      1       1021         88          0          0          0      42357      42269          0          0
  qpkktref         :       0.00       0.00      0          0          0          0          0          0          0          0          0          0
  redvub           :       0.00       0.00      0          0          0          0          0          0          0          0          0          0
  sparsify         :       0.03       0.00      1          0          0          0          0          0          0          0          0          0
  stuffing         :       0.00       0.00      0          0          0          0          0          0          0          0          0          0
  trivial          :       0.00       0.00      5          0          0          0          0          0          0          0          0          0
  tworowbnd        :       0.00       0.00      0          0          0          0          0          0          0          0          0          0
  dualfix          :       0.00       0.00      5        928          0          0          0          0          0          0          0          0
  genvbounds       :       0.00       0.00      0          0          0          0          0          0          0          0          0          0
  probing          :       2.89       0.00      1          0          0          0          0          0          0          0          0          0
  pseudoobj        :       0.00       0.00      0          0          0          0          0          0          0          0          0          0
  symmetry         :       0.00       0.00      1          0          0          0          0          0          0          0          0          0
  vbounds          :       0.00       0.00      1          0          0          0          0          0          0          0          0          0
  chancecons       :       0.00       0.00      0          0          0          0          0          0          0          0          0          0
  varbound         :       0.01       0.00      2          0          0          0          0          0          0          0          0          0
  knapsack         :       0.03       0.00      3          0          0          0          0          0          0          0          0          0
  setppc           :       0.02       0.00      3          0          0          0          0          0          0          0          0          0
  linear           :       0.15       0.01      7          0          0          0         98          0          1          0          0          0
  logicor          :       0.00       0.00      0          0          0          0          0          0          0          0          0          0
  benders          :       0.00       0.00      0          0          0          0          0          0          0          0          0          0
  components       :       0.00       0.00      1          0          0          0          0          0          0          0          0          0
  root node        :          -          -      -        349          -          -        466          -          -          -          -          -
Constraints        :     Number  MaxNumber  #Separate #Propagate    #EnfoLP    #EnfoRelax  #EnfoPS    #Check   #ResProp    Cutoffs    DomReds       Cuts    Applied      Conss   Children
  benderslp        :          0          0          0          0          0          0          0         65          0          0          0          0          0          0          0
  chancecons       :          1          1         45          0          0          0          0          0          0          0          0       2200       1304          0          0
  integral         :          0          0          0          0          0          0          0         65          0          0          0          0          0          0          0
  varbound         :      14999      14999         45      36921          0          0          0         60          0          0         99          0          0          0          0
  knapsack         :          1          1         45      36925          0          0          0         11          0         13          0          0          0          0          0
  setppc           :      27267+     27274         45      36901          0          0          0          9       1495          7          0          0          0          0          0
  linear           :          2+         4         45      36908          0          0          0         12          0          3          6          0          0          0          0
  logicor          :          0+         5         45          9          0          0          0          0          0          0          0          0          0          0          0
  benders          :          0          0          0          0          0          0          0         10          0          0          0          0          0          0          0
  fixedvar         :          0          0          0          0          0          0          0         10          0          0          0          0          0          0          0
  countsols        :          0          0          0          0          0          0          0         10          0          0          0          0          0          0          0
  components       :          0          0          0          0          0          0          0          0          0          0          0          0          0          0          0
Constraint Timings :  TotalTime  SetupTime   Separate  Propagate     EnfoLP     EnfoPS     EnfoRelax   Check    ResProp    SB-Prop
  benderslp        :       0.00       0.00       0.00       0.00       0.00       0.00       0.00       0.00       0.00       0.00
  chancecons       :       0.07       0.00       0.07       0.00       0.00       0.00       0.00       0.00       0.00       0.00
  integral         :       0.00       0.00       0.00       0.00       0.00       0.00       0.00       0.00       0.00       0.00
  varbound         :       0.55       0.00       0.05       0.50       0.00       0.00       0.00       0.01       0.00       0.00
  knapsack         :       0.62       0.00       0.58       0.04       0.00       0.00       0.00       0.00       0.00       0.00
  setppc           :       1.03       0.00       0.04       0.98       0.00       0.00       0.00       0.01       0.00       0.00
  linear           :       0.02       0.01       0.00       0.01       0.00       0.00       0.00       0.00       0.00       0.00
  logicor          :       0.00       0.00       0.00       0.00       0.00       0.00       0.00       0.00       0.00       0.00
  benders          :       0.00       0.00       0.00       0.00       0.00       0.00       0.00       0.00       0.00       0.00
  fixedvar         :       0.00       0.00       0.00       0.00       0.00       0.00       0.00       0.00       0.00       0.00
  countsols        :       0.00       0.00       0.00       0.00       0.00       0.00       0.00       0.00       0.00       0.00
  components       :       0.00       0.00       0.00       0.00       0.00       0.00       0.00       0.00       0.00       0.00
Propagators        : #Propagate   #ResProp    Cutoffs    DomReds
  dualfix          :         15          0          0         95
  genvbounds       :          0          0          0          0
  nlobbt           :          0          0          0          0
  obbt             :          0          0          0          0
  probing          :          0          0          0          0
  pseudoobj        :         86          0          0         12
  redcost          :         64          0          0        254
  rootredcost      :          0          0          0          0
  symmetry         :          0          0          0          0
  vbounds          :      24235          0          0          0
Propagator Timings :  TotalTime  SetupTime   Presolve  Propagate    ResProp    SB-Prop
  dualfix          :       0.00       0.00       0.00       0.00       0.00       0.00
  genvbounds       :       0.00       0.00       0.00       0.00       0.00       0.00
  nlobbt           :       0.00       0.00       0.00       0.00       0.00       0.00
  obbt             :       0.00       0.00       0.00       0.00       0.00       0.00
  probing          :       2.89       0.00       2.89       0.00       0.00       0.00
  pseudoobj        :       0.01       0.00       0.00       0.01       0.00       0.00
  redcost          :       0.01       0.00       0.00       0.01       0.00       0.00
  rootredcost      :       0.00       0.00       0.00       0.00       0.00       0.00
  symmetry         :       0.00       0.00       0.00       0.00       0.00       0.00
  vbounds          :       0.01       0.00       0.00       0.01       0.00       0.00
Symmetry           :
  orbitopal red.   :          0 reductions applied,          0 cutoffs
  orbital reduction:          0 reductions applied,          0 cutoffs
  lexicographic red:          0 reductions applied,          0 cutoffs
  shadow tree time :       0.00 s
Conflict Analysis  :       Time      Calls    Success    DomReds  Conflicts   Literals    Reconvs ReconvLits   Dualrays   Nonzeros   LP Iters   (pool size: [10000,10000])
  propagation      :       0.00         12         12          -         25       72.1          0        0.0          -          -          -
  infeasible LP    :       0.00          0          0          -          0        0.0          0        0.0          0        0.0          0
  bound exceed. LP :       0.05          6          2          -          0        0.0          0        0.0          2       52.0         60
  strong branching :       0.00          0          0          -          0        0.0          0        0.0          -          -          0
  pseudo solution  :       0.00          0          0          -          0        0.0          0        0.0          -          -          -
  applied globally :       0.00          -          -          0         12        4.2          -          -          2          -          -
  applied locally  :          -          -          -          0          0        0.0          -          -          0          -          -
Separators         :   ExecTime  SetupTime      Calls  RootCalls    Cutoffs    DomReds  FoundCuts ViaPoolAdd  DirectAdd    Applied ViaPoolApp  DirectApp      Conss
  cut pool         :       0.03          -         90         90          -          -      13540      22666          -          -          -          -          -    (maximal pool size:      13540)
  aggregation      :       2.30       0.00         44         44          0          0      12097      20388          0        730        730          0          0
  > cmir           :          -          -          -          -          -          -          -      20063          0        729        729          0          -
  > flowcover      :          -          -          -          -          -          -          -        325          0          1          1          0          -
  > knapsackcover  :          -          -          -          -          -          -          -          0          0          0          0          0          -
  cgmip            :       0.00       0.00          0          0          0          0          0          0          0          0          0          0          0
  clique           :       0.68       0.00         44         44          0          0          0          0          0          0          0          0          0
  closecuts        :       0.00       0.00          0          0          0          0          0          0          0          0          0          0          0
  convexproj       :       0.00       0.00          0          0          0          0          0          0          0          0          0          0          0
  disjunctive      :       0.00       0.00          0          0          0          0          0          0          0          0          0          0          0
  eccuts           :       0.00       0.00          0          0          0          0          0          0          0          0          0          0          0
  gauge            :       0.00       0.00          0          0          0          0          0          0          0          0          0          0          0
  gomory           :      10.02       0.00         10         10          0          0       1437       2273          0        255        255          0          0
  > gomorymi       :          -          -          -          -          -          -          -       2273          0        255        255          0          -
  > strongcg       :          -          -          -          -          -          -          -          0          0          0          0          0          -
  impliedbounds    :       0.08       0.00         44         44          0          0          6          5          0          5          5          0          0
  interminor       :       0.00       0.00          0          0          0          0          0          0          0          0          0          0          0
  intobj           :       0.00       0.00          0          0          0          0          0          0          0          0          0          0          0
  lagromory        :       0.00       0.00          0          0          0          0          0          0          0          0          0          0          0
  mcf              :       0.08       0.00          5          5          0          0          0          0          0          0          0          0          0
  minor            :       0.00       0.00         10         10          0          0          0          0          0          0          0          0          0
  mixing           :       0.00       0.00          0          0          0          0          0          0          0          0          0          0          0
  oddcycle         :       0.00       0.00          0          0          0          0          0          0          0          0          0          0          0
  rapidlearning    :       0.00       0.00          0          0          0          0          0          0          0          0          0          0          0
  rlt              :       0.00       0.00         10         10          0          0          0          0          0          0          0          0          0
  zerohalf         :       0.05       0.00         20         20          0          0          0          0          0          0          0          0          0
Cutselectors       :   ExecTime  SetupTime      Calls  RootCalls   Selected     Forced   Filtered  RootSelec   RootForc   RootFilt 
  hybrid           :       0.05       0.00         47         47       2294          0      22572       2294          0      22572
  ensemble         :       0.00       0.00          0          0          0          0          0          0          0          0
  dynamic          :       0.00       0.00          0          0          0          0          0          0          0          0
Pricers            :   ExecTime  SetupTime      Calls       Vars
  problem variables:       0.00          -          0          0
Branching Rules    :   ExecTime  SetupTime   BranchLP  BranchExt   BranchPS    Cutoffs    DomReds       Cuts      Conss   Children
  allfullstrong    :       0.00       0.00          0          0          0          0          0          0          0          0
  cloud            :       0.00       0.00          0          0          0          0          0          0          0          0
  distribution     :       0.00       0.00          0          0          0          0          0          0          0          0
  fullstrong       :       0.00       0.00          0          0          0          0          0          0          0          0
  gomory           :       0.00       0.00          0          0          0          0          0          0          0          0
  inference        :       0.00       0.00          0          0          0          0          0          0          0          0
  leastinf         :       0.00       0.00          0          0          0          0          0          0          0          0
  lookahead        :       0.00       0.00          0          0          0          0          0          0          0          0
  mostinf          :       0.00       0.00          0          0          0          0          0          0          0          0
  multaggr         :       0.00       0.00          0          0          0          0          0          0          0          0
  nodereopt        :       0.00       0.00          0          0          0          0          0          0          0          0
  pscost           :       0.00       0.00          0          0          0          0          0          0          0          0
  random           :       0.00       0.00          0          0          0          0          0          0          0          0
  relpscost        :       0.00       0.00          0          0          0          0          0          0          0          0
  vanillafullstrong:       0.00       0.00          0          0          0          0          0          0          0          0
Primal Heuristics  :   ExecTime  SetupTime      Calls      Found       Best
  LP solutions     :       0.00          -          -          1          1
  relax solutions  :       0.00          -          -          0          0
  pseudo solutions :       0.00          -          -          0          0
  strong branching :       0.00          -          -          0          0
  actconsdiving    :       0.00       0.00          0          0          0
  adaptivediving   :       0.00       0.00          0          0          0
  alns             :       0.14       0.00          1          1          1
  bound            :       0.00       0.00          0          0          0
  clique           :       0.13       0.00          1          1          1
  coefdiving       :       0.00       0.00          0          0          0
  completesol      :       0.00       0.00          0          0          0
  conflictdiving   :       6.89       0.00          1          0          0
  crossover        :       0.00       0.00          0          0          0
  dins             :       0.00       0.00          0          0          0
  distributiondivin:       0.00       0.00          0          0          0
  dps              :       0.00       0.00          0          0          0
  dualval          :       0.00       0.00          0          0          0
  farkasdiving     :       0.00       0.00          0          0          0
  feaspump         :       9.89       0.00          1          1          1
  fixandinfer      :       0.00       0.00          0          0          0
  fracdiving       :       0.00       0.00          0          0          0
  gins             :       0.00       0.00          0          0          0
  guideddiving     :       0.00       0.00          0          0          0
  indicator        :       0.00       0.00          0          0          0
  indicatordiving  :       0.00       0.00          0          0          0
  intdiving        :       0.00       0.00          0          0          0
  intshifting      :       0.46       0.00          1          1          1
  linesearchdiving :       0.00       0.00          0          0          0
  localbranching   :       0.00       0.00          0          0          0
  locks            :       0.03       0.00          1          1          1
  lpface           :       0.00       0.00          0          0          0
  mpec             :       0.00       0.00          0          0          0
  multistart       :       0.00       0.00          0          0          0
  mutation         :       0.00       0.00          0          0          0
  nlpdiving        :       0.00       0.00          0          0          0
  objpscostdiving  :       0.00       0.00          0          0          0
  octane           :       0.00       0.00          0          0          0
  ofins            :       0.00       0.00          0          0          0
  oneopt           :       0.01       0.00          3          0          0
  padm             :       0.00       0.00          0          0          0
  proximity        :       0.00       0.00          0          0          0
  pscostdiving     :       0.00       0.00          0          0          0
  randrounding     :       0.90       0.00         48          0          0
  rens             :       1.59       0.00          1          1          0
  reoptsols        :       0.00       0.00          0          0          0
  repair           :       0.00       0.00          0          0          0
  rins             :       0.00       0.00          0          0          0
  rootsoldiving    :       0.00       0.00          0          0          0
  rounding         :       0.07       0.00         48          0          0
  scheduler        :       0.00       0.00          0          0          0
  shiftandpropagate:       0.00       0.00          0          0          0
  shifting         :       0.73       0.00         48          2          1
  simplerounding   :       0.00       0.00          0          0          0
  subnlp           :       0.00       0.00          0          0          0
  trivial          :       0.00       0.00          2          0          0
  trivialnegation  :       0.00       0.00          0          0          0
  trustregion      :       0.00       0.00          0          0          0
  trysol           :       0.00       0.00          0          0          0
  twoopt           :       0.00       0.00          0          0          0
  undercover       :       0.00       0.00          0          0          0
  vbounds          :       0.10       0.00          1          0          0
  veclendiving     :       0.00       0.00          0          0          0
  zeroobj          :       0.00       0.00          0          0          0
  zirounding       :       0.00       0.00          1          0          0
  other solutions  :          -          -          -          0          -
LNS (Scheduler)    :      Calls  SetupTime  SolveTime SolveNodes       Sols       Best       Exp3    Exp3-IX  EpsGreedy        UCB TgtFixRate  Opt  Inf Node Stal  Sol  Usr Othr Actv
  rens             :          0       0.00       0.00          0          0          0    0.00000    0.12500   -1.00000    1.00000      0.900    0    0    0    0    0    0    0    1
  rins             :          0       0.00       0.00          0          0          0    0.00000    0.12500   -1.00000    1.00000      0.900    0    0    0    0    0    0    0    1
  mutation         :          0       0.00       0.00          0          0          0    0.00000    0.12500   -1.00000    1.00000      0.900    0    0    0    0    0    0    0    1
  localbranching   :          0       0.00       0.00          0          0          0    0.00000    0.12500   -1.00000    1.00000      0.900    0    0    0    0    0    0    0    1
  crossover        :          0       0.00       0.00          0          0          0    0.00000    0.12500   -1.00000    1.00000      0.900    0    0    0    0    0    0    0    1
  proximity        :          0       0.00       0.00          0          0          0    0.00000    0.12500   -1.00000    1.00000      0.900    0    0    0    0    0    0    0    1
  zeroobjective    :          0       0.00       0.00          0          0          0    0.00000    0.12500   -1.00000    1.00000      0.900    0    0    0    0    0    0    0    1
  dins             :          0       0.00       0.00          0          0          0    0.00000    0.12500   -1.00000    1.00000      0.900    0    0    0    0    0    0    0    1
  trustregion      :          0       0.00       0.00          0          0          0    0.00000    0.00000   -1.00000    1.00000      0.900    0    0    0    0    0    0    0    0
LP                 :       Time      Calls Iterations  Iter/call   Iter/sec  Time-0-It Calls-0-It    ItLimit
  primal LP        :       0.03          7          0       0.00       0.00       0.03          7
  dual LP          :      53.93         61      69260    1442.92    1284.36       0.05         13
  lex dual LP      :       0.00          0          0       0.00          -
  barrier LP       :       0.00          0          0       0.00          -       0.00          0
  resolve instable :       0.00          0          0       0.00          -
  diving/probing LP:      17.19         12      22964    1913.67    1336.18
  strong branching :       0.00          0          0       0.00          -          -          -          0
    (at root node) :          -          0          0       0.00          -
  conflict analysis:       0.05          6         60      10.00    1318.22
B&B Tree           :
  number of runs   :          1
  nodes            :          1 (0 internal, 1 leaves)
  feasible leaves  :          0
  infeas. leaves   :          0
  objective leaves :          0
  nodes (total)    :          1 (0 internal, 1 leaves)
  nodes left       :          0
  max depth        :          0
  max depth (total):          0
  backtracks       :          0 (0.0%)
  early backtracks :          0 (0.0%)
  nodes exc. ref.  :          0 (0.0%)
  delayed cutoffs  :          0
  repropagations   :          0 (0 domain reductions, 0 cutoffs)
  avg switch length:       2.00
  switching time   :       0.00
Root Node          :
  First LP value   : +3.23964218635132e+03
  First LP Iters   :       2470 (2896.54 Iter/sec)
  First LP Time    :       0.85
  Final Dual Bound : +3.40864286371280e+03
  Final Root Iters :      69260
  Root LP Estimate : +3.40864286371280e+03
Solution           :
  Solutions found  :          9 (7 improvements)
  First Solution   : +3.60987016050931e+03   (in run 1, after 1 nodes, 3.68 seconds, depth 27, found by <clique>)
  Gap First Sol.   :      25.34 %
  Gap Last Sol.    :       0.00 %
  Primal Bound     : +3.40864286371280e+03   (in run 1, after 1 nodes, 92.94 seconds, depth 0, found by <relaxation>)
  Dual Bound       : +3.40864286371280e+03
  Gap              :       0.00 %
Integrals          :      Total       Avg%
  primal-dual      :     658.65       7.09
  primal-ref       :          -          - (not evaluated)
  dual-ref         :          -          - (not evaluated)

 Branching Statistics...

 Total number of propagations -> 0

 Number of cutoffs of KnaCons -> 0

 Total number of variables fixed to 1 by the propagator -> 0

 Total number of variables fixed to 0 by the propagator -> 0

 Maximum number of rounds of the approximation algorithm -> 0

 Runtime of the exact algorithm -> 0.0000 s

 Total number of variables fixed to 1 in the exact algorithm -> 0

 Total number of variables fixed to 0 in the exact algorithm -> 0

 Number of cutoffs in the exact algorithm -> 0

 Number of cutoffs in the approximation algorithm -> 0

 PS:  
