***************************************
*         SCIP-based CCP Solver       *
*                                     *
*    Wei Lv and Wei-Kun Chen (2024)   *
***************************************
/beegfs/home/30150120/SCIP-CCP/build/ccp -f data/CCRPData/50-100-1000-2.ccrp -s settings/CCRPSetting/BASE+sDI15.set 
SCIP version 9.1.0 [precision: 8 byte] [memory: block] [mode: optimized] [LP solver: Soplex 7.1.0] [GitHash: 8cab0278ba]
Copyright (c) 2002-2024 Zuse Institute Berlin (ZIB)

External libraries: 
  Soplex 7.1.0         Linear Programming Solver developed at Zuse Institute Berlin (soplex.zib.de) [GitHash: 595bfac9]
  CppAD 20180000.0     Algorithmic Differentiation of C++ algorithms developed by B. Bell (github.com/coin-or/CppAD)
  ZLIB 1.2.7           General purpose compression library by J. Gailly and M. Adler (zlib.net)
  GMP 6.2.1            GNU Multiple Precision Arithmetic Library developed by T. Granlund (gmplib.org)
  AMPL/MP 690e9e7      AMPL .nl file reader library (github.com/ampl/mp)
  PaPILO 2.3.0         parallel presolve for integer and linear optimization (github.com/scipopt/papilo) (built with TBB) [GitHash: 4b8ce6ed]
  Nauty 2.8.8          Computing Graph Automorphism Groups by Brendan D. McKay (users.cecs.anu.edu.au/~bdm/nauty)
  sassy 1.1            Symmetry preprocessor by Markus Anders (github.com/markusa4/sassy)

reading user parameter file <settings/CCRPSetting/BASE+sDI15.set>

read problem <data/CCRPData/50-100-1000-2.ccrp>
============

File name: 	data/CCRPData/50-100-1000-2.ccrp
Problem name:	CCRPData/50-100-1000-2
NumResource: 	50
Dimension: 	100
NumScenario: 	1000
ConfidenceParameter: 	0.15
IsEqualProbability: 	1
BASE+DI: 	1
BASE+sDI: 	1
BASE+DB: 	0
BASE+DB+OPF: 	0
Dominance and Aggregation Statistics......
NumEdge:        188935
NumBiEdge: 	15576
NumDomIneqs: 	173359
DominanceRatio: 0.3471
NumAggScenario: 824 
BasicNumScenario: 823 
Dominance Inequalities Statistics......
NumBasicDomIneqs: 12112
NumNonReDomIneqs: 8063
Duration: 0.0700 s 

original problem has 5974 variables (824 bin, 0 int, 0 impl, 5150 cont) and 23215 constraints

solve problem
=============

presolving:
(round 1, fast)       2154 del vars, 6 del conss, 0 add conss, 100 chg bounds, 0 chg sides, 0 chg coeffs, 0 upgd conss, 0 impls, 8063 clqs
   (0.1s) running MILP presolver
   (0.2s) MILP presolver (3 rounds): 145 aggregations, 2742 fixings, 0 bound changes
(round 2, medium)     5041 del vars, 23214 del conss, 23063 add conss, 100 chg bounds, 0 chg sides, 0 chg coeffs, 0 upgd conss, 0 impls, 8063 clqs
(round 3, fast)       5041 del vars, 23214 del conss, 23063 add conss, 195 chg bounds, 0 chg sides, 0 chg coeffs, 0 upgd conss, 0 impls, 8063 clqs
(round 4, exhaustive) 5041 del vars, 23214 del conss, 23063 add conss, 195 chg bounds, 0 chg sides, 0 chg coeffs, 23058 upgd conss, 0 impls, 8063 clqs
   (1.4s) probing cycle finished: starting next cycle
   (1.5s) symmetry computation started: requiring (bin +, int +, cont +), (fixed: bin -, int -, cont -)
   Symmetry detection interrupted: constraints of type chancecons do not provide symmetry information.
   If symmetries shall be detected, implement the CONSGETPERMSYMGRAPH callback.
   (1.5s) could not compute symmetry
presolving (5 rounds: 5 fast, 3 medium, 2 exhaustive):
 5041 deleted vars, 23214 deleted constraints, 23063 added constraints, 195 tightened bounds, 0 added holes, 0 changed sides, 0 changed coefficients
 14994 implications, 12112 cliques
presolved problem has 933 variables (823 bin, 0 int, 0 impl, 110 cont) and 23064 constraints
      1 constraints of type <chancecons>
  14994 constraints of type <varbound>
      1 constraints of type <knapsack>
   8063 constraints of type <setppc>
      5 constraints of type <linear>
Presolving Time: 1.44

 time | node  | left  |LP iter|LP it/n|mem/heur|mdpt |vars |cons |rows |cuts |sepa|confs|strbr|  dualbound   | primalbound  |  gap   | compl. 
p 1.5s|     1 |     0 |     5 |     - |  clique|   0 | 933 |  23k|  23k|   0 |  0 |   0 |   0 | 5.446334e+03 | 6.890369e+03 |  26.51%| unknown
p 1.6s|     1 |     0 |    10 |     - |   locks|   0 | 933 |  23k|  23k|   0 |  0 |   0 |   0 | 5.446334e+03 | 6.746145e+03 |  23.87%| unknown
  2.0s|     1 |     0 |  2151 |     - |   128M |   0 | 933 |  23k|  23k|   0 |  0 |   9 |   0 | 6.335217e+03 | 6.746145e+03 |   6.49%| unknown
r 2.1s|     1 |     0 |  2151 |     - |shifting|   0 | 933 |  23k|  23k|   0 |  0 |   9 |   0 | 6.335217e+03 | 6.744705e+03 |   6.46%| unknown
  2.5s|     1 |     0 |  2836 |     - |   132M |   0 | 933 |  23k|  23k|  56 |  1 |   9 |   0 | 6.437965e+03 | 6.744705e+03 |   4.76%| unknown
  2.9s|     1 |     0 |  3438 |     - |   135M |   0 | 933 |  23k|  23k| 124 |  2 |   9 |   0 | 6.502020e+03 | 6.744705e+03 |   3.73%| unknown
  3.3s|     1 |     0 |  4132 |     - |   139M |   0 | 933 |  23k|  23k| 188 |  3 |   9 |   0 | 6.539876e+03 | 6.744705e+03 |   3.13%| unknown
  4.0s|     1 |     0 |  4803 |     - |   144M |   0 | 933 |  23k|  23k| 258 |  4 |   9 |   0 | 6.570690e+03 | 6.744705e+03 |   2.65%| unknown
  4.9s|     1 |     0 |  5486 |     - |   150M |   0 | 933 |  23k|  23k| 340 |  5 |   9 |   0 | 6.588103e+03 | 6.744705e+03 |   2.38%| unknown
  5.8s|     1 |     0 |  6074 |     - |   158M |   0 | 933 |  23k|  23k| 411 |  6 |   9 |   0 | 6.598491e+03 | 6.744705e+03 |   2.22%| unknown
  6.9s|     1 |     0 |  6711 |     - |   171M |   0 | 933 |  23k|  23k| 475 |  7 |   9 |   0 | 6.605092e+03 | 6.744705e+03 |   2.11%| unknown
  8.1s|     1 |     0 |  7522 |     - |   186M |   0 | 933 |  23k|  23k| 536 |  8 |   9 |   0 | 6.611083e+03 | 6.744705e+03 |   2.02%| unknown
  9.5s|     1 |     0 |  8391 |     - |   201M |   0 | 933 |  23k|  23k| 607 |  9 |   9 |   0 | 6.615144e+03 | 6.744705e+03 |   1.96%| unknown
 10.9s|     1 |     0 |  9147 |     - |   216M |   0 | 933 |  23k|  23k| 674 | 10 |   9 |   0 | 6.618110e+03 | 6.744705e+03 |   1.91%| unknown
 11.5s|     1 |     0 | 10207 |     - |   219M |   0 | 933 |  23k|  23k| 752 | 11 |   9 |   0 | 6.622437e+03 | 6.744705e+03 |   1.85%| unknown
 time | node  | left  |LP iter|LP it/n|mem/heur|mdpt |vars |cons |rows |cuts |sepa|confs|strbr|  dualbound   | primalbound  |  gap   | compl. 
 12.0s|     1 |     0 | 11121 |     - |   222M |   0 | 933 |  23k|  23k| 833 | 12 |   9 |   0 | 6.624911e+03 | 6.744705e+03 |   1.81%| unknown
 12.5s|     1 |     0 | 12098 |     - |   224M |   0 | 933 |  23k|  23k| 909 | 13 |   9 |   0 | 6.626754e+03 | 6.744705e+03 |   1.78%| unknown
 13.0s|     1 |     0 | 13013 |     - |   228M |   0 | 933 |  23k|  23k| 965 | 14 |   9 |   0 | 6.628383e+03 | 6.744705e+03 |   1.75%| unknown
 13.8s|     1 |     0 | 14269 |     - |   231M |   0 | 933 |  23k|  24k|1047 | 15 |   9 |   0 | 6.629591e+03 | 6.744705e+03 |   1.74%| unknown
 14.4s|     1 |     0 | 15574 |     - |   234M |   0 | 933 |  23k|  24k|1116 | 16 |   9 |   0 | 6.630434e+03 | 6.744705e+03 |   1.72%| unknown
 15.1s|     1 |     0 | 16652 |     - |   238M |   0 | 933 |  23k|  24k|1193 | 17 |   9 |   0 | 6.630881e+03 | 6.744705e+03 |   1.72%| unknown
 16.1s|     1 |     0 | 18344 |     - |   242M |   0 | 933 |  23k|  24k|1271 | 18 |   9 |   0 | 6.631090e+03 | 6.744705e+03 |   1.71%| unknown
 16.9s|     1 |     0 | 20284 |     - |   244M |   0 | 933 |  23k|  24k|1324 | 19 |   9 |   0 | 6.631208e+03 | 6.744705e+03 |   1.71%| unknown
 17.1s|     1 |     0 | 20499 |     - |   247M |   0 | 933 |  23k|  24k|1364 | 20 |   9 |   0 | 6.631241e+03 | 6.744705e+03 |   1.71%| unknown
r17.1s|     1 |     0 | 20499 |     - |shifting|   0 | 933 |  23k|  24k|1364 | 20 |   9 |   0 | 6.631241e+03 | 6.648983e+03 |   0.27%| unknown
 17.1s|     1 |     0 | 20499 |     - |   247M |   0 | 933 |  20k|  24k|1364 | 21 |   9 |   0 | 6.631241e+03 | 6.648983e+03 |   0.27%| unknown
r17.2s|     1 |     0 | 20555 |     - |intshift|   0 | 933 |  20k|  24k|1364 | 22 |   9 |   0 | 6.631241e+03 | 6.633607e+03 |   0.04%| unknown
d17.6s|     1 |     0 | 21639 |     - |conflict|   0 | 933 |  20k|  24k|   0 | 22 |   9 |   0 | 6.631241e+03 | 6.631279e+03 |   0.00%| unknown
 17.7s|     1 |     0 | 21639 |     - |   248M |   0 | 933 |  20k|  24k|1364 | 22 |   9 |   0 | 6.631241e+03 | 6.631279e+03 |   0.00%| unknown
 17.8s|     1 |     0 | 21639 |     - |   248M |   0 | 933 |  20k|  10k|1364 | 22 |   9 |   0 | 6.631241e+03 | 6.631279e+03 |   0.00%| unknown
 time | node  | left  |LP iter|LP it/n|mem/heur|mdpt |vars |cons |rows |cuts |sepa|confs|strbr|  dualbound   | primalbound  |  gap   | compl. 
 17.8s|     1 |     0 | 21639 |     - |   248M |   0 | 933 |  14k|2059 |1364 | 23 |   9 |   0 | 6.631241e+03 | 6.631279e+03 |   0.00%| unknown
 17.8s|     1 |     0 | 21639 |     - |   248M |   0 | 933 |  14k|2059 |1364 | 23 |   9 |   0 | 6.631241e+03 | 6.631279e+03 |   0.00%| unknown
 17.8s|     1 |     0 | 21639 |     - |   248M |   0 | 933 | 928 |2059 |1364 | 23 |   9 |   0 | 6.631241e+03 | 6.631279e+03 |   0.00%| unknown
(run 1, node 1) restarting after 559 global fixings of integer variables

(restart) converted 519 cuts from the global cut pool into linear constraints

presolving:
(round 1, fast)       567 del vars, 6 del conss, 0 add conss, 5 chg bounds, 0 chg sides, 1240 chg coeffs, 0 upgd conss, 14994 impls, 11 clqs
(round 2, fast)       567 del vars, 6 del conss, 0 add conss, 15 chg bounds, 5 chg sides, 1240 chg coeffs, 0 upgd conss, 14994 impls, 11 clqs
(round 3, fast)       572 del vars, 11 del conss, 0 add conss, 15 chg bounds, 5 chg sides, 1240 chg coeffs, 0 upgd conss, 14994 impls, 11 clqs
   (17.9s) running MILP presolver
   (17.9s) MILP presolver (3 rounds): 2 aggregations, 0 fixings, 95 bound changes
(round 4, medium)     574 del vars, 13 del conss, 0 add conss, 110 chg bounds, 5 chg sides, 1240 chg coeffs, 0 upgd conss, 14994 impls, 11 clqs
(round 5, fast)       574 del vars, 19 del conss, 0 add conss, 110 chg bounds, 5 chg sides, 1240 chg coeffs, 0 upgd conss, 14994 impls, 11 clqs
(round 6, exhaustive) 574 del vars, 64 del conss, 0 add conss, 110 chg bounds, 7 chg sides, 1240 chg coeffs, 0 upgd conss, 14994 impls, 11 clqs
(round 7, exhaustive) 574 del vars, 64 del conss, 0 add conss, 110 chg bounds, 7 chg sides, 1240 chg coeffs, 75 upgd conss, 14994 impls, 11 clqs
(round 8, medium)     574 del vars, 139 del conss, 0 add conss, 110 chg bounds, 7 chg sides, 1240 chg coeffs, 75 upgd conss, 14994 impls, 11 clqs
presolving (9 rounds: 9 fast, 5 medium, 3 exhaustive):
 574 deleted vars, 139 deleted constraints, 0 added constraints, 110 tightened bounds, 0 added holes, 7 changed sides, 1240 changed coefficients
 14994 implications, 11 cliques
presolved problem has 359 variables (264 bin, 0 int, 0 impl, 95 cont) and 1308 constraints
      1 constraints of type <chancecons>
    907 constraints of type <varbound>
      1 constraints of type <knapsack>
     11 constraints of type <setppc>
    388 constraints of type <linear>
Presolving Time: 1.46
transformed 5/11 original solutions to the transformed problem space

 time | node  | left  |LP iter|LP it/n|mem/heur|mdpt |vars |cons |rows |cuts |sepa|confs|strbr|  dualbound   | primalbound  |  gap   | compl. 
 17.9s|     1 |     0 | 22388 |     - |   244M |   0 | 359 |1308 |1306 |   0 |  0 |   9 |   0 | 6.631241e+03 | 6.631279e+03 |   0.00%| unknown
 18.0s|     1 |     0 | 22616 |     - |   244M |   0 | 359 |1308 |1358 |  52 |  1 |   9 |   0 | 6.631241e+03 | 6.631279e+03 |   0.00%| unknown
 18.0s|     1 |     0 | 22821 |     - |   244M |   0 | 359 |1308 |1407 | 101 |  2 |   9 |   0 | 6.631241e+03 | 6.631279e+03 |   0.00%| unknown
 18.0s|     1 |     0 | 22821 |     - |   244M |   0 | 359 |1308 |1378 | 101 |  2 |   9 |   0 | 6.631241e+03 | 6.631279e+03 |   0.00%| unknown
 18.0s|     1 |     0 | 22880 |     - |   244M |   0 | 359 |1300 | 975 | 143 |  3 |   9 |   0 | 6.631241e+03 | 6.631279e+03 |   0.00%| unknown
 18.0s|     1 |     0 | 22880 |     - |   244M |   0 | 359 |1300 | 961 | 143 |  3 |   9 |   0 | 6.631241e+03 | 6.631279e+03 |   0.00%| unknown
 18.0s|     1 |     0 | 22902 |     - |   244M |   0 | 359 |1298 | 934 | 158 |  4 |   9 |   0 | 6.631241e+03 | 6.631279e+03 |   0.00%| unknown
 18.0s|     1 |     0 | 22902 |     - |   244M |   0 | 359 |1298 | 888 | 158 |  4 |   9 |   0 | 6.631241e+03 | 6.631279e+03 |   0.00%| unknown
 18.1s|     1 |     0 | 22907 |     - |   245M |   0 | 359 |1297 | 874 | 159 |  5 |   9 |   0 | 6.631241e+03 | 6.631279e+03 |   0.00%| unknown
 18.1s|     1 |     0 | 22907 |     - |   245M |   0 | 359 |1297 | 867 | 159 |  5 |   9 |   0 | 6.631241e+03 | 6.631279e+03 |   0.00%| unknown
 18.1s|     1 |     0 | 22922 |     - |   245M |   0 | 359 |1297 | 860 | 161 |  6 |   9 |   0 | 6.631279e+03 | 6.631279e+03 |   0.00%| unknown
 18.1s|     1 |     0 | 22922 |     - |   245M |   0 | 359 |1297 | 860 | 161 |  6 |   9 |   0 | 6.631279e+03 | 6.631279e+03 |   0.00%| unknown

SCIP Status        : problem is solved [optimal solution found]
Solving Time (sec) : 18.06
Solving Nodes      : 1 (total of 2 nodes in 2 runs)
Primal Bound       : +6.63127900547915e+03 (17 solutions)
Dual Bound         : +6.63127900547915e+03
Gap                : 0.00 %

primal solution (original space):
=================================

objective value:                     6631.27900547915
z#12                                                1 	(obj:0)
z#17                                                1 	(obj:0)
z#29                                                1 	(obj:0)
z#31                                0.999999999999992 	(obj:0)
z#35                                                1 	(obj:0)
z#37                                                1 	(obj:0)
z#41                                                1 	(obj:0)
z#42                                                1 	(obj:0)
z#49                                                1 	(obj:0)
z#51                                                1 	(obj:0)
z#53                                                1 	(obj:0)
z#65                                                1 	(obj:0)
z#66                                0.999999999999998 	(obj:0)
z#68                                                1 	(obj:0)
z#79                                                1 	(obj:0)
z#80                                                1 	(obj:0)
z#81                                                1 	(obj:0)
z#85                                                1 	(obj:0)
z#88                                                1 	(obj:0)
z#96                                                1 	(obj:0)
z#107                                               1 	(obj:0)
z#116                                               1 	(obj:0)
z#117                                               1 	(obj:0)
z#121                                1.00000000000003 	(obj:0)
z#129                                               1 	(obj:0)
z#133                                               1 	(obj:0)
z#135                                               1 	(obj:0)
z#136                                               1 	(obj:0)
z#145                                               1 	(obj:0)
z#146                                               1 	(obj:0)
z#159                                1.00000000000005 	(obj:0)
z#162                                               1 	(obj:0)
z#165                                               1 	(obj:0)
z#168                                               1 	(obj:0)
z#169                                               1 	(obj:0)
z#171                                               1 	(obj:0)
z#174                                               1 	(obj:0)
z#176                                               1 	(obj:0)
z#192                               0.999999999999959 	(obj:0)
z#209                                               1 	(obj:0)
z#214                                               1 	(obj:0)
z#217                                               1 	(obj:0)
z#228                                               1 	(obj:0)
z#242                                               1 	(obj:0)
z#243                                1.00000000000008 	(obj:0)
z#248                                               1 	(obj:0)
z#270                                               1 	(obj:0)
z#271                                1.00000000000001 	(obj:0)
z#273                                               1 	(obj:0)
z#280                                1.00000000000005 	(obj:0)
z#285                                               1 	(obj:0)
z#289                                               1 	(obj:0)
z#294                                               1 	(obj:0)
z#295                                               1 	(obj:0)
z#302                                               1 	(obj:0)
z#303                                               1 	(obj:0)
z#304                                               1 	(obj:0)
z#307                                               1 	(obj:0)
z#311                                               1 	(obj:0)
z#313                                               1 	(obj:0)
z#329                                1.00000000000001 	(obj:0)
z#345                                               1 	(obj:0)
z#349                                               1 	(obj:0)
z#352                                               1 	(obj:0)
z#355                                               1 	(obj:0)
z#373                               0.999999999999996 	(obj:0)
z#382                                               1 	(obj:0)
z#384                                               1 	(obj:0)
z#386                                               1 	(obj:0)
z#399                                               1 	(obj:0)
z#405                                               1 	(obj:0)
z#411                                               1 	(obj:0)
z#414                                               1 	(obj:0)
z#432                                               1 	(obj:0)
z#433                                               1 	(obj:0)
z#453                                               1 	(obj:0)
z#456                                               1 	(obj:0)
z#461                                1.00000000000001 	(obj:0)
z#466                                               1 	(obj:0)
z#471                               0.999999999998682 	(obj:0)
z#472                                               1 	(obj:0)
z#487                                               1 	(obj:0)
z#497                                               1 	(obj:0)
z#502                                               1 	(obj:0)
z#514                                               1 	(obj:0)
z#515                                               1 	(obj:0)
z#519                                               1 	(obj:0)
z#522                                               1 	(obj:0)
z#524                                1.00000000000003 	(obj:0)
z#525                                               1 	(obj:0)
z#535                                               1 	(obj:0)
z#538                                               1 	(obj:0)
z#548                                               1 	(obj:0)
z#549                               0.999999999999997 	(obj:0)
z#559                                               1 	(obj:0)
z#560                                               1 	(obj:0)
z#567                                               1 	(obj:0)
z#571                                               1 	(obj:0)
z#572                                1.00000000000001 	(obj:0)
z#576                                1.00000000000004 	(obj:0)
z#579                                               1 	(obj:0)
z#582                                               1 	(obj:0)
z#588                                               1 	(obj:0)
z#590                               0.999999999999992 	(obj:0)
z#593                                               1 	(obj:0)
z#600                                               1 	(obj:0)
z#603                                               1 	(obj:0)
z#608                                               1 	(obj:0)
z#616                                               1 	(obj:0)
z#617                                               1 	(obj:0)
z#619                                               1 	(obj:0)
z#626                               0.999999999999951 	(obj:0)
z#635                                               1 	(obj:0)
z#638                                               1 	(obj:0)
z#650                                               1 	(obj:0)
z#651                                               1 	(obj:0)
z#656                                               1 	(obj:0)
z#658                               0.999999999999997 	(obj:0)
z#662                                1.00000000000001 	(obj:0)
z#664                                               1 	(obj:0)
z#666                                               1 	(obj:0)
z#668                                               1 	(obj:0)
z#671                                               1 	(obj:0)
z#711                                               1 	(obj:0)
z#712                                               1 	(obj:0)
z#716                                               1 	(obj:0)
z#718                                               1 	(obj:0)
z#721                                1.00000000000003 	(obj:0)
z#737                                               1 	(obj:0)
z#738                                               1 	(obj:0)
z#747                                               1 	(obj:0)
z#755                                               1 	(obj:0)
z#757                                               1 	(obj:0)
z#759                                               1 	(obj:0)
z#760                                               1 	(obj:0)
z#761                                               1 	(obj:0)
z#766                                               1 	(obj:0)
z#767                                               1 	(obj:0)
z#771                                               1 	(obj:0)
z#773                                               1 	(obj:0)
z#781                                               1 	(obj:0)
z#785                                               1 	(obj:0)
z#788                                               1 	(obj:0)
z#792                                               1 	(obj:0)
z#797                               0.999999999999993 	(obj:0)
z#805                                               1 	(obj:0)
z#806                                               1 	(obj:0)
z#808                                               1 	(obj:0)
z#816                                               1 	(obj:0)
z#821                                               1 	(obj:0)
y#9#88                               96.0010454783063 	(obj:0)
y#11#38                              83.3698964046311 	(obj:0)
y#13#1                               79.1134989926125 	(obj:0)
y#13#3                               64.4327485380117 	(obj:0)
y#13#5                               82.4452554744524 	(obj:0)
y#13#9                               96.1401425178148 	(obj:0)
y#13#14                              76.3305785123967 	(obj:0)
y#13#22                              65.6562994201372 	(obj:0)
y#13#25                              61.0794896957799 	(obj:0)
y#13#26                              85.7911561001598 	(obj:0)
y#13#33                              60.8728943338438 	(obj:0)
y#13#34                              70.2367472979927 	(obj:0)
y#13#35                              88.3384887317721 	(obj:0)
y#13#39                              55.9211986681465 	(obj:0)
y#13#40                              63.6299292214358 	(obj:0)
y#13#60                              64.7694457382394 	(obj:0)
y#13#62                              77.2430152872959 	(obj:0)
y#13#63                               53.950177935943 	(obj:0)
y#13#65                              79.1596638655463 	(obj:0)
y#13#66                              96.0079443892746 	(obj:0)
y#13#71                              86.4335290977042 	(obj:0)
y#13#73                              63.5398706896552 	(obj:0)
y#13#75                              74.4800827728919 	(obj:0)
y#13#76                              52.9537767756483 	(obj:0)
y#13#79                              69.5846059865608 	(obj:0)
y#13#83                              89.1298943443132 	(obj:0)
y#13#84                              70.6157517899761 	(obj:0)
y#13#85                              82.6203208556147 	(obj:0)
y#13#92                              111.869318181818 	(obj:0)
y#13#93                              73.1461864406779 	(obj:0)
y#13#95                              57.6123234916561 	(obj:0)
y#13#96                              79.8342541436464 	(obj:0)
y#13#97                              72.3394225103123 	(obj:0)
y#17#74                              102.547945205479 	(obj:0)
y#18#58                              97.6740587931924 	(obj:0)
y#25#51                              65.9356592659719 	(obj:0)
y#30#17                              87.5349357182784 	(obj:0)
y#30#21                              102.233796296296 	(obj:0)
y#31#20                               79.458631256384 	(obj:0)
y#31#81                              98.3066067992307 	(obj:0)
y#32#42                              65.6875543951261 	(obj:0)
y#36#11                              63.9768115942028 	(obj:0)
y#36#13                               68.327904451683 	(obj:0)
y#36#24                               87.301845819761 	(obj:0)
y#36#27                              86.7422245651027 	(obj:0)
y#36#28                              45.5947341249355 	(obj:0)
y#36#41                              76.6797449730255 	(obj:0)
y#36#50                              89.0398126463704 	(obj:0)
y#37#2                               85.7591036414566 	(obj:0)
y#37#10                              79.2772667542708 	(obj:0)
y#37#16                               94.689024390244 	(obj:0)
y#37#31                               61.328244274809 	(obj:0)
y#37#44                                    95.6640625 	(obj:0)
y#37#52                               71.811982464686 	(obj:0)
y#37#53                              57.8226652675761 	(obj:0)
y#37#67                              83.1813063063061 	(obj:0)
y#37#78                               66.538882803943 	(obj:0)
y#37#80                              59.8646616541354 	(obj:0)
y#37#89                              84.3503118503118 	(obj:0)
y#38#29                              69.8484848484846 	(obj:0)
y#38#49                              70.1413427561835 	(obj:0)
y#38#68                              71.9011764705882 	(obj:0)
y#41#12                              75.6498388829216 	(obj:0)
y#41#36                              63.3788878416588 	(obj:0)
y#41#86                              87.2660311958406 	(obj:0)
y#41#91                              32.4638255698712 	(obj:0)
y#42#61                               109.85257985258 	(obj:0)
y#47#77                              68.3022774327121 	(obj:0)
x#0                                  620.618594770246 	(obj:0.95)
x#1                                  82.6037735849053 	(obj:1.01)
x#2                                  1469.24719860806 	(obj:0.86)
x#5                                    45.93808630394 	(obj:1.01)
x#9                                  96.0010454783063 	(obj:1)
x#11                                 83.3698964046311 	(obj:1)
x#13                                 2305.27801180133 	(obj:0.84)
x#17                                 102.547945205479 	(obj:0.97)
x#18                                 97.6740587931924 	(obj:0.99)
x#25                                 65.9356592659719 	(obj:0.97)
x#30                                 189.768732014575 	(obj:0.97)
x#31                                 177.765238055615 	(obj:0.97)
x#32                                 65.6875543951261 	(obj:0.96)
x#36                                 517.663078175081 	(obj:0.9)
x#37                                 840.287511907739 	(obj:0.92)
x#38                                 211.891004075256 	(obj:0.94)
x#41                                 258.758583490292 	(obj:0.93)
x#42                                  109.85257985258 	(obj:0.95)
x#47                                 68.3022774327121 	(obj:1.02)
y#0#6                                56.8935587026039 	(obj:0)
y#0#8                                78.2010582010609 	(obj:0)
y#0#18                               58.4583525080532 	(obj:0)
y#0#19                               83.0893536121672 	(obj:0)
y#0#43                               70.3043718871052 	(obj:0)
y#0#56                               54.6365149833517 	(obj:0)
y#0#70                                90.983263598326 	(obj:0)
y#0#82                               55.4263959390864 	(obj:0)
y#0#90                               72.6257253384914 	(obj:0)
y#1#99                               82.6037735849053 	(obj:0)
y#2#0                                 49.766419189035 	(obj:0)
y#2#4                                88.4736582964057 	(obj:0)
y#2#7                                  27.14833906071 	(obj:0)
y#2#15                               64.7765363128491 	(obj:0)
y#2#23                               58.7591240875912 	(obj:0)
y#2#30                               66.8662587412587 	(obj:0)
y#2#32                               85.7694491766042 	(obj:0)
y#2#37                               81.5526315789471 	(obj:0)
y#2#45                               72.4132947976878 	(obj:0)
y#2#46                                76.415598290599 	(obj:0)
y#2#47                               79.4553706505295 	(obj:0)
y#2#48                               85.2966926070039 	(obj:0)
y#2#54                               65.9516765285996 	(obj:0)
y#2#55                               74.1239892183288 	(obj:0)
y#2#57                               65.8269230769231 	(obj:0)
y#2#59                               73.6097067745197 	(obj:0)
y#2#64                               68.2281952825013 	(obj:0)
y#2#69                               79.9595755432035 	(obj:0)
y#2#87                               76.5903555772041 	(obj:0)
y#2#94                               61.2654958677686 	(obj:0)
y#2#98                               66.9979079497908 	(obj:0)
y#5#72                                 45.93808630394 	(obj:0)
v#0                                  87.1410000000002 	(obj:0)
v#1                                             117.8 	(obj:0)
v#2                                            153.08 	(obj:0)
v#3                                            110.18 	(obj:0)
v#4                                            179.69 	(obj:0)
v#5                                            135.54 	(obj:0)
v#6                                            124.54 	(obj:0)
v#7                                  47.4009999999997 	(obj:0)
v#8                                  162.580000000006 	(obj:0)
v#9                                             161.9 	(obj:0)
v#10                                           120.66 	(obj:0)
v#11                                           110.36 	(obj:0)
v#12                                           140.86 	(obj:0)
v#13                                           125.86 	(obj:0)
v#14                                           138.54 	(obj:0)
v#15                                           115.95 	(obj:0)
v#16                                           155.29 	(obj:0)
v#17                                            156.6 	(obj:0)
v#18                                           127.03 	(obj:0)
v#19                                           174.82 	(obj:0)
v#20                                           155.58 	(obj:0)
v#21                                           176.66 	(obj:0)
v#22                                           124.55 	(obj:0)
v#23                                            128.8 	(obj:0)
v#24                                           160.81 	(obj:0)
v#25                                 124.479999999999 	(obj:0)
v#26                                           161.03 	(obj:0)
v#27                                           164.55 	(obj:0)
v#28                                 88.3170000000001 	(obj:0)
v#29                                           119.86 	(obj:0)
v#30                                           152.99 	(obj:0)
v#31                                           120.51 	(obj:0)
v#32                                           151.04 	(obj:0)
v#33                                           119.25 	(obj:0)
v#34                                           136.47 	(obj:0)
v#35                                           199.91 	(obj:0)
v#36                                           134.49 	(obj:0)
v#37                                 154.949999999999 	(obj:0)
v#38                                           136.81 	(obj:0)
v#39                                           100.77 	(obj:0)
v#40                                           125.86 	(obj:0)
v#41                                 156.349999999999 	(obj:0)
v#42                                           150.95 	(obj:0)
v#43                                 127.039999999999 	(obj:0)
v#44                                           146.94 	(obj:0)
v#45                                           150.33 	(obj:0)
v#46                                 143.050000000001 	(obj:0)
v#47                                           157.56 	(obj:0)
v#48                                           175.37 	(obj:0)
v#49                                           138.95 	(obj:0)
v#50                                 152.080000000001 	(obj:0)
v#51                                           145.52 	(obj:0)
v#52                                           147.43 	(obj:0)
v#53                                           110.21 	(obj:0)
v#54                                           133.75 	(obj:0)
v#55                                            137.5 	(obj:0)
v#56                                 98.4549999999997 	(obj:0)
v#57                                           136.92 	(obj:0)
v#58                                           189.39 	(obj:0)
v#59                                            145.6 	(obj:0)
v#60                                           139.06 	(obj:0)
v#61                                           178.84 	(obj:0)
v#62                                           146.53 	(obj:0)
v#63                                           121.28 	(obj:0)
v#64                                           124.38 	(obj:0)
v#65                                           131.88 	(obj:0)
v#66                                 193.359999999999 	(obj:0)
v#67                                           147.73 	(obj:0)
v#68                                           152.79 	(obj:0)
v#69                                           158.24 	(obj:0)
v#70                                 173.959999999999 	(obj:0)
v#71                                           161.89 	(obj:0)
v#72                                 97.9400000000001 	(obj:0)
v#73                                           117.93 	(obj:0)
v#74                                           149.72 	(obj:0)
v#75                                           143.97 	(obj:0)
v#76                                            93.94 	(obj:0)
v#77                                           164.95 	(obj:0)
v#78                                            121.5 	(obj:0)
v#79                                           113.91 	(obj:0)
v#80                                           119.43 	(obj:0)
v#81                                 153.260000000001 	(obj:0)
v#82                                           109.19 	(obj:0)
v#83                                           143.41 	(obj:0)
v#84                                           147.94 	(obj:0)
v#85                                 169.949999999999 	(obj:0)
v#86                                           201.41 	(obj:0)
v#87                                           157.24 	(obj:0)
v#88                                           183.65 	(obj:0)
v#89                                           162.29 	(obj:0)
v#90                                           150.19 	(obj:0)
v#91                                           65.512 	(obj:0)
v#92                                           196.89 	(obj:0)
v#93                                            138.1 	(obj:0)
v#94                                           118.61 	(obj:0)
v#95                                           134.64 	(obj:0)
v#96                                           158.95 	(obj:0)
v#97                                           122.76 	(obj:0)
v#98                                            128.1 	(obj:0)
v#99                                 175.119999999999 	(obj:0)

Statistics
==========

SCIP Status        : problem is solved [optimal solution found]
Total Time         :      18.35
  solving          :      18.06
  presolving       :       1.46 (included in solving)
  reading          :       0.29
  copying          :       0.05 (2 #copies) (minimal 0.03, maximal 0.03, average 0.03)
Original Problem   :
  Problem name     : CCRPData/50-100-1000-2
  Variables        : 5974 (824 binary, 0 integer, 0 implicit integer, 5150 continuous)
  Constraints      : 23215 initial, 23215 maximal
  Objective        : minimize, 50 non-zeros (abs.min = 0.84, abs.max = 1.32)
Presolved Problem  :
  Problem name     : t_CCRPData/50-100-1000-2
  Variables        : 359 (264 binary, 0 integer, 0 implicit integer, 95 continuous)
  Constraints      : 1308 initial, 1308 maximal
  Objective        : minimize, 97 non-zeros (abs.min = 0.00513134, abs.max = 1.01)
  Nonzeros         : 4181 constraint, 0 clique table
Presolvers         :   ExecTime  SetupTime  Calls  FixedVars   AggrVars   ChgTypes  ChgBounds   AddHoles    DelCons    AddCons   ChgSides   ChgCoefs
  boundshift       :       0.00       0.00      0          0          0          0          0          0          0          0          0          0
  convertinttobin  :       0.00       0.00      0          0          0          0          0          0          0          0          0          0
  domcol           :       0.01       0.00      2          0          0          0          0          0          0          0          0          0
  dualagg          :       0.00       0.00      0          0          0          0          0          0          0          0          0          0
  dualcomp         :       0.01       0.00      2          0          0          0          0          0          0          0          0          0
  dualinfer        :       0.00       0.00      0          0          0          0          0          0          0          0          0          0
  dualsparsify     :       0.08       0.00      1          0          0          0          0          0          0          0          0          0
  gateextraction   :       0.00       0.00      0          0          0          0          0          0          0          0          0          0
  implics          :       0.00       0.00      8          0          0          0          0          0          0          0          0          0
  inttobinary      :       0.00       0.00      0          0          0          0          0          0          0          0          0          0
  milp             :       0.10       0.00      2       2742        147          0         95          0      23208      23063          0          0
  qpkktref         :       0.00       0.00      0          0          0          0          0          0          0          0          0          0
  redvub           :       0.00       0.00      0          0          0          0          0          0          0          0          0          0
  sparsify         :       0.01       0.00      1          0          0          0          0          0          0          0          0          0
  stuffing         :       0.00       0.00      0          0          0          0          0          0          0          0          0          0
  trivial          :       0.00       0.00     14        562          0          0          0          0          0          0          0          0
  tworowbnd        :       0.00       0.00      0          0          0          0          0          0          0          0          0          0
  dualfix          :       0.00       0.00     14       2159          0          0          0          0          0          0          0          0
  genvbounds       :       0.00       0.00      0          0          0          0          0          0          0          0          0          0
  probing          :       1.09       0.00      1          0          0          0          0          0          0          0          0          0
  pseudoobj        :       0.00       0.00      3          0          0          0          5          0          0          0          0          0
  symmetry         :       0.00       0.00      1          0          0          0          0          0          0          0          0          0
  vbounds          :       0.00       0.00      2          0          0          0          0          0          0          0          0          0
  chancecons       :       0.00       0.00      0          0          0          0          0          0          0          0          0          0
  varbound         :       0.01       0.01     16          0          0          0          0          0         77          0          0        909
  knapsack         :       0.02       0.00     20          0          0          0          0          0          0          0          0          0
  setppc           :       0.01       0.01     20          0          0          0          0          0          0          0          0          0
  linear           :       0.09       0.01     19          0          5          0        205          0         68          0          7        331
  benders          :       0.00       0.00      0          0          0          0          0          0          0          0          0          0
  components       :       0.00       0.00      2          0          0          0          0          0          0          0          0          0
  root node        :          -          -      -        682          -          -       1233          -          -          -          -          -
Constraints        :     Number  MaxNumber  #Separate #Propagate    #EnfoLP    #EnfoRelax  #EnfoPS    #Check   #ResProp    Cutoffs    DomReds       Cuts    Applied      Conss   Children
  benderslp        :          0          0          0          0          0          0          0         64          0          0          0          0          0          0          0
  chancecons       :          1          1         30          0          0          0          0          0          0          0          0       2217        714          0          0
  integral         :          0          0          0          0          0          0          0         64          0          0          0          0          0          0          0
  varbound         :        907        907         30       9966          0          0          0         57          0          0        502          0          0          0          0
  knapsack         :          1          1         30       9963          0          0          0         28          0          8          0          0          0          0          0
  setppc           :         11         11         29       9910          0          0          0         21       1201          0          0          0          0          0          0
  linear           :        388        388         30       9958          0          0          0         14          0         13         26          0          0          0          0
  benders          :          0          0          0          0          0          0          0         23          0          0          0          0          0          0          0
  fixedvar         :          0          0          0          0          0          0          0         23          0          0          0          0          0          0          0
  countsols        :          0          0          0          0          0          0          0         23          0          0          0          0          0          0          0
  components       :          0          0          0          0          0          0          0          0          0          0          0          0          0          0          0
Constraint Timings :  TotalTime  SetupTime   Separate  Propagate     EnfoLP     EnfoPS     EnfoRelax   Check    ResProp    SB-Prop
  benderslp        :       0.00       0.00       0.00       0.00       0.00       0.00       0.00       0.00       0.00       0.00
  chancecons       :       0.05       0.00       0.05       0.00       0.00       0.00       0.00       0.00       0.00       0.00
  integral         :       0.00       0.00       0.00       0.00       0.00       0.00       0.00       0.00       0.00       0.00
  varbound         :       0.44       0.01       0.03       0.39       0.00       0.00       0.00       0.01       0.00       0.00
  knapsack         :       0.08       0.00       0.07       0.01       0.00       0.00       0.00       0.00       0.00       0.00
  setppc           :       0.24       0.01       0.01       0.22       0.00       0.00       0.00       0.00       0.00       0.00
  linear           :       0.02       0.01       0.00       0.01       0.00       0.00       0.00       0.00       0.00       0.00
  benders          :       0.00       0.00       0.00       0.00       0.00       0.00       0.00       0.00       0.00       0.00
  fixedvar         :       0.01       0.00       0.00       0.00       0.00       0.00       0.00       0.01       0.00       0.00
  countsols        :       0.00       0.00       0.00       0.00       0.00       0.00       0.00       0.00       0.00       0.00
  components       :       0.00       0.00       0.00       0.00       0.00       0.00       0.00       0.00       0.00       0.00
Propagators        : #Propagate   #ResProp    Cutoffs    DomReds
  dualfix          :         10          0          0         57
  genvbounds       :          0          0          0          0
  nlobbt           :          0          0          0          0
  obbt             :          0          0          0          0
  probing          :          0          0          0          0
  pseudoobj        :         55          0          0         20
  redcost          :         38          0          0        628
  rootredcost      :          0          0          0          0
  symmetry         :          0          0          0          0
  vbounds          :       6058          0          0          0
Propagator Timings :  TotalTime  SetupTime   Presolve  Propagate    ResProp    SB-Prop
  dualfix          :       0.00       0.00       0.00       0.00       0.00       0.00
  genvbounds       :       0.00       0.00       0.00       0.00       0.00       0.00
  nlobbt           :       0.00       0.00       0.00       0.00       0.00       0.00
  obbt             :       0.00       0.00       0.00       0.00       0.00       0.00
  probing          :       1.09       0.00       1.09       0.00       0.00       0.00
  pseudoobj        :       0.00       0.00       0.00       0.00       0.00       0.00
  redcost          :       0.01       0.00       0.00       0.01       0.00       0.00
  rootredcost      :       0.00       0.00       0.00       0.00       0.00       0.00
  symmetry         :       0.00       0.00       0.00       0.00       0.00       0.00
  vbounds          :       0.00       0.00       0.00       0.00       0.00       0.00
Symmetry           :
  orbitopal red.   :          0 reductions applied,          0 cutoffs
  orbital reduction:          0 reductions applied,          0 cutoffs
  lexicographic red:          0 reductions applied,          0 cutoffs
  shadow tree time :       0.00 s
Conflict Analysis  :       Time      Calls    Success    DomReds  Conflicts   Literals    Reconvs ReconvLits   Dualrays   Nonzeros   LP Iters   (pool size: [10000,10000])
  propagation      :       0.00          8          8          -         16       57.4          0        0.0          -          -          -
  infeasible LP    :       0.00          0          0          -          0        0.0          0        0.0          0        0.0          0
  bound exceed. LP :       0.00          1          1          -          0        0.0          0        0.0          1      105.0         10
  strong branching :       0.00          0          0          -          0        0.0          0        0.0          -          -          0
  pseudo solution  :       0.00          0          0          -          0        0.0          0        0.0          -          -          -
  applied globally :       0.00          -          -          0          8        2.1          -          -          1          -          -
  applied locally  :          -          -          -          0          0        0.0          -          -          0          -          -
Separators         :   ExecTime  SetupTime      Calls  RootCalls    Cutoffs    DomReds  FoundCuts ViaPoolAdd  DirectAdd    Applied ViaPoolApp  DirectApp      Conss
  cut pool         :       0.05          -         54         54          -          -      11397      17119          -          -          -          -          -    (maximal pool size:       9943)
  aggregation      :       1.67       0.00         30         30          0          0       9095      13951          0        612        612          0          0
  > cmir           :          -          -          -          -          -          -          -      13523          0        606        606          0          -
  > flowcover      :          -          -          -          -          -          -          -        428          0          6          6          0          -
  > knapsackcover  :          -          -          -          -          -          -          -          0          0          0          0          0          -
  cgmip            :       0.00       0.00          0          0          0          0          0          0          0          0          0          0          0
  clique           :       0.06       0.00         30         30          0          0          0          0          0          0          0          0          0
  closecuts        :       0.00       0.00          0          0          0          0          0          0          0          0          0          0          0
  convexproj       :       0.00       0.00          0          0          0          0          0          0          0          0          0          0          0
  disjunctive      :       0.00       0.00          0          0          0          0          0          0          0          0          0          0          0
  eccuts           :       0.00       0.00          0          0          0          0          0          0          0          0          0          0          0
  gauge            :       0.00       0.00          0          0          0          0          0          0          0          0          0          0          0
  gomory           :       5.90       0.00         16         16          0          0       2261       3119          0        198        198          0          0
  > gomorymi       :          -          -          -          -          -          -          -       3119          0        198        198          0          -
  > strongcg       :          -          -          -          -          -          -          -          0          0          0          0          0          -
  impliedbounds    :       0.01       0.00         30         30          0          0         41         49          0          1          1          0          0
  interminor       :       0.00       0.00          0          0          0          0          0          0          0          0          0          0          0
  intobj           :       0.00       0.00          0          0          0          0          0          0          0          0          0          0          0
  lagromory        :       0.00       0.00          0          0          0          0          0          0          0          0          0          0          0
  mcf              :       0.02       0.00          6          6          0          0          0          0          0          0          0          0          0
  minor            :       0.00       0.00         16         16          0          0          0          0          0          0          0          0          0
  mixing           :       0.00       0.00          0          0          0          0          0          0          0          0          0          0          0
  oddcycle         :       0.00       0.00          0          0          0          0          0          0          0          0          0          0          0
  rapidlearning    :       0.00       0.00          0          0          0          0          0          0          0          0          0          0          0
  rlt              :       0.00       0.00         16         16          0          0          0          0          0          0          0          0          0
  zerohalf         :       0.03       0.00         26         26          0          0          0          0          0          0          0          0          0
Cutselectors       :   ExecTime  SetupTime      Calls  RootCalls   Selected     Forced   Filtered  RootSelec   RootForc   RootFilt 
  hybrid           :       0.05       0.00         26         26       1525          0      17811       1525          0      17811
  ensemble         :       0.00       0.00          0          0          0          0          0          0          0          0
  dynamic          :       0.00       0.00          0          0          0          0          0          0          0          0
Pricers            :   ExecTime  SetupTime      Calls       Vars
  problem variables:       0.00          -          0          0
Branching Rules    :   ExecTime  SetupTime   BranchLP  BranchExt   BranchPS    Cutoffs    DomReds       Cuts      Conss   Children
  allfullstrong    :       0.00       0.00          0          0          0          0          0          0          0          0
  cloud            :       0.00       0.00          0          0          0          0          0          0          0          0
  distribution     :       0.00       0.00          0          0          0          0          0          0          0          0
  fullstrong       :       0.00       0.00          0          0          0          0          0          0          0          0
  gomory           :       0.00       0.00          0          0          0          0          0          0          0          0
  inference        :       0.00       0.00          0          0          0          0          0          0          0          0
  leastinf         :       0.00       0.00          0          0          0          0          0          0          0          0
  lookahead        :       0.00       0.00          0          0          0          0          0          0          0          0
  mostinf          :       0.00       0.00          0          0          0          0          0          0          0          0
  multaggr         :       0.00       0.00          0          0          0          0          0          0          0          0
  nodereopt        :       0.00       0.00          0          0          0          0          0          0          0          0
  pscost           :       0.00       0.00          0          0          0          0          0          0          0          0
  random           :       0.00       0.00          0          0          0          0          0          0          0          0
  relpscost        :       0.00       0.00          0          0          0          0          0          0          0          0
  vanillafullstrong:       0.00       0.00          0          0          0          0          0          0          0          0
Primal Heuristics  :   ExecTime  SetupTime      Calls      Found       Best
  LP solutions     :       0.00          -          -          0          0
  relax solutions  :       0.00          -          -          0          0
  pseudo solutions :       0.00          -          -          0          0
  strong branching :       0.00          -          -          0          0
  actconsdiving    :       0.00       0.00          0          0          0
  adaptivediving   :       0.00       0.00          0          0          0
  alns             :       0.07       0.00          1          0          0
  bound            :       0.00       0.00          0          0          0
  clique           :       0.07       0.00          1          1          1
  coefdiving       :       0.00       0.00          0          0          0
  completesol      :       0.00       0.00          0          0          0
  conflictdiving   :       0.14       0.00          1          1          1
  crossover        :       0.00       0.00          0          0          0
  dins             :       0.00       0.00          0          0          0
  distributiondivin:       0.00       0.00          0          0          0
  dps              :       0.00       0.00          0          0          0
  dualval          :       0.00       0.00          0          0          0
  farkasdiving     :       0.00       0.00          0          0          0
  feaspump         :       0.29       0.00          1          1          0
  fixandinfer      :       0.00       0.00          0          0          0
  fracdiving       :       0.00       0.00          0          0          0
  gins             :       0.00       0.00          0          0          0
  guideddiving     :       0.00       0.00          0          0          0
  indicator        :       0.00       0.00          0          0          0
  indicatordiving  :       0.00       0.00          0          0          0
  intdiving        :       0.00       0.00          0          0          0
  intshifting      :       0.03       0.00          1          1          1
  linesearchdiving :       0.00       0.00          0          0          0
  localbranching   :       0.00       0.00          0          0          0
  locks            :       0.02       0.00          1          1          1
  lpface           :       0.00       0.00          0          0          0
  mpec             :       0.00       0.00          0          0          0
  multistart       :       0.00       0.00          0          0          0
  mutation         :       0.00       0.00          0          0          0
  nlpdiving        :       0.00       0.00          0          0          0
  objpscostdiving  :       0.00       0.00          0          0          0
  octane           :       0.00       0.00          0          0          0
  ofins            :       0.00       0.00          0          0          0
  oneopt           :       0.00       0.00          4          0          0
  padm             :       0.00       0.00          0          0          0
  proximity        :       0.00       0.00          0          0          0
  pscostdiving     :       0.00       0.00          0          0          0
  randrounding     :       0.28       0.00         28          0          0
  rens             :       0.07       0.00          1          1          0
  reoptsols        :       0.00       0.00          0          0          0
  repair           :       0.00       0.00          0          0          0
  rins             :       0.00       0.00          0          0          0
  rootsoldiving    :       0.00       0.00          0          0          0
  rounding         :       0.02       0.00         28          0          0
  scheduler        :       0.00       0.00          0          0          0
  shiftandpropagate:       0.00       0.00          0          0          0
  shifting         :       0.13       0.00         28         11          2
  simplerounding   :       0.00       0.00          0          0          0
  subnlp           :       0.00       0.00          0          0          0
  trivial          :       0.00       0.00          4          0          0
  trivialnegation  :       0.00       0.00          0          0          0
  trustregion      :       0.00       0.00          0          0          0
  trysol           :       0.00       0.00          0          0          0
  twoopt           :       0.00       0.00          0          0          0
  undercover       :       0.00       0.00          0          0          0
  vbounds          :       0.05       0.00          2          0          0
  veclendiving     :       0.00       0.00          0          0          0
  zeroobj          :       0.00       0.00          0          0          0
  zirounding       :       0.00       0.00          1          0          0
  other solutions  :          -          -          -          0          -
LNS (Scheduler)    :      Calls  SetupTime  SolveTime SolveNodes       Sols       Best       Exp3    Exp3-IX  EpsGreedy        UCB TgtFixRate  Opt  Inf Node Stal  Sol  Usr Othr Actv
  rens             :          0       0.00       0.00          0          0          0    0.00000    0.12500   -1.00000    1.00000      0.900    0    0    0    0    0    0    0    1
  rins             :          0       0.00       0.00          0          0          0    0.00000    0.12500   -1.00000    1.00000      0.900    0    0    0    0    0    0    0    1
  mutation         :          0       0.00       0.00          0          0          0    0.00000    0.12500   -1.00000    1.00000      0.900    0    0    0    0    0    0    0    1
  localbranching   :          0       0.00       0.00          0          0          0    0.00000    0.12500   -1.00000    1.00000      0.900    0    0    0    0    0    0    0    1
  crossover        :          0       0.00       0.00          0          0          0    0.00000    0.12500   -1.00000    1.00000      0.900    0    0    0    0    0    0    0    1
  proximity        :          0       0.00       0.00          0          0          0    0.00000    0.12500   -1.00000    1.00000      0.900    0    0    0    0    0    0    0    1
  zeroobjective    :          0       0.00       0.00          0          0          0    0.00000    0.12500   -1.00000    1.00000      0.900    0    0    0    0    0    0    0    1
  dins             :          0       0.00       0.00          0          0          0    0.00000    0.12500   -1.00000    1.00000      0.900    0    0    0    0    0    0    0    1
  trustregion      :          0       0.00       0.00          0          0          0    0.00000    0.00000   -1.00000    1.00000      0.900    0    0    0    0    0    0    0    0
LP                 :       Time      Calls Iterations  Iter/call   Iter/sec  Time-0-It Calls-0-It    ItLimit
  primal LP        :       0.01          3          0       0.00          -       0.01          3
  dual LP          :       7.23         41      21770     777.50    3010.37       0.01         13
  lex dual LP      :       0.00          0          0       0.00          -
  barrier LP       :       0.00          0          0       0.00          -       0.00          0
  resolve instable :       0.00          0          0       0.00          -
  diving/probing LP:       0.48          6       1152     192.00    2392.13
  strong branching :       0.00          0          0       0.00          -          -          -          0
    (at root node) :          -          0          0       0.00          -
  conflict analysis:       0.00          1         10      10.00          -
B&B Tree           :
  number of runs   :          2
  nodes            :          1 (0 internal, 1 leaves)
  feasible leaves  :          0
  infeas. leaves   :          0
  objective leaves :          0
  nodes (total)    :          2 (0 internal, 2 leaves)
  nodes left       :          0
  max depth        :          0
  max depth (total):          0
  backtracks       :          0 (0.0%)
  early backtracks :          0 (0.0%)
  nodes exc. ref.  :          0 (0.0%)
  delayed cutoffs  :          0
  repropagations   :          0 (0 domain reductions, 0 cutoffs)
  avg switch length:       2.00
  switching time   :       0.00
Root Node          :
  First LP value   : +6.33521671294440e+03
  First LP Iters   :       2139 (5082.09 Iter/sec)
  First LP Time    :       0.42
  Final Dual Bound : +6.63127900547915e+03
  Final Root Iters :      21770
  Root LP Estimate :                     -
Solution           :
  Solutions found  :         17 (7 improvements)
  First Solution   : +6.89036902896222e+03   (in run 1, after 1 nodes, 1.55 seconds, depth 77, found by <clique>)
  Gap First Sol.   :      26.51 %
  Gap Last Sol.    :       0.00 %
  Primal Bound     : +6.63127900547915e+03   (in run 1, after 1 nodes, 17.60 seconds, depth 3, found by <conflictdiving>)
  Dual Bound       : +6.63127900547915e+03
  Gap              :       0.00 %
Integrals          :      Total       Avg%
  primal-dual      :     198.04      10.97
  primal-ref       :          -          - (not evaluated)
  dual-ref         :          -          - (not evaluated)

 Branching Statistics...

 Total number of propagations -> 0

 Number of cutoffs of KnaCons -> 0

 Total number of variables fixed to 1 by the propagator -> 0

 Total number of variables fixed to 0 by the propagator -> 0

 Maximum number of rounds of the approximation algorithm -> 0

 Runtime of the exact algorithm -> 0.0000 s

 Total number of variables fixed to 1 in the exact algorithm -> 0

 Total number of variables fixed to 0 in the exact algorithm -> 0

 Number of cutoffs in the exact algorithm -> 0

 Number of cutoffs in the approximation algorithm -> 0

 PS:  
