***************************************
*         SCIP-based CCP Solver       *
*                                     *
*    Wei Lv and Wei-Kun Chen (2024)   *
***************************************
/share/home/wangzhaowei/lvwei/scipoptsuite-9.1.0/build/bin/examples/ccp -f CCMPPData/100-3000-2.ccmpp -s CCMPPSetting/BnC-MIX05.set 
SCIP version 9.1.0 [precision: 8 byte] [memory: block] [mode: optimized] [LP solver: Soplex 7.1.0] [GitHash: 8cab0278ba]
Copyright (c) 2002-2024 Zuse Institute Berlin (ZIB)

External libraries: 
  Soplex 7.1.0         Linear Programming Solver developed at Zuse Institute Berlin (soplex.zib.de) [GitHash: 595bfac9]
  CppAD 20180000.0     Algorithmic Differentiation of C++ algorithms developed by B. Bell (github.com/coin-or/CppAD)
  ZLIB 1.2.7           General purpose compression library by J. Gailly and M. Adler (zlib.net)
  GMP 6.0.0            GNU Multiple Precision Arithmetic Library developed by T. Granlund (gmplib.org)
  AMPL/MP 690e9e7      AMPL .nl file reader library (github.com/ampl/mp)
  PaPILO 2.3.0         parallel presolve for integer and linear optimization (github.com/scipopt/papilo) (built with TBB) [GitHash: 4b8ce6ed]
  Nauty 2.8.8          Computing Graph Automorphism Groups by Brendan D. McKay (users.cecs.anu.edu.au/~bdm/nauty)
  sassy 1.1            Symmetry preprocessor by Markus Anders (github.com/markusa4/sassy)

reading user parameter file <CCMPPSetting/BnC-MIX05.set>

read problem <CCMPPData/100-3000-2.ccmpp>
============

File name: 	CCMPPData/100-3000-2.ccmpp
Problem name:	100-3000-2
Dimension: 	100
NumScenario: 	3000
ConfidenceParameter: 	0.05
IsEqualProbability: 	1
BnC+MIX+DI: 	0
BnC+MIX+sDI: 	0
DB: 	0
DB+OPF: 	0
Dominance and Aggregation Statistics......
NumEdge:        0
NumBiEdge: 	0
NumDomIneqs: 	0
DominanceRatio: 0.0000
NumAggScenario: 3000 
BasicNumScenario: 2983 
original problem has 3500 variables (3000 bin, 0 int, 0 impl, 500 cont) and 15402 constraints

solve problem
=============

presolving:
(round 1, fast)       21 del vars, 378 del conss, 0 add conss, 100 chg bounds, 0 chg sides, 0 chg coeffs, 0 upgd conss, 0 impls, 0 clqs
   (0.1s) running MILP presolver
   (0.1s) MILP presolver (3 rounds): 102 aggregations, 3 fixings, 44 bound changes
(round 2, medium)     126 del vars, 378 del conss, 0 add conss, 144 chg bounds, 0 chg sides, 0 chg coeffs, 0 upgd conss, 0 impls, 0 clqs
(round 3, fast)       126 del vars, 480 del conss, 0 add conss, 144 chg bounds, 0 chg sides, 0 chg coeffs, 0 upgd conss, 0 impls, 0 clqs
(round 4, exhaustive) 126 del vars, 480 del conss, 0 add conss, 144 chg bounds, 0 chg sides, 0 chg coeffs, 14626 upgd conss, 0 impls, 0 clqs
   (0.2s) probing: 51/2983 (1.7%) - 0 fixings, 0 aggregations, 0 implications, 0 bound changes
   (0.2s) probing aborted: 50/50 successive totally useless probings
   (0.3s) symmetry computation started: requiring (bin +, int +, cont +), (fixed: bin -, int -, cont -)
   Symmetry detection interrupted: constraints of type chancecons do not provide symmetry information.
   If symmetries shall be detected, implement the CONSGETPERMSYMGRAPH callback.
   (0.3s) could not compute symmetry
presolving (5 rounds: 5 fast, 3 medium, 2 exhaustive):
 126 deleted vars, 480 deleted constraints, 0 added constraints, 144 tightened bounds, 0 added holes, 0 changed sides, 0 changed coefficients
 14626 implications, 0 cliques
presolved problem has 3374 variables (2983 bin, 0 int, 0 impl, 391 cont) and 14922 constraints
      1 constraints of type <chancecons>
  14626 constraints of type <varbound>
      1 constraints of type <knapsack>
    294 constraints of type <linear>
Presolving Time: 0.27

 time | node  | left  |LP iter|LP it/n|mem/heur|mdpt |vars |cons |rows |cuts |sepa|confs|strbr|  dualbound   | primalbound  |  gap   | compl. 
p 0.4s|     1 |     0 |   217 |     - |   locks|   0 |3374 |  14k|  14k|   0 |  0 |   0 |   0 | 0.000000e+00 | 6.886335e+05 |    Inf | unknown
  1.8s|     1 |     0 |  5619 |     - |   114M |   0 |3374 |  14k|  14k|   0 |  0 |   0 |   0 | 6.843919e+05 | 6.886335e+05 |   0.62%| unknown
  2.1s|     1 |     0 |  5948 |     - |   117M |   0 |3374 |  14k|  15k|  88 |  1 |   0 |   0 | 6.846289e+05 | 6.886335e+05 |   0.58%| unknown
  2.5s|     1 |     0 |  6411 |     - |   119M |   0 |3374 |  14k|  15k| 186 |  2 |   0 |   0 | 6.848577e+05 | 6.886335e+05 |   0.55%| unknown
  2.8s|     1 |     0 |  6763 |     - |   121M |   0 |3374 |  14k|  15k| 286 |  3 |   0 |   0 | 6.850216e+05 | 6.886335e+05 |   0.53%| unknown
  3.1s|     1 |     0 |  7103 |     - |   124M |   0 |3374 |  14k|  15k| 375 |  4 |   0 |   0 | 6.851831e+05 | 6.886335e+05 |   0.50%| unknown
  3.3s|     1 |     0 |  7462 |     - |   126M |   0 |3374 |  14k|  15k| 467 |  5 |   0 |   0 | 6.853292e+05 | 6.886335e+05 |   0.48%| unknown
  3.7s|     1 |     0 |  7847 |     - |   128M |   0 |3374 |  14k|  15k| 570 |  6 |   0 |   0 | 6.854580e+05 | 6.886335e+05 |   0.46%| unknown
  4.0s|     1 |     0 |  8213 |     - |   130M |   0 |3374 |  14k|  15k| 662 |  7 |   0 |   0 | 6.855750e+05 | 6.886335e+05 |   0.45%| unknown
  4.3s|     1 |     0 |  8648 |     - |   132M |   0 |3374 |  14k|  15k| 769 |  8 |   0 |   0 | 6.856938e+05 | 6.886335e+05 |   0.43%| unknown
  4.7s|     1 |     0 |  9080 |     - |   134M |   0 |3374 |  14k|  15k| 867 |  9 |   0 |   0 | 6.858062e+05 | 6.886335e+05 |   0.41%| unknown
  5.1s|     1 |     0 |  9582 |     - |   136M |   0 |3374 |  14k|  15k| 971 | 10 |   0 |   0 | 6.858920e+05 | 6.886335e+05 |   0.40%| unknown
  5.5s|     1 |     0 | 10145 |     - |   139M |   0 |3374 |  14k|  15k|1072 | 11 |   0 |   0 | 6.859747e+05 | 6.886335e+05 |   0.39%| unknown
  5.9s|     1 |     0 | 10622 |     - |   141M |   0 |3374 |  14k|  16k|1171 | 12 |   0 |   0 | 6.860324e+05 | 6.886335e+05 |   0.38%| unknown
  6.3s|     1 |     0 | 11235 |     - |   143M |   0 |3374 |  14k|  16k|1274 | 13 |   0 |   0 | 6.860873e+05 | 6.886335e+05 |   0.37%| unknown
 time | node  | left  |LP iter|LP it/n|mem/heur|mdpt |vars |cons |rows |cuts |sepa|confs|strbr|  dualbound   | primalbound  |  gap   | compl. 
  6.7s|     1 |     0 | 11806 |     - |   146M |   0 |3374 |  14k|  16k|1363 | 14 |   0 |   0 | 6.861535e+05 | 6.886335e+05 |   0.36%| unknown
  7.1s|     1 |     0 | 12355 |     - |   148M |   0 |3374 |  14k|  16k|1454 | 15 |   0 |   0 | 6.862142e+05 | 6.886335e+05 |   0.35%| unknown
  7.6s|     1 |     0 | 12937 |     - |   150M |   0 |3374 |  14k|  16k|1559 | 16 |   0 |   0 | 6.862528e+05 | 6.886335e+05 |   0.35%| unknown
  8.1s|     1 |     0 | 13712 |     - |   153M |   0 |3374 |  14k|  16k|1649 | 17 |   0 |   0 | 6.862938e+05 | 6.886335e+05 |   0.34%| unknown
  8.7s|     1 |     0 | 14566 |     - |   156M |   0 |3374 |  14k|  16k|1746 | 18 |   0 |   0 | 6.863356e+05 | 6.886335e+05 |   0.33%| unknown
  9.3s|     1 |     0 | 15455 |     - |   158M |   0 |3374 |  14k|  16k|1842 | 19 |   0 |   0 | 6.863631e+05 | 6.886335e+05 |   0.33%| unknown
  9.9s|     1 |     0 | 16283 |     - |   160M |   0 |3374 |  14k|  16k|1926 | 20 |   0 |   0 | 6.863891e+05 | 6.886335e+05 |   0.33%| unknown
 10.5s|     1 |     0 | 17140 |     - |   161M |   0 |3374 |  14k|  16k|2018 | 21 |   0 |   0 | 6.864224e+05 | 6.886335e+05 |   0.32%| unknown
r11.0s|     1 |     0 | 18039 |     - |intshift|   0 |3374 |  14k|  16k|2018 | 21 |   0 |   0 | 6.864224e+05 | 6.885425e+05 |   0.31%| unknown
o11.8s|     1 |     0 | 20916 |     - |feaspump|   0 |3374 |  14k|  16k|2018 | 21 |   0 |   0 | 6.864224e+05 | 6.874505e+05 |   0.15%| unknown
L15.6s|     1 |     0 | 20916 |     - |    rens|   0 |3374 |  14k|  16k|2018 | 21 |   0 |   0 | 6.864224e+05 | 6.870737e+05 |   0.09%| unknown
 15.8s|     1 |     0 | 20916 |     - |   161M |   0 |3374 |  14k|  16k|2018 | 21 |   0 |   0 | 6.864224e+05 | 6.870737e+05 |   0.09%| unknown
 16.5s|     1 |     0 | 21880 |     - |   161M |   0 |3374 |  14k|  16k|2113 | 22 |   0 |   0 | 6.864462e+05 | 6.870737e+05 |   0.09%| unknown
 16.8s|     1 |     0 | 22269 |     - |   161M |   0 |3374 |  14k|  16k|2157 | 23 |   0 |   0 | 6.864518e+05 | 6.870737e+05 |   0.09%| unknown
 31.6s|     1 |     2 | 22270 |     - |   162M |   0 |3374 |  14k|  16k|2157 | 23 |   0 |  53 | 6.864581e+05 | 6.870737e+05 |   0.09%| unknown
 time | node  | left  |LP iter|LP it/n|mem/heur|mdpt |vars |cons |rows |cuts |sepa|confs|strbr|  dualbound   | primalbound  |  gap   | compl. 
  117s|   100 |    57 | 61144 | 436.9 |   166M |  18 |3374 |  14k|  16k|3067 |  1 |  94 | 592 | 6.864857e+05 | 6.870737e+05 |   0.09%|   2.15%
L 138s|   170 |    86 | 86907 | 408.4 |    alns|  20 |3374 |  14k|  16k|3651 |  3 | 110 | 636 | 6.864960e+05 | 6.870578e+05 |   0.08%|   2.75%
L 138s|   170 |    65 | 86907 | 408.4 |    alns|  20 |3374 |  14k|  16k|3651 |  3 | 110 | 636 | 6.864960e+05 | 6.870300e+05 |   0.08%|   2.78%
  164s|   200 |    91 |134010 | 583.5 |   171M |  20 |3374 |  14k|  16k|3873 |  1 | 166 | 650 | 6.865033e+05 | 6.870300e+05 |   0.08%|   2.90%
  212s|   300 |   175 |196367 | 596.9 |   176M |  44 |3374 |  14k|  16k|4862 |  0 | 350 | 717 | 6.865036e+05 | 6.870300e+05 |   0.08%|   3.04%
L 231s|   370 |   177 |222995 | 555.8 |crossove|  57 |3374 |  14k|  16k|5361 |  0 | 356 | 770 | 6.865065e+05 | 6.869640e+05 |   0.07%|   3.21%
  237s|   400 |   187 |230905 | 533.9 |   179M |  63 |3374 |  14k|  16k|5579 |  1 | 356 | 783 | 6.865065e+05 | 6.869640e+05 |   0.07%|   3.24%
  275s|   500 |   217 |285822 | 536.9 |   184M |  73 |3374 |  14k|  16k|6376 |  1 | 392 | 846 | 6.865255e+05 | 6.869640e+05 |   0.06%|   3.59%
  315s|   600 |   247 |336335 | 531.6 |   187M |  78 |3374 |  14k|  16k|7298 |  1 | 404 | 895 | 6.865405e+05 | 6.869640e+05 |   0.06%|   4.09%
L 328s|   626 |   251 |350679 | 532.5 |crossove|  78 |3374 |  14k|  16k|7468 |  2 | 413 | 922 | 6.865405e+05 | 6.869640e+05 |   0.06%|   4.09%
  367s|   700 |   289 |403147 | 551.1 |   191M |  78 |3374 |  14k|  16k|8181 |  1 | 426 | 972 | 6.865535e+05 | 6.869640e+05 |   0.06%|   4.91%
  411s|   800 |   319 |462011 | 555.8 |   193M |  78 |3374 |  14k|  17k|8691 |  2 | 428 |1024 | 6.865535e+05 | 6.869640e+05 |   0.06%|   4.91%
  470s|   900 |   343 |547237 | 588.8 |   197M |  78 |3374 |  14k|  17k|9399 |  1 | 466 |1075 | 6.865695e+05 | 6.869640e+05 |   0.06%|   5.33%
  528s|  1000 |   371 |618705 | 601.4 |   200M |  80 |3374 |  14k|  16k|  10k|  1 | 469 |1150 | 6.865755e+05 | 6.869640e+05 |   0.06%|   5.57%
  572s|  1100 |   385 |675816 | 598.7 |   203M |  80 |3374 |  14k|  17k|  10k|  1 | 475 |1197 | 6.865802e+05 | 6.869640e+05 |   0.06%|   5.72%
 time | node  | left  |LP iter|LP it/n|mem/heur|mdpt |vars |cons |rows |cuts |sepa|confs|strbr|  dualbound   | primalbound  |  gap   | compl. 
  629s|  1200 |   405 |745176 | 606.6 |   207M |  80 |3374 |  14k|  16k|  10k|  1 | 502 |1273 | 6.865973e+05 | 6.869640e+05 |   0.05%|   6.71%
  699s|  1300 |   433 |834025 | 628.3 |   210M |  80 |3374 |  14k|  17k|  11k|  0 | 549 |1345 | 6.866058e+05 | 6.869640e+05 |   0.05%|   7.32%
  792s|  1400 |   455 |951772 | 667.5 |   215M |  80 |3374 |  14k|  16k|  12k|  1 | 566 |1471 | 6.866088e+05 | 6.869640e+05 |   0.05%|   7.70%
  857s|  1500 |   461 |  1030k| 675.2 |   218M |  80 |3374 |  14k|  17k|  12k|  2 | 597 |1650 | 6.866088e+05 | 6.869640e+05 |   0.05%|   7.85%
  949s|  1600 |   505 |  1145k| 705.2 |   223M |  80 |3374 |  15k|  17k|  13k|  0 | 708 |1772 | 6.866146e+05 | 6.869640e+05 |   0.05%|   8.68%
 1036s|  1700 |   537 |  1246k| 723.0 |   229M |  80 |3374 |  15k|  17k|  14k|  1 | 726 |1909 | 6.866254e+05 | 6.869640e+05 |   0.05%|   9.88%
 1113s|  1800 |   555 |  1341k| 735.6 |   234M |  80 |3374 |  15k|  17k|  15k|  1 | 884 |2032 | 6.866273e+05 | 6.869640e+05 |   0.05%|  10.22%
 1207s|  1900 |   579 |  1456k| 757.7 |   238M |  80 |3374 |  15k|  17k|  16k|  0 | 933 |2211 | 6.866317e+05 | 6.869640e+05 |   0.05%|  11.51%
 1358s|  2000 |   629 |  1678k| 830.5 |   242M |  90 |3374 |  15k|  17k|  17k|  4 | 937 |2318 | 6.866392e+05 | 6.869640e+05 |   0.05%|  12.70%
 1445s|  2100 |   649 |  1778k| 838.9 |   245M |  90 |3374 |  15k|  17k|  18k|  2 | 943 |2419 | 6.866428e+05 | 6.869640e+05 |   0.05%|  13.05%
 1559s|  2200 |   675 |  1920k| 865.4 |   249M |  90 |3374 |  15k|  17k|  18k|  0 | 973 |2563 | 6.866438e+05 | 6.869640e+05 |   0.05%|  13.33%
 1623s|  2300 |   711 |  1998k| 861.6 |   251M |  90 |3374 |  15k|  17k|  19k|  1 | 978 |2649 | 6.866439e+05 | 6.869640e+05 |   0.05%|  13.59%
 1718s|  2400 |   737 |  2118k| 875.4 |   256M |  90 |3374 |  15k|  16k|  19k|  4 |1007 |2771 | 6.866460e+05 | 6.869640e+05 |   0.05%|  13.64%
 1880s|  2500 |   751 |  2309k| 917.0 |   260M |  90 |3374 |  15k|  17k|  20k|  1 |1061 |3020 | 6.866500e+05 | 6.869640e+05 |   0.05%|  13.94%
 1992s|  2600 |   755 |  2433k| 929.6 |   263M |  90 |3374 |  15k|  17k|  20k|  0 |1089 |3181 | 6.866526e+05 | 6.869640e+05 |   0.05%|  14.74%
 time | node  | left  |LP iter|LP it/n|mem/heur|mdpt |vars |cons |rows |cuts |sepa|confs|strbr|  dualbound   | primalbound  |  gap   | compl. 
 2103s|  2700 |   793 |  2567k| 944.8 |   266M |  90 |3374 |  15k|  17k|  21k|  4 |1099 |3275 | 6.866570e+05 | 6.869640e+05 |   0.04%|  14.92%
 2169s|  2800 |   799 |  2666k| 946.3 |   268M |  90 |3374 |  15k|  17k|  21k|  0 |1111 |3306 | 6.866602e+05 | 6.869640e+05 |   0.04%|  15.51%
Restart triggered after 50 consecutive estimations that the remaining tree will be large
(run 1, node 2886) performing user restart

(restart) converted 505 cuts from the global cut pool into linear constraints

presolving:
(round 1, fast)       0 del vars, 2 del conss, 0 add conss, 102 chg bounds, 0 chg sides, 0 chg coeffs, 0 upgd conss, 14626 impls, 0 clqs
presolving (2 rounds: 2 fast, 1 medium, 1 exhaustive):
 0 deleted vars, 2 deleted constraints, 0 added constraints, 118 tightened bounds, 0 added holes, 0 changed sides, 2 changed coefficients
 14626 implications, 0 cliques
presolved problem has 3374 variables (2983 bin, 0 int, 0 impl, 391 cont) and 15634 constraints
      1 constraints of type <chancecons>
  14626 constraints of type <varbound>
      1 constraints of type <knapsack>
    798 constraints of type <linear>
     19 constraints of type <logicor>
    189 constraints of type <bounddisjunction>
Presolving Time: 0.35
transformed 22/22 original solutions to the transformed problem space

 time | node  | left  |LP iter|LP it/n|mem/heur|mdpt |vars |cons |rows |cuts |sepa|confs|strbr|  dualbound   | primalbound  |  gap   | compl. 
 2269s|     1 |     0 |  2822k|     - |   268M |   0 |3374 |  15k|  15k|   0 |  0 |1119 |3353 | 6.866614e+05 | 6.869640e+05 |   0.04%| unknown
 2269s|     1 |     0 |  2823k|     - |   269M |   0 |3374 |  15k|  15k| 110 |  1 |1120 |3353 | 6.866614e+05 | 6.869640e+05 |   0.04%| unknown
 2270s|     1 |     0 |  2824k|     - |   271M |   0 |3374 |  15k|  15k| 218 |  2 |1120 |3353 | 6.866614e+05 | 6.869640e+05 |   0.04%| unknown
 2270s|     1 |     0 |  2825k|     - |   274M |   0 |3374 |  15k|  15k| 326 |  3 |1123 |3353 | 6.866614e+05 | 6.869640e+05 |   0.04%| unknown
 2271s|     1 |     0 |  2825k|     - |   275M |   0 |3374 |  15k|  15k| 415 |  4 |1125 |3353 | 6.866614e+05 | 6.869640e+05 |   0.04%| unknown
 2271s|     1 |     0 |  2826k|     - |   277M |   0 |3374 |  15k|  15k| 508 |  5 |1127 |3353 | 6.866614e+05 | 6.869640e+05 |   0.04%| unknown
 2272s|     1 |     0 |  2827k|     - |   279M |   0 |3374 |  15k|  16k| 598 |  6 |1129 |3353 | 6.866614e+05 | 6.869640e+05 |   0.04%| unknown
 2272s|     1 |     0 |  2827k|     - |   281M |   0 |3374 |  15k|  16k| 696 |  7 |1129 |3353 | 6.866614e+05 | 6.869640e+05 |   0.04%| unknown
 2272s|     1 |     0 |  2828k|     - |   284M |   0 |3374 |  15k|  16k| 784 |  8 |1130 |3353 | 6.866614e+05 | 6.869640e+05 |   0.04%| unknown
 2273s|     1 |     0 |  2829k|     - |   287M |   0 |3374 |  15k|  16k| 879 |  9 |1131 |3353 | 6.866614e+05 | 6.869640e+05 |   0.04%| unknown
 2274s|     1 |     0 |  2831k|     - |   288M |   0 |3374 |  15k|  16k| 985 | 10 |1131 |3353 | 6.866614e+05 | 6.869640e+05 |   0.04%| unknown
 2275s|     1 |     0 |  2832k|     - |   290M |   0 |3374 |  15k|  16k|1101 | 11 |1132 |3353 | 6.866614e+05 | 6.869640e+05 |   0.04%| unknown
 2276s|     1 |     0 |  2834k|     - |   292M |   0 |3374 |  15k|  16k|1204 | 12 |1132 |3353 | 6.866614e+05 | 6.869640e+05 |   0.04%| unknown
 2276s|     1 |     0 |  2835k|     - |   295M |   0 |3374 |  15k|  16k|1295 | 13 |1136 |3353 | 6.866614e+05 | 6.869640e+05 |   0.04%| unknown
 2278s|     1 |     0 |  2837k|     - |   296M |   0 |3374 |  15k|  16k|1390 | 14 |1138 |3353 | 6.866614e+05 | 6.869640e+05 |   0.04%| unknown
 time | node  | left  |LP iter|LP it/n|mem/heur|mdpt |vars |cons |rows |cuts |sepa|confs|strbr|  dualbound   | primalbound  |  gap   | compl. 
 2279s|     1 |     0 |  2839k|     - |   299M |   0 |3374 |  15k|  16k|1486 | 15 |1138 |3353 | 6.866614e+05 | 6.869640e+05 |   0.04%| unknown
 2279s|     1 |     0 |  2840k|     - |   301M |   0 |3374 |  15k|  16k|1562 | 16 |1139 |3353 | 6.866614e+05 | 6.869640e+05 |   0.04%| unknown
 2286s|     1 |     2 |  2844k|     - |   301M |   0 |3374 |  15k|  16k|1562 | 16 |1157 |3355 | 6.866614e+05 | 6.869640e+05 |   0.04%| unknown
 2368s|   100 |    85 |  2899k| 955.4 |   305M |  53 |3374 |  15k|  16k|2222 |  1 |1176 |3602 | 6.866614e+05 | 6.869640e+05 |   0.04%| unknown
 2380s|   200 |   133 |  2918k| 930.6 |   306M |  80 |3374 |  15k|  16k|2672 |  4 |1238 |3635 | 6.866614e+05 | 6.869640e+05 |   0.04%| unknown
 2402s|   300 |   141 |  2946k| 910.1 |   309M |  80 |3374 |  15k|  16k|3139 |  0 |1256 |3805 | 6.866614e+05 | 6.869640e+05 |   0.04%| unknown
 2437s|   400 |   183 |  2992k| 896.4 |   316M |  80 |3374 |  15k|  16k|4009 |  1 |1275 |3879 | 6.866614e+05 | 6.869640e+05 |   0.04%|   9.05%
 2458s|   500 |   195 |  3017k| 877.3 |   318M |  80 |3374 |  15k|  16k|4748 |  0 |1291 |3951 | 6.866614e+05 | 6.869640e+05 |   0.04%|   9.07%
 2481s|   600 |   201 |  3051k| 862.0 |   321M |  80 |3374 |  15k|  16k|5209 |  2 |1318 |4026 | 6.866614e+05 | 6.869640e+05 |   0.04%|   9.07%
 2510s|   700 |   239 |  3084k| 847.2 |   323M |  80 |3374 |  15k|  16k|6033 |  0 |1351 |4094 | 6.866614e+05 | 6.869640e+05 |   0.04%|   9.10%
 2535s|   800 |   255 |  3115k| 832.6 |   325M |  80 |3374 |  15k|  16k|6574 |  1 |1373 |4156 | 6.866614e+05 | 6.869640e+05 |   0.04%|   9.10%
 2571s|   900 |   257 |  3162k| 822.9 |   327M |  80 |3374 |  15k|  16k|7142 |  1 |1382 |4229 | 6.866614e+05 | 6.869640e+05 |   0.04%|   9.11%
 2634s|  1000 |   317 |  3259k| 826.8 |   331M |  80 |3374 |  15k|  16k|8126 |  1 |1401 |4317 | 6.866614e+05 | 6.869640e+05 |   0.04%|   9.25%
 2716s|  1100 |   361 |  3364k| 832.4 |   334M |  80 |3374 |  15k|  17k|9259 |  0 |1423 |4440 | 6.866614e+05 | 6.869640e+05 |   0.04%|   9.25%
 2790s|  1200 |   391 |  3460k| 835.5 |   337M |  80 |3374 |  15k|  17k|9948 |  1 |1441 |4587 | 6.866614e+05 | 6.869640e+05 |   0.04%|   9.97%
 time | node  | left  |LP iter|LP it/n|mem/heur|mdpt |vars |cons |rows |cuts |sepa|confs|strbr|  dualbound   | primalbound  |  gap   | compl. 
 2872s|  1300 |   419 |  3558k| 838.9 |   341M |  80 |3374 |  15k|  17k|  10k|  0 |1469 |4734 | 6.866614e+05 | 6.869640e+05 |   0.04%|  10.02%
 2920s|  1400 |   449 |  3624k| 834.7 |   343M |  80 |3374 |  15k|  17k|  11k|  0 |1485 |4817 | 6.866614e+05 | 6.869640e+05 |   0.04%|  10.02%
 2964s|  1500 |   485 |  3695k| 831.8 |   345M |  80 |3374 |  15k|  17k|  11k|  3 |1520 |4861 | 6.866614e+05 | 6.869640e+05 |   0.04%|  10.74%
 3030s|  1600 |   521 |  3793k| 835.3 |   348M |  80 |3374 |  15k|  17k|  12k|  4 |1562 |4922 | 6.866614e+05 | 6.869640e+05 |   0.04%|  10.93%
 3084s|  1700 |   545 |  3873k| 834.4 |   352M |  80 |3374 |  15k|  17k|  12k|  0 |1576 |4990 | 6.866614e+05 | 6.869640e+05 |   0.04%|  11.05%
 3114s|  1800 |   547 |  3913k| 825.2 |   354M |  80 |3374 |  15k|  17k|  13k|  0 |1591 |5034 | 6.866614e+05 | 6.869640e+05 |   0.04%|  11.44%
 3234s|  1900 |   553 |  4094k| 845.7 |   357M |  80 |3374 |  15k|  17k|  13k|  1 |1611 |5115 | 6.866614e+05 | 6.869640e+05 |   0.04%|  12.11%
 3310s|  2000 |   539 |  4218k| 853.8 |   361M |  80 |3374 |  15k|  17k|  14k|  0 |1614 |5146 | 6.866614e+05 | 6.869640e+05 |   0.04%|  12.54%
 3398s|  2100 |   559 |  4350k| 863.2 |   364M |  80 |3374 |  15k|  17k|  14k|  0 |1628 |5194 | 6.866614e+05 | 6.869640e+05 |   0.04%|  12.58%
 3462s|  2200 |   537 |  4458k| 867.4 |   365M |  80 |3374 |  15k|  17k|  15k|  0 |1636 |5203 | 6.866614e+05 | 6.869640e+05 |   0.04%|  12.68%
 3580s|  2300 |   531 |  4629k| 883.7 |   367M |  80 |3374 |  15k|  17k|  15k|  0 |1667 |5233 | 6.866614e+05 | 6.869640e+05 |   0.04%|  12.74%
 3734s|  2400 |   523 |  4843k| 907.4 |   371M |  80 |3374 |  15k|  16k|  16k|  2 |1671 |5301 | 6.866614e+05 | 6.869640e+05 |   0.04%|  12.75%
 3835s|  2500 |   501 |  4978k| 915.7 |   372M |  80 |3374 |  15k|  17k|  16k|  0 |1673 |5324 | 6.866614e+05 | 6.869640e+05 |   0.04%|  12.75%
 3928s|  2600 |   509 |  5095k| 920.3 |   378M |  80 |3374 |  15k|  17k|  17k|  3 |1682 |5385 | 6.866614e+05 | 6.869640e+05 |   0.04%|  12.83%
 4054s|  2700 |   516 |  5239k| 929.7 |   382M |  80 |3374 |  15k|  17k|  18k|  2 |1695 |5537 | 6.866614e+05 | 6.869640e+05 |   0.04%|  13.40%
 time | node  | left  |LP iter|LP it/n|mem/heur|mdpt |vars |cons |rows |cuts |sepa|confs|strbr|  dualbound   | primalbound  |  gap   | compl. 
 4119s|  2800 |   530 |  5330k| 929.3 |   383M |  80 |3374 |  15k|  17k|  18k|  2 |1711 |5619 | 6.866614e+05 | 6.869640e+05 |   0.04%|  13.41%
 4187s|  2900 |   546 |  5434k| 931.2 |   385M |  80 |3374 |  15k|  17k|  18k|  4 |1722 |5693 | 6.866614e+05 | 6.869640e+05 |   0.04%|  13.41%
 4281s|  3000 |   574 |  5558k| 936.4 |   387M |  80 |3374 |  15k|  17k|  19k|  2 |1738 |5775 | 6.866614e+05 | 6.869640e+05 |   0.04%|  13.55%
 4397s|  3100 |   632 |  5708k| 945.9 |   392M |  80 |3374 |  15k|  17k|  20k|  2 |1742 |5845 | 6.866614e+05 | 6.869640e+05 |   0.04%|  13.55%
 4508s|  3200 |   642 |  5884k| 959.2 |   399M |  80 |3374 |  15k|  17k|  20k|  0 |1749 |5892 | 6.866627e+05 | 6.869640e+05 |   0.04%|  13.71%
 4622s|  3300 |   716 |  6029k| 967.2 |   414M |  80 |3374 |  15k|  17k|  21k|  1 |1755 |5962 | 6.866627e+05 | 6.869640e+05 |   0.04%|  13.71%
 4671s|  3400 |   772 |  6107k| 964.2 |   430M |  90 |3374 |  15k|  17k|  21k|  6 |1764 |5988 | 6.866627e+05 | 6.869640e+05 |   0.04%|  13.71%
 4761s|  3500 |   782 |  6254k| 972.2 |   433M |  90 |3374 |  15k|  17k|  22k|  2 |1775 |6013 | 6.866676e+05 | 6.869640e+05 |   0.04%|  14.25%
 4869s|  3600 |   816 |  6419k| 982.6 |   453M |  90 |3374 |  15k|  17k|  23k|  1 |1802 |6040 | 6.866702e+05 | 6.869640e+05 |   0.04%|  14.52%
 4998s|  3700 |   852 |  6601k| 995.2 |   455M |  90 |3374 |  15k|  17k|  23k|  7 |1813 |6096 | 6.866719e+05 | 6.869640e+05 |   0.04%|  14.69%
 5078s|  3800 |   880 |  6730k| 999.6 |   458M |  90 |3374 |  15k|  17k|  24k|  0 |1870 |6120 | 6.866724e+05 | 6.869640e+05 |   0.04%|  14.75%
 5183s|  3900 |   914 |  6899k|1009.9 |   459M |  90 |3374 |  15k|  17k|  25k|  3 |1881 |6144 | 6.866761e+05 | 6.869640e+05 |   0.04%|  16.29%
 5254s|  4000 |   914 |  7015k|1012.0 |   465M |  90 |3374 |  15k|  17k|  25k|  1 |1885 |6153 | 6.866786e+05 | 6.869640e+05 |   0.04%|  16.91%
 5408s|  4100 |   942 |  7235k|1029.0 |   476M |  90 |3374 |  15k|  17k|  26k|  0 |1887 |6227 | 6.866842e+05 | 6.869640e+05 |   0.04%|  17.51%
 5545s|  4200 |   936 |  7414k|1039.8 |   480M |  90 |3374 |  15k|  17k|  27k|  3 |1905 |6329 | 6.866889e+05 | 6.869640e+05 |   0.04%|  18.21%
 time | node  | left  |LP iter|LP it/n|mem/heur|mdpt |vars |cons |rows |cuts |sepa|confs|strbr|  dualbound   | primalbound  |  gap   | compl. 
 5642s|  4300 |   952 |  7547k|1043.8 |   485M |  90 |3374 |  15k|  17k|  27k|  1 |1911 |6407 | 6.866923e+05 | 6.869640e+05 |   0.04%|  18.56%
 5706s|  4400 |   978 |  7646k|1043.2 |   489M |  90 |3374 |  15k|  17k|  28k|  2 |1931 |6455 | 6.866968e+05 | 6.869640e+05 |   0.04%|  19.04%
 5788s|  4500 |  1014 |  7775k|1046.4 |   490M |  90 |3374 |  15k|  17k|  28k|  1 |1954 |6500 | 6.866981e+05 | 6.869640e+05 |   0.04%|  19.18%
 6002s|  4600 |  1000 |  8098k|1075.6 |   492M |  90 |3374 |  15k|  17k|  30k|  0 |1963 |6540 | 6.867042e+05 | 6.869640e+05 |   0.04%|  19.82%
 6156s|  4700 |  1022 |  8291k|1086.9 |   494M |  90 |3374 |  15k|  17k|  30k|  1 |1972 |6589 | 6.867108e+05 | 6.869640e+05 |   0.04%|  20.54%
 6342s|  4800 |  1045 |  8544k|1105.7 |   508M |  90 |3374 |  15k|  17k|  31k|  1 |1981 |6644 | 6.867140e+05 | 6.869640e+05 |   0.04%|  21.07%
 6503s|  4900 |  1051 |  8764k|1119.7 |   521M |  90 |3374 |  15k|  17k|  32k|  1 |1991 |6681 | 6.867162e+05 | 6.869640e+05 |   0.04%|  21.30%
 6546s|  5000 |  1107 |  8833k|1114.3 |   527M |  90 |3374 |  15k|  17k|  32k|  1 |1996 |6707 | 6.867163e+05 | 6.869640e+05 |   0.04%|  21.31%
 6638s|  5100 |  1119 |  8961k|1116.4 |   529M |  90 |3374 |  15k|  17k|  34k|  2 |2007 |6788 | 6.867172e+05 | 6.869640e+05 |   0.04%|  21.40%
 6735s|  5200 |  1135 |  9096k|1119.3 |   534M |  90 |3374 |  15k|  17k|  34k|  2 |2024 |6855 | 6.867258e+05 | 6.869640e+05 |   0.03%|  22.30%
 6919s|  5300 |  1167 |  9347k|1136.2 |   538M |  90 |3374 |  15k|  16k|  35k|  1 |2039 |6955 | 6.867278e+05 | 6.869640e+05 |   0.03%|  22.51%
 6993s|  5400 |  1179 |  9463k|1136.5 |   541M |  90 |3374 |  15k|  17k|  36k|  1 |2058 |6995 | 6.867278e+05 | 6.869640e+05 |   0.03%|  22.51%
 7180s|  5500 |  1207 |  9823k|1165.9 |   545M |  90 |3374 |  15k|  17k|  36k|  0 |2068 |7041 | 6.867281e+05 | 6.869640e+05 |   0.03%|  22.55%
 7382s|  5600 |  1238 | 10078k|1182.2 |   553M |  90 |3374 |  15k|  17k|  37k|  2 |2074 |7149 | 6.867309e+05 | 6.869640e+05 |   0.03%|  22.89%
 7421s|  5700 |  1292 | 10143k|1176.0 |   555M |  94 |3374 |  15k|  17k|  38k|  2 |2106 |7172 | 6.867309e+05 | 6.869640e+05 |   0.03%|  22.89%
 time | node  | left  |LP iter|LP it/n|mem/heur|mdpt |vars |cons |rows |cuts |sepa|confs|strbr|  dualbound   | primalbound  |  gap   | compl. 
 7551s|  5800 |  1290 | 10332k|1184.2 |   557M |  96 |3374 |  15k|  17k|  39k|  0 |2109 |7229 | 6.867328e+05 | 6.869640e+05 |   0.03%|  23.09%
 7641s|  5900 |  1352 | 10470k|1186.5 |   565M |  96 |3374 |  15k|  17k|  39k|  1 |2149 |7256 | 6.867348e+05 | 6.869640e+05 |   0.03%|  23.30%
 7787s|  6000 |  1384 | 10697k|1198.6 |   572M |  96 |3374 |  15k|  17k|  40k|  0 |2179 |7282 | 6.867397e+05 | 6.869640e+05 |   0.03%|  23.88%
 7990s|  6100 |  1410 | 11007k|1219.8 |   581M |  96 |3374 |  15k|  17k|  41k|  1 |2179 |7296 | 6.867426e+05 | 6.869640e+05 |   0.03%|  24.42%
 8141s|  6200 |  1442 | 11218k|1229.6 |   582M |  96 |3374 |  15k|  17k|  42k|  0 |2182 |7314 | 6.867434e+05 | 6.869640e+05 |   0.03%|  24.51%
 8281s|  6300 |  1465 | 11436k|1239.9 |   591M |  96 |3374 |  15k|  17k|  43k|  0 |2183 |7340 | 6.867447e+05 | 6.869640e+05 |   0.03%|  24.64%
 8400s|  6400 |  1492 | 11617k|1246.1 |   594M |  96 |3374 |  15k|  18k|  44k|  0 |2201 |7404 | 6.867457e+05 | 6.869640e+05 |   0.03%|  37.66%
 8611s|  6500 |  1546 | 11905k|1263.5 |   603M |  96 |3374 |  15k|  18k|  45k|  2 |2218 |7509 | 6.867474e+05 | 6.869640e+05 |   0.03%|  37.96%
 8849s|  6600 |  1562 | 12216k|1283.0 |   619M |  96 |3374 |  15k|  17k|  47k|  1 |2230 |7622 | 6.867509e+05 | 6.869640e+05 |   0.03%|  38.42%
 9042s|  6700 |  1583 | 12471k|1296.2 |   634M |  96 |3374 |  15k|  17k|  48k|  3 |2231 |7683 | 6.867529e+05 | 6.869640e+05 |   0.03%|  38.71%
 9182s|  6800 |  1612 | 12665k|1302.9 |   647M |  96 |3374 |  15k|  17k|  49k|  1 |2234 |7733 | 6.867549e+05 | 6.869640e+05 |   0.03%|  39.00%
 9379s|  6900 |  1595 | 12907k|1314.2 |   650M |  96 |3374 |  15k|  17k|  49k|  2 |2234 |7790 | 6.867573e+05 | 6.869640e+05 |   0.03%|  41.55%
 9487s|  7000 |  1581 | 13062k|1316.6 |   652M |  96 |3374 |  15k|  18k|  49k|  0 |2241 |7820 | 6.867604e+05 | 6.869640e+05 |   0.03%|  41.87%
 9650s|  7100 |  1589 | 13292k|1326.5 |   653M |  96 |3374 |  15k|  18k|  50k|  0 |2256 |7892 | 6.867609e+05 | 6.869640e+05 |   0.03%|  41.93%
 9856s|  7200 |  1601 | 13553k|1339.2 |   659M |  96 |3374 |  15k|  18k|  51k|  0 |2269 |7949 | 6.867615e+05 | 6.869640e+05 |   0.03%|  41.99%
 time | node  | left  |LP iter|LP it/n|mem/heur|mdpt |vars |cons |rows |cuts |sepa|confs|strbr|  dualbound   | primalbound  |  gap   | compl. 
  168m|  7300 |  1587 | 13865k|1356.7 |   672M |  96 |3374 |  15k|  18k|  52k|  0 |2274 |7993 | 6.867625e+05 | 6.869640e+05 |   0.03%|  42.09%
  173m|  7400 |  1625 | 14366k|1392.3 |   676M |  96 |3374 |  15k|  18k|  53k|  2 |2277 |8030 | 6.867650e+05 | 6.869640e+05 |   0.03%|  42.35%
  177m|  7500 |  1651 | 14685k|1409.5 |   681M |  96 |3374 |  15k|  17k|  54k|  0 |2281 |8080 | 6.867664e+05 | 6.869640e+05 |   0.03%|  42.50%
  181m|  7600 |  1669 | 14989k|1425.1 |   685M |  96 |3374 |  15k|  18k|  55k|  8 |2286 |8212 | 6.867675e+05 | 6.869640e+05 |   0.03%|  42.61%
  184m|  7700 |  1698 | 15293k|1440.3 |   688M |  96 |3374 |  15k|  18k|  56k|  0 |2299 |8303 | 6.867682e+05 | 6.869640e+05 |   0.03%|  43.84%
  188m|  7800 |  1698 | 15582k|1453.9 |   695M |  96 |3374 |  15k|  18k|  56k|  0 |2309 |8365 | 6.867687e+05 | 6.869640e+05 |   0.03%|  43.89%
  192m|  7900 |  1694 | 15856k|1465.9 |   703M |  96 |3374 |  15k|  17k|  57k|  2 |2311 |8447 | 6.867701e+05 | 6.869640e+05 |   0.03%|  44.03%
  200m|  8000 |  1728 | 16389k|1501.3 |   707M |  96 |3374 |  15k|  18k|  58k|  1 |2312 |8677 | 6.867702e+05 | 6.869640e+05 |   0.03%|  44.08%
  206m|  8100 |  1758 | 16861k|1530.6 |   715M |  96 |3374 |  15k|  18k|  60k|  1 |2315 |8784 | 6.867716e+05 | 6.869640e+05 |   0.03%|  44.22%
  210m|  8200 |  1760 | 17185k|1546.1 |   722M |  96 |3374 |  15k|  18k|  60k|  0 |2318 |8829 | 6.867721e+05 | 6.869640e+05 |   0.03%|  44.28%
  214m|  8300 |  1776 | 17473k|1558.0 |   741M |  96 |3374 |  15k|  17k|  60k|  0 |2318 |8842 | 6.867731e+05 | 6.869640e+05 |   0.03%|  44.38%
  220m|  8400 |  1772 | 17896k|1581.7 |   763M |  96 |3374 |  15k|  18k|  61k|  2 |2326 |8925 | 6.867737e+05 | 6.869640e+05 |   0.03%|  45.59%
  224m|  8500 |  1806 | 18167k|1591.6 |   773M |  96 |3374 |  15k|  18k|  62k|  5 |2342 |9037 | 6.867739e+05 | 6.869640e+05 |   0.03%|  45.61%
  228m|  8600 |  1820 | 18532k|1609.5 |   780M |  96 |3374 |  15k|  18k|  63k|  4 |2366 |9124 | 6.867746e+05 | 6.869640e+05 |   0.03%|  45.69%
  234m|  8700 |  1844 | 18946k|1631.3 |   790M |  96 |3374 |  15k|  18k|  64k|  1 |2370 |9193 | 6.867750e+05 | 6.869640e+05 |   0.03%|  45.73%
 time | node  | left  |LP iter|LP it/n|mem/heur|mdpt |vars |cons |rows |cuts |sepa|confs|strbr|  dualbound   | primalbound  |  gap   | compl. 
  238m|  8800 |  1848 | 19287k|1646.6 |   808M |  96 |3374 |  15k|  18k|  65k|  2 |2377 |9215 | 6.867757e+05 | 6.869640e+05 |   0.03%|  45.80%

SCIP Status        : solving was interrupted [time limit reached]
Solving Time (sec) : 14400.00
Solving Nodes      : 8860 (total of 11746 nodes in 2 runs)
Primal Bound       : +6.86963993000000e+05 (36 solutions)
Dual Bound         : +6.86776244569235e+05
Gap                : 0.03 %

primal solution (original space):
=================================

objective value:                           686963.993
z#0                                                 1 	(obj:0)
z#21                                                1 	(obj:0)
z#35                                                1 	(obj:0)
z#47                                                1 	(obj:0)
z#77                                                1 	(obj:0)
z#109                                               1 	(obj:0)
z#121                                               1 	(obj:0)
z#127                                               1 	(obj:0)
z#143                                               1 	(obj:0)
z#154                                               1 	(obj:0)
z#156                                               1 	(obj:0)
z#163                                               1 	(obj:0)
z#179                                               1 	(obj:0)
z#196                                               1 	(obj:0)
z#206                                               1 	(obj:0)
z#230                                               1 	(obj:0)
z#232                                               1 	(obj:0)
z#259                                               1 	(obj:0)
z#317                                               1 	(obj:0)
z#325                                               1 	(obj:0)
z#326                                               1 	(obj:0)
z#336                                               1 	(obj:0)
z#339                                               1 	(obj:0)
z#363                                               1 	(obj:0)
z#388                                               1 	(obj:0)
z#421                                               1 	(obj:0)
z#430                                               1 	(obj:0)
z#512                                               1 	(obj:0)
z#535                                               1 	(obj:0)
z#568                                               1 	(obj:0)
z#571                                               1 	(obj:0)
z#576                                               1 	(obj:0)
z#584                                               1 	(obj:0)
z#610                                               1 	(obj:0)
z#630                                               1 	(obj:0)
z#632                                               1 	(obj:0)
z#645                                               1 	(obj:0)
z#650                                               1 	(obj:0)
z#657                                               1 	(obj:0)
z#673                                               1 	(obj:0)
z#783                                               1 	(obj:0)
z#825                                               1 	(obj:0)
z#838                                               1 	(obj:0)
z#854                                               1 	(obj:0)
z#866                                               1 	(obj:0)
z#867                                               1 	(obj:0)
z#890                                               1 	(obj:0)
z#892                                               1 	(obj:0)
z#894                                               1 	(obj:0)
z#935                                               1 	(obj:0)
z#940                                               1 	(obj:0)
z#948                                               1 	(obj:0)
z#963                                               1 	(obj:0)
z#971                                               1 	(obj:0)
z#1005                                              1 	(obj:0)
z#1020                                              1 	(obj:0)
z#1022                                              1 	(obj:0)
z#1031                                              1 	(obj:0)
z#1039                                              1 	(obj:0)
z#1068                                              1 	(obj:0)
z#1084                                              1 	(obj:0)
z#1111                                              1 	(obj:0)
z#1123                                              1 	(obj:0)
z#1146                                              1 	(obj:0)
z#1157                                              1 	(obj:0)
z#1164                                              1 	(obj:0)
z#1169                                              1 	(obj:0)
z#1174                                              1 	(obj:0)
z#1182                                              1 	(obj:0)
z#1194                                              1 	(obj:0)
z#1216                                              1 	(obj:0)
z#1250                                              1 	(obj:0)
z#1277                                              1 	(obj:0)
z#1292                                              1 	(obj:0)
z#1297                                              1 	(obj:0)
z#1306                                              1 	(obj:0)
z#1325                                              1 	(obj:0)
z#1339                                              1 	(obj:0)
z#1371                                              1 	(obj:0)
z#1395                                              1 	(obj:0)
z#1424                                              1 	(obj:0)
z#1453                                              1 	(obj:0)
z#1454                                              1 	(obj:0)
z#1506                                              1 	(obj:0)
z#1537                                              1 	(obj:0)
z#1582                                              1 	(obj:0)
z#1607                                              1 	(obj:0)
z#1610                                              1 	(obj:0)
z#1615                                              1 	(obj:0)
z#1709                                              1 	(obj:0)
z#1743                                              1 	(obj:0)
z#1754                                              1 	(obj:0)
z#1778                                              1 	(obj:0)
z#1797                                              1 	(obj:0)
z#1862                                              1 	(obj:0)
z#1896                                              1 	(obj:0)
z#1915                                              1 	(obj:0)
z#1968                                              1 	(obj:0)
z#1987                                              1 	(obj:0)
z#1994                                              1 	(obj:0)
z#2050                                              1 	(obj:0)
z#2055                                              1 	(obj:0)
z#2064                                              1 	(obj:0)
z#2076                                              1 	(obj:0)
z#2094                                              1 	(obj:0)
z#2095                                              1 	(obj:0)
z#2116                                              1 	(obj:0)
z#2120                                              1 	(obj:0)
z#2149                                              1 	(obj:0)
z#2152                                              1 	(obj:0)
z#2153                                              1 	(obj:0)
z#2159                                              1 	(obj:0)
z#2165                                              1 	(obj:0)
z#2174                                              1 	(obj:0)
z#2181                                              1 	(obj:0)
z#2242                                              1 	(obj:0)
z#2312                                              1 	(obj:0)
z#2327                                              1 	(obj:0)
z#2332                                              1 	(obj:0)
z#2348                                              1 	(obj:0)
z#2362                                              1 	(obj:0)
z#2367                                              1 	(obj:0)
z#2372                                              1 	(obj:0)
z#2380                                              1 	(obj:0)
z#2387                                              1 	(obj:0)
z#2463                                              1 	(obj:0)
z#2490                                              1 	(obj:0)
z#2500                                              1 	(obj:0)
z#2546                                              1 	(obj:0)
z#2558                                              1 	(obj:0)
z#2585                                              1 	(obj:0)
z#2629                                              1 	(obj:0)
z#2643                                              1 	(obj:0)
z#2662                                              1 	(obj:0)
z#2679                                              1 	(obj:0)
z#2701                                              1 	(obj:0)
z#2707                                              1 	(obj:0)
z#2729                                              1 	(obj:0)
z#2732                                              1 	(obj:0)
z#2733                                              1 	(obj:0)
z#2741                                              1 	(obj:0)
z#2751                                              1 	(obj:0)
z#2784                                              1 	(obj:0)
z#2823                                              1 	(obj:0)
z#2894                                              1 	(obj:0)
z#2906                                              1 	(obj:0)
z#2913                                              1 	(obj:0)
z#2927                                              1 	(obj:0)
z#2959                                              1 	(obj:0)
z#2965                                              1 	(obj:0)
x#0                                           591.779 	(obj:100)
x#4                                            63.828 	(obj:133)
x#9                                  67.7180000000001 	(obj:129)
x#13                                          416.747 	(obj:189)
x#18                                0.620000000000005 	(obj:171)
x#19                                          205.918 	(obj:101)
x#24                                 71.0120000000003 	(obj:180)
x#26                                 2.94399999999996 	(obj:193)
x#28                                          417.446 	(obj:187)
x#33                                 68.0219999999998 	(obj:188)
x#37                                0.100999999999999 	(obj:161)
x#39                                 71.6750000000002 	(obj:104)
x#42                                          559.917 	(obj:110)
x#46                               0.0499999999999545 	(obj:118)
x#48                                          139.987 	(obj:116)
x#56                                          559.937 	(obj:119)
x#60                               0.0589999999998554 	(obj:106)
x#63                                          139.993 	(obj:143)
x#66                              0.00599999999997181 	(obj:103)
x#71                                          559.999 	(obj:128)
x#78                                          139.994 	(obj:130)
x#85                                              560 	(obj:176)
y#13                                          135.755 	(obj:104)
y#16                                 4.04499999999996 	(obj:101)
y#30                                0.522999999999911 	(obj:117)
y#32                                          139.062 	(obj:123)
y#35                                0.250999999999976 	(obj:100)
y#38                               0.0869999999999891 	(obj:111)
y#80                              0.00599999999997181 	(obj:118)
y#90                                              140 	(obj:104)
u#0                                           591.779 	(obj:0)
u#1                                           591.779 	(obj:0)
u#2                                           591.779 	(obj:0)
u#3                                           591.779 	(obj:0)
u#4                                           655.607 	(obj:0)
u#5                                           655.607 	(obj:0)
u#6                                           655.607 	(obj:0)
u#7                                           655.607 	(obj:0)
u#8                                           655.607 	(obj:0)
u#9                                           723.325 	(obj:0)
u#10                                          723.325 	(obj:0)
u#11                                          723.325 	(obj:0)
u#12                                          723.325 	(obj:0)
u#13                                         1140.072 	(obj:0)
u#14                                         1140.072 	(obj:0)
u#15                                          548.293 	(obj:0)
u#16                                          548.293 	(obj:0)
u#17                                          548.293 	(obj:0)
u#18                                          548.913 	(obj:0)
u#19                                          691.003 	(obj:0)
u#20                                          691.003 	(obj:0)
u#21                                          691.003 	(obj:0)
u#22                                          691.003 	(obj:0)
u#23                                          691.003 	(obj:0)
u#24                                          694.297 	(obj:0)
u#25                                          694.297 	(obj:0)
u#26                                          697.241 	(obj:0)
u#27                                          697.241 	(obj:0)
u#28                                           697.94 	(obj:0)
u#29                                           697.94 	(obj:0)
u#30                                           697.94 	(obj:0)
u#31                                           697.94 	(obj:0)
u#32                                           697.94 	(obj:0)
u#33                                          765.342 	(obj:0)
u#34                                          559.424 	(obj:0)
u#35                                          559.424 	(obj:0)
u#36                                          559.424 	(obj:0)
u#37                                          559.525 	(obj:0)
u#38                                          559.525 	(obj:0)
u#39                                          560.188 	(obj:0)
u#40                                          560.188 	(obj:0)
u#41                                          557.244 	(obj:0)
u#42                                         1117.161 	(obj:0)
u#43                                          699.715 	(obj:0)
u#44                                          699.715 	(obj:0)
u#45                                          699.715 	(obj:0)
u#46                                          699.765 	(obj:0)
u#47                                          699.765 	(obj:0)
u#48                                           771.73 	(obj:0)
u#49                                           771.73 	(obj:0)
u#50                                           771.73 	(obj:0)
u#51                                           771.73 	(obj:0)
u#52                                          771.629 	(obj:0)
u#53                                          771.629 	(obj:0)
u#54                                          699.954 	(obj:0)
u#55                                          699.954 	(obj:0)
u#56                                         1259.891 	(obj:0)
u#57                                          699.974 	(obj:0)
u#58                                          699.974 	(obj:0)
u#59                                          699.974 	(obj:0)
u#60                                          700.033 	(obj:0)
u#61                                          699.983 	(obj:0)
u#62                                          699.983 	(obj:0)
u#63                                          699.989 	(obj:0)
u#64                                          699.989 	(obj:0)
u#65                                          699.989 	(obj:0)
u#66                                          699.995 	(obj:0)
u#67                                          699.995 	(obj:0)
u#68                                          699.995 	(obj:0)
u#69                                          699.995 	(obj:0)
u#70                                          699.995 	(obj:0)
u#71                                          700.057 	(obj:0)
u#72                                          700.057 	(obj:0)
u#73                                          700.057 	(obj:0)
u#74                                          700.057 	(obj:0)
u#75                                          699.998 	(obj:0)
u#76                                          699.998 	(obj:0)
u#77                                          699.998 	(obj:0)
u#78                                          699.999 	(obj:0)
u#79                                          699.999 	(obj:0)
u#80                                          699.999 	(obj:0)
u#81                                          699.993 	(obj:0)
u#82                                          699.993 	(obj:0)
u#83                                          699.993 	(obj:0)
u#84                                          699.993 	(obj:0)
u#85                                         1259.993 	(obj:0)
u#86                                          699.994 	(obj:0)
u#87                                          699.994 	(obj:0)
u#88                                          699.994 	(obj:0)
u#89                                          699.994 	(obj:0)
u#90                                          699.994 	(obj:0)
u#91                                          699.994 	(obj:0)
u#92                                          699.994 	(obj:0)
u#93                                              560 	(obj:0)
u#94                                              560 	(obj:0)
u#95                                              560 	(obj:0)
u#96                                              560 	(obj:0)
u#97                                              560 	(obj:0)
u#98                                              560 	(obj:0)
u#99                                              560 	(obj:0)
v#13                                          135.755 	(obj:0)
v#14                                          135.755 	(obj:0)
v#15                                          135.755 	(obj:0)
v#16                                            139.8 	(obj:0)
v#17                                            139.8 	(obj:0)
v#18                                            139.8 	(obj:0)
v#19                                            139.8 	(obj:0)
v#20                                            139.8 	(obj:0)
v#21                                            139.8 	(obj:0)
v#22                                            139.8 	(obj:0)
v#23                                 4.04499999999996 	(obj:0)
v#24                                 4.04499999999996 	(obj:0)
v#25                                 4.04499999999996 	(obj:0)
v#30                                0.522999999999911 	(obj:0)
v#31                                0.522999999999911 	(obj:0)
v#32                                          139.585 	(obj:0)
v#33                                          139.585 	(obj:0)
v#34                                          139.585 	(obj:0)
v#35                                          139.836 	(obj:0)
v#36                                          139.836 	(obj:0)
v#37                                          139.836 	(obj:0)
v#38                                          139.923 	(obj:0)
v#39                                          139.923 	(obj:0)
v#40                                            139.4 	(obj:0)
v#41                                            139.4 	(obj:0)
v#42                                0.337999999999965 	(obj:0)
v#43                                0.337999999999965 	(obj:0)
v#44                                0.337999999999965 	(obj:0)
v#45                               0.0869999999999891 	(obj:0)
v#46                               0.0869999999999891 	(obj:0)
v#47                               0.0869999999999891 	(obj:0)
v#80                              0.00599999999997181 	(obj:0)
v#81                              0.00599999999997181 	(obj:0)
v#82                              0.00599999999997181 	(obj:0)
v#83                              0.00599999999997181 	(obj:0)
v#84                              0.00599999999997181 	(obj:0)
v#85                              0.00599999999997181 	(obj:0)
v#86                              0.00599999999997181 	(obj:0)
v#87                              0.00599999999997181 	(obj:0)
v#88                              0.00599999999997181 	(obj:0)
v#89                              0.00599999999997181 	(obj:0)
v#90                                              140 	(obj:0)
v#91                                              140 	(obj:0)
v#92                                              140 	(obj:0)
v#93                                              140 	(obj:0)
v#94                                              140 	(obj:0)
v#95                                              140 	(obj:0)
v#96                                              140 	(obj:0)
v#97                                              140 	(obj:0)
v#98                                              140 	(obj:0)
v#99                                              140 	(obj:0)
w#0                                           591.779 	(obj:0)
w#1                                           591.779 	(obj:0)
w#2                                           591.779 	(obj:0)
w#3                                           591.779 	(obj:0)
w#4                                           655.607 	(obj:0)
w#5                                           655.607 	(obj:0)
w#6                                           655.607 	(obj:0)
w#7                                           655.607 	(obj:0)
w#8                                           655.607 	(obj:0)
w#9                                           723.325 	(obj:0)
w#10                                          723.325 	(obj:0)
w#11                                          723.325 	(obj:0)
w#12                                          723.325 	(obj:0)
w#13                                         1275.827 	(obj:0)
w#14                                         1275.827 	(obj:0)
w#15                                          684.048 	(obj:0)
w#16                                          688.093 	(obj:0)
w#17                                          688.093 	(obj:0)
w#18                                          688.713 	(obj:0)
w#19                                          830.803 	(obj:0)
w#20                                          830.803 	(obj:0)
w#21                                          830.803 	(obj:0)
w#22                                          830.803 	(obj:0)
w#23                                          695.048 	(obj:0)
w#24                                          698.342 	(obj:0)
w#25                                          698.342 	(obj:0)
w#26                                          697.241 	(obj:0)
w#27                                          697.241 	(obj:0)
w#28                                           697.94 	(obj:0)
w#29                                           697.94 	(obj:0)
w#30                                          698.463 	(obj:0)
w#31                                          698.463 	(obj:0)
w#32                                          837.525 	(obj:0)
w#33                                          904.927 	(obj:0)
w#34                                          699.009 	(obj:0)
w#35                                           699.26 	(obj:0)
w#36                                           699.26 	(obj:0)
w#37                                          699.361 	(obj:0)
w#38                                          699.448 	(obj:0)
w#39                                          700.111 	(obj:0)
w#40                                          699.588 	(obj:0)
w#41                                          696.644 	(obj:0)
w#42                                         1117.499 	(obj:0)
w#43                                          700.053 	(obj:0)
w#44                                          700.053 	(obj:0)
w#45                                          699.802 	(obj:0)
w#46                                          699.852 	(obj:0)
w#47                                          699.852 	(obj:0)
w#48                                           771.73 	(obj:0)
w#49                                           771.73 	(obj:0)
w#50                                           771.73 	(obj:0)
w#51                                           771.73 	(obj:0)
w#52                                          771.629 	(obj:0)
w#53                                          771.629 	(obj:0)
w#54                                          699.954 	(obj:0)
w#55                                          699.954 	(obj:0)
w#56                                         1259.891 	(obj:0)
w#57                                          699.974 	(obj:0)
w#58                                          699.974 	(obj:0)
w#59                                          699.974 	(obj:0)
w#60                                          700.033 	(obj:0)
w#61                                          699.983 	(obj:0)
w#62                                          699.983 	(obj:0)
w#63                                          699.989 	(obj:0)
w#64                                          699.989 	(obj:0)
w#65                                          699.989 	(obj:0)
w#66                                          699.995 	(obj:0)
w#67                                          699.995 	(obj:0)
w#68                                          699.995 	(obj:0)
w#69                                          699.995 	(obj:0)
w#70                                          699.995 	(obj:0)
w#71                                          700.057 	(obj:0)
w#72                                          700.057 	(obj:0)
w#73                                          700.057 	(obj:0)
w#74                                          700.057 	(obj:0)
w#75                                          699.998 	(obj:0)
w#76                                          699.998 	(obj:0)
w#77                                          699.998 	(obj:0)
w#78                                          699.999 	(obj:0)
w#79                                          699.999 	(obj:0)
w#80                                          700.005 	(obj:0)
w#81                                          699.999 	(obj:0)
w#82                                          699.999 	(obj:0)
w#83                                          699.999 	(obj:0)
w#84                                          699.999 	(obj:0)
w#85                                         1259.999 	(obj:0)
w#86                                              700 	(obj:0)
w#87                                              700 	(obj:0)
w#88                                              700 	(obj:0)
w#89                                              700 	(obj:0)
w#90                                          839.994 	(obj:0)
w#91                                          839.994 	(obj:0)
w#92                                          839.994 	(obj:0)
w#93                                              700 	(obj:0)
w#94                                              700 	(obj:0)
w#95                                              700 	(obj:0)
w#96                                              700 	(obj:0)
w#97                                              700 	(obj:0)
w#98                                              700 	(obj:0)
w#99                                              700 	(obj:0)

Statistics
==========

SCIP Status        : solving was interrupted [time limit reached]
Total Time         :   14400.33
  solving          :   14400.00
  presolving       :       0.35 (included in solving)
  reading          :       0.33
  copying          :       0.66 (21 #copies) (minimal 0.02, maximal 0.04, average 0.03)
Original Problem   :
  Problem name     : 100-3000-2
  Variables        : 3500 (3000 binary, 0 integer, 0 implicit integer, 500 continuous)
  Constraints      : 15402 initial, 15402 maximal
  Objective        : minimize, 200 non-zeros (abs.min = 100, abs.max = 298)
Presolved Problem  :
  Problem name     : t_100-3000-2
  Variables        : 3374 (2983 binary, 0 integer, 0 implicit integer, 391 continuous)
  Constraints      : 15634 initial, 15700 maximal
  Objective        : minimize, 197 non-zeros (abs.min = 100, abs.max = 298)
  Nonzeros         : 53864 constraint, 0 clique table
Presolvers         :   ExecTime  SetupTime  Calls  FixedVars   AggrVars   ChgTypes  ChgBounds   AddHoles    DelCons    AddCons   ChgSides   ChgCoefs
  boundshift       :       0.00       0.00      0          0          0          0          0          0          0          0          0          0
  convertinttobin  :       0.00       0.00      0          0          0          0          0          0          0          0          0          0
  domcol           :       0.07       0.00      2          0          0          0          0          0          0          0          0          0
  dualagg          :       0.00       0.00      0          0          0          0          0          0          0          0          0          0
  dualcomp         :       0.03       0.00      2          0          0          0          0          0          0          0          0          0
  dualinfer        :       0.00       0.00      0          0          0          0          0          0          0          0          0          0
  dualsparsify     :       0.07       0.00      1          0          0          0          0          0          0          0          0          0
  gateextraction   :       0.00       0.00      0          0          0          0          0          0          0          0          0          0
  implics          :       0.00       0.00      4          0          0          0          0          0          0          0          0          0
  inttobinary      :       0.00       0.00      0          0          0          0          0          0          0          0          0          0
  milp             :       0.04       0.00      1          3        102          0         44          0          0          0          0          0
  qpkktref         :       0.00       0.00      0          0          0          0          0          0          0          0          0          0
  redvub           :       0.00       0.00      0          0          0          0          0          0          0          0          0          0
  sparsify         :       0.02       0.00      1          0          0          0          0          0          0          0          0          0
  stuffing         :       0.00       0.00      0          0          0          0          0          0          0          0          0          0
  trivial          :       0.00       0.00      7          0          0          0          0          0          0          0          0          0
  tworowbnd        :       0.00       0.00      0          0          0          0          0          0          0          0          0          0
  dualfix          :       0.00       0.00      7         17          0          0          0          0          0          0          0          0
  genvbounds       :       0.00       0.00      0          0          0          0          0          0          0          0          0          0
  probing          :       0.01       0.00      1          0          0          0          0          0          0          0          0          0
  pseudoobj        :       0.00       0.00      1          0          0          0          0          0          0          0          0          0
  symmetry         :       0.00       0.00      1          0          0          0          0          0          0          0          0          0
  vbounds          :       0.00       0.00      0          0          0          0          0          0          0          0          0          0
  chancecons       :       0.00       0.00      0          0          0          0          0          0          0          0          0          0
  varbound         :       0.02       0.00      5          0          0          0          0          0          0          0          0          0
  knapsack         :       0.00       0.00      4          0          0          0          0          0          0          0          0          0
  linear           :       0.06       0.01     10          0          4          0        218          0        482          0          0          0
  logicor          :       0.00       0.00      4          0          0          0          0          0          0          0          0          2
  bounddisjunction :       0.00       0.00      2          0          0          0          0          0          0          0          0          0
  benders          :       0.00       0.00      0          0          0          0          0          0          0          0          0          0
  components       :       0.00       0.00      2          0          0          0          0          0          0          0          0          0
  root node        :          -          -      -          4          -          -       3099          -          -          -          -          -
Constraints        :     Number  MaxNumber  #Separate #Propagate    #EnfoLP    #EnfoRelax  #EnfoPS    #Check   #ResProp    Cutoffs    DomReds       Cuts    Applied      Conss   Children
  benderslp        :          0          0          0          0       9243          0          0       2188          0          0          0          0          0          0          0
  chancecons       :          1          1       2811          0          0          0          0          0          0          0          0      62181      51622          0          0
  integral         :          0          0          0          0       9243          0          0       2188          0          0      13574          0          0        785      14478
  varbound         :      14626      14626         38     178127          0          0          0       2182      11943        155     292876          0          0          0          0
  knapsack         :          1          1         38     178445          0          0          0         64       5248         36          0          0          0          0          0
  linear           :        798+       803         38     179167          0          0          0         61       2305        589     549758         13          6          0          0
  logicor          :         19         19         16       2371          0          0          0          0          3          0          3          0          0          0          0
  bounddisjunction :        189+       251          0      19737          0          0          0          0         75          0        212          0          0          0          0
  benders          :          0          0          0          0          0          0          0         59          0          0          0          0          0          0          0
  fixedvar         :          0          0          0          0          0          0          0         59          0          0          0          0          0          0          0
  countsols        :          0          0          0          0          0          0          0         59          0          0          0          0          0          0          0
  components       :          0          0          0          0          0          0          0          0          0          0          0          0          0          0          0
Constraint Timings :  TotalTime  SetupTime   Separate  Propagate     EnfoLP     EnfoPS     EnfoRelax   Check    ResProp    SB-Prop
  benderslp        :       0.01       0.00       0.00       0.00       0.01       0.00       0.00       0.00       0.00       0.00
  chancecons       :       2.37       0.00       2.37       0.00       0.00       0.00       0.00       0.00       0.00       0.00
  integral         :    2123.46       0.00       0.00       0.00    2123.45       0.00       0.00       0.00       0.00       0.00
  varbound         :       8.95       0.00       0.08       6.77       0.00       0.00       0.00       0.16       0.00       1.93
  knapsack         :       2.96       0.00       0.68       2.11       0.00       0.00       0.00       0.00       0.13       0.03
  linear           :       7.01       0.01       0.16       5.04       0.00       0.00       0.00       0.00       0.00       1.80
  logicor          :       0.01       0.00       0.00       0.00       0.00       0.00       0.00       0.00       0.00       0.00
  bounddisjunction :       0.16       0.00       0.00       0.13       0.00       0.00       0.00       0.00       0.00       0.03
  benders          :       0.00       0.00       0.00       0.00       0.00       0.00       0.00       0.00       0.00       0.00
  fixedvar         :       0.00       0.00       0.00       0.00       0.00       0.00       0.00       0.00       0.00       0.00
  countsols        :       0.00       0.00       0.00       0.00       0.00       0.00       0.00       0.00       0.00       0.00
  components       :       0.02       0.00       0.00       0.01       0.00       0.00       0.00       0.00       0.00       0.01
Propagators        : #Propagate   #ResProp    Cutoffs    DomReds
  dualfix          :          9          0          0          0
  genvbounds       :          0          0          0          0
  nlobbt           :          0          0          0          0
  obbt             :          0          0          0          0
  probing          :          0          0          0          0
  pseudoobj        :      55504          0          0        241
  redcost          :      33507          0          0    1372041
  rootredcost      :          5          0          0        462
  symmetry         :          0          0          0          0
  vbounds          :      84167          0          0          0
Propagator Timings :  TotalTime  SetupTime   Presolve  Propagate    ResProp    SB-Prop
  dualfix          :       0.00       0.00       0.00       0.00       0.00       0.00
  genvbounds       :       0.04       0.00       0.00       0.03       0.00       0.01
  nlobbt           :       0.00       0.00       0.00       0.00       0.00       0.00
  obbt             :       0.00       0.00       0.00       0.00       0.00       0.00
  probing          :       0.01       0.00       0.01       0.00       0.00       0.00
  pseudoobj        :       0.48       0.00       0.00       0.47       0.00       0.01
  redcost          :       4.79       0.00       0.00       4.79       0.00       0.01
  rootredcost      :       0.04       0.00       0.00       0.03       0.00       0.01
  symmetry         :       0.05       0.00       0.00       0.03       0.00       0.01
  vbounds          :       0.63       0.00       0.00       0.61       0.00       0.02
Symmetry           :
  orbitopal red.   :          0 reductions applied,          0 cutoffs
  orbital reduction:          0 reductions applied,          0 cutoffs
  lexicographic red:          0 reductions applied,          0 cutoffs
  shadow tree time :       0.00 s
Conflict Analysis  :       Time      Calls    Success    DomReds  Conflicts   Literals    Reconvs ReconvLits   Dualrays   Nonzeros   LP Iters   (pool size: [10000,10000])
  propagation      :       0.15        191        133          -        655      134.7          4       27.2          -          -          -
  infeasible LP    :       0.00          0          0          -          0        0.0          0        0.0          0        0.0          0
  bound exceed. LP :      29.12       5960       1909          -       2284       68.1          0        0.0        952        3.4      36630
  strong branching :       0.00          0          0          -          0        0.0          0        0.0          -          -          0
  pseudo solution  :       0.00          0          0          -          0        0.0          0        0.0          -          -          -
  applied globally :       0.04          -          -        940       1427       91.4          -          -        952          -          -
  applied locally  :          -          -          -          0          0        0.0          -          -          0          -          -
Separators         :   ExecTime  SetupTime      Calls  RootCalls    Cutoffs    DomReds  FoundCuts ViaPoolAdd  DirectAdd    Applied ViaPoolApp  DirectApp      Conss
  cut pool         :       1.15          -       3430         75          -          -      36951     318919          -          -          -          -          -    (maximal pool size:      13148)
  aggregation      :       2.33       0.00        240         38          0          0      31270     250596          7      24115      24114          1          0
  > cmir           :          -          -          -          -          -          -          -     250559          0      24114      24114          0          -
  > flowcover      :          -          -          -          -          -          -          -         37          7          1          0          1          -
  > knapsackcover  :          -          -          -          -          -          -          -          0          0          0          0          0          -
  cgmip            :       0.00       0.00          0          0          0          0          0          0          0          0          0          0          0
  clique           :       0.00       0.00          2          2          0          0          0          0          0          0          0          0          0
  closecuts        :       0.00       0.00          0          0          0          0          0          0          0          0          0          0          0
  convexproj       :       0.00       0.00          0          0          0          0          0          0          0          0          0          0          0
  disjunctive      :       0.00       0.00          0          0          0          0          0          0          0          0          0          0          0
  eccuts           :       0.00       0.00          0          0          0          0          0          0          0          0          0          0          0
  gauge            :       0.00       0.00          0          0          0          0          0          0          0          0          0          0          0
  gomory           :      14.32       0.00        221         20          0          0       5688      68323          0      12239      12239          0          0
  > gomorymi       :          -          -          -          -          -          -          -      68323          0      12239      12239          0          -
  > strongcg       :          -          -          -          -          -          -          -          0          0          0          0          0          -
  impliedbounds    :       0.08       0.00        240         38          0          0          0          0          0          0          0          0          0
  interminor       :       0.00       0.00          0          0          0          0          0          0          0          0          0          0          0
  intobj           :       0.00       0.00          0          0          0          0          0          0          0          0          0          0          0
  lagromory        :       0.00       0.00          0          0          0          0          0          0          0          0          0          0          0
  mcf              :       0.01       0.00          2          2          0          0          0          0          0          0          0          0          0
  minor            :       0.00       0.00         20         20          0          0          0          0          0          0          0          0          0
  mixing           :       0.00       0.00          0          0          0          0          0          0          0          0          0          0          0
  oddcycle         :       0.00       0.00          0          0          0          0          0          0          0          0          0          0          0
  rapidlearning    :       0.00       0.00          0          0          0          0          0          0          0          0          0          0          0
  rlt              :       0.00       0.00         20         20          0          0          0          0          0          0          0          0          0
  zerohalf         :       0.45       0.00        237         36          0          0          0          0          0          0          0          0          0
Cutselectors       :   ExecTime  SetupTime      Calls  RootCalls   Selected     Forced   Filtered  RootSelec   RootForc   RootFilt 
  hybrid           :       0.57       0.00       3187         39      87982          0     293138       3719          0      40046
  ensemble         :       0.00       0.00          0          0          0          0          0          0          0          0
  dynamic          :       0.00       0.00          0          0          0          0          0          0          0          0
Pricers            :   ExecTime  SetupTime      Calls       Vars
  problem variables:       0.00          -          0          0
Branching Rules    :   ExecTime  SetupTime   BranchLP  BranchExt   BranchPS    Cutoffs    DomReds       Cuts      Conss   Children
  allfullstrong    :       0.00       0.00          0          0          0          0          0          0          0          0
  cloud            :       0.00       0.00          0          0          0          0          0          0          0          0
  distribution     :       0.00       0.00          0          0          0          0          0          0          0          0
  fullstrong       :       0.00       0.00          0          0          0          0          0          0          0          0
  gomory           :       0.00       0.00          0          0          0          0          0          0          0          0
  inference        :       0.00       0.00          0          0          0          0          0          0          0          0
  leastinf         :       0.00       0.00          0          0          0          0          0          0          0          0
  lookahead        :       0.00       0.00          0          0          0          0          0          0          0          0
  mostinf          :       0.00       0.00          0          0          0          0          0          0          0          0
  multaggr         :       0.00       0.00          0          0          0          0          0          0          0          0
  nodereopt        :       0.00       0.00          0          0          0          0          0          0          0          0
  pscost           :       0.00       0.00          0          0          0          0          0          0          0          0
  random           :       0.00       0.00          0          0          0          0          0          0          0          0
  relpscost        :    2123.44       0.00       9243          0          0          0      13574          0        813      14478
  vanillafullstrong:       0.00       0.00          0          0          0          0          0          0          0          0
Primal Heuristics  :   ExecTime  SetupTime      Calls      Found       Best
  LP solutions     :       0.00          -          -          0          0
  relax solutions  :       0.00          -          -          0          0
  pseudo solutions :       0.00          -          -          0          0
  strong branching :       0.03          -          -          0          0
  actconsdiving    :       0.00       0.00          0          0          0
  adaptivediving   :      37.63       0.00         30          0          0
  alns             :       0.84       0.00          5          2          2
  bound            :       0.00       0.00          0          0          0
  clique           :       0.00       0.00          0          0          0
  coefdiving       :       0.00       0.00          0          0          0
  completesol      :       0.00       0.00          0          0          0
  conflictdiving   :      25.50       0.00         19          0          0
  crossover        :       0.76       0.00          7          3          2
  dins             :       0.00       0.00          0          0          0
  distributiondivin:       6.94       0.00         19          0          0
  dps              :       0.00       0.00          0          0          0
  dualval          :       0.00       0.00          0          0          0
  farkasdiving     :       0.00       0.00          0          0          0
  feaspump         :       0.80       0.00          1          1          1
  fixandinfer      :       0.00       0.00          0          0          0
  fracdiving       :      23.63       0.00         19          0          0
  gins             :       0.03       0.00          0          0          0
  guideddiving     :      28.41       0.00         19          0          0
  indicator        :       0.01       0.00          0          0          0
  indicatordiving  :       0.00       0.00          0          0          0
  intdiving        :       0.00       0.00          0          0          0
  intshifting      :      21.56       0.00         68          1          1
  linesearchdiving :      22.01       0.00         19          0          0
  localbranching   :       0.00       0.00          0          0          0
  locks            :       0.08       0.00          1          1          1
  lpface           :       0.01       0.00          0          0          0
  mpec             :       0.00       0.00          0          0          0
  multistart       :       0.00       0.00          0          0          0
  mutation         :       0.00       0.00          0          0          0
  nlpdiving        :       0.00       0.00          0          0          0
  objpscostdiving  :     253.75       0.00         10          9          0
  octane           :       0.00       0.00          0          0          0
  ofins            :       0.01       0.00          0          0          0
  oneopt           :       0.03       0.00          5          0          0
  padm             :       0.00       0.00          0          0          0
  proximity        :       0.00       0.00          0          0          0
  pscostdiving     :      48.24       0.00         19          0          0
  randrounding     :       1.24       0.00       2131          0          0
  rens             :       7.28       0.00          2          2          1
  reoptsols        :       0.00       0.00          0          0          0
  repair           :       0.00       0.00          0          0          0
  rins             :       1.95       0.00          7          7          0
  rootsoldiving    :      21.14       0.00         10         10          0
  rounding         :       1.75       0.00       1706          0          0
  scheduler        :       0.00       0.00          0          0          0
  shiftandpropagate:       0.00       0.00          0          0          0
  shifting         :      59.91       0.00        893          0          0
  simplerounding   :       0.02       0.00          0          0          0
  subnlp           :       0.02       0.00          0          0          0
  trivial          :       0.01       0.00          4          0          0
  trivialnegation  :       0.00       0.00          0          0          0
  trustregion      :       0.00       0.00          0          0          0
  trysol           :       0.01       0.00          0          0          0
  twoopt           :       0.00       0.00          0          0          0
  undercover       :       0.00       0.00          0          0          0
  vbounds          :       0.05       0.00          2          0          0
  veclendiving     :       7.82       0.00         19          0          0
  zeroobj          :       0.00       0.00          0          0          0
  zirounding       :       0.93       0.00       1000          0          0
  other solutions  :          -          -          -          0          -
LNS (Scheduler)    :      Calls  SetupTime  SolveTime SolveNodes       Sols       Best       Exp3    Exp3-IX  EpsGreedy        UCB TgtFixRate  Opt  Inf Node Stal  Sol  Usr Othr Actv
  rens             :          0       0.00       0.00          0          0          0    0.00000    0.12500   -1.00000    1.00000      0.900    0    0    0    0    0    0    0    1
  rins             :          0       0.00       0.00          0          0          0    0.00000    0.12500   -1.00000    1.00000      0.900    0    0    0    0    0    0    0    1
  mutation         :          0       0.00       0.00          0          0          0    0.00000    0.12500   -1.00000    1.00000      0.900    0    0    0    0    0    0    0    1
  localbranching   :          0       0.00       0.00          0          0          0    0.00000    0.12500   -1.00000    1.00000      0.900    0    0    0    0    0    0    0    1
  crossover        :          0       0.00       0.00          0          0          0    0.00000    0.12500   -1.00000    1.00000      0.900    0    0    0    0    0    0    0    1
  proximity        :          0       0.00       0.00          0          0          0    0.00000    0.12500   -1.00000    1.00000      0.900    0    0    0    0    0    0    0    1
  zeroobjective    :          0       0.00       0.00          0          0          0    0.00000    0.12500   -1.00000    1.00000      0.900    0    0    0    0    0    0    0    1
  dins             :          0       0.00       0.00          0          0          0    0.00000    0.12500   -1.00000    1.00000      0.900    0    0    0    0    0    0    0    1
  trustregion      :          0       0.00       0.00          0          0          0    0.00000    0.00000   -1.00000    1.00000      0.900    0    0    0    0    0    0    0    0
LP                 :       Time      Calls Iterations  Iter/call   Iter/sec  Time-0-It Calls-0-It    ItLimit
  primal LP        :      25.92       1767         39       7.80       1.50      25.84       1762
  dual LP          :   11578.03      27443   18355799     885.43    1585.40      17.11       6712
  lex dual LP      :       0.00          0          0       0.00          -
  barrier LP       :       0.00          0          0       0.00          -       0.00          0
  resolve instable :       0.00          0          0       0.00          -
  diving/probing LP:     498.30       7772    1079372     138.88    2166.12
  strong branching :    2022.48       9248    3413465     369.10    1687.76          -          -       4042
    (at root node) :          -         55      27697     503.58          -
  conflict analysis:      22.19       3666      36630       9.99    1650.84
B&B Tree           :
  number of runs   :          2
  nodes            :       8860 (5362 internal, 3498 leaves)
  feasible leaves  :          0
  infeas. leaves   :         28
  objective leaves :       3469
  nodes (total)    :      11746 (7239 internal, 4507 leaves)
  nodes left       :       1855
  max depth        :         96
  max depth (total):         96
  backtracks       :       2220 (25.1%)
  early backtracks :          0 (0.0%)
  nodes exc. ref.  :          0 (0.0%)
  delayed cutoffs  :         11
  repropagations   :       2296 (1098 domain reductions, 2 cutoffs)
  avg switch length:       8.46
  switching time   :      32.22
Root Node          :
  First LP value   : +6.84391872557423e+05
  First LP Iters   :       5020 (3575.92 Iter/sec)
  First LP Time    :       1.40
  Final Dual Bound : +6.86661355702730e+05
  Final Root Iters :      47498
  Root LP Estimate : +6.87475145860266e+05
Solution           :
  Solutions found  :         36 (8 improvements)
  First Solution   : +6.88633490000000e+05   (in run 1, after 1 nodes, 0.38 seconds, depth 151, found by <locks>)
  Gap First Sol.   :   infinite
  Gap Last Sol.    :       0.06 %
  Primal Bound     : +6.86963993000000e+05   (in run 1, after 626 nodes, 327.92 seconds, depth 60, found by <crossover>)
  Dual Bound       : +6.86776244569235e+05
  Gap              :       0.03 %
Integrals          :      Total       Avg%
  primal-dual      :     478.26       0.03
  primal-ref       :          -          - (not evaluated)
  dual-ref         :          -          - (not evaluated)

 Branching Statistics...

 Total number of propagations -> 0

 Number of cutoffs of KnaCons -> 0

 Total number of variables fixed to 1 by the propagator -> 0

 Total number of variables fixed to 0 by the propagator -> 0

 Maximum number of rounds of the approximation algorithm -> 0

 Runtime of the exact algorithm -> 0.0000 s

 Total number of variables fixed to 1 in the exact algorithm -> 0

 Total number of variables fixed to 0 in the exact algorithm -> 0

 Number of cutoffs in the exact algorithm -> 0

 Number of cutoffs in the approximation algorithm -> 0

 PS:  
