***************************************
*         SCIP-based CCP Solver       *
*                                     *
*    Wei Lv and Wei-Kun Chen (2024)   *
***************************************
/share/home/wangzhaowei/lvwei/scipoptsuite-9.1.0/build/bin/examples/ccp -f CCRPData/40-50-3000-2.ccrp -s CCRPSetting/BnC-MIX2.set 
SCIP version 9.1.0 [precision: 8 byte] [memory: block] [mode: optimized] [LP solver: Soplex 7.1.0] [GitHash: 8cab0278ba]
Copyright (c) 2002-2024 Zuse Institute Berlin (ZIB)

External libraries: 
  Soplex 7.1.0         Linear Programming Solver developed at Zuse Institute Berlin (soplex.zib.de) [GitHash: 595bfac9]
  CppAD 20180000.0     Algorithmic Differentiation of C++ algorithms developed by B. Bell (github.com/coin-or/CppAD)
  ZLIB 1.2.7           General purpose compression library by J. Gailly and M. Adler (zlib.net)
  GMP 6.0.0            GNU Multiple Precision Arithmetic Library developed by T. Granlund (gmplib.org)
  AMPL/MP 690e9e7      AMPL .nl file reader library (github.com/ampl/mp)
  PaPILO 2.3.0         parallel presolve for integer and linear optimization (github.com/scipopt/papilo) (built with TBB) [GitHash: 4b8ce6ed]
  Nauty 2.8.8          Computing Graph Automorphism Groups by Brendan D. McKay (users.cecs.anu.edu.au/~bdm/nauty)
  sassy 1.1            Symmetry preprocessor by Markus Anders (github.com/markusa4/sassy)

reading user parameter file <CCRPSetting/BnC-MIX2.set>

read problem <CCRPData/40-50-3000-2.ccrp>
============

File name: 	CCRPData/40-50-3000-2.ccrp
Problem name:	40-50-3000-2
NumResource: 	40
Dimension: 	50
NumScenario: 	3000
ConfidenceParameter: 	0.20
IsEqualProbability: 	1
BnC+MIX+DI: 	0
BnC+MIX+sDI: 	0
DB: 	0
DB+OPF: 	0
Dominance and Aggregation Statistics......
NumEdge:        237295
NumBiEdge: 	0
NumDomIneqs: 	237295
DominanceRatio: 0.0527
NumAggScenario: 3000 
BasicNumScenario: 2399 
original problem has 5090 variables (3000 bin, 0 int, 0 impl, 2090 cont) and 30092 constraints

solve problem
=============

presolving:
(round 1, fast)       1528 del vars, 1 del conss, 0 add conss, 50 chg bounds, 0 chg sides, 0 chg coeffs, 0 upgd conss, 0 impls, 0 clqs
   (0.1s) running MILP presolver
   (0.2s) MILP presolver (3 rounds): 88 aggregations, 1021 fixings, 0 bound changes
(round 2, medium)     2637 del vars, 30091 del conss, 30002 add conss, 50 chg bounds, 0 chg sides, 0 chg coeffs, 0 upgd conss, 0 impls, 0 clqs
(round 3, fast)       2637 del vars, 30091 del conss, 30002 add conss, 98 chg bounds, 0 chg sides, 0 chg coeffs, 0 upgd conss, 0 impls, 0 clqs
(round 4, exhaustive) 2637 del vars, 30091 del conss, 30002 add conss, 98 chg bounds, 0 chg sides, 0 chg coeffs, 29999 upgd conss, 0 impls, 0 clqs
   (0.5s) probing: 51/2399 (2.1%) - 0 fixings, 0 aggregations, 0 implications, 0 bound changes
   (0.5s) probing aborted: 50/50 successive totally useless probings
   (0.6s) symmetry computation started: requiring (bin +, int +, cont +), (fixed: bin -, int -, cont -)
   Symmetry detection interrupted: constraints of type chancecons do not provide symmetry information.
   If symmetries shall be detected, implement the CONSGETPERMSYMGRAPH callback.
   (0.6s) could not compute symmetry
presolving (5 rounds: 5 fast, 3 medium, 2 exhaustive):
 2637 deleted vars, 30091 deleted constraints, 30002 added constraints, 98 tightened bounds, 0 added holes, 0 changed sides, 0 changed coefficients
 29999 implications, 0 cliques
presolved problem has 2453 variables (2399 bin, 0 int, 0 impl, 54 cont) and 30003 constraints
      1 constraints of type <chancecons>
  29999 constraints of type <varbound>
      1 constraints of type <knapsack>
      2 constraints of type <linear>
Presolving Time: 0.54

 time | node  | left  |LP iter|LP it/n|mem/heur|mdpt |vars |cons |rows |cuts |sepa|confs|strbr|  dualbound   | primalbound  |  gap   | compl. 
p 0.8s|     1 |     0 |     2 |     - |   locks|   0 |2453 |  30k|  30k|   0 |  0 |   0 |   0 | 2.960319e+03 | 3.703062e+03 |  25.09%| unknown
  3.4s|     1 |     0 |  5011 |     - |   115M |   0 |2453 |  30k|  30k|   0 |  0 |   1 |   0 | 3.335480e+03 | 3.703062e+03 |  11.02%| unknown
  4.3s|     1 |     0 |  6040 |     - |   119M |   0 |2453 |  30k|  30k|  53 |  1 |   1 |   0 | 3.379156e+03 | 3.703062e+03 |   9.59%| unknown
  5.0s|     1 |     0 |  6837 |     - |   123M |   0 |2453 |  30k|  30k| 111 |  2 |   1 |   0 | 3.400724e+03 | 3.703062e+03 |   8.89%| unknown
  5.8s|     1 |     0 |  7866 |     - |   127M |   0 |2453 |  30k|  30k| 189 |  3 |   1 |   0 | 3.424040e+03 | 3.703062e+03 |   8.15%| unknown
  6.6s|     1 |     0 |  8747 |     - |   130M |   0 |2453 |  30k|  30k| 266 |  4 |   1 |   0 | 3.439056e+03 | 3.703062e+03 |   7.68%| unknown
  7.2s|     1 |     0 |  9496 |     - |   137M |   0 |2453 |  30k|  30k| 347 |  5 |   1 |   0 | 3.450654e+03 | 3.703062e+03 |   7.31%| unknown
  8.0s|     1 |     0 | 10365 |     - |   141M |   0 |2453 |  30k|  30k| 420 |  6 |   1 |   0 | 3.461010e+03 | 3.703062e+03 |   6.99%| unknown
  9.0s|     1 |     0 | 11420 |     - |   145M |   0 |2453 |  30k|  30k| 505 |  7 |   1 |   0 | 3.470221e+03 | 3.703062e+03 |   6.71%| unknown
  9.8s|     1 |     0 | 12363 |     - |   148M |   0 |2453 |  30k|  30k| 593 |  8 |   1 |   0 | 3.477403e+03 | 3.703062e+03 |   6.49%| unknown
 10.8s|     1 |     0 | 13463 |     - |   153M |   0 |2453 |  30k|  30k| 683 |  9 |   1 |   0 | 3.483424e+03 | 3.703062e+03 |   6.31%| unknown
 11.9s|     1 |     0 | 14600 |     - |   156M |   0 |2453 |  30k|  30k| 772 | 10 |   1 |   0 | 3.488339e+03 | 3.703062e+03 |   6.16%| unknown
 13.1s|     1 |     0 | 15828 |     - |   160M |   0 |2453 |  30k|  30k| 859 | 11 |   1 |   0 | 3.492006e+03 | 3.703062e+03 |   6.04%| unknown
 14.3s|     1 |     0 | 17153 |     - |   163M |   0 |2453 |  30k|  30k| 934 | 12 |   1 |   0 | 3.495313e+03 | 3.703062e+03 |   5.94%| unknown
 15.9s|     1 |     0 | 18742 |     - |   167M |   0 |2453 |  30k|  31k|1005 | 13 |   1 |   0 | 3.498956e+03 | 3.703062e+03 |   5.83%| unknown
 time | node  | left  |LP iter|LP it/n|mem/heur|mdpt |vars |cons |rows |cuts |sepa|confs|strbr|  dualbound   | primalbound  |  gap   | compl. 
 17.5s|     1 |     0 | 20243 |     - |   170M |   0 |2453 |  30k|  31k|1072 | 14 |   1 |   0 | 3.501905e+03 | 3.703062e+03 |   5.74%| unknown
 19.5s|     1 |     0 | 22131 |     - |   175M |   0 |2453 |  30k|  31k|1139 | 15 |   1 |   0 | 3.504306e+03 | 3.703062e+03 |   5.67%| unknown
 21.6s|     1 |     0 | 24146 |     - |   178M |   0 |2453 |  30k|  31k|1201 | 16 |   1 |   0 | 3.506575e+03 | 3.703062e+03 |   5.60%| unknown
 23.6s|     1 |     0 | 25876 |     - |   182M |   0 |2453 |  30k|  31k|1271 | 17 |   1 |   0 | 3.508460e+03 | 3.703062e+03 |   5.55%| unknown
 25.8s|     1 |     0 | 27865 |     - |   185M |   0 |2453 |  30k|  31k|1333 | 18 |   1 |   0 | 3.510166e+03 | 3.703062e+03 |   5.50%| unknown
 27.8s|     1 |     0 | 29620 |     - |   188M |   0 |2453 |  30k|  31k|1392 | 19 |   1 |   0 | 3.511759e+03 | 3.703062e+03 |   5.45%| unknown
 31.0s|     1 |     0 | 32165 |     - |   192M |   0 |2453 |  30k|  31k|1451 | 20 |   1 |   0 | 3.513115e+03 | 3.703062e+03 |   5.41%| unknown
 33.7s|     1 |     0 | 34334 |     - |   193M |   0 |2453 |  30k|  31k|1507 | 21 |   1 |   0 | 3.514370e+03 | 3.703062e+03 |   5.37%| unknown
 36.5s|     1 |     0 | 36435 |     - |   193M |   0 |2453 |  30k|  31k|1558 | 22 |   1 |   0 | 3.515495e+03 | 3.703062e+03 |   5.34%| unknown
 40.3s|     1 |     0 | 39288 |     - |   194M |   0 |2453 |  30k|  31k|1612 | 23 |   1 |   0 | 3.516896e+03 | 3.703062e+03 |   5.29%| unknown
 43.3s|     1 |     0 | 41463 |     - |   195M |   0 |2453 |  30k|  31k|1657 | 24 |   1 |   0 | 3.517658e+03 | 3.703062e+03 |   5.27%| unknown
 46.8s|     1 |     0 | 43757 |     - |   195M |   0 |2453 |  30k|  31k|1706 | 25 |   1 |   0 | 3.518492e+03 | 3.703062e+03 |   5.25%| unknown
 51.5s|     1 |     0 | 46786 |     - |   195M |   0 |2453 |  30k|  31k|1759 | 26 |   1 |   0 | 3.519555e+03 | 3.703062e+03 |   5.21%| unknown
 56.1s|     1 |     0 | 49611 |     - |   196M |   0 |2453 |  30k|  31k|1813 | 27 |   1 |   0 | 3.520689e+03 | 3.703062e+03 |   5.18%| unknown
 61.0s|     1 |     0 | 52501 |     - |   197M |   0 |2453 |  30k|  31k|1856 | 28 |   1 |   0 | 3.521621e+03 | 3.703062e+03 |   5.15%| unknown
 time | node  | left  |LP iter|LP it/n|mem/heur|mdpt |vars |cons |rows |cuts |sepa|confs|strbr|  dualbound   | primalbound  |  gap   | compl. 
 66.1s|     1 |     0 | 55303 |     - |   198M |   0 |2453 |  30k|  31k|1916 | 29 |   1 |   0 | 3.522620e+03 | 3.703062e+03 |   5.12%| unknown
 71.5s|     1 |     0 | 58170 |     - |   198M |   0 |2453 |  30k|  31k|1976 | 30 |   1 |   0 | 3.523321e+03 | 3.703062e+03 |   5.10%| unknown
 77.3s|     1 |     0 | 61200 |     - |   198M |   0 |2453 |  30k|  31k|2025 | 31 |   1 |   0 | 3.524407e+03 | 3.703062e+03 |   5.07%| unknown
 83.5s|     1 |     0 | 64594 |     - |   198M |   0 |2453 |  30k|  31k|2086 | 32 |   1 |   0 | 3.525257e+03 | 3.703062e+03 |   5.04%| unknown
 89.5s|     1 |     0 | 67477 |     - |   199M |   0 |2453 |  30k|  31k|2139 | 33 |   1 |   0 | 3.525902e+03 | 3.703062e+03 |   5.02%| unknown
 95.8s|     1 |     0 | 70355 |     - |   200M |   0 |2453 |  30k|  31k|2185 | 34 |   1 |   0 | 3.526491e+03 | 3.703062e+03 |   5.01%| unknown
  103s|     1 |     0 | 73894 |     - |   201M |   0 |2453 |  30k|  31k|2240 | 35 |   1 |   0 | 3.527139e+03 | 3.703062e+03 |   4.99%| unknown
  110s|     1 |     0 | 76735 |     - |   201M |   0 |2453 |  30k|  31k|2290 | 36 |   1 |   0 | 3.527581e+03 | 3.703062e+03 |   4.97%| unknown
  117s|     1 |     0 | 79844 |     - |   202M |   0 |2453 |  30k|  31k|2338 | 37 |   1 |   0 | 3.528062e+03 | 3.703062e+03 |   4.96%| unknown
  125s|     1 |     0 | 83145 |     - |   202M |   0 |2453 |  30k|  31k|2399 | 38 |   1 |   0 | 3.528664e+03 | 3.703062e+03 |   4.94%| unknown
  134s|     1 |     0 | 86691 |     - |   203M |   0 |2453 |  30k|  31k|2452 | 39 |   1 |   0 | 3.529216e+03 | 3.703062e+03 |   4.93%| unknown
  143s|     1 |     0 | 90265 |     - |   204M |   0 |2453 |  30k|  31k|2507 | 40 |   1 |   0 | 3.529747e+03 | 3.703062e+03 |   4.91%| unknown
  151s|     1 |     0 | 93494 |     - |   204M |   0 |2453 |  30k|  31k|2553 | 41 |   1 |   0 | 3.530200e+03 | 3.703062e+03 |   4.90%| unknown
  160s|     1 |     0 | 97062 |     - |   205M |   0 |2453 |  30k|  31k|2618 | 42 |   1 |   0 | 3.530616e+03 | 3.703062e+03 |   4.88%| unknown
  171s|     1 |     0 |100818 |     - |   205M |   0 |2453 |  30k|  31k|2685 | 43 |   1 |   0 | 3.531067e+03 | 3.703062e+03 |   4.87%| unknown
 time | node  | left  |LP iter|LP it/n|mem/heur|mdpt |vars |cons |rows |cuts |sepa|confs|strbr|  dualbound   | primalbound  |  gap   | compl. 
  180s|     1 |     0 |104205 |     - |   206M |   0 |2453 |  30k|  32k|2746 | 44 |   1 |   0 | 3.531355e+03 | 3.703062e+03 |   4.86%| unknown
  191s|     1 |     0 |108014 |     - |   206M |   0 |2453 |  30k|  31k|2815 | 45 |   1 |   0 | 3.531864e+03 | 3.703062e+03 |   4.85%| unknown
  202s|     1 |     0 |111575 |     - |   207M |   0 |2453 |  30k|  31k|2885 | 46 |   1 |   0 | 3.532232e+03 | 3.703062e+03 |   4.84%| unknown
  215s|     1 |     0 |115661 |     - |   208M |   0 |2453 |  30k|  32k|2960 | 47 |   1 |   0 | 3.532656e+03 | 3.703062e+03 |   4.82%| unknown
  228s|     1 |     0 |119681 |     - |   209M |   0 |2453 |  30k|  32k|3027 | 48 |   1 |   0 | 3.533021e+03 | 3.703062e+03 |   4.81%| unknown
  240s|     1 |     0 |123468 |     - |   210M |   0 |2453 |  30k|  32k|3092 | 49 |   1 |   0 | 3.533328e+03 | 3.703062e+03 |   4.80%| unknown
  251s|     1 |     0 |126811 |     - |   211M |   0 |2453 |  30k|  32k|3164 | 50 |   1 |   0 | 3.533591e+03 | 3.703062e+03 |   4.80%| unknown
  264s|     1 |     0 |130608 |     - |   212M |   0 |2453 |  30k|  32k|3237 | 51 |   1 |   0 | 3.533919e+03 | 3.703062e+03 |   4.79%| unknown
  276s|     1 |     0 |133925 |     - |   212M |   0 |2453 |  30k|  32k|3303 | 52 |   1 |   0 | 3.534133e+03 | 3.703062e+03 |   4.78%| unknown
  288s|     1 |     0 |137720 |     - |   212M |   0 |2453 |  30k|  32k|3360 | 53 |   1 |   0 | 3.534388e+03 | 3.703062e+03 |   4.77%| unknown
  300s|     1 |     0 |141295 |     - |   212M |   0 |2453 |  30k|  32k|3409 | 54 |   1 |   0 | 3.534614e+03 | 3.703062e+03 |   4.77%| unknown
  311s|     1 |     0 |144457 |     - |   212M |   0 |2453 |  30k|  32k|3460 | 55 |   1 |   0 | 3.534769e+03 | 3.703062e+03 |   4.76%| unknown
  324s|     1 |     0 |148195 |     - |   213M |   0 |2453 |  30k|  32k|3517 | 56 |   1 |   0 | 3.534998e+03 | 3.703062e+03 |   4.75%| unknown
  338s|     1 |     0 |151649 |     - |   214M |   0 |2453 |  30k|  32k|3587 | 57 |   1 |   0 | 3.535215e+03 | 3.703062e+03 |   4.75%| unknown
  352s|     1 |     0 |155807 |     - |   214M |   0 |2453 |  30k|  32k|3643 | 58 |   1 |   0 | 3.535452e+03 | 3.703062e+03 |   4.74%| unknown
 time | node  | left  |LP iter|LP it/n|mem/heur|mdpt |vars |cons |rows |cuts |sepa|confs|strbr|  dualbound   | primalbound  |  gap   | compl. 
r 354s|     1 |     0 |157149 |     - |intshift|   0 |2453 |  30k|  32k|3643 | 58 |   1 |   0 | 3.535452e+03 | 3.648674e+03 |   3.20%| unknown
o 390s|     1 |     0 |175633 |     - |feaspump|   0 |2453 |  30k|  32k|3643 | 58 |   1 |   0 | 3.535452e+03 | 3.571440e+03 |   1.02%| unknown
L 403s|     1 |     0 |177224 |     - |    rens|   0 |2453 |  30k|  32k|3643 | 58 |   3 |   0 | 3.535452e+03 | 3.553240e+03 |   0.50%| unknown
L 403s|     1 |     0 |177224 |     - |    alns|   0 |2453 |  30k|  32k|3643 | 58 |   3 |   0 | 3.535452e+03 | 3.552056e+03 |   0.47%| unknown
L 403s|     1 |     0 |177224 |     - |    alns|   0 |2453 |  30k|  32k|3643 | 58 |   3 |   0 | 3.535452e+03 | 3.551033e+03 |   0.44%| unknown
L 403s|     1 |     0 |177224 |     - |    alns|   0 |2453 |  30k|  32k|3643 | 58 |   3 |   0 | 3.535452e+03 | 3.547627e+03 |   0.34%| unknown
  403s|     1 |     0 |177224 |     - |   218M |   0 |2453 |  30k|  32k|3643 | 58 |   3 |   0 | 3.535452e+03 | 3.547627e+03 |   0.34%| unknown
  403s|     1 |     0 |177224 |     - |   218M |   0 |2453 |  30k|  31k|3643 | 58 |   3 |   0 | 3.535452e+03 | 3.547627e+03 |   0.34%| unknown
  418s|     1 |     0 |181508 |     - |   218M |   0 |2453 |  30k|  32k|3707 | 59 |   3 |   0 | 3.535668e+03 | 3.547627e+03 |   0.34%| unknown
  426s|     1 |     0 |183612 |     - |   218M |   0 |2453 |  30k|  32k|3751 | 60 |   3 |   0 | 3.535728e+03 | 3.547627e+03 |   0.34%| unknown
  563s|     1 |     2 |183612 |     - |   219M |   0 |2453 |  29k|  32k|3751 | 60 |   3 |  32 | 3.535768e+03 | 3.547627e+03 |   0.34%| unknown
d1186s|     7 |     8 |205911 |7286.5 |pscostdi|   5 |2453 |  29k|  31k|   0 |  1 |   3 | 200 | 3.535768e+03 | 3.543799e+03 |   0.23%| unknown
d2110s|    36 |    37 |509908 |9934.7 |guideddi|  15 |2453 |  29k|  31k|   0 |  1 |  12 | 284 | 3.535825e+03 | 3.543024e+03 |   0.20%| unknown
 5882s|   100 |   101 |  2172k|20308.6 |   238M |  17 |2453 |  29k|  31k|4467 |  1 |  57 | 544 | 3.535870e+03 | 3.543024e+03 |   0.20%| unknown
L7213s|   134 |   131 |  2574k|18135.9 |    alns|  20 |2453 |  29k|  31k|5009 |  3 | 107 | 701 | 3.535872e+03 | 3.542681e+03 |   0.19%| unknown
 time | node  | left  |LP iter|LP it/n|mem/heur|mdpt |vars |cons |rows |cuts |sepa|confs|strbr|  dualbound   | primalbound  |  gap   | compl. 
L8863s|   177 |   152 |  3166k|17068.6 |    alns|  22 |2453 |  29k|  31k|5653 |  2 | 177 | 929 | 3.535880e+03 | 3.542230e+03 |   0.18%|   3.22%
 9932s|   200 |   167 |  3665k|17603.7 |   258M |  22 |2453 |  29k|  31k|6000 |  4 | 235 |1019 | 3.535880e+03 | 3.542230e+03 |   0.18%|   4.03%
  214m|   300 |   215 |  4761k|15382.7 |   267M |  32 |2453 |  30k|  31k|7214 |  2 | 316 |1235 | 3.535936e+03 | 3.542230e+03 |   0.18%|   6.74%
L 239m|   377 |   225 |  5317k|13710.8 |crossove|  40 |2453 |  30k|  31k|7558 |  0 | 332 |1340 | 3.535937e+03 | 3.541381e+03 |   0.15%|   7.53%

SCIP Status        : solving was interrupted [time limit reached]
Solving Time (sec) : 14400.00
Solving Nodes      : 379
Primal Bound       : +3.54138087911485e+03 (19 solutions)
Dual Bound         : +3.53593738287053e+03
Gap                : 0.15 %

primal solution (original space):
=================================

objective value:                     3541.38087911485
z#0                                                 1 	(obj:0)
z#1                                                 1 	(obj:0)
z#14                                                1 	(obj:0)
z#26                                                1 	(obj:0)
z#28                                                1 	(obj:0)
z#31                                                1 	(obj:0)
z#35                                                1 	(obj:0)
z#70                                                1 	(obj:0)
z#71                                                1 	(obj:0)
z#73                                                1 	(obj:0)
z#81                                                1 	(obj:0)
z#87                                                1 	(obj:0)
z#89                                                1 	(obj:0)
z#91                                                1 	(obj:0)
z#92                                                1 	(obj:0)
z#96                                                1 	(obj:0)
z#97                                                1 	(obj:0)
z#98                                                1 	(obj:0)
z#101                                               1 	(obj:0)
z#102                                               1 	(obj:0)
z#103                                               1 	(obj:0)
z#105                                               1 	(obj:0)
z#109                                               1 	(obj:0)
z#112                                               1 	(obj:0)
z#121                                               1 	(obj:0)
z#139                                               1 	(obj:0)
z#151                                               1 	(obj:0)
z#156                                               1 	(obj:0)
z#157                                               1 	(obj:0)
z#163                                               1 	(obj:0)
z#166                                               1 	(obj:0)
z#168                                               1 	(obj:0)
z#177                                               1 	(obj:0)
z#178                                               1 	(obj:0)
z#183                                               1 	(obj:0)
z#185                                               1 	(obj:0)
z#186                                               1 	(obj:0)
z#187                                               1 	(obj:0)
z#193                                               1 	(obj:0)
z#194                                               1 	(obj:0)
z#197                                               1 	(obj:0)
z#203                                               1 	(obj:0)
z#215                                               1 	(obj:0)
z#224                                               1 	(obj:0)
z#225                                               1 	(obj:0)
z#226                                               1 	(obj:0)
z#227                                               1 	(obj:0)
z#231                                               1 	(obj:0)
z#235                                               1 	(obj:0)
z#245                                               1 	(obj:0)
z#266                                               1 	(obj:0)
z#269                                               1 	(obj:0)
z#290                                               1 	(obj:0)
z#292                                               1 	(obj:0)
z#298                                               1 	(obj:0)
z#304                                               1 	(obj:0)
z#307                                               1 	(obj:0)
z#309                                               1 	(obj:0)
z#315                                               1 	(obj:0)
z#316                                               1 	(obj:0)
z#322                                               1 	(obj:0)
z#323                                               1 	(obj:0)
z#338                                               1 	(obj:0)
z#341                                               1 	(obj:0)
z#345                                               1 	(obj:0)
z#357                                               1 	(obj:0)
z#365                                               1 	(obj:0)
z#368                                               1 	(obj:0)
z#369                                               1 	(obj:0)
z#371                                               1 	(obj:0)
z#373                                               1 	(obj:0)
z#381                                               1 	(obj:0)
z#382                                               1 	(obj:0)
z#384                                               1 	(obj:0)
z#387                                               1 	(obj:0)
z#389                                               1 	(obj:0)
z#391                                               1 	(obj:0)
z#392                                               1 	(obj:0)
z#399                                               1 	(obj:0)
z#403                                               1 	(obj:0)
z#418                                               1 	(obj:0)
z#424                                               1 	(obj:0)
z#431                                               1 	(obj:0)
z#432                                               1 	(obj:0)
z#433                                               1 	(obj:0)
z#435                                               1 	(obj:0)
z#443                                               1 	(obj:0)
z#444                                               1 	(obj:0)
z#447                                               1 	(obj:0)
z#452                                               1 	(obj:0)
z#457                                               1 	(obj:0)
z#464                                               1 	(obj:0)
z#474                                               1 	(obj:0)
z#479                                               1 	(obj:0)
z#495                                               1 	(obj:0)
z#497                                               1 	(obj:0)
z#499                                               1 	(obj:0)
z#503                                               1 	(obj:0)
z#505                                               1 	(obj:0)
z#507                                               1 	(obj:0)
z#509                                               1 	(obj:0)
z#513                                               1 	(obj:0)
z#515                                               1 	(obj:0)
z#520                                               1 	(obj:0)
z#524                                               1 	(obj:0)
z#526                                               1 	(obj:0)
z#527                                               1 	(obj:0)
z#535                                               1 	(obj:0)
z#540                                               1 	(obj:0)
z#546                                               1 	(obj:0)
z#552                                               1 	(obj:0)
z#557                                               1 	(obj:0)
z#567                                               1 	(obj:0)
z#573                                               1 	(obj:0)
z#574                                               1 	(obj:0)
z#578                                               1 	(obj:0)
z#580                                               1 	(obj:0)
z#581                                               1 	(obj:0)
z#584                                               1 	(obj:0)
z#586                                               1 	(obj:0)
z#590                                               1 	(obj:0)
z#594                                               1 	(obj:0)
z#601                                               1 	(obj:0)
z#609                                               1 	(obj:0)
z#612                                               1 	(obj:0)
z#614                                               1 	(obj:0)
z#626                                               1 	(obj:0)
z#630                                               1 	(obj:0)
z#631                                               1 	(obj:0)
z#634                                               1 	(obj:0)
z#650                                               1 	(obj:0)
z#652                                               1 	(obj:0)
z#657                                               1 	(obj:0)
z#665                                               1 	(obj:0)
z#670                                               1 	(obj:0)
z#672                                               1 	(obj:0)
z#674                                               1 	(obj:0)
z#675                                               1 	(obj:0)
z#678                                               1 	(obj:0)
z#686                                               1 	(obj:0)
z#692                                               1 	(obj:0)
z#696                                               1 	(obj:0)
z#707                                               1 	(obj:0)
z#708                                               1 	(obj:0)
z#709                                               1 	(obj:0)
z#712                                               1 	(obj:0)
z#713                                               1 	(obj:0)
z#716                                               1 	(obj:0)
z#719                                               1 	(obj:0)
z#721                                               1 	(obj:0)
z#724                                               1 	(obj:0)
z#749                                               1 	(obj:0)
z#757                                               1 	(obj:0)
z#758                                               1 	(obj:0)
z#763                                               1 	(obj:0)
z#769                                               1 	(obj:0)
z#772                                               1 	(obj:0)
z#778                                               1 	(obj:0)
z#781                                               1 	(obj:0)
z#790                                               1 	(obj:0)
z#808                                               1 	(obj:0)
z#814                                               1 	(obj:0)
z#824                                               1 	(obj:0)
z#829                                               1 	(obj:0)
z#836                                               1 	(obj:0)
z#842                                               1 	(obj:0)
z#845                                               1 	(obj:0)
z#854                                               1 	(obj:0)
z#858                                               1 	(obj:0)
z#860                                               1 	(obj:0)
z#861                                               1 	(obj:0)
z#864                                               1 	(obj:0)
z#874                                               1 	(obj:0)
z#876                                               1 	(obj:0)
z#883                                               1 	(obj:0)
z#886                                               1 	(obj:0)
z#889                                               1 	(obj:0)
z#890                                               1 	(obj:0)
z#894                                               1 	(obj:0)
z#896                                               1 	(obj:0)
z#904                                               1 	(obj:0)
z#907                                               1 	(obj:0)
z#911                                               1 	(obj:0)
z#920                                               1 	(obj:0)
z#923                                               1 	(obj:0)
z#926                                               1 	(obj:0)
z#927                                               1 	(obj:0)
z#929                                               1 	(obj:0)
z#938                                               1 	(obj:0)
z#943                                               1 	(obj:0)
z#945                                               1 	(obj:0)
z#951                                               1 	(obj:0)
z#967                                               1 	(obj:0)
z#970                                               1 	(obj:0)
z#973                                               1 	(obj:0)
z#979                                               1 	(obj:0)
z#985                                               1 	(obj:0)
z#991                                               1 	(obj:0)
z#1005                                              1 	(obj:0)
z#1006                                              1 	(obj:0)
z#1007                                              1 	(obj:0)
z#1010                                              1 	(obj:0)
z#1011                                              1 	(obj:0)
z#1018                                              1 	(obj:0)
z#1019                                              1 	(obj:0)
z#1022                                              1 	(obj:0)
z#1031                                              1 	(obj:0)
z#1034                                              1 	(obj:0)
z#1035                                              1 	(obj:0)
z#1040                                              1 	(obj:0)
z#1043                                              1 	(obj:0)
z#1044                                              1 	(obj:0)
z#1046                                              1 	(obj:0)
z#1050                                              1 	(obj:0)
z#1052                                              1 	(obj:0)
z#1056                                              1 	(obj:0)
z#1064                                              1 	(obj:0)
z#1065                                              1 	(obj:0)
z#1066                                              1 	(obj:0)
z#1069                                              1 	(obj:0)
z#1074                                              1 	(obj:0)
z#1076                                              1 	(obj:0)
z#1082                                              1 	(obj:0)
z#1084                                              1 	(obj:0)
z#1090                                              1 	(obj:0)
z#1097                                              1 	(obj:0)
z#1100                                              1 	(obj:0)
z#1110                                              1 	(obj:0)
z#1115                                              1 	(obj:0)
z#1130                                              1 	(obj:0)
z#1133                                              1 	(obj:0)
z#1138                                              1 	(obj:0)
z#1155                                              1 	(obj:0)
z#1161                                              1 	(obj:0)
z#1171                                              1 	(obj:0)
z#1177                                              1 	(obj:0)
z#1178                                              1 	(obj:0)
z#1180                                              1 	(obj:0)
z#1198                                              1 	(obj:0)
z#1199                                              1 	(obj:0)
z#1200                                              1 	(obj:0)
z#1211                                              1 	(obj:0)
z#1213                                              1 	(obj:0)
z#1220                                              1 	(obj:0)
z#1230                                              1 	(obj:0)
z#1234                                              1 	(obj:0)
z#1237                                              1 	(obj:0)
z#1241                                              1 	(obj:0)
z#1247                                              1 	(obj:0)
z#1248                                              1 	(obj:0)
z#1251                                              1 	(obj:0)
z#1252                                              1 	(obj:0)
z#1253                                              1 	(obj:0)
z#1254                                              1 	(obj:0)
z#1255                                              1 	(obj:0)
z#1257                                              1 	(obj:0)
z#1260                                              1 	(obj:0)
z#1261                                              1 	(obj:0)
z#1269                                              1 	(obj:0)
z#1273                                              1 	(obj:0)
z#1275                                              1 	(obj:0)
z#1278                                              1 	(obj:0)
z#1279                                              1 	(obj:0)
z#1281                                              1 	(obj:0)
z#1282                                              1 	(obj:0)
z#1293                                              1 	(obj:0)
z#1295                                              1 	(obj:0)
z#1302                                              1 	(obj:0)
z#1310                                              1 	(obj:0)
z#1314                                              1 	(obj:0)
z#1320                                              1 	(obj:0)
z#1341                                              1 	(obj:0)
z#1343                                              1 	(obj:0)
z#1365                                              1 	(obj:0)
z#1378                                              1 	(obj:0)
z#1380                                              1 	(obj:0)
z#1388                                              1 	(obj:0)
z#1395                                              1 	(obj:0)
z#1401                                              1 	(obj:0)
z#1403                                              1 	(obj:0)
z#1405                                              1 	(obj:0)
z#1411                                              1 	(obj:0)
z#1413                                              1 	(obj:0)
z#1417                                              1 	(obj:0)
z#1420                                              1 	(obj:0)
z#1431                                              1 	(obj:0)
z#1432                                              1 	(obj:0)
z#1433                                              1 	(obj:0)
z#1436                                              1 	(obj:0)
z#1438                                              1 	(obj:0)
z#1440                                              1 	(obj:0)
z#1443                                              1 	(obj:0)
z#1448                                              1 	(obj:0)
z#1450                                              1 	(obj:0)
z#1460                                              1 	(obj:0)
z#1465                                              1 	(obj:0)
z#1466                                              1 	(obj:0)
z#1467                                              1 	(obj:0)
z#1476                                              1 	(obj:0)
z#1478                                              1 	(obj:0)
z#1486                                              1 	(obj:0)
z#1488                                              1 	(obj:0)
z#1489                                              1 	(obj:0)
z#1492                                              1 	(obj:0)
z#1495                                              1 	(obj:0)
z#1508                                              1 	(obj:0)
z#1513                                              1 	(obj:0)
z#1514                                              1 	(obj:0)
z#1521                                              1 	(obj:0)
z#1522                                              1 	(obj:0)
z#1525                                              1 	(obj:0)
z#1528                                              1 	(obj:0)
z#1529                                              1 	(obj:0)
z#1531                                              1 	(obj:0)
z#1533                                              1 	(obj:0)
z#1537                                              1 	(obj:0)
z#1538                                              1 	(obj:0)
z#1539                                              1 	(obj:0)
z#1547                                              1 	(obj:0)
z#1549                                              1 	(obj:0)
z#1553                                              1 	(obj:0)
z#1555                                              1 	(obj:0)
z#1559                                              1 	(obj:0)
z#1565                                              1 	(obj:0)
z#1567                                              1 	(obj:0)
z#1571                                              1 	(obj:0)
z#1582                                              1 	(obj:0)
z#1583                                              1 	(obj:0)
z#1584                                              1 	(obj:0)
z#1585                                              1 	(obj:0)
z#1588                                              1 	(obj:0)
z#1595                                              1 	(obj:0)
z#1613                                              1 	(obj:0)
z#1614                                              1 	(obj:0)
z#1618                                              1 	(obj:0)
z#1624                                              1 	(obj:0)
z#1634                                              1 	(obj:0)
z#1643                                              1 	(obj:0)
z#1645                                              1 	(obj:0)
z#1653                                              1 	(obj:0)
z#1662                                              1 	(obj:0)
z#1666                                              1 	(obj:0)
z#1672                                              1 	(obj:0)
z#1674                                              1 	(obj:0)
z#1675                                              1 	(obj:0)
z#1676                                              1 	(obj:0)
z#1685                                              1 	(obj:0)
z#1686                                              1 	(obj:0)
z#1688                                              1 	(obj:0)
z#1689                                              1 	(obj:0)
z#1694                                              1 	(obj:0)
z#1695                                              1 	(obj:0)
z#1700                                              1 	(obj:0)
z#1701                                              1 	(obj:0)
z#1717                                              1 	(obj:0)
z#1720                                              1 	(obj:0)
z#1726                                              1 	(obj:0)
z#1728                                              1 	(obj:0)
z#1731                                              1 	(obj:0)
z#1745                                              1 	(obj:0)
z#1753                                              1 	(obj:0)
z#1755                                              1 	(obj:0)
z#1761                                              1 	(obj:0)
z#1762                                              1 	(obj:0)
z#1765                                              1 	(obj:0)
z#1775                                              1 	(obj:0)
z#1778                                              1 	(obj:0)
z#1779                                              1 	(obj:0)
z#1786                                              1 	(obj:0)
z#1788                                              1 	(obj:0)
z#1790                                              1 	(obj:0)
z#1796                                              1 	(obj:0)
z#1805                                              1 	(obj:0)
z#1822                                              1 	(obj:0)
z#1823                                              1 	(obj:0)
z#1827                                              1 	(obj:0)
z#1828                                              1 	(obj:0)
z#1833                                              1 	(obj:0)
z#1836                                              1 	(obj:0)
z#1837                                              1 	(obj:0)
z#1844                                              1 	(obj:0)
z#1858                                              1 	(obj:0)
z#1860                                              1 	(obj:0)
z#1868                                              1 	(obj:0)
z#1870                                              1 	(obj:0)
z#1873                                              1 	(obj:0)
z#1876                                              1 	(obj:0)
z#1890                                              1 	(obj:0)
z#1892                                              1 	(obj:0)
z#1893                                              1 	(obj:0)
z#1895                                              1 	(obj:0)
z#1901                                              1 	(obj:0)
z#1905                                              1 	(obj:0)
z#1910                                              1 	(obj:0)
z#1916                                              1 	(obj:0)
z#1917                                              1 	(obj:0)
z#1920                                              1 	(obj:0)
z#1924                                              1 	(obj:0)
z#1932                                              1 	(obj:0)
z#1938                                              1 	(obj:0)
z#1942                                              1 	(obj:0)
z#1948                                              1 	(obj:0)
z#1950                                              1 	(obj:0)
z#1952                                              1 	(obj:0)
z#1953                                              1 	(obj:0)
z#1954                                              1 	(obj:0)
z#1963                                              1 	(obj:0)
z#1964                                              1 	(obj:0)
z#1967                                              1 	(obj:0)
z#1972                                              1 	(obj:0)
z#1977                                              1 	(obj:0)
z#1983                                              1 	(obj:0)
z#1984                                              1 	(obj:0)
z#1999                                              1 	(obj:0)
z#2001                                              1 	(obj:0)
z#2007                                              1 	(obj:0)
z#2008                                              1 	(obj:0)
z#2011                                              1 	(obj:0)
z#2016                                              1 	(obj:0)
z#2018                                              1 	(obj:0)
z#2019                                              1 	(obj:0)
z#2020                                              1 	(obj:0)
z#2024                                              1 	(obj:0)
z#2026                                              1 	(obj:0)
z#2027                                              1 	(obj:0)
z#2030                                              1 	(obj:0)
z#2041                                              1 	(obj:0)
z#2044                                              1 	(obj:0)
z#2056                                              1 	(obj:0)
z#2060                                              1 	(obj:0)
z#2062                                              1 	(obj:0)
z#2063                                              1 	(obj:0)
z#2067                                              1 	(obj:0)
z#2071                                              1 	(obj:0)
z#2074                                              1 	(obj:0)
z#2076                                              1 	(obj:0)
z#2100                                              1 	(obj:0)
z#2102                                              1 	(obj:0)
z#2110                                              1 	(obj:0)
z#2117                                              1 	(obj:0)
z#2118                                              1 	(obj:0)
z#2122                                              1 	(obj:0)
z#2131                                              1 	(obj:0)
z#2134                                              1 	(obj:0)
z#2136                                              1 	(obj:0)
z#2139                                              1 	(obj:0)
z#2143                                              1 	(obj:0)
z#2151                                              1 	(obj:0)
z#2169                                              1 	(obj:0)
z#2170                                              1 	(obj:0)
z#2184                                              1 	(obj:0)
z#2185                                              1 	(obj:0)
z#2203                                              1 	(obj:0)
z#2211                                              1 	(obj:0)
z#2223                                              1 	(obj:0)
z#2224                                              1 	(obj:0)
z#2226                                              1 	(obj:0)
z#2241                                              1 	(obj:0)
z#2245                                              1 	(obj:0)
z#2251                                              1 	(obj:0)
z#2252                                              1 	(obj:0)
z#2255                                              1 	(obj:0)
z#2258                                              1 	(obj:0)
z#2259                                              1 	(obj:0)
z#2261                                              1 	(obj:0)
z#2269                                              1 	(obj:0)
z#2271                                              1 	(obj:0)
z#2274                                              1 	(obj:0)
z#2275                                              1 	(obj:0)
z#2276                                              1 	(obj:0)
z#2277                                              1 	(obj:0)
z#2281                                              1 	(obj:0)
z#2282                                              1 	(obj:0)
z#2284                                              1 	(obj:0)
z#2289                                              1 	(obj:0)
z#2297                                              1 	(obj:0)
z#2300                                              1 	(obj:0)
z#2301                                              1 	(obj:0)
z#2313                                              1 	(obj:0)
z#2318                                              1 	(obj:0)
z#2332                                              1 	(obj:0)
z#2335                                              1 	(obj:0)
z#2337                                              1 	(obj:0)
z#2352                                              1 	(obj:0)
z#2353                                              1 	(obj:0)
z#2358                                              1 	(obj:0)
z#2359                                              1 	(obj:0)
z#2362                                              1 	(obj:0)
z#2365                                              1 	(obj:0)
z#2380                                              1 	(obj:0)
z#2382                                              1 	(obj:0)
z#2388                                              1 	(obj:0)
z#2389                                              1 	(obj:0)
z#2402                                              1 	(obj:0)
z#2413                                              1 	(obj:0)
z#2415                                              1 	(obj:0)
z#2419                                              1 	(obj:0)
z#2424                                              1 	(obj:0)
z#2427                                              1 	(obj:0)
z#2428                                              1 	(obj:0)
z#2450                                              1 	(obj:0)
z#2451                                              1 	(obj:0)
z#2452                                              1 	(obj:0)
z#2454                                              1 	(obj:0)
z#2455                                              1 	(obj:0)
z#2458                                              1 	(obj:0)
z#2462                                              1 	(obj:0)
z#2463                                              1 	(obj:0)
z#2465                                              1 	(obj:0)
z#2487                                              1 	(obj:0)
z#2492                                              1 	(obj:0)
z#2501                                              1 	(obj:0)
z#2505                                              1 	(obj:0)
z#2515                                              1 	(obj:0)
z#2522                                              1 	(obj:0)
z#2530                                              1 	(obj:0)
z#2539                                              1 	(obj:0)
z#2545                                              1 	(obj:0)
z#2553                                              1 	(obj:0)
z#2555                                              1 	(obj:0)
z#2563                                              1 	(obj:0)
z#2573                                              1 	(obj:0)
z#2575                                              1 	(obj:0)
z#2580                                              1 	(obj:0)
z#2588                                              1 	(obj:0)
z#2591                                              1 	(obj:0)
z#2598                                              1 	(obj:0)
z#2599                                              1 	(obj:0)
z#2601                                              1 	(obj:0)
z#2621                                              1 	(obj:0)
z#2625                                              1 	(obj:0)
z#2626                                              1 	(obj:0)
z#2628                                              1 	(obj:0)
z#2630                                              1 	(obj:0)
z#2631                                              1 	(obj:0)
z#2634                                              1 	(obj:0)
z#2635                                              1 	(obj:0)
z#2640                                              1 	(obj:0)
z#2643                                              1 	(obj:0)
z#2644                                              1 	(obj:0)
z#2665                                              1 	(obj:0)
z#2669                                              1 	(obj:0)
z#2670                                              1 	(obj:0)
z#2673                                              1 	(obj:0)
z#2680                                              1 	(obj:0)
z#2687                                              1 	(obj:0)
z#2691                                              1 	(obj:0)
z#2696                                              1 	(obj:0)
z#2698                                              1 	(obj:0)
z#2703                                              1 	(obj:0)
z#2712                                              1 	(obj:0)
z#2714                                              1 	(obj:0)
z#2720                                              1 	(obj:0)
z#2729                                              1 	(obj:0)
z#2735                                              1 	(obj:0)
z#2736                                              1 	(obj:0)
z#2740                                              1 	(obj:0)
z#2754                                              1 	(obj:0)
z#2756                                              1 	(obj:0)
z#2758                                              1 	(obj:0)
z#2761                                              1 	(obj:0)
z#2768                                              1 	(obj:0)
z#2769                                              1 	(obj:0)
z#2780                                              1 	(obj:0)
z#2784                                              1 	(obj:0)
z#2785                                              1 	(obj:0)
z#2787                                              1 	(obj:0)
z#2788                                              1 	(obj:0)
z#2789                                              1 	(obj:0)
z#2794                                              1 	(obj:0)
z#2814                                              1 	(obj:0)
z#2822                                              1 	(obj:0)
z#2825                                              1 	(obj:0)
z#2827                                              1 	(obj:0)
z#2842                                              1 	(obj:0)
z#2847                                              1 	(obj:0)
z#2853                                              1 	(obj:0)
z#2854                                              1 	(obj:0)
z#2861                                              1 	(obj:0)
z#2863                                              1 	(obj:0)
z#2865                                              1 	(obj:0)
z#2866                                              1 	(obj:0)
z#2889                                              1 	(obj:0)
z#2898                                              1 	(obj:0)
z#2902                                              1 	(obj:0)
z#2908                                              1 	(obj:0)
z#2912                                              1 	(obj:0)
z#2917                                              1 	(obj:0)
z#2924                                              1 	(obj:0)
z#2927                                              1 	(obj:0)
z#2929                                              1 	(obj:0)
z#2930                                              1 	(obj:0)
z#2941                                              1 	(obj:0)
z#2944                              0.999999999999987 	(obj:0)
z#2945                                              1 	(obj:0)
z#2953                                              1 	(obj:0)
z#2961                                              1 	(obj:0)
z#2979                                              1 	(obj:0)
z#2987                                              1 	(obj:0)
z#2991                                              1 	(obj:0)
y#19#0                               64.6657187176836 	(obj:0)
y#19#8                               78.4279041180086 	(obj:0)
y#19#16                              75.5057672502575 	(obj:0)
y#19#26                              106.816843501326 	(obj:0)
y#19#27                              59.3573556797021 	(obj:0)
y#19#33                              88.2373465809468 	(obj:0)
y#19#36                              99.8940267041462 	(obj:0)
y#19#38                              66.1763293310463 	(obj:0)
y#19#40                              92.8766343042071 	(obj:0)
y#19#46                              75.7040237467018 	(obj:0)
y#19#49                              108.005221518987 	(obj:0)
y#27#3                               74.7484643734644 	(obj:0)
y#28#12                              64.4727413526071 	(obj:0)
y#28#15                              78.7648076923077 	(obj:0)
y#31#18                              90.3987928536939 	(obj:0)
y#31#32                              85.0746962714705 	(obj:0)
y#31#42                              45.3620942408377 	(obj:0)
y#35#39                              64.2688844422211 	(obj:0)
x#2                                  807.202868370816 	(obj:0.83)
x#5                                  104.673963806188 	(obj:1.01)
x#6                                  627.792036512631 	(obj:0.85)
x#10                                 1147.48066107135 	(obj:0.83)
x#12                                 99.6432098765432 	(obj:0.9)
x#19                                 915.667171453014 	(obj:0.81)
x#27                                 74.7484643734644 	(obj:0.92)
x#28                                 143.237549044915 	(obj:0.88)
x#31                                 220.835583366002 	(obj:0.88)
x#35                                 64.2688844422211 	(obj:0.92)
y#2#1                                85.0925902061856 	(obj:0)
y#2#7                                78.6810132808657 	(obj:0)
y#2#10                               72.3557191948945 	(obj:0)
y#2#24                               85.6279957582185 	(obj:0)
y#2#25                               70.2472504004271 	(obj:0)
y#2#28                               60.2286341463415 	(obj:0)
y#2#37                               102.897227997228 	(obj:0)
y#2#41                               96.2864225352113 	(obj:0)
y#2#43                               64.7437533227007 	(obj:0)
y#2#44                               91.0422615287429 	(obj:0)
y#5#4                                104.673963806188 	(obj:0)
y#6#6                                109.948483080513 	(obj:0)
y#6#14                               78.6748532289628 	(obj:0)
y#6#19                               82.2678463094034 	(obj:0)
y#6#30                               90.0725213890287 	(obj:0)
y#6#34                               103.242492917847 	(obj:0)
y#6#45                               59.6966749379653 	(obj:0)
y#6#47                                103.88916464891 	(obj:0)
y#10#2                               88.8625444207534 	(obj:0)
y#10#5                               92.2996216897856 	(obj:0)
y#10#9                                87.154904109589 	(obj:0)
y#10#13                              133.105786350148 	(obj:0)
y#10#17                               82.410188895249 	(obj:0)
y#10#20                              67.2032345013477 	(obj:0)
y#10#21                              81.0540775014459 	(obj:0)
y#10#22                              82.3148273910583 	(obj:0)
y#10#23                              89.1689373297003 	(obj:0)
y#10#29                              68.5425587467363 	(obj:0)
y#10#31                              90.2598965071151 	(obj:0)
y#10#35                              97.2346268656717 	(obj:0)
y#10#48                              87.8694567627495 	(obj:0)
y#12#11                              99.6432098765432 	(obj:0)
v#0                                          125.0635 	(obj:0)
v#1                                          132.0637 	(obj:0)
v#2                                          125.0296 	(obj:0)
v#3                                          121.6905 	(obj:0)
v#4                                          179.3065 	(obj:0)
v#5                                          146.3872 	(obj:0)
v#6                                          188.4517 	(obj:0)
v#7                                          159.9585 	(obj:0)
v#8                                          127.6022 	(obj:0)
v#9                                          159.0577 	(obj:0)
v#10                                         147.3886 	(obj:0)
v#11                                         153.3509 	(obj:0)
v#12                                         124.8837 	(obj:0)
v#13                                         179.4266 	(obj:0)
v#14                                         160.8114 	(obj:0)
v#15                                         122.8731 	(obj:0)
v#16                                         146.6322 	(obj:0)
v#17                                         143.9706 	(obj:0)
v#18                                         187.2159 	(obj:0)
v#19                                         162.7258 	(obj:0)
v#20                                         149.5944 	(obj:0)
v#21                                         140.1425 	(obj:0)
v#22                                         145.4503 	(obj:0)
v#23                                          163.625 	(obj:0)
v#24                                         161.4944 	(obj:0)
v#25                                         131.5731 	(obj:0)
v#26                                         161.0798 	(obj:0)
v#27                                          95.6247 	(obj:0)
v#28                                         123.4687 	(obj:0)
v#29                                          131.259 	(obj:0)
v#30                                         178.9741 	(obj:0)
v#31                                         139.5418 	(obj:0)
v#32                                         203.0733 	(obj:0)
v#33                                         150.9741 	(obj:0)
v#34                                          182.223 	(obj:0)
v#35                                         195.4416 	(obj:0)
v#36                                         142.1492 	(obj:0)
v#37                                         148.4807 	(obj:0)
v#38                                         115.7424 	(obj:0)
v#39                                         128.4735 	(obj:0)
v#40                                         143.4944 	(obj:0)
v#41                                         170.9084 	(obj:0)
v#42                                          86.6416 	(obj:0)
v#43                                          121.783 	(obj:0)
v#44                                         144.1199 	(obj:0)
v#45                                         120.2888 	(obj:0)
v#46                                         114.7673 	(obj:0)
v#47                                         171.6249 	(obj:0)
v#48                                         158.5165 	(obj:0)
v#49                                         204.7779 	(obj:0)

Statistics
==========

SCIP Status        : solving was interrupted [time limit reached]
Total Time         :   14400.27
  solving          :   14400.00
  presolving       :       0.54 (included in solving)
  reading          :       0.27
  copying          :       0.27 (5 #copies) (minimal 0.05, maximal 0.06, average 0.05)
Original Problem   :
  Problem name     : 40-50-3000-2
  Variables        : 5090 (3000 binary, 0 integer, 0 implicit integer, 2090 continuous)
  Constraints      : 30092 initial, 30092 maximal
  Objective        : minimize, 40 non-zeros (abs.min = 0.81, abs.max = 1.18)
Presolved Problem  :
  Problem name     : t_40-50-3000-2
  Variables        : 2453 (2399 binary, 0 integer, 0 implicit integer, 54 continuous)
  Constraints      : 30003 initial, 30072 maximal
  Objective        : minimize, 52 non-zeros (abs.min = 0.368664, abs.max = 1.01)
  Nonzeros         : 62403 constraint, 0 clique table
Presolvers         :   ExecTime  SetupTime  Calls  FixedVars   AggrVars   ChgTypes  ChgBounds   AddHoles    DelCons    AddCons   ChgSides   ChgCoefs
  boundshift       :       0.00       0.00      0          0          0          0          0          0          0          0          0          0
  convertinttobin  :       0.00       0.00      0          0          0          0          0          0          0          0          0          0
  domcol           :       0.06       0.00      1          0          0          0          0          0          0          0          0          0
  dualagg          :       0.00       0.00      0          0          0          0          0          0          0          0          0          0
  dualcomp         :       0.02       0.00      1          0          0          0          0          0          0          0          0          0
  dualinfer        :       0.00       0.00      0          0          0          0          0          0          0          0          0          0
  dualsparsify     :       0.05       0.00      1          0          0          0          0          0          0          0          0          0
  gateextraction   :       0.00       0.00      0          0          0          0          0          0          0          0          0          0
  implics          :       0.00       0.00      3          0          0          0          0          0          0          0          0          0
  inttobinary      :       0.00       0.00      0          0          0          0          0          0          0          0          0          0
  milp             :       0.13       0.00      1       1021         88          0          0          0      30090      30002          0          0
  qpkktref         :       0.00       0.00      0          0          0          0          0          0          0          0          0          0
  redvub           :       0.00       0.00      0          0          0          0          0          0          0          0          0          0
  sparsify         :       0.03       0.00      1          0          0          0          0          0          0          0          0          0
  stuffing         :       0.00       0.00      0          0          0          0          0          0          0          0          0          0
  trivial          :       0.00       0.00      5          0          0          0          0          0          0          0          0          0
  tworowbnd        :       0.00       0.00      0          0          0          0          0          0          0          0          0          0
  dualfix          :       0.00       0.00      5       1528          0          0          0          0          0          0          0          0
  genvbounds       :       0.00       0.00      0          0          0          0          0          0          0          0          0          0
  probing          :       0.01       0.00      1          0          0          0          0          0          0          0          0          0
  pseudoobj        :       0.00       0.00      0          0          0          0          0          0          0          0          0          0
  symmetry         :       0.00       0.00      1          0          0          0          0          0          0          0          0          0
  vbounds          :       0.00       0.00      0          0          0          0          0          0          0          0          0          0
  chancecons       :       0.00       0.00      0          0          0          0          0          0          0          0          0          0
  varbound         :       0.04       0.00      2          0          0          0          0          0          0          0          0          0
  knapsack         :       0.00       0.00      0          0          0          0          0          0          0          0          0          0
  linear           :       0.17       0.01      7          0          0          0         98          0          1          0          0          0
  logicor          :       0.00       0.00      0          0          0          0          0          0          0          0          0          0
  bounddisjunction :       0.00       0.00      0          0          0          0          0          0          0          0          0          0
  benders          :       0.00       0.00      0          0          0          0          0          0          0          0          0          0
  components       :       0.00       0.00      1          0          0          0          0          0          0          0          0          0
  root node        :          -          -      -          9          -          -         39          -          -          -          -          -
Constraints        :     Number  MaxNumber  #Separate #Propagate    #EnfoLP    #EnfoRelax  #EnfoPS    #Check   #ResProp    Cutoffs    DomReds       Cuts    Applied      Conss   Children
  benderslp        :          0          0          0          0        376          0          0         95          0          0          0          0          0          0          0
  chancecons       :          1          1         70          0          0          0          0          0          0          0          0       3500       2094          0          0
  integral         :          0          0          0          0        376          0          0         95          0          0        157          0          0         51        618
  varbound         :      29999      29999         59      92091          0          0          0         90      26371          0       4216          0          0          0          0
  knapsack         :          1          1         59      92088          0          0          0         21          0         45          0          0          0          0          0
  linear           :          2+         5         59      92046          0          0          0         22       4422        148       1166          0          0          0          0
  logicor          :          0+        22          0        292          0          0          0          0          0          0          0          0          0          0          0
  bounddisjunction :          0+       233          0       1860          0          0          0          0          0          1          7          0          0          0          0
  benders          :          0          0          0          0          0          0          0         20          0          0          0          0          0          0          0
  fixedvar         :          0          0          0          0          0          0          0         20          0          0          0          0          0          0          0
  countsols        :          0          0          0          0          0          0          0         20          0          0          0          0          0          0          0
  components       :          0          0          0          0          0          0          0          0          0          0          0          0          0          0          0
Constraint Timings :  TotalTime  SetupTime   Separate  Propagate     EnfoLP     EnfoPS     EnfoRelax   Check    ResProp    SB-Prop
  benderslp        :       0.00       0.00       0.00       0.00       0.00       0.00       0.00       0.00       0.00       0.00
  chancecons       :       0.22       0.00       0.22       0.00       0.00       0.00       0.00       0.00       0.00       0.00
  integral         :    3516.52       0.00       0.00       0.00    3516.52       0.00       0.00       0.00       0.00       0.00
  varbound         :       2.95       0.00       0.21       1.56       0.00       0.00       0.00       0.03       0.00       1.14
  knapsack         :       3.86       0.00       3.61       0.23       0.00       0.00       0.00       0.00       0.00       0.02
  linear           :       0.42       0.01       0.01       0.34       0.00       0.00       0.00       0.00       0.01       0.06
  logicor          :       0.00       0.00       0.00       0.00       0.00       0.00       0.00       0.00       0.00       0.00
  bounddisjunction :       0.03       0.00       0.00       0.02       0.00       0.00       0.00       0.00       0.00       0.01
  benders          :       0.00       0.00       0.00       0.00       0.00       0.00       0.00       0.00       0.00       0.00
  fixedvar         :       0.01       0.00       0.00       0.00       0.00       0.00       0.00       0.01       0.00       0.00
  countsols        :       0.00       0.00       0.00       0.00       0.00       0.00       0.00       0.00       0.00       0.00
  components       :       0.01       0.00       0.00       0.00       0.00       0.00       0.00       0.00       0.00       0.00
Propagators        : #Propagate   #ResProp    Cutoffs    DomReds
  dualfix          :          6          0          0          0
  genvbounds       :          0          0          0          0
  nlobbt           :          0          0          0          0
  obbt             :          0          0          0          0
  probing          :          0          0          0          0
  pseudoobj        :       1592          0          0        116
  redcost          :       1120          0          0      10550
  rootredcost      :          6          0          0          5
  symmetry         :          0          0          0          0
  vbounds          :      58471          0          0          0
Propagator Timings :  TotalTime  SetupTime   Presolve  Propagate    ResProp    SB-Prop
  dualfix          :       0.00       0.00       0.00       0.00       0.00       0.00
  genvbounds       :       0.01       0.00       0.00       0.01       0.00       0.00
  nlobbt           :       0.00       0.00       0.00       0.00       0.00       0.00
  obbt             :       0.00       0.00       0.00       0.00       0.00       0.00
  probing          :       0.01       0.00       0.01       0.00       0.00       0.00
  pseudoobj        :       0.02       0.00       0.00       0.02       0.00       0.00
  redcost          :       0.19       0.00       0.00       0.18       0.00       0.00
  rootredcost      :       0.01       0.00       0.00       0.01       0.00       0.00
  symmetry         :       0.01       0.00       0.00       0.01       0.00       0.00
  vbounds          :       0.04       0.00       0.00       0.03       0.00       0.01
Symmetry           :
  orbitopal red.   :          0 reductions applied,          0 cutoffs
  orbital reduction:          0 reductions applied,          0 cutoffs
  lexicographic red:          0 reductions applied,          0 cutoffs
  shadow tree time :       0.00 s
Conflict Analysis  :       Time      Calls    Success    DomReds  Conflicts   Literals    Reconvs ReconvLits   Dualrays   Nonzeros   LP Iters   (pool size: [10000,10000])
  propagation      :       0.03         46         46          -        538      161.0          0        0.0          -          -          -
  infeasible LP    :       0.00          0          0          -          0        0.0          0        0.0          0        0.0          0
  bound exceed. LP :       5.53        371         59          -        126       29.9          0        0.0         21       11.1       3320
  strong branching :       0.00          0          0          -          0        0.0          0        0.0          -          -          0
  pseudo solution  :       0.00          0          0          -          0        0.0          0        0.0          -          -          -
  applied globally :       0.04          -          -         18        308      101.8          -          -         21          -          -
  applied locally  :          -          -          -          0          3      419.0          -          -          0          -          -
Separators         :   ExecTime  SetupTime      Calls  RootCalls    Cutoffs    DomReds  FoundCuts ViaPoolAdd  DirectAdd    Applied ViaPoolApp  DirectApp      Conss
  cut pool         :       0.30          -        197        118          -          -      29410      85683          -          -          -          -          -    (maximal pool size:      29287)
  aggregation      :       7.61       0.00         62         59          0          0      27380      79935          0       4631       4631          0          0
  > cmir           :          -          -          -          -          -          -          -      79718          0       4630       4630          0          -
  > flowcover      :          -          -          -          -          -          -          -        217          0          1          1          0          -
  > knapsackcover  :          -          -          -          -          -          -          -          0          0          0          0          0          -
  cgmip            :       0.00       0.00          0          0          0          0          0          0          0          0          0          0          0
  clique           :       0.00       0.00          1          1          0          0          0          0          0          0          0          0          0
  closecuts        :       0.00       0.00          0          0          0          0          0          0          0          0          0          0          0
  convexproj       :       0.00       0.00          0          0          0          0          0          0          0          0          0          0          0
  disjunctive      :       0.00       0.00          0          0          0          0          0          0          0          0          0          0          0
  eccuts           :       0.00       0.00          0          0          0          0          0          0          0          0          0          0          0
  gauge            :       0.00       0.00          0          0          0          0          0          0          0          0          0          0          0
  gomory           :       1.48       0.00         13         10          0          0       2030       5748          0        932        932          0          0
  > gomorymi       :          -          -          -          -          -          -          -       5748          0        932        932          0          -
  > strongcg       :          -          -          -          -          -          -          -          0          0          0          0          0          -
  impliedbounds    :       0.04       0.00         62         59          0          0          0          0          0          0          0          0          0
  interminor       :       0.00       0.00          0          0          0          0          0          0          0          0          0          0          0
  intobj           :       0.00       0.00          0          0          0          0          0          0          0          0          0          0          0
  lagromory        :       0.00       0.00          0          0          0          0          0          0          0          0          0          0          0
  mcf              :       0.00       0.00          1          1          0          0          0          0          0          0          0          0          0
  minor            :       0.00       0.00         10         10          0          0          0          0          0          0          0          0          0
  mixing           :       0.00       0.00          0          0          0          0          0          0          0          0          0          0          0
  oddcycle         :       0.00       0.00          0          0          0          0          0          0          0          0          0          0          0
  rapidlearning    :       0.00       0.00          0          0          0          0          0          0          0          0          0          0          0
  rlt              :       0.00       0.00         10         10          0          0          0          0          0          0          0          0          0
  zerohalf         :       0.06       0.00         23         20          0          0          0          0          0          0          0          0          0
Cutselectors       :   ExecTime  SetupTime      Calls  RootCalls   Selected     Forced   Filtered  RootSelec   RootForc   RootFilt 
  hybrid           :       0.21       0.00        136         60       7657          0      81526       3751          0      44767
  ensemble         :       0.00       0.00          0          0          0          0          0          0          0          0
  dynamic          :       0.00       0.00          0          0          0          0          0          0          0          0
Pricers            :   ExecTime  SetupTime      Calls       Vars
  problem variables:       0.00          -          0          0
Branching Rules    :   ExecTime  SetupTime   BranchLP  BranchExt   BranchPS    Cutoffs    DomReds       Cuts      Conss   Children
  allfullstrong    :       0.00       0.00          0          0          0          0          0          0          0          0
  cloud            :       0.00       0.00          0          0          0          0          0          0          0          0
  distribution     :       0.00       0.00          0          0          0          0          0          0          0          0
  fullstrong       :       0.00       0.00          0          0          0          0          0          0          0          0
  gomory           :       0.00       0.00          0          0          0          0          0          0          0          0
  inference        :       0.00       0.00          0          0          0          0          0          0          0          0
  leastinf         :       0.00       0.00          0          0          0          0          0          0          0          0
  lookahead        :       0.00       0.00          0          0          0          0          0          0          0          0
  mostinf          :       0.00       0.00          0          0          0          0          0          0          0          0
  multaggr         :       0.00       0.00          0          0          0          0          0          0          0          0
  nodereopt        :       0.00       0.00          0          0          0          0          0          0          0          0
  pscost           :       0.00       0.00          0          0          0          0          0          0          0          0
  random           :       0.00       0.00          0          0          0          0          0          0          0          0
  relpscost        :    3516.52       0.00        376          0          0          0        157          0         52        618
  vanillafullstrong:       0.00       0.00          0          0          0          0          0          0          0          0
Primal Heuristics  :   ExecTime  SetupTime      Calls      Found       Best
  LP solutions     :       0.00          -          -          0          0
  relax solutions  :       0.00          -          -          0          0
  pseudo solutions :       0.00          -          -          0          0
  strong branching :       0.00          -          -          0          0
  actconsdiving    :       0.00       0.00          0          0          0
  adaptivediving   :     107.43       0.00          4          0          0
  alns             :       0.51       0.00          3          5          5
  bound            :       0.00       0.00          0          0          0
  clique           :       0.00       0.00          0          0          0
  coefdiving       :       0.00       0.00          0          0          0
  completesol      :       0.00       0.00          0          0          0
  conflictdiving   :     815.62       0.00          8          0          0
  crossover        :       0.15       0.00          1          1          1
  dins             :       0.00       0.00          0          0          0
  distributiondivin:     418.19       0.00          8          0          0
  dps              :       0.00       0.00          0          0          0
  dualval          :       0.00       0.00          0          0          0
  farkasdiving     :       0.00       0.00          0          0          0
  feaspump         :      35.41       0.00          1          1          1
  fixandinfer      :       0.00       0.00          0          0          0
  fracdiving       :     320.41       0.00          8          0          0
  gins             :       0.01       0.00          0          0          0
  guideddiving     :     334.51       0.00          8          1          1
  indicator        :       0.00       0.00          0          0          0
  indicatordiving  :       0.00       0.00          0          0          0
  intdiving        :       0.00       0.00          0          0          0
  intshifting      :      68.78       0.00         15          1          1
  linesearchdiving :     412.30       0.00          8          0          0
  localbranching   :       0.00       0.00          0          0          0
  locks            :       0.17       0.00          1          1          1
  lpface           :       0.00       0.00          0          0          0
  mpec             :       0.00       0.00          0          0          0
  multistart       :       0.00       0.00          0          0          0
  mutation         :       0.00       0.00          0          0          0
  nlpdiving        :       0.00       0.00          0          0          0
  objpscostdiving  :     414.99       0.00          2          1          0
  octane           :       0.00       0.00          0          0          0
  ofins            :       0.00       0.00          0          0          0
  oneopt           :       0.03       0.00          7          0          0
  padm             :       0.00       0.00          0          0          0
  proximity        :       0.00       0.00          0          0          0
  pscostdiving     :     317.67       0.00          8          1          1
  randrounding     :       1.84       0.00         81          0          0
  rens             :       6.33       0.00          1          1          1
  reoptsols        :       0.00       0.00          0          0          0
  repair           :       0.00       0.00          0          0          0
  rins             :       0.00       0.00          0          0          0
  rootsoldiving    :     140.78       0.00          7          6          0
  rounding         :       0.67       0.00        268          0          0
  scheduler        :       0.00       0.00          0          0          0
  shiftandpropagate:       0.00       0.00          0          0          0
  shifting         :       8.04       0.00        135          0          0
  simplerounding   :       0.00       0.00          0          0          0
  subnlp           :       0.00       0.00          0          0          0
  trivial          :       0.01       0.00          2          0          0
  trivialnegation  :       0.00       0.00          0          0          0
  trustregion      :       0.00       0.00          0          0          0
  trysol           :       0.00       0.00          0          0          0
  twoopt           :       0.00       0.00          0          0          0
  undercover       :       0.00       0.00          0          0          0
  vbounds          :       0.08       0.00          1          0          0
  veclendiving     :     341.53       0.00          7          0          0
  zeroobj          :       0.00       0.00          0          0          0
  zirounding       :       0.92       0.00        309          0          0
  other solutions  :          -          -          -          0          -
LNS (Scheduler)    :      Calls  SetupTime  SolveTime SolveNodes       Sols       Best       Exp3    Exp3-IX  EpsGreedy        UCB TgtFixRate  Opt  Inf Node Stal  Sol  Usr Othr Actv
  rens             :          0       0.00       0.00          0          0          0    0.00000    0.12500   -1.00000    1.00000      0.900    0    0    0    0    0    0    0    1
  rins             :          0       0.00       0.00          0          0          0    0.00000    0.12500   -1.00000    1.00000      0.900    0    0    0    0    0    0    0    1
  mutation         :          0       0.00       0.00          0          0          0    0.00000    0.12500   -1.00000    1.00000      0.900    0    0    0    0    0    0    0    1
  localbranching   :          0       0.00       0.00          0          0          0    0.00000    0.12500   -1.00000    1.00000      0.900    0    0    0    0    0    0    0    1
  crossover        :          0       0.00       0.00          0          0          0    0.00000    0.12500   -1.00000    1.00000      0.900    0    0    0    0    0    0    0    1
  proximity        :          0       0.00       0.00          0          0          0    0.00000    0.12500   -1.00000    1.00000      0.900    0    0    0    0    0    0    0    1
  zeroobjective    :          0       0.00       0.00          0          0          0    0.00000    0.12500   -1.00000    1.00000      0.900    0    0    0    0    0    0    0    1
  dins             :          0       0.00       0.00          0          0          0    0.00000    0.12500   -1.00000    1.00000      0.900    0    0    0    0    0    0    0    1
  trustregion      :          0       0.00       0.00          0          0          0    0.00000    0.00000   -1.00000    1.00000      0.900    0    0    0    0    0    0    0    0
LP                 :       Time      Calls Iterations  Iter/call   Iter/sec  Time-0-It Calls-0-It    ItLimit
  primal LP        :       2.06        112          0       0.00       0.00       2.06        112
  dual LP          :    7117.02        810    2903076    5075.31     407.91       1.12        238
  lex dual LP      :       0.00          0          0       0.00          -
  barrier LP       :       0.00          0          0       0.00          -       0.00          0
  resolve instable :       0.00          0          0       0.00          -
  diving/probing LP:    3801.93       1624    2432395    1497.78     639.78
  strong branching :    3421.61       1342    1082025     806.28     316.23          -          -       1825
    (at root node) :          -         32      31655     989.22          -
  conflict analysis:       4.94        332       3320      10.00     672.02
B&B Tree           :
  number of runs   :          1
  nodes            :        379 (309 internal, 70 leaves)
  feasible leaves  :          0
  infeas. leaves   :          0
  objective leaves :         69
  nodes (total)    :        379 (309 internal, 70 leaves)
  nodes left       :        226
  max depth        :         41
  max depth (total):         41
  backtracks       :        120 (31.7%)
  early backtracks :          0 (0.0%)
  nodes exc. ref.  :          0 (0.0%)
  delayed cutoffs  :          0
  repropagations   :          8 (0 domain reductions, 0 cutoffs)
  avg switch length:       5.60
  switching time   :       2.35
Root Node          :
  First LP value   : +3.33548045820380e+03
  First LP Iters   :       5008 (1944.59 Iter/sec)
  First LP Time    :       2.58
  Final Dual Bound : +3.53576811391535e+03
  Final Root Iters :     162192
  Root LP Estimate : +3.54175944623947e+03
Solution           :
  Solutions found  :         19 (12 improvements)
  First Solution   : +3.70306206056746e+03   (in run 1, after 1 nodes, 0.76 seconds, depth 601, found by <locks>)
  Gap First Sol.   :      25.09 %
  Gap Last Sol.    :       0.15 %
  Primal Bound     : +3.54138087911485e+03   (in run 1, after 377 nodes, 14349.13 seconds, depth 40, found by <crossover>)
  Dual Bound       : +3.53593738287053e+03
  Gap              :       0.15 %
Integrals          :      Total       Avg%
  primal-dual      :    4735.70       0.33
  primal-ref       :          -          - (not evaluated)
  dual-ref         :          -          - (not evaluated)

 Branching Statistics...

 Total number of propagations -> 0

 Number of cutoffs of KnaCons -> 0

 Total number of variables fixed to 1 by the propagator -> 0

 Total number of variables fixed to 0 by the propagator -> 0

 Maximum number of rounds of the approximation algorithm -> 0

 Runtime of the exact algorithm -> 0.0000 s

 Total number of variables fixed to 1 in the exact algorithm -> 0

 Total number of variables fixed to 0 in the exact algorithm -> 0

 Number of cutoffs in the exact algorithm -> 0

 Number of cutoffs in the approximation algorithm -> 0

 PS:  
