***************************************
*         SCIP-based CCP Solver       *
*                                     *
*    Wei Lv and Wei-Kun Chen (2024)   *
***************************************
/share/home/wangzhaowei/lvwei/scipoptsuite-9.1.0/build/bin/examples/ccp -f CCRPData/50-100-3000-3.ccrp -s CCRPSetting/BnC-MIX2.set 
SCIP version 9.1.0 [precision: 8 byte] [memory: block] [mode: optimized] [LP solver: Soplex 7.1.0] [GitHash: 8cab0278ba]
Copyright (c) 2002-2024 Zuse Institute Berlin (ZIB)

External libraries: 
  Soplex 7.1.0         Linear Programming Solver developed at Zuse Institute Berlin (soplex.zib.de) [GitHash: 595bfac9]
  CppAD 20180000.0     Algorithmic Differentiation of C++ algorithms developed by B. Bell (github.com/coin-or/CppAD)
  ZLIB 1.2.7           General purpose compression library by J. Gailly and M. Adler (zlib.net)
  GMP 6.0.0            GNU Multiple Precision Arithmetic Library developed by T. Granlund (gmplib.org)
  AMPL/MP 690e9e7      AMPL .nl file reader library (github.com/ampl/mp)
  PaPILO 2.3.0         parallel presolve for integer and linear optimization (github.com/scipopt/papilo) (built with TBB) [GitHash: 4b8ce6ed]
  Nauty 2.8.8          Computing Graph Automorphism Groups by Brendan D. McKay (users.cecs.anu.edu.au/~bdm/nauty)
  sassy 1.1            Symmetry preprocessor by Markus Anders (github.com/markusa4/sassy)

reading user parameter file <CCRPSetting/BnC-MIX2.set>

read problem <CCRPData/50-100-3000-3.ccrp>
============

File name: 	CCRPData/50-100-3000-3.ccrp
Problem name:	50-100-3000-3
NumResource: 	50
Dimension: 	100
NumScenario: 	3000
ConfidenceParameter: 	0.20
IsEqualProbability: 	1
BnC+MIX+DI: 	0
BnC+MIX+sDI: 	0
DB: 	0
DB+OPF: 	0
Dominance and Aggregation Statistics......
NumEdge:        71406
NumBiEdge: 	0
NumDomIneqs: 	71406
DominanceRatio: 0.0159
NumAggScenario: 3000 
BasicNumScenario: 2695 
original problem has 8150 variables (3000 bin, 0 int, 0 impl, 5150 cont) and 60152 constraints

solve problem
=============

presolving:
(round 1, fast)       2458 del vars, 18 del conss, 0 add conss, 100 chg bounds, 0 chg sides, 0 chg coeffs, 0 upgd conss, 0 impls, 0 clqs
   (0.3s) running MILP presolver
   (0.5s) MILP presolver (3 rounds): 147 aggregations, 2744 fixings, 0 bound changes
(round 2, medium)     5349 del vars, 60151 del conss, 59986 add conss, 100 chg bounds, 0 chg sides, 0 chg coeffs, 0 upgd conss, 0 impls, 0 clqs
(round 3, fast)       5349 del vars, 60151 del conss, 59986 add conss, 197 chg bounds, 0 chg sides, 0 chg coeffs, 0 upgd conss, 0 impls, 0 clqs
(round 4, exhaustive) 5349 del vars, 60151 del conss, 59986 add conss, 197 chg bounds, 0 chg sides, 0 chg coeffs, 59982 upgd conss, 0 impls, 0 clqs
   (1.0s) probing: 51/2695 (1.9%) - 0 fixings, 0 aggregations, 0 implications, 0 bound changes
   (1.0s) probing aborted: 50/50 successive totally useless probings
   (1.1s) symmetry computation started: requiring (bin +, int +, cont +), (fixed: bin -, int -, cont -)
   Symmetry detection interrupted: constraints of type chancecons do not provide symmetry information.
   If symmetries shall be detected, implement the CONSGETPERMSYMGRAPH callback.
   (1.1s) could not compute symmetry
presolving (5 rounds: 5 fast, 3 medium, 2 exhaustive):
 5349 deleted vars, 60151 deleted constraints, 59986 added constraints, 197 tightened bounds, 0 added holes, 0 changed sides, 0 changed coefficients
 59982 implications, 0 cliques
presolved problem has 2801 variables (2695 bin, 0 int, 0 impl, 106 cont) and 59987 constraints
      1 constraints of type <chancecons>
  59982 constraints of type <varbound>
      1 constraints of type <knapsack>
      3 constraints of type <linear>
Presolving Time: 0.99

 time | node  | left  |LP iter|LP it/n|mem/heur|mdpt |vars |cons |rows |cuts |sepa|confs|strbr|  dualbound   | primalbound  |  gap   | compl. 
p 1.4s|     1 |     0 |     3 |     - |   locks|   0 |2801 |  59k|  59k|   0 |  0 |   0 |   0 | 5.509972e+03 | 6.831921e+03 |  23.99%| unknown
  7.2s|     1 |     0 |  6386 |     - |   214M |   0 |2801 |  59k|  59k|   0 |  0 |   1 |   0 | 6.200946e+03 | 6.831921e+03 |  10.18%| unknown
  8.8s|     1 |     0 |  7683 |     - |   221M |   0 |2801 |  59k|  60k|  73 |  1 |   1 |   0 | 6.282687e+03 | 6.831921e+03 |   8.74%| unknown
 10.5s|     1 |     0 |  9032 |     - |   228M |   0 |2801 |  59k|  60k| 162 |  2 |   1 |   0 | 6.343702e+03 | 6.831921e+03 |   7.70%| unknown
 12.3s|     1 |     0 | 10384 |     - |   234M |   0 |2801 |  59k|  60k| 256 |  3 |   1 |   0 | 6.391781e+03 | 6.831921e+03 |   6.89%| unknown
 13.8s|     1 |     0 | 11501 |     - |   242M |   0 |2801 |  59k|  60k| 361 |  4 |   1 |   0 | 6.421383e+03 | 6.831921e+03 |   6.39%| unknown
 15.6s|     1 |     0 | 12877 |     - |   250M |   0 |2801 |  59k|  60k| 460 |  5 |   1 |   0 | 6.448927e+03 | 6.831921e+03 |   5.94%| unknown
 17.7s|     1 |     0 | 14275 |     - |   257M |   0 |2801 |  59k|  60k| 554 |  6 |   1 |   0 | 6.468548e+03 | 6.831921e+03 |   5.62%| unknown
 20.1s|     1 |     0 | 15932 |     - |   264M |   0 |2801 |  59k|  60k| 643 |  7 |   1 |   0 | 6.483847e+03 | 6.831921e+03 |   5.37%| unknown
 23.0s|     1 |     0 | 17888 |     - |   272M |   0 |2801 |  59k|  60k| 737 |  8 |   1 |   0 | 6.497213e+03 | 6.831921e+03 |   5.15%| unknown
 26.3s|     1 |     0 | 20045 |     - |   279M |   0 |2801 |  59k|  60k| 832 |  9 |   1 |   0 | 6.505981e+03 | 6.831921e+03 |   5.01%| unknown
 30.5s|     1 |     0 | 22665 |     - |   286M |   0 |2801 |  59k|  60k| 926 | 10 |   1 |   0 | 6.514628e+03 | 6.831921e+03 |   4.87%| unknown
 34.8s|     1 |     0 | 25470 |     - |   293M |   0 |2801 |  59k|  61k|1021 | 11 |   1 |   0 | 6.521648e+03 | 6.831921e+03 |   4.76%| unknown
 39.3s|     1 |     0 | 28338 |     - |   300M |   0 |2801 |  59k|  61k|1112 | 12 |   1 |   0 | 6.527528e+03 | 6.831921e+03 |   4.66%| unknown
 44.2s|     1 |     0 | 31257 |     - |   306M |   0 |2801 |  59k|  61k|1201 | 13 |   1 |   0 | 6.533231e+03 | 6.831921e+03 |   4.57%| unknown
 time | node  | left  |LP iter|LP it/n|mem/heur|mdpt |vars |cons |rows |cuts |sepa|confs|strbr|  dualbound   | primalbound  |  gap   | compl. 
 49.8s|     1 |     0 | 34520 |     - |   313M |   0 |2801 |  59k|  61k|1281 | 14 |   1 |   0 | 6.538294e+03 | 6.831921e+03 |   4.49%| unknown
 56.4s|     1 |     0 | 38168 |     - |   320M |   0 |2801 |  59k|  61k|1363 | 15 |   1 |   0 | 6.542773e+03 | 6.831921e+03 |   4.42%| unknown
 62.6s|     1 |     0 | 41534 |     - |   327M |   0 |2801 |  59k|  61k|1437 | 16 |   1 |   0 | 6.546317e+03 | 6.831921e+03 |   4.36%| unknown
 69.9s|     1 |     0 | 45400 |     - |   333M |   0 |2801 |  59k|  61k|1505 | 17 |   1 |   0 | 6.551197e+03 | 6.831921e+03 |   4.29%| unknown
 75.5s|     1 |     0 | 48165 |     - |   339M |   0 |2801 |  59k|  61k|1571 | 18 |   1 |   0 | 6.553151e+03 | 6.831921e+03 |   4.25%| unknown
 82.7s|     1 |     0 | 51819 |     - |   346M |   0 |2801 |  59k|  61k|1635 | 19 |   1 |   0 | 6.555722e+03 | 6.831921e+03 |   4.21%| unknown
 91.2s|     1 |     0 | 55890 |     - |   352M |   0 |2801 |  59k|  61k|1717 | 20 |   1 |   0 | 6.559460e+03 | 6.831921e+03 |   4.15%| unknown
  100s|     1 |     0 | 59900 |     - |   354M |   0 |2801 |  59k|  61k|1782 | 21 |   1 |   0 | 6.562492e+03 | 6.831921e+03 |   4.11%| unknown
  126s|     1 |     0 | 70020 |     - |   355M |   0 |2801 |  59k|  61k|1853 | 22 |   1 |   0 | 6.565343e+03 | 6.831921e+03 |   4.06%| unknown
  146s|     1 |     0 | 78376 |     - |   355M |   0 |2801 |  59k|  61k|1924 | 23 |   1 |   0 | 6.567089e+03 | 6.831921e+03 |   4.03%| unknown
  169s|     1 |     0 | 87603 |     - |   355M |   0 |2801 |  59k|  61k|1989 | 24 |   1 |   0 | 6.569111e+03 | 6.831921e+03 |   4.00%| unknown
  195s|     1 |     0 | 97515 |     - |   356M |   0 |2801 |  59k|  61k|2052 | 25 |   1 |   0 | 6.571156e+03 | 6.831921e+03 |   3.97%| unknown
  226s|     1 |     0 |107731 |     - |   357M |   0 |2801 |  59k|  61k|2116 | 26 |   1 |   0 | 6.573344e+03 | 6.831921e+03 |   3.93%| unknown
  256s|     1 |     0 |117768 |     - |   358M |   0 |2801 |  59k|  61k|2191 | 27 |   1 |   0 | 6.575631e+03 | 6.831921e+03 |   3.90%| unknown
  282s|     1 |     0 |126431 |     - |   358M |   0 |2801 |  59k|  61k|2248 | 28 |   1 |   0 | 6.577252e+03 | 6.831921e+03 |   3.87%| unknown
 time | node  | left  |LP iter|LP it/n|mem/heur|mdpt |vars |cons |rows |cuts |sepa|confs|strbr|  dualbound   | primalbound  |  gap   | compl. 
  318s|     1 |     0 |136810 |     - |   358M |   0 |2801 |  59k|  61k|2316 | 29 |   1 |   0 | 6.579371e+03 | 6.831921e+03 |   3.84%| unknown
  347s|     1 |     0 |145855 |     - |   359M |   0 |2801 |  59k|  61k|2381 | 30 |   1 |   0 | 6.580785e+03 | 6.831921e+03 |   3.82%| unknown
  380s|     1 |     0 |155834 |     - |   359M |   0 |2801 |  59k|  62k|2443 | 31 |   1 |   0 | 6.582566e+03 | 6.831921e+03 |   3.79%| unknown
  419s|     1 |     0 |166449 |     - |   360M |   0 |2801 |  59k|  62k|2514 | 32 |   1 |   0 | 6.584322e+03 | 6.831921e+03 |   3.76%| unknown
  458s|     1 |     0 |176756 |     - |   360M |   0 |2801 |  59k|  62k|2579 | 33 |   1 |   0 | 6.585895e+03 | 6.831921e+03 |   3.74%| unknown
  500s|     1 |     0 |186791 |     - |   362M |   0 |2801 |  59k|  62k|2643 | 34 |   1 |   0 | 6.587045e+03 | 6.831921e+03 |   3.72%| unknown
  534s|     1 |     0 |195905 |     - |   362M |   0 |2801 |  59k|  62k|2709 | 35 |   1 |   0 | 6.588150e+03 | 6.831921e+03 |   3.70%| unknown
  574s|     1 |     0 |206258 |     - |   362M |   0 |2801 |  59k|  62k|2771 | 36 |   1 |   0 | 6.589303e+03 | 6.831921e+03 |   3.68%| unknown
  609s|     1 |     0 |215850 |     - |   362M |   0 |2801 |  59k|  62k|2834 | 37 |   1 |   0 | 6.590233e+03 | 6.831921e+03 |   3.67%| unknown
  652s|     1 |     0 |226521 |     - |   362M |   0 |2801 |  59k|  62k|2909 | 38 |   1 |   0 | 6.591727e+03 | 6.831921e+03 |   3.64%| unknown
  698s|     1 |     0 |236940 |     - |   363M |   0 |2801 |  59k|  62k|2975 | 39 |   1 |   0 | 6.593067e+03 | 6.831921e+03 |   3.62%| unknown
  746s|     1 |     0 |247074 |     - |   364M |   0 |2801 |  59k|  62k|3038 | 40 |   1 |   0 | 6.593970e+03 | 6.831921e+03 |   3.61%| unknown
  791s|     1 |     0 |257108 |     - |   364M |   0 |2801 |  59k|  62k|3101 | 41 |   1 |   0 | 6.594843e+03 | 6.831921e+03 |   3.59%| unknown
  840s|     1 |     0 |267736 |     - |   365M |   0 |2801 |  59k|  62k|3184 | 42 |   1 |   0 | 6.596020e+03 | 6.831921e+03 |   3.58%| unknown
  888s|     1 |     0 |278168 |     - |   365M |   0 |2801 |  59k|  62k|3250 | 43 |   1 |   0 | 6.596766e+03 | 6.831921e+03 |   3.56%| unknown
 time | node  | left  |LP iter|LP it/n|mem/heur|mdpt |vars |cons |rows |cuts |sepa|confs|strbr|  dualbound   | primalbound  |  gap   | compl. 
  936s|     1 |     0 |288684 |     - |   365M |   0 |2801 |  59k|  62k|3343 | 44 |   1 |   0 | 6.597695e+03 | 6.831921e+03 |   3.55%| unknown
  996s|     1 |     0 |300490 |     - |   366M |   0 |2801 |  59k|  62k|3447 | 45 |   1 |   0 | 6.599085e+03 | 6.831921e+03 |   3.53%| unknown
 1052s|     1 |     0 |311478 |     - |   367M |   0 |2801 |  59k|  62k|3526 | 46 |   1 |   0 | 6.599955e+03 | 6.831921e+03 |   3.51%| unknown
 1108s|     1 |     0 |322593 |     - |   367M |   0 |2801 |  59k|  62k|3618 | 47 |   1 |   0 | 6.600989e+03 | 6.831921e+03 |   3.50%| unknown
 1161s|     1 |     0 |333088 |     - |   368M |   0 |2801 |  59k|  62k|3692 | 48 |   1 |   0 | 6.601729e+03 | 6.831921e+03 |   3.49%| unknown
 1217s|     1 |     0 |343885 |     - |   368M |   0 |2801 |  59k|  62k|3779 | 49 |   1 |   0 | 6.602459e+03 | 6.831921e+03 |   3.48%| unknown
 1271s|     1 |     0 |354310 |     - |   368M |   0 |2801 |  59k|  62k|3842 | 50 |   1 |   0 | 6.603036e+03 | 6.831921e+03 |   3.47%| unknown
 1327s|     1 |     0 |364743 |     - |   368M |   0 |2801 |  59k|  62k|3900 | 51 |   1 |   0 | 6.603702e+03 | 6.831921e+03 |   3.46%| unknown
 1381s|     1 |     0 |375001 |     - |   368M |   0 |2801 |  59k|  62k|3962 | 52 |   1 |   0 | 6.604189e+03 | 6.831921e+03 |   3.45%| unknown
 1436s|     1 |     0 |385535 |     - |   368M |   0 |2801 |  59k|  62k|4025 | 53 |   1 |   0 | 6.604749e+03 | 6.831921e+03 |   3.44%| unknown
 1490s|     1 |     0 |395741 |     - |   368M |   0 |2801 |  59k|  62k|4086 | 54 |   1 |   0 | 6.605207e+03 | 6.831921e+03 |   3.43%| unknown
 1550s|     1 |     0 |406653 |     - |   369M |   0 |2801 |  59k|  62k|4154 | 55 |   1 |   0 | 6.605663e+03 | 6.831921e+03 |   3.43%| unknown
 1612s|     1 |     0 |417466 |     - |   369M |   0 |2801 |  59k|  62k|4218 | 56 |   1 |   0 | 6.606056e+03 | 6.831921e+03 |   3.42%| unknown
 1667s|     1 |     0 |428052 |     - |   369M |   0 |2801 |  59k|  62k|4288 | 57 |   1 |   0 | 6.606462e+03 | 6.831921e+03 |   3.41%| unknown
 1732s|     1 |     0 |439042 |     - |   369M |   0 |2801 |  59k|  62k|4348 | 58 |   1 |   0 | 6.606869e+03 | 6.831921e+03 |   3.41%| unknown
 time | node  | left  |LP iter|LP it/n|mem/heur|mdpt |vars |cons |rows |cuts |sepa|confs|strbr|  dualbound   | primalbound  |  gap   | compl. 
 1793s|     1 |     0 |449868 |     - |   369M |   0 |2801 |  59k|  62k|4424 | 59 |   1 |   0 | 6.607249e+03 | 6.831921e+03 |   3.40%| unknown
 1849s|     1 |     0 |459886 |     - |   369M |   0 |2801 |  59k|  62k|4487 | 60 |   1 |   0 | 6.607620e+03 | 6.831921e+03 |   3.39%| unknown
 1909s|     1 |     0 |470124 |     - |   369M |   0 |2801 |  59k|  62k|4552 | 61 |   1 |   0 | 6.607915e+03 | 6.831921e+03 |   3.39%| unknown
r1931s|     1 |     0 |479561 |     - |intshift|   0 |2801 |  59k|  62k|4552 | 61 |   1 |   0 | 6.607915e+03 | 6.772464e+03 |   2.49%| unknown
o2014s|     1 |     0 |513217 |     - |feaspump|   0 |2801 |  59k|  62k|4552 | 61 |   1 |   0 | 6.607915e+03 | 6.662178e+03 |   0.82%| unknown
L2058s|     1 |     0 |527039 |     - |    alns|   0 |2801 |  59k|  62k|4552 | 61 |   3 |   0 | 6.607915e+03 | 6.655197e+03 |   0.72%| unknown
 2058s|     1 |     0 |527039 |     - |   375M |   0 |2801 |  59k|  62k|4552 | 61 |   3 |   0 | 6.607915e+03 | 6.655197e+03 |   0.72%| unknown
 2118s|     1 |     0 |537202 |     - |   376M |   0 |2801 |  59k|  62k|4613 | 62 |   3 |   0 | 6.608355e+03 | 6.655197e+03 |   0.71%| unknown
 2142s|     1 |     0 |541823 |     - |   376M |   0 |2801 |  59k|  62k|4639 | 63 |  13 |   0 | 6.608420e+03 | 6.655197e+03 |   0.71%| unknown
 2279s|     1 |     2 |541823 |     - |   377M |   0 |2801 |  60k|  62k|4639 | 63 |  18 |  21 | 6.608452e+03 | 6.655197e+03 |   0.71%| unknown
d3037s|     4 |     5 |611425 |42173.3 |pscostdi|   3 |2801 |  60k|  61k|   0 |  1 |  18 | 126 | 6.608452e+03 | 6.623714e+03 |   0.23%| unknown
L5689s|    30 |    31 |933658 |15474.2 |    alns|  20 |2801 |  60k|  61k|4835 |  2 |  21 | 434 | 6.608641e+03 | 6.623563e+03 |   0.23%| unknown
d7536s|    53 |    46 |  1365k|16931.7 |pscostdi|  23 |2801 |  60k|  61k|   0 |  1 |  24 | 552 | 6.608641e+03 | 6.623018e+03 |   0.22%| unknown
  215m|   100 |    85 |  3211k|27541.6 |   409M |  27 |2801 |  60k|  61k|5439 |  1 |  51 | 803 | 6.608680e+03 | 6.623018e+03 |   0.22%|   2.97%
d 227m|   109 |    94 |  3496k|27882.5 |pscostdi|  28 |2801 |  60k|  61k|   0 |  1 |  53 | 822 | 6.608680e+03 | 6.622864e+03 |   0.21%|   2.98%

SCIP Status        : solving was interrupted [time limit reached]
Solving Time (sec) : 14400.00
Solving Nodes      : 121
Primal Bound       : +6.62286439518197e+03 (14 solutions)
Dual Bound         : +6.60867991529649e+03
Gap                : 0.21 %

primal solution (original space):
=================================

objective value:                     6622.86439518197
z#16                                                1 	(obj:0)
z#19                                                1 	(obj:0)
z#21                                                1 	(obj:0)
z#28                                                1 	(obj:0)
z#30                                                1 	(obj:0)
z#37                                                1 	(obj:0)
z#41                                                1 	(obj:0)
z#55                                                1 	(obj:0)
z#58                                                1 	(obj:0)
z#59                                                1 	(obj:0)
z#72                                                1 	(obj:0)
z#77                                                1 	(obj:0)
z#78                                                1 	(obj:0)
z#79                                                1 	(obj:0)
z#81                                                1 	(obj:0)
z#86                                                1 	(obj:0)
z#89                                                1 	(obj:0)
z#90                                                1 	(obj:0)
z#91                                                1 	(obj:0)
z#92                                                1 	(obj:0)
z#95                                                1 	(obj:0)
z#96                                                1 	(obj:0)
z#101                                               1 	(obj:0)
z#118                                               1 	(obj:0)
z#132                                               1 	(obj:0)
z#141                                               1 	(obj:0)
z#145                                               1 	(obj:0)
z#149                                               1 	(obj:0)
z#152                                               1 	(obj:0)
z#153                                               1 	(obj:0)
z#157                                               1 	(obj:0)
z#159                                               1 	(obj:0)
z#161                                               1 	(obj:0)
z#162                                               1 	(obj:0)
z#163                                               1 	(obj:0)
z#174                                               1 	(obj:0)
z#177                                               1 	(obj:0)
z#179                                               1 	(obj:0)
z#183                                               1 	(obj:0)
z#188                                               1 	(obj:0)
z#195                                               1 	(obj:0)
z#202                                               1 	(obj:0)
z#208                                               1 	(obj:0)
z#210                                               1 	(obj:0)
z#215                                               1 	(obj:0)
z#222                                               1 	(obj:0)
z#223                                               1 	(obj:0)
z#224                                               1 	(obj:0)
z#226                                               1 	(obj:0)
z#233                                               1 	(obj:0)
z#240                                               1 	(obj:0)
z#259                                               1 	(obj:0)
z#268                                               1 	(obj:0)
z#279                                               1 	(obj:0)
z#291                                               1 	(obj:0)
z#296                                               1 	(obj:0)
z#307                                               1 	(obj:0)
z#314                                               1 	(obj:0)
z#329                                               1 	(obj:0)
z#339                               0.999999999999994 	(obj:0)
z#343                               0.999999999999948 	(obj:0)
z#350                                               1 	(obj:0)
z#360                                               1 	(obj:0)
z#366                                               1 	(obj:0)
z#374                                               1 	(obj:0)
z#376                                               1 	(obj:0)
z#378                                               1 	(obj:0)
z#382                                               1 	(obj:0)
z#383                                               1 	(obj:0)
z#385                                               1 	(obj:0)
z#386                                               1 	(obj:0)
z#387                                               1 	(obj:0)
z#392                                               1 	(obj:0)
z#393                                               1 	(obj:0)
z#394                                               1 	(obj:0)
z#395                                               1 	(obj:0)
z#398                                               1 	(obj:0)
z#401                                               1 	(obj:0)
z#403                                               1 	(obj:0)
z#405                               0.999999999999999 	(obj:0)
z#406                               0.999999999999994 	(obj:0)
z#423                                               1 	(obj:0)
z#424                                               1 	(obj:0)
z#425                                               1 	(obj:0)
z#426                                               1 	(obj:0)
z#432                                               1 	(obj:0)
z#433                                               1 	(obj:0)
z#435                                               1 	(obj:0)
z#446                                               1 	(obj:0)
z#462                                               1 	(obj:0)
z#467                               0.999999999999888 	(obj:0)
z#479                                               1 	(obj:0)
z#480                                               1 	(obj:0)
z#487                                               1 	(obj:0)
z#493                                               1 	(obj:0)
z#514                                               1 	(obj:0)
z#523                                               1 	(obj:0)
z#526                                               1 	(obj:0)
z#529                                               1 	(obj:0)
z#531                                               1 	(obj:0)
z#534                                               1 	(obj:0)
z#539                                               1 	(obj:0)
z#540                                               1 	(obj:0)
z#543                                               1 	(obj:0)
z#544                                               1 	(obj:0)
z#545                                               1 	(obj:0)
z#547                                               1 	(obj:0)
z#554                                               1 	(obj:0)
z#558                               0.999999999999999 	(obj:0)
z#563                                               1 	(obj:0)
z#567                                               1 	(obj:0)
z#571                                               1 	(obj:0)
z#580                               0.999999999999999 	(obj:0)
z#584                                               1 	(obj:0)
z#589                                               1 	(obj:0)
z#590                                               1 	(obj:0)
z#593                                               1 	(obj:0)
z#602                                               1 	(obj:0)
z#604                                               1 	(obj:0)
z#606                                               1 	(obj:0)
z#609                                               1 	(obj:0)
z#613                                               1 	(obj:0)
z#615                                               1 	(obj:0)
z#616                                               1 	(obj:0)
z#617                                               1 	(obj:0)
z#619                                               1 	(obj:0)
z#633                                               1 	(obj:0)
z#647                                               1 	(obj:0)
z#652                                               1 	(obj:0)
z#657                                1.00000000000002 	(obj:0)
z#664                                               1 	(obj:0)
z#681                                               1 	(obj:0)
z#685                                               1 	(obj:0)
z#693                                               1 	(obj:0)
z#694                                               1 	(obj:0)
z#698                                               1 	(obj:0)
z#701                                               1 	(obj:0)
z#708                                               1 	(obj:0)
z#710                                               1 	(obj:0)
z#711                                               1 	(obj:0)
z#713                                               1 	(obj:0)
z#714                                               1 	(obj:0)
z#716                                               1 	(obj:0)
z#719                                               1 	(obj:0)
z#722                                               1 	(obj:0)
z#728                                               1 	(obj:0)
z#729                                               1 	(obj:0)
z#733                                               1 	(obj:0)
z#738                                               1 	(obj:0)
z#742                                               1 	(obj:0)
z#749                                               1 	(obj:0)
z#762                                               1 	(obj:0)
z#764                                               1 	(obj:0)
z#768                                               1 	(obj:0)
z#776                                               1 	(obj:0)
z#779                                               1 	(obj:0)
z#782                                               1 	(obj:0)
z#789                                               1 	(obj:0)
z#792                                               1 	(obj:0)
z#799                                               1 	(obj:0)
z#805                                               1 	(obj:0)
z#812                                               1 	(obj:0)
z#813                               0.999999999999999 	(obj:0)
z#820                                               1 	(obj:0)
z#830                                               1 	(obj:0)
z#833                                               1 	(obj:0)
z#840                                               1 	(obj:0)
z#856                                               1 	(obj:0)
z#857                                               1 	(obj:0)
z#863                                               1 	(obj:0)
z#868                                               1 	(obj:0)
z#869                                               1 	(obj:0)
z#886                                               1 	(obj:0)
z#887                                               1 	(obj:0)
z#895                                               1 	(obj:0)
z#897                                               1 	(obj:0)
z#899                                               1 	(obj:0)
z#902                                               1 	(obj:0)
z#914                                               1 	(obj:0)
z#916                                               1 	(obj:0)
z#924                                               1 	(obj:0)
z#928                                               1 	(obj:0)
z#930                                               1 	(obj:0)
z#936                                               1 	(obj:0)
z#944                                               1 	(obj:0)
z#953                                               1 	(obj:0)
z#954                                               1 	(obj:0)
z#955                                               1 	(obj:0)
z#957                                               1 	(obj:0)
z#961                                               1 	(obj:0)
z#962                                               1 	(obj:0)
z#964                                               1 	(obj:0)
z#974                                               1 	(obj:0)
z#976                                               1 	(obj:0)
z#977                                               1 	(obj:0)
z#981                                               1 	(obj:0)
z#995                                               1 	(obj:0)
z#997                                               1 	(obj:0)
z#1002                                              1 	(obj:0)
z#1019                                              1 	(obj:0)
z#1021                                              1 	(obj:0)
z#1027                                              1 	(obj:0)
z#1028                                              1 	(obj:0)
z#1040                                              1 	(obj:0)
z#1048                                              1 	(obj:0)
z#1056                                              1 	(obj:0)
z#1065                                              1 	(obj:0)
z#1074                                              1 	(obj:0)
z#1079                                              1 	(obj:0)
z#1082                                              1 	(obj:0)
z#1086                                              1 	(obj:0)
z#1107                                              1 	(obj:0)
z#1108                                              1 	(obj:0)
z#1112                                              1 	(obj:0)
z#1113                                              1 	(obj:0)
z#1129                                              1 	(obj:0)
z#1132                                              1 	(obj:0)
z#1138                                              1 	(obj:0)
z#1139                                              1 	(obj:0)
z#1149                                              1 	(obj:0)
z#1156                                              1 	(obj:0)
z#1157                                              1 	(obj:0)
z#1163                                              1 	(obj:0)
z#1171                                              1 	(obj:0)
z#1173                               1.00000000000001 	(obj:0)
z#1184                                              1 	(obj:0)
z#1188                                              1 	(obj:0)
z#1189                                              1 	(obj:0)
z#1216                                              1 	(obj:0)
z#1221                                              1 	(obj:0)
z#1226                                              1 	(obj:0)
z#1235                                              1 	(obj:0)
z#1236                                              1 	(obj:0)
z#1245                                              1 	(obj:0)
z#1256                                              1 	(obj:0)
z#1257                                              1 	(obj:0)
z#1258                                              1 	(obj:0)
z#1259                                              1 	(obj:0)
z#1262                                              1 	(obj:0)
z#1263                                              1 	(obj:0)
z#1264                                              1 	(obj:0)
z#1272                                              1 	(obj:0)
z#1276                                              1 	(obj:0)
z#1281                                              1 	(obj:0)
z#1282                                              1 	(obj:0)
z#1286                                              1 	(obj:0)
z#1291                                              1 	(obj:0)
z#1292                                              1 	(obj:0)
z#1304                                              1 	(obj:0)
z#1307                                              1 	(obj:0)
z#1308                                              1 	(obj:0)
z#1313                                              1 	(obj:0)
z#1314                                              1 	(obj:0)
z#1322                                              1 	(obj:0)
z#1326                                              1 	(obj:0)
z#1328                                              1 	(obj:0)
z#1331                               1.00000000000002 	(obj:0)
z#1340                                              1 	(obj:0)
z#1344                                              1 	(obj:0)
z#1345                                              1 	(obj:0)
z#1348                                              1 	(obj:0)
z#1358                                              1 	(obj:0)
z#1359                                              1 	(obj:0)
z#1365                                              1 	(obj:0)
z#1374                                              1 	(obj:0)
z#1378                                              1 	(obj:0)
z#1384                                              1 	(obj:0)
z#1385                                              1 	(obj:0)
z#1394                               1.00000000000018 	(obj:0)
z#1395                                              1 	(obj:0)
z#1396                                              1 	(obj:0)
z#1421                                              1 	(obj:0)
z#1423                                              1 	(obj:0)
z#1427                                              1 	(obj:0)
z#1431                                              1 	(obj:0)
z#1440                                              1 	(obj:0)
z#1442                                              1 	(obj:0)
z#1453                                              1 	(obj:0)
z#1467                                              1 	(obj:0)
z#1469                                              1 	(obj:0)
z#1475                                              1 	(obj:0)
z#1481                                              1 	(obj:0)
z#1488                                              1 	(obj:0)
z#1493                                              1 	(obj:0)
z#1501                                              1 	(obj:0)
z#1502                                              1 	(obj:0)
z#1507                                              1 	(obj:0)
z#1509                                              1 	(obj:0)
z#1514                                              1 	(obj:0)
z#1517                                              1 	(obj:0)
z#1523                                              1 	(obj:0)
z#1529                                              1 	(obj:0)
z#1532                                              1 	(obj:0)
z#1536                                              1 	(obj:0)
z#1540                                              1 	(obj:0)
z#1542                                              1 	(obj:0)
z#1546                                              1 	(obj:0)
z#1547                              0.999999999999999 	(obj:0)
z#1551                                              1 	(obj:0)
z#1557                                              1 	(obj:0)
z#1579                                              1 	(obj:0)
z#1589                                              1 	(obj:0)
z#1593                                              1 	(obj:0)
z#1610                                              1 	(obj:0)
z#1611                                              1 	(obj:0)
z#1612                                              1 	(obj:0)
z#1614                                              1 	(obj:0)
z#1615                                              1 	(obj:0)
z#1616                                              1 	(obj:0)
z#1617                                              1 	(obj:0)
z#1618                                              1 	(obj:0)
z#1620                                              1 	(obj:0)
z#1623                                              1 	(obj:0)
z#1638                                              1 	(obj:0)
z#1640                                              1 	(obj:0)
z#1649                              0.999999999999999 	(obj:0)
z#1656                                              1 	(obj:0)
z#1657                                              1 	(obj:0)
z#1660                                              1 	(obj:0)
z#1662                                              1 	(obj:0)
z#1664                                              1 	(obj:0)
z#1665                                              1 	(obj:0)
z#1673                                              1 	(obj:0)
z#1681                                              1 	(obj:0)
z#1694                                              1 	(obj:0)
z#1695                                              1 	(obj:0)
z#1698                                              1 	(obj:0)
z#1702                                              1 	(obj:0)
z#1703                                              1 	(obj:0)
z#1705                                              1 	(obj:0)
z#1708                                              1 	(obj:0)
z#1724                                              1 	(obj:0)
z#1732                                              1 	(obj:0)
z#1735                                              1 	(obj:0)
z#1740                                              1 	(obj:0)
z#1761                              0.999999999999999 	(obj:0)
z#1768                                              1 	(obj:0)
z#1769                                              1 	(obj:0)
z#1790                                              1 	(obj:0)
z#1793                                              1 	(obj:0)
z#1798                                              1 	(obj:0)
z#1808                                              1 	(obj:0)
z#1812                                              1 	(obj:0)
z#1814                              0.999999999999997 	(obj:0)
z#1816                                              1 	(obj:0)
z#1817                                              1 	(obj:0)
z#1820                                              1 	(obj:0)
z#1825                                              1 	(obj:0)
z#1827                                              1 	(obj:0)
z#1830                                              1 	(obj:0)
z#1833                                              1 	(obj:0)
z#1837                                              1 	(obj:0)
z#1839                                              1 	(obj:0)
z#1842                                              1 	(obj:0)
z#1846                                              1 	(obj:0)
z#1849                                              1 	(obj:0)
z#1853                                              1 	(obj:0)
z#1857                                              1 	(obj:0)
z#1858                                              1 	(obj:0)
z#1861                                              1 	(obj:0)
z#1867                                              1 	(obj:0)
z#1868                               1.00000000000012 	(obj:0)
z#1872                                              1 	(obj:0)
z#1878                                              1 	(obj:0)
z#1881                                              1 	(obj:0)
z#1899                                              1 	(obj:0)
z#1900                                              1 	(obj:0)
z#1902                                              1 	(obj:0)
z#1907                                              1 	(obj:0)
z#1908                                              1 	(obj:0)
z#1910                                              1 	(obj:0)
z#1911                              0.999999999999746 	(obj:0)
z#1913                                              1 	(obj:0)
z#1914                              0.999999999999991 	(obj:0)
z#1916                                              1 	(obj:0)
z#1918                                              1 	(obj:0)
z#1921                                              1 	(obj:0)
z#1922                                              1 	(obj:0)
z#1927                                              1 	(obj:0)
z#1928                                              1 	(obj:0)
z#1930                                              1 	(obj:0)
z#1936                                              1 	(obj:0)
z#1940                                              1 	(obj:0)
z#1945                                              1 	(obj:0)
z#1954                                              1 	(obj:0)
z#1957                                              1 	(obj:0)
z#1961                                              1 	(obj:0)
z#1966                                              1 	(obj:0)
z#1967                                              1 	(obj:0)
z#1972                                              1 	(obj:0)
z#1974                                              1 	(obj:0)
z#1977                                              1 	(obj:0)
z#1979                                              1 	(obj:0)
z#1980                                              1 	(obj:0)
z#1988                                              1 	(obj:0)
z#1991                                              1 	(obj:0)
z#2013                                              1 	(obj:0)
z#2014                                              1 	(obj:0)
z#2032                                              1 	(obj:0)
z#2041                                              1 	(obj:0)
z#2045                                              1 	(obj:0)
z#2055                                              1 	(obj:0)
z#2064                                              1 	(obj:0)
z#2069                                              1 	(obj:0)
z#2073                                              1 	(obj:0)
z#2091                                              1 	(obj:0)
z#2095                                              1 	(obj:0)
z#2105                                              1 	(obj:0)
z#2110                                              1 	(obj:0)
z#2113                                              1 	(obj:0)
z#2122                                              1 	(obj:0)
z#2127                                              1 	(obj:0)
z#2129                                              1 	(obj:0)
z#2133                                              1 	(obj:0)
z#2137                                              1 	(obj:0)
z#2145                                              1 	(obj:0)
z#2146                                              1 	(obj:0)
z#2148                                              1 	(obj:0)
z#2153                                              1 	(obj:0)
z#2155                                              1 	(obj:0)
z#2174                                              1 	(obj:0)
z#2188                                              1 	(obj:0)
z#2190                                              1 	(obj:0)
z#2192                                              1 	(obj:0)
z#2194                                              1 	(obj:0)
z#2196                                              1 	(obj:0)
z#2199                                              1 	(obj:0)
z#2204                                              1 	(obj:0)
z#2206                                              1 	(obj:0)
z#2220                                              1 	(obj:0)
z#2221                                              1 	(obj:0)
z#2224                                              1 	(obj:0)
z#2232                                              1 	(obj:0)
z#2244                                              1 	(obj:0)
z#2245                                              1 	(obj:0)
z#2254                                              1 	(obj:0)
z#2257                                              1 	(obj:0)
z#2259                              0.999999999999998 	(obj:0)
z#2267                                              1 	(obj:0)
z#2269                                              1 	(obj:0)
z#2274                                              1 	(obj:0)
z#2276                                              1 	(obj:0)
z#2292                                              1 	(obj:0)
z#2294                                              1 	(obj:0)
z#2298                                              1 	(obj:0)
z#2299                                              1 	(obj:0)
z#2303                                              1 	(obj:0)
z#2304                                              1 	(obj:0)
z#2306                                              1 	(obj:0)
z#2307                                              1 	(obj:0)
z#2311                                              1 	(obj:0)
z#2313                                              1 	(obj:0)
z#2314                                              1 	(obj:0)
z#2324                                              1 	(obj:0)
z#2326                                              1 	(obj:0)
z#2331                                              1 	(obj:0)
z#2336                               1.00000000000001 	(obj:0)
z#2338                                              1 	(obj:0)
z#2339                                              1 	(obj:0)
z#2341                                              1 	(obj:0)
z#2346                                              1 	(obj:0)
z#2347                                              1 	(obj:0)
z#2352                                              1 	(obj:0)
z#2359                                              1 	(obj:0)
z#2370                                              1 	(obj:0)
z#2372                                              1 	(obj:0)
z#2377                                              1 	(obj:0)
z#2381                                              1 	(obj:0)
z#2388                                              1 	(obj:0)
z#2389                                              1 	(obj:0)
z#2401                                              1 	(obj:0)
z#2402                                              1 	(obj:0)
z#2407                                              1 	(obj:0)
z#2409                                              1 	(obj:0)
z#2411                                              1 	(obj:0)
z#2416                                              1 	(obj:0)
z#2422                                              1 	(obj:0)
z#2425                                              1 	(obj:0)
z#2444                                              1 	(obj:0)
z#2457                                              1 	(obj:0)
z#2458                              0.999999999999993 	(obj:0)
z#2461                                              1 	(obj:0)
z#2466                                              1 	(obj:0)
z#2467                                              1 	(obj:0)
z#2470                                              1 	(obj:0)
z#2482                                              1 	(obj:0)
z#2485                                              1 	(obj:0)
z#2486                                              1 	(obj:0)
z#2490                                              1 	(obj:0)
z#2497                                              1 	(obj:0)
z#2503                                              1 	(obj:0)
z#2504                                              1 	(obj:0)
z#2520                                              1 	(obj:0)
z#2528                                              1 	(obj:0)
z#2534                                              1 	(obj:0)
z#2537                                              1 	(obj:0)
z#2541                                              1 	(obj:0)
z#2542                                              1 	(obj:0)
z#2554                                              1 	(obj:0)
z#2555                                              1 	(obj:0)
z#2558                                              1 	(obj:0)
z#2570                                              1 	(obj:0)
z#2572                                              1 	(obj:0)
z#2585                                              1 	(obj:0)
z#2586                              0.999999999999986 	(obj:0)
z#2588                                              1 	(obj:0)
z#2592                                              1 	(obj:0)
z#2602                                              1 	(obj:0)
z#2607                                              1 	(obj:0)
z#2608                                              1 	(obj:0)
z#2612                                              1 	(obj:0)
z#2615                                              1 	(obj:0)
z#2616                                              1 	(obj:0)
z#2617                                              1 	(obj:0)
z#2618                                              1 	(obj:0)
z#2627                                              1 	(obj:0)
z#2634                                              1 	(obj:0)
z#2643                                              1 	(obj:0)
z#2644                                              1 	(obj:0)
z#2650                                              1 	(obj:0)
z#2651                                              1 	(obj:0)
z#2660                                              1 	(obj:0)
z#2670                                              1 	(obj:0)
z#2673                                              1 	(obj:0)
z#2678                                              1 	(obj:0)
z#2681                                              1 	(obj:0)
z#2686                                              1 	(obj:0)
z#2687                                              1 	(obj:0)
z#2693                                              1 	(obj:0)
z#2694                                              1 	(obj:0)
z#2699                                              1 	(obj:0)
z#2700                                              1 	(obj:0)
z#2703                                              1 	(obj:0)
z#2707                                              1 	(obj:0)
z#2708                                              1 	(obj:0)
z#2710                                              1 	(obj:0)
z#2716                                              1 	(obj:0)
z#2720                                              1 	(obj:0)
z#2723                                              1 	(obj:0)
z#2727                                              1 	(obj:0)
z#2732                                              1 	(obj:0)
z#2744                                              1 	(obj:0)
z#2753                                              1 	(obj:0)
z#2755                                              1 	(obj:0)
z#2756                                              1 	(obj:0)
z#2757                                              1 	(obj:0)
z#2759                                              1 	(obj:0)
z#2760                                              1 	(obj:0)
z#2769                                              1 	(obj:0)
z#2776                                              1 	(obj:0)
z#2782                                              1 	(obj:0)
z#2785                                              1 	(obj:0)
z#2787                                              1 	(obj:0)
z#2788                                              1 	(obj:0)
z#2794                                              1 	(obj:0)
z#2803                                              1 	(obj:0)
z#2808                                              1 	(obj:0)
z#2810                                              1 	(obj:0)
z#2811                                              1 	(obj:0)
z#2813                                              1 	(obj:0)
z#2831                                              1 	(obj:0)
z#2833                                              1 	(obj:0)
z#2838                                              1 	(obj:0)
z#2841                                              1 	(obj:0)
z#2842                                              1 	(obj:0)
z#2844                                              1 	(obj:0)
z#2850                                              1 	(obj:0)
z#2851                                              1 	(obj:0)
z#2858                                              1 	(obj:0)
z#2859                                              1 	(obj:0)
z#2862                                              1 	(obj:0)
z#2867                                              1 	(obj:0)
z#2870                                              1 	(obj:0)
z#2876                                              1 	(obj:0)
z#2882                                              1 	(obj:0)
z#2889                                              1 	(obj:0)
z#2891                                              1 	(obj:0)
z#2906                                              1 	(obj:0)
z#2911                                              1 	(obj:0)
z#2916                                              1 	(obj:0)
z#2921                                              1 	(obj:0)
z#2923                                              1 	(obj:0)
z#2929                                              1 	(obj:0)
z#2931                                              1 	(obj:0)
z#2933                                              1 	(obj:0)
z#2943                                              1 	(obj:0)
z#2945                                              1 	(obj:0)
z#2946                                              1 	(obj:0)
z#2952                                              1 	(obj:0)
z#2957                                              1 	(obj:0)
z#2962                                              1 	(obj:0)
z#2970                                              1 	(obj:0)
z#2974                                              1 	(obj:0)
z#2976                                              1 	(obj:0)
z#2979                                              1 	(obj:0)
z#2983                                              1 	(obj:0)
z#2990                                              1 	(obj:0)
z#2993                                              1 	(obj:0)
z#2997                                              1 	(obj:0)
z#2999                                              1 	(obj:0)
y#30#17                              56.4225824482951 	(obj:0)
y#30#21                              84.0682870370371 	(obj:0)
y#31#20                              72.3237997957099 	(obj:0)
y#31#81                              74.5349583066068 	(obj:0)
y#32#42                              60.3568320278503 	(obj:0)
y#36#11                              93.7797101449277 	(obj:0)
y#36#13                              24.1400651465798 	(obj:0)
y#36#24                              75.3040173724213 	(obj:0)
y#36#27                              64.9499209277807 	(obj:0)
y#36#28                              62.6277749096541 	(obj:0)
y#36#41                              75.6596370769985 	(obj:0)
y#36#50                              109.748243559719 	(obj:0)
y#37#2                               92.8851540616247 	(obj:0)
y#37#10                              91.9842312746386 	(obj:0)
y#37#16                              77.9573170731707 	(obj:0)
y#37#31                              72.0865139949109 	(obj:0)
y#37#44                                   65.17578125 	(obj:0)
y#37#52                              78.9722357525572 	(obj:0)
y#37#53                              63.7460650577125 	(obj:0)
y#37#67                              77.9222972972973 	(obj:0)
y#37#78                              78.0722891566264 	(obj:0)
y#37#80                              70.2255639097745 	(obj:0)
y#37#89                              89.1112266112266 	(obj:0)
y#38#29                              77.0687645687646 	(obj:0)
y#38#49                              67.0116102978294 	(obj:0)
y#38#68                              104.169411764706 	(obj:0)
y#41#12                              61.0687432867884 	(obj:0)
y#41#36                              56.2912346842601 	(obj:0)
y#41#86                              54.0597920277296 	(obj:0)
y#41#91                              57.2844400396432 	(obj:0)
y#42#61                              107.929975429975 	(obj:0)
y#47#77                              46.1739130434783 	(obj:0)
x#0                                  677.635251940372 	(obj:0.95)
x#1                                  55.6650943396226 	(obj:1.01)
x#2                                  1513.63404055997 	(obj:0.86)
x#5                                   52.265478424015 	(obj:1.01)
x#9                                  68.6042864610559 	(obj:1)
x#11                                 115.685557586837 	(obj:1)
x#13                                 2354.65649420305 	(obj:0.84)
x#17                                  110.68493150685 	(obj:0.97)
x#18                                 65.9154203197524 	(obj:0.99)
x#25                                 57.8613502492071 	(obj:0.97)
x#30                                 140.490869485332 	(obj:0.97)
x#31                                 146.858758102317 	(obj:0.97)
x#32                                 60.3568320278503 	(obj:0.96)
x#36                                 506.209369138081 	(obj:0.9)
x#37                                 858.138675439539 	(obj:0.92)
x#38                                   248.2497866313 	(obj:0.94)
x#41                                 228.704210038421 	(obj:0.93)
x#42                                 107.929975429975 	(obj:0.95)
x#47                                 46.1739130434783 	(obj:1.02)
y#0#6                                83.7460027409776 	(obj:0)
y#0#8                                77.9124579124579 	(obj:0)
y#0#18                               69.0658076392085 	(obj:0)
y#0#19                               51.4638783269962 	(obj:0)
y#0#43                               109.457664637521 	(obj:0)
y#0#56                                62.180910099889 	(obj:0)
y#0#70                                58.786610878661 	(obj:0)
y#0#82                               84.3401015228426 	(obj:0)
y#0#90                               80.6818181818182 	(obj:0)
y#1#99                               55.6650943396226 	(obj:0)
y#2#0                                62.2501427755568 	(obj:0)
y#2#4                                62.0531757754801 	(obj:0)
y#2#7                                101.277205040092 	(obj:0)
y#2#15                               82.6424581005587 	(obj:0)
y#2#23                                54.963503649635 	(obj:0)
y#2#30                               50.7604895104895 	(obj:0)
y#2#32                               88.2623509369676 	(obj:0)
y#2#37                               73.6421052631579 	(obj:0)
y#2#45                               73.8728323699422 	(obj:0)
y#2#46                                102.69764957265 	(obj:0)
y#2#47                                73.166918809884 	(obj:0)
y#2#48                               66.5077821011673 	(obj:0)
y#2#54                               62.3767258382643 	(obj:0)
y#2#55                               69.0619946091644 	(obj:0)
y#2#57                                        69.9375 	(obj:0)
y#2#59                               87.7553083923155 	(obj:0)
y#2#64                               74.3773998902907 	(obj:0)
y#2#69                               64.2799393633148 	(obj:0)
y#2#87                               43.7715538236727 	(obj:0)
y#2#94                               67.6652892561983 	(obj:0)
y#2#98                               82.3117154811715 	(obj:0)
y#5#72                                52.265478424015 	(obj:0)
y#9#88                               68.6042864610559 	(obj:0)
y#11#38                              115.685557586837 	(obj:0)
y#13#1                               87.6359973136331 	(obj:0)
y#13#3                                95.093567251462 	(obj:0)
y#13#5                               70.8272506082725 	(obj:0)
y#13#9                               88.2185273159145 	(obj:0)
y#13#14                              83.5922865013774 	(obj:0)
y#13#22                              74.9815498154982 	(obj:0)
y#13#25                              68.6064769381747 	(obj:0)
y#13#26                              97.9328716036228 	(obj:0)
y#13#33                               77.687595712098 	(obj:0)
y#13#34                              53.0828615542975 	(obj:0)
y#13#35                              64.6045072912064 	(obj:0)
y#13#39                               74.850166481687 	(obj:0)
y#13#40                              74.5551061678463 	(obj:0)
y#13#60                              53.5025617140196 	(obj:0)
y#13#62                              80.6167633104903 	(obj:0)
y#13#63                              64.4483985765124 	(obj:0)
y#13#65                               95.594237695078 	(obj:0)
y#13#66                               77.154915590864 	(obj:0)
y#13#71                              80.8115323011212 	(obj:0)
y#13#73                              64.5366379310345 	(obj:0)
y#13#75                              66.0113812726332 	(obj:0)
y#13#76                              85.1465614430665 	(obj:0)
y#13#79                              100.293219303604 	(obj:0)
y#13#83                              65.8794282162834 	(obj:0)
y#13#84                              73.8997613365155 	(obj:0)
y#13#85                              53.7822070977151 	(obj:0)
y#13#92                              74.7784090909091 	(obj:0)
y#13#93                              86.5783898305085 	(obj:0)
y#13#95                              72.9952931108258 	(obj:0)
y#13#96                              67.6946258161728 	(obj:0)
y#13#97                              79.2634060106069 	(obj:0)
y#17#74                               110.68493150685 	(obj:0)
y#18#58                              65.9154203197524 	(obj:0)
y#25#51                              57.8613502492071 	(obj:0)
v#0                                               109 	(obj:0)
v#1                                            130.49 	(obj:0)
v#2                                             165.8 	(obj:0)
v#3                                            162.61 	(obj:0)
v#4                                            126.03 	(obj:0)
v#5                                            116.44 	(obj:0)
v#6                                            183.32 	(obj:0)
v#7                                            176.83 	(obj:0)
v#8                                            161.98 	(obj:0)
v#9                                            148.56 	(obj:0)
v#10                                              140 	(obj:0)
v#11                                           161.77 	(obj:0)
v#12                                           113.71 	(obj:0)
v#13                                           44.466 	(obj:0)
v#14                                           151.72 	(obj:0)
v#15                                           147.93 	(obj:0)
v#16                                           127.85 	(obj:0)
v#17                                           100.94 	(obj:0)
v#18                                           150.08 	(obj:0)
v#19                                           108.28 	(obj:0)
v#20                                           141.61 	(obj:0)
v#21                                           145.27 	(obj:0)
v#22                                           142.24 	(obj:0)
v#23                                           120.48 	(obj:0)
v#24                                           138.71 	(obj:0)
v#25                                           139.82 	(obj:0)
v#26                                           183.82 	(obj:0)
v#27                                           123.21 	(obj:0)
v#28                                           121.31 	(obj:0)
v#29                                           132.25 	(obj:0)
v#30                                           116.14 	(obj:0)
v#31                                           141.65 	(obj:0)
v#32                                           155.43 	(obj:0)
v#33                                           152.19 	(obj:0)
v#34                                           103.14 	(obj:0)
v#35                                            146.2 	(obj:0)
v#36                                           119.45 	(obj:0)
v#37                                           139.92 	(obj:0)
v#38                                           189.84 	(obj:0)
v#39                                           134.88 	(obj:0)
v#40                                           147.47 	(obj:0)
v#41                                           154.27 	(obj:0)
v#42                                            138.7 	(obj:0)
v#43                                           197.79 	(obj:0)
v#44                                           100.11 	(obj:0)
v#45                                           153.36 	(obj:0)
v#46                                           192.25 	(obj:0)
v#47                                           145.09 	(obj:0)
v#48                                           136.74 	(obj:0)
v#49                                           132.75 	(obj:0)
v#50                                           187.45 	(obj:0)
v#51                                            127.7 	(obj:0)
v#52                                           162.13 	(obj:0)
v#53                                            121.5 	(obj:0)
v#54                                            126.5 	(obj:0)
v#55                                           128.11 	(obj:0)
v#56                                           112.05 	(obj:0)
v#57                                           145.47 	(obj:0)
v#58                                           127.81 	(obj:0)
v#59                                           173.58 	(obj:0)
v#60                                           114.87 	(obj:0)
v#61                                           175.71 	(obj:0)
v#62                                           152.93 	(obj:0)
v#63                                           144.88 	(obj:0)
v#64                                           135.59 	(obj:0)
v#65                                           159.26 	(obj:0)
v#66                                           155.39 	(obj:0)
v#67                                           138.39 	(obj:0)
v#68                                           221.36 	(obj:0)
v#69                                           127.21 	(obj:0)
v#70                                            112.4 	(obj:0)
v#71                                           151.36 	(obj:0)
v#72                                           111.43 	(obj:0)
v#73                                           119.78 	(obj:0)
v#74                                 161.600000000001 	(obj:0)
v#75                                            127.6 	(obj:0)
v#76                                           151.05 	(obj:0)
v#77                                           111.51 	(obj:0)
v#78                                           142.56 	(obj:0)
v#79                                           164.18 	(obj:0)
v#80                                            140.1 	(obj:0)
v#81                                            116.2 	(obj:0)
v#82                                           166.15 	(obj:0)
v#83                                              106 	(obj:0)
v#84                                           154.82 	(obj:0)
v#85                                           110.63 	(obj:0)
v#86                                           124.77 	(obj:0)
v#87                                           89.863 	(obj:0)
v#88                                           131.24 	(obj:0)
v#89                                           171.45 	(obj:0)
v#90                                           166.85 	(obj:0)
v#91                                            115.6 	(obj:0)
v#92                                           131.61 	(obj:0)
v#93                                           163.46 	(obj:0)
v#94                                              131 	(obj:0)
v#95                                           170.59 	(obj:0)
v#96                                           134.78 	(obj:0)
v#97                                           134.51 	(obj:0)
v#98                                           157.38 	(obj:0)
v#99                                           118.01 	(obj:0)

Statistics
==========

SCIP Status        : solving was interrupted [time limit reached]
Total Time         :   14400.44
  solving          :   14400.00
  presolving       :       0.99 (included in solving)
  reading          :       0.43
  copying          :       0.20 (2 #copies) (minimal 0.09, maximal 0.11, average 0.10)
Original Problem   :
  Problem name     : 50-100-3000-3
  Variables        : 8150 (3000 binary, 0 integer, 0 implicit integer, 5150 continuous)
  Constraints      : 60152 initial, 60152 maximal
  Objective        : minimize, 50 non-zeros (abs.min = 0.84, abs.max = 1.32)
Presolved Problem  :
  Problem name     : t_50-100-3000-3
  Variables        : 2801 (2695 binary, 0 integer, 0 implicit integer, 106 continuous)
  Constraints      : 59987 initial, 60026 maximal
  Objective        : minimize, 103 non-zeros (abs.min = 0.371189, abs.max = 1.01)
  Nonzeros         : 122668 constraint, 0 clique table
Presolvers         :   ExecTime  SetupTime  Calls  FixedVars   AggrVars   ChgTypes  ChgBounds   AddHoles    DelCons    AddCons   ChgSides   ChgCoefs
  boundshift       :       0.00       0.00      0          0          0          0          0          0          0          0          0          0
  convertinttobin  :       0.00       0.00      0          0          0          0          0          0          0          0          0          0
  domcol           :       0.07       0.00      1          0          0          0          0          0          0          0          0          0
  dualagg          :       0.00       0.00      0          0          0          0          0          0          0          0          0          0
  dualcomp         :       0.03       0.00      1          0          0          0          0          0          0          0          0          0
  dualinfer        :       0.00       0.00      0          0          0          0          0          0          0          0          0          0
  dualsparsify     :       0.11       0.00      1          0          0          0          0          0          0          0          0          0
  gateextraction   :       0.00       0.00      0          0          0          0          0          0          0          0          0          0
  implics          :       0.00       0.00      3          0          0          0          0          0          0          0          0          0
  inttobinary      :       0.00       0.00      0          0          0          0          0          0          0          0          0          0
  milp             :       0.28       0.00      1       2744        147          0          0          0      60133      59986          0          0
  qpkktref         :       0.00       0.00      0          0          0          0          0          0          0          0          0          0
  redvub           :       0.00       0.00      0          0          0          0          0          0          0          0          0          0
  sparsify         :       0.05       0.00      1          0          0          0          0          0          0          0          0          0
  stuffing         :       0.00       0.00      0          0          0          0          0          0          0          0          0          0
  trivial          :       0.00       0.00      5          0          0          0          0          0          0          0          0          0
  tworowbnd        :       0.00       0.00      0          0          0          0          0          0          0          0          0          0
  dualfix          :       0.00       0.00      5       2458          0          0          0          0          0          0          0          0
  genvbounds       :       0.00       0.00      0          0          0          0          0          0          0          0          0          0
  probing          :       0.01       0.00      1          0          0          0          0          0          0          0          0          0
  pseudoobj        :       0.00       0.00      0          0          0          0          0          0          0          0          0          0
  symmetry         :       0.00       0.00      1          0          0          0          0          0          0          0          0          0
  vbounds          :       0.00       0.00      0          0          0          0          0          0          0          0          0          0
  chancecons       :       0.00       0.00      0          0          0          0          0          0          0          0          0          0
  varbound         :       0.07       0.00      2          0          0          0          0          0          0          0          0          0
  knapsack         :       0.00       0.00      0          0          0          0          0          0          0          0          0          0
  linear           :       0.31       0.03      7          0          0          0        197          0         18          0          0          0
  logicor          :       0.00       0.00      0          0          0          0          0          0          0          0          0          0
  bounddisjunction :       0.00       0.00      0          0          0          0          0          0          0          0          0          0
  benders          :       0.00       0.00      0          0          0          0          0          0          0          0          0          0
  components       :       0.00       0.00      1          0          0          0          0          0          0          0          0          0
  root node        :          -          -      -          8          -          -         40          -          -          -          -          -
Constraints        :     Number  MaxNumber  #Separate #Propagate    #EnfoLP    #EnfoRelax  #EnfoPS    #Check   #ResProp    Cutoffs    DomReds       Cuts    Applied      Conss   Children
  benderslp        :          0          0          0          0        119          0          0         89          0          0          0          0          0          0          0
  chancecons       :          1          1         73          0          0          0          0          0          0          0          0       7299       3019          0          0
  integral         :          0          0          0          0        119          0          0         89          0          0         13          0          0          2        224
  varbound         :      59982      59982         62      97315          0          0          0         84       4326          0       2013          0          0          0          0
  knapsack         :          1          1         62      97313          0          0          0         16          0          6          0          0          0          0          0
  linear           :          3+         5         62      97309          0          0          0         17        896         43        619          0          0          0          0
  logicor          :          0+         2          1         94          0          0          0          0          0          0          0          0          0          0          0
  bounddisjunction :          0+        36          0        373          0          0          0          0          0          0          0          0          0          0          0
  benders          :          0          0          0          0          0          0          0         15          0          0          0          0          0          0          0
  fixedvar         :          0          0          0          0          0          0          0         15          0          0          0          0          0          0          0
  countsols        :          0          0          0          0          0          0          0         15          0          0          0          0          0          0          0
  components       :          0          0          0          0          0          0          0          0          0          0          0          0          0          0          0
Constraint Timings :  TotalTime  SetupTime   Separate  Propagate     EnfoLP     EnfoPS     EnfoRelax   Check    ResProp    SB-Prop
  benderslp        :       0.00       0.00       0.00       0.00       0.00       0.00       0.00       0.00       0.00       0.00
  chancecons       :       0.48       0.00       0.48       0.00       0.00       0.00       0.00       0.00       0.00       0.00
  integral         :    4148.07       0.00       0.00       0.00    4148.07       0.00       0.00       0.00       0.00       0.00
  varbound         :       4.02       0.00       0.41       2.11       0.00       0.00       0.00       0.04       0.00       1.46
  knapsack         :       4.50       0.00       4.29       0.20       0.00       0.00       0.00       0.00       0.00       0.01
  linear           :       0.32       0.03       0.01       0.23       0.00       0.00       0.00       0.00       0.00       0.05
  logicor          :       0.00       0.00       0.00       0.00       0.00       0.00       0.00       0.00       0.00       0.00
  bounddisjunction :       0.00       0.00       0.00       0.00       0.00       0.00       0.00       0.00       0.00       0.00
  benders          :       0.00       0.00       0.00       0.00       0.00       0.00       0.00       0.00       0.00       0.00
  fixedvar         :       0.01       0.00       0.00       0.00       0.00       0.00       0.00       0.01       0.00       0.00
  countsols        :       0.00       0.00       0.00       0.00       0.00       0.00       0.00       0.00       0.00       0.00
  components       :       0.01       0.00       0.00       0.00       0.00       0.00       0.00       0.00       0.00       0.00
Propagators        : #Propagate   #ResProp    Cutoffs    DomReds
  dualfix          :          6          0          0          0
  genvbounds       :          0          0          0          0
  nlobbt           :          0          0          0          0
  obbt             :          0          0          0          0
  probing          :          0          0          0          0
  pseudoobj        :        530          0          0         84
  redcost          :        383          0          0        286
  rootredcost      :          5          0          0          8
  symmetry         :          0          0          0          0
  vbounds          :      63656          0          0          0
Propagator Timings :  TotalTime  SetupTime   Presolve  Propagate    ResProp    SB-Prop
  dualfix          :       0.00       0.00       0.00       0.00       0.00       0.00
  genvbounds       :       0.01       0.00       0.00       0.00       0.00       0.00
  nlobbt           :       0.00       0.00       0.00       0.00       0.00       0.00
  obbt             :       0.00       0.00       0.00       0.00       0.00       0.00
  probing          :       0.01       0.00       0.01       0.00       0.00       0.00
  pseudoobj        :       0.01       0.00       0.00       0.01       0.00       0.00
  redcost          :       0.09       0.00       0.00       0.09       0.00       0.00
  rootredcost      :       0.01       0.00       0.00       0.01       0.00       0.00
  symmetry         :       0.01       0.00       0.00       0.01       0.00       0.00
  vbounds          :       0.04       0.00       0.00       0.03       0.00       0.00
Symmetry           :
  orbitopal red.   :          0 reductions applied,          0 cutoffs
  orbital reduction:          0 reductions applied,          0 cutoffs
  lexicographic red:          0 reductions applied,          0 cutoffs
  shadow tree time :       0.00 s
Conflict Analysis  :       Time      Calls    Success    DomReds  Conflicts   Literals    Reconvs ReconvLits   Dualrays   Nonzeros   LP Iters   (pool size: [10000,10000])
  propagation      :       0.01          6          6          -        134      202.8          0        0.0          -          -          -
  infeasible LP    :       0.00          0          0          -          0        0.0          0        0.0          0        0.0          0
  bound exceed. LP :       2.21        118         17          -        133      460.8          0        0.0          8       39.2       1010
  strong branching :       0.00          0          0          -          0        0.0          0        0.0          -          -          0
  pseudo solution  :       0.00          0          0          -          0        0.0          0        0.0          -          -          -
  applied globally :       0.02          -          -          5         42      130.4          -          -          8          -          -
  applied locally  :          -          -          -          0          3      586.0          -          -          0          -          -
Separators         :   ExecTime  SetupTime      Calls  RootCalls    Cutoffs    DomReds  FoundCuts ViaPoolAdd  DirectAdd    Applied ViaPoolApp  DirectApp      Conss
  cut pool         :       0.13          -        144        123          -          -      27784      47985          -          -          -          -          -    (maximal pool size:      27784)
  aggregation      :       4.02       0.00         62         62          0          0      25784      43242          0       1890       1890          0          0
  > cmir           :          -          -          -          -          -          -          -      43032          0       1887       1887          0          -
  > flowcover      :          -          -          -          -          -          -          -        210          0          3          3          0          -
  > knapsackcover  :          -          -          -          -          -          -          -          0          0          0          0          0          -
  cgmip            :       0.00       0.00          0          0          0          0          0          0          0          0          0          0          0
  clique           :       0.00       0.00          1          1          0          0          0          0          0          0          0          0          0
  closecuts        :       0.00       0.00          0          0          0          0          0          0          0          0          0          0          0
  convexproj       :       0.00       0.00          0          0          0          0          0          0          0          0          0          0          0
  disjunctive      :       0.00       0.00          0          0          0          0          0          0          0          0          0          0          0
  eccuts           :       0.00       0.00          0          0          0          0          0          0          0          0          0          0          0
  gauge            :       0.00       0.00          0          0          0          0          0          0          0          0          0          0          0
  gomory           :       1.02       0.00         10         10          0          0       2000       4743          0        777        777          0          0
  > gomorymi       :          -          -          -          -          -          -          -       4743          0        777        777          0          -
  > strongcg       :          -          -          -          -          -          -          -          0          0          0          0          0          -
  impliedbounds    :       0.06       0.00         62         62          0          0          0          0          0          0          0          0          0
  interminor       :       0.00       0.00          0          0          0          0          0          0          0          0          0          0          0
  intobj           :       0.00       0.00          0          0          0          0          0          0          0          0          0          0          0
  lagromory        :       0.00       0.00          0          0          0          0          0          0          0          0          0          0          0
  mcf              :       0.01       0.00          1          1          0          0          0          0          0          0          0          0          0
  minor            :       0.00       0.00         10         10          0          0          0          0          0          0          0          0          0
  mixing           :       0.00       0.00          0          0          0          0          0          0          0          0          0          0          0
  oddcycle         :       0.00       0.00          0          0          0          0          0          0          0          0          0          0          0
  rapidlearning    :       0.00       0.00          0          0          0          0          0          0          0          0          0          0          0
  rlt              :       0.00       0.00         10         10          0          0          0          0          0          0          0          0          0
  zerohalf         :       0.07       0.00         20         20          0          0          0          0          0          0          0          0          0
Cutselectors       :   ExecTime  SetupTime      Calls  RootCalls   Selected     Forced   Filtered  RootSelec   RootForc   RootFilt 
  hybrid           :       0.15       0.00         84         63       5686          0      49598       4639          0      43794
  ensemble         :       0.00       0.00          0          0          0          0          0          0          0          0
  dynamic          :       0.00       0.00          0          0          0          0          0          0          0          0
Pricers            :   ExecTime  SetupTime      Calls       Vars
  problem variables:       0.00          -          0          0
Branching Rules    :   ExecTime  SetupTime   BranchLP  BranchExt   BranchPS    Cutoffs    DomReds       Cuts      Conss   Children
  allfullstrong    :       0.00       0.00          0          0          0          0          0          0          0          0
  cloud            :       0.00       0.00          0          0          0          0          0          0          0          0
  distribution     :       0.00       0.00          0          0          0          0          0          0          0          0
  fullstrong       :       0.00       0.00          0          0          0          0          0          0          0          0
  gomory           :       0.00       0.00          0          0          0          0          0          0          0          0
  inference        :       0.00       0.00          0          0          0          0          0          0          0          0
  leastinf         :       0.00       0.00          0          0          0          0          0          0          0          0
  lookahead        :       0.00       0.00          0          0          0          0          0          0          0          0
  mostinf          :       0.00       0.00          0          0          0          0          0          0          0          0
  multaggr         :       0.00       0.00          0          0          0          0          0          0          0          0
  nodereopt        :       0.00       0.00          0          0          0          0          0          0          0          0
  pscost           :       0.00       0.00          0          0          0          0          0          0          0          0
  random           :       0.00       0.00          0          0          0          0          0          0          0          0
  relpscost        :    4148.07       0.00        119          0          0          0         13          0          2        224
  vanillafullstrong:       0.00       0.00          0          0          0          0          0          0          0          0
Primal Heuristics  :   ExecTime  SetupTime      Calls      Found       Best
  LP solutions     :       0.00          -          -          0          0
  relax solutions  :       0.00          -          -          0          0
  pseudo solutions :       0.00          -          -          0          0
  strong branching :       0.00          -          -          0          0
  actconsdiving    :       0.00       0.00          0          0          0
  adaptivediving   :     186.09       0.00          2          0          0
  alns             :       0.63       0.00          2          4          2
  bound            :       0.00       0.00          0          0          0
  clique           :       0.00       0.00          0          0          0
  coefdiving       :       0.00       0.00          0          0          0
  completesol      :       0.00       0.00          0          0          0
  conflictdiving   :      49.02       0.00          3          0          0
  crossover        :       0.00       0.00          0          0          0
  dins             :       0.00       0.00          0          0          0
  distributiondivin:     427.84       0.00          3          0          0
  dps              :       0.00       0.00          0          0          0
  dualval          :       0.00       0.00          0          0          0
  farkasdiving     :       0.00       0.00          0          0          0
  feaspump         :      83.04       0.00          1          1          1
  fixandinfer      :       0.00       0.00          0          0          0
  fracdiving       :     358.62       0.00          4          0          0
  gins             :       0.00       0.00          0          0          0
  guideddiving     :     235.88       0.00          3          0          0
  indicator        :       0.00       0.00          0          0          0
  indicatordiving  :       0.00       0.00          0          0          0
  intdiving        :       0.00       0.00          0          0          0
  intshifting      :     104.58       0.00          8          1          1
  linesearchdiving :     565.65       0.00          3          0          0
  localbranching   :       0.00       0.00          0          0          0
  locks            :       0.29       0.00          1          1          1
  lpface           :       0.00       0.00          0          0          0
  mpec             :       0.00       0.00          0          0          0
  multistart       :       0.00       0.00          0          0          0
  mutation         :       0.00       0.00          0          0          0
  nlpdiving        :       0.00       0.00          0          0          0
  objpscostdiving  :    1498.13       0.00          2          1          0
  octane           :       0.00       0.00          0          0          0
  ofins            :       0.00       0.00          0          0          0
  oneopt           :       0.04       0.00          6          0          0
  padm             :       0.00       0.00          0          0          0
  proximity        :       0.00       0.00          0          0          0
  pscostdiving     :     464.85       0.00          4          3          3
  randrounding     :       3.62       0.00         78          0          0
  rens             :       0.00       0.00          0          0          0
  reoptsols        :       0.00       0.00          0          0          0
  repair           :       0.00       0.00          0          0          0
  rins             :       0.00       0.00          0          0          0
  rootsoldiving    :      70.88       0.00          2          2          0
  rounding         :       0.38       0.00        147          0          0
  scheduler        :       0.00       0.00          0          0          0
  shiftandpropagate:       0.00       0.00          0          0          0
  shifting         :       7.81       0.00         96          1          0
  simplerounding   :       0.00       0.00          0          0          0
  subnlp           :       0.00       0.00          0          0          0
  trivial          :       0.01       0.00          2          0          0
  trivialnegation  :       0.00       0.00          0          0          0
  trustregion      :       0.00       0.00          0          0          0
  trysol           :       0.00       0.00          0          0          0
  twoopt           :       0.00       0.00          0          0          0
  undercover       :       0.00       0.00          0          0          0
  vbounds          :       0.10       0.00          1          0          0
  veclendiving     :     340.73       0.00          3          0          0
  zeroobj          :       0.00       0.00          0          0          0
  zirounding       :       0.57       0.00        111          0          0
  other solutions  :          -          -          -          0          -
LNS (Scheduler)    :      Calls  SetupTime  SolveTime SolveNodes       Sols       Best       Exp3    Exp3-IX  EpsGreedy        UCB TgtFixRate  Opt  Inf Node Stal  Sol  Usr Othr Actv
  rens             :          0       0.00       0.00          0          0          0    0.00000    0.12500   -1.00000    1.00000      0.900    0    0    0    0    0    0    0    1
  rins             :          0       0.00       0.00          0          0          0    0.00000    0.12500   -1.00000    1.00000      0.900    0    0    0    0    0    0    0    1
  mutation         :          0       0.00       0.00          0          0          0    0.00000    0.12500   -1.00000    1.00000      0.900    0    0    0    0    0    0    0    1
  localbranching   :          0       0.00       0.00          0          0          0    0.00000    0.12500   -1.00000    1.00000      0.900    0    0    0    0    0    0    0    1
  crossover        :          0       0.00       0.00          0          0          0    0.00000    0.12500   -1.00000    1.00000      0.900    0    0    0    0    0    0    0    1
  proximity        :          0       0.00       0.00          0          0          0    0.00000    0.12500   -1.00000    1.00000      0.900    0    0    0    0    0    0    0    1
  zeroobjective    :          0       0.00       0.00          0          0          0    0.00000    0.12500   -1.00000    1.00000      0.900    0    0    0    0    0    0    0    1
  dins             :          0       0.00       0.00          0          0          0    0.00000    0.12500   -1.00000    1.00000      0.900    0    0    0    0    0    0    0    1
  trustregion      :          0       0.00       0.00          0          0          0    0.00000    0.00000   -1.00000    1.00000      0.900    0    0    0    0    0    0    0    0
LP                 :       Time      Calls Iterations  Iter/call   Iter/sec  Time-0-It Calls-0-It    ItLimit
  primal LP        :      14.74         38          0       0.00       0.00      14.74         38
  dual LP          :    5824.47        272    1476742    6965.76     253.54       0.44         60
  lex dual LP      :       0.00          0          0       0.00          -
  barrier LP       :       0.00          0          0       0.00          -       0.00          0
  resolve instable :       0.00          0          0       0.00          -
  diving/probing LP:    4421.88       1913    2196915    1148.41     496.83
  strong branching :    4093.80        883     859032     972.86     209.84          -          -       1666
    (at root node) :          -         21      21000    1000.00          -
  conflict analysis:       1.98        101       1010      10.00     510.50
B&B Tree           :
  number of runs   :          1
  nodes            :        121 (112 internal, 9 leaves)
  feasible leaves  :          0
  infeas. leaves   :          0
  objective leaves :          9
  nodes (total)    :        121 (112 internal, 9 leaves)
  nodes left       :        104
  max depth        :         33
  max depth (total):         33
  backtracks       :         33 (27.3%)
  early backtracks :          0 (0.0%)
  nodes exc. ref.  :          0 (0.0%)
  delayed cutoffs  :          0
  repropagations   :          6 (0 domain reductions, 0 cutoffs)
  avg switch length:       5.14
  switching time   :       2.42
Root Node          :
  First LP value   : +6.20094615660012e+03
  First LP Iters   :       6383 (1135.19 Iter/sec)
  First LP Time    :       5.62
  Final Dual Bound : +6.60845200468763e+03
  Final Root Iters :     484905
  Root LP Estimate : +6.61546197566382e+03
Solution           :
  Solutions found  :         14 (8 improvements)
  First Solution   : +6.83192132839170e+03   (in run 1, after 1 nodes, 1.41 seconds, depth 601, found by <locks>)
  Gap First Sol.   :      23.99 %
  Gap Last Sol.    :       0.21 %
  Primal Bound     : +6.62286439518197e+03   (in run 1, after 109 nodes, 13600.68 seconds, depth 1252, found by <pscostdiving>)
  Dual Bound       : +6.60867991529649e+03
  Gap              :       0.21 %
Integrals          :      Total       Avg%
  primal-dual      :   10467.77       0.73
  primal-ref       :          -          - (not evaluated)
  dual-ref         :          -          - (not evaluated)

 Branching Statistics...

 Total number of propagations -> 0

 Number of cutoffs of KnaCons -> 0

 Total number of variables fixed to 1 by the propagator -> 0

 Total number of variables fixed to 0 by the propagator -> 0

 Maximum number of rounds of the approximation algorithm -> 0

 Runtime of the exact algorithm -> 0.0000 s

 Total number of variables fixed to 1 in the exact algorithm -> 0

 Total number of variables fixed to 0 in the exact algorithm -> 0

 Number of cutoffs in the exact algorithm -> 0

 Number of cutoffs in the approximation algorithm -> 0

 PS:  
