***************************************
*         SCIP-based CCP Solver       *
*                                     *
*    Wei Lv and Wei-Kun Chen (2024)   *
***************************************
/share/home/wangzhaowei/lvwei/scipoptsuite-9.1.0/build/bin/examples/ccp -f CCRPData/40-50-3000-4.ccrp -s CCRPSetting/DB1.set 
SCIP version 9.1.0 [precision: 8 byte] [memory: block] [mode: optimized] [LP solver: Soplex 7.1.0] [GitHash: 8cab0278ba]
Copyright (c) 2002-2024 Zuse Institute Berlin (ZIB)

External libraries: 
  Soplex 7.1.0         Linear Programming Solver developed at Zuse Institute Berlin (soplex.zib.de) [GitHash: 595bfac9]
  CppAD 20180000.0     Algorithmic Differentiation of C++ algorithms developed by B. Bell (github.com/coin-or/CppAD)
  ZLIB 1.2.7           General purpose compression library by J. Gailly and M. Adler (zlib.net)
  GMP 6.0.0            GNU Multiple Precision Arithmetic Library developed by T. Granlund (gmplib.org)
  AMPL/MP 690e9e7      AMPL .nl file reader library (github.com/ampl/mp)
  PaPILO 2.3.0         parallel presolve for integer and linear optimization (github.com/scipopt/papilo) (built with TBB) [GitHash: 4b8ce6ed]
  Nauty 2.8.8          Computing Graph Automorphism Groups by Brendan D. McKay (users.cecs.anu.edu.au/~bdm/nauty)
  sassy 1.1            Symmetry preprocessor by Markus Anders (github.com/markusa4/sassy)

reading user parameter file <CCRPSetting/DB1.set>

read problem <CCRPData/40-50-3000-4.ccrp>
============

File name: 	CCRPData/40-50-3000-4.ccrp
Problem name:	40-50-3000-4
NumResource: 	40
Dimension: 	50
NumScenario: 	3000
ConfidenceParameter: 	0.10
IsEqualProbability: 	1
BnC+MIX+DI: 	0
BnC+MIX+sDI: 	0
DB: 	1
DB+OPF: 	0
Dominance and Aggregation Statistics......
NumEdge:        3539384
NumBiEdge: 	656085
NumDomIneqs: 	2883299
DominanceRatio: 0.6409
NumAggScenario: 1855 
BasicNumScenario: 1854 
Propagator Statistics......
NumBasicDomIneqs: 102530
NumNonReDomIneqs: 26176
Duration: 0.1300 s 

original problem has 3945 variables (1855 bin, 0 int, 0 impl, 2090 cont) and 15092 constraints

solve problem
=============

presolving:
(round 1, fast)       928 del vars, 0 del conss, 0 add conss, 50 chg bounds, 0 chg sides, 0 chg coeffs, 0 upgd conss, 0 impls, 26176 clqs
   (0.1s) running MILP presolver
   (0.2s) MILP presolver (3 rounds): 88 aggregations, 1021 fixings, 0 bound changes
(round 2, medium)     2037 del vars, 15091 del conss, 15003 add conss, 50 chg bounds, 0 chg sides, 0 chg coeffs, 0 upgd conss, 0 impls, 26176 clqs
(round 3, fast)       2037 del vars, 15091 del conss, 15003 add conss, 98 chg bounds, 0 chg sides, 0 chg coeffs, 0 upgd conss, 0 impls, 26176 clqs
(round 4, exhaustive) 2037 del vars, 15091 del conss, 15003 add conss, 98 chg bounds, 0 chg sides, 0 chg coeffs, 15000 upgd conss, 0 impls, 26176 clqs
   (1.7s) probing: 1000/1854 (53.9%) - 0 fixings, 0 aggregations, 58256 implications, 0 bound changes
   (1.7s) probing: 1001/1854 (54.0%) - 0 fixings, 0 aggregations, 58424 implications, 0 bound changes
   (1.7s) probing aborted: 1000/1000 successive useless probings
   (1.7s) symmetry computation started: requiring (bin +, int +, cont +), (fixed: bin -, int -, cont -)
   Symmetry detection interrupted: constraints of type chancecons do not provide symmetry information.
   If symmetries shall be detected, implement the CONSGETPERMSYMGRAPH callback.
   (1.7s) could not compute symmetry
presolving (5 rounds: 5 fast, 3 medium, 2 exhaustive):
 2037 deleted vars, 15091 deleted constraints, 15003 added constraints, 98 tightened bounds, 0 added holes, 0 changed sides, 0 changed coefficients
 15000 implications, 35018 cliques
presolved problem has 1908 variables (1854 bin, 0 int, 0 impl, 54 cont) and 15004 constraints
      1 constraints of type <chancecons>
  15000 constraints of type <varbound>
      1 constraints of type <knapsack>
      2 constraints of type <linear>
Presolving Time: 1.70

 time | node  | left  |LP iter|LP it/n|mem/heur|mdpt |vars |cons |rows |cuts |sepa|confs|strbr|  dualbound   | primalbound  |  gap   | compl. 
p 1.8s|     1 |     0 |     2 |     - |  clique|   0 |1908 |  15k|  15k|   0 |  0 |   0 |   0 | 2.913289e+03 | 3.621230e+03 |  24.30%| unknown
p 1.9s|     1 |     0 |     4 |     - |   locks|   0 |1908 |  15k|  15k|   0 |  0 |   0 |   0 | 2.913289e+03 | 3.543864e+03 |  21.64%| unknown
  2.6s|     1 |     0 |  2585 |     - |   192M |   0 |1908 |  15k|  15k|   0 |  0 |   3 |   0 | 3.253703e+03 | 3.543864e+03 |   8.92%| unknown
  3.0s|     1 |     0 |  3229 |     - |   195M |   0 |1908 |  15k|  15k|  50 |  1 |   3 |   0 | 3.299963e+03 | 3.543864e+03 |   7.39%| unknown
  3.3s|     1 |     0 |  3841 |     - |   198M |   0 |1908 |  15k|  15k| 136 |  2 |   3 |   0 | 3.331571e+03 | 3.543864e+03 |   6.37%| unknown
  3.6s|     1 |     0 |  4398 |     - |   200M |   0 |1908 |  15k|  15k| 237 |  3 |   3 |   0 | 3.351635e+03 | 3.543864e+03 |   5.74%| unknown
  3.9s|     1 |     0 |  4889 |     - |   202M |   0 |1908 |  15k|  15k| 318 |  4 |   3 |   0 | 3.363317e+03 | 3.543864e+03 |   5.37%| unknown
  4.2s|     1 |     0 |  5186 |     - |   205M |   0 |1908 |  15k|  15k| 392 |  5 |   3 |   0 | 3.372011e+03 | 3.543864e+03 |   5.10%| unknown
  4.6s|     1 |     0 |  5738 |     - |   208M |   0 |1908 |  15k|  15k| 474 |  6 |   3 |   0 | 3.377526e+03 | 3.543864e+03 |   4.92%| unknown
  4.9s|     1 |     0 |  6264 |     - |   210M |   0 |1908 |  15k|  15k| 557 |  7 |   3 |   0 | 3.383046e+03 | 3.543864e+03 |   4.75%| unknown
  5.4s|     1 |     0 |  6938 |     - |   211M |   0 |1908 |  15k|  15k| 640 |  8 |   3 |   0 | 3.387572e+03 | 3.543864e+03 |   4.61%| unknown
  5.9s|     1 |     0 |  7697 |     - |   213M |   0 |1908 |  15k|  15k| 719 |  9 |   3 |   0 | 3.390957e+03 | 3.543864e+03 |   4.51%| unknown
  6.4s|     1 |     0 |  8514 |     - |   217M |   0 |1908 |  15k|  15k| 795 | 10 |   3 |   0 | 3.393409e+03 | 3.543864e+03 |   4.43%| unknown
  6.9s|     1 |     0 |  9427 |     - |   218M |   0 |1908 |  15k|  15k| 870 | 11 |   3 |   0 | 3.395594e+03 | 3.543864e+03 |   4.37%| unknown
  7.5s|     1 |     0 | 10496 |     - |   220M |   0 |1908 |  15k|  15k| 940 | 12 |   3 |   0 | 3.397242e+03 | 3.543864e+03 |   4.32%| unknown
 time | node  | left  |LP iter|LP it/n|mem/heur|mdpt |vars |cons |rows |cuts |sepa|confs|strbr|  dualbound   | primalbound  |  gap   | compl. 
  8.1s|     1 |     0 | 11506 |     - |   222M |   0 |1908 |  15k|  15k|1007 | 13 |   3 |   0 | 3.398831e+03 | 3.543864e+03 |   4.27%| unknown
  8.8s|     1 |     0 | 12730 |     - |   224M |   0 |1908 |  15k|  16k|1083 | 14 |   3 |   0 | 3.400548e+03 | 3.543864e+03 |   4.21%| unknown
  9.5s|     1 |     0 | 13886 |     - |   226M |   0 |1908 |  15k|  16k|1140 | 15 |   3 |   0 | 3.401708e+03 | 3.543864e+03 |   4.18%| unknown
 10.1s|     1 |     0 | 14782 |     - |   228M |   0 |1908 |  15k|  16k|1195 | 16 |   3 |   0 | 3.402555e+03 | 3.543864e+03 |   4.15%| unknown
 10.7s|     1 |     0 | 15818 |     - |   231M |   0 |1908 |  15k|  16k|1242 | 17 |   3 |   0 | 3.403360e+03 | 3.543864e+03 |   4.13%| unknown
 11.5s|     1 |     0 | 17035 |     - |   233M |   0 |1908 |  15k|  16k|1308 | 18 |   3 |   0 | 3.404427e+03 | 3.543864e+03 |   4.10%| unknown
 12.6s|     1 |     0 | 18601 |     - |   235M |   0 |1908 |  15k|  16k|1384 | 19 |   3 |   0 | 3.405493e+03 | 3.543864e+03 |   4.06%| unknown
 13.8s|     1 |     0 | 20292 |     - |   237M |   0 |1908 |  15k|  16k|1452 | 20 |   3 |   0 | 3.406227e+03 | 3.543864e+03 |   4.04%| unknown
 15.0s|     1 |     0 | 21887 |     - |   238M |   0 |1908 |  15k|  16k|1525 | 21 |   3 |   0 | 3.406965e+03 | 3.543864e+03 |   4.02%| unknown
 16.2s|     1 |     0 | 23544 |     - |   238M |   0 |1908 |  15k|  16k|1603 | 22 |   3 |   0 | 3.407687e+03 | 3.543864e+03 |   4.00%| unknown
 17.5s|     1 |     0 | 25197 |     - |   240M |   0 |1908 |  15k|  16k|1676 | 23 |   3 |   0 | 3.408303e+03 | 3.543864e+03 |   3.98%| unknown
 19.1s|     1 |     0 | 27030 |     - |   241M |   0 |1908 |  15k|  16k|1755 | 24 |   3 |   0 | 3.408811e+03 | 3.543864e+03 |   3.96%| unknown
 21.1s|     1 |     0 | 29240 |     - |   241M |   0 |1908 |  15k|  16k|1843 | 25 |   3 |   0 | 3.409308e+03 | 3.543864e+03 |   3.95%| unknown
 22.9s|     1 |     0 | 31257 |     - |   242M |   0 |1908 |  15k|  16k|1921 | 26 |   3 |   0 | 3.409728e+03 | 3.543864e+03 |   3.93%| unknown
 24.4s|     1 |     0 | 32868 |     - |   242M |   0 |1908 |  15k|  16k|2005 | 27 |   3 |   0 | 3.410051e+03 | 3.543864e+03 |   3.92%| unknown
 time | node  | left  |LP iter|LP it/n|mem/heur|mdpt |vars |cons |rows |cuts |sepa|confs|strbr|  dualbound   | primalbound  |  gap   | compl. 
 26.1s|     1 |     0 | 34531 |     - |   244M |   0 |1908 |  15k|  16k|2083 | 28 |   3 |   0 | 3.410454e+03 | 3.543864e+03 |   3.91%| unknown
 28.5s|     1 |     0 | 36855 |     - |   246M |   0 |1908 |  15k|  16k|2163 | 29 |   3 |   0 | 3.410825e+03 | 3.543864e+03 |   3.90%| unknown
 30.8s|     1 |     0 | 39090 |     - |   246M |   0 |1908 |  15k|  16k|2253 | 30 |   3 |   0 | 3.411087e+03 | 3.543864e+03 |   3.89%| unknown
 33.5s|     1 |     0 | 41644 |     - |   247M |   0 |1908 |  15k|  16k|2332 | 31 |   3 |   0 | 3.411343e+03 | 3.543864e+03 |   3.88%| unknown
 35.4s|     1 |     0 | 43702 |     - |   247M |   0 |1908 |  15k|  16k|2413 | 32 |   3 |   0 | 3.411564e+03 | 3.543864e+03 |   3.88%| unknown
 37.4s|     1 |     0 | 45819 |     - |   247M |   0 |1908 |  15k|  16k|2481 | 33 |   3 |   0 | 3.411746e+03 | 3.543864e+03 |   3.87%| unknown
 40.1s|     1 |     0 | 48056 |     - |   248M |   0 |1908 |  15k|  16k|2559 | 34 |   3 |   0 | 3.411919e+03 | 3.543864e+03 |   3.87%| unknown
 42.7s|     1 |     0 | 50412 |     - |   248M |   0 |1908 |  15k|  16k|2634 | 35 |   3 |   0 | 3.412076e+03 | 3.543864e+03 |   3.86%| unknown
 45.7s|     1 |     0 | 53226 |     - |   248M |   0 |1908 |  15k|  17k|2713 | 36 |   3 |   0 | 3.412201e+03 | 3.543864e+03 |   3.86%| unknown
 48.3s|     1 |     0 | 55948 |     - |   248M |   0 |1908 |  15k|  16k|2772 | 37 |   3 |   0 | 3.412306e+03 | 3.543864e+03 |   3.86%| unknown
 51.2s|     1 |     0 | 59094 |     - |   248M |   0 |1908 |  15k|  16k|2838 | 38 |   3 |   0 | 3.412426e+03 | 3.543864e+03 |   3.85%| unknown
 53.9s|     1 |     0 | 61840 |     - |   249M |   0 |1908 |  15k|  16k|2901 | 39 |   3 |   0 | 3.412492e+03 | 3.543864e+03 |   3.85%| unknown
r54.4s|     1 |     0 | 62728 |     - |intshift|   0 |1908 |  15k|  16k|2901 | 39 |   3 |   0 | 3.412492e+03 | 3.476198e+03 |   1.87%| unknown
o58.2s|     1 |     0 | 68601 |     - |feaspump|   0 |1908 |  15k|  16k|2901 | 39 |   3 |   0 | 3.412492e+03 | 3.415026e+03 |   0.07%| unknown
L61.8s|     1 |     0 | 69005 |     - |    alns|   0 |1908 |  15k|  16k|2901 | 39 |  10 |   0 | 3.412493e+03 | 3.413813e+03 |   0.04%| unknown
 time | node  | left  |LP iter|LP it/n|mem/heur|mdpt |vars |cons |rows |cuts |sepa|confs|strbr|  dualbound   | primalbound  |  gap   | compl. 
L61.8s|     1 |     0 | 69005 |     - |    alns|   0 |1908 |  15k|  16k|2901 | 39 |  10 |   0 | 3.412493e+03 | 3.413695e+03 |   0.04%| unknown
L61.8s|     1 |     0 | 69005 |     - |    alns|   0 |1908 |  15k|  16k|2901 | 39 |  10 |   0 | 3.412493e+03 | 3.413485e+03 |   0.03%| unknown
 61.8s|     1 |     0 | 69005 |     - |   250M |   0 |1908 |  15k|  16k|2901 | 39 |  10 |   0 | 3.412493e+03 | 3.413485e+03 |   0.03%| unknown
 61.9s|     1 |     0 | 69005 |     - |   250M |   0 |1908 |  15k|  15k|2901 | 39 |  10 |   0 | 3.412493e+03 | 3.413485e+03 |   0.03%| unknown
 64.2s|     1 |     0 | 71653 |     - |   250M |   0 |1908 |  15k|8644 |2973 | 40 |  10 |   0 | 3.412519e+03 | 3.413485e+03 |   0.03%| unknown
 64.3s|     1 |     0 | 71653 |     - |   251M |   0 |1908 |  15k|8640 |2973 | 40 |  10 |   0 | 3.412519e+03 | 3.413485e+03 |   0.03%| unknown
 64.3s|     1 |     0 | 71653 |     - |   251M |   0 |1908 |  15k|8640 |2973 | 40 |  10 |   0 | 3.412519e+03 | 3.413485e+03 |   0.03%| unknown
 65.7s|     1 |     0 | 73170 |     - |   251M |   0 |1908 |  15k|8678 |3011 | 41 |  10 |   0 | 3.412559e+03 | 3.413485e+03 |   0.03%| unknown
 65.8s|     1 |     0 | 73170 |     - |   251M |   0 |1908 |  15k|8676 |3011 | 41 |  10 |   0 | 3.412559e+03 | 3.413485e+03 |   0.03%| unknown
 66.7s|     1 |     0 | 74244 |     - |   251M |   0 |1908 |6589 |8676 |3011 | 41 |  10 |   0 | 3.412565e+03 | 3.413485e+03 |   0.03%| unknown
 66.7s|     1 |     0 | 74244 |     - |   251M |   0 |1908 |6589 |8555 |3011 | 41 |  10 |   0 | 3.412565e+03 | 3.413485e+03 |   0.03%| unknown
 69.5s|     1 |     0 | 77863 |     - |   251M |   0 |1908 |6589 |8573 |3059 | 42 |  10 |   0 | 3.412592e+03 | 3.413485e+03 |   0.03%| unknown
 69.6s|     1 |     0 | 77863 |     - |   251M |   0 |1908 |6589 |8550 |3059 | 42 |  10 |   0 | 3.412592e+03 | 3.413485e+03 |   0.03%| unknown
 70.8s|     1 |     0 | 79434 |     - |   251M |   0 |1908 |6589 |8578 |3087 | 43 |  10 |   0 | 3.412611e+03 | 3.413485e+03 |   0.03%| unknown
 70.9s|     1 |     0 | 79434 |     - |   251M |   0 |1908 |6589 |8555 |3087 | 43 |  10 |   0 | 3.412611e+03 | 3.413485e+03 |   0.03%| unknown
 time | node  | left  |LP iter|LP it/n|mem/heur|mdpt |vars |cons |rows |cuts |sepa|confs|strbr|  dualbound   | primalbound  |  gap   | compl. 
 70.9s|     1 |     0 | 79434 |     - |   251M |   0 |1908 |6473 |8555 |3087 | 43 |  10 |   0 | 3.412611e+03 | 3.413485e+03 |   0.03%| unknown
 73.7s|     1 |     0 | 82900 |     - |   251M |   0 |1908 |6473 |8073 |3128 | 44 |  10 |   0 | 3.412648e+03 | 3.413485e+03 |   0.02%| unknown
 73.8s|     1 |     0 | 82900 |     - |   251M |   0 |1908 |6473 |7982 |3128 | 44 |  10 |   0 | 3.412648e+03 | 3.413485e+03 |   0.02%| unknown
 76.8s|     1 |     0 | 86498 |     - |   251M |   0 |1908 |6473 |7994 |3140 | 45 |  10 |   0 | 3.412662e+03 | 3.413485e+03 |   0.02%| unknown
 76.8s|     1 |     0 | 86498 |     - |   251M |   0 |1908 |6473 |7994 |3140 | 45 |  10 |   0 | 3.412662e+03 | 3.413485e+03 |   0.02%| unknown
 76.9s|     1 |     0 | 86498 |     - |   251M |   0 |1908 |6252 |7994 |3140 | 45 |  10 |   0 | 3.412662e+03 | 3.413485e+03 |   0.02%| unknown
 83.1s|     1 |     0 | 94642 |     - |   251M |   0 |1908 |6252 |8030 |3176 | 46 |  10 |   0 | 3.412667e+03 | 3.413485e+03 |   0.02%| unknown
 83.3s|     1 |     0 | 94651 |     - |   251M |   0 |1908 |6252 |7844 |3176 | 46 |  10 |   0 | 3.412667e+03 | 3.413485e+03 |   0.02%| unknown
 84.3s|     1 |     0 | 95903 |     - |   251M |   0 |1908 |6252 |7848 |3180 | 47 |  10 |   0 | 3.412667e+03 | 3.413485e+03 |   0.02%| unknown
 84.4s|     1 |     0 | 95912 |     - |   251M |   0 |1908 |6252 |7830 |3180 | 47 |  10 |   0 | 3.412667e+03 | 3.413485e+03 |   0.02%| unknown
 84.5s|     1 |     0 | 95921 |     - |   251M |   0 |1908 |6189 |7484 |3180 | 47 |  10 |   0 | 3.412667e+03 | 3.413485e+03 |   0.02%| unknown
 85.2s|     1 |     0 | 96554 |     - |   251M |   0 |1908 |6189 |7517 |3213 | 48 |  10 |   0 | 3.412668e+03 | 3.413485e+03 |   0.02%| unknown
 85.2s|     1 |     0 | 96554 |     - |   251M |   0 |1908 |6189 |7482 |3213 | 48 |  10 |   0 | 3.412668e+03 | 3.413485e+03 |   0.02%| unknown
 85.2s|     1 |     0 | 96554 |     - |   251M |   0 |1908 |6086 |7482 |3213 | 49 |  10 |   0 | 3.412668e+03 | 3.413485e+03 |   0.02%| unknown
*85.2s|     1 |     0 | 96554 |     - |    LP  |   0 |1908 |6086 |7482 |3213 | 50 |  10 |   0 | 3.412668e+03 | 3.412668e+03 |   0.00%| unknown

SCIP Status        : problem is solved [optimal solution found]
Solving Time (sec) : 85.17
Solving Nodes      : 1
Primal Bound       : +3.41266766736926e+03 (9 solutions)
Dual Bound         : +3.41266766736926e+03
Gap                : 0.00 %

primal solution (original space):
=================================

objective value:                     3412.66766736926
z#2                                                 1 	(obj:0)
z#8                                 0.999999999999745 	(obj:0)
z#11                                 1.00000000000009 	(obj:0)
z#15                                  1.0000000000005 	(obj:0)
z#16                                                1 	(obj:0)
z#19                                                1 	(obj:0)
z#21                                                1 	(obj:0)
z#39                                                1 	(obj:0)
z#53                                0.999999999999989 	(obj:0)
z#55                                0.999999999999981 	(obj:0)
z#61                                0.999999999999591 	(obj:0)
z#62                                 1.00000000000056 	(obj:0)
z#83                                 1.00000000000091 	(obj:0)
z#86                                                1 	(obj:0)
z#87                                                1 	(obj:0)
z#89                                 1.00000000000762 	(obj:0)
z#92                                                1 	(obj:0)
z#94                                 1.00000000000192 	(obj:0)
z#104                                               1 	(obj:0)
z#107                                               1 	(obj:0)
z#121                                               1 	(obj:0)
z#126                                               1 	(obj:0)
z#131                               0.999999999999952 	(obj:0)
z#133                                1.00000000000112 	(obj:0)
z#139                                               1 	(obj:0)
z#142                                1.00000000000016 	(obj:0)
z#143                                               1 	(obj:0)
z#145                                               1 	(obj:0)
z#149                               0.999999999999903 	(obj:0)
z#170                                1.00000000000561 	(obj:0)
z#173                               0.999999999999545 	(obj:0)
z#174                                1.00000000000021 	(obj:0)
z#190                                               1 	(obj:0)
z#201                                               1 	(obj:0)
z#213                                               1 	(obj:0)
z#226                                               1 	(obj:0)
z#232                                1.00000000000023 	(obj:0)
z#242                                               1 	(obj:0)
z#247                                               1 	(obj:0)
z#250                                1.00000000000006 	(obj:0)
z#258                               0.999999999999976 	(obj:0)
z#274                                0.99999999999944 	(obj:0)
z#275                               0.999999999999815 	(obj:0)
z#277                                               1 	(obj:0)
z#279                                               1 	(obj:0)
z#284                                               1 	(obj:0)
z#291                                               1 	(obj:0)
z#294                               0.999999999999955 	(obj:0)
z#295                                               1 	(obj:0)
z#302                                               1 	(obj:0)
z#306                                               1 	(obj:0)
z#310                                1.00000000000727 	(obj:0)
z#319                                1.00000000000068 	(obj:0)
z#320                                1.00000000000049 	(obj:0)
z#330                                1.00000000000062 	(obj:0)
z#339                                               1 	(obj:0)
z#351                                               1 	(obj:0)
z#353                                1.00000000000102 	(obj:0)
z#354                                               1 	(obj:0)
z#356                               0.999999999999911 	(obj:0)
z#375                                               1 	(obj:0)
z#376                                1.00000000000112 	(obj:0)
z#380                                               1 	(obj:0)
z#389                                               1 	(obj:0)
z#395                               0.999999999999908 	(obj:0)
z#399                                               1 	(obj:0)
z#401                                               1 	(obj:0)
z#410                                1.00000000000129 	(obj:0)
z#413                                               1 	(obj:0)
z#414                                               1 	(obj:0)
z#418                                               1 	(obj:0)
z#428                               0.999999999999311 	(obj:0)
z#449                               0.999999999999643 	(obj:0)
z#451                                               1 	(obj:0)
z#453                                1.00000000000007 	(obj:0)
z#469                                1.00000000000047 	(obj:0)
z#474                               0.999999999998608 	(obj:0)
z#480                                               1 	(obj:0)
z#486                                               1 	(obj:0)
z#496                                               1 	(obj:0)
z#507                                               1 	(obj:0)
z#511                                1.00000000000002 	(obj:0)
z#518                               0.999999999999353 	(obj:0)
z#519                               0.999999999999367 	(obj:0)
z#524                                1.00000000000003 	(obj:0)
z#533                                               1 	(obj:0)
z#559                                 1.0000000000001 	(obj:0)
z#560                                1.00000000000011 	(obj:0)
z#566                                1.00000000000026 	(obj:0)
z#581                                               1 	(obj:0)
z#582                                               1 	(obj:0)
z#583                                               1 	(obj:0)
z#585                                1.00000000000007 	(obj:0)
z#599                                               1 	(obj:0)
z#608                                               1 	(obj:0)
z#609                                               1 	(obj:0)
z#615                                               1 	(obj:0)
z#620                                 1.0000000000005 	(obj:0)
z#624                                               1 	(obj:0)
z#625                                               1 	(obj:0)
z#627                                1.00000000000392 	(obj:0)
z#638                                1.00000000000078 	(obj:0)
z#640                                               1 	(obj:0)
z#642                                 1.0000000000077 	(obj:0)
z#643                                               1 	(obj:0)
z#648                                               1 	(obj:0)
z#649                                               1 	(obj:0)
z#650                               0.999999999999573 	(obj:0)
z#664                                               1 	(obj:0)
z#668                                1.00000000000017 	(obj:0)
z#674                                               1 	(obj:0)
z#676                               0.999999999999948 	(obj:0)
z#680                                               1 	(obj:0)
z#691                                               1 	(obj:0)
z#693                                               1 	(obj:0)
z#695                                               1 	(obj:0)
z#697                                1.00000000000008 	(obj:0)
z#708                                               1 	(obj:0)
z#711                                1.00000000000369 	(obj:0)
z#727                               0.999999999999993 	(obj:0)
z#736                               0.999999999999949 	(obj:0)
z#737                                               1 	(obj:0)
z#744                                               1 	(obj:0)
z#748                                               1 	(obj:0)
z#753                                1.00000000000004 	(obj:0)
z#755                                               1 	(obj:0)
z#759                                1.00000000000018 	(obj:0)
z#761                                               1 	(obj:0)
z#766                               0.999999999999715 	(obj:0)
z#768                                               1 	(obj:0)
z#769                                               1 	(obj:0)
z#773                               0.999999999999907 	(obj:0)
z#777                               0.999999999999977 	(obj:0)
z#791                                               1 	(obj:0)
z#810                                               1 	(obj:0)
z#814                                1.00000000000102 	(obj:0)
z#819                                               1 	(obj:0)
z#821                                               1 	(obj:0)
z#824                                               1 	(obj:0)
z#825                                1.00000000000006 	(obj:0)
z#826                                               1 	(obj:0)
z#829                                               1 	(obj:0)
z#832                                0.99999999999953 	(obj:0)
z#833                                1.00000000000503 	(obj:0)
z#843                                               1 	(obj:0)
z#845                                               1 	(obj:0)
z#861                               0.999999999999994 	(obj:0)
z#872                                               1 	(obj:0)
z#873                               0.999999999999949 	(obj:0)
z#875                                               1 	(obj:0)
z#877                                               1 	(obj:0)
z#880                                1.00000000000005 	(obj:0)
z#881                                               1 	(obj:0)
z#894                                1.00000000000032 	(obj:0)
z#901                               0.999999999999718 	(obj:0)
z#902                                 1.0000000000024 	(obj:0)
z#906                               0.999999999999985 	(obj:0)
z#923                               0.999999999999905 	(obj:0)
z#931                               0.999999999999982 	(obj:0)
z#935                                1.00000000000807 	(obj:0)
z#945                                               1 	(obj:0)
z#947                                               1 	(obj:0)
z#967                                1.00000000000525 	(obj:0)
z#983                                 1.0000000000002 	(obj:0)
z#989                                1.00000000000206 	(obj:0)
z#992                                1.00000000000014 	(obj:0)
z#993                                               1 	(obj:0)
z#1006                                              1 	(obj:0)
z#1016                              0.999999999999958 	(obj:0)
z#1020                                              1 	(obj:0)
z#1027                               1.00000000000786 	(obj:0)
z#1028                               1.00000000000062 	(obj:0)
z#1029                              0.999999999999894 	(obj:0)
z#1031                               1.00000000000005 	(obj:0)
z#1032                                              1 	(obj:0)
z#1034                                              1 	(obj:0)
z#1044                                              1 	(obj:0)
z#1052                               1.00000000000012 	(obj:0)
z#1058                               1.00000000000657 	(obj:0)
z#1059                                              1 	(obj:0)
z#1061                                              1 	(obj:0)
z#1064                                              1 	(obj:0)
z#1076                              0.999999999998828 	(obj:0)
z#1085                               1.00000000000025 	(obj:0)
z#1087                               1.00000000000557 	(obj:0)
z#1090                              0.999999999999897 	(obj:0)
z#1095                               1.00000000000714 	(obj:0)
z#1096                                              1 	(obj:0)
z#1100                                              1 	(obj:0)
z#1102                               1.00000000000082 	(obj:0)
z#1103                                              1 	(obj:0)
z#1104                               1.00000000000003 	(obj:0)
z#1117                               1.00000000000001 	(obj:0)
z#1119                                              1 	(obj:0)
z#1130                                              1 	(obj:0)
z#1152                                              1 	(obj:0)
z#1163                                              1 	(obj:0)
z#1165                               1.00000000000007 	(obj:0)
z#1177                              0.999999999999957 	(obj:0)
z#1187                              0.999999999999702 	(obj:0)
z#1194                                              1 	(obj:0)
z#1203                                              1 	(obj:0)
z#1210                                              1 	(obj:0)
z#1229                                              1 	(obj:0)
z#1230                               1.00000000000011 	(obj:0)
z#1238                                              1 	(obj:0)
z#1244                                              1 	(obj:0)
z#1247                                1.0000000000002 	(obj:0)
z#1253                                              1 	(obj:0)
z#1258                               1.00000000000036 	(obj:0)
z#1267                                              1 	(obj:0)
z#1273                                              1 	(obj:0)
z#1297                                              1 	(obj:0)
z#1298                                              1 	(obj:0)
z#1315                               1.00000000000779 	(obj:0)
z#1319                               1.00000000000026 	(obj:0)
z#1323                                              1 	(obj:0)
z#1327                               1.00000000000731 	(obj:0)
z#1330                                              1 	(obj:0)
z#1334                              0.999999999999748 	(obj:0)
z#1336                                              1 	(obj:0)
z#1339                                              1 	(obj:0)
z#1346                               1.00000000000012 	(obj:0)
z#1350                                              1 	(obj:0)
z#1353                              0.999999999999681 	(obj:0)
z#1357                                              1 	(obj:0)
z#1363                              0.999999999998479 	(obj:0)
z#1369                                              1 	(obj:0)
z#1392                               1.00000000000116 	(obj:0)
z#1398                                              1 	(obj:0)
z#1417                              0.999999999999431 	(obj:0)
z#1419                               1.00000000000063 	(obj:0)
z#1427                                              1 	(obj:0)
z#1447                                              1 	(obj:0)
z#1450                                              1 	(obj:0)
z#1464                               1.00000000000036 	(obj:0)
z#1465                                              1 	(obj:0)
z#1469                               1.00000000000022 	(obj:0)
z#1471                               1.00000000000034 	(obj:0)
z#1483                                              1 	(obj:0)
z#1487                               1.00000000000005 	(obj:0)
z#1489                                              1 	(obj:0)
z#1491                              0.999999999998138 	(obj:0)
z#1495                               1.00000000000243 	(obj:0)
z#1497                                              1 	(obj:0)
z#1503                               1.00000000000028 	(obj:0)
z#1547                               1.00000000000028 	(obj:0)
z#1548                                1.0000000000022 	(obj:0)
z#1554                               1.00000000000003 	(obj:0)
z#1555                               1.00000000000733 	(obj:0)
z#1556                                              1 	(obj:0)
z#1559                              0.999999999999898 	(obj:0)
z#1564                               1.00000000000001 	(obj:0)
z#1568                                              1 	(obj:0)
z#1569                               1.00000000000076 	(obj:0)
z#1570                                              1 	(obj:0)
z#1575                               1.00000000000096 	(obj:0)
z#1587                               1.00000000000109 	(obj:0)
z#1608                                              1 	(obj:0)
z#1614                                              1 	(obj:0)
z#1622                              0.999999999999971 	(obj:0)
z#1624                                              1 	(obj:0)
z#1625                               1.00000000000355 	(obj:0)
z#1627                               1.00000000000008 	(obj:0)
z#1632                                              1 	(obj:0)
z#1633                               1.00000000000016 	(obj:0)
z#1639                              0.999999999999923 	(obj:0)
z#1641                                              1 	(obj:0)
z#1649                                              1 	(obj:0)
z#1651                               1.00000000000007 	(obj:0)
z#1656                                              1 	(obj:0)
z#1675                                              1 	(obj:0)
z#1681                                              1 	(obj:0)
z#1686                                              1 	(obj:0)
z#1687                              0.999999999999927 	(obj:0)
z#1691                               1.00000000000018 	(obj:0)
z#1695                               1.00000000000816 	(obj:0)
z#1696                               1.00000000000016 	(obj:0)
z#1713                               1.00000000000032 	(obj:0)
z#1714                                              1 	(obj:0)
z#1732                               1.00000000000026 	(obj:0)
z#1740                              0.999999999999967 	(obj:0)
z#1742                               1.00000000000005 	(obj:0)
z#1751                              0.999999999999821 	(obj:0)
z#1755                              0.999999999999935 	(obj:0)
z#1761                                              1 	(obj:0)
z#1763                               1.00000000000009 	(obj:0)
z#1780                                              1 	(obj:0)
z#1783                              0.999999999999643 	(obj:0)
z#1787                                              1 	(obj:0)
z#1788                                              1 	(obj:0)
z#1790                                              1 	(obj:0)
z#1798                                              1 	(obj:0)
z#1800                              0.999999999999623 	(obj:0)
z#1804                                              1 	(obj:0)
z#1820                                              1 	(obj:0)
z#1831                                              1 	(obj:0)
z#1837                                              1 	(obj:0)
z#1842                                              1 	(obj:0)
z#1853                                              1 	(obj:0)
x#2                                  711.448298609831 	(obj:0.83)
x#5                                  102.650087565674 	(obj:1.01)
x#6                                  547.010566154967 	(obj:0.85)
x#10                                 1078.05664815051 	(obj:0.83)
x#12                                 66.5528265107211 	(obj:0.9)
x#19                                 977.498798484997 	(obj:0.81)
x#27                                 97.9176904176949 	(obj:0.92)
x#28                                  151.58239287558 	(obj:0.88)
x#31                                 235.552536515614 	(obj:0.88)
x#35                                 82.9439219609788 	(obj:0.92)
y#2#1                                77.2242912371152 	(obj:0)
y#2#7                                 62.395179537629 	(obj:0)
y#2#10                               62.4310751104576 	(obj:0)
y#2#24                               74.3318663838812 	(obj:0)
y#2#25                               60.4907100907637 	(obj:0)
y#2#28                               80.9466829268186 	(obj:0)
y#2#37                               107.693555093556 	(obj:0)
y#2#41                                55.707042253521 	(obj:0)
y#2#43                                71.103827751196 	(obj:0)
y#2#44                               59.1240682248924 	(obj:0)
y#5#4                                102.650087565674 	(obj:0)
y#6#6                                71.6910151691947 	(obj:0)
y#6#14                               82.5394814089735 	(obj:0)
y#6#19                               74.8629423660278 	(obj:0)
y#6#30                               72.3955208857583 	(obj:0)
y#6#34                               92.2097450424918 	(obj:0)
y#6#45                               76.9038709677418 	(obj:0)
y#6#47                               76.4079903147786 	(obj:0)
y#10#2                               116.147192608398 	(obj:0)
y#10#5                               78.4763556116046 	(obj:0)
y#10#9                               97.7344109589043 	(obj:0)
y#10#13                              130.290207715134 	(obj:0)
y#10#17                              63.4744705208918 	(obj:0)
y#10#20                              46.9292452830226 	(obj:0)
y#10#21                              96.3504337767514 	(obj:0)
y#10#22                              69.0581211092259 	(obj:0)
y#10#23                              52.4622888283327 	(obj:0)
y#10#29                              79.2321148825069 	(obj:0)
y#10#31                              97.4676584734805 	(obj:0)
y#10#35                              87.5072636815879 	(obj:0)
y#10#48                              62.9268847006649 	(obj:0)
y#12#11                              66.5528265107211 	(obj:0)
y#19#0                               82.8383660806753 	(obj:0)
y#19#8                               85.7817455439472 	(obj:0)
y#19#16                              90.5757466529327 	(obj:0)
y#19#26                               132.79376657825 	(obj:0)
y#19#27                              64.9654252017379 	(obj:0)
y#19#33                              94.2005260081826 	(obj:0)
y#19#36                              95.5560084328925 	(obj:0)
y#19#38                              82.5744997141225 	(obj:0)
y#19#40                              90.1205825242659 	(obj:0)
y#19#46                              91.2567941952489 	(obj:0)
y#19#49                              66.8353375527422 	(obj:0)
y#27#3                               97.9176904176949 	(obj:0)
y#28#12                              60.3166236448114 	(obj:0)
y#28#15                              91.2657692307689 	(obj:0)
y#31#18                              69.2080154514725 	(obj:0)
y#31#32                              77.7380812735658 	(obj:0)
y#31#42                              88.6064397905756 	(obj:0)
y#35#39                              82.9439219609788 	(obj:0)
v#0                                  160.209400000026 	(obj:0)
v#1                                  119.852100000003 	(obj:0)
v#2                                  163.419100000016 	(obj:0)
v#3                                  159.410000000007 	(obj:0)
v#4                                          175.8396 	(obj:0)
v#5                                  124.463500000005 	(obj:0)
v#6                                          122.8784 	(obj:0)
v#7                                          126.8494 	(obj:0)
v#8                                  139.566900000002 	(obj:0)
v#9                                          178.3653 	(obj:0)
v#10                                 127.172100000002 	(obj:0)
v#11                                         102.4248 	(obj:0)
v#12                                         116.8333 	(obj:0)
v#13                                 175.631200000001 	(obj:0)
v#14                                 168.710699999942 	(obj:0)
v#15                                         142.3746 	(obj:0)
v#16                                 175.898099999995 	(obj:0)
v#17                                 110.889899999998 	(obj:0)
v#18                                 143.329799999999 	(obj:0)
v#19                                 148.078900000003 	(obj:0)
v#20                                 104.464500000008 	(obj:0)
v#21                                 166.589900000003 	(obj:0)
v#22                                 122.025700000002 	(obj:0)
v#23                                 96.2682999999906 	(obj:0)
v#24                                         140.1899 	(obj:0)
v#25                                         113.2991 	(obj:0)
v#26                                          200.253 	(obj:0)
v#27                                         104.6593 	(obj:0)
v#28                                 165.940699999978 	(obj:0)
v#29                                 151.729500000001 	(obj:0)
v#30                                 143.849900000002 	(obj:0)
v#31                                 150.685000000001 	(obj:0)
v#32                                 185.560800000002 	(obj:0)
v#33                                         161.1771 	(obj:0)
v#34                                 162.750199999998 	(obj:0)
v#35                                 175.889599999992 	(obj:0)
v#36                                 135.976200000006 	(obj:0)
v#37                                 155.401800000002 	(obj:0)
v#38                                         144.4228 	(obj:0)
v#39                                 165.804899999997 	(obj:0)
v#40                                 139.236299999991 	(obj:0)
v#41                                 98.8799999999998 	(obj:0)
v#42                                 169.238299999999 	(obj:0)
v#43                                         133.7463 	(obj:0)
v#44                                 93.5934000000047 	(obj:0)
v#45                                         154.9613 	(obj:0)
v#46                                 138.345299999997 	(obj:0)
v#47                                 126.226000000014 	(obj:0)
v#48                                 113.520099999999 	(obj:0)
v#49                                 126.719799999999 	(obj:0)

Statistics
==========

SCIP Status        : problem is solved [optimal solution found]
Total Time         :      85.75
  solving          :      85.17
  presolving       :       1.70 (included in solving)
  reading          :       0.57
  copying          :       0.08 (2 #copies) (minimal 0.03, maximal 0.05, average 0.04)
Original Problem   :
  Problem name     : 40-50-3000-4
  Variables        : 3945 (1855 binary, 0 integer, 0 implicit integer, 2090 continuous)
  Constraints      : 15092 initial, 15092 maximal
  Objective        : minimize, 40 non-zeros (abs.min = 0.81, abs.max = 1.18)
Presolved Problem  :
  Problem name     : t_40-50-3000-4
  Variables        : 1908 (1854 binary, 0 integer, 0 implicit integer, 54 continuous)
  Constraints      : 15004 initial, 15007 maximal
  Objective        : minimize, 52 non-zeros (abs.min = 0.368664, abs.max = 1.01)
  Nonzeros         : 31860 constraint, 10958 clique table
Presolvers         :   ExecTime  SetupTime  Calls  FixedVars   AggrVars   ChgTypes  ChgBounds   AddHoles    DelCons    AddCons   ChgSides   ChgCoefs
  boundshift       :       0.00       0.00      0          0          0          0          0          0          0          0          0          0
  convertinttobin  :       0.00       0.00      0          0          0          0          0          0          0          0          0          0
  domcol           :       0.04       0.00      1          0          0          0          0          0          0          0          0          0
  dualagg          :       0.00       0.00      0          0          0          0          0          0          0          0          0          0
  dualcomp         :       0.01       0.00      1          0          0          0          0          0          0          0          0          0
  dualinfer        :       0.00       0.00      0          0          0          0          0          0          0          0          0          0
  dualsparsify     :       0.05       0.00      1          0          0          0          0          0          0          0          0          0
  gateextraction   :       0.00       0.00      0          0          0          0          0          0          0          0          0          0
  implics          :       0.00       0.00      3          0          0          0          0          0          0          0          0          0
  inttobinary      :       0.00       0.00      0          0          0          0          0          0          0          0          0          0
  milp             :       0.07       0.00      1       1021         88          0          0          0      15091      15003          0          0
  qpkktref         :       0.00       0.00      0          0          0          0          0          0          0          0          0          0
  redvub           :       0.00       0.00      0          0          0          0          0          0          0          0          0          0
  sparsify         :       0.01       0.00      1          0          0          0          0          0          0          0          0          0
  stuffing         :       0.00       0.00      0          0          0          0          0          0          0          0          0          0
  trivial          :       0.00       0.00      5          0          0          0          0          0          0          0          0          0
  tworowbnd        :       0.00       0.00      0          0          0          0          0          0          0          0          0          0
  dualfix          :       0.00       0.00      5        928          0          0          0          0          0          0          0          0
  genvbounds       :       0.00       0.00      0          0          0          0          0          0          0          0          0          0
  probing          :       1.38       0.00      1          0          0          0          0          0          0          0          0          0
  pseudoobj        :       0.00       0.00      0          0          0          0          0          0          0          0          0          0
  symmetry         :       0.00       0.00      1          0          0          0          0          0          0          0          0          0
  vbounds          :       0.00       0.00      1          0          0          0          0          0          0          0          0          0
  chancecons       :       0.02       0.00      1          0          0          0          0          0          0          0          0          0
  varbound         :       0.01       0.00      2          0          0          0          0          0          0          0          0          0
  knapsack         :       0.00       0.00      0          0          0          0          0          0          0          0          0          0
  linear           :       0.08       0.01      7          0          0          0         98          0          0          0          0          0
  benders          :       0.00       0.00      0          0          0          0          0          0          0          0          0          0
  components       :       0.00       0.00      1          0          0          0          0          0          0          0          0          0
  root node        :          -          -      -        675          -          -        843          -          -          -          -          -
Constraints        :     Number  MaxNumber  #Separate #Propagate    #EnfoLP    #EnfoRelax  #EnfoPS    #Check   #ResProp    Cutoffs    DomReds       Cuts    Applied      Conss   Children
  benderslp        :          0          0          0          0          0          0          0         67          0          0          0          0          0          0          0
  chancecons       :          1          1         45      35517          0          0          0          0          0          0          1       2187       1207          0          0
  integral         :          0          0          0          0          0          0          0         67          0          0          0          0          0          0          0
  varbound         :      15000      15000         45      35515          0          0          0         62         17          0        151          0          0          0          0
  knapsack         :          1          1         45      35514          0          0          0         11          0         22          0          0          0          0          0
  linear           :          2+         5         45      35495          0          0          0         12          0         15          6          0          0          0          0
  benders          :          0          0          0          0          0          0          0         10          0          0          0          0          0          0          0
  fixedvar         :          0          0          0          0          0          0          0         10          0          0          0          0          0          0          0
  countsols        :          0          0          0          0          0          0          0         10          0          0          0          0          0          0          0
  components       :          0          0          0          0          0          0          0          0          0          0          0          0          0          0          0
Constraint Timings :  TotalTime  SetupTime   Separate  Propagate     EnfoLP     EnfoPS     EnfoRelax   Check    ResProp    SB-Prop
  benderslp        :       0.00       0.00       0.00       0.00       0.00       0.00       0.00       0.00       0.00       0.00
  chancecons       :       2.01       0.00       0.07       1.94       0.00       0.00       0.00       0.00       0.00       0.00
  integral         :       0.00       0.00       0.00       0.00       0.00       0.00       0.00       0.00       0.00       0.00
  varbound         :       0.83       0.00       0.08       0.74       0.00       0.00       0.00       0.01       0.00       0.00
  knapsack         :       1.00       0.00       0.79       0.21       0.00       0.00       0.00       0.00       0.00       0.00
  linear           :       0.03       0.01       0.00       0.02       0.00       0.00       0.00       0.00       0.00       0.00
  benders          :       0.00       0.00       0.00       0.00       0.00       0.00       0.00       0.00       0.00       0.00
  fixedvar         :       0.00       0.00       0.00       0.00       0.00       0.00       0.00       0.00       0.00       0.00
  countsols        :       0.00       0.00       0.00       0.00       0.00       0.00       0.00       0.00       0.00       0.00
  components       :       0.00       0.00       0.00       0.00       0.00       0.00       0.00       0.00       0.00       0.00
Propagators        : #Propagate   #ResProp    Cutoffs    DomReds
  dualfix          :         19          0          0        199
  genvbounds       :          0          0          0          0
  nlobbt           :          0          0          0          0
  obbt             :          0          0          0          0
  probing          :          0          0          0          0
  pseudoobj        :        103          0          0         10
  redcost          :         72          0          0        465
  rootredcost      :          0          0          0          0
  symmetry         :          0          0          0          0
  vbounds          :      26594          0          0          0
Propagator Timings :  TotalTime  SetupTime   Presolve  Propagate    ResProp    SB-Prop
  dualfix          :       0.00       0.00       0.00       0.00       0.00       0.00
  genvbounds       :       0.00       0.00       0.00       0.00       0.00       0.00
  nlobbt           :       0.00       0.00       0.00       0.00       0.00       0.00
  obbt             :       0.00       0.00       0.00       0.00       0.00       0.00
  probing          :       1.38       0.00       1.38       0.00       0.00       0.00
  pseudoobj        :       0.01       0.00       0.00       0.01       0.00       0.00
  redcost          :       0.01       0.00       0.00       0.01       0.00       0.00
  rootredcost      :       0.00       0.00       0.00       0.00       0.00       0.00
  symmetry         :       0.00       0.00       0.00       0.00       0.00       0.00
  vbounds          :       0.02       0.00       0.00       0.02       0.00       0.00
Symmetry           :
  orbitopal red.   :          0 reductions applied,          0 cutoffs
  orbital reduction:          0 reductions applied,          0 cutoffs
  lexicographic red:          0 reductions applied,          0 cutoffs
  shadow tree time :       0.00 s
Conflict Analysis  :       Time      Calls    Success    DomReds  Conflicts   Literals    Reconvs ReconvLits   Dualrays   Nonzeros   LP Iters   (pool size: [--,--])
  propagation      :       0.00         19          0          -          0        0.0          0        0.0          -          -          -
  infeasible LP    :       0.00          0          0          -          0        0.0          0        0.0          0        0.0          0
  bound exceed. LP :       0.01          4         10          -          2       11.0          0        0.0          9       18.0         30
  strong branching :       0.00          0          0          -          0        0.0          0        0.0          -          -          0
  pseudo solution  :       0.00          0          0          -          0        0.0          0        0.0          -          -          -
  applied globally :       0.00          -          -          6          1        1.0          -          -          9          -          -
  applied locally  :          -          -          -          0          0        0.0          -          -          0          -          -
Separators         :   ExecTime  SetupTime      Calls  RootCalls    Cutoffs    DomReds  FoundCuts ViaPoolAdd  DirectAdd    Applied ViaPoolApp  DirectApp      Conss
  cut pool         :       0.06          -         93         93          -          -      20066      41612          -          -          -          -          -    (maximal pool size:      20066)
  aggregation      :       5.39       0.00         44         44          0          0      16887      35497          0       1210       1210          0          0
  > cmir           :          -          -          -          -          -          -          -      35077          0       1210       1210          0          -
  > flowcover      :          -          -          -          -          -          -          -        420          0          0          0          0          -
  > knapsackcover  :          -          -          -          -          -          -          -          0          0          0          0          0          -
  cgmip            :       0.00       0.00          0          0          0          0          0          0          0          0          0          0          0
  clique           :       0.99       0.00         44         44          0          0          0          0          0          0          0          0          0
  closecuts        :       0.00       0.00          0          0          0          0          0          0          0          0          0          0          0
  convexproj       :       0.00       0.00          0          0          0          0          0          0          0          0          0          0          0
  disjunctive      :       0.00       0.00          0          0          0          0          0          0          0          0          0          0          0
  eccuts           :       0.00       0.00          0          0          0          0          0          0          0          0          0          0          0
  gauge            :       0.00       0.00          0          0          0          0          0          0          0          0          0          0          0
  gomory           :       0.37       0.00         10         10          0          0       1778       3736          0        399        399          0          0
  > gomorymi       :          -          -          -          -          -          -          -       3736          0        399        399          0          -
  > strongcg       :          -          -          -          -          -          -          -          0          0          0          0          0          -
  impliedbounds    :       0.07       0.00         44         44          0          4       1401       2379          0        397        397          0          0
  interminor       :       0.00       0.00          0          0          0          0          0          0          0          0          0          0          0
  intobj           :       0.00       0.00          0          0          0          0          0          0          0          0          0          0          0
  lagromory        :       0.00       0.00          0          0          0          0          0          0          0          0          0          0          0
  mcf              :       0.00       0.00          1          1          0          0          0          0          0          0          0          0          0
  minor            :       0.00       0.00         10         10          0          0          0          0          0          0          0          0          0
  mixing           :       0.00       0.00          0          0          0          0          0          0          0          0          0          0          0
  oddcycle         :       0.00       0.00          0          0          0          0          0          0          0          0          0          0          0
  rapidlearning    :       0.00       0.00          0          0          0          0          0          0          0          0          0          0          0
  rlt              :       0.00       0.00         10         10          0          0          0          0          0          0          0          0          0
  zerohalf         :       0.03       0.00         20         20          0          0          0          0          0          0          0          0          0
Cutselectors       :   ExecTime  SetupTime      Calls  RootCalls   Selected     Forced   Filtered  RootSelec   RootForc   RootFilt 
  hybrid           :       0.12       0.00         48         48       3213          0      40586       3213          0      40586
  ensemble         :       0.00       0.00          0          0          0          0          0          0          0          0
  dynamic          :       0.00       0.00          0          0          0          0          0          0          0          0
Pricers            :   ExecTime  SetupTime      Calls       Vars
  problem variables:       0.00          -          0          0
Branching Rules    :   ExecTime  SetupTime   BranchLP  BranchExt   BranchPS    Cutoffs    DomReds       Cuts      Conss   Children
  allfullstrong    :       0.00       0.00          0          0          0          0          0          0          0          0
  cloud            :       0.00       0.00          0          0          0          0          0          0          0          0
  distribution     :       0.00       0.00          0          0          0          0          0          0          0          0
  fullstrong       :       0.00       0.00          0          0          0          0          0          0          0          0
  gomory           :       0.00       0.00          0          0          0          0          0          0          0          0
  inference        :       0.00       0.00          0          0          0          0          0          0          0          0
  leastinf         :       0.00       0.00          0          0          0          0          0          0          0          0
  lookahead        :       0.00       0.00          0          0          0          0          0          0          0          0
  mostinf          :       0.00       0.00          0          0          0          0          0          0          0          0
  multaggr         :       0.00       0.00          0          0          0          0          0          0          0          0
  nodereopt        :       0.00       0.00          0          0          0          0          0          0          0          0
  pscost           :       0.00       0.00          0          0          0          0          0          0          0          0
  random           :       0.00       0.00          0          0          0          0          0          0          0          0
  relpscost        :       0.00       0.00          0          0          0          0          0          0          0          0
  vanillafullstrong:       0.00       0.00          0          0          0          0          0          0          0          0
Primal Heuristics  :   ExecTime  SetupTime      Calls      Found       Best
  LP solutions     :       0.00          -          -          1          1
  relax solutions  :       0.00          -          -          0          0
  pseudo solutions :       0.00          -          -          0          0
  strong branching :       0.00          -          -          0          0
  actconsdiving    :       0.00       0.00          0          0          0
  adaptivediving   :       0.00       0.00          0          0          0
  alns             :       0.18       0.00          1          3          3
  bound            :       0.00       0.00          0          0          0
  clique           :       0.08       0.00          1          1          1
  coefdiving       :       0.00       0.00          0          0          0
  completesol      :       0.00       0.00          0          0          0
  conflictdiving   :       0.61       0.00          1          0          0
  crossover        :       0.00       0.00          0          0          0
  dins             :       0.00       0.00          0          0          0
  distributiondivin:       0.00       0.00          0          0          0
  dps              :       0.00       0.00          0          0          0
  dualval          :       0.00       0.00          0          0          0
  farkasdiving     :       0.00       0.00          0          0          0
  feaspump         :       3.74       0.00          1          1          1
  fixandinfer      :       0.00       0.00          0          0          0
  fracdiving       :       0.00       0.00          0          0          0
  gins             :       0.00       0.00          0          0          0
  guideddiving     :       0.00       0.00          0          0          0
  indicator        :       0.00       0.00          0          0          0
  indicatordiving  :       0.00       0.00          0          0          0
  intdiving        :       0.00       0.00          0          0          0
  intshifting      :       0.50       0.00          1          1          1
  linesearchdiving :       0.00       0.00          0          0          0
  localbranching   :       0.00       0.00          0          0          0
  locks            :       0.03       0.00          1          1          1
  lpface           :       0.00       0.00          0          0          0
  mpec             :       0.00       0.00          0          0          0
  multistart       :       0.00       0.00          0          0          0
  mutation         :       0.00       0.00          0          0          0
  nlpdiving        :       0.00       0.00          0          0          0
  objpscostdiving  :       0.00       0.00          0          0          0
  octane           :       0.00       0.00          0          0          0
  ofins            :       0.00       0.00          0          0          0
  oneopt           :       0.00       0.00          2          0          0
  padm             :       0.00       0.00          0          0          0
  proximity        :       0.00       0.00          0          0          0
  pscostdiving     :       0.00       0.00          0          0          0
  randrounding     :       2.33       0.00         51          0          0
  rens             :       2.83       0.00          1          1          0
  reoptsols        :       0.00       0.00          0          0          0
  repair           :       0.00       0.00          0          0          0
  rins             :       0.00       0.00          0          0          0
  rootsoldiving    :       0.00       0.00          0          0          0
  rounding         :       0.05       0.00         51          0          0
  scheduler        :       0.00       0.00          0          0          0
  shiftandpropagate:       0.00       0.00          0          0          0
  shifting         :       1.21       0.00         51          0          0
  simplerounding   :       0.00       0.00          0          0          0
  subnlp           :       0.00       0.00          0          0          0
  trivial          :       0.00       0.00          2          0          0
  trivialnegation  :       0.00       0.00          0          0          0
  trustregion      :       0.00       0.00          0          0          0
  trysol           :       0.00       0.00          0          0          0
  twoopt           :       0.00       0.00          0          0          0
  undercover       :       0.00       0.00          0          0          0
  vbounds          :       0.19       0.00          1          0          0
  veclendiving     :       0.00       0.00          0          0          0
  zeroobj          :       0.00       0.00          0          0          0
  zirounding       :       0.00       0.00          1          0          0
  other solutions  :          -          -          -          0          -
LNS (Scheduler)    :      Calls  SetupTime  SolveTime SolveNodes       Sols       Best       Exp3    Exp3-IX  EpsGreedy        UCB TgtFixRate  Opt  Inf Node Stal  Sol  Usr Othr Actv
  rens             :          0       0.00       0.00          0          0          0    0.00000    0.12500   -1.00000    1.00000      0.900    0    0    0    0    0    0    0    1
  rins             :          0       0.00       0.00          0          0          0    0.00000    0.12500   -1.00000    1.00000      0.900    0    0    0    0    0    0    0    1
  mutation         :          0       0.00       0.00          0          0          0    0.00000    0.12500   -1.00000    1.00000      0.900    0    0    0    0    0    0    0    1
  localbranching   :          0       0.00       0.00          0          0          0    0.00000    0.12500   -1.00000    1.00000      0.900    0    0    0    0    0    0    0    1
  crossover        :          0       0.00       0.00          0          0          0    0.00000    0.12500   -1.00000    1.00000      0.900    0    0    0    0    0    0    0    1
  proximity        :          0       0.00       0.00          0          0          0    0.00000    0.12500   -1.00000    1.00000      0.900    0    0    0    0    0    0    0    1
  zeroobjective    :          0       0.00       0.00          0          0          0    0.00000    0.12500   -1.00000    1.00000      0.900    0    0    0    0    0    0    0    1
  dins             :          0       0.00       0.00          0          0          0    0.00000    0.12500   -1.00000    1.00000      0.900    0    0    0    0    0    0    0    1
  trustregion      :          0       0.00       0.00          0          0          0    0.00000    0.00000   -1.00000    1.00000      0.900    0    0    0    0    0    0    0    0
LP                 :       Time      Calls Iterations  Iter/call   Iter/sec  Time-0-It Calls-0-It    ItLimit
  primal LP        :       0.02          7          0       0.00       0.00       0.02          7
  dual LP          :      63.27         70      89382    1686.45    1412.77       0.06         17
  lex dual LP      :       0.00          0          0       0.00          -
  barrier LP       :       0.00          0          0       0.00          -       0.00          0
  resolve instable :       0.00          0          0       0.00          -
  diving/probing LP:       4.84          8       7172     896.50    1483.26
  strong branching :       0.00          0          0       0.00          -          -          -          0
    (at root node) :          -          0          0       0.00          -
  conflict analysis:       0.00          3         30      10.00          -
B&B Tree           :
  number of runs   :          1
  nodes            :          1 (0 internal, 1 leaves)
  feasible leaves  :          0
  infeas. leaves   :          0
  objective leaves :          0
  nodes (total)    :          1 (0 internal, 1 leaves)
  nodes left       :          0
  max depth        :          0
  max depth (total):          0
  backtracks       :          0 (0.0%)
  early backtracks :          0 (0.0%)
  nodes exc. ref.  :          0 (0.0%)
  delayed cutoffs  :          0
  repropagations   :          0 (0 domain reductions, 0 cutoffs)
  avg switch length:       2.00
  switching time   :       0.00
Root Node          :
  First LP value   : +3.25370342223804e+03
  First LP Iters   :       2578 (4751.06 Iter/sec)
  First LP Time    :       0.54
  Final Dual Bound : +3.41266766736926e+03
  Final Root Iters :      89382
  Root LP Estimate : +3.41266766736926e+03
Solution           :
  Solutions found  :          9 (8 improvements)
  First Solution   : +3.62122986902275e+03   (in run 1, after 1 nodes, 1.84 seconds, depth 16, found by <clique>)
  Gap First Sol.   :      24.30 %
  Gap Last Sol.    :       0.00 %
  Primal Bound     : +3.41266766736926e+03   (in run 1, after 1 nodes, 85.17 seconds, depth 0, found by <relaxation>)
  Dual Bound       : +3.41266766736926e+03
  Gap              :       0.00 %
Integrals          :      Total       Avg%
  primal-dual      :     408.13       4.79
  primal-ref       :          -          - (not evaluated)
  dual-ref         :          -          - (not evaluated)

 Branching Statistics...

 Total number of propagations -> 35517

 Number of cutoffs of KnaCons -> 0

 Total number of variables fixed to 1 by the propagator -> 0

 Total number of variables fixed to 0 by the propagator -> 1

 Maximum number of rounds of the approximation algorithm -> 0

 Runtime of the exact algorithm -> 0.0000 s

 Total number of variables fixed to 1 in the exact algorithm -> 0

 Total number of variables fixed to 0 in the exact algorithm -> 0

 Number of cutoffs in the exact algorithm -> 0

 Number of cutoffs in the approximation algorithm -> 0

 PS:  
