***************************************
*         SCIP-based CCP Solver       *
*                                     *
*    Wei Lv and Wei-Kun Chen (2024)   *
***************************************
/share/home/wangzhaowei/lvwei/scipoptsuite-9.1.0/build/bin/examples/ccp -f CCRPData/40-50-3000-4.ccrp -s CCRPSetting/DB15.set 
SCIP version 9.1.0 [precision: 8 byte] [memory: block] [mode: optimized] [LP solver: Soplex 7.1.0] [GitHash: 8cab0278ba]
Copyright (c) 2002-2024 Zuse Institute Berlin (ZIB)

External libraries: 
  Soplex 7.1.0         Linear Programming Solver developed at Zuse Institute Berlin (soplex.zib.de) [GitHash: 595bfac9]
  CppAD 20180000.0     Algorithmic Differentiation of C++ algorithms developed by B. Bell (github.com/coin-or/CppAD)
  ZLIB 1.2.7           General purpose compression library by J. Gailly and M. Adler (zlib.net)
  GMP 6.0.0            GNU Multiple Precision Arithmetic Library developed by T. Granlund (gmplib.org)
  AMPL/MP 690e9e7      AMPL .nl file reader library (github.com/ampl/mp)
  PaPILO 2.3.0         parallel presolve for integer and linear optimization (github.com/scipopt/papilo) (built with TBB) [GitHash: 4b8ce6ed]
  Nauty 2.8.8          Computing Graph Automorphism Groups by Brendan D. McKay (users.cecs.anu.edu.au/~bdm/nauty)
  sassy 1.1            Symmetry preprocessor by Markus Anders (github.com/markusa4/sassy)

reading user parameter file <CCRPSetting/DB15.set>

read problem <CCRPData/40-50-3000-4.ccrp>
============

File name: 	CCRPData/40-50-3000-4.ccrp
Problem name:	40-50-3000-4
NumResource: 	40
Dimension: 	50
NumScenario: 	3000
ConfidenceParameter: 	0.15
IsEqualProbability: 	1
BnC+MIX+DI: 	0
BnC+MIX+sDI: 	0
DB: 	1
DB+OPF: 	0
Dominance and Aggregation Statistics......
NumEdge:        2630716
NumBiEdge: 	343206
NumDomIneqs: 	2287510
DominanceRatio: 0.5085
NumAggScenario: 2172 
BasicNumScenario: 2171 
Propagator Statistics......
NumBasicDomIneqs: 144545
NumNonReDomIneqs: 46840
Duration: 0.2000 s 

original problem has 4262 variables (2172 bin, 0 int, 0 impl, 2090 cont) and 22592 constraints

solve problem
=============

presolving:
(round 1, fast)       928 del vars, 0 del conss, 0 add conss, 50 chg bounds, 0 chg sides, 0 chg coeffs, 0 upgd conss, 0 impls, 46840 clqs
   (0.1s) running MILP presolver
   (0.2s) MILP presolver (3 rounds): 88 aggregations, 1021 fixings, 0 bound changes
(round 2, medium)     2037 del vars, 22591 del conss, 22503 add conss, 50 chg bounds, 0 chg sides, 0 chg coeffs, 0 upgd conss, 0 impls, 46840 clqs
(round 3, fast)       2037 del vars, 22591 del conss, 22503 add conss, 98 chg bounds, 0 chg sides, 0 chg coeffs, 0 upgd conss, 0 impls, 46840 clqs
(round 4, exhaustive) 2037 del vars, 22591 del conss, 22503 add conss, 98 chg bounds, 0 chg sides, 0 chg coeffs, 22500 upgd conss, 0 impls, 46840 clqs
   (1.8s) probing: 1000/2171 (46.1%) - 0 fixings, 0 aggregations, 25728 implications, 0 bound changes
   (1.8s) probing: 1001/2171 (46.1%) - 0 fixings, 0 aggregations, 26022 implications, 0 bound changes
   (1.8s) probing aborted: 1000/1000 successive useless probings
   (1.9s) symmetry computation started: requiring (bin +, int +, cont +), (fixed: bin -, int -, cont -)
   Symmetry detection interrupted: constraints of type chancecons do not provide symmetry information.
   If symmetries shall be detected, implement the CONSGETPERMSYMGRAPH callback.
   (1.9s) could not compute symmetry
presolving (5 rounds: 5 fast, 3 medium, 2 exhaustive):
 2037 deleted vars, 22591 deleted constraints, 22503 added constraints, 98 tightened bounds, 0 added holes, 0 changed sides, 0 changed coefficients
 22500 implications, 50335 cliques
presolved problem has 2225 variables (2171 bin, 0 int, 0 impl, 54 cont) and 22504 constraints
      1 constraints of type <chancecons>
  22500 constraints of type <varbound>
      1 constraints of type <knapsack>
      2 constraints of type <linear>
Presolving Time: 1.80

 time | node  | left  |LP iter|LP it/n|mem/heur|mdpt |vars |cons |rows |cuts |sepa|confs|strbr|  dualbound   | primalbound  |  gap   | compl. 
p 2.0s|     1 |     0 |     2 |     - |  clique|   0 |2225 |  22k|  22k|   0 |  0 |   0 |   0 | 2.794907e+03 | 3.575601e+03 |  27.93%| unknown
p 2.1s|     1 |     0 |     4 |     - |   locks|   0 |2225 |  22k|  22k|   0 |  0 |   0 |   0 | 2.794907e+03 | 3.475750e+03 |  24.36%| unknown
  3.7s|     1 |     0 |  3728 |     - |   236M |   0 |2225 |  22k|  22k|   0 |  0 |   4 |   0 | 3.169671e+03 | 3.475750e+03 |   9.66%| unknown
  4.4s|     1 |     0 |  4542 |     - |   240M |   0 |2225 |  22k|  22k|  52 |  1 |   4 |   0 | 3.212346e+03 | 3.475750e+03 |   8.20%| unknown
  5.0s|     1 |     0 |  5297 |     - |   243M |   0 |2225 |  22k|  22k| 151 |  2 |   4 |   0 | 3.241295e+03 | 3.475750e+03 |   7.23%| unknown
  5.7s|     1 |     0 |  6229 |     - |   245M |   0 |2225 |  22k|  22k| 266 |  3 |   4 |   0 | 3.262413e+03 | 3.475750e+03 |   6.54%| unknown
  6.4s|     1 |     0 |  7138 |     - |   250M |   0 |2225 |  22k|  22k| 377 |  4 |   4 |   0 | 3.279204e+03 | 3.475750e+03 |   5.99%| unknown
  7.0s|     1 |     0 |  7841 |     - |   253M |   0 |2225 |  22k|  22k| 477 |  5 |   4 |   0 | 3.289451e+03 | 3.475750e+03 |   5.66%| unknown
  7.7s|     1 |     0 |  8707 |     - |   256M |   0 |2225 |  22k|  23k| 588 |  6 |   4 |   0 | 3.298778e+03 | 3.475750e+03 |   5.36%| unknown
  8.4s|     1 |     0 |  9527 |     - |   260M |   0 |2225 |  22k|  23k| 685 |  7 |   4 |   0 | 3.304750e+03 | 3.475750e+03 |   5.17%| unknown
  9.3s|     1 |     0 | 10591 |     - |   264M |   0 |2225 |  22k|  23k| 790 |  8 |   4 |   0 | 3.310910e+03 | 3.475750e+03 |   4.98%| unknown
 10.4s|     1 |     0 | 11818 |     - |   267M |   0 |2225 |  22k|  23k| 892 |  9 |   4 |   0 | 3.315141e+03 | 3.475750e+03 |   4.84%| unknown
 11.5s|     1 |     0 | 13111 |     - |   270M |   0 |2225 |  22k|  23k| 985 | 10 |   4 |   0 | 3.318496e+03 | 3.475750e+03 |   4.74%| unknown
 12.4s|     1 |     0 | 14228 |     - |   273M |   0 |2225 |  22k|  23k|1078 | 11 |   4 |   0 | 3.320470e+03 | 3.475750e+03 |   4.68%| unknown
 13.5s|     1 |     0 | 15624 |     - |   275M |   0 |2225 |  22k|  23k|1159 | 12 |   4 |   0 | 3.322577e+03 | 3.475750e+03 |   4.61%| unknown
 time | node  | left  |LP iter|LP it/n|mem/heur|mdpt |vars |cons |rows |cuts |sepa|confs|strbr|  dualbound   | primalbound  |  gap   | compl. 
 14.9s|     1 |     0 | 17466 |     - |   279M |   0 |2225 |  22k|  23k|1236 | 13 |   4 |   0 | 3.325463e+03 | 3.475750e+03 |   4.52%| unknown
 16.3s|     1 |     0 | 19111 |     - |   282M |   0 |2225 |  22k|  23k|1309 | 14 |   4 |   0 | 3.327297e+03 | 3.475750e+03 |   4.46%| unknown
 17.9s|     1 |     0 | 20893 |     - |   284M |   0 |2225 |  22k|  23k|1382 | 15 |   4 |   0 | 3.328818e+03 | 3.475750e+03 |   4.41%| unknown
 19.4s|     1 |     0 | 22704 |     - |   287M |   0 |2225 |  22k|  23k|1446 | 16 |   4 |   0 | 3.330260e+03 | 3.475750e+03 |   4.37%| unknown
 21.0s|     1 |     0 | 24461 |     - |   289M |   0 |2225 |  22k|  23k|1523 | 17 |   4 |   0 | 3.331617e+03 | 3.475750e+03 |   4.33%| unknown
 23.0s|     1 |     0 | 26615 |     - |   292M |   0 |2225 |  22k|  24k|1591 | 18 |   4 |   0 | 3.332873e+03 | 3.475750e+03 |   4.29%| unknown
 24.9s|     1 |     0 | 28589 |     - |   296M |   0 |2225 |  22k|  24k|1658 | 19 |   4 |   0 | 3.333882e+03 | 3.475750e+03 |   4.26%| unknown
 26.8s|     1 |     0 | 30569 |     - |   299M |   0 |2225 |  22k|  24k|1730 | 20 |   4 |   0 | 3.334746e+03 | 3.475750e+03 |   4.23%| unknown
 28.9s|     1 |     0 | 32698 |     - |   299M |   0 |2225 |  22k|  24k|1795 | 21 |   4 |   0 | 3.335744e+03 | 3.475750e+03 |   4.20%| unknown
 31.1s|     1 |     0 | 34802 |     - |   299M |   0 |2225 |  22k|  24k|1856 | 22 |   4 |   0 | 3.336594e+03 | 3.475750e+03 |   4.17%| unknown
 34.1s|     1 |     0 | 37456 |     - |   300M |   0 |2225 |  22k|  24k|1912 | 23 |   4 |   0 | 3.337517e+03 | 3.475750e+03 |   4.14%| unknown
 36.8s|     1 |     0 | 39879 |     - |   300M |   0 |2225 |  22k|  24k|1976 | 24 |   4 |   0 | 3.338276e+03 | 3.475750e+03 |   4.12%| unknown
 40.3s|     1 |     0 | 42975 |     - |   302M |   0 |2225 |  22k|  24k|2041 | 25 |   4 |   0 | 3.339391e+03 | 3.475750e+03 |   4.08%| unknown
 43.9s|     1 |     0 | 45926 |     - |   302M |   0 |2225 |  22k|  24k|2110 | 26 |   4 |   0 | 3.340212e+03 | 3.475750e+03 |   4.06%| unknown
 47.2s|     1 |     0 | 48534 |     - |   302M |   0 |2225 |  22k|  24k|2178 | 27 |   4 |   0 | 3.340991e+03 | 3.475750e+03 |   4.03%| unknown
 time | node  | left  |LP iter|LP it/n|mem/heur|mdpt |vars |cons |rows |cuts |sepa|confs|strbr|  dualbound   | primalbound  |  gap   | compl. 
 51.1s|     1 |     0 | 51536 |     - |   303M |   0 |2225 |  22k|  24k|2249 | 28 |   4 |   0 | 3.341784e+03 | 3.475750e+03 |   4.01%| unknown
 54.6s|     1 |     0 | 54313 |     - |   303M |   0 |2225 |  22k|  24k|2306 | 29 |   4 |   0 | 3.342492e+03 | 3.475750e+03 |   3.99%| unknown
 58.4s|     1 |     0 | 57088 |     - |   304M |   0 |2225 |  22k|  24k|2374 | 30 |   4 |   0 | 3.343286e+03 | 3.475750e+03 |   3.96%| unknown
 62.8s|     1 |     0 | 60266 |     - |   305M |   0 |2225 |  22k|  24k|2447 | 31 |   4 |   0 | 3.344114e+03 | 3.475750e+03 |   3.94%| unknown
 67.5s|     1 |     0 | 63576 |     - |   305M |   0 |2225 |  22k|  24k|2525 | 32 |   4 |   0 | 3.344664e+03 | 3.475750e+03 |   3.92%| unknown
 72.5s|     1 |     0 | 66743 |     - |   306M |   0 |2225 |  22k|  24k|2597 | 33 |   4 |   0 | 3.345300e+03 | 3.475750e+03 |   3.90%| unknown
 78.2s|     1 |     0 | 70109 |     - |   307M |   0 |2225 |  22k|  24k|2683 | 34 |   4 |   0 | 3.345851e+03 | 3.475750e+03 |   3.88%| unknown
 83.7s|     1 |     0 | 73282 |     - |   308M |   0 |2225 |  22k|  24k|2777 | 35 |   4 |   0 | 3.346309e+03 | 3.475750e+03 |   3.87%| unknown
 90.4s|     1 |     0 | 77079 |     - |   309M |   0 |2225 |  22k|  24k|2865 | 36 |   4 |   0 | 3.346767e+03 | 3.475750e+03 |   3.85%| unknown
 96.4s|     1 |     0 | 80619 |     - |   309M |   0 |2225 |  22k|  24k|2959 | 37 |   4 |   0 | 3.347155e+03 | 3.475750e+03 |   3.84%| unknown
  103s|     1 |     0 | 84155 |     - |   311M |   0 |2225 |  22k|  24k|3035 | 38 |   4 |   0 | 3.347501e+03 | 3.475750e+03 |   3.83%| unknown
  108s|     1 |     0 | 87380 |     - |   311M |   0 |2225 |  22k|  24k|3103 | 39 |   4 |   0 | 3.347780e+03 | 3.475750e+03 |   3.82%| unknown
  114s|     1 |     0 | 91002 |     - |   311M |   0 |2225 |  22k|  24k|3180 | 40 |   4 |   0 | 3.348083e+03 | 3.475750e+03 |   3.81%| unknown
  120s|     1 |     0 | 94028 |     - |   312M |   0 |2225 |  22k|  24k|3251 | 41 |   4 |   0 | 3.348263e+03 | 3.475750e+03 |   3.81%| unknown
  126s|     1 |     0 | 97561 |     - |   312M |   0 |2225 |  22k|  24k|3313 | 42 |   4 |   0 | 3.348491e+03 | 3.475750e+03 |   3.80%| unknown
 time | node  | left  |LP iter|LP it/n|mem/heur|mdpt |vars |cons |rows |cuts |sepa|confs|strbr|  dualbound   | primalbound  |  gap   | compl. 
  133s|     1 |     0 |101290 |     - |   312M |   0 |2225 |  22k|  24k|3374 | 43 |   4 |   0 | 3.348677e+03 | 3.475750e+03 |   3.79%| unknown
  139s|     1 |     0 |104436 |     - |   312M |   0 |2225 |  22k|  24k|3430 | 44 |   4 |   0 | 3.348836e+03 | 3.475750e+03 |   3.79%| unknown
  146s|     1 |     0 |108352 |     - |   312M |   0 |2225 |  22k|  24k|3484 | 45 |   4 |   0 | 3.349025e+03 | 3.475750e+03 |   3.78%| unknown
  154s|     1 |     0 |112909 |     - |   313M |   0 |2225 |  22k|  24k|3542 | 46 |   4 |   0 | 3.349231e+03 | 3.475750e+03 |   3.78%| unknown
  163s|     1 |     0 |117110 |     - |   313M |   0 |2225 |  22k|  24k|3607 | 47 |   4 |   0 | 3.349436e+03 | 3.475750e+03 |   3.77%| unknown
  170s|     1 |     0 |120853 |     - |   313M |   0 |2225 |  22k|  24k|3670 | 48 |   4 |   0 | 3.349581e+03 | 3.475750e+03 |   3.77%| unknown
r 171s|     1 |     0 |122050 |     - |intshift|   0 |2225 |  22k|  24k|3670 | 48 |   4 |   0 | 3.349581e+03 | 3.434772e+03 |   2.54%| unknown
o 192s|     1 |     0 |138774 |     - |feaspump|   0 |2225 |  22k|  24k|3670 | 48 |   4 |   0 | 3.349581e+03 | 3.366482e+03 |   0.50%| unknown
L 231s|     1 |     0 |162725 |     - |    alns|   0 |2225 |  22k|  24k|3670 | 48 |  13 |   0 | 3.349581e+03 | 3.363593e+03 |   0.42%| unknown
  231s|     1 |     0 |162725 |     - |   316M |   0 |2225 |  22k|  24k|3670 | 48 |  13 |   0 | 3.349581e+03 | 3.363593e+03 |   0.42%| unknown
  231s|     1 |     0 |162725 |     - |   317M |   0 |2225 |  22k|  24k|3670 | 48 |  13 |   0 | 3.349581e+03 | 3.363593e+03 |   0.42%| unknown
  241s|     1 |     0 |167352 |     - |   317M |   0 |2225 |  22k|  24k|3739 | 49 |  13 |   0 | 3.349768e+03 | 3.363593e+03 |   0.41%| unknown
  246s|     1 |     0 |169909 |     - |   317M |   0 |2225 |  22k|  24k|3798 | 50 |  13 |   0 | 3.349832e+03 | 3.363593e+03 |   0.41%| unknown
  292s|     1 |     2 |169909 |     - |   318M |   0 |2225 |  22k|  24k|3798 | 50 |  13 |  19 | 3.349861e+03 | 3.363593e+03 |   0.41%| unknown
d 666s|    10 |    11 |183642 |6178.9 |pscostdi|   9 |2225 |  22k|  23k|   0 |  1 |  13 | 236 | 3.349862e+03 | 3.352130e+03 |   0.07%| unknown
 time | node  | left  |LP iter|LP it/n|mem/heur|mdpt |vars |cons |rows |cuts |sepa|confs|strbr|  dualbound   | primalbound  |  gap   | compl. 
 1753s|   100 |    73 |964787 |8452.1 |   325M |  36 |2225 |  22k|  23k|4601 |  4 |  18 | 402 | 3.349865e+03 | 3.352130e+03 |   0.07%| unknown
 3090s|   200 |   109 |  1615k|7472.5 |   345M |  41 |2225 |  22k|  24k|6664 |  4 |  40 | 694 | 3.349888e+03 | 3.352130e+03 |   0.07%|   3.48%
L3334s|   210 |   108 |  1721k|7624.8 |crossove|  41 |2225 |  22k|  23k|7085 |  3 |  40 | 770 | 3.349888e+03 | 3.352033e+03 |   0.06%|   3.48%
 4527s|   300 |   116 |  2301k|7268.7 |   365M |  42 |2225 |  22k|  23k|8729 |  1 |  79 |1101 | 3.349907e+03 | 3.352033e+03 |   0.06%|  11.02%
 6090s|   400 |   142 |  3317k|7992.4 |   377M |  42 |2225 |  22k|  23k|  10k| 10 | 101 |1408 | 3.349988e+03 | 3.352033e+03 |   0.06%|  16.61%
 8168s|   500 |   164 |  4226k|8212.7 |   384M |  42 |2225 |  22k|  23k|  12k|  0 | 159 |1907 | 3.349990e+03 | 3.352033e+03 |   0.06%|  21.76%
  169m|   600 |   194 |  5023k|8171.9 |   391M |  42 |2225 |  22k|  24k|  14k|  2 | 239 |2421 | 3.349993e+03 | 3.352033e+03 |   0.06%|  22.30%
  195m|   700 |   190 |  5675k|7936.6 |   394M |  42 |2225 |  22k|  24k|  15k|  0 | 425 |2930 | 3.349993e+03 | 3.352033e+03 |   0.06%|  22.30%
  232m|   800 |   204 |  6685k|8206.9 |   407M |  42 |2225 |  22k|  24k|  18k|  1 | 531 |3443 | 3.350153e+03 | 3.352033e+03 |   0.06%|  24.51%

SCIP Status        : solving was interrupted [time limit reached]
Solving Time (sec) : 14400.00
Solving Nodes      : 832
Primal Bound       : +3.35203273589138e+03 (19 solutions)
Dual Bound         : +3.35015317321079e+03
Gap                : 0.06 %

primal solution (original space):
=================================

objective value:                     3352.03273589138
z#4                                                 1 	(obj:0)
z#10                                                1 	(obj:0)
z#13                                                1 	(obj:0)
z#18                                                1 	(obj:0)
z#19                                                1 	(obj:0)
z#23                                                1 	(obj:0)
z#25                                                1 	(obj:0)
z#39                                                1 	(obj:0)
z#48                                                1 	(obj:0)
z#49                                                1 	(obj:0)
z#59                                                1 	(obj:0)
z#67                                                1 	(obj:0)
z#69                                                1 	(obj:0)
z#75                                                1 	(obj:0)
z#76                                                1 	(obj:0)
z#79                                                1 	(obj:0)
z#86                                                1 	(obj:0)
z#100                                               1 	(obj:0)
z#103                                               1 	(obj:0)
z#104                                               1 	(obj:0)
z#106                                               1 	(obj:0)
z#108                                               1 	(obj:0)
z#110                                               1 	(obj:0)
z#113                                               1 	(obj:0)
z#124                                               1 	(obj:0)
z#128                                               1 	(obj:0)
z#140                                               1 	(obj:0)
z#144                                               1 	(obj:0)
z#145                                               1 	(obj:0)
z#149                                               1 	(obj:0)
z#150                                               1 	(obj:0)
z#154                                               1 	(obj:0)
z#156                                               1 	(obj:0)
z#162                                               1 	(obj:0)
z#165                                               1 	(obj:0)
z#166                                               1 	(obj:0)
z#168                                               1 	(obj:0)
z#173                                               1 	(obj:0)
z#181                                               1 	(obj:0)
z#195                                               1 	(obj:0)
z#198                                               1 	(obj:0)
z#199                                               1 	(obj:0)
z#200                                               1 	(obj:0)
z#209                               0.999999999999995 	(obj:0)
z#217                                               1 	(obj:0)
z#222                                               1 	(obj:0)
z#232                                               1 	(obj:0)
z#233                                               1 	(obj:0)
z#245                                               1 	(obj:0)
z#267                                               1 	(obj:0)
z#275                                               1 	(obj:0)
z#286                                               1 	(obj:0)
z#293                                               1 	(obj:0)
z#296                                               1 	(obj:0)
z#305                                               1 	(obj:0)
z#323                                               1 	(obj:0)
z#324                                               1 	(obj:0)
z#326                                               1 	(obj:0)
z#330                                               1 	(obj:0)
z#336                                               1 	(obj:0)
z#342                                               1 	(obj:0)
z#347                                               1 	(obj:0)
z#348                                               1 	(obj:0)
z#350                                               1 	(obj:0)
z#351                                               1 	(obj:0)
z#356                                               1 	(obj:0)
z#359                                               1 	(obj:0)
z#364                                               1 	(obj:0)
z#369                                               1 	(obj:0)
z#371                                               1 	(obj:0)
z#378                                               1 	(obj:0)
z#379                                               1 	(obj:0)
z#388                                               1 	(obj:0)
z#390                                               1 	(obj:0)
z#391                                               1 	(obj:0)
z#399                                               1 	(obj:0)
z#408                                               1 	(obj:0)
z#418                                               1 	(obj:0)
z#421                                               1 	(obj:0)
z#422                                               1 	(obj:0)
z#424                                               1 	(obj:0)
z#429                                               1 	(obj:0)
z#431                                               1 	(obj:0)
z#443                                               1 	(obj:0)
z#444                                               1 	(obj:0)
z#448                                               1 	(obj:0)
z#453                                1.00000000000002 	(obj:0)
z#454                                               1 	(obj:0)
z#457                                               1 	(obj:0)
z#466                                               1 	(obj:0)
z#467                                1.00000000000001 	(obj:0)
z#470                                               1 	(obj:0)
z#472                                               1 	(obj:0)
z#481                                               1 	(obj:0)
z#484                                               1 	(obj:0)
z#486                                               1 	(obj:0)
z#490                                               1 	(obj:0)
z#491                                               1 	(obj:0)
z#502                                               1 	(obj:0)
z#525                                               1 	(obj:0)
z#527                                               1 	(obj:0)
z#530                                               1 	(obj:0)
z#534                                               1 	(obj:0)
z#545                                               1 	(obj:0)
z#550                                               1 	(obj:0)
z#555                                               1 	(obj:0)
z#560                               0.999999999999976 	(obj:0)
z#564                                               1 	(obj:0)
z#565                                               1 	(obj:0)
z#570                                               1 	(obj:0)
z#572                                               1 	(obj:0)
z#573                                               1 	(obj:0)
z#582                                               1 	(obj:0)
z#584                                               1 	(obj:0)
z#589                                               1 	(obj:0)
z#592                                               1 	(obj:0)
z#595                                               1 	(obj:0)
z#599                                               1 	(obj:0)
z#601                                1.00000000000007 	(obj:0)
z#608                                               1 	(obj:0)
z#609                                               1 	(obj:0)
z#615                                               1 	(obj:0)
z#627                                               1 	(obj:0)
z#636                                               1 	(obj:0)
z#638                                               1 	(obj:0)
z#654                                               1 	(obj:0)
z#655                                               1 	(obj:0)
z#661                                               1 	(obj:0)
z#668                                               1 	(obj:0)
z#677                                               1 	(obj:0)
z#678                                               1 	(obj:0)
z#679                                               1 	(obj:0)
z#681                                               1 	(obj:0)
z#697                                               1 	(obj:0)
z#709                                               1 	(obj:0)
z#710                                               1 	(obj:0)
z#717                                               1 	(obj:0)
z#724                                               1 	(obj:0)
z#731                                               1 	(obj:0)
z#733                                               1 	(obj:0)
z#734                                               1 	(obj:0)
z#735                                               1 	(obj:0)
z#747                                               1 	(obj:0)
z#749                                               1 	(obj:0)
z#752                                               1 	(obj:0)
z#753                                               1 	(obj:0)
z#757                                               1 	(obj:0)
z#760                                               1 	(obj:0)
z#761                                               1 	(obj:0)
z#762                                               1 	(obj:0)
z#773                                               1 	(obj:0)
z#778                                               1 	(obj:0)
z#783                                               1 	(obj:0)
z#789                                               1 	(obj:0)
z#791                                               1 	(obj:0)
z#795                                               1 	(obj:0)
z#799                                               1 	(obj:0)
z#805                                               1 	(obj:0)
z#807                                               1 	(obj:0)
z#809                                               1 	(obj:0)
z#811                                               1 	(obj:0)
z#814                                               1 	(obj:0)
z#826                                               1 	(obj:0)
z#828                                               1 	(obj:0)
z#830                                               1 	(obj:0)
z#842                                               1 	(obj:0)
z#848                                               1 	(obj:0)
z#850                                               1 	(obj:0)
z#853                                               1 	(obj:0)
z#857                                               1 	(obj:0)
z#861                                               1 	(obj:0)
z#863                                               1 	(obj:0)
z#872                                               1 	(obj:0)
z#876                                               1 	(obj:0)
z#879                                               1 	(obj:0)
z#881                                               1 	(obj:0)
z#883                                               1 	(obj:0)
z#887                                               1 	(obj:0)
z#889                                               1 	(obj:0)
z#894                                               1 	(obj:0)
z#896                                               1 	(obj:0)
z#897                                               1 	(obj:0)
z#900                                               1 	(obj:0)
z#902                                               1 	(obj:0)
z#910                                               1 	(obj:0)
z#917                                               1 	(obj:0)
z#920                                               1 	(obj:0)
z#925                                               1 	(obj:0)
z#930                                               1 	(obj:0)
z#935                                               1 	(obj:0)
z#945                                               1 	(obj:0)
z#947                                               1 	(obj:0)
z#949                                               1 	(obj:0)
z#954                                               1 	(obj:0)
z#956                                               1 	(obj:0)
z#959                                               1 	(obj:0)
z#961                                               1 	(obj:0)
z#964                                               1 	(obj:0)
z#965                                               1 	(obj:0)
z#966                                               1 	(obj:0)
z#970                                               1 	(obj:0)
z#973                                               1 	(obj:0)
z#974                                               1 	(obj:0)
z#976                                               1 	(obj:0)
z#986                                               1 	(obj:0)
z#988                                               1 	(obj:0)
z#1008                                              1 	(obj:0)
z#1021                                              1 	(obj:0)
z#1022                                              1 	(obj:0)
z#1024                                              1 	(obj:0)
z#1026                                              1 	(obj:0)
z#1029                                              1 	(obj:0)
z#1031                                              1 	(obj:0)
z#1046                                              1 	(obj:0)
z#1055                                              1 	(obj:0)
z#1056                                              1 	(obj:0)
z#1060                                              1 	(obj:0)
z#1061                               1.00000000000001 	(obj:0)
z#1062                                              1 	(obj:0)
z#1063                                              1 	(obj:0)
z#1072                                              1 	(obj:0)
z#1080                                              1 	(obj:0)
z#1088                                              1 	(obj:0)
z#1094                                              1 	(obj:0)
z#1108                                              1 	(obj:0)
z#1109                                              1 	(obj:0)
z#1110                                              1 	(obj:0)
z#1113                                              1 	(obj:0)
z#1122                                              1 	(obj:0)
z#1126                                              1 	(obj:0)
z#1134                                              1 	(obj:0)
z#1143                                              1 	(obj:0)
z#1145                                              1 	(obj:0)
z#1151                                              1 	(obj:0)
z#1157                                              1 	(obj:0)
z#1158                                              1 	(obj:0)
z#1160                                              1 	(obj:0)
z#1161                                              1 	(obj:0)
z#1163                                              1 	(obj:0)
z#1170                                              1 	(obj:0)
z#1171                                              1 	(obj:0)
z#1175                                              1 	(obj:0)
z#1180                                              1 	(obj:0)
z#1186                                              1 	(obj:0)
z#1187                                              1 	(obj:0)
z#1192                                              1 	(obj:0)
z#1200                                              1 	(obj:0)
z#1201                                              1 	(obj:0)
z#1202                                              1 	(obj:0)
z#1204                                              1 	(obj:0)
z#1205                                              1 	(obj:0)
z#1207                                              1 	(obj:0)
z#1208                                              1 	(obj:0)
z#1209                                              1 	(obj:0)
z#1212                                              1 	(obj:0)
z#1217                                              1 	(obj:0)
z#1219                                              1 	(obj:0)
z#1228                                              1 	(obj:0)
z#1230                                              1 	(obj:0)
z#1234                                              1 	(obj:0)
z#1235                                              1 	(obj:0)
z#1237                                              1 	(obj:0)
z#1243                                              1 	(obj:0)
z#1246                                              1 	(obj:0)
z#1257                                              1 	(obj:0)
z#1267                                              1 	(obj:0)
z#1269                                              1 	(obj:0)
z#1270                                              1 	(obj:0)
z#1272                                              1 	(obj:0)
z#1275                                              1 	(obj:0)
z#1277                                              1 	(obj:0)
z#1278                                              1 	(obj:0)
z#1284                                              1 	(obj:0)
z#1287                                              1 	(obj:0)
z#1288                                              1 	(obj:0)
z#1289                                              1 	(obj:0)
z#1300                                              1 	(obj:0)
z#1304                                              1 	(obj:0)
z#1306                                              1 	(obj:0)
z#1311                               1.00000000000004 	(obj:0)
z#1317                                              1 	(obj:0)
z#1323                                              1 	(obj:0)
z#1333                                              1 	(obj:0)
z#1343                                              1 	(obj:0)
z#1344                                              1 	(obj:0)
z#1348                               1.00000000000001 	(obj:0)
z#1351                               1.00000000000001 	(obj:0)
z#1352                                              1 	(obj:0)
z#1356                                              1 	(obj:0)
z#1359                                              1 	(obj:0)
z#1360                                              1 	(obj:0)
z#1363                                              1 	(obj:0)
z#1376                                              1 	(obj:0)
z#1378                               1.00000000000018 	(obj:0)
z#1381                                              1 	(obj:0)
z#1386                                              1 	(obj:0)
z#1396                                              1 	(obj:0)
z#1407                                              1 	(obj:0)
z#1416                                              1 	(obj:0)
z#1433                                              1 	(obj:0)
z#1438                                              1 	(obj:0)
z#1439                                              1 	(obj:0)
z#1443                                              1 	(obj:0)
z#1449                                              1 	(obj:0)
z#1457                                              1 	(obj:0)
z#1462                                              1 	(obj:0)
z#1469                                              1 	(obj:0)
z#1470                                              1 	(obj:0)
z#1476                                              1 	(obj:0)
z#1489                                              1 	(obj:0)
z#1490                                              1 	(obj:0)
z#1496                                              1 	(obj:0)
z#1510                               1.00000000000003 	(obj:0)
z#1519                                              1 	(obj:0)
z#1522                                              1 	(obj:0)
z#1523                                              1 	(obj:0)
z#1547                                              1 	(obj:0)
z#1549                                              1 	(obj:0)
z#1551                                              1 	(obj:0)
z#1556                                              1 	(obj:0)
z#1561                                              1 	(obj:0)
z#1564                                              1 	(obj:0)
z#1569                                              1 	(obj:0)
z#1572                                              1 	(obj:0)
z#1575                                              1 	(obj:0)
z#1579                                              1 	(obj:0)
z#1583                                              1 	(obj:0)
z#1587                                              1 	(obj:0)
z#1591                                              1 	(obj:0)
z#1596                                              1 	(obj:0)
z#1602                                              1 	(obj:0)
z#1608                                              1 	(obj:0)
z#1624                                              1 	(obj:0)
z#1630                                              1 	(obj:0)
z#1631                                              1 	(obj:0)
z#1634                                              1 	(obj:0)
z#1640                                              1 	(obj:0)
z#1652                                              1 	(obj:0)
z#1655                                              1 	(obj:0)
z#1661                              0.999999999999997 	(obj:0)
z#1662                                              1 	(obj:0)
z#1664                                              1 	(obj:0)
z#1674                                              1 	(obj:0)
z#1675                                              1 	(obj:0)
z#1676                              0.999999999999982 	(obj:0)
z#1680                                              1 	(obj:0)
z#1682                                              1 	(obj:0)
z#1698                                              1 	(obj:0)
z#1700                                              1 	(obj:0)
z#1702                                              1 	(obj:0)
z#1708                                              1 	(obj:0)
z#1718                                              1 	(obj:0)
z#1719                                              1 	(obj:0)
z#1720                                              1 	(obj:0)
z#1723                                              1 	(obj:0)
z#1725                                              1 	(obj:0)
z#1732                                              1 	(obj:0)
z#1737                                              1 	(obj:0)
z#1741                                              1 	(obj:0)
z#1744                                              1 	(obj:0)
z#1747                                              1 	(obj:0)
z#1752                                              1 	(obj:0)
z#1753                                              1 	(obj:0)
z#1754                                              1 	(obj:0)
z#1762                                              1 	(obj:0)
z#1764                                              1 	(obj:0)
z#1768                                              1 	(obj:0)
z#1794                                              1 	(obj:0)
z#1808                                              1 	(obj:0)
z#1815                                              1 	(obj:0)
z#1816                                              1 	(obj:0)
z#1826                                              1 	(obj:0)
z#1827                                              1 	(obj:0)
z#1828                                              1 	(obj:0)
z#1831                                              1 	(obj:0)
z#1837                                              1 	(obj:0)
z#1841                                              1 	(obj:0)
z#1842                                              1 	(obj:0)
z#1843                                              1 	(obj:0)
z#1849                                              1 	(obj:0)
z#1861                                              1 	(obj:0)
z#1862                                              1 	(obj:0)
z#1865                                              1 	(obj:0)
z#1868                                              1 	(obj:0)
z#1882                                              1 	(obj:0)
z#1885                                              1 	(obj:0)
z#1886                               1.00000000000001 	(obj:0)
z#1891                                              1 	(obj:0)
z#1893                                              1 	(obj:0)
z#1898                                              1 	(obj:0)
z#1899                                              1 	(obj:0)
z#1901                                              1 	(obj:0)
z#1902                                              1 	(obj:0)
z#1905                                              1 	(obj:0)
z#1910                                              1 	(obj:0)
z#1911                                              1 	(obj:0)
z#1914                                              1 	(obj:0)
z#1917                                              1 	(obj:0)
z#1919                                              1 	(obj:0)
z#1927                                              1 	(obj:0)
z#1928                                              1 	(obj:0)
z#1929                                              1 	(obj:0)
z#1932                                              1 	(obj:0)
z#1934                                              1 	(obj:0)
z#1954                                              1 	(obj:0)
z#1960                                              1 	(obj:0)
z#1962                                              1 	(obj:0)
z#1966                                              1 	(obj:0)
z#1967                                              1 	(obj:0)
z#1972                                              1 	(obj:0)
z#1975                                              1 	(obj:0)
z#1976                                              1 	(obj:0)
z#1977                                              1 	(obj:0)
z#2005                                              1 	(obj:0)
z#2006                                              1 	(obj:0)
z#2018                                              1 	(obj:0)
z#2022                                              1 	(obj:0)
z#2024                                              1 	(obj:0)
z#2026                                              1 	(obj:0)
z#2027                                              1 	(obj:0)
z#2028                                              1 	(obj:0)
z#2032                                              1 	(obj:0)
z#2036                                              1 	(obj:0)
z#2038                                              1 	(obj:0)
z#2041                                              1 	(obj:0)
z#2045                              0.999999999999999 	(obj:0)
z#2047                                              1 	(obj:0)
z#2051                                              1 	(obj:0)
z#2057                                              1 	(obj:0)
z#2059                                              1 	(obj:0)
z#2070                                              1 	(obj:0)
z#2075                                              1 	(obj:0)
z#2082                                              1 	(obj:0)
z#2085                                              1 	(obj:0)
z#2090                                              1 	(obj:0)
z#2091                                              1 	(obj:0)
z#2093                                              1 	(obj:0)
z#2106                                              1 	(obj:0)
z#2108                                              1 	(obj:0)
z#2109                                              1 	(obj:0)
z#2113                                              1 	(obj:0)
z#2121                                              1 	(obj:0)
z#2131                                              1 	(obj:0)
z#2136                                              1 	(obj:0)
z#2144                                              1 	(obj:0)
z#2147                                              1 	(obj:0)
z#2151                                              1 	(obj:0)
z#2156                                              1 	(obj:0)
z#2157                                              1 	(obj:0)
z#2170                                              1 	(obj:0)
y#2#1                                72.0356958762886 	(obj:0)
y#2#7                                61.8342351205116 	(obj:0)
y#2#10                               61.2240549828179 	(obj:0)
y#2#24                               73.8393955461294 	(obj:0)
y#2#25                                 59.83902829685 	(obj:0)
y#2#28                               80.9466829268293 	(obj:0)
y#2#37                               105.137976437976 	(obj:0)
y#2#41                               55.7070422535211 	(obj:0)
y#2#43                                69.846783625731 	(obj:0)
y#2#44                               58.3814276689829 	(obj:0)
y#5#4                                101.786865148862 	(obj:0)
y#6#6                                71.1637689614936 	(obj:0)
y#6#14                               82.2598825831702 	(obj:0)
y#6#19                               73.9644084934277 	(obj:0)
y#6#30                               70.1181680926019 	(obj:0)
y#6#34                               89.4571104815864 	(obj:0)
y#6#45                               76.9038709677419 	(obj:0)
y#6#47                               73.1883171912833 	(obj:0)
y#10#2                               112.438592750533 	(obj:0)
y#10#5                               76.0798234552333 	(obj:0)
y#10#9                               97.7344109589041 	(obj:0)
y#10#13                              129.295178041543 	(obj:0)
y#10#17                              62.6939324556382 	(obj:0)
y#10#20                              44.2184636118598 	(obj:0)
y#10#21                              94.7465008675534 	(obj:0)
y#10#22                              67.2797962648557 	(obj:0)
y#10#23                              52.4622888283379 	(obj:0)
y#10#29                              79.0507049608355 	(obj:0)
y#10#31                              96.9471539456662 	(obj:0)
y#10#35                              85.1638805970149 	(obj:0)
y#10#48                              62.9268847006652 	(obj:0)
y#12#11                              65.1375568551007 	(obj:0)
y#19#0                               79.3780248190279 	(obj:0)
y#19#8                               85.0776275353411 	(obj:0)
y#19#16                              88.5823892893924 	(obj:0)
y#19#26                              129.980437665782 	(obj:0)
y#19#27                              61.1795158286778 	(obj:0)
y#19#33                              93.2779076563413 	(obj:0)
y#19#36                               93.057203092059 	(obj:0)
y#19#38                              82.5744997141224 	(obj:0)
y#19#40                              89.9346925566343 	(obj:0)
y#19#46                              90.6616754617414 	(obj:0)
y#19#49                              65.0783755274262 	(obj:0)
y#27#3                               96.1436117936118 	(obj:0)
y#28#12                              58.9633453794528 	(obj:0)
y#28#15                              86.1986538461538 	(obj:0)
y#31#18                              69.2080154514728 	(obj:0)
y#31#32                              76.5698366149979 	(obj:0)
y#31#42                              86.4847643979058 	(obj:0)
y#35#39                              82.8789894947474 	(obj:0)
x#2                                  698.792322735638 	(obj:0.83)
x#5                                  101.786865148862 	(obj:1.01)
x#6                                  537.055526771305 	(obj:0.85)
x#10                                 1061.03761143864 	(obj:0.83)
x#12                                 65.1375568551007 	(obj:0.9)
x#19                                 958.782349146546 	(obj:0.81)
x#27                                 96.1436117936118 	(obj:0.92)
x#28                                 145.161999225607 	(obj:0.88)
x#31                                 232.262616464376 	(obj:0.88)
x#35                                 82.8789894947474 	(obj:0.92)
v#0                                          153.5171 	(obj:0)
v#1                                          111.7994 	(obj:0)
v#2                                          158.2011 	(obj:0)
v#3                                          156.5218 	(obj:0)
v#4                                          174.3609 	(obj:0)
v#5                                          120.6626 	(obj:0)
v#6                                          121.9747 	(obj:0)
v#7                                           125.709 	(obj:0)
v#8                                          138.4213 	(obj:0)
v#9                                          178.3653 	(obj:0)
v#10                                         124.7134 	(obj:0)
v#11                                         100.2467 	(obj:0)
v#12                                          114.212 	(obj:0)
v#13                                         174.2899 	(obj:0)
v#14                                         168.1392 	(obj:0)
v#15                                         134.4699 	(obj:0)
v#16                                          172.027 	(obj:0)
v#17                                         109.5263 	(obj:0)
v#18                                         143.3298 	(obj:0)
v#19                                         146.3016 	(obj:0)
v#20                                          98.4303 	(obj:0)
v#21                                         163.8167 	(obj:0)
v#22                                         118.8834 	(obj:0)
v#23                                          96.2683 	(obj:0)
v#24                                         139.2611 	(obj:0)
v#25                                         112.0785 	(obj:0)
v#26                                         196.0105 	(obj:0)
v#27                                          98.5602 	(obj:0)
v#28                                         165.9407 	(obj:0)
v#29                                         151.3821 	(obj:0)
v#30                                         139.3248 	(obj:0)
v#31                                         149.8803 	(obj:0)
v#32                                         182.7722 	(obj:0)
v#33                                         159.5985 	(obj:0)
v#34                                         157.8918 	(obj:0)
v#35                                         171.1794 	(obj:0)
v#36                                         132.4204 	(obj:0)
v#37                                         151.7141 	(obj:0)
v#38                                         144.4228 	(obj:0)
v#39                                         165.6751 	(obj:0)
v#40                                         138.9491 	(obj:0)
v#41                                            98.88 	(obj:0)
v#42                                         165.1859 	(obj:0)
v#43                                         131.3818 	(obj:0)
v#44                                          92.4178 	(obj:0)
v#45                                         154.9613 	(obj:0)
v#46                                         137.4431 	(obj:0)
v#47                                         120.9071 	(obj:0)
v#48                                         113.5201 	(obj:0)
v#49                                         123.3886 	(obj:0)

Statistics
==========

SCIP Status        : solving was interrupted [time limit reached]
Total Time         :   14400.65
  solving          :   14400.00
  presolving       :       1.80 (included in solving)
  reading          :       0.65
  copying          :       0.56 (10 #copies) (minimal 0.04, maximal 0.07, average 0.06)
Original Problem   :
  Problem name     : 40-50-3000-4
  Variables        : 4262 (2172 binary, 0 integer, 0 implicit integer, 2090 continuous)
  Constraints      : 22592 initial, 22592 maximal
  Objective        : minimize, 40 non-zeros (abs.min = 0.81, abs.max = 1.18)
Presolved Problem  :
  Problem name     : t_40-50-3000-4
  Variables        : 2225 (2171 binary, 0 integer, 0 implicit integer, 54 continuous)
  Constraints      : 22504 initial, 22840 maximal
  Objective        : minimize, 52 non-zeros (abs.min = 0.404878, abs.max = 0.92)
  Nonzeros         : 47177 constraint, 69154 clique table
Presolvers         :   ExecTime  SetupTime  Calls  FixedVars   AggrVars   ChgTypes  ChgBounds   AddHoles    DelCons    AddCons   ChgSides   ChgCoefs
  boundshift       :       0.00       0.00      0          0          0          0          0          0          0          0          0          0
  convertinttobin  :       0.00       0.00      0          0          0          0          0          0          0          0          0          0
  domcol           :       0.05       0.00      1          0          0          0          0          0          0          0          0          0
  dualagg          :       0.00       0.00      0          0          0          0          0          0          0          0          0          0
  dualcomp         :       0.01       0.00      1          0          0          0          0          0          0          0          0          0
  dualinfer        :       0.00       0.00      0          0          0          0          0          0          0          0          0          0
  dualsparsify     :       0.05       0.00      1          0          0          0          0          0          0          0          0          0
  gateextraction   :       0.00       0.00      0          0          0          0          0          0          0          0          0          0
  implics          :       0.00       0.00      3          0          0          0          0          0          0          0          0          0
  inttobinary      :       0.00       0.00      0          0          0          0          0          0          0          0          0          0
  milp             :       0.10       0.00      1       1021         88          0          0          0      22591      22503          0          0
  qpkktref         :       0.00       0.00      0          0          0          0          0          0          0          0          0          0
  redvub           :       0.00       0.00      0          0          0          0          0          0          0          0          0          0
  sparsify         :       0.02       0.00      1          0          0          0          0          0          0          0          0          0
  stuffing         :       0.00       0.00      0          0          0          0          0          0          0          0          0          0
  trivial          :       0.00       0.00      5          0          0          0          0          0          0          0          0          0
  tworowbnd        :       0.00       0.00      0          0          0          0          0          0          0          0          0          0
  dualfix          :       0.00       0.00      5        928          0          0          0          0          0          0          0          0
  genvbounds       :       0.00       0.00      0          0          0          0          0          0          0          0          0          0
  probing          :       1.39       0.00      1          0          0          0          0          0          0          0          0          0
  pseudoobj        :       0.00       0.00      0          0          0          0          0          0          0          0          0          0
  symmetry         :       0.00       0.00      1          0          0          0          0          0          0          0          0          0
  vbounds          :       0.00       0.00      1          0          0          0          0          0          0          0          0          0
  chancecons       :       0.03       0.00      1          0          0          0          0          0          0          0          0          0
  varbound         :       0.02       0.00      2          0          0          0          0          0          0          0          0          0
  knapsack         :       0.00       0.00      0          0          0          0          0          0          0          0          0          0
  linear           :       0.11       0.01      7          0          0          0         98          0          0          0          0          0
  logicor          :       0.00       0.00      0          0          0          0          0          0          0          0          0          0
  bounddisjunction :       0.00       0.00      0          0          0          0          0          0          0          0          0          0
  benders          :       0.00       0.00      0          0          0          0          0          0          0          0          0          0
  components       :       0.00       0.00      1          0          0          0          0          0          0          0          0          0
  root node        :          -          -      -        246          -          -        271          -          -          -          -          -
Constraints        :     Number  MaxNumber  #Separate #Propagate    #EnfoLP    #EnfoRelax  #EnfoPS    #Check   #ResProp    Cutoffs    DomReds       Cuts    Applied      Conss   Children
  benderslp        :          0          0          0          0        878          0          0        249          0          0          0          0          0          0          0
  chancecons       :          1          1        229      74470          0          0          0          0          0          1      14692      11413       6009          0          0
  integral         :          0          0          0          0        878          0          0        249          0          0       1058          0          0        501       1052
  varbound         :      22500      22500         49      74514          0          0          0        244       1448          1      11196          0          0          0          0
  knapsack         :          1          1         49      74513          0          0          0         21          0         16          0          0          0          0          0
  linear           :          2+         5         49      74503          0          0          0         22         15         23        223          0          0          0          0
  logicor          :          0+       305          1       2784          0          0          0          0         19          4          6          0          0          0          0
  bounddisjunction :          0+       218          0       3525          0          0          0          0         71          2         52          0          0          0          0
  benders          :          0          0          0          0          0          0          0         20          0          0          0          0          0          0          0
  fixedvar         :          0          0          0          0          0          0          0         20          0          0          0          0          0          0          0
  countsols        :          0          0          0          0          0          0          0         20          0          0          0          0          0          0          0
  components       :          0          0          0          0          0          0          0          0          0          0          0          0          0          0          0
Constraint Timings :  TotalTime  SetupTime   Separate  Propagate     EnfoLP     EnfoPS     EnfoRelax   Check    ResProp    SB-Prop
  benderslp        :       0.00       0.00       0.00       0.00       0.00       0.00       0.00       0.00       0.00       0.00
  chancecons       :       5.42       0.00       0.48       3.91       0.00       0.00       0.00       0.00       0.00       1.03
  integral         :    4799.15       0.00       0.00       0.00    4799.15       0.00       0.00       0.00       0.00       0.00
  varbound         :       2.54       0.00       0.14       1.49       0.00       0.00       0.00       0.02       0.00       0.88
  knapsack         :       2.24       0.00       1.81       0.40       0.00       0.00       0.00       0.00       0.00       0.04
  linear           :       0.06       0.01       0.00       0.05       0.00       0.00       0.00       0.00       0.00       0.01
  logicor          :       0.02       0.00       0.00       0.01       0.00       0.00       0.00       0.00       0.00       0.01
  bounddisjunction :       0.02       0.00       0.00       0.01       0.00       0.00       0.00       0.00       0.00       0.01
  benders          :       0.00       0.00       0.00       0.00       0.00       0.00       0.00       0.00       0.00       0.00
  fixedvar         :       0.01       0.00       0.00       0.00       0.00       0.00       0.00       0.01       0.00       0.00
  countsols        :       0.00       0.00       0.00       0.00       0.00       0.00       0.00       0.00       0.00       0.00
  components       :       0.01       0.00       0.00       0.00       0.00       0.00       0.00       0.00       0.00       0.00
Propagators        : #Propagate   #ResProp    Cutoffs    DomReds
  dualfix          :          6          0          0          0
  genvbounds       :          0          0          0          0
  nlobbt           :          0          0          0          0
  obbt             :          0          0          0          0
  probing          :          0          0          0          0
  pseudoobj        :       4938          0          0        467
  redcost          :       4133          0          0      67849
  rootredcost      :          3          0          0        174
  symmetry         :          0          0          0          0
  vbounds          :      56099          0          0          0
Propagator Timings :  TotalTime  SetupTime   Presolve  Propagate    ResProp    SB-Prop
  dualfix          :       0.00       0.00       0.00       0.00       0.00       0.00
  genvbounds       :       0.01       0.00       0.00       0.01       0.00       0.01
  nlobbt           :       0.00       0.00       0.00       0.00       0.00       0.00
  obbt             :       0.00       0.00       0.00       0.00       0.00       0.00
  probing          :       1.39       0.00       1.39       0.00       0.00       0.00
  pseudoobj        :       0.05       0.00       0.00       0.05       0.00       0.00
  redcost          :       0.48       0.00       0.00       0.48       0.00       0.01
  rootredcost      :       0.02       0.00       0.00       0.01       0.00       0.01
  symmetry         :       0.02       0.00       0.00       0.01       0.00       0.01
  vbounds          :       0.09       0.00       0.00       0.06       0.00       0.03
Symmetry           :
  orbitopal red.   :          0 reductions applied,          0 cutoffs
  orbital reduction:          0 reductions applied,          0 cutoffs
  lexicographic red:          0 reductions applied,          0 cutoffs
  shadow tree time :       0.00 s
Conflict Analysis  :       Time      Calls    Success    DomReds  Conflicts   Literals    Reconvs ReconvLits   Dualrays   Nonzeros   LP Iters   (pool size: [10000,10000])
  propagation      :       0.00         19          5          -         11       63.5          0        0.0          -          -          -
  infeasible LP    :       0.00          0          0          -          0        0.0          0        0.0          0        0.0          0
  bound exceed. LP :      11.42       1096        391          -       1289       85.0          0        0.0         14       11.9       6902
  strong branching :       0.00          0          0          -          0        0.0          0        0.0          -          -          0
  pseudo solution  :       0.00          0          0          -          0        0.0          0        0.0          -          -          -
  applied globally :       0.12          -          -         11        537       56.4          -          -         14          -          -
  applied locally  :          -          -          -          0          0        0.0          -          -          0          -          -
Separators         :   ExecTime  SetupTime      Calls  RootCalls    Cutoffs    DomReds  FoundCuts ViaPoolAdd  DirectAdd    Applied ViaPoolApp  DirectApp      Conss
  cut pool         :       0.41          -        395         98          -          -      25456      97638          -          -          -          -          -    (maximal pool size:      24755)
  aggregation      :       4.72       0.00         70         49          0          0      20625      78645          0       7330       7330          0          0
  > cmir           :          -          -          -          -          -          -          -      78485          0       7328       7328          0          -
  > flowcover      :          -          -          -          -          -          -          -        160          0          2          2          0          -
  > knapsackcover  :          -          -          -          -          -          -          -          0          0          0          0          0          -
  cgmip            :       0.00       0.00          0          0          0          0          0          0          0          0          0          0          0
  clique           :       1.78       0.00         49         49          0          0          0          0          0          0          0          0          0
  closecuts        :       0.00       0.00          0          0          0          0          0          0          0          0          0          0          0
  convexproj       :       0.00       0.00          0          0          0          0          0          0          0          0          0          0          0
  disjunctive      :       0.00       0.00          0          0          0          0          0          0          0          0          0          0          0
  eccuts           :       0.00       0.00          0          0          0          0          0          0          0          0          0          0          0
  gauge            :       0.00       0.00          0          0          0          0          0          0          0          0          0          0          0
  gomory           :       3.72       0.00         31         10          0          0       1871       5815          0       1074       1074          0          0
  > gomorymi       :          -          -          -          -          -          -          -       5815          0       1074       1074          0          -
  > strongcg       :          -          -          -          -          -          -          -          0          0          0          0          0          -
  impliedbounds    :       0.15       0.00         70         49          0         68       2960      13178          0       4301       4301          0          0
  interminor       :       0.00       0.00          0          0          0          0          0          0          0          0          0          0          0
  intobj           :       0.00       0.00          0          0          0          0          0          0          0          0          0          0          0
  lagromory        :       0.00       0.00          0          0          0          0          0          0          0          0          0          0          0
  mcf              :       0.00       0.00          1          1          0          0          0          0          0          0          0          0          0
  minor            :       0.00       0.00         10         10          0          0          0          0          0          0          0          0          0
  mixing           :       0.00       0.00          0          0          0          0          0          0          0          0          0          0          0
  oddcycle         :       0.00       0.00          0          0          0          0          0          0          0          0          0          0          0
  rapidlearning    :       0.00       0.00          0          0          0          0          0          0          0          0          0          0          0
  rlt              :       0.00       0.00         10         10          0          0          0          0          0          0          0          0          0
  zerohalf         :       0.09       0.00         41         20          0          0          0          0          0          0          0          0          0
Cutselectors       :   ExecTime  SetupTime      Calls  RootCalls   Selected     Forced   Filtered  RootSelec   RootForc   RootFilt 
  hybrid           :       0.29       0.00        326         50      18714          0      90337       3798          0      39616
  ensemble         :       0.00       0.00          0          0          0          0          0          0          0          0
  dynamic          :       0.00       0.00          0          0          0          0          0          0          0          0
Pricers            :   ExecTime  SetupTime      Calls       Vars
  problem variables:       0.00          -          0          0
Branching Rules    :   ExecTime  SetupTime   BranchLP  BranchExt   BranchPS    Cutoffs    DomReds       Cuts      Conss   Children
  allfullstrong    :       0.00       0.00          0          0          0          0          0          0          0          0
  cloud            :       0.00       0.00          0          0          0          0          0          0          0          0
  distribution     :       0.00       0.00          0          0          0          0          0          0          0          0
  fullstrong       :       0.00       0.00          0          0          0          0          0          0          0          0
  gomory           :       0.00       0.00          0          0          0          0          0          0          0          0
  inference        :       0.00       0.00          0          0          0          0          0          0          0          0
  leastinf         :       0.00       0.00          0          0          0          0          0          0          0          0
  lookahead        :       0.00       0.00          0          0          0          0          0          0          0          0
  mostinf          :       0.00       0.00          0          0          0          0          0          0          0          0
  multaggr         :       0.00       0.00          0          0          0          0          0          0          0          0
  nodereopt        :       0.00       0.00          0          0          0          0          0          0          0          0
  pscost           :       0.00       0.00          0          0          0          0          0          0          0          0
  random           :       0.00       0.00          0          0          0          0          0          0          0          0
  relpscost        :    4799.15       0.00        878          0          0          0       1058          0        504       1052
  vanillafullstrong:       0.00       0.00          0          0          0          0          0          0          0          0
Primal Heuristics  :   ExecTime  SetupTime      Calls      Found       Best
  LP solutions     :       0.00          -          -          0          0
  relax solutions  :       0.00          -          -          0          0
  pseudo solutions :       0.00          -          -          0          0
  strong branching :       0.01          -          -          0          0
  actconsdiving    :       0.00       0.00          0          0          0
  adaptivediving   :      82.75       0.00          6          0          0
  alns             :       1.58       0.00          3          1          1
  bound            :       0.00       0.00          0          0          0
  clique           :       0.15       0.00          1          1          1
  coefdiving       :       0.00       0.00          0          0          0
  completesol      :       0.00       0.00          0          0          0
  conflictdiving   :     229.19       0.00          5          0          0
  crossover        :       0.60       0.00          2          2          1
  dins             :       0.00       0.00          0          0          0
  distributiondivin:     113.59       0.00          4          0          0
  dps              :       0.00       0.00          0          0          0
  dualval          :       0.00       0.00          0          0          0
  farkasdiving     :       0.00       0.00          0          0          0
  feaspump         :      20.40       0.00          1          1          1
  fixandinfer      :       0.00       0.00          0          0          0
  fracdiving       :      64.38       0.00          4          0          0
  gins             :       0.02       0.00          0          0          0
  guideddiving     :      58.29       0.00          4          0          0
  indicator        :       0.00       0.00          0          0          0
  indicatordiving  :       0.00       0.00          0          0          0
  intdiving        :       0.00       0.00          0          0          0
  intshifting      :      21.82       0.00         11          1          1
  linesearchdiving :      97.01       0.00          4          0          0
  localbranching   :       0.00       0.00          0          0          0
  locks            :       0.05       0.00          1          1          1
  lpface           :       0.00       0.00          0          0          0
  mpec             :       0.00       0.00          0          0          0
  multistart       :       0.00       0.00          0          0          0
  mutation         :       0.00       0.00          0          0          0
  nlpdiving        :       0.00       0.00          0          0          0
  objpscostdiving  :     414.41       0.00          2          2          0
  octane           :       0.00       0.00          0          0          0
  ofins            :       0.00       0.00          0          0          0
  oneopt           :       0.01       0.00          4          0          0
  padm             :       0.00       0.00          0          0          0
  proximity        :       0.00       0.00          0          0          0
  pscostdiving     :      50.17       0.00          5          1          1
  randrounding     :       4.06       0.00        224          0          0
  rens             :       2.95       0.00          1          1          0
  reoptsols        :       0.00       0.00          0          0          0
  repair           :       0.00       0.00          0          0          0
  rins             :       3.05       0.00          4          4          0
  rootsoldiving    :      32.11       0.00          3          3          0
  rounding         :       0.70       0.00        508          0          0
  scheduler        :       0.00       0.00          0          0          0
  shiftandpropagate:       0.00       0.00          0          0          0
  shifting         :      10.52       0.00        267          1          0
  simplerounding   :       0.00       0.00          0          0          0
  subnlp           :       0.00       0.00          0          0          0
  trivial          :       0.01       0.00          2          0          0
  trivialnegation  :       0.00       0.00          0          0          0
  trustregion      :       0.00       0.00          0          0          0
  trysol           :       0.00       0.00          0          0          0
  twoopt           :       0.00       0.00          0          0          0
  undercover       :       0.00       0.00          0          0          0
  vbounds          :       0.34       0.00          1          0          0
  veclendiving     :      85.79       0.00          4          0          0
  zeroobj          :       0.00       0.00          0          0          0
  zirounding       :       0.99       0.00        526          0          0
  other solutions  :          -          -          -          0          -
LNS (Scheduler)    :      Calls  SetupTime  SolveTime SolveNodes       Sols       Best       Exp3    Exp3-IX  EpsGreedy        UCB TgtFixRate  Opt  Inf Node Stal  Sol  Usr Othr Actv
  rens             :          0       0.00       0.00          0          0          0    0.00000    0.12500   -1.00000    1.00000      0.900    0    0    0    0    0    0    0    1
  rins             :          0       0.00       0.00          0          0          0    0.00000    0.12500   -1.00000    1.00000      0.900    0    0    0    0    0    0    0    1
  mutation         :          0       0.00       0.00          0          0          0    0.00000    0.12500   -1.00000    1.00000      0.900    0    0    0    0    0    0    0    1
  localbranching   :          0       0.00       0.00          0          0          0    0.00000    0.12500   -1.00000    1.00000      0.900    0    0    0    0    0    0    0    1
  crossover        :          0       0.00       0.00          0          0          0    0.00000    0.12500   -1.00000    1.00000      0.900    0    0    0    0    0    0    0    1
  proximity        :          0       0.00       0.00          0          0          0    0.00000    0.12500   -1.00000    1.00000      0.900    0    0    0    0    0    0    0    1
  zeroobjective    :          0       0.00       0.00          0          0          0    0.00000    0.12500   -1.00000    1.00000      0.900    0    0    0    0    0    0    0    1
  dins             :          0       0.00       0.00          0          0          0    0.00000    0.12500   -1.00000    1.00000      0.900    0    0    0    0    0    0    0    1
  trustregion      :          0       0.00       0.00          0          0          0    0.00000    0.00000   -1.00000    1.00000      0.900    0    0    0    0    0    0    0    0
LP                 :       Time      Calls Iterations  Iter/call   Iter/sec  Time-0-It Calls-0-It    ItLimit
  primal LP        :       0.55        142          0       0.00       0.00       0.55        142
  dual LP          :    8278.97       3251    5553838    3088.90     670.84       4.97       1453
  lex dual LP      :       0.00          0          0       0.00          -
  barrier LP       :       0.00          0          0       0.00          -       0.00          0
  resolve instable :       0.00          0          0       0.00          -
  diving/probing LP:    1345.39       1929    1401923     726.76    1042.02
  strong branching :    4695.90       3548    2609870     735.59     555.78          -          -       4387
    (at root node) :          -         19      19000    1000.00          -
  conflict analysis:       9.86        695       6902       9.93     699.66
B&B Tree           :
  number of runs   :          1
  nodes            :        832 (526 internal, 306 leaves)
  feasible leaves  :          0
  infeas. leaves   :          1
  objective leaves :        304
  nodes (total)    :        832 (526 internal, 306 leaves)
  nodes left       :        221
  max depth        :         42
  max depth (total):         42
  backtracks       :        181 (21.8%)
  early backtracks :          0 (0.0%)
  nodes exc. ref.  :          0 (0.0%)
  delayed cutoffs  :          0
  repropagations   :         49 (6 domain reductions, 0 cutoffs)
  avg switch length:       4.76
  switching time   :       0.98
Root Node          :
  First LP value   : +3.16967134952829e+03
  First LP Iters   :       3723 (2860.33 Iter/sec)
  First LP Time    :       1.30
  Final Dual Bound : +3.34986097469628e+03
  Final Root Iters :     128032
  Root LP Estimate : +3.35339131848344e+03
Solution           :
  Solutions found  :         19 (7 improvements)
  First Solution   : +3.57560128615898e+03   (in run 1, after 1 nodes, 2.03 seconds, depth 14, found by <clique>)
  Gap First Sol.   :      27.93 %
  Gap Last Sol.    :       0.06 %
  Primal Bound     : +3.35203273589138e+03   (in run 1, after 210 nodes, 3333.80 seconds, depth 26, found by <crossover>)
  Dual Bound       : +3.35015317321079e+03
  Gap              :       0.06 %
Integrals          :      Total       Avg%
  primal-dual      :    1982.32       0.14
  primal-ref       :          -          - (not evaluated)
  dual-ref         :          -          - (not evaluated)

 Branching Statistics...

 Total number of propagations -> 74470

 Number of cutoffs of KnaCons -> 0

 Total number of variables fixed to 1 by the propagator -> 2154

 Total number of variables fixed to 0 by the propagator -> 12538

 Maximum number of rounds of the approximation algorithm -> 0

 Runtime of the exact algorithm -> 0.0000 s

 Total number of variables fixed to 1 in the exact algorithm -> 0

 Total number of variables fixed to 0 in the exact algorithm -> 0

 Number of cutoffs in the exact algorithm -> 0

 Number of cutoffs in the approximation algorithm -> 0

 PS:  
