***************************************
*         SCIP-based CCP Solver       *
*                                     *
*    Wei Lv and Wei-Kun Chen (2024)   *
***************************************
/share/home/wangzhaowei/lvwei/scipoptsuite-9.1.0/build/bin/examples/ccp -f CCRPData/50-100-3000-0.ccrp -s CCRPSetting/DB1.set 
SCIP version 9.1.0 [precision: 8 byte] [memory: block] [mode: optimized] [LP solver: Soplex 7.1.0] [GitHash: 8cab0278ba]
Copyright (c) 2002-2024 Zuse Institute Berlin (ZIB)

External libraries: 
  Soplex 7.1.0         Linear Programming Solver developed at Zuse Institute Berlin (soplex.zib.de) [GitHash: 595bfac9]
  CppAD 20180000.0     Algorithmic Differentiation of C++ algorithms developed by B. Bell (github.com/coin-or/CppAD)
  ZLIB 1.2.7           General purpose compression library by J. Gailly and M. Adler (zlib.net)
  GMP 6.0.0            GNU Multiple Precision Arithmetic Library developed by T. Granlund (gmplib.org)
  AMPL/MP 690e9e7      AMPL .nl file reader library (github.com/ampl/mp)
  PaPILO 2.3.0         parallel presolve for integer and linear optimization (github.com/scipopt/papilo) (built with TBB) [GitHash: 4b8ce6ed]
  Nauty 2.8.8          Computing Graph Automorphism Groups by Brendan D. McKay (users.cecs.anu.edu.au/~bdm/nauty)
  sassy 1.1            Symmetry preprocessor by Markus Anders (github.com/markusa4/sassy)

reading user parameter file <CCRPSetting/DB1.set>

read problem <CCRPData/50-100-3000-0.ccrp>
============

File name: 	CCRPData/50-100-3000-0.ccrp
Problem name:	50-100-3000-0
NumResource: 	50
Dimension: 	100
NumScenario: 	3000
ConfidenceParameter: 	0.10
IsEqualProbability: 	1
BnC+MIX+DI: 	0
BnC+MIX+sDI: 	0
DB: 	1
DB+OPF: 	0
Dominance and Aggregation Statistics......
NumEdge:        2545947
NumBiEdge: 	333336
NumDomIneqs: 	2212611
DominanceRatio: 0.4919
NumAggScenario: 2184 
BasicNumScenario: 2183 
Propagator Statistics......
NumBasicDomIneqs: 95764
NumNonReDomIneqs: 37152
Duration: 0.2000 s 

original problem has 7334 variables (2184 bin, 0 int, 0 impl, 5150 cont) and 30152 constraints

solve problem
=============

presolving:
(round 1, fast)       2154 del vars, 0 del conss, 0 add conss, 100 chg bounds, 0 chg sides, 0 chg coeffs, 0 upgd conss, 0 impls, 37152 clqs
   (0.2s) running MILP presolver
   (0.3s) MILP presolver (3 rounds): 143 aggregations, 2740 fixings, 0 bound changes
(round 2, medium)     5037 del vars, 30151 del conss, 30008 add conss, 100 chg bounds, 0 chg sides, 0 chg coeffs, 0 upgd conss, 0 impls, 37152 clqs
(round 3, fast)       5037 del vars, 30151 del conss, 30008 add conss, 193 chg bounds, 0 chg sides, 0 chg coeffs, 0 upgd conss, 0 impls, 37152 clqs
(round 4, exhaustive) 5037 del vars, 30151 del conss, 30008 add conss, 193 chg bounds, 0 chg sides, 0 chg coeffs, 30000 upgd conss, 0 impls, 37152 clqs
   (2.6s) probing: 1000/2183 (45.8%) - 0 fixings, 0 aggregations, 32156 implications, 0 bound changes
   (2.6s) probing: 1001/2183 (45.9%) - 0 fixings, 0 aggregations, 32271 implications, 0 bound changes
   (2.6s) probing aborted: 1000/1000 successive useless probings
   (2.7s) symmetry computation started: requiring (bin +, int +, cont +), (fixed: bin -, int -, cont -)
   Symmetry detection interrupted: constraints of type chancecons do not provide symmetry information.
   If symmetries shall be detected, implement the CONSGETPERMSYMGRAPH callback.
   (2.7s) could not compute symmetry
presolving (5 rounds: 5 fast, 3 medium, 2 exhaustive):
 5037 deleted vars, 30151 deleted constraints, 30008 added constraints, 193 tightened bounds, 0 added holes, 0 changed sides, 0 changed coefficients
 30000 implications, 69423 cliques
presolved problem has 2297 variables (2183 bin, 0 int, 0 impl, 114 cont) and 30009 constraints
      1 constraints of type <chancecons>
  30000 constraints of type <varbound>
      1 constraints of type <knapsack>
      7 constraints of type <linear>
Presolving Time: 2.64

 time | node  | left  |LP iter|LP it/n|mem/heur|mdpt |vars |cons |rows |cuts |sepa|confs|strbr|  dualbound   | primalbound  |  gap   | compl. 
p 2.9s|     1 |     0 |     7 |     - |   locks|   0 |2297 |  30k|  30k|   0 |  0 |   0 |   0 | 5.520031e+03 | 6.955339e+03 |  26.00%| unknown
  4.7s|     1 |     0 |  3460 |     - |   283M |   0 |2297 |  30k|  30k|   0 |  0 |   4 |   0 | 6.473384e+03 | 6.955339e+03 |   7.45%| unknown
r 4.9s|     1 |     0 |  3460 |     - |shifting|   0 |2297 |  30k|  30k|   0 |  0 |   4 |   0 | 6.473384e+03 | 6.950209e+03 |   7.37%| unknown
  5.6s|     1 |     0 |  4467 |     - |   288M |   0 |2297 |  30k|  30k|  73 |  1 |   4 |   0 | 6.581848e+03 | 6.950209e+03 |   5.60%| unknown
  6.3s|     1 |     0 |  5336 |     - |   292M |   0 |2297 |  30k|  30k| 178 |  2 |   4 |   0 | 6.647148e+03 | 6.950209e+03 |   4.56%| unknown
  6.8s|     1 |     0 |  5978 |     - |   296M |   0 |2297 |  30k|  30k| 266 |  3 |   4 |   0 | 6.683026e+03 | 6.950209e+03 |   4.00%| unknown
  7.3s|     1 |     0 |  6527 |     - |   300M |   0 |2297 |  30k|  30k| 359 |  4 |   4 |   0 | 6.703299e+03 | 6.950209e+03 |   3.68%| unknown
  8.0s|     1 |     0 |  7370 |     - |   304M |   0 |2297 |  30k|  30k| 452 |  5 |   4 |   0 | 6.720080e+03 | 6.950209e+03 |   3.42%| unknown
  8.8s|     1 |     0 |  8210 |     - |   308M |   0 |2297 |  30k|  30k| 550 |  6 |   4 |   0 | 6.734624e+03 | 6.950209e+03 |   3.20%| unknown
  9.6s|     1 |     0 |  9075 |     - |   312M |   0 |2297 |  30k|  30k| 650 |  7 |   4 |   0 | 6.742439e+03 | 6.950209e+03 |   3.08%| unknown
 10.6s|     1 |     0 | 10146 |     - |   317M |   0 |2297 |  30k|  30k| 746 |  8 |   4 |   0 | 6.750152e+03 | 6.950209e+03 |   2.96%| unknown
 11.5s|     1 |     0 | 11073 |     - |   321M |   0 |2297 |  30k|  30k| 827 |  9 |   4 |   0 | 6.754954e+03 | 6.950209e+03 |   2.89%| unknown
 12.5s|     1 |     0 | 12061 |     - |   324M |   0 |2297 |  30k|  30k| 904 | 10 |   4 |   0 | 6.759762e+03 | 6.950209e+03 |   2.82%| unknown
 13.7s|     1 |     0 | 13343 |     - |   328M |   0 |2297 |  30k|  30k| 984 | 11 |   4 |   0 | 6.763611e+03 | 6.950209e+03 |   2.76%| unknown
 14.7s|     1 |     0 | 14468 |     - |   331M |   0 |2297 |  30k|  31k|1049 | 12 |   4 |   0 | 6.766350e+03 | 6.950209e+03 |   2.72%| unknown
 time | node  | left  |LP iter|LP it/n|mem/heur|mdpt |vars |cons |rows |cuts |sepa|confs|strbr|  dualbound   | primalbound  |  gap   | compl. 
 16.2s|     1 |     0 | 16160 |     - |   334M |   0 |2297 |  30k|  31k|1128 | 13 |   4 |   0 | 6.769680e+03 | 6.950209e+03 |   2.67%| unknown
 17.4s|     1 |     0 | 17324 |     - |   338M |   0 |2297 |  30k|  31k|1186 | 14 |   4 |   0 | 6.771534e+03 | 6.950209e+03 |   2.64%| unknown
 18.8s|     1 |     0 | 18826 |     - |   342M |   0 |2297 |  30k|  31k|1253 | 15 |   4 |   0 | 6.774187e+03 | 6.950209e+03 |   2.60%| unknown
 20.0s|     1 |     0 | 19876 |     - |   345M |   0 |2297 |  30k|  31k|1319 | 16 |   4 |   0 | 6.775300e+03 | 6.950209e+03 |   2.58%| unknown
 21.7s|     1 |     0 | 21671 |     - |   349M |   0 |2297 |  30k|  31k|1378 | 17 |   4 |   0 | 6.777097e+03 | 6.950209e+03 |   2.55%| unknown
 23.5s|     1 |     0 | 23473 |     - |   352M |   0 |2297 |  30k|  31k|1436 | 18 |   4 |   0 | 6.778807e+03 | 6.950209e+03 |   2.53%| unknown
 25.1s|     1 |     0 | 24965 |     - |   356M |   0 |2297 |  30k|  31k|1502 | 19 |   4 |   0 | 6.780290e+03 | 6.950209e+03 |   2.51%| unknown
 27.1s|     1 |     0 | 26884 |     - |   360M |   0 |2297 |  30k|  31k|1571 | 20 |   4 |   0 | 6.781952e+03 | 6.950209e+03 |   2.48%| unknown
 29.5s|     1 |     0 | 29051 |     - |   360M |   0 |2297 |  30k|  31k|1660 | 21 |   4 |   0 | 6.784144e+03 | 6.950209e+03 |   2.45%| unknown
 31.9s|     1 |     0 | 31305 |     - |   361M |   0 |2297 |  30k|  31k|1745 | 22 |   4 |   0 | 6.785584e+03 | 6.950209e+03 |   2.43%| unknown
 35.2s|     1 |     0 | 34122 |     - |   361M |   0 |2297 |  30k|  31k|1827 | 23 |   4 |   0 | 6.787854e+03 | 6.950209e+03 |   2.39%| unknown
 38.1s|     1 |     0 | 36577 |     - |   363M |   0 |2297 |  30k|  31k|1926 | 24 |   4 |   0 | 6.789271e+03 | 6.950209e+03 |   2.37%| unknown
 40.8s|     1 |     0 | 38852 |     - |   364M |   0 |2297 |  30k|  31k|2009 | 25 |   4 |   0 | 6.790167e+03 | 6.950209e+03 |   2.36%| unknown
 44.6s|     1 |     0 | 41905 |     - |   364M |   0 |2297 |  30k|  31k|2112 | 26 |   4 |   0 | 6.791556e+03 | 6.950209e+03 |   2.34%| unknown
 48.4s|     1 |     0 | 44931 |     - |   365M |   0 |2297 |  30k|  31k|2215 | 27 |   4 |   0 | 6.792464e+03 | 6.950209e+03 |   2.32%| unknown
 time | node  | left  |LP iter|LP it/n|mem/heur|mdpt |vars |cons |rows |cuts |sepa|confs|strbr|  dualbound   | primalbound  |  gap   | compl. 
 52.6s|     1 |     0 | 48251 |     - |   367M |   0 |2297 |  30k|  31k|2309 | 28 |   4 |   0 | 6.793370e+03 | 6.950209e+03 |   2.31%| unknown
 56.0s|     1 |     0 | 50807 |     - |   367M |   0 |2297 |  30k|  32k|2392 | 29 |   4 |   0 | 6.793839e+03 | 6.950209e+03 |   2.30%| unknown
 60.7s|     1 |     0 | 54181 |     - |   368M |   0 |2297 |  30k|  32k|2491 | 30 |   4 |   0 | 6.794476e+03 | 6.950209e+03 |   2.29%| unknown
 64.8s|     1 |     0 | 57239 |     - |   369M |   0 |2297 |  30k|  31k|2566 | 31 |   4 |   0 | 6.795012e+03 | 6.950209e+03 |   2.28%| unknown
 69.6s|     1 |     0 | 61032 |     - |   369M |   0 |2297 |  30k|  31k|2648 | 32 |   4 |   0 | 6.795596e+03 | 6.950209e+03 |   2.28%| unknown
 73.2s|     1 |     0 | 63854 |     - |   369M |   0 |2297 |  30k|  32k|2715 | 33 |   4 |   0 | 6.796000e+03 | 6.950209e+03 |   2.27%| unknown
 77.1s|     1 |     0 | 66899 |     - |   370M |   0 |2297 |  30k|  32k|2784 | 34 |   4 |   0 | 6.796459e+03 | 6.950209e+03 |   2.26%| unknown
 81.3s|     1 |     0 | 70195 |     - |   370M |   0 |2297 |  30k|  32k|2850 | 35 |   4 |   0 | 6.796797e+03 | 6.950209e+03 |   2.26%| unknown
 85.3s|     1 |     0 | 73355 |     - |   370M |   0 |2297 |  30k|  32k|2913 | 36 |   4 |   0 | 6.796985e+03 | 6.950209e+03 |   2.25%| unknown
 90.0s|     1 |     0 | 77124 |     - |   371M |   0 |2297 |  30k|  31k|2973 | 37 |   4 |   0 | 6.797283e+03 | 6.950209e+03 |   2.25%| unknown
 93.6s|     1 |     0 | 79956 |     - |   371M |   0 |2297 |  30k|  31k|3035 | 38 |   4 |   0 | 6.797444e+03 | 6.950209e+03 |   2.25%| unknown
r94.5s|     1 |     0 | 80738 |     - |intshift|   0 |2297 |  30k|  31k|3035 | 38 |   4 |   0 | 6.797444e+03 | 6.890783e+03 |   1.37%| unknown
o 108s|     1 |     0 | 94137 |     - |feaspump|   0 |2297 |  30k|  31k|3035 | 38 |   4 |   0 | 6.797444e+03 | 6.815062e+03 |   0.26%| unknown
L 124s|     1 |     0 |103909 |     - |    rens|   0 |2297 |  30k|  31k|3035 | 38 |   6 |   0 | 6.797444e+03 | 6.813788e+03 |   0.24%| unknown
L 124s|     1 |     0 |103909 |     - |    alns|   0 |2297 |  30k|  31k|3035 | 38 |   6 |   0 | 6.797444e+03 | 6.805660e+03 |   0.12%| unknown
 time | node  | left  |LP iter|LP it/n|mem/heur|mdpt |vars |cons |rows |cuts |sepa|confs|strbr|  dualbound   | primalbound  |  gap   | compl. 
  124s|     1 |     0 |103909 |     - |   374M |   0 |2297 |  30k|  31k|3035 | 38 |   6 |   0 | 6.797444e+03 | 6.805660e+03 |   0.12%| unknown
  124s|     1 |     0 |103909 |     - |   374M |   0 |2297 |  30k|  31k|3035 | 38 |   6 |   0 | 6.797444e+03 | 6.805660e+03 |   0.12%| unknown
  127s|     1 |     0 |107331 |     - |   374M |   0 |2297 |  30k|  22k|3095 | 39 |   6 |   0 | 6.797581e+03 | 6.805660e+03 |   0.12%| unknown
  128s|     1 |     0 |107331 |     - |   374M |   0 |2297 |  30k|  22k|3095 | 39 |   6 |   0 | 6.797581e+03 | 6.805660e+03 |   0.12%| unknown
  128s|     1 |     0 |107331 |     - |   374M |   0 |2297 |  30k|  22k|3095 | 39 |   6 |   0 | 6.797581e+03 | 6.805660e+03 |   0.12%| unknown
  130s|     1 |     0 |109476 |     - |   374M |   0 |2297 |  30k|  22k|3137 | 40 |   6 |   0 | 6.797663e+03 | 6.805660e+03 |   0.12%| unknown
  130s|     1 |     0 |109476 |     - |   374M |   0 |2297 |  30k|  22k|3137 | 40 |   6 |   0 | 6.797663e+03 | 6.805660e+03 |   0.12%| unknown
  130s|     1 |     0 |109476 |     - |   374M |   0 |2297 |  20k|  22k|3137 | 40 |   6 |   0 | 6.797663e+03 | 6.805660e+03 |   0.12%| unknown
  134s|     1 |     0 |113648 |     - |   374M |   0 |2297 |  20k|  22k|3214 | 41 |   6 |   0 | 6.797873e+03 | 6.805660e+03 |   0.11%| unknown
  138s|     1 |     0 |117401 |     - |   375M |   0 |2297 |  20k|  22k|3256 | 42 |   6 |   0 | 6.797956e+03 | 6.805660e+03 |   0.11%| unknown
  138s|     1 |     0 |117401 |     - |   375M |   0 |2297 |  20k|  22k|3256 | 42 |   6 |   0 | 6.797956e+03 | 6.805660e+03 |   0.11%| unknown
  138s|     1 |     0 |117401 |     - |   375M |   0 |2297 |  20k|  22k|3256 | 42 |   6 |   0 | 6.797956e+03 | 6.805660e+03 |   0.11%| unknown
  150s|     1 |     0 |127601 |     - |   375M |   0 |2297 |  20k|  22k|3315 | 43 |   6 |   0 | 6.798044e+03 | 6.805660e+03 |   0.11%| unknown
  150s|     1 |     0 |127601 |     - |   375M |   0 |2297 |  20k|  22k|3315 | 43 |   6 |   0 | 6.798044e+03 | 6.805660e+03 |   0.11%| unknown
  156s|     1 |     0 |133106 |     - |   375M |   0 |2297 |  20k|  22k|3350 | 44 |   6 |   0 | 6.798063e+03 | 6.805660e+03 |   0.11%| unknown
 time | node  | left  |LP iter|LP it/n|mem/heur|mdpt |vars |cons |rows |cuts |sepa|confs|strbr|  dualbound   | primalbound  |  gap   | compl. 
  156s|     1 |     0 |133106 |     - |   375M |   0 |2297 |  20k|  22k|3350 | 44 |   6 |   0 | 6.798063e+03 | 6.805660e+03 |   0.11%| unknown
  165s|     1 |     0 |141775 |     - |   375M |   0 |2297 |  20k|  22k|3415 | 45 |   6 |   0 | 6.798104e+03 | 6.805660e+03 |   0.11%| unknown
  166s|     1 |     0 |141775 |     - |   375M |   0 |2297 |  20k|  22k|3415 | 45 |   6 |   0 | 6.798104e+03 | 6.805660e+03 |   0.11%| unknown
  169s|     1 |     0 |144620 |     - |   375M |   0 |2297 |  20k|  22k|3442 | 46 |   6 |   0 | 6.798114e+03 | 6.805660e+03 |   0.11%| unknown
  169s|     1 |     0 |144620 |     - |   375M |   0 |2297 |  20k|  22k|3442 | 46 |   6 |   0 | 6.798114e+03 | 6.805660e+03 |   0.11%| unknown
  177s|     1 |     0 |152095 |     - |   375M |   0 |2297 |  20k|  22k|3491 | 47 |   6 |   0 | 6.798183e+03 | 6.805660e+03 |   0.11%| unknown
  177s|     1 |     0 |152096 |     - |   375M |   0 |2297 |  20k|  22k|3491 | 47 |   6 |   0 | 6.798183e+03 | 6.805660e+03 |   0.11%| unknown
  182s|     1 |     0 |155824 |     - |   375M |   0 |2297 |  20k|  21k|3515 | 48 |   6 |   0 | 6.798202e+03 | 6.805660e+03 |   0.11%| unknown
  182s|     1 |     0 |155824 |     - |   375M |   0 |2297 |  20k|  21k|3515 | 48 |   6 |   0 | 6.798202e+03 | 6.805660e+03 |   0.11%| unknown
  190s|     1 |     0 |163394 |     - |   375M |   0 |2297 |  20k|  22k|3564 | 49 |   6 |   0 | 6.798250e+03 | 6.805660e+03 |   0.11%| unknown
  192s|     1 |     0 |164997 |     - |   375M |   0 |2297 |  20k|  22k|3579 | 50 |   6 |   0 | 6.798251e+03 | 6.805660e+03 |   0.11%| unknown
(run 1, node 1) restarting after 412 global fixings of integer variables

(restart) converted 619 cuts from the global cut pool into linear constraints

presolving:
(round 1, fast)       420 del vars, 2 del conss, 0 add conss, 5 chg bounds, 0 chg sides, 16241 chg coeffs, 0 upgd conss, 30000 impls, 16959 clqs
   (191.8s) running MILP presolver
   (191.8s) MILP presolver (2 rounds): 0 aggregations, 7 fixings, 56 bound changes
(round 2, medium)     427 del vars, 2 del conss, 0 add conss, 71 chg bounds, 7 chg sides, 16241 chg coeffs, 0 upgd conss, 30000 impls, 16959 clqs
(round 3, exhaustive) 427 del vars, 12 del conss, 0 add conss, 71 chg bounds, 7 chg sides, 16241 chg coeffs, 61 upgd conss, 30000 impls, 16959 clqs
presolving (4 rounds: 4 fast, 3 medium, 2 exhaustive):
 427 deleted vars, 21 deleted constraints, 0 added constraints, 71 tightened bounds, 0 added holes, 7 changed sides, 16241 changed coefficients
 30000 implications, 16959 cliques
presolved problem has 1870 variables (1770 bin, 0 int, 0 impl, 100 cont) and 20890 constraints
      1 constraints of type <chancecons>
  20279 constraints of type <varbound>
      1 constraints of type <knapsack>
     52 constraints of type <setppc>
    557 constraints of type <linear>
Presolving Time: 2.86
transformed 6/6 original solutions to the transformed problem space

 time | node  | left  |LP iter|LP it/n|mem/heur|mdpt |vars |cons |rows |cuts |sepa|confs|strbr|  dualbound   | primalbound  |  gap   | compl. 
  196s|     1 |     0 |173851 |     - |   366M |   0 |1870 |  20k|  20k|   0 |  0 |   6 |   0 | 6.798251e+03 | 6.805660e+03 |   0.11%| unknown
  198s|     1 |     0 |177065 |     - |   369M |   0 |1870 |  20k|  20k|  80 |  1 |  16 |   0 | 6.798251e+03 | 6.805660e+03 |   0.11%| unknown
  200s|     1 |     0 |181181 |     - |   371M |   0 |1870 |  20k|  21k| 164 |  2 |  16 |   0 | 6.798251e+03 | 6.805660e+03 |   0.11%| unknown
  202s|     1 |     0 |184781 |     - |   374M |   0 |1870 |  20k|  21k| 247 |  3 |  16 |   0 | 6.798251e+03 | 6.805660e+03 |   0.11%| unknown
  204s|     1 |     0 |188906 |     - |   376M |   0 |1870 |  20k|  21k| 334 |  4 |  16 |   0 | 6.798251e+03 | 6.805660e+03 |   0.11%| unknown
  207s|     1 |     0 |192542 |     - |   378M |   0 |1870 |  20k|  21k| 397 |  5 |  16 |   0 | 6.798251e+03 | 6.805660e+03 |   0.11%| unknown
  210s|     1 |     0 |196581 |     - |   380M |   0 |1870 |  20k|  21k| 464 |  6 |  16 |   0 | 6.798251e+03 | 6.805660e+03 |   0.11%| unknown
  213s|     1 |     0 |200874 |     - |   382M |   0 |1870 |  20k|  21k| 559 |  7 |  16 |   0 | 6.798251e+03 | 6.805660e+03 |   0.11%| unknown
  216s|     1 |     0 |205157 |     - |   384M |   0 |1870 |  20k|  21k| 642 |  8 |  16 |   0 | 6.798251e+03 | 6.805660e+03 |   0.11%| unknown
  221s|     1 |     0 |210520 |     - |   387M |   0 |1870 |  20k|  21k| 739 |  9 |  16 |   0 | 6.798251e+03 | 6.805660e+03 |   0.11%| unknown
  225s|     1 |     0 |215276 |     - |   390M |   0 |1870 |  20k|  21k| 831 | 10 |  16 |   0 | 6.798251e+03 | 6.805660e+03 |   0.11%| unknown
  230s|     1 |     0 |222028 |     - |   392M |   0 |1870 |  20k|  21k| 934 | 11 |  16 |   0 | 6.798251e+03 | 6.805660e+03 |   0.11%| unknown
  236s|     1 |     0 |228771 |     - |   394M |   0 |1870 |  20k|  21k|1040 | 12 |  16 |   0 | 6.798251e+03 | 6.805660e+03 |   0.11%| unknown
  242s|     1 |     0 |235240 |     - |   396M |   0 |1870 |  20k|  22k|1141 | 13 |  16 |   0 | 6.798251e+03 | 6.805660e+03 |   0.11%| unknown
  242s|     1 |     0 |235240 |     - |   396M |   0 |1870 |  20k|  22k|1141 | 13 |  16 |   0 | 6.798251e+03 | 6.805660e+03 |   0.11%| unknown
 time | node  | left  |LP iter|LP it/n|mem/heur|mdpt |vars |cons |rows |cuts |sepa|confs|strbr|  dualbound   | primalbound  |  gap   | compl. 
  248s|     1 |     0 |242381 |     - |   398M |   0 |1870 |  20k|  21k|1248 | 14 |  16 |   0 | 6.798251e+03 | 6.805660e+03 |   0.11%| unknown
  248s|     1 |     0 |242381 |     - |   399M |   0 |1870 |  20k|  21k|1248 | 14 |  16 |   0 | 6.798251e+03 | 6.805660e+03 |   0.11%| unknown
  254s|     1 |     0 |248989 |     - |   402M |   0 |1870 |  20k|  21k|1353 | 15 |  16 |   0 | 6.798251e+03 | 6.805660e+03 |   0.11%| unknown
  254s|     1 |     0 |248989 |     - |   402M |   0 |1870 |  20k|  21k|1353 | 15 |  16 |   0 | 6.798251e+03 | 6.805660e+03 |   0.11%| unknown
  262s|     1 |     0 |257691 |     - |   405M |   0 |1870 |  20k|  21k|1462 | 16 |  16 |   0 | 6.798251e+03 | 6.805660e+03 |   0.11%| unknown
  262s|     1 |     0 |257691 |     - |   405M |   0 |1870 |  20k|  21k|1462 | 16 |  16 |   0 | 6.798251e+03 | 6.805660e+03 |   0.11%| unknown
  270s|     1 |     0 |265650 |     - |   407M |   0 |1870 |  20k|  21k|1573 | 17 |  16 |   0 | 6.798251e+03 | 6.805660e+03 |   0.11%| unknown
  279s|     1 |     0 |275456 |     - |   407M |   0 |1870 |  20k|  21k|1680 | 18 |  16 |   0 | 6.798251e+03 | 6.805660e+03 |   0.11%| unknown
  289s|     1 |     0 |285839 |     - |   407M |   0 |1870 |  20k|  22k|1760 | 19 |  16 |   0 | 6.798292e+03 | 6.805660e+03 |   0.11%| unknown
  296s|     1 |     0 |294023 |     - |   409M |   0 |1870 |  20k|  22k|1819 | 20 |  16 |   0 | 6.798307e+03 | 6.805660e+03 |   0.11%| unknown
  296s|     1 |     0 |294049 |     - |   409M |   0 |1870 |  20k|  21k|1819 | 20 |  16 |   0 | 6.798307e+03 | 6.805660e+03 |   0.11%| unknown
  298s|     1 |     0 |295329 |     - |   409M |   0 |1870 |  20k|  21k|1855 | 21 |  16 |   0 | 6.798308e+03 | 6.805660e+03 |   0.11%| unknown
  299s|     1 |     0 |297200 |     - |   409M |   0 |1870 |  20k|  21k|1856 | 22 |  16 |   0 | 6.798315e+03 | 6.805660e+03 |   0.11%| unknown
  299s|     1 |     0 |297200 |     - |   409M |   0 |1870 |  20k|  21k|1856 | 22 |  16 |   0 | 6.798315e+03 | 6.805660e+03 |   0.11%| unknown
  300s|     1 |     0 |298070 |     - |   409M |   0 |1870 |  20k|  21k|1858 | 23 |  16 |   0 | 6.798316e+03 | 6.805660e+03 |   0.11%| unknown
 time | node  | left  |LP iter|LP it/n|mem/heur|mdpt |vars |cons |rows |cuts |sepa|confs|strbr|  dualbound   | primalbound  |  gap   | compl. 
  301s|     1 |     0 |298341 |     - |   409M |   0 |1870 |  20k|  21k|1859 | 24 |  16 |   0 | 6.798317e+03 | 6.805660e+03 |   0.11%| unknown
  301s|     1 |     0 |298399 |     - |   409M |   0 |1870 |  20k|  20k|1860 | 25 |  16 |   0 | 6.798317e+03 | 6.805660e+03 |   0.11%| unknown
L 321s|     1 |     0 |323070 |     - |    rens|   0 |1870 |  20k|  20k|1860 | 26 |  16 |   0 | 6.798317e+03 | 6.798483e+03 |   0.00%| unknown
  321s|     1 |     0 |323070 |     - |   410M |   0 |1870 |  20k|  20k|1860 | 26 |  16 |   0 | 6.798317e+03 | 6.798483e+03 |   0.00%| unknown
  321s|     1 |     0 |323070 |     - |   411M |   0 |1870 |  20k|  15k|1860 | 26 |  16 |   0 | 6.798317e+03 | 6.798483e+03 |   0.00%| unknown
  321s|     1 |     0 |323070 |     - |   410M |   0 |1870 |  20k|3604 |1860 | 27 |  16 |   0 | 6.798317e+03 | 6.798483e+03 |   0.00%| unknown
(run 2, node 1) restarting after 1030 global fixings of integer variables

(restart) converted 404 cuts from the global cut pool into linear constraints

presolving:
(round 1, fast)       1171 del vars, 22 del conss, 0 add conss, 0 chg bounds, 0 chg sides, 2496 chg coeffs, 0 upgd conss, 30000 impls, 104 clqs
   (320.9s) running MILP presolver
   (320.9s) MILP presolver (2 rounds): 0 aggregations, 0 fixings, 93 bound changes
(round 2, medium)     1171 del vars, 22 del conss, 0 add conss, 93 chg bounds, 0 chg sides, 2496 chg coeffs, 0 upgd conss, 30000 impls, 104 clqs
(round 3, exhaustive) 1171 del vars, 39 del conss, 0 add conss, 93 chg bounds, 0 chg sides, 2496 chg coeffs, 0 upgd conss, 30000 impls, 104 clqs
(round 4, exhaustive) 1171 del vars, 39 del conss, 0 add conss, 93 chg bounds, 0 chg sides, 2496 chg coeffs, 26 upgd conss, 30000 impls, 104 clqs
(round 5, medium)     1171 del vars, 58 del conss, 0 add conss, 93 chg bounds, 0 chg sides, 2496 chg coeffs, 26 upgd conss, 30000 impls, 104 clqs
presolving (6 rounds: 6 fast, 5 medium, 3 exhaustive):
 1171 deleted vars, 58 deleted constraints, 0 added constraints, 93 tightened bounds, 0 added holes, 0 changed sides, 2496 changed coefficients
 30000 implications, 104 cliques
presolved problem has 699 variables (599 bin, 0 int, 0 impl, 100 cont) and 3125 constraints
      1 constraints of type <chancecons>
   2203 constraints of type <varbound>
      1 constraints of type <knapsack>
     11 constraints of type <setppc>
    909 constraints of type <linear>
Presolving Time: 2.93
transformed 6/12 original solutions to the transformed problem space

 time | node  | left  |LP iter|LP it/n|mem/heur|mdpt |vars |cons |rows |cuts |sepa|confs|strbr|  dualbound   | primalbound  |  gap   | compl. 
  321s|     1 |     0 |327663 |     - |   405M |   0 | 699 |3125 |3124 |   0 |  0 |  16 |   0 | 6.798317e+03 | 6.798483e+03 |   0.00%| unknown
  322s|     1 |     0 |329513 |     - |   416M |   0 | 699 |3125 |3198 |  74 |  1 |  16 |   0 | 6.798317e+03 | 6.798483e+03 |   0.00%| unknown
  322s|     1 |     0 |331116 |     - |   434M |   0 | 699 |3125 |3276 | 152 |  2 |  16 |   0 | 6.798317e+03 | 6.798483e+03 |   0.00%| unknown
  323s|     1 |     0 |333099 |     - |   454M |   0 | 699 |3125 |3361 | 237 |  3 |  16 |   0 | 6.798317e+03 | 6.798483e+03 |   0.00%| unknown
  323s|     1 |     0 |333099 |     - |   454M |   0 | 699 |3125 |3309 | 237 |  3 |  16 |   0 | 6.798317e+03 | 6.798483e+03 |   0.00%| unknown
  323s|     1 |     0 |334618 |     - |   471M |   0 | 699 |3121 |3211 | 311 |  4 |  16 |   0 | 6.798317e+03 | 6.798483e+03 |   0.00%| unknown
  323s|     1 |     0 |334623 |     - |   471M |   0 | 699 |3121 |3120 | 311 |  4 |  16 |   0 | 6.798317e+03 | 6.798483e+03 |   0.00%| unknown
  324s|     1 |     0 |335677 |     - |   475M |   0 | 699 |3116 |2648 | 370 |  5 |  16 |   0 | 6.798317e+03 | 6.798483e+03 |   0.00%| unknown
  324s|     1 |     0 |335680 |     - |   475M |   0 | 699 |3116 |2547 | 370 |  5 |  16 |   0 | 6.798317e+03 | 6.798483e+03 |   0.00%| unknown
  324s|     1 |     0 |335973 |     - |   477M |   0 | 699 |3115 |2491 | 415 |  6 |  16 |   0 | 6.798317e+03 | 6.798483e+03 |   0.00%| unknown
  324s|     1 |     0 |335973 |     - |   477M |   0 | 699 |3115 |2448 | 415 |  6 |  16 |   0 | 6.798317e+03 | 6.798483e+03 |   0.00%| unknown
  324s|     1 |     0 |336280 |     - |   479M |   0 | 699 |3115 |2386 | 418 |  7 |  16 |   0 | 6.798317e+03 | 6.798483e+03 |   0.00%| unknown
  324s|     1 |     0 |336283 |     - |   479M |   0 | 699 |3115 |2361 | 418 |  7 |  16 |   0 | 6.798317e+03 | 6.798483e+03 |   0.00%| unknown
  324s|     1 |     0 |336286 |     - |   479M |   0 | 699 |3115 |2361 | 418 |  7 |  16 |   0 | 6.798317e+03 | 6.798483e+03 |   0.00%| unknown
  324s|     1 |     0 |336287 |     - |   479M |   0 | 699 |3115 |2361 | 418 |  7 |  16 |   0 | 6.798317e+03 | 6.798483e+03 |   0.00%| unknown
 time | node  | left  |LP iter|LP it/n|mem/heur|mdpt |vars |cons |rows |cuts |sepa|confs|strbr|  dualbound   | primalbound  |  gap   | compl. 
  324s|     1 |     0 |336467 |     - |   484M |   0 | 699 |3115 |1610 | 425 |  8 |  16 |   0 | 6.798328e+03 | 6.798483e+03 |   0.00%| unknown
  324s|     1 |     0 |336467 |     - |   484M |   0 | 699 |3115 |1603 | 425 |  8 |  16 |   0 | 6.798328e+03 | 6.798483e+03 |   0.00%| unknown
  324s|     1 |     0 |336467 |     - |   484M |   0 | 699 |3115 |1581 | 425 |  9 |  16 |   0 | 6.798328e+03 | 6.798483e+03 |   0.00%| unknown
d 324s|     1 |     0 |336467 |     - |conflict|   0 | 699 |1783 |1581 |   0 | 10 |  16 |   0 | 6.798328e+03 | 6.798328e+03 |   0.00%| unknown
  324s|     1 |     0 |336467 |     - |   484M |   0 | 699 |1783 |1581 | 425 | 10 |  16 |   0 | 6.798328e+03 | 6.798328e+03 |   0.00%| unknown

SCIP Status        : problem is solved [optimal solution found]
Solving Time (sec) : 323.93
Solving Nodes      : 1 (total of 3 nodes in 3 runs)
Primal Bound       : +6.79832784555525e+03 (14 solutions)
Dual Bound         : +6.79832784555525e+03
Gap                : 0.00 %

primal solution (original space):
=================================

objective value:                     6798.32784555525
z#25                                                1 	(obj:0)
z#32                                 1.00000000000002 	(obj:0)
z#35                                                1 	(obj:0)
z#37                                                1 	(obj:0)
z#44                                                1 	(obj:0)
z#55                                                1 	(obj:0)
z#63                                                1 	(obj:0)
z#64                                0.999999999999998 	(obj:0)
z#67                                                1 	(obj:0)
z#82                                                1 	(obj:0)
z#86                                 1.00000000000018 	(obj:0)
z#87                                                1 	(obj:0)
z#88                                 1.00000000000008 	(obj:0)
z#93                                                1 	(obj:0)
z#98                                                1 	(obj:0)
z#101                                               1 	(obj:0)
z#108                                               1 	(obj:0)
z#112                                               1 	(obj:0)
z#126                                               1 	(obj:0)
z#128                                               1 	(obj:0)
z#132                                               1 	(obj:0)
z#142                                               1 	(obj:0)
z#159                                               1 	(obj:0)
z#165                                               1 	(obj:0)
z#173                                               1 	(obj:0)
z#179                               0.999999999999939 	(obj:0)
z#180                                               1 	(obj:0)
z#188                                               1 	(obj:0)
z#194                                               1 	(obj:0)
z#200                                               1 	(obj:0)
z#212                                               1 	(obj:0)
z#214                                               1 	(obj:0)
z#222                               0.999999999999984 	(obj:0)
z#231                                               1 	(obj:0)
z#233                                               1 	(obj:0)
z#240                                               1 	(obj:0)
z#244                                               1 	(obj:0)
z#260                                               1 	(obj:0)
z#265                                               1 	(obj:0)
z#270                               0.999999999999978 	(obj:0)
z#275                                               1 	(obj:0)
z#279                               0.999999999945498 	(obj:0)
z#282                                               1 	(obj:0)
z#298                                1.00000000000002 	(obj:0)
z#299                                1.00000000000002 	(obj:0)
z#332                               0.999999999999971 	(obj:0)
z#338                                               1 	(obj:0)
z#345                                1.00000000000002 	(obj:0)
z#346                                               1 	(obj:0)
z#354                                0.99999999999999 	(obj:0)
z#372                                               1 	(obj:0)
z#374                                               1 	(obj:0)
z#388                                               1 	(obj:0)
z#391                                               1 	(obj:0)
z#396                                               1 	(obj:0)
z#398                               0.999999999999943 	(obj:0)
z#421                                               1 	(obj:0)
z#432                                               1 	(obj:0)
z#433                                               1 	(obj:0)
z#437                                1.00000000000003 	(obj:0)
z#443                                               1 	(obj:0)
z#446                                               1 	(obj:0)
z#472                                               1 	(obj:0)
z#474                                               1 	(obj:0)
z#489                                               1 	(obj:0)
z#504                                               1 	(obj:0)
z#505                                               1 	(obj:0)
z#513                                               1 	(obj:0)
z#517                                               1 	(obj:0)
z#522                                               1 	(obj:0)
z#529                                               1 	(obj:0)
z#531                                               1 	(obj:0)
z#534                                               1 	(obj:0)
z#535                                1.00000000000001 	(obj:0)
z#538                                               1 	(obj:0)
z#547                               0.999999999999975 	(obj:0)
z#550                                               1 	(obj:0)
z#558                                               1 	(obj:0)
z#568                                1.00000000000012 	(obj:0)
z#578                                               1 	(obj:0)
z#581                                               1 	(obj:0)
z#583                               0.999999999999995 	(obj:0)
z#589                                               1 	(obj:0)
z#592                                               1 	(obj:0)
z#605                               0.999999999999982 	(obj:0)
z#613                                               1 	(obj:0)
z#614                                               1 	(obj:0)
z#629                               0.999999999999998 	(obj:0)
z#632                                               1 	(obj:0)
z#635                                               1 	(obj:0)
z#643                                               1 	(obj:0)
z#645                                               1 	(obj:0)
z#661                                               1 	(obj:0)
z#677                                               1 	(obj:0)
z#681                                1.00000000000001 	(obj:0)
z#688                                               1 	(obj:0)
z#692                                               1 	(obj:0)
z#702                                               1 	(obj:0)
z#712                                 1.0000000000001 	(obj:0)
z#719                                               1 	(obj:0)
z#722                                               1 	(obj:0)
z#736                                               1 	(obj:0)
z#738                                               1 	(obj:0)
z#747                                               1 	(obj:0)
z#754                                1.00000000000001 	(obj:0)
z#768                                1.00000000000001 	(obj:0)
z#769                               0.999999999999758 	(obj:0)
z#774                                1.00000000000001 	(obj:0)
z#788                                               1 	(obj:0)
z#792                                               1 	(obj:0)
z#798                                               1 	(obj:0)
z#803                                1.00000000000002 	(obj:0)
z#809                                               1 	(obj:0)
z#819                                 1.0000000000003 	(obj:0)
z#821                                1.00000000000039 	(obj:0)
z#829                               0.999999999999992 	(obj:0)
z#846                                0.99999999999991 	(obj:0)
z#854                                               1 	(obj:0)
z#855                                               1 	(obj:0)
z#859                               0.999999999999936 	(obj:0)
z#863                               0.999999999999983 	(obj:0)
z#877                                               1 	(obj:0)
z#883                                               1 	(obj:0)
z#886                               0.999999999999687 	(obj:0)
z#902                               0.999999999999083 	(obj:0)
z#906                                               1 	(obj:0)
z#907                                               1 	(obj:0)
z#917                               0.999999999999785 	(obj:0)
z#918                                1.00000000000002 	(obj:0)
z#936                                               1 	(obj:0)
z#939                                               1 	(obj:0)
z#944                                               1 	(obj:0)
z#953                               0.999999999999954 	(obj:0)
z#955                                               1 	(obj:0)
z#961                                               1 	(obj:0)
z#964                                               1 	(obj:0)
z#965                                               1 	(obj:0)
z#973                               0.999999999999131 	(obj:0)
z#976                                1.00000000000008 	(obj:0)
z#988                               0.999999999999992 	(obj:0)
z#990                               0.999999999945476 	(obj:0)
z#998                                               1 	(obj:0)
z#1000                                              1 	(obj:0)
z#1006                                              1 	(obj:0)
z#1009                              0.999999999999938 	(obj:0)
z#1010                               1.00000000000003 	(obj:0)
z#1021                                              1 	(obj:0)
z#1032                                              1 	(obj:0)
z#1055                                              1 	(obj:0)
z#1063                                              1 	(obj:0)
z#1064                                              1 	(obj:0)
z#1076                                              1 	(obj:0)
z#1077                                              1 	(obj:0)
z#1092                                              1 	(obj:0)
z#1101                                              1 	(obj:0)
z#1128                                              1 	(obj:0)
z#1130                               1.00000000000004 	(obj:0)
z#1135                              0.999999999999844 	(obj:0)
z#1138                                              1 	(obj:0)
z#1155                                              1 	(obj:0)
z#1161                               1.00000000000005 	(obj:0)
z#1174                                              1 	(obj:0)
z#1180                                              1 	(obj:0)
z#1181                                              1 	(obj:0)
z#1194                                              1 	(obj:0)
z#1197                                              1 	(obj:0)
z#1205                                              1 	(obj:0)
z#1227                                              1 	(obj:0)
z#1229                              0.999999999999888 	(obj:0)
z#1235                                              1 	(obj:0)
z#1239                                              1 	(obj:0)
z#1240                                              1 	(obj:0)
z#1242                                              1 	(obj:0)
z#1243                                              1 	(obj:0)
z#1244                                              1 	(obj:0)
z#1252                                              1 	(obj:0)
z#1261                                              1 	(obj:0)
z#1274                               1.00000000000002 	(obj:0)
z#1278                              0.999999999999933 	(obj:0)
z#1286                                              1 	(obj:0)
z#1289                                              1 	(obj:0)
z#1295                               1.00000000000004 	(obj:0)
z#1328                                              1 	(obj:0)
z#1336                                              1 	(obj:0)
z#1346                                              1 	(obj:0)
z#1362                                              1 	(obj:0)
z#1374                                              1 	(obj:0)
z#1390                                              1 	(obj:0)
z#1414                                              1 	(obj:0)
z#1428                                              1 	(obj:0)
z#1429                                              1 	(obj:0)
z#1431                                              1 	(obj:0)
z#1432                               1.00000000000019 	(obj:0)
z#1436                              0.999999999999996 	(obj:0)
z#1440                              0.999999999999999 	(obj:0)
z#1441                              0.999999999999895 	(obj:0)
z#1442                               1.00000000000005 	(obj:0)
z#1445                                              1 	(obj:0)
z#1452                               1.00000000000001 	(obj:0)
z#1458                                              1 	(obj:0)
z#1474                                              1 	(obj:0)
z#1487                                              1 	(obj:0)
z#1490                                              1 	(obj:0)
z#1491                                              1 	(obj:0)
z#1498                                              1 	(obj:0)
z#1499                                              1 	(obj:0)
z#1501                                              1 	(obj:0)
z#1514                                              1 	(obj:0)
z#1515                                              1 	(obj:0)
z#1519                                              1 	(obj:0)
z#1523                                              1 	(obj:0)
z#1524                              0.999999999999993 	(obj:0)
z#1535                                              1 	(obj:0)
z#1536                                              1 	(obj:0)
z#1543                                              1 	(obj:0)
z#1553                                              1 	(obj:0)
z#1563                                              1 	(obj:0)
z#1568                               0.99999999999999 	(obj:0)
z#1569                                              1 	(obj:0)
z#1573                              0.999999999999983 	(obj:0)
z#1580                                              1 	(obj:0)
z#1597                               1.00000000000047 	(obj:0)
z#1598                                              1 	(obj:0)
z#1602                               1.00000000000037 	(obj:0)
z#1603                                              1 	(obj:0)
z#1604                                              1 	(obj:0)
z#1615                                              1 	(obj:0)
z#1629                                              1 	(obj:0)
z#1635                                              1 	(obj:0)
z#1638                               1.00000000000007 	(obj:0)
z#1643                              0.999999999999703 	(obj:0)
z#1653                              0.999999999999772 	(obj:0)
z#1673                                              1 	(obj:0)
z#1686                                              1 	(obj:0)
z#1722                                              1 	(obj:0)
z#1728                               1.00000000000006 	(obj:0)
z#1737                                              1 	(obj:0)
z#1738                                              1 	(obj:0)
z#1743                              0.999999999999987 	(obj:0)
z#1748                                              1 	(obj:0)
z#1750                                              1 	(obj:0)
z#1751                                              1 	(obj:0)
z#1755                                              1 	(obj:0)
z#1758                                              1 	(obj:0)
z#1759                              0.999999999999951 	(obj:0)
z#1760                                              1 	(obj:0)
z#1765                                              1 	(obj:0)
z#1768                                              1 	(obj:0)
z#1773                               1.00000000000001 	(obj:0)
z#1774                                              1 	(obj:0)
z#1782                                              1 	(obj:0)
z#1799                                              1 	(obj:0)
z#1813                                              1 	(obj:0)
z#1830                                              1 	(obj:0)
z#1838                                              1 	(obj:0)
z#1846                              0.999999999999996 	(obj:0)
z#1855                                              1 	(obj:0)
z#1860                                              1 	(obj:0)
z#1867                               1.00000000000007 	(obj:0)
z#1882                                              1 	(obj:0)
z#1885                                              1 	(obj:0)
z#1893                                              1 	(obj:0)
z#1896                                              1 	(obj:0)
z#1897                                              1 	(obj:0)
z#1906                               1.00000000000007 	(obj:0)
z#1911                                              1 	(obj:0)
z#1913                                              1 	(obj:0)
z#1914                                              1 	(obj:0)
z#1924                                              1 	(obj:0)
z#1930                                              1 	(obj:0)
z#1943                              0.999999999999693 	(obj:0)
z#1945                               1.00000000000001 	(obj:0)
z#1950                                              1 	(obj:0)
z#1955                                              1 	(obj:0)
z#1977                                              1 	(obj:0)
z#1996                                              1 	(obj:0)
z#2003                                              1 	(obj:0)
z#2016                                              1 	(obj:0)
z#2019                                              1 	(obj:0)
z#2034                                              1 	(obj:0)
z#2052                                              1 	(obj:0)
z#2056                                              1 	(obj:0)
z#2058                              0.999999999999091 	(obj:0)
z#2059                                              1 	(obj:0)
z#2068                                              1 	(obj:0)
z#2080                                              1 	(obj:0)
z#2091                                              1 	(obj:0)
z#2099                                              1 	(obj:0)
z#2104                              0.999999999999943 	(obj:0)
z#2105                              0.999999999999996 	(obj:0)
z#2107                              0.999999999999975 	(obj:0)
z#2115                                              1 	(obj:0)
z#2125                                              1 	(obj:0)
z#2130                                              1 	(obj:0)
z#2143                                              1 	(obj:0)
z#2147                                              1 	(obj:0)
z#2153                                              1 	(obj:0)
z#2154                               1.00000000000002 	(obj:0)
z#2168                                              1 	(obj:0)
z#2182                                              1 	(obj:0)
y#25#51                              60.3252831898487 	(obj:0)
y#30#17                              75.2112912241485 	(obj:0)
y#30#21                              76.6235532407407 	(obj:0)
y#31#20                              81.4833503574981 	(obj:0)
y#31#81                              106.216356638871 	(obj:0)
y#32#42                              69.6810269799826 	(obj:0)
y#36#11                              79.7606376811594 	(obj:0)
y#36#13                              75.5238327904445 	(obj:0)
y#36#24                              88.1300217155266 	(obj:0)
y#36#27                              84.5125461254612 	(obj:0)
y#36#28                              74.6103768714506 	(obj:0)
y#36#41                              65.9725355566454 	(obj:0)
y#36#50                              108.181850117095 	(obj:0)
y#37#2                                53.781456582633 	(obj:0)
y#37#10                              94.6706307490106 	(obj:0)
y#37#16                              75.2873780487816 	(obj:0)
y#37#31                                65.80727735369 	(obj:0)
y#37#44                              109.321809895833 	(obj:0)
y#37#52                              83.3377983438758 	(obj:0)
y#37#53                              69.3286463798531 	(obj:0)
y#37#67                              79.5404279279279 	(obj:0)
y#37#78                              64.9678532311062 	(obj:0)
y#37#80                               87.750827067669 	(obj:0)
y#37#89                              86.4968814968815 	(obj:0)
y#38#29                              69.0190559440559 	(obj:0)
y#38#49                              56.2273599192314 	(obj:0)
y#38#68                              59.2058823529412 	(obj:0)
y#41#12                              46.4080558540257 	(obj:0)
y#41#36                              52.7861451460792 	(obj:0)
y#41#86                              65.8923743500867 	(obj:0)
y#41#91                               86.301585728444 	(obj:0)
y#42#61                              100.674938574939 	(obj:0)
y#47#77                              63.7476190476191 	(obj:0)
x#0                                    669.3116849812 	(obj:0.95)
x#1                                  71.3297641509425 	(obj:1.01)
x#2                                  1557.10994041042 	(obj:0.86)
x#5                                  42.9673545966225 	(obj:1.01)
x#9                                  77.4406691061158 	(obj:1)
x#11                                 99.2580134064595 	(obj:1)
x#13                                  2382.2006096604 	(obj:0.84)
x#17                                 104.080410958902 	(obj:0.97)
x#18                                 87.8119649303764 	(obj:0.99)
x#25                                 60.3252831898487 	(obj:0.97)
x#30                                 151.834844464889 	(obj:0.97)
x#31                                 187.699706996369 	(obj:0.97)
x#32                                 69.6810269799826 	(obj:0.96)
x#36                                 576.691800857783 	(obj:0.9)
x#37                                 870.290987077262 	(obj:0.92)
x#38                                 184.452298216228 	(obj:0.94)
x#41                                 251.388161078636 	(obj:0.93)
x#42                                 100.674938574939 	(obj:0.95)
x#47                                 63.7476190476191 	(obj:1.02)
y#0#6                                97.3715395157606 	(obj:0)
y#0#8                                65.3809523809524 	(obj:0)
y#0#18                               61.4356649792913 	(obj:0)
y#0#19                               57.3653992395433 	(obj:0)
y#0#43                               87.5191477587147 	(obj:0)
y#0#56                               77.2304106548278 	(obj:0)
y#0#70                               90.6410564853556 	(obj:0)
y#0#82                               72.9522335025381 	(obj:0)
y#0#90                               59.4152804642166 	(obj:0)
y#1#99                               71.3297641509425 	(obj:0)
y#2#0                                100.421073672188 	(obj:0)
y#2#4                                68.3193500738554 	(obj:0)
y#2#7                                81.5829324169533 	(obj:0)
y#2#15                                71.268659217877 	(obj:0)
y#2#23                               58.9421076642335 	(obj:0)
y#2#30                               58.5877622377622 	(obj:0)
y#2#32                               94.9445769449176 	(obj:0)
y#2#37                               56.8165789473684 	(obj:0)
y#2#45                                77.301541425819 	(obj:0)
y#2#46                                92.336485042735 	(obj:0)
y#2#47                               74.5975289964738 	(obj:0)
y#2#48                               78.5762159533076 	(obj:0)
y#2#54                               69.6059171597638 	(obj:0)
y#2#55                                71.625498652291 	(obj:0)
y#2#57                               47.7776442307693 	(obj:0)
y#2#59                                 52.38432760364 	(obj:0)
y#2#64                               63.1249588590233 	(obj:0)
y#2#69                               94.5159171298636 	(obj:0)
y#2#87                               86.6909887968811 	(obj:0)
y#2#94                               75.6274276859504 	(obj:0)
y#2#98                               82.0624476987448 	(obj:0)
y#5#72                               42.9673545966225 	(obj:0)
y#9#88                               77.4406691061158 	(obj:0)
y#11#38                              99.2580134064595 	(obj:0)
y#13#1                               102.738012088614 	(obj:0)
y#13#3                               80.2413450292398 	(obj:0)
y#13#5                               73.3213503649635 	(obj:0)
y#13#9                               80.6851543942992 	(obj:0)
y#13#14                               64.183415977962 	(obj:0)
y#13#22                              77.2189773326305 	(obj:0)
y#13#25                              81.0083415112856 	(obj:0)
y#13#26                              64.6291955247761 	(obj:0)
y#13#33                              78.7958141909138 	(obj:0)
y#13#34                              70.2572825527533 	(obj:0)
y#13#35                              76.4626601855904 	(obj:0)
y#13#39                              80.6811875693674 	(obj:0)
y#13#40                               80.054347826087 	(obj:0)
y#13#60                              89.1177922682806 	(obj:0)
y#13#62                              97.1345282024241 	(obj:0)
y#13#63                               55.190524911032 	(obj:0)
y#13#65                              84.4839735894153 	(obj:0)
y#13#66                              58.0908639523336 	(obj:0)
y#13#71                              98.2482648158035 	(obj:0)
y#13#73                              70.3332435344842 	(obj:0)
y#13#75                              74.4689601655317 	(obj:0)
y#13#76                              77.1762683201802 	(obj:0)
y#13#79                              82.0745876603543 	(obj:0)
y#13#83                              98.8062771908018 	(obj:0)
y#13#84                              51.9657279236273 	(obj:0)
y#13#85                              71.2139523578026 	(obj:0)
y#13#92                              79.6387500000001 	(obj:0)
y#13#93                              59.7910487288127 	(obj:0)
y#13#95                              55.0887890457852 	(obj:0)
y#13#96                              76.6168257157207 	(obj:0)
y#13#97                              92.4831467295227 	(obj:0)
y#17#74                              104.080410958902 	(obj:0)
y#18#58                              87.8119649303764 	(obj:0)
v#0                                  175.837300000001 	(obj:0)
v#1                                  152.976899999946 	(obj:0)
v#2                                           95.9999 	(obj:0)
v#3                                          137.2127 	(obj:0)
v#4                                          138.7566 	(obj:0)
v#5                                          120.5403 	(obj:0)
v#6                                          213.1463 	(obj:0)
v#7                                          142.4438 	(obj:0)
v#8                                           135.927 	(obj:0)
v#9                                          135.8738 	(obj:0)
v#10                                 144.088699999994 	(obj:0)
v#11                                         137.5871 	(obj:0)
v#12                                 86.4118000001959 	(obj:0)
v#13                                 139.114899999999 	(obj:0)
v#14                                 116.492900000001 	(obj:0)
v#15                                         127.5709 	(obj:0)
v#16                                 123.471300000002 	(obj:0)
v#17                                 134.553000000002 	(obj:0)
v#18                                         133.4997 	(obj:0)
v#19                                 120.696799999999 	(obj:0)
v#20                                 159.544399999981 	(obj:0)
v#21                                         132.4055 	(obj:0)
v#22                                         146.4844 	(obj:0)
v#23                                         129.2011 	(obj:0)
v#24                                         162.3355 	(obj:0)
v#25                                          165.095 	(obj:0)
v#26                                 121.309000000005 	(obj:0)
v#27                                         160.3203 	(obj:0)
v#28                                         144.5203 	(obj:0)
v#29                                         118.4367 	(obj:0)
v#30                                         134.0488 	(obj:0)
v#31                                 129.311300000001 	(obj:0)
v#32                                         167.1974 	(obj:0)
v#33                                          154.361 	(obj:0)
v#34                                         136.5099 	(obj:0)
v#35                                 173.034999999991 	(obj:0)
v#36                                  112.01219999998 	(obj:0)
v#37                                         107.9515 	(obj:0)
v#38                                         162.8824 	(obj:0)
v#39                                         145.3875 	(obj:0)
v#40                                         158.3475 	(obj:0)
v#41                                          134.518 	(obj:0)
v#42                                          160.127 	(obj:0)
v#43                                 158.147099999997 	(obj:0)
v#44                                         167.9183 	(obj:0)
v#45                                          160.478 	(obj:0)
v#46                                         172.8539 	(obj:0)
v#47                                 147.926900000008 	(obj:0)
v#48                                         161.5527 	(obj:0)
v#49                                 111.386399999997 	(obj:0)
v#50                                 184.774599999999 	(obj:0)
v#51                                 133.137899999996 	(obj:0)
v#52                                 171.092499999977 	(obj:0)
v#53                                         132.1404 	(obj:0)
v#54                                 141.160800000001 	(obj:0)
v#55                                         132.8653 	(obj:0)
v#56                                         139.1692 	(obj:0)
v#57                                 99.3775000000001 	(obj:0)
v#58                                         170.2674 	(obj:0)
v#59                                         103.6162 	(obj:0)
v#60                                 191.335899999999 	(obj:0)
v#61                                 163.898800000001 	(obj:0)
v#62                                 184.264199999999 	(obj:0)
v#63                                         124.0683 	(obj:0)
v#64                                 115.076799999999 	(obj:0)
v#65                                 140.750299999966 	(obj:0)
v#66                                          116.995 	(obj:0)
v#67                                         141.2638 	(obj:0)
v#68                                         125.8125 	(obj:0)
v#69                                          187.047 	(obj:0)
v#70                                         173.3057 	(obj:0)
v#71                                          184.019 	(obj:0)
v#72                                 91.6063999999993 	(obj:0)
v#73                                 130.538500000003 	(obj:0)
v#74                                 151.957399999998 	(obj:0)
v#75                                 143.948499999973 	(obj:0)
v#76                                         136.9107 	(obj:0)
v#77                                         153.9505 	(obj:0)
v#78                                         118.6313 	(obj:0)
v#79                                         134.3561 	(obj:0)
v#80                                         175.0629 	(obj:0)
v#81                                         165.5913 	(obj:0)
v#82                                         143.7159 	(obj:0)
v#83                                         158.9793 	(obj:0)
v#84                                 108.868199999999 	(obj:0)
v#85                                         146.4871 	(obj:0)
v#86                                         152.0796 	(obj:0)
v#87                                 177.976599999997 	(obj:0)
v#88                                          148.144 	(obj:0)
v#89                                           166.42 	(obj:0)
v#90                                         122.8708 	(obj:0)
v#91                                         174.1566 	(obj:0)
v#92                                         140.1642 	(obj:0)
v#93                                 112.885499999998 	(obj:0)
v#94                                         146.4147 	(obj:0)
v#95                                         128.7425 	(obj:0)
v#96                                         152.5441 	(obj:0)
v#97                                         156.9439 	(obj:0)
v#98                                         156.9034 	(obj:0)
v#99                                 151.219099999998 	(obj:0)

Statistics
==========

SCIP Status        : problem is solved [optimal solution found]
Total Time         :     324.85
  solving          :     323.93
  presolving       :       2.93 (included in solving)
  reading          :       0.92
  copying          :       0.23 (3 #copies) (minimal 0.06, maximal 0.09, average 0.08)
Original Problem   :
  Problem name     : 50-100-3000-0
  Variables        : 7334 (2184 binary, 0 integer, 0 implicit integer, 5150 continuous)
  Constraints      : 30152 initial, 30152 maximal
  Objective        : minimize, 50 non-zeros (abs.min = 0.84, abs.max = 1.32)
Presolved Problem  :
  Problem name     : t_50-100-3000-0
  Variables        : 699 (599 binary, 0 integer, 0 implicit integer, 100 continuous)
  Constraints      : 3125 initial, 3125 maximal
  Objective        : minimize, 100 non-zeros (abs.min = 0.359435, abs.max = 1.02)
  Nonzeros         : 12511 constraint, 22 clique table
Presolvers         :   ExecTime  SetupTime  Calls  FixedVars   AggrVars   ChgTypes  ChgBounds   AddHoles    DelCons    AddCons   ChgSides   ChgCoefs
  boundshift       :       0.00       0.00      0          0          0          0          0          0          0          0          0          0
  convertinttobin  :       0.00       0.00      0          0          0          0          0          0          0          0          0          0
  domcol           :       0.12       0.00      3          0          0          0          0          0          0          0          0          0
  dualagg          :       0.00       0.00      0          0          0          0          0          0          0          0          0          0
  dualcomp         :       0.03       0.00      3          0          0          0          0          0          0          0          0          0
  dualinfer        :       0.00       0.00      0          0          0          0          0          0          0          0          0          0
  dualsparsify     :       0.09       0.00      1          0          0          0          0          0          0          0          0          0
  gateextraction   :       0.00       0.00      0          0          0          0          0          0          0          0          0          0
  implics          :       0.00       0.00     11          0          0          0          0          0          0          0          0          0
  inttobinary      :       0.00       0.00      0          0          0          0          0          0          0          0          0          0
  milp             :       0.20       0.00      3       2747        143          0        149          0      30151      30008          0          0
  qpkktref         :       0.00       0.00      0          0          0          0          0          0          0          0          0          0
  redvub           :       0.00       0.00      0          0          0          0          0          0          0          0          0          0
  sparsify         :       0.03       0.00      1          0          0          0          0          0          0          0          0          0
  stuffing         :       0.00       0.00      0          0          0          0          0          0          0          0          0          0
  trivial          :       0.00       0.00     15       1442          0          0          0          0          0          0          0          0
  tworowbnd        :       0.00       0.00      0          0          0          0          0          0          0          0          0          0
  dualfix          :       0.00       0.00     15       2296          0          0          0          0          0          0          0          0
  genvbounds       :       0.00       0.00      0          0          0          0          0          0          0          0          0          0
  probing          :       2.04       0.00      1          0          0          0          0          0          0          0          0          0
  pseudoobj        :       0.00       0.00      3          0          0          0          5          0          0          0          0          0
  symmetry         :       0.00       0.00      1          0          0          0          0          0          0          0          0          0
  vbounds          :       0.01       0.00      3          0          0          0          0          0          0          0          0          0
  chancecons       :       0.03       0.00      1          0          0          0          0          0          0          0          0          0
  varbound         :       0.06       0.03     20          0          0          0          0          0         28          0          0      18419
  knapsack         :       0.05       0.00     23          0          0          0          0          0          0          0          0          0
  setppc           :       0.00       0.00     17          0          0          0          0          0          4          0          0          0
  linear           :       0.19       0.02     22          0          7          0        203          0         37          0          7        318
  bounddisjunction :       0.00       0.00      1          0          0          0          0          0         10          0          0          0
  benders          :       0.00       0.00      0          0          0          0          0          0          0          0          0          0
  components       :       0.00       0.00      3          0          0          0          0          0          0          0          0          0
  root node        :          -          -      -       1651          -          -       2475          -          -          -          -          -
Constraints        :     Number  MaxNumber  #Separate #Propagate    #EnfoLP    #EnfoRelax  #EnfoPS    #Check   #ResProp    Cutoffs    DomReds       Cuts    Applied      Conss   Children
  benderslp        :          0          0          0          0          0          0          0        139          0          0          0          0          0          0          0
  chancecons       :          1          1         81      57153          0          0          0          0          0          7          0       6992       3016          0          0
  integral         :          0          0          0          0          0          0          0        139          0          0          0          0          0          0          0
  varbound         :       2203       2203         81      57014          0          0          0        130       1100          1        764          0          0          0          0
  knapsack         :          1          1         81      57085          0          0          0         39          0         23          0          0          0          0          0
  setppc           :         11         11         37      12445          0          0          0          0          0          0          0          1          0          0          0
  linear           :        909        909         81      57122          0          0          0          9        138         12         20         17          1          0          0
  benders          :          0          0          0          0          0          0          0         27          0          0          0          0          0          0          0
  fixedvar         :          0          0          0          0          0          0          0         27          0          0          0          0          0          0          0
  countsols        :          0          0          0          0          0          0          0         27          0          0          0          0          0          0          0
  components       :          0          0          0          0          0          0          0          0          0          0          0          0          0          0          0
Constraint Timings :  TotalTime  SetupTime   Separate  Propagate     EnfoLP     EnfoPS     EnfoRelax   Check    ResProp    SB-Prop
  benderslp        :       0.00       0.00       0.00       0.00       0.00       0.00       0.00       0.00       0.00       0.00
  chancecons       :       3.41       0.00       0.22       3.20       0.00       0.00       0.00       0.00       0.00       0.00
  integral         :       0.00       0.00       0.00       0.00       0.00       0.00       0.00       0.00       0.00       0.00
  varbound         :       2.04       0.03       0.27       1.70       0.00       0.00       0.00       0.04       0.00       0.00
  knapsack         :       1.57       0.00       1.30       0.26       0.00       0.00       0.00       0.00       0.00       0.00
  setppc           :       0.00       0.00       0.00       0.00       0.00       0.00       0.00       0.00       0.00       0.00
  linear           :       0.26       0.02       0.10       0.13       0.00       0.00       0.00       0.00       0.00       0.00
  benders          :       0.00       0.00       0.00       0.00       0.00       0.00       0.00       0.00       0.00       0.00
  fixedvar         :       0.02       0.00       0.00       0.00       0.00       0.00       0.00       0.02       0.00       0.00
  countsols        :       0.00       0.00       0.00       0.00       0.00       0.00       0.00       0.00       0.00       0.00
  components       :       0.00       0.00       0.00       0.00       0.00       0.00       0.00       0.00       0.00       0.00
Propagators        : #Propagate   #ResProp    Cutoffs    DomReds
  dualfix          :         24          0          0        120
  genvbounds       :          0          0          0          0
  nlobbt           :          0          0          0          0
  obbt             :          0          0          0          0
  probing          :          0          0          0          0
  pseudoobj        :        174          0          0         38
  redcost          :        127          0          0       1530
  rootredcost      :          0          0          0          0
  symmetry         :          0          0          0          0
  vbounds          :      44415          0          0          0
Propagator Timings :  TotalTime  SetupTime   Presolve  Propagate    ResProp    SB-Prop
  dualfix          :       0.01       0.00       0.00       0.00       0.00       0.00
  genvbounds       :       0.00       0.00       0.00       0.00       0.00       0.00
  nlobbt           :       0.00       0.00       0.00       0.00       0.00       0.00
  obbt             :       0.00       0.00       0.00       0.00       0.00       0.00
  probing          :       2.04       0.00       2.04       0.00       0.00       0.00
  pseudoobj        :       0.03       0.00       0.00       0.03       0.00       0.00
  redcost          :       0.03       0.00       0.00       0.03       0.00       0.00
  rootredcost      :       0.00       0.00       0.00       0.00       0.00       0.00
  symmetry         :       0.01       0.00       0.00       0.01       0.00       0.00
  vbounds          :       0.04       0.00       0.01       0.03       0.00       0.00
Symmetry           :
  orbitopal red.   :          0 reductions applied,          0 cutoffs
  orbital reduction:          0 reductions applied,          0 cutoffs
  lexicographic red:          0 reductions applied,          0 cutoffs
  shadow tree time :       0.00 s
Conflict Analysis  :       Time      Calls    Success    DomReds  Conflicts   Literals    Reconvs ReconvLits   Dualrays   Nonzeros   LP Iters   (pool size: [10000,10000])
  propagation      :       0.00         20          2          -         53      147.5          0        0.0          -          -          -
  infeasible LP    :       0.00          0          0          -          0        0.0          0        0.0          0        0.0          0
  bound exceed. LP :       0.25         23          9          -          6       23.8          0        0.0          6       71.7        240
  strong branching :       0.00          0          0          -          0        0.0          0        0.0          -          -          0
  pseudo solution  :       0.00          0          0          -          0        0.0          0        0.0          -          -          -
  applied globally :       0.00          -          -          2         10      145.0          -          -          6          -          -
  applied locally  :          -          -          -          0          0        0.0          -          -          0          -          -
Separators         :   ExecTime  SetupTime      Calls  RootCalls    Cutoffs    DomReds  FoundCuts ViaPoolAdd  DirectAdd    Applied ViaPoolApp  DirectApp      Conss
  cut pool         :       0.11          -        160        160          -          -      30647      52282          -          -          -          -          -    (maximal pool size:      17005)
  aggregation      :       7.17       0.00         79         79          0          0      26120      44923          0       2062       2062          0          0
  > cmir           :          -          -          -          -          -          -          -      44139          0       2061       2061          0          -
  > flowcover      :          -          -          -          -          -          -          -        784          0          1          1          0          -
  > knapsackcover  :          -          -          -          -          -          -          -          0          0          0          0          0          -
  cgmip            :       0.00       0.00          0          0          0          0          0          0          0          0          0          0          0
  clique           :       1.49       0.00         79         79          0          0          0          0          0          0          0          0          0
  closecuts        :       0.00       0.00          0          0          0          0          0          0          0          0          0          0          0
  convexproj       :       0.00       0.00          0          0          0          0          0          0          0          0          0          0          0
  disjunctive      :       0.00       0.00          0          0          0          0          0          0          0          0          0          0          0
  eccuts           :       0.00       0.00          0          0          0          0          0          0          0          0          0          0          0
  gauge            :       0.00       0.00          0          0          0          0          0          0          0          0          0          0          0
  gomory           :       1.73       0.00         28         28          0          0       3260       5595          0        559        559          0          0
  > gomorymi       :          -          -          -          -          -          -          -       5595          0        559        559          0          -
  > strongcg       :          -          -          -          -          -          -          -          0          0          0          0          0          -
  impliedbounds    :       0.18       0.00         79         79          0          1       1267       1764          0        226        226          0          0
  interminor       :       0.00       0.00          0          0          0          0          0          0          0          0          0          0          0
  intobj           :       0.00       0.00          0          0          0          0          0          0          0          0          0          0          0
  lagromory        :       0.00       0.00          0          0          0          0          0          0          0          0          0          0          0
  mcf              :       0.00       0.00          5          5          0          0          0          0          0          0          0          0          0
  minor            :       0.00       0.00         30         30          0          0          0          0          0          0          0          0          0
  mixing           :       0.00       0.00          0          0          0          0          0          0          0          0          0          0          0
  oddcycle         :       0.00       0.00          0          0          0          0          0          0          0          0          0          0          0
  rapidlearning    :       0.00       0.00          0          0          0          0          0          0          0          0          0          0          0
  rlt              :       0.00       0.00         30         30          0          0          0          0          0          0          0          0          0
  zerohalf         :       0.09       0.00         48         48          0          0          0          0          0          0          0          0          0
Cutselectors       :   ExecTime  SetupTime      Calls  RootCalls   Selected     Forced   Filtered  RootSelec   RootForc   RootFilt 
  hybrid           :       0.21       0.00         83         83       5864          0      53428       5864          0      53428
  ensemble         :       0.00       0.00          0          0          0          0          0          0          0          0
  dynamic          :       0.00       0.00          0          0          0          0          0          0          0          0
Pricers            :   ExecTime  SetupTime      Calls       Vars
  problem variables:       0.00          -          0          0
Branching Rules    :   ExecTime  SetupTime   BranchLP  BranchExt   BranchPS    Cutoffs    DomReds       Cuts      Conss   Children
  allfullstrong    :       0.00       0.00          0          0          0          0          0          0          0          0
  cloud            :       0.00       0.00          0          0          0          0          0          0          0          0
  distribution     :       0.00       0.00          0          0          0          0          0          0          0          0
  fullstrong       :       0.00       0.00          0          0          0          0          0          0          0          0
  gomory           :       0.00       0.00          0          0          0          0          0          0          0          0
  inference        :       0.00       0.00          0          0          0          0          0          0          0          0
  leastinf         :       0.00       0.00          0          0          0          0          0          0          0          0
  lookahead        :       0.00       0.00          0          0          0          0          0          0          0          0
  mostinf          :       0.00       0.00          0          0          0          0          0          0          0          0
  multaggr         :       0.00       0.00          0          0          0          0          0          0          0          0
  nodereopt        :       0.00       0.00          0          0          0          0          0          0          0          0
  pscost           :       0.00       0.00          0          0          0          0          0          0          0          0
  random           :       0.00       0.00          0          0          0          0          0          0          0          0
  relpscost        :       0.00       0.00          0          0          0          0          0          0          0          0
  vanillafullstrong:       0.00       0.00          0          0          0          0          0          0          0          0
Primal Heuristics  :   ExecTime  SetupTime      Calls      Found       Best
  LP solutions     :       0.00          -          -          0          0
  relax solutions  :       0.00          -          -          0          0
  pseudo solutions :       0.00          -          -          0          0
  strong branching :       0.00          -          -          0          0
  actconsdiving    :       0.00       0.00          0          0          0
  adaptivediving   :       0.00       0.00          0          0          0
  alns             :       0.29       0.00          1          1          1
  bound            :       0.00       0.00          0          0          0
  clique           :       0.09       0.00          1          0          0
  coefdiving       :       0.00       0.00          0          0          0
  completesol      :       0.00       0.00          0          0          0
  conflictdiving   :      30.81       0.00          3          1          1
  crossover        :       0.00       0.00          0          0          0
  dins             :       0.00       0.00          0          0          0
  distributiondivin:       0.00       0.00          0          0          0
  dps              :       0.00       0.00          0          0          0
  dualval          :       0.00       0.00          0          0          0
  farkasdiving     :       0.00       0.00          0          0          0
  feaspump         :      13.05       0.00          1          1          1
  fixandinfer      :       0.00       0.00          0          0          0
  fracdiving       :       0.00       0.00          0          0          0
  gins             :       0.00       0.00          0          0          0
  guideddiving     :       0.00       0.00          0          0          0
  indicator        :       0.00       0.00          0          0          0
  indicatordiving  :       0.00       0.00          0          0          0
  intdiving        :       0.00       0.00          0          0          0
  intshifting      :       0.75       0.00          2          1          1
  linesearchdiving :       0.00       0.00          0          0          0
  localbranching   :       0.00       0.00          0          0          0
  locks            :       0.11       0.00          1          1          1
  lpface           :       0.00       0.00          0          0          0
  mpec             :       0.00       0.00          0          0          0
  multistart       :       0.00       0.00          0          0          0
  mutation         :       0.00       0.00          0          0          0
  nlpdiving        :       0.00       0.00          0          0          0
  objpscostdiving  :       0.00       0.00          0          0          0
  octane           :       0.00       0.00          0          0          0
  ofins            :       0.00       0.00          0          0          0
  oneopt           :       0.01       0.00          4          0          0
  padm             :       0.00       0.00          0          0          0
  proximity        :       0.00       0.00          0          0          0
  pscostdiving     :       0.00       0.00          0          0          0
  randrounding     :       4.92       0.00         89          0          0
  rens             :       4.90       0.00          2          2          2
  reoptsols        :       0.00       0.00          0          0          0
  repair           :       0.00       0.00          0          0          0
  rins             :       0.00       0.00          0          0          0
  rootsoldiving    :       0.00       0.00          0          0          0
  rounding         :       0.14       0.00         89          0          0
  scheduler        :       0.00       0.00          0          0          0
  shiftandpropagate:       0.00       0.00          0          0          0
  shifting         :       2.54       0.00         89          7          1
  simplerounding   :       0.00       0.00          0          0          0
  subnlp           :       0.00       0.00          0          0          0
  trivial          :       0.02       0.00          6          0          0
  trivialnegation  :       0.00       0.00          0          0          0
  trustregion      :       0.00       0.00          0          0          0
  trysol           :       0.00       0.00          0          0          0
  twoopt           :       0.00       0.00          0          0          0
  undercover       :       0.00       0.00          0          0          0
  vbounds          :       0.44       0.00          3          0          0
  veclendiving     :       0.00       0.00          0          0          0
  zeroobj          :       0.00       0.00          0          0          0
  zirounding       :       0.00       0.00          2          0          0
  other solutions  :          -          -          -          0          -
LNS (Scheduler)    :      Calls  SetupTime  SolveTime SolveNodes       Sols       Best       Exp3    Exp3-IX  EpsGreedy        UCB TgtFixRate  Opt  Inf Node Stal  Sol  Usr Othr Actv
  rens             :          0       0.00       0.00          0          0          0    0.00000    0.12500   -1.00000    1.00000      0.900    0    0    0    0    0    0    0    1
  rins             :          0       0.00       0.00          0          0          0    0.00000    0.12500   -1.00000    1.00000      0.900    0    0    0    0    0    0    0    1
  mutation         :          0       0.00       0.00          0          0          0    0.00000    0.12500   -1.00000    1.00000      0.900    0    0    0    0    0    0    0    1
  localbranching   :          0       0.00       0.00          0          0          0    0.00000    0.12500   -1.00000    1.00000      0.900    0    0    0    0    0    0    0    1
  crossover        :          0       0.00       0.00          0          0          0    0.00000    0.12500   -1.00000    1.00000      0.900    0    0    0    0    0    0    0    1
  proximity        :          0       0.00       0.00          0          0          0    0.00000    0.12500   -1.00000    1.00000      0.900    0    0    0    0    0    0    0    1
  zeroobjective    :          0       0.00       0.00          0          0          0    0.00000    0.12500   -1.00000    1.00000      0.900    0    0    0    0    0    0    0    1
  dins             :          0       0.00       0.00          0          0          0    0.00000    0.12500   -1.00000    1.00000      0.900    0    0    0    0    0    0    0    1
  trustregion      :          0       0.00       0.00          0          0          0    0.00000    0.00000   -1.00000    1.00000      0.900    0    0    0    0    0    0    0    0
LP                 :       Time      Calls Iterations  Iter/call   Iter/sec  Time-0-It Calls-0-It    ItLimit
  primal LP        :       0.49         13          0       0.00       0.00       0.49         13
  dual LP          :     248.25        131     287827    2998.20    1159.42       0.11         35
  lex dual LP      :       0.00          0          0       0.00          -
  barrier LP       :       0.00          0          0       0.00          -       0.00          0
  resolve instable :       0.00          0          0       0.00          -
  diving/probing LP:      44.25         18      48640    2702.22    1099.27
  strong branching :       0.00          0          0       0.00          -          -          -          0
    (at root node) :          -          0          0       0.00          -
  conflict analysis:       0.22         24        240      10.00    1104.81
B&B Tree           :
  number of runs   :          3
  nodes            :          1 (0 internal, 1 leaves)
  feasible leaves  :          0
  infeas. leaves   :          0
  objective leaves :          0
  nodes (total)    :          3 (0 internal, 3 leaves)
  nodes left       :          0
  max depth        :          0
  max depth (total):          0
  backtracks       :          0 (0.0%)
  early backtracks :          0 (0.0%)
  nodes exc. ref.  :          0 (0.0%)
  delayed cutoffs  :          0
  repropagations   :          0 (0 domain reductions, 0 cutoffs)
  avg switch length:       2.00
  switching time   :       0.00
Root Node          :
  First LP value   : +6.47338384944848e+03
  First LP Iters   :       3444 (2587.79 Iter/sec)
  First LP Time    :       1.33
  Final Dual Bound : +6.79832784555525e+03
  Final Root Iters :     287827
  Root LP Estimate :                     -
Solution           :
  Solutions found  :         14 (8 improvements)
  First Solution   : +6.95533885512701e+03   (in run 1, after 1 nodes, 2.94 seconds, depth 301, found by <locks>)
  Gap First Sol.   :      26.00 %
  Gap Last Sol.    :       0.00 %
  Primal Bound     : +6.79832784555525e+03   (in run 3, after 1 nodes, 323.93 seconds, depth 1, found by <conflictdiving>)
  Dual Bound       : +6.79832784555525e+03
  Gap              :       0.00 %
Integrals          :      Total       Avg%
  primal-dual      :     593.69       1.83
  primal-ref       :          -          - (not evaluated)
  dual-ref         :          -          - (not evaluated)

 Branching Statistics...

 Total number of propagations -> 57153

 Number of cutoffs of KnaCons -> 0

 Total number of variables fixed to 1 by the propagator -> 0

 Total number of variables fixed to 0 by the propagator -> 0

 Maximum number of rounds of the approximation algorithm -> 0

 Runtime of the exact algorithm -> 0.0000 s

 Total number of variables fixed to 1 in the exact algorithm -> 0

 Total number of variables fixed to 0 in the exact algorithm -> 0

 Number of cutoffs in the exact algorithm -> 0

 Number of cutoffs in the approximation algorithm -> 0

 PS:  
