***************************************
*         SCIP-based CCP Solver       *
*                                     *
*    Wei Lv and Wei-Kun Chen (2024)   *
***************************************
/beegfs/home/20250029/SCIP-CCP/build/ccp -f data/CCRPData/40-50-2000-2.ccrp -s settings/CCRPSetting/BASE+DB+OPF1.set 
SCIP version 9.1.0 [precision: 8 byte] [memory: block] [mode: optimized] [LP solver: Soplex 7.1.0] [GitHash: 8cab0278ba]
Copyright (c) 2002-2024 Zuse Institute Berlin (ZIB)

External libraries: 
  Soplex 7.1.0         Linear Programming Solver developed at Zuse Institute Berlin (soplex.zib.de) [GitHash: 595bfac9]
  CppAD 20180000.0     Algorithmic Differentiation of C++ algorithms developed by B. Bell (github.com/coin-or/CppAD)
  ZLIB 1.2.7           General purpose compression library by J. Gailly and M. Adler (zlib.net)
  GMP 6.2.1            GNU Multiple Precision Arithmetic Library developed by T. Granlund (gmplib.org)
  AMPL/MP 690e9e7      AMPL .nl file reader library (github.com/ampl/mp)
  PaPILO 2.3.0         parallel presolve for integer and linear optimization (github.com/scipopt/papilo) (built with TBB) [GitHash: 4b8ce6ed]
  Nauty 2.8.8          Computing Graph Automorphism Groups by Brendan D. McKay (users.cecs.anu.edu.au/~bdm/nauty)
  sassy 1.1            Symmetry preprocessor by Markus Anders (github.com/markusa4/sassy)

reading user parameter file <settings/CCRPSetting/BASE+DB+OPF1.set>

read problem <data/CCRPData/40-50-2000-2.ccrp>
============

File name: 	data/CCRPData/40-50-2000-2.ccrp
Problem name:	CCRPData/40-50-2000-2
NumResource: 	40
Dimension: 	50
NumScenario: 	2000
ConfidenceParameter: 	0.10
IsEqualProbability: 	1
BASE+DI: 	0
BASE+sDI: 	0
BASE+DB: 	0
BASE+DB+OPF: 	1
Dominance and Aggregation Statistics......
NumEdge:        1609911
NumBiEdge: 	306153
NumDomIneqs: 	1303758
DominanceRatio: 0.6522
NumAggScenario: 1218 
BasicNumScenario: 1217 
Propagator Statistics......
NumBasicDomIneqs: 44694
NumNonReDomIneqs: 14530
Duration: 0.1300 s 

original problem has 3308 variables (1218 bin, 0 int, 0 impl, 2090 cont) and 10092 constraints

solve problem
=============

presolving:
(round 1, fast)       928 del vars, 0 del conss, 0 add conss, 50 chg bounds, 0 chg sides, 0 chg coeffs, 0 upgd conss, 0 impls, 14530 clqs
   (0.1s) running MILP presolver
   (0.2s) MILP presolver (3 rounds): 88 aggregations, 1021 fixings, 0 bound changes
(round 2, medium)     2037 del vars, 10091 del conss, 10003 add conss, 50 chg bounds, 0 chg sides, 0 chg coeffs, 0 upgd conss, 0 impls, 14530 clqs
(round 3, fast)       2037 del vars, 10091 del conss, 10003 add conss, 98 chg bounds, 0 chg sides, 0 chg coeffs, 0 upgd conss, 0 impls, 14530 clqs
(round 4, exhaustive) 2037 del vars, 10091 del conss, 10003 add conss, 98 chg bounds, 0 chg sides, 0 chg coeffs, 10000 upgd conss, 0 impls, 14530 clqs
   (5.0s) probing: 1000/1217 (82.2%) - 0 fixings, 0 aggregations, 180955 implications, 0 bound changes
   (5.0s) probing: 1001/1217 (82.3%) - 0 fixings, 0 aggregations, 180993 implications, 0 bound changes
   (5.0s) probing aborted: 1000/1000 successive useless probings
   (5.1s) symmetry computation started: requiring (bin +, int +, cont +), (fixed: bin -, int -, cont -)
   Symmetry detection interrupted: constraints of type chancecons do not provide symmetry information.
   If symmetries shall be detected, implement the CONSGETPERMSYMGRAPH callback.
   (5.1s) could not compute symmetry
presolving (5 rounds: 5 fast, 3 medium, 2 exhaustive):
 2037 deleted vars, 10091 deleted constraints, 10003 added constraints, 98 tightened bounds, 0 added holes, 0 changed sides, 0 changed coefficients
 25829 implications, 24381 cliques
presolved problem has 1271 variables (1217 bin, 0 int, 0 impl, 54 cont) and 10004 constraints
      1 constraints of type <chancecons>
  10000 constraints of type <varbound>
      1 constraints of type <knapsack>
      2 constraints of type <linear>
Presolving Time: 5.03

 time | node  | left  |LP iter|LP it/n|mem/heur|mdpt |vars |cons |rows |cuts |sepa|confs|strbr|  dualbound   | primalbound  |  gap   | compl. 
p 6.1s|     1 |     0 |     2 |     - | vbounds|   0 |1271 |  10k|  10k|   0 |  0 |   0 |   0 | 3.143265e+03 | 3.924986e+03 |  24.87%| unknown
p 6.5s|     1 |     0 |     4 |     - | vbounds|   0 |1271 |  10k|  10k|   0 |  0 |   0 |   0 | 3.143265e+03 | 3.889549e+03 |  23.74%| unknown
  6.7s|     1 |     0 |  2032 |     - |   144M |   0 |1271 |  10k|  10k|   0 |  0 |   1 |   0 | 3.497982e+03 | 3.889549e+03 |  11.19%| unknown
r 6.9s|     1 |     0 |  2032 |     - |shifting|   0 |1271 |  10k|  10k|   0 |  0 |   1 |   0 | 3.497982e+03 | 3.773678e+03 |   7.88%| unknown
  7.0s|     1 |     0 |  2568 |     - |   146M |   0 |1271 |  10k|  10k|  51 |  1 |   1 |   0 | 3.548614e+03 | 3.773678e+03 |   6.34%| unknown
  7.1s|     1 |     0 |  2568 |     - |   146M |   0 |1271 |  10k|  10k|  51 |  1 |   1 |   0 | 3.548614e+03 | 3.773678e+03 |   6.34%| unknown
  7.2s|     1 |     0 |  3102 |     - |   147M |   0 |1271 |  10k|  10k| 118 |  2 |   1 |   0 | 3.583540e+03 | 3.773678e+03 |   5.31%| unknown
  7.4s|     1 |     0 |  3571 |     - |   148M |   0 |1271 |  10k|  10k| 196 |  3 |   1 |   0 | 3.602092e+03 | 3.773678e+03 |   4.76%| unknown
  7.6s|     1 |     0 |  3996 |     - |   151M |   0 |1271 |  10k|  10k| 275 |  4 |   1 |   0 | 3.616242e+03 | 3.773678e+03 |   4.35%| unknown
  7.8s|     1 |     0 |  4616 |     - |   152M |   0 |1271 |  10k|  10k| 349 |  5 |   1 |   0 | 3.627660e+03 | 3.773678e+03 |   4.03%| unknown
  8.0s|     1 |     0 |  5138 |     - |   153M |   0 |1271 |  10k|  10k| 419 |  6 |   1 |   0 | 3.633432e+03 | 3.773678e+03 |   3.86%| unknown
  8.2s|     1 |     0 |  5579 |     - |   154M |   0 |1271 |  10k|  10k| 482 |  7 |   1 |   0 | 3.637746e+03 | 3.773678e+03 |   3.74%| unknown
  8.4s|     1 |     0 |  5977 |     - |   156M |   0 |1271 |  10k|  10k| 543 |  8 |   1 |   0 | 3.640534e+03 | 3.773678e+03 |   3.66%| unknown
  8.7s|     1 |     0 |  6457 |     - |   159M |   0 |1271 |  10k|  10k| 596 |  9 |   1 |   0 | 3.643022e+03 | 3.773678e+03 |   3.59%| unknown
  8.9s|     1 |     0 |  6994 |     - |   161M |   0 |1271 |  10k|  10k| 652 | 10 |   1 |   0 | 3.644523e+03 | 3.773678e+03 |   3.54%| unknown
 time | node  | left  |LP iter|LP it/n|mem/heur|mdpt |vars |cons |rows |cuts |sepa|confs|strbr|  dualbound   | primalbound  |  gap   | compl. 
  9.2s|     1 |     0 |  7482 |     - |   162M |   0 |1271 |  10k|  10k| 707 | 11 |   1 |   0 | 3.645545e+03 | 3.773678e+03 |   3.51%| unknown
  9.5s|     1 |     0 |  8076 |     - |   163M |   0 |1271 |  10k|  10k| 761 | 12 |   1 |   0 | 3.646707e+03 | 3.773678e+03 |   3.48%| unknown
  9.8s|     1 |     0 |  8740 |     - |   165M |   0 |1271 |  10k|  10k| 820 | 13 |   1 |   0 | 3.647706e+03 | 3.773678e+03 |   3.45%| unknown
 10.2s|     1 |     0 |  9573 |     - |   166M |   0 |1271 |  10k|  10k| 882 | 14 |   1 |   0 | 3.648647e+03 | 3.773678e+03 |   3.43%| unknown
 10.6s|     1 |     0 | 10453 |     - |   169M |   0 |1271 |  10k|  10k| 943 | 15 |   1 |   0 | 3.649308e+03 | 3.773678e+03 |   3.41%| unknown
 11.1s|     1 |     0 | 11286 |     - |   170M |   0 |1271 |  10k|  10k|1007 | 16 |   1 |   0 | 3.649908e+03 | 3.773678e+03 |   3.39%| unknown
 11.7s|     1 |     0 | 12145 |     - |   172M |   0 |1271 |  10k|  11k|1084 | 17 |   1 |   0 | 3.650425e+03 | 3.773678e+03 |   3.38%| unknown
 12.2s|     1 |     0 | 13237 |     - |   173M |   0 |1271 |  10k|  11k|1143 | 18 |   1 |   0 | 3.650846e+03 | 3.773678e+03 |   3.36%| unknown
 12.9s|     1 |     0 | 14384 |     - |   175M |   0 |1271 |  10k|  11k|1213 | 19 |   1 |   0 | 3.651305e+03 | 3.773678e+03 |   3.35%| unknown
 13.6s|     1 |     0 | 15516 |     - |   176M |   0 |1271 |  10k|  11k|1293 | 20 |   1 |   0 | 3.651581e+03 | 3.773678e+03 |   3.34%| unknown
 14.3s|     1 |     0 | 16785 |     - |   176M |   0 |1271 |  10k|  11k|1362 | 21 |   1 |   0 | 3.651836e+03 | 3.773678e+03 |   3.34%| unknown
 15.0s|     1 |     0 | 17863 |     - |   178M |   0 |1271 |  10k|  11k|1427 | 22 |   1 |   0 | 3.652014e+03 | 3.773678e+03 |   3.33%| unknown
 15.6s|     1 |     0 | 19102 |     - |   178M |   0 |1271 |  10k|  11k|1483 | 23 |   1 |   0 | 3.652140e+03 | 3.773678e+03 |   3.33%| unknown
 16.5s|     1 |     0 | 20653 |     - |   179M |   0 |1271 |  10k|  11k|1541 | 24 |   1 |   0 | 3.652264e+03 | 3.773678e+03 |   3.32%| unknown
 17.4s|     1 |     0 | 22446 |     - |   180M |   0 |1271 |  10k|  11k|1599 | 25 |   1 |   0 | 3.652432e+03 | 3.773678e+03 |   3.32%| unknown
 time | node  | left  |LP iter|LP it/n|mem/heur|mdpt |vars |cons |rows |cuts |sepa|confs|strbr|  dualbound   | primalbound  |  gap   | compl. 
 18.1s|     1 |     0 | 23854 |     - |   180M |   0 |1271 |  10k|  11k|1653 | 26 |   1 |   0 | 3.652511e+03 | 3.773678e+03 |   3.32%| unknown
 18.8s|     1 |     0 | 25263 |     - |   180M |   0 |1271 |  10k|  11k|1704 | 27 |   1 |   0 | 3.652568e+03 | 3.773678e+03 |   3.32%| unknown
 19.5s|     1 |     0 | 26971 |     - |   180M |   0 |1271 |  10k|  11k|1756 | 28 |   1 |   0 | 3.652615e+03 | 3.773678e+03 |   3.31%| unknown
 20.2s|     1 |     0 | 28567 |     - |   180M |   0 |1271 |  10k|  11k|1794 | 29 |   1 |   0 | 3.652638e+03 | 3.773678e+03 |   3.31%| unknown
 20.3s|     1 |     0 | 28567 |     - |   180M |   0 |1271 |  10k|  11k|1794 | 29 |   1 |   0 | 3.652638e+03 | 3.773678e+03 |   3.31%| unknown
 21.2s|     1 |     0 | 31067 |     - |   180M |   0 |1271 |  10k|  11k|1857 | 30 |   1 |   0 | 3.652655e+03 | 3.773678e+03 |   3.31%| unknown
 22.1s|     1 |     0 | 33238 |     - |   180M |   0 |1271 |  10k|  11k|1927 | 31 |   1 |   0 | 3.652665e+03 | 3.773678e+03 |   3.31%| unknown
 23.0s|     1 |     0 | 35448 |     - |   180M |   0 |1271 |  10k|  11k|1983 | 32 |   1 |   0 | 3.652668e+03 | 3.773678e+03 |   3.31%| unknown
 24.9s|     1 |     0 | 40184 |     - |   180M |   0 |1271 |  10k|  11k|2029 | 33 |   1 |   0 | 3.652673e+03 | 3.773678e+03 |   3.31%| unknown
 25.1s|     1 |     0 | 40310 |     - |   180M |   0 |1271 |  10k|  11k|2072 | 34 |   1 |   0 | 3.652678e+03 | 3.773678e+03 |   3.31%| unknown
r25.1s|     1 |     0 | 40310 |     - |shifting|   0 |1271 |  10k|  11k|2072 | 34 |   1 |   0 | 3.652678e+03 | 3.693219e+03 |   1.11%| unknown
 26.7s|     1 |     0 | 44548 |     - |   180M |   0 |1271 |  10k|  11k|2074 | 35 |   1 |   0 | 3.652680e+03 | 3.693219e+03 |   1.11%| unknown
 26.8s|     1 |     0 | 44579 |     - |   180M |   0 |1271 |  10k|  11k|2074 | 35 |   1 |   0 | 3.652680e+03 | 3.693219e+03 |   1.11%| unknown
 27.0s|     1 |     0 | 44769 |     - |   180M |   0 |1271 |  10k|  11k|2098 | 36 |   1 |   0 | 3.652683e+03 | 3.693219e+03 |   1.11%| unknown
 27.0s|     1 |     0 | 44769 |     - |   180M |   0 |1271 |  10k|  11k|2098 | 37 |   1 |   0 | 3.652683e+03 | 3.693219e+03 |   1.11%| unknown
 time | node  | left  |LP iter|LP it/n|mem/heur|mdpt |vars |cons |rows |cuts |sepa|confs|strbr|  dualbound   | primalbound  |  gap   | compl. 
r27.3s|     1 |     0 | 45703 |     - |intshift|   0 |1271 |  10k|  11k|2098 | 38 |   1 |   0 | 3.652683e+03 | 3.656499e+03 |   0.10%| unknown
L41.3s|     1 |     0 | 89071 |     - |    rens|   0 |1271 |  10k|  11k|2098 | 38 |   6 |   0 | 3.652683e+03 | 3.653070e+03 |   0.01%| unknown
 42.1s|     1 |     0 | 89071 |     - |   182M |   0 |1271 |  10k|  11k|2098 | 38 |   6 |   0 | 3.652683e+03 | 3.653070e+03 |   0.01%| unknown
 42.2s|     1 |     0 | 89071 |     - |   182M |   0 |1271 |  10k|9085 |2098 | 38 |   6 |   0 | 3.652683e+03 | 3.653070e+03 |   0.01%| unknown
 42.2s|     1 |     0 | 89071 |     - |   182M |   0 |1271 |  10k|3113 |2098 | 39 |   6 |   0 | 3.652683e+03 | 3.653070e+03 |   0.01%| unknown
 42.2s|     1 |     0 | 89071 |     - |   182M |   0 |1271 |  10k|3113 |2098 | 39 |   6 |   0 | 3.652683e+03 | 3.653070e+03 |   0.01%| unknown
 42.2s|     1 |     0 | 89071 |     - |   182M |   0 |1271 |1791 |3113 |2098 | 39 |   6 |   0 | 3.652683e+03 | 3.653070e+03 |   0.01%| unknown
(run 1, node 1) restarting after 705 global fixings of integer variables

(restart) converted 515 cuts from the global cut pool into linear constraints

presolving:
(round 1, fast)       708 del vars, 49 del conss, 0 add conss, 1 chg bounds, 0 chg sides, 1914 chg coeffs, 0 upgd conss, 25829 impls, 376 clqs
   (42.2s) running MILP presolver
   (42.2s) MILP presolver (2 rounds): 0 aggregations, 1 fixings, 49 bound changes
(round 2, medium)     709 del vars, 49 del conss, 0 add conss, 52 chg bounds, 1 chg sides, 1914 chg coeffs, 0 upgd conss, 25829 impls, 376 clqs
(round 3, fast)       709 del vars, 52 del conss, 0 add conss, 52 chg bounds, 1 chg sides, 1914 chg coeffs, 0 upgd conss, 25829 impls, 376 clqs
(round 4, exhaustive) 709 del vars, 56 del conss, 0 add conss, 52 chg bounds, 2 chg sides, 1914 chg coeffs, 0 upgd conss, 25829 impls, 376 clqs
(round 5, exhaustive) 709 del vars, 56 del conss, 0 add conss, 52 chg bounds, 2 chg sides, 1914 chg coeffs, 57 upgd conss, 25829 impls, 376 clqs
(round 6, medium)     709 del vars, 64 del conss, 0 add conss, 52 chg bounds, 2 chg sides, 1914 chg coeffs, 57 upgd conss, 25829 impls, 376 clqs
presolving (7 rounds: 7 fast, 5 medium, 3 exhaustive):
 709 deleted vars, 64 deleted constraints, 0 added constraints, 52 tightened bounds, 0 added holes, 2 changed sides, 1914 changed coefficients
 25829 implications, 376 cliques
presolved problem has 562 variables (512 bin, 0 int, 0 impl, 50 cont) and 2242 constraints
      1 constraints of type <chancecons>
   1782 constraints of type <varbound>
      1 constraints of type <knapsack>
     49 constraints of type <setppc>
    409 constraints of type <linear>
Presolving Time: 5.05
transformed 4/10 original solutions to the transformed problem space

 time | node  | left  |LP iter|LP it/n|mem/heur|mdpt |vars |cons |rows |cuts |sepa|confs|strbr|  dualbound   | primalbound  |  gap   | compl. 
 42.3s|     1 |     0 | 90902 |     - |   180M |   0 | 562 |2242 |2240 |   0 |  0 |   6 |   0 | 3.652683e+03 | 3.653070e+03 |   0.01%| unknown
 42.6s|     1 |     0 | 91733 |     - |   182M |   0 | 562 |2242 |2293 |  53 |  1 |   6 |   0 | 3.652683e+03 | 3.653070e+03 |   0.01%| unknown
 42.8s|     1 |     0 | 92539 |     - |   193M |   0 | 562 |2242 |2346 | 106 |  2 |   6 |   0 | 3.652683e+03 | 3.653070e+03 |   0.01%| unknown
 43.0s|     1 |     0 | 93444 |     - |   203M |   0 | 562 |2242 |2404 | 164 |  3 |   6 |   0 | 3.652683e+03 | 3.653070e+03 |   0.01%| unknown
 43.3s|     1 |     0 | 94170 |     - |   214M |   0 | 562 |2242 |2460 | 220 |  4 |   6 |   0 | 3.652683e+03 | 3.653070e+03 |   0.01%| unknown
 43.6s|     1 |     0 | 95059 |     - |   228M |   0 | 562 |2242 |2519 | 279 |  5 |   6 |   0 | 3.652683e+03 | 3.653070e+03 |   0.01%| unknown
 43.9s|     1 |     0 | 95835 |     - |   241M |   0 | 562 |2242 |2575 | 335 |  6 |   6 |   0 | 3.652683e+03 | 3.653070e+03 |   0.01%| unknown
 44.1s|     1 |     0 | 95835 |     - |   241M |   0 | 562 |2242 |2569 | 335 |  6 |   6 |   0 | 3.652683e+03 | 3.653070e+03 |   0.01%| unknown
 44.3s|     1 |     0 | 96838 |     - |   250M |   0 | 562 |2236 |2589 | 386 |  7 |   6 |   0 | 3.652683e+03 | 3.653070e+03 |   0.01%| unknown
 44.4s|     1 |     0 | 96838 |     - |   250M |   0 | 562 |2236 |2567 | 386 |  7 |   6 |   0 | 3.652683e+03 | 3.653070e+03 |   0.01%| unknown
 44.7s|     1 |     0 | 97828 |     - |   262M |   0 | 562 |2228 |2610 | 438 |  8 |   6 |   0 | 3.652683e+03 | 3.653070e+03 |   0.01%| unknown
 44.7s|     1 |     0 | 97828 |     - |   262M |   0 | 562 |2228 |2589 | 438 |  8 |   6 |   0 | 3.652683e+03 | 3.653070e+03 |   0.01%| unknown
 45.0s|     1 |     0 | 98715 |     - |   268M |   0 | 562 |2224 |2595 | 477 |  9 |   6 |   0 | 3.652683e+03 | 3.653070e+03 |   0.01%| unknown
 45.1s|     1 |     0 | 98715 |     - |   268M |   0 | 562 |2224 |2576 | 477 |  9 |   6 |   0 | 3.652683e+03 | 3.653070e+03 |   0.01%| unknown
 45.3s|     1 |     0 | 99550 |     - |   278M |   0 | 562 |2219 |2437 | 517 | 10 |   6 |   0 | 3.652683e+03 | 3.653070e+03 |   0.01%| unknown
 time | node  | left  |LP iter|LP it/n|mem/heur|mdpt |vars |cons |rows |cuts |sepa|confs|strbr|  dualbound   | primalbound  |  gap   | compl. 
 45.4s|     1 |     0 | 99550 |     - |   278M |   0 | 562 |2219 |2431 | 517 | 10 |   6 |   0 | 3.652683e+03 | 3.653070e+03 |   0.01%| unknown
 45.6s|     1 |     0 |100508 |     - |   278M |   0 | 562 |2218 |2347 | 554 | 11 |   6 |   0 | 3.652683e+03 | 3.653070e+03 |   0.01%| unknown
 45.7s|     1 |     0 |100508 |     - |   278M |   0 | 562 |2218 |2330 | 554 | 11 |   6 |   0 | 3.652683e+03 | 3.653070e+03 |   0.01%| unknown
 45.9s|     1 |     0 |101319 |     - |   278M |   0 | 562 |2218 |2254 | 593 | 12 |   6 |   0 | 3.652683e+03 | 3.653070e+03 |   0.01%| unknown
 46.0s|     1 |     0 |101323 |     - |   278M |   0 | 562 |2218 |2058 | 593 | 12 |   6 |   0 | 3.652683e+03 | 3.653070e+03 |   0.01%| unknown
 46.0s|     1 |     0 |101417 |     - |   278M |   0 | 562 |2217 |2037 | 623 | 13 |   6 |   0 | 3.652683e+03 | 3.653070e+03 |   0.01%| unknown
 46.1s|     1 |     0 |101417 |     - |   278M |   0 | 562 |2217 |2026 | 623 | 13 |   6 |   0 | 3.652683e+03 | 3.653070e+03 |   0.01%| unknown
 46.1s|     1 |     0 |101417 |     - |   279M |   0 | 562 |2217 |1977 | 623 | 14 |   6 |   0 | 3.652683e+03 | 3.653070e+03 |   0.01%| unknown
 46.1s|     1 |     0 |101417 |     - |   279M |   0 | 562 |1508 |1977 | 623 | 15 |   6 |   0 | 3.652683e+03 | 3.653070e+03 |   0.01%| unknown
(run 2, node 1) restarting after 148 global fixings of integer variables

(restart) converted 298 cuts from the global cut pool into linear constraints

presolving:
(round 1, fast)       148 del vars, 2 del conss, 0 add conss, 0 chg bounds, 0 chg sides, 1022 chg coeffs, 0 upgd conss, 25829 impls, 116 clqs
   (46.4s) running MILP presolver
   (46.5s) MILP presolver (2 rounds): 0 aggregations, 0 fixings, 11 bound changes
(round 2, medium)     148 del vars, 2 del conss, 0 add conss, 11 chg bounds, 0 chg sides, 1022 chg coeffs, 0 upgd conss, 25829 impls, 116 clqs
(round 3, exhaustive) 148 del vars, 16 del conss, 0 add conss, 11 chg bounds, 0 chg sides, 1022 chg coeffs, 0 upgd conss, 25829 impls, 116 clqs
(round 4, exhaustive) 148 del vars, 16 del conss, 0 add conss, 11 chg bounds, 0 chg sides, 1022 chg coeffs, 12 upgd conss, 25829 impls, 116 clqs
(round 5, medium)     148 del vars, 25 del conss, 0 add conss, 11 chg bounds, 0 chg sides, 1022 chg coeffs, 12 upgd conss, 25829 impls, 116 clqs
presolving (6 rounds: 6 fast, 5 medium, 3 exhaustive):
 148 deleted vars, 25 deleted constraints, 0 added constraints, 11 tightened bounds, 0 added holes, 0 changed sides, 1022 changed coefficients
 25829 implications, 116 cliques
presolved problem has 414 variables (364 bin, 0 int, 0 impl, 50 cont) and 1783 constraints
      1 constraints of type <chancecons>
   1079 constraints of type <varbound>
      1 constraints of type <knapsack>
     21 constraints of type <setppc>
    679 constraints of type <linear>
      2 constraints of type <bounddisjunction>
Presolving Time: 5.07
transformed 5/12 original solutions to the transformed problem space

 time | node  | left  |LP iter|LP it/n|mem/heur|mdpt |vars |cons |rows |cuts |sepa|confs|strbr|  dualbound   | primalbound  |  gap   | compl. 
 46.6s|     1 |     0 |104832 |     - |   263M |   0 | 414 |1783 |1779 |   0 |  0 |   8 |   0 | 3.652683e+03 | 3.653070e+03 |   0.01%| unknown
 46.9s|     1 |     0 |105486 |     - |   269M |   0 | 414 |1783 |1828 |  49 |  1 |   8 |   0 | 3.652683e+03 | 3.653070e+03 |   0.01%| unknown
 47.1s|     1 |     0 |106069 |     - |   273M |   0 | 414 |1783 |1875 |  96 |  2 |   8 |   0 | 3.652683e+03 | 3.653070e+03 |   0.01%| unknown
 47.2s|     1 |     0 |106069 |     - |   273M |   0 | 414 |1783 |1869 |  96 |  2 |   8 |   0 | 3.652683e+03 | 3.653070e+03 |   0.01%| unknown
 47.3s|     1 |     0 |106658 |     - |   275M |   0 | 414 |1783 |1911 | 138 |  3 |   8 |   0 | 3.652683e+03 | 3.653070e+03 |   0.01%| unknown
 47.6s|     1 |     0 |107313 |     - |   277M |   0 | 414 |1783 |1950 | 177 |  4 |   8 |   0 | 3.652683e+03 | 3.653070e+03 |   0.01%| unknown
 47.6s|     1 |     0 |107313 |     - |   277M |   0 | 414 |1783 |1948 | 177 |  4 |   8 |   0 | 3.652683e+03 | 3.653070e+03 |   0.01%| unknown
 47.8s|     1 |     0 |107850 |     - |   277M |   0 | 414 |1783 |1965 | 218 |  5 |   8 |   0 | 3.652683e+03 | 3.653070e+03 |   0.01%| unknown
 47.9s|     1 |     0 |107850 |     - |   277M |   0 | 414 |1783 |1965 | 218 |  5 |   8 |   0 | 3.652683e+03 | 3.653070e+03 |   0.01%| unknown
 48.0s|     1 |     0 |108353 |     - |   277M |   0 | 414 |1783 |2000 | 255 |  6 |   8 |   0 | 3.652683e+03 | 3.653070e+03 |   0.01%| unknown
 48.1s|     1 |     0 |108355 |     - |   277M |   0 | 414 |1783 |1995 | 255 |  6 |   8 |   0 | 3.652683e+03 | 3.653070e+03 |   0.01%| unknown
 48.2s|     1 |     0 |108803 |     - |   278M |   0 | 414 |1783 |2013 | 280 |  7 |   8 |   0 | 3.652683e+03 | 3.653070e+03 |   0.01%| unknown
 48.3s|     1 |     0 |108804 |     - |   278M |   0 | 414 |1783 |1992 | 280 |  7 |   8 |   0 | 3.652683e+03 | 3.653070e+03 |   0.01%| unknown
 48.4s|     1 |     0 |109137 |     - |   280M |   0 | 414 |1782 |1975 | 303 |  8 |   8 |   0 | 3.652691e+03 | 3.653070e+03 |   0.01%| unknown
 48.4s|     1 |     0 |109142 |     - |   280M |   0 | 414 |1782 |1673 | 303 |  8 |   8 |   0 | 3.652691e+03 | 3.653070e+03 |   0.01%| unknown
 time | node  | left  |LP iter|LP it/n|mem/heur|mdpt |vars |cons |rows |cuts |sepa|confs|strbr|  dualbound   | primalbound  |  gap   | compl. 
 48.5s|     1 |     0 |109548 |     - |   280M |   0 | 414 |1782 |1611 | 312 |  9 |   8 |   0 | 3.652731e+03 | 3.653070e+03 |   0.01%| unknown
 48.5s|     1 |     0 |109548 |     - |   280M |   0 | 414 |1782 |1599 | 312 |  9 |   8 |   0 | 3.652731e+03 | 3.653070e+03 |   0.01%| unknown
 48.6s|     1 |     0 |109762 |     - |   280M |   0 | 414 |1782 |1555 | 326 | 10 |   8 |   0 | 3.652742e+03 | 3.653070e+03 |   0.01%| unknown
 48.7s|     1 |     0 |109764 |     - |   280M |   0 | 414 |1782 |1555 | 326 | 10 |   8 |   0 | 3.652742e+03 | 3.653070e+03 |   0.01%| unknown
 48.7s|     1 |     0 |109923 |     - |   280M |   0 | 414 |1779 |1249 | 339 | 11 |   8 |   0 | 3.652746e+03 | 3.653070e+03 |   0.01%| unknown
 48.8s|     1 |     0 |109923 |     - |   280M |   0 | 414 |1779 |1244 | 339 | 11 |   8 |   0 | 3.652746e+03 | 3.653070e+03 |   0.01%| unknown
 48.8s|     1 |     0 |110182 |     - |   280M |   0 | 414 |1779 |1241 | 343 | 12 |   8 |   0 | 3.652748e+03 | 3.653070e+03 |   0.01%| unknown
 48.9s|     1 |     0 |110182 |     - |   280M |   0 | 414 |1779 |1241 | 343 | 12 |   8 |   0 | 3.652748e+03 | 3.653070e+03 |   0.01%| unknown
 48.9s|     1 |     0 |110351 |     - |   280M |   0 | 414 |1779 |1249 | 351 | 13 |   8 |   0 | 3.652749e+03 | 3.653070e+03 |   0.01%| unknown
 49.0s|     1 |     0 |110353 |     - |   280M |   0 | 414 |1779 |1240 | 351 | 13 |   8 |   0 | 3.652749e+03 | 3.653070e+03 |   0.01%| unknown
 49.0s|     1 |     0 |110364 |     - |   280M |   0 | 414 |1435 |1240 | 351 | 13 |   8 |   0 | 3.652749e+03 | 3.653070e+03 |   0.01%| unknown
 49.1s|     1 |     0 |110478 |     - |   280M |   0 | 414 |1435 |1255 | 366 | 14 |   8 |   0 | 3.652750e+03 | 3.653070e+03 |   0.01%| unknown
 49.1s|     1 |     0 |110479 |     - |   280M |   0 | 414 |1435 |1126 | 366 | 14 |   8 |   0 | 3.652750e+03 | 3.653070e+03 |   0.01%| unknown
 49.2s|     1 |     0 |110537 |     - |   281M |   0 | 414 |1435 |1121 | 372 | 15 |   8 |   0 | 3.652750e+03 | 3.653070e+03 |   0.01%| unknown
 49.2s|     1 |     0 |110539 |     - |   281M |   0 | 414 |1434 |1117 | 372 | 15 |   8 |   0 | 3.652750e+03 | 3.653070e+03 |   0.01%| unknown
 time | node  | left  |LP iter|LP it/n|mem/heur|mdpt |vars |cons |rows |cuts |sepa|confs|strbr|  dualbound   | primalbound  |  gap   | compl. 
 49.2s|     1 |     0 |110634 |     - |   281M |   0 | 414 |1434 |1103 | 375 | 16 |   8 |   0 | 3.652751e+03 | 3.653070e+03 |   0.01%| unknown
 49.3s|     1 |     0 |110634 |     - |   281M |   0 | 414 |1434 |1096 | 375 | 16 |   8 |   0 | 3.652751e+03 | 3.653070e+03 |   0.01%| unknown
 49.3s|     1 |     0 |110676 |     - |   281M |   0 | 414 |1434 |1106 | 385 | 17 |   8 |   0 | 3.652751e+03 | 3.653070e+03 |   0.01%| unknown
 49.4s|     1 |     0 |110676 |     - |   281M |   0 | 414 |1434 |1106 | 385 | 17 |   8 |   0 | 3.652751e+03 | 3.653070e+03 |   0.01%| unknown
 49.4s|     1 |     0 |110685 |     - |   281M |   0 | 414 |1434 |1108 | 392 | 18 |   8 |   0 | 3.652751e+03 | 3.653070e+03 |   0.01%| unknown
 49.4s|     1 |     0 |110685 |     - |   281M |   0 | 414 |1370 |1108 | 392 | 19 |   8 |   0 | 3.652751e+03 | 3.653070e+03 |   0.01%| unknown
(run 3, node 1) restarting after 86 global fixings of integer variables

(restart) converted 84 cuts from the global cut pool into linear constraints

presolving:
(round 1, fast)       86 del vars, 1 del conss, 0 add conss, 0 chg bounds, 0 chg sides, 610 chg coeffs, 0 upgd conss, 25829 impls, 53 clqs
   (49.8s) running MILP presolver
   (49.8s) MILP presolver (3 rounds): 2 aggregations, 0 fixings, 17 bound changes
(round 2, medium)     88 del vars, 3 del conss, 0 add conss, 17 chg bounds, 0 chg sides, 610 chg coeffs, 0 upgd conss, 25829 impls, 53 clqs
(round 3, fast)       88 del vars, 12 del conss, 0 add conss, 17 chg bounds, 3 chg sides, 617 chg coeffs, 0 upgd conss, 25829 impls, 53 clqs
(round 4, exhaustive) 88 del vars, 34 del conss, 0 add conss, 17 chg bounds, 3 chg sides, 617 chg coeffs, 0 upgd conss, 25829 impls, 53 clqs
(round 5, exhaustive) 88 del vars, 34 del conss, 0 add conss, 17 chg bounds, 3 chg sides, 617 chg coeffs, 12 upgd conss, 25829 impls, 53 clqs
(round 6, medium)     88 del vars, 46 del conss, 0 add conss, 17 chg bounds, 3 chg sides, 617 chg coeffs, 12 upgd conss, 25829 impls, 53 clqs
presolving (7 rounds: 7 fast, 5 medium, 3 exhaustive):
 88 deleted vars, 46 deleted constraints, 0 added constraints, 17 tightened bounds, 0 added holes, 3 changed sides, 617 changed coefficients
 25829 implications, 53 cliques
presolved problem has 326 variables (278 bin, 0 int, 0 impl, 48 cont) and 1410 constraints
      1 constraints of type <chancecons>
    683 constraints of type <varbound>
      1 constraints of type <knapsack>
     16 constraints of type <setppc>
    709 constraints of type <linear>
Presolving Time: 5.09
transformed 6/19 original solutions to the transformed problem space

 time | node  | left  |LP iter|LP it/n|mem/heur|mdpt |vars |cons |rows |cuts |sepa|confs|strbr|  dualbound   | primalbound  |  gap   | compl. 
 49.9s|     1 |     0 |112966 |     - |   277M |   0 | 326 |1410 |1409 |   0 |  0 |  10 |   0 | 3.652751e+03 | 3.653070e+03 |   0.01%| unknown
 50.1s|     1 |     0 |113551 |     - |   277M |   0 | 326 |1410 |1446 |  37 |  1 |  10 |   0 | 3.652751e+03 | 3.653070e+03 |   0.01%| unknown
 50.2s|     1 |     0 |113551 |     - |   278M |   0 | 326 |1410 |1441 |  37 |  1 |  10 |   0 | 3.652751e+03 | 3.653070e+03 |   0.01%| unknown
 50.3s|     1 |     0 |113975 |     - |   278M |   0 | 326 |1409 |1464 |  71 |  2 |  10 |   0 | 3.652751e+03 | 3.653070e+03 |   0.01%| unknown
 50.3s|     1 |     0 |113975 |     - |   278M |   0 | 326 |1409 |1464 |  71 |  2 |  10 |   0 | 3.652751e+03 | 3.653070e+03 |   0.01%| unknown
 50.4s|     1 |     0 |114249 |     - |   280M |   0 | 326 |1409 |1485 |  92 |  3 |  10 |   0 | 3.652751e+03 | 3.653070e+03 |   0.01%| unknown
 50.5s|     1 |     0 |114249 |     - |   280M |   0 | 326 |1409 |1483 |  92 |  3 |  10 |   0 | 3.652751e+03 | 3.653070e+03 |   0.01%| unknown
 50.6s|     1 |     0 |114557 |     - |   280M |   0 | 326 |1409 |1496 | 116 |  4 |  10 |   0 | 3.652751e+03 | 3.653070e+03 |   0.01%| unknown
 50.7s|     1 |     0 |114557 |     - |   280M |   0 | 326 |1409 |1490 | 116 |  4 |  10 |   0 | 3.652751e+03 | 3.653070e+03 |   0.01%| unknown
 50.8s|     1 |     0 |114903 |     - |   280M |   0 | 326 |1409 |1480 | 135 |  5 |  10 |   0 | 3.652751e+03 | 3.653070e+03 |   0.01%| unknown
 50.9s|     1 |     0 |114903 |     - |   280M |   0 | 326 |1409 |1480 | 135 |  5 |  10 |   0 | 3.652751e+03 | 3.653070e+03 |   0.01%| unknown
 51.0s|     1 |     0 |115119 |     - |   280M |   0 | 326 |1409 |1488 | 154 |  6 |  10 |   0 | 3.652756e+03 | 3.653070e+03 |   0.01%| unknown
 51.0s|     1 |     0 |115119 |     - |   280M |   0 | 326 |1409 |1486 | 154 |  6 |  10 |   0 | 3.652756e+03 | 3.653070e+03 |   0.01%| unknown
 51.1s|     1 |     0 |115390 |     - |   280M |   0 | 326 |1409 |1496 | 166 |  7 |  10 |   0 | 3.652763e+03 | 3.653070e+03 |   0.01%| unknown
 51.1s|     1 |     0 |115391 |     - |   281M |   0 | 326 |1409 |1492 | 166 |  7 |  10 |   0 | 3.652763e+03 | 3.653070e+03 |   0.01%| unknown
 time | node  | left  |LP iter|LP it/n|mem/heur|mdpt |vars |cons |rows |cuts |sepa|confs|strbr|  dualbound   | primalbound  |  gap   | compl. 
 51.2s|     1 |     0 |115537 |     - |   281M |   0 | 326 |1405 |1487 | 176 |  8 |  10 |   0 | 3.652767e+03 | 3.653070e+03 |   0.01%| unknown
 51.2s|     1 |     0 |115537 |     - |   281M |   0 | 326 |1405 |1484 | 176 |  8 |  10 |   0 | 3.652767e+03 | 3.653070e+03 |   0.01%| unknown
 51.3s|     1 |     0 |115732 |     - |   281M |   0 | 326 |1405 |1489 | 181 |  9 |  10 |   0 | 3.652770e+03 | 3.653070e+03 |   0.01%| unknown
 51.4s|     1 |     0 |115861 |     - |   281M |   0 | 326 |1405 |1498 | 190 | 10 |  10 |   0 | 3.652771e+03 | 3.653070e+03 |   0.01%| unknown
 51.5s|     1 |     0 |116075 |     - |   281M |   0 | 326 |1405 |1504 | 196 | 11 |  10 |   0 | 3.652773e+03 | 3.653070e+03 |   0.01%| unknown
 51.6s|     1 |     0 |116125 |     - |   281M |   0 | 326 |1405 |1512 | 204 | 12 |  10 |   0 | 3.652773e+03 | 3.653070e+03 |   0.01%| unknown
 51.7s|     1 |     0 |116247 |     - |   282M |   0 | 326 |1405 |1046 | 211 | 13 |  10 |   0 | 3.652773e+03 | 3.653070e+03 |   0.01%| unknown
 51.8s|     1 |     0 |116331 |     - |   282M |   0 | 326 |1405 |1056 | 221 | 14 |  10 |   0 | 3.652774e+03 | 3.653070e+03 |   0.01%| unknown
 51.9s|     1 |     0 |116432 |     - |   282M |   0 | 326 |1405 |1063 | 228 | 15 |  10 |   0 | 3.652774e+03 | 3.653070e+03 |   0.01%| unknown
 52.0s|     1 |     0 |116432 |     - |   282M |   0 | 326 |1405 |1063 | 228 | 15 |  10 |   0 | 3.652774e+03 | 3.653070e+03 |   0.01%| unknown
 52.0s|     1 |     0 |116502 |     - |   282M |   0 | 326 |1405 |1068 | 233 | 16 |  10 |   0 | 3.652775e+03 | 3.653070e+03 |   0.01%| unknown
 52.1s|     1 |     0 |116554 |     - |   283M |   0 | 326 |1405 |1075 | 240 | 17 |  10 |   0 | 3.652775e+03 | 3.653070e+03 |   0.01%| unknown
 52.2s|     1 |     0 |116614 |     - |   283M |   0 | 326 |1405 |1087 | 252 | 18 |  10 |   0 | 3.652775e+03 | 3.653070e+03 |   0.01%| unknown
 52.3s|     1 |     0 |116614 |     - |   283M |   0 | 326 |1293 |1087 | 252 | 18 |  10 |   0 | 3.652775e+03 | 3.653070e+03 |   0.01%| unknown
 52.3s|     1 |     0 |116661 |     - |   283M |   0 | 326 |1293 | 967 | 260 | 19 |  10 |   0 | 3.652775e+03 | 3.653070e+03 |   0.01%| unknown
 time | node  | left  |LP iter|LP it/n|mem/heur|mdpt |vars |cons |rows |cuts |sepa|confs|strbr|  dualbound   | primalbound  |  gap   | compl. 
 52.4s|     1 |     0 |116676 |     - |   283M |   0 | 326 |1293 | 974 | 267 | 20 |  10 |   0 | 3.652775e+03 | 3.653070e+03 |   0.01%| unknown
d52.5s|     1 |     0 |117555 |     - |farkasdi|   0 | 326 |1293 | 974 |   0 | 21 |  10 |   0 | 3.652775e+03 | 3.652983e+03 |   0.01%| unknown
(run 4, node 1) restarting after 34 global fixings of integer variables

(restart) converted 81 cuts from the global cut pool into linear constraints

presolving:
(round 1, fast)       34 del vars, 0 del conss, 0 add conss, 0 chg bounds, 3 chg sides, 219 chg coeffs, 0 upgd conss, 25829 impls, 32 clqs
(round 2, exhaustive) 34 del vars, 16 del conss, 0 add conss, 0 chg bounds, 3 chg sides, 219 chg coeffs, 0 upgd conss, 25829 impls, 32 clqs
(round 3, exhaustive) 34 del vars, 16 del conss, 0 add conss, 0 chg bounds, 3 chg sides, 219 chg coeffs, 14 upgd conss, 25829 impls, 32 clqs
(round 4, medium)     34 del vars, 29 del conss, 0 add conss, 0 chg bounds, 5 chg sides, 221 chg coeffs, 14 upgd conss, 25829 impls, 32 clqs
presolving (5 rounds: 5 fast, 4 medium, 3 exhaustive):
 34 deleted vars, 29 deleted constraints, 0 added constraints, 0 tightened bounds, 0 added holes, 5 changed sides, 221 changed coefficients
 25829 implications, 32 cliques
presolved problem has 292 variables (244 bin, 0 int, 0 impl, 48 cont) and 1345 constraints
      1 constraints of type <chancecons>
    573 constraints of type <varbound>
      1 constraints of type <knapsack>
     11 constraints of type <setppc>
    759 constraints of type <linear>
Presolving Time: 5.12
transformed 19/38 original solutions to the transformed problem space

 time | node  | left  |LP iter|LP it/n|mem/heur|mdpt |vars |cons |rows |cuts |sepa|confs|strbr|  dualbound   | primalbound  |  gap   | compl. 
 52.9s|     1 |     0 |119313 |     - |   282M |   0 | 292 |1345 |1344 |   0 |  0 |  10 |   0 | 3.652775e+03 | 3.652983e+03 |   0.01%| unknown
 53.0s|     1 |     0 |119313 |     - |   282M |   0 | 292 |1345 |1344 |   0 |  0 |  10 |   0 | 3.652775e+03 | 3.652983e+03 |   0.01%| unknown
 53.1s|     1 |     0 |119660 |     - |   283M |   0 | 292 |1345 |1375 |  32 |  1 |  10 |   0 | 3.652775e+03 | 3.652983e+03 |   0.01%| unknown
 53.2s|     1 |     0 |119661 |     - |   283M |   0 | 292 |1345 |1372 |  32 |  1 |  10 |   0 | 3.652775e+03 | 3.652983e+03 |   0.01%| unknown
 53.3s|     1 |     0 |120129 |     - |   283M |   0 | 292 |1344 |1396 |  56 |  2 |  10 |   0 | 3.652775e+03 | 3.652983e+03 |   0.01%| unknown
 53.4s|     1 |     0 |120129 |     - |   283M |   0 | 292 |1344 |1388 |  56 |  2 |  10 |   0 | 3.652775e+03 | 3.652983e+03 |   0.01%| unknown
 53.5s|     1 |     0 |120338 |     - |   285M |   0 | 292 |1344 |1399 |  77 |  3 |  10 |   0 | 3.652775e+03 | 3.652983e+03 |   0.01%| unknown
 53.5s|     1 |     0 |120339 |     - |   285M |   0 | 292 |1344 |1399 |  77 |  3 |  10 |   0 | 3.652775e+03 | 3.652983e+03 |   0.01%| unknown
 53.6s|     1 |     0 |120560 |     - |   285M |   0 | 292 |1344 |1402 |  90 |  4 |  10 |   0 | 3.652775e+03 | 3.652983e+03 |   0.01%| unknown
 53.8s|     1 |     0 |120720 |     - |   285M |   0 | 292 |1344 |1408 |  96 |  5 |  10 |   0 | 3.652775e+03 | 3.652983e+03 |   0.01%| unknown
 53.9s|     1 |     0 |120800 |     - |   285M |   0 | 292 |1344 |1415 | 103 |  6 |  10 |   0 | 3.652775e+03 | 3.652983e+03 |   0.01%| unknown
 53.9s|     1 |     0 |120801 |     - |   285M |   0 | 292 |1344 |1415 | 103 |  6 |  10 |   0 | 3.652775e+03 | 3.652983e+03 |   0.01%| unknown
 54.0s|     1 |     0 |120874 |     - |   286M |   0 | 292 |1344 |1404 | 106 |  7 |  10 |   0 | 3.652778e+03 | 3.652983e+03 |   0.01%| unknown
 54.1s|     1 |     0 |120940 |     - |   286M |   0 | 292 |1344 | 941 | 107 |  8 |  10 |   0 | 3.652779e+03 | 3.652983e+03 |   0.01%| unknown
 54.2s|     1 |     0 |120978 |     - |   287M |   0 | 292 |1344 | 942 | 108 |  9 |  10 |   0 | 3.652779e+03 | 3.652983e+03 |   0.01%| unknown
 time | node  | left  |LP iter|LP it/n|mem/heur|mdpt |vars |cons |rows |cuts |sepa|confs|strbr|  dualbound   | primalbound  |  gap   | compl. 
 54.3s|     1 |     0 |121146 |     - |   287M |   0 | 292 |1344 | 943 | 109 | 10 |  10 |   0 | 3.652782e+03 | 3.652983e+03 |   0.01%| unknown
 54.4s|     1 |     0 |121220 |     - |   287M |   0 | 292 |1344 | 945 | 111 | 11 |  10 |   0 | 3.652783e+03 | 3.652983e+03 |   0.01%| unknown
 54.5s|     1 |     0 |121251 |     - |   288M |   0 | 292 |1344 | 950 | 116 | 12 |  10 |   0 | 3.652783e+03 | 3.652983e+03 |   0.01%| unknown
 54.5s|     1 |     0 |121306 |     - |   288M |   0 | 292 |1344 | 952 | 118 | 13 |  10 |   0 | 3.652783e+03 | 3.652983e+03 |   0.01%| unknown
 54.6s|     1 |     0 |121316 |     - |   288M |   0 | 292 |1295 | 814 | 118 | 13 |  10 |   0 | 3.652783e+03 | 3.652983e+03 |   0.01%| unknown
 54.7s|     1 |     0 |121346 |     - |   288M |   0 | 292 |1295 | 817 | 121 | 14 |  10 |   0 | 3.652784e+03 | 3.652983e+03 |   0.01%| unknown
 54.8s|     1 |     0 |121394 |     - |   288M |   0 | 292 |1295 | 820 | 124 | 15 |  10 |   0 | 3.652784e+03 | 3.652983e+03 |   0.01%| unknown
 54.9s|     1 |     0 |121458 |     - |   288M |   0 | 292 |1295 | 824 | 128 | 16 |  10 |   0 | 3.652784e+03 | 3.652983e+03 |   0.01%| unknown
 55.0s|     1 |     0 |121508 |     - |   288M |   0 | 292 |1295 | 837 | 141 | 17 |  10 |   0 | 3.652784e+03 | 3.652983e+03 |   0.01%| unknown
 55.0s|     1 |     0 |121629 |     - |   288M |   0 | 292 |1295 | 845 | 149 | 18 |  10 |   0 | 3.652785e+03 | 3.652983e+03 |   0.01%| unknown
 55.1s|     1 |     0 |121711 |     - |   288M |   0 | 292 |1295 | 819 | 159 | 19 |  10 |   0 | 3.652785e+03 | 3.652983e+03 |   0.01%| unknown
 55.2s|     1 |     0 |121738 |     - |   288M |   0 | 292 |1295 | 826 | 166 | 20 |  10 |   0 | 3.652785e+03 | 3.652983e+03 |   0.01%| unknown
 55.3s|     1 |     0 |121739 |     - |   288M |   0 | 292 |1295 | 822 | 166 | 20 |  10 |   0 | 3.652785e+03 | 3.652983e+03 |   0.01%| unknown
 55.3s|     1 |     0 |121770 |     - |   288M |   0 | 292 |1295 | 824 | 169 | 21 |  10 |   0 | 3.652785e+03 | 3.652983e+03 |   0.01%| unknown
 55.4s|     1 |     0 |121800 |     - |   288M |   0 | 292 |1295 | 830 | 175 | 22 |  10 |   0 | 3.652785e+03 | 3.652983e+03 |   0.01%| unknown
 time | node  | left  |LP iter|LP it/n|mem/heur|mdpt |vars |cons |rows |cuts |sepa|confs|strbr|  dualbound   | primalbound  |  gap   | compl. 
 55.5s|     1 |     0 |121834 |     - |   288M |   0 | 292 |1295 | 838 | 183 | 23 |  10 |   0 | 3.652785e+03 | 3.652983e+03 |   0.01%| unknown
 55.5s|     1 |     0 |121872 |     - |   288M |   0 | 292 |1295 | 817 | 190 | 24 |  10 |   0 | 3.652785e+03 | 3.652983e+03 |   0.01%| unknown
 55.6s|     1 |     0 |121872 |     - |   288M |   0 | 292 |1295 | 817 | 190 | 24 |  10 |   0 | 3.652785e+03 | 3.652983e+03 |   0.01%| unknown
 55.6s|     1 |     0 |121872 |     - |   288M |   0 | 292 |1288 | 817 | 190 | 24 |  10 |   0 | 3.652785e+03 | 3.652983e+03 |   0.01%| unknown
 55.6s|     1 |     0 |121876 |     - |   288M |   0 | 292 |1288 | 818 | 191 | 25 |  10 |   0 | 3.652785e+03 | 3.652983e+03 |   0.01%| unknown
 56.8s|     1 |     2 |122159 |     - |   289M |   0 | 292 |1288 | 818 | 191 | 26 |  10 |  31 | 3.652796e+03 | 3.652983e+03 |   0.01%| unknown
(run 5, node 1) restarting after 19 global fixings of integer variables

(restart) converted 51 cuts from the global cut pool into linear constraints

presolving:
(round 1, fast)       19 del vars, 0 del conss, 0 add conss, 0 chg bounds, 0 chg sides, 183 chg coeffs, 0 upgd conss, 25829 impls, 28 clqs
   (56.8s) running MILP presolver
   (56.8s) MILP presolver (2 rounds): 0 aggregations, 0 fixings, 12 bound changes
(round 2, medium)     19 del vars, 0 del conss, 0 add conss, 12 chg bounds, 0 chg sides, 183 chg coeffs, 0 upgd conss, 25829 impls, 28 clqs
(round 3, exhaustive) 19 del vars, 10 del conss, 0 add conss, 12 chg bounds, 1 chg sides, 183 chg coeffs, 0 upgd conss, 25829 impls, 28 clqs
(round 4, exhaustive) 19 del vars, 10 del conss, 0 add conss, 12 chg bounds, 1 chg sides, 183 chg coeffs, 5 upgd conss, 25829 impls, 28 clqs
(round 5, medium)     19 del vars, 15 del conss, 0 add conss, 12 chg bounds, 1 chg sides, 183 chg coeffs, 5 upgd conss, 25829 impls, 28 clqs
presolving (6 rounds: 6 fast, 5 medium, 3 exhaustive):
 19 deleted vars, 15 deleted constraints, 0 added constraints, 12 tightened bounds, 0 added holes, 1 changed sides, 183 changed coefficients
 25829 implications, 28 cliques
presolved problem has 273 variables (225 bin, 0 int, 0 impl, 48 cont) and 1324 constraints
      1 constraints of type <chancecons>
    517 constraints of type <varbound>
      1 constraints of type <knapsack>
     10 constraints of type <setppc>
    795 constraints of type <linear>
Presolving Time: 5.16
transformed 20/62 original solutions to the transformed problem space

 time | node  | left  |LP iter|LP it/n|mem/heur|mdpt |vars |cons |rows |cuts |sepa|confs|strbr|  dualbound   | primalbound  |  gap   | compl. 
 56.9s|     1 |     0 |123938 |     - |   289M |   0 | 273 |1324 |1323 |   0 |  0 |  10 |  31 | 3.652796e+03 | 3.652983e+03 |   0.01%| unknown
 57.1s|     1 |     0 |124309 |     - |   289M |   0 | 273 |1324 |1347 |  24 |  1 |  10 |  31 | 3.652796e+03 | 3.652983e+03 |   0.01%| unknown
 57.2s|     1 |     0 |124309 |     - |   289M |   0 | 273 |1324 |1347 |  24 |  1 |  10 |  31 | 3.652796e+03 | 3.652983e+03 |   0.01%| unknown
 57.3s|     1 |     0 |124588 |     - |   289M |   0 | 273 |1324 |1363 |  43 |  2 |  10 |  31 | 3.652796e+03 | 3.652983e+03 |   0.01%| unknown
 57.4s|     1 |     0 |124883 |     - |   290M |   0 | 273 |1324 |1379 |  59 |  3 |  10 |  31 | 3.652796e+03 | 3.652983e+03 |   0.01%| unknown
 57.5s|     1 |     0 |124883 |     - |   290M |   0 | 273 |1324 |1379 |  59 |  3 |  10 |  31 | 3.652796e+03 | 3.652983e+03 |   0.01%| unknown
 57.5s|     1 |     0 |125049 |     - |   291M |   0 | 273 |1324 |1380 |  63 |  4 |  10 |  31 | 3.652796e+03 | 3.652983e+03 |   0.01%| unknown
 57.6s|     1 |     0 |125096 |     - |   291M |   0 | 273 |1324 |1383 |  66 |  5 |  10 |  31 | 3.652796e+03 | 3.652983e+03 |   0.01%| unknown
 57.7s|     1 |     0 |125177 |     - |   291M |   0 | 273 |1324 |1387 |  70 |  6 |  10 |  31 | 3.652796e+03 | 3.652983e+03 |   0.01%| unknown
 57.8s|     1 |     0 |125261 |     - |   291M |   0 | 273 |1324 |1391 |  74 |  7 |  10 |  31 | 3.652796e+03 | 3.652983e+03 |   0.01%| unknown
 57.9s|     1 |     0 |125284 |     - |   291M |   0 | 273 |1324 |1394 |  77 |  8 |  10 |  31 | 3.652796e+03 | 3.652983e+03 |   0.01%| unknown
 58.0s|     1 |     0 |125295 |     - |   291M |   0 | 273 |1324 |1395 |  78 |  9 |  10 |  31 | 3.652796e+03 | 3.652983e+03 |   0.01%| unknown
 58.1s|     1 |     0 |125378 |     - |   291M |   0 | 273 |1324 | 915 |  80 | 10 |  10 |  31 | 3.652796e+03 | 3.652983e+03 |   0.01%| unknown
 58.2s|     1 |     0 |125422 |     - |   292M |   0 | 273 |1324 | 918 |  83 | 11 |  10 |  31 | 3.652796e+03 | 3.652983e+03 |   0.01%| unknown
 58.4s|     1 |     0 |125816 |     - |   292M |   0 | 273 |1285 | 918 |  83 | 11 |  14 |  36 | 3.652825e+03 | 3.652983e+03 |   0.00%| unknown
 time | node  | left  |LP iter|LP it/n|mem/heur|mdpt |vars |cons |rows |cuts |sepa|confs|strbr|  dualbound   | primalbound  |  gap   | compl. 
 58.5s|     1 |     0 |125816 |     - |   292M |   0 | 273 |1285 | 865 |  83 | 11 |  14 |  36 | 3.652825e+03 | 3.652983e+03 |   0.00%| unknown
 58.5s|     1 |     0 |125962 |     - |   292M |   0 | 273 |1281 | 841 | 102 | 12 |  14 |  36 | 3.652838e+03 | 3.652983e+03 |   0.00%| unknown
 58.6s|     1 |     0 |125962 |     - |   292M |   0 | 273 |1281 | 833 | 102 | 12 |  14 |  36 | 3.652838e+03 | 3.652983e+03 |   0.00%| unknown
 58.6s|     1 |     0 |126076 |     - |   292M |   0 | 273 |1281 | 843 | 112 | 13 |  14 |  36 | 3.652841e+03 | 3.652983e+03 |   0.00%| unknown
 58.6s|     1 |     0 |126076 |     - |   292M |   0 | 273 |1281 | 840 | 112 | 13 |  14 |  36 | 3.652841e+03 | 3.652983e+03 |   0.00%| unknown
 58.6s|     1 |     0 |126080 |     - |   292M |   0 | 273 |1164 | 840 | 112 | 13 |  14 |  36 | 3.652841e+03 | 3.652983e+03 |   0.00%| unknown
 58.7s|     1 |     0 |126200 |     - |   292M |   0 | 273 |1164 | 747 | 126 | 14 |  14 |  36 | 3.652849e+03 | 3.652983e+03 |   0.00%| unknown
 58.8s|     1 |     0 |126201 |     - |   292M |   0 | 273 |1164 | 720 | 126 | 14 |  14 |  36 | 3.652849e+03 | 3.652983e+03 |   0.00%| unknown
 58.8s|     1 |     0 |126242 |     - |   292M |   0 | 273 |1164 | 722 | 128 | 15 |  14 |  36 | 3.652850e+03 | 3.652983e+03 |   0.00%| unknown
 58.8s|     1 |     0 |126242 |     - |   292M |   0 | 273 |1164 | 721 | 128 | 15 |  14 |  36 | 3.652850e+03 | 3.652983e+03 |   0.00%| unknown
 58.8s|     1 |     0 |126242 |     - |   292M |   0 | 273 |1144 | 721 | 128 | 15 |  14 |  36 | 3.652850e+03 | 3.652983e+03 |   0.00%| unknown
 58.8s|     1 |     0 |126259 |     - |   292M |   0 | 273 |1144 | 728 | 135 | 16 |  14 |  36 | 3.652851e+03 | 3.652983e+03 |   0.00%| unknown
 58.9s|     1 |     0 |126259 |     - |   292M |   0 | 273 |1144 | 704 | 135 | 16 |  14 |  36 | 3.652851e+03 | 3.652983e+03 |   0.00%| unknown
 58.9s|     1 |     0 |126259 |     - |   292M |   0 | 273 |1120 | 704 | 135 | 17 |  14 |  36 | 3.652851e+03 | 3.652983e+03 |   0.00%| unknown
 58.9s|     1 |     0 |126260 |     - |   292M |   0 | 273 |1120 | 705 | 136 | 18 |  14 |  36 | 3.652851e+03 | 3.652983e+03 |   0.00%| unknown
 time | node  | left  |LP iter|LP it/n|mem/heur|mdpt |vars |cons |rows |cuts |sepa|confs|strbr|  dualbound   | primalbound  |  gap   | compl. 
 58.9s|     1 |     0 |126413 |     - |   292M |   0 | 273 |1057 | 673 | 136 | 19 |  16 |  37 | 3.652910e+03 | 3.652983e+03 |   0.00%| unknown
 58.9s|     1 |     0 |126413 |     - |   292M |   0 | 273 |1057 | 581 | 136 | 19 |  16 |  37 | 3.652910e+03 | 3.652983e+03 |   0.00%| unknown
 58.9s|     1 |     0 |126437 |     - |   292M |   0 | 273 |1057 | 568 | 137 | 20 |  16 |  37 | 3.652910e+03 | 3.652983e+03 |   0.00%| unknown
 58.9s|     1 |     0 |126437 |     - |   292M |   0 | 273 |1057 | 567 | 137 | 20 |  16 |  37 | 3.652910e+03 | 3.652983e+03 |   0.00%| unknown
 58.9s|     1 |     0 |126445 |     - |   292M |   0 | 273 |1057 | 568 | 138 | 21 |  16 |  37 | 3.652910e+03 | 3.652983e+03 |   0.00%| unknown
 58.9s|     1 |     0 |126445 |     - |   292M |   0 | 273 |1057 | 568 | 138 | 21 |  16 |  37 | 3.652910e+03 | 3.652983e+03 |   0.00%| unknown
 59.0s|     1 |     0 |126445 |     - |   292M |   0 | 273 | 988 | 568 | 138 | 21 |  16 |  37 | 3.652910e+03 | 3.652983e+03 |   0.00%| unknown
 59.0s|     1 |     0 |126475 |     - |   292M |   0 | 273 | 988 | 570 | 140 | 22 |  16 |  37 | 3.652911e+03 | 3.652983e+03 |   0.00%| unknown
 59.0s|     1 |     0 |126489 |     - |   292M |   0 | 273 | 960 | 570 | 140 | 23 |  20 |  42 | 3.652943e+03 | 3.652983e+03 |   0.00%| unknown
 59.0s|     1 |     0 |126489 |     - |   292M |   0 | 273 | 960 | 522 | 140 | 23 |  20 |  42 | 3.652943e+03 | 3.652983e+03 |   0.00%| unknown
 59.0s|     1 |     0 |126517 |     - |   292M |   0 | 273 | 960 | 530 | 148 | 24 |  20 |  42 | 3.652943e+03 | 3.652983e+03 |   0.00%| unknown
 59.1s|     1 |     0 |126518 |     - |   292M |   0 | 273 | 960 | 450 | 149 | 25 |  20 |  42 | 3.652943e+03 | 3.652983e+03 |   0.00%| unknown
 59.1s|     1 |     0 |126518 |     - |   292M |   0 | 273 | 951 | 450 | 149 | 25 |  20 |  42 | 3.652943e+03 | 3.652983e+03 |   0.00%| unknown
 59.1s|     1 |     0 |126536 |     - |   292M |   0 | 273 | 951 | 455 | 154 | 26 |  20 |  42 | 3.652943e+03 | 3.652983e+03 |   0.00%| unknown
 59.1s|     1 |     0 |126536 |     - |   292M |   0 | 273 | 951 | 455 | 154 | 26 |  20 |  42 | 3.652943e+03 | 3.652983e+03 |   0.00%| unknown
 time | node  | left  |LP iter|LP it/n|mem/heur|mdpt |vars |cons |rows |cuts |sepa|confs|strbr|  dualbound   | primalbound  |  gap   | compl. 
 59.1s|     1 |     0 |126538 |     - |   292M |   0 | 273 | 951 | 457 | 156 | 27 |  20 |  42 | 3.652943e+03 | 3.652983e+03 |   0.00%| unknown
 59.1s|     1 |     0 |126538 |     - |   292M |   0 | 273 | 946 | 457 | 156 | 27 |  20 |  42 | 3.652943e+03 | 3.652983e+03 |   0.00%| unknown
 59.2s|     1 |     0 |126568 |     - |   292M |   0 | 273 | 946 | 463 | 162 | 28 |  20 |  42 | 3.652943e+03 | 3.652983e+03 |   0.00%| unknown
 59.2s|     1 |     0 |126568 |     - |   292M |   0 | 273 | 946 | 452 | 162 | 28 |  20 |  42 | 3.652943e+03 | 3.652983e+03 |   0.00%| unknown
 59.2s|     1 |     0 |126588 |     - |   292M |   0 | 273 | 946 | 455 | 165 | 29 |  20 |  42 | 3.652943e+03 | 3.652983e+03 |   0.00%| unknown
 59.2s|     1 |     0 |126590 |     - |   292M |   0 | 273 | 946 | 455 | 165 | 29 |  20 |  42 | 3.652943e+03 | 3.652983e+03 |   0.00%| unknown
 59.2s|     1 |     0 |126592 |     - |   292M |   0 | 273 | 946 | 407 | 165 | 29 |  20 |  42 | 3.652943e+03 | 3.652983e+03 |   0.00%| unknown
 59.2s|     1 |     0 |126596 |     - |   292M |   0 | 273 | 923 | 407 | 165 | 29 |  20 |  42 | 3.652943e+03 | 3.652983e+03 |   0.00%| unknown
 59.3s|     1 |     0 |126596 |     - |   292M |   0 | 273 | 923 | 394 | 165 | 29 |  20 |  42 | 3.652943e+03 | 3.652983e+03 |   0.00%| unknown
 59.3s|     1 |     0 |126603 |     - |   292M |   0 | 273 | 923 | 391 | 168 | 30 |  20 |  42 | 3.652943e+03 | 3.652983e+03 |   0.00%| unknown
 59.3s|     1 |     0 |126603 |     - |   292M |   0 | 273 | 923 | 385 | 168 | 30 |  20 |  42 | 3.652943e+03 | 3.652983e+03 |   0.00%| unknown
 59.3s|     1 |     0 |126606 |     - |   292M |   0 | 273 | 923 | 387 | 170 | 31 |  20 |  42 | 3.652943e+03 | 3.652983e+03 |   0.00%| unknown
 59.3s|     1 |     0 |126611 |     - |   292M |   0 | 273 | 865 | 387 | 170 | 31 |  26 |  46 | 3.652943e+03 | 3.652983e+03 |   0.00%| unknown
 59.3s|     1 |     0 |126611 |     - |   292M |   0 | 273 | 865 | 369 | 170 | 31 |  26 |  46 | 3.652943e+03 | 3.652983e+03 |   0.00%| unknown
 59.3s|     1 |     0 |126611 |     - |   292M |   0 | 273 | 865 | 366 | 170 | 32 |  26 |  46 | 3.652943e+03 | 3.652983e+03 |   0.00%| unknown
 time | node  | left  |LP iter|LP it/n|mem/heur|mdpt |vars |cons |rows |cuts |sepa|confs|strbr|  dualbound   | primalbound  |  gap   | compl. 
 59.3s|     1 |     2 |126611 |     - |   292M |   0 | 273 | 862 | 366 | 170 | 32 |  26 |  49 | 3.652944e+03 | 3.652983e+03 |   0.00%| unknown

SCIP Status        : problem is solved [optimal solution found]
Solving Time (sec) : 59.36
Solving Nodes      : 5 (total of 10 nodes in 6 runs)
Primal Bound       : +3.65298347756754e+03 (96 solutions)
Dual Bound         : +3.65298347756754e+03
Gap                : 0.00 %

primal solution (original space):
=================================

objective value:                     3652.98347756754
z#0                                                 1 	(obj:0)
z#9                                                 1 	(obj:0)
z#16                                                1 	(obj:0)
z#22                                0.999999999999996 	(obj:0)
z#37                                0.999999999999977 	(obj:0)
z#45                                 1.00000000000006 	(obj:0)
z#47                                                1 	(obj:0)
z#49                                0.999999999999981 	(obj:0)
z#50                                0.999999999999998 	(obj:0)
z#55                                                1 	(obj:0)
z#56                                                1 	(obj:0)
z#57                                                1 	(obj:0)
z#58                                                1 	(obj:0)
z#61                                                1 	(obj:0)
z#69                                                1 	(obj:0)
z#78                                                1 	(obj:0)
z#87                                                1 	(obj:0)
z#90                                                1 	(obj:0)
z#107                                1.00000000000001 	(obj:0)
z#113                                               1 	(obj:0)
z#116                                               1 	(obj:0)
z#130                               0.999999999999979 	(obj:0)
z#133                                               1 	(obj:0)
z#157                                               1 	(obj:0)
z#172                                1.00000000000016 	(obj:0)
z#176                                               1 	(obj:0)
z#182                                               1 	(obj:0)
z#183                                               1 	(obj:0)
z#195                                               1 	(obj:0)
z#199                                1.00000000000001 	(obj:0)
z#214                               0.999999999999271 	(obj:0)
z#217                                               1 	(obj:0)
z#219                                               1 	(obj:0)
z#226                                               1 	(obj:0)
z#231                                               1 	(obj:0)
z#232                                1.00000000000001 	(obj:0)
z#236                                               1 	(obj:0)
z#237                                               1 	(obj:0)
z#245                                1.00000000000001 	(obj:0)
z#253                                               1 	(obj:0)
z#257                                               1 	(obj:0)
z#260                                               1 	(obj:0)
z#264                                               1 	(obj:0)
z#265                                               1 	(obj:0)
z#268                               0.999999999999886 	(obj:0)
z#273                                               1 	(obj:0)
z#277                                               1 	(obj:0)
z#287                                               1 	(obj:0)
z#295                                               1 	(obj:0)
z#296                                1.00000000000002 	(obj:0)
z#300                                               1 	(obj:0)
z#309                                               1 	(obj:0)
z#310                                               1 	(obj:0)
z#313                                               1 	(obj:0)
z#316                                               1 	(obj:0)
z#321                                               1 	(obj:0)
z#324                                               1 	(obj:0)
z#333                                               1 	(obj:0)
z#341                                               1 	(obj:0)
z#343                                               1 	(obj:0)
z#346                                               1 	(obj:0)
z#348                                               1 	(obj:0)
z#354                                               1 	(obj:0)
z#364                                1.00000000000002 	(obj:0)
z#367                                               1 	(obj:0)
z#380                                               1 	(obj:0)
z#385                                               1 	(obj:0)
z#396                                               1 	(obj:0)
z#398                                1.00000000000004 	(obj:0)
z#400                                               1 	(obj:0)
z#414                                1.00000000000004 	(obj:0)
z#424                               0.999999999999998 	(obj:0)
z#425                                               1 	(obj:0)
z#428                                               1 	(obj:0)
z#431                                               1 	(obj:0)
z#449                                               1 	(obj:0)
z#457                                               1 	(obj:0)
z#461                                               1 	(obj:0)
z#466                                               1 	(obj:0)
z#471                                               1 	(obj:0)
z#497                                               1 	(obj:0)
z#505                                               1 	(obj:0)
z#510                                               1 	(obj:0)
z#513                                               1 	(obj:0)
z#522                                               1 	(obj:0)
z#534                                               1 	(obj:0)
z#546                                               1 	(obj:0)
z#552                                               1 	(obj:0)
z#554                                               1 	(obj:0)
z#555                                               1 	(obj:0)
z#556                                               1 	(obj:0)
z#566                                1.00000000000004 	(obj:0)
z#573                                               1 	(obj:0)
z#586                                               1 	(obj:0)
z#596                                               1 	(obj:0)
z#608                                               1 	(obj:0)
z#615                                1.00000000000001 	(obj:0)
z#616                                               1 	(obj:0)
z#629                                               1 	(obj:0)
z#632                                               1 	(obj:0)
z#635                                               1 	(obj:0)
z#636                                1.00000000000004 	(obj:0)
z#641                                               1 	(obj:0)
z#642                                               1 	(obj:0)
z#650                                               1 	(obj:0)
z#654                                               1 	(obj:0)
z#688                                               1 	(obj:0)
z#690                                               1 	(obj:0)
z#693                                               1 	(obj:0)
z#708                                               1 	(obj:0)
z#712                                               1 	(obj:0)
z#713                                               1 	(obj:0)
z#715                                               1 	(obj:0)
z#725                                               1 	(obj:0)
z#726                                               1 	(obj:0)
z#727                                               1 	(obj:0)
z#733                                               1 	(obj:0)
z#735                                               1 	(obj:0)
z#750                                               1 	(obj:0)
z#753                                1.00000000000002 	(obj:0)
z#760                                               1 	(obj:0)
z#761                                               1 	(obj:0)
z#762                                               1 	(obj:0)
z#766                                               1 	(obj:0)
z#769                                               1 	(obj:0)
z#773                                1.00000000000005 	(obj:0)
z#775                                               1 	(obj:0)
z#790                                               1 	(obj:0)
z#797                                               1 	(obj:0)
z#807                               0.999999999999992 	(obj:0)
z#820                               0.999999999999984 	(obj:0)
z#838                                               1 	(obj:0)
z#842                                               1 	(obj:0)
z#844                                               1 	(obj:0)
z#848                                1.00000000000001 	(obj:0)
z#853                                               1 	(obj:0)
z#865                                1.00000000000002 	(obj:0)
z#868                                               1 	(obj:0)
z#870                                               1 	(obj:0)
z#872                                               1 	(obj:0)
z#876                                               1 	(obj:0)
z#885                                               1 	(obj:0)
z#897                                               1 	(obj:0)
z#900                                               1 	(obj:0)
z#905                                1.00000000000001 	(obj:0)
z#907                                               1 	(obj:0)
z#919                                               1 	(obj:0)
z#923                                1.00000000000001 	(obj:0)
z#926                                               1 	(obj:0)
z#931                                               1 	(obj:0)
z#932                                               1 	(obj:0)
z#936                                               1 	(obj:0)
z#941                                               1 	(obj:0)
z#955                                               1 	(obj:0)
z#961                               0.999999999999929 	(obj:0)
z#965                               0.999999999999997 	(obj:0)
z#970                                               1 	(obj:0)
z#979                                               1 	(obj:0)
z#981                                               1 	(obj:0)
z#985                                               1 	(obj:0)
z#988                                               1 	(obj:0)
z#994                                1.00000000000001 	(obj:0)
z#999                                               1 	(obj:0)
z#1004                                              1 	(obj:0)
z#1006                               1.00000000000008 	(obj:0)
z#1010                                              1 	(obj:0)
z#1012                                              1 	(obj:0)
z#1019                                              1 	(obj:0)
z#1021                              0.999999999999993 	(obj:0)
z#1022                                              1 	(obj:0)
z#1026                                              1 	(obj:0)
z#1030                                              1 	(obj:0)
z#1043                               1.00000000000001 	(obj:0)
z#1047                                              1 	(obj:0)
z#1048                               1.00000000000007 	(obj:0)
z#1057                                              1 	(obj:0)
z#1061                                              1 	(obj:0)
z#1063                                              1 	(obj:0)
z#1075                                              1 	(obj:0)
z#1081                                              1 	(obj:0)
z#1083                                              1 	(obj:0)
z#1085                                              1 	(obj:0)
z#1097                                              1 	(obj:0)
z#1108                                              1 	(obj:0)
z#1115                                              1 	(obj:0)
z#1117                                              1 	(obj:0)
z#1121                                              1 	(obj:0)
z#1139                                              1 	(obj:0)
z#1140                                              1 	(obj:0)
z#1142                               1.00000000000002 	(obj:0)
z#1148                                              1 	(obj:0)
z#1149                              0.999999999999998 	(obj:0)
z#1156                                              1 	(obj:0)
z#1163                              0.999999999999998 	(obj:0)
z#1168                                              1 	(obj:0)
z#1172                                              1 	(obj:0)
z#1176                                              1 	(obj:0)
z#1179                                              1 	(obj:0)
z#1186                                              1 	(obj:0)
z#1194                                              1 	(obj:0)
y#27#3                               76.8146805896805 	(obj:0)
y#28#12                              66.4379969024264 	(obj:0)
y#28#15                              81.0514743589743 	(obj:0)
y#31#18                              93.5696281989377 	(obj:0)
y#31#32                              87.5864264767491 	(obj:0)
y#31#42                              49.3230890052356 	(obj:0)
y#35#39                              66.5065032516258 	(obj:0)
x#2                                  838.030749863936 	(obj:0.83)
x#5                                  109.072679509632 	(obj:1.01)
x#6                                  642.679987774803 	(obj:0.85)
x#10                                 1180.97365082438 	(obj:0.83)
x#12                                  100.86718648473 	(obj:0.9)
x#19                                 945.086532053618 	(obj:0.81)
x#27                                 76.8146805896805 	(obj:0.92)
x#28                                 147.489471261401 	(obj:0.88)
x#31                                 230.479143680922 	(obj:0.88)
x#35                                 66.5065032516258 	(obj:0.92)
y#2#1                                86.6353737113402 	(obj:0)
y#2#7                                78.7356123954747 	(obj:0)
y#2#10                               76.5527736867943 	(obj:0)
y#2#24                               92.0673913043478 	(obj:0)
y#2#25                               74.2082221035771 	(obj:0)
y#2#28                               61.5971219512195 	(obj:0)
y#2#37                               104.617117117117 	(obj:0)
y#2#41                               100.105690140845 	(obj:0)
y#2#43                                70.273418394471 	(obj:0)
y#2#44                               93.2380290587492 	(obj:0)
y#5#4                                109.072679509632 	(obj:0)
y#6#6                                112.304900816803 	(obj:0)
y#6#14                               79.5113992172211 	(obj:0)
y#6#19                               85.4127906976744 	(obj:0)
y#6#30                               94.0569199798691 	(obj:0)
y#6#34                                105.61314447592 	(obj:0)
y#6#45                               61.6618858560794 	(obj:0)
y#6#47                               104.118946731235 	(obj:0)
y#10#2                               90.0544420753376 	(obj:0)
y#10#5                               95.1217528373266 	(obj:0)
y#10#9                               88.1175890410959 	(obj:0)
y#10#13                              137.390207715134 	(obj:0)
y#10#17                              87.4485403548941 	(obj:0)
y#10#20                              67.2685085354897 	(obj:0)
y#10#21                              84.8334875650665 	(obj:0)
y#10#22                              84.2366157328806 	(obj:0)
y#10#23                              91.1114441416894 	(obj:0)
y#10#29                              71.2825587467363 	(obj:0)
y#10#31                              96.0943725743855 	(obj:0)
y#10#35                              98.1393532338309 	(obj:0)
y#10#48                                89.87477827051 	(obj:0)
y#12#11                               100.86718648473 	(obj:0)
y#19#0                               67.3851602895553 	(obj:0)
y#19#8                               78.8104486785495 	(obj:0)
y#19#16                              76.8243563336766 	(obj:0)
y#19#26                              109.576326259947 	(obj:0)
y#19#27                              61.4356921166977 	(obj:0)
y#19#33                              94.6298071303331 	(obj:0)
y#19#36                              105.663457484188 	(obj:0)
y#19#38                              67.2520869068039 	(obj:0)
y#19#40                              95.6271197411003 	(obj:0)
y#19#46                              77.7932058047493 	(obj:0)
y#19#49                              110.088871308017 	(obj:0)
v#0                                          130.3229 	(obj:0)
v#1                                          134.4581 	(obj:0)
v#2                                          126.7066 	(obj:0)
v#3                                          125.0543 	(obj:0)
v#4                                          186.8415 	(obj:0)
v#5                                          150.8631 	(obj:0)
v#6                                  192.490600000001 	(obj:0)
v#7                                          160.0695 	(obj:0)
v#8                                          128.2246 	(obj:0)
v#9                                          160.8146 	(obj:0)
v#10                                          155.938 	(obj:0)
v#11                                         155.2346 	(obj:0)
v#12                                         128.6904 	(obj:0)
v#13                                          185.202 	(obj:0)
v#14                                         162.5213 	(obj:0)
v#15                                         126.4403 	(obj:0)
v#16                                         149.1929 	(obj:0)
v#17                                         152.7726 	(obj:0)
v#18                                         193.7827 	(obj:0)
v#19                                         168.9465 	(obj:0)
v#20                                         149.7397 	(obj:0)
v#21                                         146.6771 	(obj:0)
v#22                                         148.8461 	(obj:0)
v#23                                         167.1895 	(obj:0)
v#24                                         173.6391 	(obj:0)
v#25                                          138.992 	(obj:0)
v#26                                         165.2411 	(obj:0)
v#27                                          98.9729 	(obj:0)
v#28                                         126.2741 	(obj:0)
v#29                                         136.5061 	(obj:0)
v#30                                         186.8911 	(obj:0)
v#31                                         148.5619 	(obj:0)
v#32                                         209.0688 	(obj:0)
v#33                                         161.9116 	(obj:0)
v#34                                         186.4072 	(obj:0)
v#35                                         197.2601 	(obj:0)
v#36                                         150.3591 	(obj:0)
v#37                                         150.9625 	(obj:0)
v#38                                         117.6239 	(obj:0)
v#39                                         132.9465 	(obj:0)
v#40                                         147.7439 	(obj:0)
v#41                                         177.6876 	(obj:0)
v#42                                          94.2071 	(obj:0)
v#43                                         132.1843 	(obj:0)
v#44                                         147.5958 	(obj:0)
v#45                                         124.2487 	(obj:0)
v#46                                         117.9345 	(obj:0)
v#47                                         172.0045 	(obj:0)
v#48                                         162.1341 	(obj:0)
v#49                                         208.7285 	(obj:0)

Statistics
==========

SCIP Status        : problem is solved [optimal solution found]
Total Time         :      60.05
  solving          :      59.36
  presolving       :       5.16 (included in solving)
  reading          :       0.68
  copying          :       0.13 (6 #copies) (minimal 0.02, maximal 0.03, average 0.02)
Original Problem   :
  Problem name     : CCRPData/40-50-2000-2
  Variables        : 3308 (1218 binary, 0 integer, 0 implicit integer, 2090 continuous)
  Constraints      : 10092 initial, 10092 maximal
  Objective        : minimize, 40 non-zeros (abs.min = 0.81, abs.max = 1.18)
Presolved Problem  :
  Problem name     : t_CCRPData/40-50-2000-2
  Variables        : 273 (225 binary, 0 integer, 0 implicit integer, 48 continuous)
  Constraints      : 1324 initial, 1324 maximal
  Objective        : minimize, 48 non-zeros (abs.min = 0.368664, abs.max = 1.01)
  Nonzeros         : 20883 constraint, 10 clique table
Presolvers         :   ExecTime  SetupTime  Calls  FixedVars   AggrVars   ChgTypes  ChgBounds   AddHoles    DelCons    AddCons   ChgSides   ChgCoefs
  boundshift       :       0.00       0.00      0          0          0          0          0          0          0          0          0          0
  convertinttobin  :       0.00       0.00      0          0          0          0          0          0          0          0          0          0
  domcol           :       0.03       0.00      6          0          0          0          0          0          0          0          0          0
  dualagg          :       0.00       0.00      0          0          0          0          0          0          0          0          0          0
  dualcomp         :       0.01       0.00      6          0          0          0          0          0          0          0          0          0
  dualinfer        :       0.00       0.00      0          0          0          0          0          0          0          0          0          0
  dualsparsify     :       0.03       0.00      1          0          0          0          0          0          0          0          0          0
  gateextraction   :       0.00       0.00      0          0          0          0          0          0          0          0          0          0
  implics          :       0.00       0.00     27          0          0          0          0          0          0          0          0          0
  inttobinary      :       0.00       0.00      0          0          0          0          0          0          0          0          0          0
  milp             :       0.15       0.00      5       1022         90          0         89          0      10091      10003          0          0
  qpkktref         :       0.00       0.00      0          0          0          0          0          0          0          0          0          0
  redvub           :       0.00       0.00      0          0          0          0          0          0          0          0          0          0
  sparsify         :       0.01       0.00      2          0          0          0          0          0          0          0          0          0
  stuffing         :       0.00       0.00      0          0          0          0          0          0          0          0          0          0
  trivial          :       0.00       0.00     36        992          0          0          0          0          0          0          0          0
  tworowbnd        :       0.00       0.00      0          0          0          0          0          0          0          0          0          0
  dualfix          :       0.00       0.00     36        928          0          0          0          0          0          0          0          0
  genvbounds       :       0.00       0.00      0          0          0          0          0          0          0          0          0          0
  probing          :       4.77       0.00      1          0          0          0          0          0          0          0          0          0
  pseudoobj        :       0.00       0.00      7          0          0          0          1          0          0          0          0          0
  symmetry         :       0.00       0.00      1          0          0          0          0          0          0          0          0          0
  vbounds          :       0.00       0.00      6          0          0          0          0          0          0          0          0          0
  chancecons       :       0.01       0.00      1          0          0          0          0          0          0          0          0          0
  varbound         :       0.01       0.01     57          0          0          0          0          0         49          0          2       3387
  knapsack         :       0.00       0.00     70          0          0          0          0          0          0          0          0          0
  setppc           :       0.00       0.00     60          0          0          0          0          0          0          0          0          0
  linear           :       0.10       0.01     53          0          3          0        100          0        122          0          9        570
  logicor          :       0.00       0.00      0          0          0          0          0          0          0          0          0          0
  bounddisjunction :       0.00       0.00     12          0          0          0          0          0          8          0          0          0
  benders          :       0.00       0.00      0          0          0          0          0          0          0          0          0          0
  components       :       0.00       0.00      6          0          0          0          0          0          0          0          0          0
  root node        :          -          -      -       1146          -          -       1608          -          -          -          -          -
Constraints        :     Number  MaxNumber  #Separate #Propagate    #EnfoLP    #EnfoRelax  #EnfoPS    #Check   #ResProp    Cutoffs    DomReds       Cuts    Applied      Conss   Children
  benderslp        :          0          0          0          0          9          0          0        361          0          0          0          0          0          0          0
  chancecons       :          1          1        145      18843          0          0          0          0          0         26        233       3770       1792          0          0
  integral         :          0          0          0          0          9          0          0        361          0          0         54          0          0         18          6
  varbound         :        517        517        145      18814          0          0          0        347         17          0        415          0          0          0          0
  knapsack         :          1          1        145      18604          0          0          0        190          0          0          0          0          0          0          0
  setppc           :         10+        11        105       8125          0          0          0          0          1          2          1          0          0          0          0
  linear           :        795        795        145      18816          0          0          0         13          2          2         19        166         33          0          0
  logicor          :          0+         2          0          4          0          0          0          0          0          0          0          0          0          0          0
  bounddisjunction :          0+         2          0         77          0          0          0          0          0          2          0          0          0          0          0
  benders          :          0          0          0          0          0          0          0        151          0          0          0          0          0          0          0
  fixedvar         :          0          0          0          0          0          0          0        151          0          0          0          0          0          0          0
  countsols        :          0          0          0          0          0          0          0        151          0          0          0          0          0          0          0
  components       :          0          0          0          0          0          0          0          0          0          0          0          0          0          0          0
Constraint Timings :  TotalTime  SetupTime   Separate  Propagate     EnfoLP     EnfoPS     EnfoRelax   Check    ResProp    SB-Prop
  benderslp        :       0.00       0.00       0.00       0.00       0.00       0.00       0.00       0.00       0.00       0.00
  chancecons       :      14.59       0.00       0.07      14.38       0.00       0.00       0.00       0.00       0.00       0.14
  integral         :       0.87       0.00       0.00       0.00       0.87       0.00       0.00       0.00       0.00       0.00
  varbound         :       0.88       0.01       0.03       0.83       0.00       0.00       0.00       0.01       0.00       0.00
  knapsack         :       0.38       0.00       0.31       0.07       0.00       0.00       0.00       0.00       0.00       0.00
  setppc           :       0.00       0.00       0.00       0.00       0.00       0.00       0.00       0.00       0.00       0.00
  linear           :       0.13       0.01       0.06       0.06       0.00       0.00       0.00       0.00       0.00       0.00
  logicor          :       0.00       0.00       0.00       0.00       0.00       0.00       0.00       0.00       0.00       0.00
  bounddisjunction :       0.00       0.00       0.00       0.00       0.00       0.00       0.00       0.00       0.00       0.00
  benders          :       0.00       0.00       0.00       0.00       0.00       0.00       0.00       0.00       0.00       0.00
  fixedvar         :       0.02       0.00       0.00       0.00       0.00       0.00       0.00       0.02       0.00       0.00
  countsols        :       0.00       0.00       0.00       0.00       0.00       0.00       0.00       0.00       0.00       0.00
  components       :       0.00       0.00       0.00       0.00       0.00       0.00       0.00       0.00       0.00       0.00
Propagators        : #Propagate   #ResProp    Cutoffs    DomReds
  dualfix          :         52          0          0          4
  genvbounds       :          0          0          0          0
  nlobbt           :          0          0          0          0
  obbt             :          0          0          0          0
  probing          :          0          0          0          0
  pseudoobj        :        392          0          0         16
  redcost          :        267          0          0        917
  rootredcost      :          1          0          0          0
  symmetry         :          0          0          0          0
  vbounds          :      12252          0          0          0
Propagator Timings :  TotalTime  SetupTime   Presolve  Propagate    ResProp    SB-Prop
  dualfix          :       0.00       0.00       0.00       0.00       0.00       0.00
  genvbounds       :       0.00       0.00       0.00       0.00       0.00       0.00
  nlobbt           :       0.00       0.00       0.00       0.00       0.00       0.00
  obbt             :       0.00       0.00       0.00       0.00       0.00       0.00
  probing          :       4.77       0.00       4.77       0.00       0.00       0.00
  pseudoobj        :       0.01       0.00       0.00       0.01       0.00       0.00
  redcost          :       0.01       0.00       0.00       0.01       0.00       0.00
  rootredcost      :       0.00       0.00       0.00       0.00       0.00       0.00
  symmetry         :       0.00       0.00       0.00       0.00       0.00       0.00
  vbounds          :       0.01       0.00       0.00       0.01       0.00       0.00
Symmetry           :
  orbitopal red.   :          0 reductions applied,          0 cutoffs
  orbital reduction:          0 reductions applied,          0 cutoffs
  lexicographic red:          0 reductions applied,          0 cutoffs
  shadow tree time :       0.00 s
Conflict Analysis  :       Time      Calls    Success    DomReds  Conflicts   Literals    Reconvs ReconvLits   Dualrays   Nonzeros   LP Iters   (pool size: [10000,10000])
  propagation      :       0.00          4          2          -          2        3.0          0        0.0          -          -          -
  infeasible LP    :       0.00          0          0          -          0        0.0          0        0.0          0        0.0          0
  bound exceed. LP :       0.06         41         26          -         28       19.6          0        0.0         17       12.9        210
  strong branching :       0.00          0          0          -          0        0.0          0        0.0          -          -          0
  pseudo solution  :       0.00          0          0          -          0        0.0          0        0.0          -          -          -
  applied globally :       0.00          -          -          4         21       12.5          -          -         17          -          -
  applied locally  :          -          -          -          0          0        0.0          -          -          0          -          -
Separators         :   ExecTime  SetupTime      Calls  RootCalls    Cutoffs    DomReds  FoundCuts ViaPoolAdd  DirectAdd    Applied ViaPoolApp  DirectApp      Conss
  cut pool         :       0.12          -        263        263          -          -      26025      48207          -          -          -          -          -    (maximal pool size:      12953)
  aggregation      :       6.40       0.00        145        145          0          0      19551      37304          0       1358       1358          0          0
  > cmir           :          -          -          -          -          -          -          -      36609          0       1352       1352          0          -
  > flowcover      :          -          -          -          -          -          -          -        695          0          6          6          0          -
  > knapsackcover  :          -          -          -          -          -          -          -          0          0          0          0          0          -
  cgmip            :       0.00       0.00          0          0          0          0          0          0          0          0          0          0          0
  clique           :       0.23       0.00        145        145          0          0         20         27          0          0          0          0          0
  closecuts        :       0.00       0.00          0          0          0          0          0          0          0          0          0          0          0
  convexproj       :       0.00       0.00          0          0          0          0          0          0          0          0          0          0          0
  disjunctive      :       0.00       0.00          0          0          0          0          0          0          0          0          0          0          0
  eccuts           :       0.00       0.00          0          0          0          0          0          0          0          0          0          0          0
  gauge            :       0.00       0.00          0          0          0          0          0          0          0          0          0          0          0
  gomory           :       0.94       0.00         60         60          0          0       5610       9489          0        308        308          0          0
  > gomorymi       :          -          -          -          -          -          -          -       9489          0        308        308          0          -
  > strongcg       :          -          -          -          -          -          -          -          0          0          0          0          0          -
  impliedbounds    :       0.03       0.00        145        145          0          4        844       1387          0        250        250          0          0
  interminor       :       0.00       0.00          0          0          0          0          0          0          0          0          0          0          0
  intobj           :       0.00       0.00          0          0          0          0          0          0          0          0          0          0          0
  lagromory        :       0.00       0.00          0          0          0          0          0          0          0          0          0          0          0
  mcf              :       0.00       0.00          9          9          0          0          0          0          0          0          0          0          0
  minor            :       0.00       0.00         60         60          0          0          0          0          0          0          0          0          0
  mixing           :       0.00       0.00          0          0          0          0          0          0          0          0          0          0          0
  oddcycle         :       0.00       0.00          0          0          0          0          0          0          0          0          0          0          0
  rapidlearning    :       0.00       0.00          0          0          0          0          0          0          0          0          0          0          0
  rlt              :       0.00       0.00         60         60          0          0          0          0          0          0          0          0          0
  zerohalf         :       0.03       0.00        116        116          0          0          0          0          0          0          0          0          0
Cutselectors       :   ExecTime  SetupTime      Calls  RootCalls   Selected     Forced   Filtered  RootSelec   RootForc   RootFilt 
  hybrid           :       0.12       0.00        140        140       3741          0      48402       3741          0      48402
  ensemble         :       0.00       0.00          0          0          0          0          0          0          0          0
  dynamic          :       0.00       0.00          0          0          0          0          0          0          0          0
Pricers            :   ExecTime  SetupTime      Calls       Vars
  problem variables:       0.00          -          0          0
Branching Rules    :   ExecTime  SetupTime   BranchLP  BranchExt   BranchPS    Cutoffs    DomReds       Cuts      Conss   Children
  allfullstrong    :       0.00       0.00          0          0          0          0          0          0          0          0
  cloud            :       0.00       0.00          0          0          0          0          0          0          0          0
  distribution     :       0.00       0.00          0          0          0          0          0          0          0          0
  fullstrong       :       0.00       0.00          0          0          0          0          0          0          0          0
  gomory           :       0.00       0.00          0          0          0          0          0          0          0          0
  inference        :       0.00       0.00          0          0          0          0          0          0          0          0
  leastinf         :       0.00       0.00          0          0          0          0          0          0          0          0
  lookahead        :       0.00       0.00          0          0          0          0          0          0          0          0
  mostinf          :       0.00       0.00          0          0          0          0          0          0          0          0
  multaggr         :       0.00       0.00          0          0          0          0          0          0          0          0
  nodereopt        :       0.00       0.00          0          0          0          0          0          0          0          0
  pscost           :       0.00       0.00          0          0          0          0          0          0          0          0
  random           :       0.00       0.00          0          0          0          0          0          0          0          0
  relpscost        :       0.87       0.00          9          0          0          0         54          0         18          6
  vanillafullstrong:       0.00       0.00          0          0          0          0          0          0          0          0
Primal Heuristics  :   ExecTime  SetupTime      Calls      Found       Best
  LP solutions     :       0.00          -          -          0          0
  relax solutions  :       0.00          -          -          0          0
  pseudo solutions :       0.00          -          -          0          0
  strong branching :       0.00          -          -          0          0
  actconsdiving    :       0.00       0.00          0          0          0
  adaptivediving   :       0.00       0.00          0          0          0
  alns             :       0.75       0.00          1          0          0
  bound            :       0.00       0.00          0          0          0
  clique           :       0.07       0.00          1          0          0
  coefdiving       :       0.00       0.00          0          0          0
  completesol      :       0.00       0.00          0          0          0
  conflictdiving   :      12.39       0.00          4          0          0
  crossover        :       0.00       0.00          0          0          0
  dins             :       0.00       0.00          0          0          0
  distributiondivin:       0.00       0.00          0          0          0
  dps              :       0.00       0.00          0          0          0
  dualval          :       0.00       0.00          0          0          0
  farkasdiving     :       0.09       0.00          1          1          1
  feaspump         :       1.33       0.00          1          1          0
  fixandinfer      :       0.00       0.00          0          0          0
  fracdiving       :       0.00       0.00          0          0          0
  gins             :       0.00       0.00          0          0          0
  guideddiving     :       0.00       0.00          0          0          0
  indicator        :       0.00       0.00          0          0          0
  indicatordiving  :       0.00       0.00          0          0          0
  intdiving        :       0.00       0.00          0          0          0
  intshifting      :       0.30       0.00          6          1          1
  linesearchdiving :       0.00       0.00          0          0          0
  localbranching   :       0.00       0.00          0          0          0
  locks            :       0.58       0.00          1          0          0
  lpface           :       0.00       0.00          0          0          0
  mpec             :       0.00       0.00          0          0          0
  multistart       :       0.00       0.00          0          0          0
  mutation         :       0.00       0.00          0          0          0
  nlpdiving        :       0.00       0.00          0          0          0
  objpscostdiving  :       0.00       0.00          0          0          0
  octane           :       0.00       0.00          0          0          0
  ofins            :       0.00       0.00          0          0          0
  oneopt           :       0.01       0.00          5          0          0
  padm             :       0.00       0.00          0          0          0
  proximity        :       0.00       0.00          0          0          0
  pscostdiving     :       0.00       0.00          0          0          0
  randrounding     :       9.58       0.00        156          0          0
  rens             :       1.61       0.00          5          5          1
  reoptsols        :       0.00       0.00          0          0          0
  repair           :       0.00       0.00          0          0          0
  rins             :       0.00       0.00          0          0          0
  rootsoldiving    :       0.00       0.00          0          0          0
  rounding         :       0.03       0.00        102          0          0
  scheduler        :       0.00       0.00          0          0          0
  shiftandpropagate:       0.00       0.00          0          0          0
  shifting         :       0.33       0.00        156         86          2
  simplerounding   :       0.00       0.00          0          0          0
  subnlp           :       0.00       0.00          0          0          0
  trivial          :       0.00       0.00         12          0          0
  trivialnegation  :       0.00       0.00          0          0          0
  trustregion      :       0.00       0.00          0          0          0
  trysol           :       0.00       0.00          0          0          0
  twoopt           :       0.00       0.00          0          0          0
  undercover       :       0.00       0.00          0          0          0
  vbounds          :       0.85       0.00          6          2          2
  veclendiving     :       0.00       0.00          0          0          0
  zeroobj          :       0.00       0.00          0          0          0
  zirounding       :       0.00       0.00          7          0          0
  other solutions  :          -          -          -          0          -
LNS (Scheduler)    :      Calls  SetupTime  SolveTime SolveNodes       Sols       Best       Exp3    Exp3-IX  EpsGreedy        UCB TgtFixRate  Opt  Inf Node Stal  Sol  Usr Othr Actv
  rens             :          0       0.00       0.00          0          0          0    0.00000    0.12500   -1.00000    1.00000      0.900    0    0    0    0    0    0    0    1
  rins             :          0       0.00       0.00          0          0          0    0.00000    0.12500   -1.00000    1.00000      0.900    0    0    0    0    0    0    0    1
  mutation         :          0       0.00       0.00          0          0          0    0.00000    0.12500   -1.00000    1.00000      0.900    0    0    0    0    0    0    0    1
  localbranching   :          0       0.00       0.00          0          0          0    0.00000    0.12500   -1.00000    1.00000      0.900    0    0    0    0    0    0    0    1
  crossover        :          0       0.00       0.00          0          0          0    0.00000    0.12500   -1.00000    1.00000      0.900    0    0    0    0    0    0    0    1
  proximity        :          0       0.00       0.00          0          0          0    0.00000    0.12500   -1.00000    1.00000      0.900    0    0    0    0    0    0    0    1
  zeroobjective    :          0       0.00       0.00          0          0          0    0.00000    0.12500   -1.00000    1.00000      0.900    0    0    0    0    0    0    0    1
  dins             :          0       0.00       0.00          0          0          0    0.00000    0.12500   -1.00000    1.00000      0.900    0    0    0    0    0    0    0    1
  trustregion      :          0       0.00       0.00          0          0          0    0.00000    0.00000   -1.00000    1.00000      0.900    0    0    0    0    0    0    0    0
LP                 :       Time      Calls Iterations  Iter/call   Iter/sec  Time-0-It Calls-0-It    ItLimit
  primal LP        :       0.01         23          0       0.00          -       0.01         23
  dual LP          :      16.63        283      80140     445.22    4818.31       0.03        103
  lex dual LP      :       0.00          0          0       0.00          -
  barrier LP       :       0.00          0          0       0.00          -       0.00          0
  resolve instable :       0.00          0          0       0.00          -
  diving/probing LP:      13.90         59      46561     789.17    3350.53
  strong branching :       0.70         58      13481     232.43   19326.46          -          -          0
    (at root node) :          -         49      13415     273.78          -
  conflict analysis:       0.05         21        210      10.00    4353.50
B&B Tree           :
  number of runs   :          6
  nodes            :          5 (2 internal, 3 leaves)
  feasible leaves  :          0
  infeas. leaves   :          0
  objective leaves :          3
  nodes (total)    :         10 (3 internal, 7 leaves)
  nodes left       :          0
  max depth        :          2
  max depth (total):          2
  backtracks       :          0 (0.0%)
  early backtracks :          0 (0.0%)
  nodes exc. ref.  :          0 (0.0%)
  delayed cutoffs  :          0
  repropagations   :          1 (0 domain reductions, 0 cutoffs)
  avg switch length:       2.40
  switching time   :       0.00
Root Node          :
  First LP value   : +3.49798230501394e+03
  First LP Iters   :       2027 (10776.13 Iter/sec)
  First LP Time    :       0.19
  Final Dual Bound : +3.65298347756754e+03
  Final Root Iters :      80050
  Root LP Estimate : +3.65304789404912e+03
Solution           :
  Solutions found  :         96 (7 improvements)
  First Solution   : +3.92498571346952e+03   (in run 1, after 1 nodes, 6.10 seconds, depth 368, found by <vbounds>)
  Gap First Sol.   :      24.87 %
  Gap Last Sol.    :       0.01 %
  Primal Bound     : +3.65298347756754e+03   (in run 4, after 1 nodes, 52.51 seconds, depth 23, found by <farkasdiving>)
  Dual Bound       : +3.65298347756754e+03
  Gap              :       0.00 %
Integrals          :      Total       Avg%
  primal-dual      :     689.47      11.61
  primal-ref       :          -          - (not evaluated)
  dual-ref         :          -          - (not evaluated)

 Branching Statistics...

 Total number of propagations -> 18843

 Number of cutoffs of KnaCons -> 0

 Total number of variables fixed to 1 by the propagator -> 18

 Total number of variables fixed to 0 by the propagator -> 197

 Maximum number of rounds of the approximation algorithm -> 6

 Runtime of the exact algorithm -> 0.0000 s

 Total number of variables fixed to 1 in the exact algorithm -> 0

 Total number of variables fixed to 0 in the exact algorithm -> 0

 Number of cutoffs in the exact algorithm -> 0

 Number of cutoffs in the approximation algorithm -> 0

 PS:  
