***************************************
*         SCIP-based CCP Solver       *
*                                     *
*    Wei Lv and Wei-Kun Chen (2024)   *
***************************************
/share/home/wangzhaowei/lvwei/scipoptsuite-9.1.0/build/bin/examples/ccp -f CCMPPData/20-2000-1.ccmpp -s CCMPPSetting/DB-EOPF2.set 
SCIP version 9.1.0 [precision: 8 byte] [memory: block] [mode: optimized] [LP solver: Soplex 7.1.0] [GitHash: 8cab0278ba]
Copyright (c) 2002-2024 Zuse Institute Berlin (ZIB)

External libraries: 
  Soplex 7.1.0         Linear Programming Solver developed at Zuse Institute Berlin (soplex.zib.de) [GitHash: 595bfac9]
  CppAD 20180000.0     Algorithmic Differentiation of C++ algorithms developed by B. Bell (github.com/coin-or/CppAD)
  ZLIB 1.2.7           General purpose compression library by J. Gailly and M. Adler (zlib.net)
  GMP 6.0.0            GNU Multiple Precision Arithmetic Library developed by T. Granlund (gmplib.org)
  AMPL/MP 690e9e7      AMPL .nl file reader library (github.com/ampl/mp)
  PaPILO 2.3.0         parallel presolve for integer and linear optimization (github.com/scipopt/papilo) (built with TBB) [GitHash: 4b8ce6ed]
  Nauty 2.8.8          Computing Graph Automorphism Groups by Brendan D. McKay (users.cecs.anu.edu.au/~bdm/nauty)
  sassy 1.1            Symmetry preprocessor by Markus Anders (github.com/markusa4/sassy)

reading user parameter file <CCMPPSetting/DB-EOPF2.set>

read problem <CCMPPData/20-2000-1.ccmpp>
============

File name: 	CCMPPData/20-2000-1.ccmpp
Problem name:	20-2000-1
Dimension: 	20
NumScenario: 	2000
ConfidenceParameter: 	0.20
IsEqualProbability: 	1
BnC+MIX+DI: 	0
BnC+MIX+sDI: 	0
DB: 	0
DB+OPF: 	1
Dominance and Aggregation Statistics......
NumEdge:        75192
NumBiEdge: 	234
NumDomIneqs: 	74958
DominanceRatio: 0.0375
NumAggScenario: 1976 
BasicNumScenario: 1975 
Propagator Statistics......
NumBasicDomIneqs: 30274
NumNonReDomIneqs: 9538
Duration: 0.0900 s 

original problem has 2076 variables (1976 bin, 0 int, 0 impl, 100 cont) and 8079 constraints

solve problem
=============

presolving:
(round 1, fast)       5 del vars, 60 del conss, 0 add conss, 20 chg bounds, 0 chg sides, 0 chg coeffs, 0 upgd conss, 0 impls, 9538 clqs
   (0.1s) running MILP presolver
   (0.1s) MILP presolver (3 rounds): 22 aggregations, 2 fixings, 7 bound changes
(round 2, medium)     29 del vars, 60 del conss, 0 add conss, 27 chg bounds, 0 chg sides, 0 chg coeffs, 0 upgd conss, 0 impls, 9538 clqs
(round 3, fast)       29 del vars, 82 del conss, 0 add conss, 27 chg bounds, 0 chg sides, 0 chg coeffs, 0 upgd conss, 0 impls, 9538 clqs
(round 4, exhaustive) 29 del vars, 82 del conss, 0 add conss, 27 chg bounds, 0 chg sides, 0 chg coeffs, 7941 upgd conss, 0 impls, 9538 clqs
   (2.4s) probing: 1000/1975 (50.6%) - 0 fixings, 0 aggregations, 75479 implications, 0 bound changes
   (2.4s) probing: 1001/1975 (50.7%) - 0 fixings, 0 aggregations, 75499 implications, 0 bound changes
   (2.4s) probing aborted: 1000/1000 successive useless probings
   (2.4s) symmetry computation started: requiring (bin +, int +, cont +), (fixed: bin -, int -, cont -)
   Symmetry detection interrupted: constraints of type chancecons do not provide symmetry information.
   If symmetries shall be detected, implement the CONSGETPERMSYMGRAPH callback.
   (2.4s) could not compute symmetry
presolving (5 rounds: 5 fast, 3 medium, 2 exhaustive):
 29 deleted vars, 82 deleted constraints, 0 added constraints, 27 tightened bounds, 0 added holes, 0 changed sides, 0 changed coefficients
 20125 implications, 18404 cliques
presolved problem has 2047 variables (1975 bin, 0 int, 0 impl, 72 cont) and 7997 constraints
      1 constraints of type <chancecons>
   7941 constraints of type <varbound>
     55 constraints of type <linear>
Presolving Time: 2.35

 time | node  | left  |LP iter|LP it/n|mem/heur|mdpt |vars |cons |rows |cuts |sepa|confs|strbr|  dualbound   | primalbound  |  gap   | compl. 
p 2.8s|     1 |     0 |    39 |     - | vbounds|   0 |2047 |7998 |7996 |   0 |  0 |   0 |   0 | 0.000000e+00 | 1.647565e+05 |    Inf | unknown
p 2.9s|     1 |     0 |    76 |     - | vbounds|   0 |2047 |7998 |7996 |   0 |  0 |   0 |   0 | 0.000000e+00 | 1.646458e+05 |    Inf | unknown
p 3.0s|     1 |     0 |   146 |     - | vbounds|   0 |2047 |7999 |7996 |   0 |  0 |   1 |   0 | 0.000000e+00 | 1.644198e+05 |    Inf | unknown
  3.6s|     1 |     0 |  3248 |     - |   256M |   0 |2047 |7999 |7996 |   0 |  0 |   1 |   0 | 1.541483e+05 | 1.644198e+05 |   6.66%| unknown
  3.8s|     1 |     0 |  3414 |     - |   258M |   0 |2047 |7999 |8023 |  27 |  1 |   1 |   0 | 1.544378e+05 | 1.644198e+05 |   6.46%| unknown
  4.0s|     1 |     0 |  3861 |     - |   260M |   0 |2047 |7999 |8068 |  72 |  2 |   1 |   0 | 1.547317e+05 | 1.644198e+05 |   6.26%| unknown
  4.4s|     1 |     0 |  4249 |     - |   262M |   0 |2047 |7999 |8125 | 129 |  3 |   1 |   0 | 1.549409e+05 | 1.644198e+05 |   6.12%| unknown
  4.8s|     1 |     0 |  4752 |     - |   263M |   0 |2047 |7999 |8183 | 187 |  4 |   1 |   0 | 1.552221e+05 | 1.644198e+05 |   5.93%| unknown
  5.1s|     1 |     0 |  5089 |     - |   264M |   0 |2047 |7999 |8244 | 248 |  5 |   1 |   0 | 1.553957e+05 | 1.644198e+05 |   5.81%| unknown
  5.4s|     1 |     0 |  5523 |     - |   266M |   0 |2047 |7999 |8306 | 310 |  6 |   1 |   0 | 1.556237e+05 | 1.644198e+05 |   5.65%| unknown
  5.7s|     1 |     0 |  5885 |     - |   267M |   0 |2047 |7999 |8393 | 397 |  7 |   1 |   0 | 1.558219e+05 | 1.644198e+05 |   5.52%| unknown
  6.2s|     1 |     0 |  6368 |     - |   270M |   0 |2047 |7999 |8472 | 476 |  8 |   1 |   0 | 1.559824e+05 | 1.644198e+05 |   5.41%| unknown
  6.6s|     1 |     0 |  6855 |     - |   271M |   0 |2047 |7999 |8562 | 566 |  9 |   1 |   0 | 1.561358e+05 | 1.644198e+05 |   5.31%| unknown
  7.1s|     1 |     0 |  7449 |     - |   273M |   0 |2047 |7999 |8657 | 661 | 10 |   1 |   0 | 1.563144e+05 | 1.644198e+05 |   5.19%| unknown
  7.4s|     1 |     0 |  8059 |     - |   275M |   0 |2047 |7999 |8762 | 766 | 11 |   1 |   0 | 1.564765e+05 | 1.644198e+05 |   5.08%| unknown
 time | node  | left  |LP iter|LP it/n|mem/heur|mdpt |vars |cons |rows |cuts |sepa|confs|strbr|  dualbound   | primalbound  |  gap   | compl. 
  7.7s|     1 |     0 |  8644 |     - |   276M |   0 |2047 |7999 |8862 | 866 | 12 |   1 |   0 | 1.565922e+05 | 1.644198e+05 |   5.00%| unknown
  8.1s|     1 |     0 |  9208 |     - |   278M |   0 |2047 |7999 |8938 | 950 | 13 |   1 |   0 | 1.567177e+05 | 1.644198e+05 |   4.91%| unknown
  8.4s|     1 |     0 |  9901 |     - |   279M |   0 |2047 |7999 |9026 |1038 | 14 |   1 |   0 | 1.568309e+05 | 1.644198e+05 |   4.84%| unknown
  8.8s|     1 |     0 | 10516 |     - |   280M |   0 |2047 |7999 |9116 |1128 | 15 |   1 |   0 | 1.569354e+05 | 1.644198e+05 |   4.77%| unknown
  9.2s|     1 |     0 | 11118 |     - |   283M |   0 |2047 |7999 |9214 |1226 | 16 |   1 |   0 | 1.570128e+05 | 1.644198e+05 |   4.72%| unknown
  9.6s|     1 |     0 | 11911 |     - |   284M |   0 |2047 |7999 |9300 |1312 | 17 |   1 |   0 | 1.570926e+05 | 1.644198e+05 |   4.66%| unknown
 10.1s|     1 |     0 | 12774 |     - |   286M |   0 |2047 |7999 |9386 |1398 | 18 |   1 |   0 | 1.571829e+05 | 1.644198e+05 |   4.60%| unknown
 10.6s|     1 |     0 | 13683 |     - |   287M |   0 |2047 |7999 |9379 |1484 | 19 |   1 |   0 | 1.572603e+05 | 1.644198e+05 |   4.55%| unknown
 11.1s|     1 |     0 | 14525 |     - |   288M |   0 |2047 |7999 |9454 |1559 | 20 |   1 |   0 | 1.573481e+05 | 1.644198e+05 |   4.49%| unknown
 11.6s|     1 |     0 | 15444 |     - |   290M |   0 |2047 |7999 |9563 |1668 | 21 |   1 |   0 | 1.574081e+05 | 1.644198e+05 |   4.45%| unknown
 12.1s|     1 |     0 | 16296 |     - |   291M |   0 |2047 |7999 |9656 |1761 | 22 |   1 |   0 | 1.574609e+05 | 1.644198e+05 |   4.42%| unknown
 12.5s|     1 |     0 | 17139 |     - |   291M |   0 |2047 |7999 |9745 |1850 | 23 |   1 |   0 | 1.575047e+05 | 1.644198e+05 |   4.39%| unknown
 13.1s|     1 |     0 | 18067 |     - |   292M |   0 |2047 |7999 |9823 |1928 | 24 |   1 |   0 | 1.575520e+05 | 1.644198e+05 |   4.36%| unknown
 13.6s|     1 |     0 | 19042 |     - |   293M |   0 |2047 |7999 |9735 |2014 | 25 |   1 |   0 | 1.575910e+05 | 1.644198e+05 |   4.33%| unknown
 14.2s|     1 |     0 | 20040 |     - |   293M |   0 |2047 |7999 |9812 |2091 | 26 |   1 |   0 | 1.576311e+05 | 1.644198e+05 |   4.31%| unknown
 time | node  | left  |LP iter|LP it/n|mem/heur|mdpt |vars |cons |rows |cuts |sepa|confs|strbr|  dualbound   | primalbound  |  gap   | compl. 
 14.8s|     1 |     0 | 21012 |     - |   295M |   0 |2047 |7999 |9894 |2173 | 27 |   1 |   0 | 1.576738e+05 | 1.644198e+05 |   4.28%| unknown
 15.6s|     1 |     0 | 22439 |     - |   296M |   0 |2047 |7999 |9978 |2257 | 28 |   1 |   0 | 1.577274e+05 | 1.644198e+05 |   4.24%| unknown
 16.4s|     1 |     0 | 24042 |     - |   296M |   0 |2047 |7999 |  10k|2342 | 29 |   1 |   0 | 1.577857e+05 | 1.644198e+05 |   4.20%| unknown
 17.4s|     1 |     0 | 25867 |     - |   296M |   0 |2047 |7999 |  10k|2450 | 30 |   1 |   0 | 1.578479e+05 | 1.644198e+05 |   4.16%| unknown
 18.3s|     1 |     0 | 27343 |     - |   297M |   0 |2047 |7999 |  10k|2534 | 31 |   1 |   0 | 1.578989e+05 | 1.644198e+05 |   4.13%| unknown
 19.1s|     1 |     0 | 28708 |     - |   298M |   0 |2047 |7999 |  10k|2633 | 32 |   1 |   0 | 1.579404e+05 | 1.644198e+05 |   4.10%| unknown
 19.9s|     1 |     0 | 29980 |     - |   299M |   0 |2047 |7999 |  10k|2729 | 33 |   1 |   0 | 1.579791e+05 | 1.644198e+05 |   4.08%| unknown
 20.7s|     1 |     0 | 31404 |     - |   299M |   0 |2047 |7999 |  10k|2821 | 34 |   1 |   0 | 1.580141e+05 | 1.644198e+05 |   4.05%| unknown
 21.6s|     1 |     0 | 32896 |     - |   299M |   0 |2047 |7999 |  10k|2919 | 35 |   1 |   0 | 1.580450e+05 | 1.644198e+05 |   4.03%| unknown
 22.6s|     1 |     0 | 34474 |     - |   300M |   0 |2047 |7999 |  10k|3009 | 36 |   1 |   0 | 1.580817e+05 | 1.644198e+05 |   4.01%| unknown
 23.6s|     1 |     0 | 36120 |     - |   301M |   0 |2047 |7999 |  10k|3087 | 37 |   1 |   0 | 1.581238e+05 | 1.644198e+05 |   3.98%| unknown
 24.5s|     1 |     0 | 37706 |     - |   302M |   0 |2047 |7999 |  10k|3173 | 38 |   1 |   0 | 1.581562e+05 | 1.644198e+05 |   3.96%| unknown
 25.5s|     1 |     0 | 39349 |     - |   302M |   0 |2047 |7999 |  10k|3269 | 39 |   1 |   0 | 1.581805e+05 | 1.644198e+05 |   3.94%| unknown
 26.4s|     1 |     0 | 40792 |     - |   303M |   0 |2047 |7999 |  10k|3364 | 40 |   1 |   0 | 1.582026e+05 | 1.644198e+05 |   3.93%| unknown
 27.5s|     1 |     0 | 42654 |     - |   303M |   0 |2047 |7999 |  10k|3446 | 41 |   1 |   0 | 1.582301e+05 | 1.644198e+05 |   3.91%| unknown
 time | node  | left  |LP iter|LP it/n|mem/heur|mdpt |vars |cons |rows |cuts |sepa|confs|strbr|  dualbound   | primalbound  |  gap   | compl. 
 28.8s|     1 |     0 | 44740 |     - |   304M |   0 |2047 |7999 |  10k|3528 | 42 |   1 |   0 | 1.582614e+05 | 1.644198e+05 |   3.89%| unknown
 30.0s|     1 |     0 | 46607 |     - |   305M |   0 |2047 |7999 |  10k|3612 | 43 |   1 |   0 | 1.582892e+05 | 1.644198e+05 |   3.87%| unknown
 31.1s|     1 |     0 | 48293 |     - |   305M |   0 |2047 |7999 |  10k|3686 | 44 |   1 |   0 | 1.583064e+05 | 1.644198e+05 |   3.86%| unknown
 32.1s|     1 |     0 | 49808 |     - |   305M |   0 |2047 |7999 |  10k|3756 | 45 |   1 |   0 | 1.583245e+05 | 1.644198e+05 |   3.85%| unknown
 33.5s|     1 |     0 | 52142 |     - |   306M |   0 |2047 |7999 |  10k|3841 | 46 |   1 |   0 | 1.583574e+05 | 1.644198e+05 |   3.83%| unknown
 34.7s|     1 |     0 | 53932 |     - |   306M |   0 |2047 |7999 |  10k|3941 | 47 |   1 |   0 | 1.583717e+05 | 1.644198e+05 |   3.82%| unknown
 36.1s|     1 |     0 | 56003 |     - |   307M |   0 |2047 |7999 |  10k|4016 | 48 |   1 |   0 | 1.583935e+05 | 1.644198e+05 |   3.80%| unknown
 37.6s|     1 |     0 | 58315 |     - |   308M |   0 |2047 |7999 |  10k|4101 | 49 |   1 |   0 | 1.584105e+05 | 1.644198e+05 |   3.79%| unknown
 39.1s|     1 |     0 | 60632 |     - |   309M |   0 |2047 |7999 |  10k|4183 | 50 |   1 |   0 | 1.584269e+05 | 1.644198e+05 |   3.78%| unknown
 40.4s|     1 |     0 | 62667 |     - |   309M |   0 |2047 |7999 |  10k|4260 | 51 |   1 |   0 | 1.584411e+05 | 1.644198e+05 |   3.77%| unknown
 41.8s|     1 |     0 | 64726 |     - |   310M |   0 |2047 |7999 |  10k|4318 | 52 |   1 |   0 | 1.584570e+05 | 1.644198e+05 |   3.76%| unknown
 43.2s|     1 |     0 | 66581 |     - |   310M |   0 |2047 |7999 |  11k|4397 | 53 |   1 |   0 | 1.584708e+05 | 1.644198e+05 |   3.75%| unknown
 44.6s|     1 |     0 | 68618 |     - |   310M |   0 |2047 |7999 |  11k|4482 | 54 |   1 |   0 | 1.584844e+05 | 1.644198e+05 |   3.75%| unknown
 46.1s|     1 |     0 | 70669 |     - |   313M |   0 |2047 |7999 |  10k|4549 | 55 |   1 |   0 | 1.584959e+05 | 1.644198e+05 |   3.74%| unknown
 47.6s|     1 |     0 | 72868 |     - |   313M |   0 |2047 |7999 |  10k|4596 | 56 |   1 |   0 | 1.585117e+05 | 1.644198e+05 |   3.73%| unknown
 time | node  | left  |LP iter|LP it/n|mem/heur|mdpt |vars |cons |rows |cuts |sepa|confs|strbr|  dualbound   | primalbound  |  gap   | compl. 
 49.1s|     1 |     0 | 74868 |     - |   315M |   0 |2047 |7999 |  10k|4678 | 57 |   1 |   0 | 1.585227e+05 | 1.644198e+05 |   3.72%| unknown
 51.1s|     1 |     0 | 77784 |     - |   316M |   0 |2047 |7999 |  10k|4732 | 58 |   1 |   0 | 1.585422e+05 | 1.644198e+05 |   3.71%| unknown
 53.0s|     1 |     0 | 80466 |     - |   316M |   0 |2047 |7999 |  11k|4803 | 59 |   1 |   0 | 1.585543e+05 | 1.644198e+05 |   3.70%| unknown
 54.7s|     1 |     0 | 82791 |     - |   317M |   0 |2047 |7999 |  11k|4897 | 60 |   1 |   0 | 1.585623e+05 | 1.644198e+05 |   3.69%| unknown
 56.8s|     1 |     0 | 85757 |     - |   318M |   0 |2047 |7999 |  10k|4963 | 61 |   1 |   0 | 1.585804e+05 | 1.644198e+05 |   3.68%| unknown
 58.6s|     1 |     0 | 88211 |     - |   318M |   0 |2047 |7999 |  10k|5046 | 62 |   1 |   0 | 1.585919e+05 | 1.644198e+05 |   3.67%| unknown
 60.2s|     1 |     0 | 90234 |     - |   318M |   0 |2047 |7999 |  11k|5122 | 63 |   1 |   0 | 1.586021e+05 | 1.644198e+05 |   3.67%| unknown
 62.1s|     1 |     0 | 92840 |     - |   318M |   0 |2047 |7999 |  11k|5203 | 64 |   1 |   0 | 1.586129e+05 | 1.644198e+05 |   3.66%| unknown
 63.9s|     1 |     0 | 95249 |     - |   320M |   0 |2047 |7999 |  11k|5277 | 65 |   1 |   0 | 1.586214e+05 | 1.644198e+05 |   3.66%| unknown
 65.6s|     1 |     0 | 97459 |     - |   321M |   0 |2047 |7999 |  11k|5352 | 66 |   1 |   0 | 1.586273e+05 | 1.644198e+05 |   3.65%| unknown
 67.8s|     1 |     0 |100461 |     - |   322M |   0 |2047 |7999 |  10k|5416 | 67 |   1 |   0 | 1.586392e+05 | 1.644198e+05 |   3.64%| unknown
 69.3s|     1 |     0 |102370 |     - |   322M |   0 |2047 |7999 |  11k|5492 | 68 |   1 |   0 | 1.586442e+05 | 1.644198e+05 |   3.64%| unknown
 71.2s|     1 |     0 |104865 |     - |   322M |   0 |2047 |7999 |  11k|5552 | 69 |   1 |   0 | 1.586524e+05 | 1.644198e+05 |   3.64%| unknown
 73.5s|     1 |     0 |107773 |     - |   323M |   0 |2047 |7999 |  11k|5624 | 70 |   1 |   0 | 1.586623e+05 | 1.644198e+05 |   3.63%| unknown
 75.7s|     1 |     0 |110738 |     - |   324M |   0 |2047 |7999 |  11k|5712 | 71 |   1 |   0 | 1.586741e+05 | 1.644198e+05 |   3.62%| unknown
 time | node  | left  |LP iter|LP it/n|mem/heur|mdpt |vars |cons |rows |cuts |sepa|confs|strbr|  dualbound   | primalbound  |  gap   | compl. 
o82.5s|     1 |     0 |125130 |     - |feaspump|   0 |2047 |7999 |  11k|5712 | 71 |   1 |   0 | 1.586741e+05 | 1.623276e+05 |   2.30%| unknown
 86.1s|     1 |     0 |131459 |     - |   325M |   0 |2047 |7999 |  11k|5712 | 71 |   1 |   0 | 1.586741e+05 | 1.623276e+05 |   2.30%| unknown
 88.2s|     1 |     0 |134198 |     - |   326M |   0 |2047 |7999 |  11k|5779 | 72 |   1 |   0 | 1.586838e+05 | 1.623276e+05 |   2.30%| unknown
 89.1s|     1 |     0 |135286 |     - |   326M |   0 |2047 |7999 |  11k|5831 | 73 |   1 |   0 | 1.586851e+05 | 1.623276e+05 |   2.30%| unknown
  103s|     1 |     2 |135286 |     - |   326M |   0 |2047 |7999 |  11k|5831 | 73 |   1 |  19 | 1.587267e+05 | 1.623276e+05 |   2.27%| unknown
d6484s|     5 |     6 |157305 |10721.5 |pscostdi|   2 |2047 |7999 |9753 |   0 |  1 |   1 | 123 | 1.588271e+05 | 1.598515e+05 |   0.64%| unknown
  739m|   100 |    19 |299963 |1874.2 |   332M |  21 |2047 |7978 |9815 |6036 |  1 |  21 | 295 | 1.588349e+05 | 1.598515e+05 |   0.64%|   7.60%

SCIP Status        : solving was interrupted [time limit reached]
Solving Time (sec) : 87010.86
Solving Nodes      : 181
Primal Bound       : +1.59851524666667e+05 (7 solutions)
Dual Bound         : +1.58842320472990e+05
Gap                : 0.64 %

primal solution (original space):
=================================

objective value:                     159851.524666667
z#0                                                 1 	(obj:0)
z#1                                                 1 	(obj:0)
z#3                                                 1 	(obj:0)
z#6                                                 1 	(obj:0)
z#7                                                 1 	(obj:0)
z#10                                                1 	(obj:0)
z#11                                                1 	(obj:0)
z#16                                                1 	(obj:0)
z#24                                                1 	(obj:0)
z#30                                                1 	(obj:0)
z#32                                                1 	(obj:0)
z#45                                                1 	(obj:0)
z#49                                                1 	(obj:0)
z#51                                                1 	(obj:0)
z#53                                                1 	(obj:0)
z#57                                                1 	(obj:0)
z#58                                                1 	(obj:0)
z#59                                                1 	(obj:0)
z#73                                                1 	(obj:0)
z#75                                                1 	(obj:0)
z#92                                                1 	(obj:0)
z#97                                                1 	(obj:0)
z#105                                               1 	(obj:0)
z#115                                               1 	(obj:0)
z#129                                               1 	(obj:0)
z#131                                               1 	(obj:0)
z#134                                               1 	(obj:0)
z#138                                               1 	(obj:0)
z#141                                               1 	(obj:0)
z#142                                               1 	(obj:0)
z#163                                               1 	(obj:0)
z#166                                               1 	(obj:0)
z#168                                               1 	(obj:0)
z#169                                               1 	(obj:0)
z#171                                               1 	(obj:0)
z#183                                               1 	(obj:0)
z#184                                               1 	(obj:0)
z#185                                               1 	(obj:0)
z#188                                               1 	(obj:0)
z#195                                               1 	(obj:0)
z#198                                               1 	(obj:0)
z#207                                               1 	(obj:0)
z#215                                               1 	(obj:0)
z#228                                               1 	(obj:0)
z#234                                               1 	(obj:0)
z#235                                               1 	(obj:0)
z#236                                               1 	(obj:0)
z#250                                               1 	(obj:0)
z#254                                               1 	(obj:0)
z#262                                               1 	(obj:0)
z#267                                               1 	(obj:0)
z#280                                               1 	(obj:0)
z#286                                               1 	(obj:0)
z#287                                               1 	(obj:0)
z#298                                               1 	(obj:0)
z#308                                               1 	(obj:0)
z#310                                               1 	(obj:0)
z#311                                               1 	(obj:0)
z#316                                               1 	(obj:0)
z#319                                               1 	(obj:0)
z#328                                               1 	(obj:0)
z#332                                               1 	(obj:0)
z#337                                               1 	(obj:0)
z#338                                               1 	(obj:0)
z#341                                               1 	(obj:0)
z#355                                               1 	(obj:0)
z#359                                               1 	(obj:0)
z#362                                               1 	(obj:0)
z#367                                               1 	(obj:0)
z#372                                               1 	(obj:0)
z#373                                               1 	(obj:0)
z#377                                               1 	(obj:0)
z#379                                               1 	(obj:0)
z#380                                               1 	(obj:0)
z#388                                               1 	(obj:0)
z#391                                               1 	(obj:0)
z#394                                               1 	(obj:0)
z#400                                               1 	(obj:0)
z#408                                               1 	(obj:0)
z#409                                               1 	(obj:0)
z#412                                               1 	(obj:0)
z#425                                               1 	(obj:0)
z#429                                               1 	(obj:0)
z#433                                               1 	(obj:0)
z#445                                               1 	(obj:0)
z#451                                               1 	(obj:0)
z#455                                               1 	(obj:0)
z#457                                               1 	(obj:0)
z#458                                               1 	(obj:0)
z#459                                               1 	(obj:0)
z#461                                               1 	(obj:0)
z#462                                               1 	(obj:0)
z#479                                               1 	(obj:0)
z#480                                               1 	(obj:0)
z#483                                               1 	(obj:0)
z#493                                               1 	(obj:0)
z#497                                               1 	(obj:0)
z#506                                               1 	(obj:0)
z#507                                               1 	(obj:0)
z#510                                               1 	(obj:0)
z#514                                               1 	(obj:0)
z#516                                               1 	(obj:0)
z#524                                               1 	(obj:0)
z#528                                               1 	(obj:0)
z#529                                               1 	(obj:0)
z#533                                               1 	(obj:0)
z#537                                               1 	(obj:0)
z#540                                               1 	(obj:0)
z#545                                               1 	(obj:0)
z#557                                               1 	(obj:0)
z#559                                               1 	(obj:0)
z#564                                               1 	(obj:0)
z#567                                               1 	(obj:0)
z#568                                               1 	(obj:0)
z#571                                               1 	(obj:0)
z#576                                               1 	(obj:0)
z#578                                               1 	(obj:0)
z#580                                               1 	(obj:0)
z#584                                               1 	(obj:0)
z#585                                               1 	(obj:0)
z#594                                               1 	(obj:0)
z#601                                               1 	(obj:0)
z#602                                               1 	(obj:0)
z#618                                               1 	(obj:0)
z#619                                               1 	(obj:0)
z#621                                               1 	(obj:0)
z#630                                               1 	(obj:0)
z#635                                               1 	(obj:0)
z#637                                               1 	(obj:0)
z#642                                               1 	(obj:0)
z#655                                               1 	(obj:0)
z#657                                               1 	(obj:0)
z#662                                               1 	(obj:0)
z#664                                               1 	(obj:0)
z#666                                               1 	(obj:0)
z#672                                               1 	(obj:0)
z#675                                               1 	(obj:0)
z#682                                               1 	(obj:0)
z#699                                               1 	(obj:0)
z#701                                               1 	(obj:0)
z#704                                               1 	(obj:0)
z#709                                               1 	(obj:0)
z#712                                               1 	(obj:0)
z#714                                               1 	(obj:0)
z#715                                               1 	(obj:0)
z#716                                               1 	(obj:0)
z#717                                               1 	(obj:0)
z#721                                               1 	(obj:0)
z#732                                               1 	(obj:0)
z#736                                               1 	(obj:0)
z#737                                               1 	(obj:0)
z#740                                               1 	(obj:0)
z#742                                               1 	(obj:0)
z#745                                               1 	(obj:0)
z#747                                               1 	(obj:0)
z#750                                               1 	(obj:0)
z#751                                               1 	(obj:0)
z#756                                               1 	(obj:0)
z#757                                               1 	(obj:0)
z#760                                               1 	(obj:0)
z#761                                               1 	(obj:0)
z#766                                               1 	(obj:0)
z#769                                               1 	(obj:0)
z#770                                               1 	(obj:0)
z#777                                               1 	(obj:0)
z#778                                               1 	(obj:0)
z#793                                               1 	(obj:0)
z#796                                               1 	(obj:0)
z#797                                               1 	(obj:0)
z#801                                               1 	(obj:0)
z#808                                               1 	(obj:0)
z#811                                               1 	(obj:0)
z#812                                               1 	(obj:0)
z#816                                               1 	(obj:0)
z#827                                               1 	(obj:0)
z#829                                               1 	(obj:0)
z#832                                               1 	(obj:0)
z#838                                               1 	(obj:0)
z#845                                               1 	(obj:0)
z#854                                               1 	(obj:0)
z#855                                               1 	(obj:0)
z#856                                               1 	(obj:0)
z#860                                               1 	(obj:0)
z#861                                               1 	(obj:0)
z#863                                               1 	(obj:0)
z#864                                               1 	(obj:0)
z#865                                               1 	(obj:0)
z#869                                               1 	(obj:0)
z#873                                               1 	(obj:0)
z#874                                               1 	(obj:0)
z#876                                               1 	(obj:0)
z#886                                               1 	(obj:0)
z#888                                               1 	(obj:0)
z#890                                               1 	(obj:0)
z#891                                               1 	(obj:0)
z#896                                               1 	(obj:0)
z#901                                               1 	(obj:0)
z#904                                               1 	(obj:0)
z#906                                               1 	(obj:0)
z#914                                               1 	(obj:0)
z#931                                               1 	(obj:0)
z#938                                               1 	(obj:0)
z#941                                               1 	(obj:0)
z#944                                               1 	(obj:0)
z#948                                               1 	(obj:0)
z#952                                               1 	(obj:0)
z#958                                               1 	(obj:0)
z#965                                               1 	(obj:0)
z#978                                               1 	(obj:0)
z#983                                               1 	(obj:0)
z#987                                               1 	(obj:0)
z#992                                               1 	(obj:0)
z#994                                               1 	(obj:0)
z#997                                               1 	(obj:0)
z#999                                               1 	(obj:0)
z#1001                                              1 	(obj:0)
z#1003                                              1 	(obj:0)
z#1007                                              1 	(obj:0)
z#1023                                              1 	(obj:0)
z#1025                                              1 	(obj:0)
z#1029                                              1 	(obj:0)
z#1031                                              1 	(obj:0)
z#1034                                              1 	(obj:0)
z#1039                                              1 	(obj:0)
z#1047                                              1 	(obj:0)
z#1056                                              1 	(obj:0)
z#1057                                              1 	(obj:0)
z#1060                                              1 	(obj:0)
z#1062                                              1 	(obj:0)
z#1069                                              1 	(obj:0)
z#1070                                              1 	(obj:0)
z#1080                                              1 	(obj:0)
z#1082                                              1 	(obj:0)
z#1084                                              1 	(obj:0)
z#1085                                              1 	(obj:0)
z#1089                                              1 	(obj:0)
z#1090                                              1 	(obj:0)
z#1097                                              1 	(obj:0)
z#1107                                              1 	(obj:0)
z#1110                                              1 	(obj:0)
z#1121                                              1 	(obj:0)
z#1131                                              1 	(obj:0)
z#1132                                              1 	(obj:0)
z#1134                                              1 	(obj:0)
z#1142                                              1 	(obj:0)
z#1146                                              1 	(obj:0)
z#1151                                              1 	(obj:0)
z#1154                                              1 	(obj:0)
z#1156                                              1 	(obj:0)
z#1157                                              1 	(obj:0)
z#1159                                              1 	(obj:0)
z#1165                                              1 	(obj:0)
z#1166                                              1 	(obj:0)
z#1167                                              1 	(obj:0)
z#1176                                              1 	(obj:0)
z#1186                                              1 	(obj:0)
z#1199                                              1 	(obj:0)
z#1204                                              1 	(obj:0)
z#1212                                              1 	(obj:0)
z#1220                                              1 	(obj:0)
z#1225                                              1 	(obj:0)
z#1229                                              1 	(obj:0)
z#1230                                              1 	(obj:0)
z#1233                                              1 	(obj:0)
z#1235                                              1 	(obj:0)
z#1242                                              1 	(obj:0)
z#1253                                              1 	(obj:0)
z#1254                                              1 	(obj:0)
z#1258                                              1 	(obj:0)
z#1260                                              1 	(obj:0)
z#1270                                              1 	(obj:0)
z#1275                                              1 	(obj:0)
z#1281                                              1 	(obj:0)
z#1285                                              1 	(obj:0)
z#1291                                              1 	(obj:0)
z#1292                                              1 	(obj:0)
z#1294                                              1 	(obj:0)
z#1298                                              1 	(obj:0)
z#1303                                              1 	(obj:0)
z#1310                                              1 	(obj:0)
z#1320                                              1 	(obj:0)
z#1325                                              1 	(obj:0)
z#1327                                              1 	(obj:0)
z#1331                                              1 	(obj:0)
z#1339                                              1 	(obj:0)
z#1346                                              1 	(obj:0)
z#1353                                              1 	(obj:0)
z#1372                                              1 	(obj:0)
z#1375                                              1 	(obj:0)
z#1379                                              1 	(obj:0)
z#1384                                              1 	(obj:0)
z#1386                                              1 	(obj:0)
z#1391                                              1 	(obj:0)
z#1392                                              1 	(obj:0)
z#1394                                              1 	(obj:0)
z#1402                                              1 	(obj:0)
z#1411                                              1 	(obj:0)
z#1417                                              1 	(obj:0)
z#1428                                              1 	(obj:0)
z#1433                                              1 	(obj:0)
z#1437                                              1 	(obj:0)
z#1439                                              1 	(obj:0)
z#1442                                              1 	(obj:0)
z#1457                                              1 	(obj:0)
z#1463                                              1 	(obj:0)
z#1465                                              1 	(obj:0)
z#1470                                              1 	(obj:0)
z#1472                                              1 	(obj:0)
z#1474                                              1 	(obj:0)
z#1477                                              1 	(obj:0)
z#1496                                              1 	(obj:0)
z#1497                                              1 	(obj:0)
z#1498                                              1 	(obj:0)
z#1499                                              1 	(obj:0)
z#1503                                              1 	(obj:0)
z#1506                                              1 	(obj:0)
z#1513                                              1 	(obj:0)
z#1521                                              1 	(obj:0)
z#1524                                              1 	(obj:0)
z#1536                                              1 	(obj:0)
z#1539                                              1 	(obj:0)
z#1541                                              1 	(obj:0)
z#1560                                              1 	(obj:0)
z#1564                                              1 	(obj:0)
z#1566                                              1 	(obj:0)
z#1583                                              1 	(obj:0)
z#1595                                              1 	(obj:0)
z#1599                                              1 	(obj:0)
z#1601                                              1 	(obj:0)
z#1603                                              1 	(obj:0)
z#1605                                              1 	(obj:0)
z#1607                                              1 	(obj:0)
z#1621                                              1 	(obj:0)
z#1625                                              1 	(obj:0)
z#1626                                              1 	(obj:0)
z#1628                                              1 	(obj:0)
z#1633                                              1 	(obj:0)
z#1635                                              1 	(obj:0)
z#1637                                              1 	(obj:0)
z#1642                                              1 	(obj:0)
z#1648                                              1 	(obj:0)
z#1650                                              1 	(obj:0)
z#1656                                              1 	(obj:0)
z#1660                                              1 	(obj:0)
z#1666                                              1 	(obj:0)
z#1680                                              1 	(obj:0)
z#1682                                              1 	(obj:0)
z#1684                                              1 	(obj:0)
z#1685                                              1 	(obj:0)
z#1693                                              1 	(obj:0)
z#1694                                              1 	(obj:0)
z#1696                                              1 	(obj:0)
z#1699                                              1 	(obj:0)
z#1700                                              1 	(obj:0)
z#1702                                              1 	(obj:0)
z#1724                                              1 	(obj:0)
z#1738                                              1 	(obj:0)
z#1742                                              1 	(obj:0)
z#1748                                              1 	(obj:0)
z#1751                                              1 	(obj:0)
z#1757                                              1 	(obj:0)
z#1759                                              1 	(obj:0)
z#1762                                              1 	(obj:0)
z#1763                                              1 	(obj:0)
z#1767                                              1 	(obj:0)
z#1770                                              1 	(obj:0)
z#1786                                              1 	(obj:0)
z#1787                                              1 	(obj:0)
z#1792                                              1 	(obj:0)
z#1798                                              1 	(obj:0)
z#1803                                              1 	(obj:0)
z#1804                                              1 	(obj:0)
z#1805                                              1 	(obj:0)
z#1809                                              1 	(obj:0)
z#1820                                              1 	(obj:0)
z#1829                                              1 	(obj:0)
z#1831                                              1 	(obj:0)
z#1832                                              1 	(obj:0)
z#1841                                              1 	(obj:0)
z#1854                                              1 	(obj:0)
z#1857                                              1 	(obj:0)
z#1864                                              1 	(obj:0)
z#1868                                              1 	(obj:0)
z#1882                                              1 	(obj:0)
z#1884                                              1 	(obj:0)
z#1890                                              1 	(obj:0)
z#1891                                              1 	(obj:0)
z#1892                                              1 	(obj:0)
z#1896                                              1 	(obj:0)
z#1907                                              1 	(obj:0)
z#1908                                              1 	(obj:0)
z#1911                                              1 	(obj:0)
z#1914                                              1 	(obj:0)
z#1926                                              1 	(obj:0)
z#1932                                              1 	(obj:0)
z#1933                                              1 	(obj:0)
z#1936                                              1 	(obj:0)
z#1953                                              1 	(obj:0)
z#1960                                              1 	(obj:0)
z#1973                                              1 	(obj:0)
y#1                                  35.3405333333333 	(obj:107)
y#7                                0.0665333333333244 	(obj:112)
y#9                                 0.829533333333359 	(obj:119)
y#10                                            127.4 	(obj:111)
x#0                                               557 	(obj:125)
x#3                                 0.438466666666671 	(obj:213)
x#4                                  55.7714666666666 	(obj:140)
x#8                                  8.19946666666669 	(obj:153)
x#14                                 492.512533333333 	(obj:128)
u#0                                               557 	(obj:0)
u#1                                               557 	(obj:0)
u#2                                               557 	(obj:0)
u#3                                  557.438466666667 	(obj:0)
u#4                                  613.209933333333 	(obj:0)
u#5                                  613.209933333333 	(obj:0)
u#6                                  613.209933333333 	(obj:0)
u#7                                  613.209933333333 	(obj:0)
u#8                                          621.4094 	(obj:0)
u#9                                          621.4094 	(obj:0)
u#10                                         621.4094 	(obj:0)
u#11                                         621.4094 	(obj:0)
u#12                                         621.4094 	(obj:0)
u#13                                         621.4094 	(obj:0)
u#14                                 1113.92193333333 	(obj:0)
u#15                                 556.921933333333 	(obj:0)
u#16                                 556.921933333333 	(obj:0)
u#17                                 556.921933333333 	(obj:0)
u#18                                 556.483466666667 	(obj:0)
u#19                                          500.712 	(obj:0)
v#1                                  35.3405333333333 	(obj:0)
v#2                                  35.3405333333333 	(obj:0)
v#3                                  35.3405333333333 	(obj:0)
v#4                                  35.3405333333333 	(obj:0)
v#5                                  35.3405333333333 	(obj:0)
v#6                                  35.3405333333333 	(obj:0)
v#7                                  35.4070666666667 	(obj:0)
v#8                                  35.4070666666667 	(obj:0)
v#9                                           36.2366 	(obj:0)
v#10                                         163.6366 	(obj:0)
v#11                                 128.296066666667 	(obj:0)
v#12                                 128.296066666667 	(obj:0)
v#13                                 128.296066666667 	(obj:0)
v#14                                 128.296066666667 	(obj:0)
v#15                                 128.296066666667 	(obj:0)
v#16                                 128.296066666667 	(obj:0)
v#17                                 128.229533333333 	(obj:0)
v#18                                 128.229533333333 	(obj:0)
v#19                                            127.4 	(obj:0)
w#0                                               557 	(obj:0)
w#1                                  592.340533333333 	(obj:0)
w#2                                  592.340533333333 	(obj:0)
w#3                                           592.779 	(obj:0)
w#4                                  648.550466666667 	(obj:0)
w#5                                  648.550466666667 	(obj:0)
w#6                                  648.550466666667 	(obj:0)
w#7                                           648.617 	(obj:0)
w#8                                  656.816466666667 	(obj:0)
w#9                                           657.646 	(obj:0)
w#10                                          785.046 	(obj:0)
w#11                                 749.705466666667 	(obj:0)
w#12                                 749.705466666667 	(obj:0)
w#13                                 749.705466666667 	(obj:0)
w#14                                         1242.218 	(obj:0)
w#15                                          685.218 	(obj:0)
w#16                                          685.218 	(obj:0)
w#17                                 685.151466666667 	(obj:0)
w#18                                          684.713 	(obj:0)
w#19                                          628.112 	(obj:0)

Statistics
==========

SCIP Status        : solving was interrupted [time limit reached]
Total Time         :   87011.12
  solving          :   87010.86
  presolving       :       2.35 (included in solving)
  reading          :       0.26
  copying          :       0.13 (4 #copies) (minimal 0.03, maximal 0.04, average 0.03)
Original Problem   :
  Problem name     : 20-2000-1
  Variables        : 2076 (1976 binary, 0 integer, 0 implicit integer, 100 continuous)
  Constraints      : 8079 initial, 8079 maximal
  Objective        : minimize, 40 non-zeros (abs.min = 101, abs.max = 266)
Presolved Problem  :
  Problem name     : t_20-2000-1
  Variables        : 2047 (1975 binary, 0 integer, 0 implicit integer, 72 continuous)
  Constraints      : 7997 initial, 7999 maximal
  Objective        : minimize, 38 non-zeros (abs.min = 101, abs.max = 266)
  Nonzeros         : 18309 constraint, 35922 clique table
Presolvers         :   ExecTime  SetupTime  Calls  FixedVars   AggrVars   ChgTypes  ChgBounds   AddHoles    DelCons    AddCons   ChgSides   ChgCoefs
  boundshift       :       0.00       0.00      0          0          0          0          0          0          0          0          0          0
  convertinttobin  :       0.00       0.00      0          0          0          0          0          0          0          0          0          0
  domcol           :       0.03       0.00      1          0          0          0          0          0          0          0          0          0
  dualagg          :       0.00       0.00      0          0          0          0          0          0          0          0          0          0
  dualcomp         :       0.01       0.00      1          0          0          0          0          0          0          0          0          0
  dualinfer        :       0.00       0.00      0          0          0          0          0          0          0          0          0          0
  dualsparsify     :       0.02       0.00      1          0          0          0          0          0          0          0          0          0
  gateextraction   :       0.00       0.00      0          0          0          0          0          0          0          0          0          0
  implics          :       0.00       0.00      3          0          0          0          0          0          0          0          0          0
  inttobinary      :       0.00       0.00      0          0          0          0          0          0          0          0          0          0
  milp             :       0.02       0.00      1          2         22          0          7          0          0          0          0          0
  qpkktref         :       0.00       0.00      0          0          0          0          0          0          0          0          0          0
  redvub           :       0.00       0.00      0          0          0          0          0          0          0          0          0          0
  sparsify         :       0.01       0.00      1          0          0          0          0          0          0          0          0          0
  stuffing         :       0.00       0.00      0          0          0          0          0          0          0          0          0          0
  trivial          :       0.00       0.00      5          0          0          0          0          0          0          0          0          0
  tworowbnd        :       0.00       0.00      0          0          0          0          0          0          0          0          0          0
  dualfix          :       0.00       0.00      5          1          0          0          0          0          0          0          0          0
  genvbounds       :       0.00       0.00      0          0          0          0          0          0          0          0          0          0
  probing          :       2.22       0.00      1          0          0          0          0          0          0          0          0          0
  pseudoobj        :       0.00       0.00      0          0          0          0          0          0          0          0          0          0
  symmetry         :       0.00       0.00      1          0          0          0          0          0          0          0          0          0
  vbounds          :       0.00       0.00      1          0          0          0          0          0          0          0          0          0
  chancecons       :       0.01       0.00      1          0          0          0          0          0          0          0          0          0
  varbound         :       0.01       0.00      2          0          0          0          0          0          0          0          0          0
  linear           :       0.03       0.00      7          0          4          0         20          0         82          0          0          0
  logicor          :       0.00       0.00      0          0          0          0          0          0          0          0          0          0
  benders          :       0.00       0.00      0          0          0          0          0          0          0          0          0          0
  components       :       0.00       0.00      1          0          0          0          0          0          0          0          0          0
  root node        :          -          -      -          2          -          -        436          -          -          -          -          -
Constraints        :     Number  MaxNumber  #Separate #Propagate    #EnfoLP    #EnfoRelax  #EnfoPS    #Check   #ResProp    Cutoffs    DomReds       Cuts    Applied      Conss   Children
  benderslp        :          0          0          0          0        125          0          0        113          0          0          0          0          0          0          0
  chancecons       :          1          1        107      10724          0          0          0          0          0         54      17315       1122        945          0          0
  integral         :          0          0          0          0        125          0          0        113          0          0        261          0          0          0        212
  varbound         :       7941       7941         72      10748          0          0          0        108          4          0       1044          0          0          0          0
  linear           :         55+        56         72      10755          0          0          0         12          0          9       4460          0          0          0          0
  logicor          :          0+         1         72         82          0          0          0          0          0          0          0          0          0          0          0
  benders          :          0          0          0          0          0          0          0          8          0          0          0          0          0          0          0
  fixedvar         :          0          0          0          0          0          0          0          8          0          0          0          0          0          0          0
  countsols        :          0          0          0          0          0          0          0          8          0          0          0          0          0          0          0
  components       :          0          0          0          0          0          0          0          0          0          0          0          0          0          0          0
Constraint Timings :  TotalTime  SetupTime   Separate  Propagate     EnfoLP     EnfoPS     EnfoRelax   Check    ResProp    SB-Prop
  benderslp        :       0.00       0.00       0.00       0.00       0.00       0.00       0.00       0.00       0.00       0.00
  chancecons       :   86706.43       0.00       0.06   86705.73       0.00       0.00       0.00       0.00       0.00       0.65
  integral         :     127.52       0.00       0.00       0.00     127.52       0.00       0.00       0.00       0.00       0.00
  varbound         :       0.90       0.00       0.05       0.69       0.00       0.00       0.00       0.01       0.00       0.15
  linear           :       0.14       0.00       0.04       0.08       0.00       0.00       0.00       0.00       0.00       0.02
  logicor          :       0.00       0.00       0.00       0.00       0.00       0.00       0.00       0.00       0.00       0.00
  benders          :       0.00       0.00       0.00       0.00       0.00       0.00       0.00       0.00       0.00       0.00
  fixedvar         :       0.00       0.00       0.00       0.00       0.00       0.00       0.00       0.00       0.00       0.00
  countsols        :       0.00       0.00       0.00       0.00       0.00       0.00       0.00       0.00       0.00       0.00
  components       :       0.00       0.00       0.00       0.00       0.00       0.00       0.00       0.00       0.00       0.00
Propagators        : #Propagate   #ResProp    Cutoffs    DomReds
  dualfix          :          7          0          0          0
  genvbounds       :          0          0          0          0
  nlobbt           :          0          0          0          0
  obbt             :          0          0          0          0
  probing          :          0          0          0          0
  pseudoobj        :       1091          0          0        106
  redcost          :        489          0          0       2040
  rootredcost      :          2          0          0         62
  symmetry         :          0          0          0          0
  vbounds          :       6142          0          0          0
Propagator Timings :  TotalTime  SetupTime   Presolve  Propagate    ResProp    SB-Prop
  dualfix          :       0.00       0.00       0.00       0.00       0.00       0.00
  genvbounds       :       0.00       0.00       0.00       0.00       0.00       0.00
  nlobbt           :       0.00       0.00       0.00       0.00       0.00       0.00
  obbt             :       0.00       0.00       0.00       0.00       0.00       0.00
  probing          :       2.22       0.00       2.22       0.00       0.00       0.00
  pseudoobj        :       0.01       0.00       0.00       0.01       0.00       0.00
  redcost          :       0.03       0.00       0.00       0.03       0.00       0.00
  rootredcost      :       0.00       0.00       0.00       0.00       0.00       0.00
  symmetry         :       0.00       0.00       0.00       0.00       0.00       0.00
  vbounds          :       0.04       0.00       0.00       0.03       0.00       0.00
Symmetry           :
  orbitopal red.   :          0 reductions applied,          0 cutoffs
  orbital reduction:          0 reductions applied,          0 cutoffs
  lexicographic red:          0 reductions applied,          0 cutoffs
  shadow tree time :       0.00 s
Conflict Analysis  :       Time      Calls    Success    DomReds  Conflicts   Literals    Reconvs ReconvLits   Dualrays   Nonzeros   LP Iters   (pool size: [10000,10000])
  propagation      :       0.00          0          0          -          0        0.0          0        0.0          -          -          -
  infeasible LP    :       0.00          0          0          -          0        0.0          0        0.0          0        0.0          0
  bound exceed. LP :       0.15         47         34          -          3        6.3          0        0.0         22        4.2        410
  strong branching :       0.00          0          0          -          0        0.0          0        0.0          -          -          0
  pseudo solution  :       0.00          0          0          -          0        0.0          0        0.0          -          -          -
  applied globally :       0.00          -          -         20          0        0.0          -          -         22          -          -
  applied locally  :          -          -          -          0          0        0.0          -          -          0          -          -
Separators         :   ExecTime  SetupTime      Calls  RootCalls    Cutoffs    DomReds  FoundCuts ViaPoolAdd  DirectAdd    Applied ViaPoolApp  DirectApp      Conss
  cut pool         :       0.26          -        186        144          -          -      44108      91004          -          -          -          -          -    (maximal pool size:      44025)
  aggregation      :       1.68       0.00         76         72          0          0      36169      63302          0       2563       2563          0          0
  > cmir           :          -          -          -          -          -          -          -      63302          0       2563       2563          0          -
  > flowcover      :          -          -          -          -          -          -          -          0          0          0          0          0          -
  > knapsackcover  :          -          -          -          -          -          -          -          0          0          0          0          0          -
  cgmip            :       0.00       0.00          0          0          0          0          0          0          0          0          0          0          0
  clique           :       3.69       0.00         72         72          0          0        251       1024          0         77         77          0          0
  closecuts        :       0.00       0.00          0          0          0          0          0          0          0          0          0          0          0
  convexproj       :       0.00       0.00          0          0          0          0          0          0          0          0          0          0          0
  disjunctive      :       0.00       0.00          0          0          0          0          0          0          0          0          0          0          0
  eccuts           :       0.00       0.00          0          0          0          0          0          0          0          0          0          0          0
  gauge            :       0.00       0.00          0          0          0          0          0          0          0          0          0          0          0
  gomory           :       1.10       0.00         14         10          0          0       1742       6583          0        266        266          0          0
  > gomorymi       :          -          -          -          -          -          -          -       6583          0        266        266          0          -
  > strongcg       :          -          -          -          -          -          -          -          0          0          0          0          0          -
  impliedbounds    :       0.10       0.00         76         72          0          0       5946      20095          0       2379       2379          0          0
  interminor       :       0.00       0.00          0          0          0          0          0          0          0          0          0          0          0
  intobj           :       0.00       0.00          0          0          0          0          0          0          0          0          0          0          0
  lagromory        :       0.00       0.00          0          0          0          0          0          0          0          0          0          0          0
  mcf              :       0.00       0.00          1          1          0          0          0          0          0          0          0          0          0
  minor            :       0.00       0.00         10         10          0          0          0          0          0          0          0          0          0
  mixing           :       0.00       0.00          0          0          0          0          0          0          0          0          0          0          0
  oddcycle         :       0.00       0.00          0          0          0          0          0          0          0          0          0          0          0
  rapidlearning    :       0.00       0.00          0          0          0          0          0          0          0          0          0          0          0
  rlt              :       0.00       0.00         10         10          0          0          0          0          0          0          0          0          0
  zerohalf         :       0.03       0.00         24         20          0          0          0          0          0          0          0          0          0
Cutselectors       :   ExecTime  SetupTime      Calls  RootCalls   Selected     Forced   Filtered  RootSelec   RootForc   RootFilt 
  hybrid           :       0.17       0.00        111         73       6230          0      85896       5831          0      83534
  ensemble         :       0.00       0.00          0          0          0          0          0          0          0          0
  dynamic          :       0.00       0.00          0          0          0          0          0          0          0          0
Pricers            :   ExecTime  SetupTime      Calls       Vars
  problem variables:       0.00          -          0          0
Branching Rules    :   ExecTime  SetupTime   BranchLP  BranchExt   BranchPS    Cutoffs    DomReds       Cuts      Conss   Children
  allfullstrong    :       0.00       0.00          0          0          0          0          0          0          0          0
  cloud            :       0.00       0.00          0          0          0          0          0          0          0          0
  distribution     :       0.00       0.00          0          0          0          0          0          0          0          0
  fullstrong       :       0.00       0.00          0          0          0          0          0          0          0          0
  gomory           :       0.00       0.00          0          0          0          0          0          0          0          0
  inference        :       0.00       0.00          0          0          0          0          0          0          0          0
  leastinf         :       0.00       0.00          0          0          0          0          0          0          0          0
  lookahead        :       0.00       0.00          0          0          0          0          0          0          0          0
  mostinf          :       0.00       0.00          0          0          0          0          0          0          0          0
  multaggr         :       0.00       0.00          0          0          0          0          0          0          0          0
  nodereopt        :       0.00       0.00          0          0          0          0          0          0          0          0
  pscost           :       0.00       0.00          0          0          0          0          0          0          0          0
  random           :       0.00       0.00          0          0          0          0          0          0          0          0
  relpscost        :     127.52       0.00        125          0          0          0        261          0          0        212
  vanillafullstrong:       0.00       0.00          0          0          0          0          0          0          0          0
Primal Heuristics  :   ExecTime  SetupTime      Calls      Found       Best
  LP solutions     :       0.00          -          -          0          0
  relax solutions  :       0.00          -          -          0          0
  pseudo solutions :       0.00          -          -          0          0
  strong branching :       0.00          -          -          0          0
  actconsdiving    :       0.00       0.00          0          0          0
  adaptivediving   :      10.19       0.00          1          0          0
  alns             :       0.35       0.00          5          0          0
  bound            :       0.00       0.00          0          0          0
  clique           :       0.04       0.00          1          0          0
  coefdiving       :       0.00       0.00          0          0          0
  completesol      :       0.00       0.00          0          0          0
  conflictdiving   :       3.54       0.00          1          0          0
  crossover        :       0.00       0.00          0          0          0
  dins             :       0.00       0.00          0          0          0
  distributiondivin:       2.12       0.00          1          0          0
  dps              :       0.00       0.00          0          0          0
  dualval          :       0.00       0.00          0          0          0
  farkasdiving     :       0.00       0.00          0          0          0
  feaspump         :       6.03       0.00          1          1          1
  fixandinfer      :       0.00       0.00          0          0          0
  fracdiving       :       9.69       0.00          1          0          0
  gins             :       0.00       0.00          0          0          0
  guideddiving     :       0.02       0.00          1          0          0
  indicator        :       0.00       0.00          0          0          0
  indicatordiving  :       0.00       0.00          0          0          0
  intdiving        :       0.00       0.00          0          0          0
  intshifting      :       0.67       0.00          2          0          0
  linesearchdiving :       2.80       0.00          1          0          0
  localbranching   :       0.00       0.00          0          0          0
  locks            :       0.22       0.00          1          0          0
  lpface           :       0.00       0.00          0          0          0
  mpec             :       0.00       0.00          0          0          0
  multistart       :       0.00       0.00          0          0          0
  mutation         :       0.00       0.00          0          0          0
  nlpdiving        :       0.00       0.00          0          0          0
  objpscostdiving  :       0.18       0.00          1          1          0
  octane           :       0.00       0.00          0          0          0
  ofins            :       0.00       0.00          0          0          0
  oneopt           :       0.01       0.00          3          0          0
  padm             :       0.00       0.00          0          0          0
  proximity        :       0.00       0.00          0          0          0
  pscostdiving     :       5.40       0.00          3          1          1
  randrounding     :       1.94       0.00        116          0          0
  rens             :       0.00       0.00          0          0          0
  reoptsols        :       0.00       0.00          0          0          0
  repair           :       0.00       0.00          0          0          0
  rins             :       0.00       0.00          0          0          0
  rootsoldiving    :       0.10       0.00          1          1          0
  rounding         :       0.08       0.00        186          0          0
  scheduler        :       0.00       0.00          0          0          0
  shiftandpropagate:       0.00       0.00          0          0          0
  shifting         :       3.79       0.00        113          0          0
  simplerounding   :       0.00       0.00          0          0          0
  subnlp           :       0.00       0.00          0          0          0
  trivial          :       0.00       0.00          2          0          0
  trivialnegation  :       0.00       0.00          0          0          0
  trustregion      :       0.00       0.00          0          0          0
  trysol           :       0.00       0.00          0          0          0
  twoopt           :       0.00       0.00          0          0          0
  undercover       :       0.00       0.00          0          0          0
  vbounds          :       0.34       0.00          1          3          3
  veclendiving     :       1.10       0.00          1          0          0
  zeroobj          :       0.00       0.00          0          0          0
  zirounding       :       0.04       0.00        106          0          0
  other solutions  :          -          -          -          0          -
LNS (Scheduler)    :      Calls  SetupTime  SolveTime SolveNodes       Sols       Best       Exp3    Exp3-IX  EpsGreedy        UCB TgtFixRate  Opt  Inf Node Stal  Sol  Usr Othr Actv
  rens             :          0       0.00       0.00          0          0          0    0.00000    0.12500   -1.00000    1.00000      0.900    0    0    0    0    0    0    0    1
  rins             :          0       0.00       0.00          0          0          0    0.00000    0.12500   -1.00000    1.00000      0.900    0    0    0    0    0    0    0    1
  mutation         :          0       0.00       0.00          0          0          0    0.00000    0.12500   -1.00000    1.00000      0.900    0    0    0    0    0    0    0    1
  localbranching   :          0       0.00       0.00          0          0          0    0.00000    0.12500   -1.00000    1.00000      0.900    0    0    0    0    0    0    0    1
  crossover        :          0       0.00       0.00          0          0          0    0.00000    0.12500   -1.00000    1.00000      0.900    0    0    0    0    0    0    0    1
  proximity        :          0       0.00       0.00          0          0          0    0.00000    0.12500   -1.00000    1.00000      0.900    0    0    0    0    0    0    0    1
  zeroobjective    :          0       0.00       0.00          0          0          0    0.00000    0.12500   -1.00000    1.00000      0.900    0    0    0    0    0    0    0    1
  dins             :          0       0.00       0.00          0          0          0    0.00000    0.12500   -1.00000    1.00000      0.900    0    0    0    0    0    0    0    1
  trustregion      :          0       0.00       0.00          0          0          0    0.00000    0.00000   -1.00000    1.00000      0.900    0    0    0    0    0    0    0    0
LP                 :       Time      Calls Iterations  Iter/call   Iter/sec  Time-0-It Calls-0-It    ItLimit
  primal LP        :       0.04         28          0       0.00       0.00       0.04         28
  dual LP          :     122.17        401     261210     813.74    2138.03       0.09         80
  lex dual LP      :       0.00          0          0       0.00          -
  barrier LP       :       0.00          0          0       0.00          -       0.00          0
  resolve instable :       0.00          0          0       0.00          -
  diving/probing LP:      41.64         84     109375    1302.08    2626.50
  strong branching :     125.72        346     250581     724.22    1993.24          -          -        371
    (at root node) :          -         19      17684     930.74          -
  conflict analysis:       0.11         41        410      10.00    3785.15
B&B Tree           :
  number of runs   :          1
  nodes            :        181 (106 internal, 75 leaves)
  feasible leaves  :          0
  infeas. leaves   :          4
  objective leaves :         70
  nodes (total)    :        181 (106 internal, 75 leaves)
  nodes left       :         33
  max depth        :         27
  max depth (total):         27
  backtracks       :         46 (25.4%)
  early backtracks :          0 (0.0%)
  nodes exc. ref.  :          0 (0.0%)
  delayed cutoffs  :          0
  repropagations   :         45 (289 domain reductions, 0 cutoffs)
  avg switch length:       3.59
  switching time   :       0.10
Root Node          :
  First LP value   : +1.54148347967136e+05
  First LP Iters   :       3102 (5576.24 Iter/sec)
  First LP Time    :       0.56
  Final Dual Bound : +1.58726681219203e+05
  Final Root Iters :     114419
  Root LP Estimate : +1.60586732479934e+05
Solution           :
  Solutions found  :          7 (5 improvements)
  First Solution   : +1.64756452600000e+05   (in run 1, after 1 nodes, 2.78 seconds, depth 208, found by <vbounds>)
  Gap First Sol.   :   infinite
  Gap Last Sol.    :       0.64 %
  Primal Bound     : +1.59851524666667e+05   (in run 1, after 5 nodes, 6483.51 seconds, depth 18, found by <pscostdiving>)
  Dual Bound       : +1.58842320472990e+05
  Gap              :       0.64 %
Integrals          :      Total       Avg%
  primal-dual      :   65843.73       0.76
  primal-ref       :          -          - (not evaluated)
  dual-ref         :          -          - (not evaluated)

 Branching Statistics...

 Total number of propagations -> 10724

 Number of cutoffs of KnaCons -> 0

 Total number of variables fixed to 1 by the propagator -> 1433

 Total number of variables fixed to 0 by the propagator -> 11170

 Maximum number of rounds of the approximation algorithm -> 6

 Runtime of the exact algorithm -> 86496.0900 s

 Total number of variables fixed to 1 in the exact algorithm -> 24

 Total number of variables fixed to 0 in the exact algorithm -> 3334

 Number of cutoffs in the exact algorithm -> 0

 Number of cutoffs in the approximation algorithm -> 2

 PS:  
