***************************************
*         SCIP-based CCP Solver       *
*                                     *
*    Wei Lv and Wei-Kun Chen (2024)   *
***************************************
/share/home/wangzhaowei/lvwei/scipoptsuite-9.1.0/build/bin/examples/ccp -f CCMPPData/30-3000-0.ccmpp -s CCMPPSetting/DB-EOPF1.set 
SCIP version 9.1.0 [precision: 8 byte] [memory: block] [mode: optimized] [LP solver: Soplex 7.1.0] [GitHash: 8cab0278ba]
Copyright (c) 2002-2024 Zuse Institute Berlin (ZIB)

External libraries: 
  Soplex 7.1.0         Linear Programming Solver developed at Zuse Institute Berlin (soplex.zib.de) [GitHash: 595bfac9]
  CppAD 20180000.0     Algorithmic Differentiation of C++ algorithms developed by B. Bell (github.com/coin-or/CppAD)
  ZLIB 1.2.7           General purpose compression library by J. Gailly and M. Adler (zlib.net)
  GMP 6.0.0            GNU Multiple Precision Arithmetic Library developed by T. Granlund (gmplib.org)
  AMPL/MP 690e9e7      AMPL .nl file reader library (github.com/ampl/mp)
  PaPILO 2.3.0         parallel presolve for integer and linear optimization (github.com/scipopt/papilo) (built with TBB) [GitHash: 4b8ce6ed]
  Nauty 2.8.8          Computing Graph Automorphism Groups by Brendan D. McKay (users.cecs.anu.edu.au/~bdm/nauty)
  sassy 1.1            Symmetry preprocessor by Markus Anders (github.com/markusa4/sassy)

reading user parameter file <CCMPPSetting/DB-EOPF1.set>

read problem <CCMPPData/30-3000-0.ccmpp>
============

File name: 	CCMPPData/30-3000-0.ccmpp
Problem name:	30-3000-0
Dimension: 	30
NumScenario: 	3000
ConfidenceParameter: 	0.10
IsEqualProbability: 	1
BnC+MIX+DI: 	0
BnC+MIX+sDI: 	0
DB: 	0
DB+OPF: 	1
Dominance and Aggregation Statistics......
NumEdge:        429623
NumBiEdge: 	7092
NumDomIneqs: 	422531
DominanceRatio: 0.0939
NumAggScenario: 2815 
BasicNumScenario: 2814 
Propagator Statistics......
NumBasicDomIneqs: 62468
NumNonReDomIneqs: 11550
Duration: 0.2000 s 

original problem has 2965 variables (2815 bin, 0 int, 0 impl, 150 cont) and 9050 constraints

solve problem
=============

presolving:
(round 1, fast)       5 del vars, 98 del conss, 0 add conss, 30 chg bounds, 0 chg sides, 0 chg coeffs, 0 upgd conss, 0 impls, 11550 clqs
   (0.1s) running MILP presolver
   (0.1s) MILP presolver (3 rounds): 32 aggregations, 2 fixings, 11 bound changes
(round 2, medium)     39 del vars, 98 del conss, 0 add conss, 41 chg bounds, 0 chg sides, 0 chg coeffs, 0 upgd conss, 0 impls, 11550 clqs
(round 3, fast)       39 del vars, 130 del conss, 0 add conss, 41 chg bounds, 0 chg sides, 0 chg coeffs, 0 upgd conss, 0 impls, 11550 clqs
(round 4, exhaustive) 39 del vars, 130 del conss, 0 add conss, 41 chg bounds, 0 chg sides, 0 chg coeffs, 8834 upgd conss, 0 impls, 11550 clqs
   (4.2s) probing: 1000/2814 (35.5%) - 0 fixings, 0 aggregations, 290873 implications, 0 bound changes
   (4.2s) probing: 1001/2814 (35.6%) - 0 fixings, 0 aggregations, 290909 implications, 0 bound changes
   (4.2s) probing aborted: 1000/1000 successive useless probings
   (4.3s) symmetry computation started: requiring (bin +, int +, cont +), (fixed: bin -, int -, cont -)
   Symmetry detection interrupted: constraints of type chancecons do not provide symmetry information.
   If symmetries shall be detected, implement the CONSGETPERMSYMGRAPH callback.
   (4.3s) could not compute symmetry
presolving (5 rounds: 5 fast, 3 medium, 2 exhaustive):
 39 deleted vars, 130 deleted constraints, 0 added constraints, 41 tightened bounds, 0 added holes, 0 changed sides, 0 changed coefficients
 32785 implications, 21387 cliques
presolved problem has 2926 variables (2814 bin, 0 int, 0 impl, 112 cont) and 8920 constraints
      1 constraints of type <chancecons>
   8834 constraints of type <varbound>
     85 constraints of type <linear>
Presolving Time: 4.20

 time | node  | left  |LP iter|LP it/n|mem/heur|mdpt |vars |cons |rows |cuts |sepa|confs|strbr|  dualbound   | primalbound  |  gap   | compl. 
p 4.8s|     1 |     0 |    55 |     - | vbounds|   0 |2926 |8921 |8919 |   0 |  0 |   0 |   0 | 0.000000e+00 | 2.209997e+05 |    Inf | unknown
  5.3s|     1 |     0 |  2004 |     - |   495M |   0 |2926 |8924 |8919 |   0 |  0 |   3 |   0 | 2.140304e+05 | 2.209997e+05 |   3.26%| unknown
  5.6s|     1 |     0 |  2126 |     - |   497M |   0 |2926 |8924 |8952 |  33 |  1 |   3 |   0 | 2.141614e+05 | 2.209997e+05 |   3.19%| unknown
  5.8s|     1 |     0 |  2453 |     - |   498M |   0 |2926 |8924 |8994 |  75 |  2 |   3 |   0 | 2.144001e+05 | 2.209997e+05 |   3.08%| unknown
  6.1s|     1 |     0 |  2780 |     - |   500M |   0 |2926 |8924 |9068 | 149 |  3 |   3 |   0 | 2.145814e+05 | 2.209997e+05 |   2.99%| unknown
  6.4s|     1 |     0 |  3075 |     - |   501M |   0 |2926 |8924 |9125 | 206 |  4 |   3 |   0 | 2.147953e+05 | 2.209997e+05 |   2.89%| unknown
  6.7s|     1 |     0 |  3327 |     - |   505M |   0 |2926 |8924 |9193 | 274 |  5 |   3 |   0 | 2.149355e+05 | 2.209997e+05 |   2.82%| unknown
  6.9s|     1 |     0 |  3539 |     - |   506M |   0 |2926 |8924 |9260 | 341 |  6 |   3 |   0 | 2.150858e+05 | 2.209997e+05 |   2.75%| unknown
  7.2s|     1 |     0 |  3950 |     - |   507M |   0 |2926 |8924 |9334 | 415 |  7 |   3 |   0 | 2.152238e+05 | 2.209997e+05 |   2.68%| unknown
  7.6s|     1 |     0 |  4486 |     - |   508M |   0 |2926 |8924 |9409 | 490 |  8 |   3 |   0 | 2.153290e+05 | 2.209997e+05 |   2.63%| unknown
  7.9s|     1 |     0 |  4981 |     - |   511M |   0 |2926 |8924 |9504 | 585 |  9 |   3 |   0 | 2.154447e+05 | 2.209997e+05 |   2.58%| unknown
  8.2s|     1 |     0 |  5336 |     - |   513M |   0 |2926 |8924 |9576 | 657 | 10 |   3 |   0 | 2.155635e+05 | 2.209997e+05 |   2.52%| unknown
  8.5s|     1 |     0 |  5687 |     - |   514M |   0 |2926 |8924 |9651 | 732 | 11 |   3 |   0 | 2.156419e+05 | 2.209997e+05 |   2.48%| unknown
  8.8s|     1 |     0 |  6062 |     - |   515M |   0 |2926 |8924 |9740 | 821 | 12 |   3 |   0 | 2.157023e+05 | 2.209997e+05 |   2.46%| unknown
  9.1s|     1 |     0 |  6471 |     - |   516M |   0 |2926 |8924 |9787 | 886 | 13 |   3 |   0 | 2.157664e+05 | 2.209997e+05 |   2.43%| unknown
 time | node  | left  |LP iter|LP it/n|mem/heur|mdpt |vars |cons |rows |cuts |sepa|confs|strbr|  dualbound   | primalbound  |  gap   | compl. 
  9.3s|     1 |     0 |  6795 |     - |   518M |   0 |2926 |8924 |9848 | 947 | 14 |   3 |   0 | 2.158228e+05 | 2.209997e+05 |   2.40%| unknown
  9.6s|     1 |     0 |  7254 |     - |   520M |   0 |2926 |8924 |9896 | 995 | 15 |   3 |   0 | 2.158786e+05 | 2.209997e+05 |   2.37%| unknown
  9.8s|     1 |     0 |  7610 |     - |   521M |   0 |2926 |8924 |9947 |1046 | 16 |   3 |   0 | 2.159261e+05 | 2.209997e+05 |   2.35%| unknown
 10.1s|     1 |     0 |  8033 |     - |   522M |   0 |2926 |8924 |  10k|1121 | 17 |   3 |   0 | 2.159924e+05 | 2.209997e+05 |   2.32%| unknown
 10.4s|     1 |     0 |  8378 |     - |   523M |   0 |2926 |8924 |  10k|1200 | 18 |   3 |   0 | 2.160321e+05 | 2.209997e+05 |   2.30%| unknown
 10.7s|     1 |     0 |  8855 |     - |   525M |   0 |2926 |8924 |  10k|1279 | 19 |   3 |   0 | 2.160911e+05 | 2.209997e+05 |   2.27%| unknown
 11.0s|     1 |     0 |  9274 |     - |   526M |   0 |2926 |8924 |  10k|1344 | 20 |   3 |   0 | 2.161272e+05 | 2.209997e+05 |   2.25%| unknown
 11.3s|     1 |     0 |  9777 |     - |   527M |   0 |2926 |8924 |  10k|1418 | 21 |   3 |   0 | 2.161613e+05 | 2.209997e+05 |   2.24%| unknown
 11.6s|     1 |     0 | 10241 |     - |   528M |   0 |2926 |8924 |  10k|1480 | 22 |   3 |   0 | 2.161885e+05 | 2.209997e+05 |   2.23%| unknown
 12.0s|     1 |     0 | 10758 |     - |   528M |   0 |2926 |8924 |  10k|1538 | 23 |   3 |   0 | 2.162182e+05 | 2.209997e+05 |   2.21%| unknown
 12.3s|     1 |     0 | 11277 |     - |   529M |   0 |2926 |8924 |  10k|1599 | 24 |   3 |   0 | 2.162529e+05 | 2.209997e+05 |   2.20%| unknown
 12.6s|     1 |     0 | 11737 |     - |   529M |   0 |2926 |8924 |  10k|1666 | 25 |   3 |   0 | 2.162766e+05 | 2.209997e+05 |   2.18%| unknown
 12.9s|     1 |     0 | 12224 |     - |   530M |   0 |2926 |8924 |  10k|1725 | 26 |   3 |   0 | 2.163061e+05 | 2.209997e+05 |   2.17%| unknown
 13.3s|     1 |     0 | 12723 |     - |   530M |   0 |2926 |8924 |  10k|1777 | 27 |   3 |   0 | 2.163292e+05 | 2.209997e+05 |   2.16%| unknown
 13.6s|     1 |     0 | 13264 |     - |   532M |   0 |2926 |8924 |  10k|1848 | 28 |   3 |   0 | 2.163549e+05 | 2.209997e+05 |   2.15%| unknown
 time | node  | left  |LP iter|LP it/n|mem/heur|mdpt |vars |cons |rows |cuts |sepa|confs|strbr|  dualbound   | primalbound  |  gap   | compl. 
 14.0s|     1 |     0 | 13776 |     - |   532M |   0 |2926 |8924 |  10k|1914 | 29 |   3 |   0 | 2.163806e+05 | 2.209997e+05 |   2.13%| unknown
 14.4s|     1 |     0 | 14253 |     - |   532M |   0 |2926 |8924 |  10k|1973 | 30 |   3 |   0 | 2.164005e+05 | 2.209997e+05 |   2.13%| unknown
 14.8s|     1 |     0 | 14902 |     - |   533M |   0 |2926 |8924 |  10k|2022 | 31 |   3 |   0 | 2.164292e+05 | 2.209997e+05 |   2.11%| unknown
 15.2s|     1 |     0 | 15437 |     - |   533M |   0 |2926 |8924 |  10k|2078 | 32 |   3 |   0 | 2.164452e+05 | 2.209997e+05 |   2.10%| unknown
 15.5s|     1 |     0 | 15970 |     - |   534M |   0 |2926 |8924 |  10k|2135 | 33 |   3 |   0 | 2.164694e+05 | 2.209997e+05 |   2.09%| unknown
 16.0s|     1 |     0 | 16664 |     - |   535M |   0 |2926 |8924 |  10k|2186 | 34 |   3 |   0 | 2.164935e+05 | 2.209997e+05 |   2.08%| unknown
 16.5s|     1 |     0 | 17454 |     - |   536M |   0 |2926 |8924 |  10k|2256 | 35 |   3 |   0 | 2.165176e+05 | 2.209997e+05 |   2.07%| unknown
 16.9s|     1 |     0 | 18124 |     - |   536M |   0 |2926 |8924 |  10k|2310 | 36 |   3 |   0 | 2.165288e+05 | 2.209997e+05 |   2.06%| unknown
 17.4s|     1 |     0 | 18803 |     - |   537M |   0 |2926 |8924 |  10k|2372 | 37 |   3 |   0 | 2.165444e+05 | 2.209997e+05 |   2.06%| unknown
 17.8s|     1 |     0 | 19387 |     - |   537M |   0 |2926 |8924 |  10k|2427 | 38 |   3 |   0 | 2.165581e+05 | 2.209997e+05 |   2.05%| unknown
 18.2s|     1 |     0 | 20013 |     - |   537M |   0 |2926 |8924 |  10k|2480 | 39 |   3 |   0 | 2.165721e+05 | 2.209997e+05 |   2.04%| unknown
 18.6s|     1 |     0 | 20448 |     - |   540M |   0 |2926 |8924 |  10k|2530 | 40 |   3 |   0 | 2.165775e+05 | 2.209997e+05 |   2.04%| unknown
 19.0s|     1 |     0 | 21029 |     - |   540M |   0 |2926 |8924 |  10k|2578 | 41 |   3 |   0 | 2.165889e+05 | 2.209997e+05 |   2.04%| unknown
 19.4s|     1 |     0 | 21447 |     - |   540M |   0 |2926 |8924 |  10k|2632 | 42 |   3 |   0 | 2.165996e+05 | 2.209997e+05 |   2.03%| unknown
 19.7s|     1 |     0 | 21973 |     - |   540M |   0 |2926 |8924 |  10k|2672 | 43 |   3 |   0 | 2.166113e+05 | 2.209997e+05 |   2.03%| unknown
 time | node  | left  |LP iter|LP it/n|mem/heur|mdpt |vars |cons |rows |cuts |sepa|confs|strbr|  dualbound   | primalbound  |  gap   | compl. 
 20.2s|     1 |     0 | 22580 |     - |   541M |   0 |2926 |8924 |  10k|2718 | 44 |   3 |   0 | 2.166244e+05 | 2.209997e+05 |   2.02%| unknown
 20.6s|     1 |     0 | 23130 |     - |   541M |   0 |2926 |8924 |  10k|2765 | 45 |   3 |   0 | 2.166366e+05 | 2.209997e+05 |   2.01%| unknown
o21.9s|     1 |     0 | 27842 |     - |feaspump|   0 |2926 |8924 |  10k|2765 | 45 |   3 |   0 | 2.166366e+05 | 2.182885e+05 |   0.76%| unknown
 23.0s|     1 |     0 | 29789 |     - |   542M |   0 |2926 |8924 |  10k|2765 | 45 | 109 |   0 | 2.166366e+05 | 2.182885e+05 |   0.76%| unknown
 23.4s|     1 |     0 | 30259 |     - |   542M |   0 |2926 |8924 |  10k|2806 | 46 | 109 |   0 | 2.166456e+05 | 2.182885e+05 |   0.76%| unknown
 23.5s|     1 |     0 | 30504 |     - |   542M |   0 |2926 |8924 |  10k|2840 | 47 | 109 |   0 | 2.166484e+05 | 2.182885e+05 |   0.76%| unknown
 34.6s|     1 |     2 | 30504 |     - |   543M |   0 |2926 |8924 |  10k|2840 | 47 | 109 |  35 | 2.166534e+05 | 2.182885e+05 |   0.75%| unknown
*5007s|     6 |     5 | 37432 |2745.2 |strongbr|   5 |2926 |8924 |9956 |2840 |  1 | 109 | 177 | 2.166534e+05 | 2.177380e+05 |   0.50%| unknown
*7474s|    15 |    10 | 40335 |1187.8 |    LP  |  12 |2926 |8928 |9975 |2867 |  1 | 116 | 278 | 2.166534e+05 | 2.175245e+05 |   0.40%|   5.65%
*7493s|    21 |    10 | 40424 | 835.9 |    LP  |  15 |2926 |8928 |9975 |2867 |  1 | 116 | 278 | 2.166534e+05 | 2.175065e+05 |   0.39%|   5.78%
*7499s|    22 |     9 | 40425 | 796.1 |    LP  |  15 |2926 |8928 |9975 |2867 |  1 | 116 | 278 | 2.166534e+05 | 2.174295e+05 |   0.36%|   5.78%
*7543s|    25 |    10 | 40640 | 705.6 |    LP  |  15 |2926 |8928 |9975 |2867 |  1 | 116 | 278 | 2.166534e+05 | 2.174010e+05 |   0.35%|   5.83%
*7569s|    30 |     9 | 40845 | 591.0 |    LP  |  15 |2926 |8928 |9975 |2867 |  1 | 116 | 278 | 2.166534e+05 | 2.173235e+05 |   0.31%|   6.05%
* 251m|    60 |     9 | 48301 | 416.9 |    LP  |  19 |2926 |8930 |  10k|2995 |  1 | 120 | 300 | 2.168274e+05 | 2.173232e+05 |   0.23%|  26.91%
* 298m|    69 |    10 | 52018 | 416.4 |    LP  |  19 |2926 |8930 |  10k|2995 |  1 | 120 | 301 | 2.168767e+05 | 2.172950e+05 |   0.19%|  34.09%
 time | node  | left  |LP iter|LP it/n|mem/heur|mdpt |vars |cons |rows |cuts |sepa|confs|strbr|  dualbound   | primalbound  |  gap   | compl. 
  462m|   100 |    15 | 62271 | 389.5 |   562M |  19 |2926 |8932 |  10k|3465 |  2 | 122 | 319 | 2.169542e+05 | 2.172950e+05 |   0.16%|  46.80%
* 722m|   154 |    15 | 75662 | 339.6 |    LP  |  19 |2926 |8932 |9989 |3797 |  1 | 123 | 361 | 2.169952e+05 | 2.172335e+05 |   0.11%|  56.41%
 1044m|   200 |     7 | 95555 | 361.1 |   574M |  19 |2926 |8904 |  10k|4342 |  1 | 126 | 399 | 2.170364e+05 | 2.172335e+05 |   0.09%|  78.21%

SCIP Status        : solving was interrupted [time limit reached]
Solving Time (sec) : 87160.48
Solving Nodes      : 219
Primal Bound       : +2.17233473000000e+05 (11 solutions)
Dual Bound         : +2.17094376375244e+05
Gap                : 0.06 %

primal solution (original space):
=================================

objective value:                           217233.473
z#1                                                 1 	(obj:0)
z#29                                                1 	(obj:0)
z#34                                                1 	(obj:0)
z#40                                                1 	(obj:0)
z#44                                                1 	(obj:0)
z#51                                                1 	(obj:0)
z#69                                                1 	(obj:0)
z#74                                                1 	(obj:0)
z#77                                                1 	(obj:0)
z#83                                                1 	(obj:0)
z#100                                               1 	(obj:0)
z#106                                               1 	(obj:0)
z#114                                               1 	(obj:0)
z#116                                               1 	(obj:0)
z#117                                               1 	(obj:0)
z#123                                               1 	(obj:0)
z#124                                               1 	(obj:0)
z#131                                               1 	(obj:0)
z#138                                               1 	(obj:0)
z#140                                               1 	(obj:0)
z#152                                               1 	(obj:0)
z#168                                               1 	(obj:0)
z#174                                               1 	(obj:0)
z#194                                               1 	(obj:0)
z#199                                               1 	(obj:0)
z#211                                               1 	(obj:0)
z#212                                               1 	(obj:0)
z#215                                               1 	(obj:0)
z#219                                               1 	(obj:0)
z#234                                               1 	(obj:0)
z#240                                               1 	(obj:0)
z#261                                               1 	(obj:0)
z#270                                               1 	(obj:0)
z#288                                               1 	(obj:0)
z#301                                               1 	(obj:0)
z#306                                               1 	(obj:0)
z#336                                               1 	(obj:0)
z#337                                               1 	(obj:0)
z#350                                               1 	(obj:0)
z#356                                               1 	(obj:0)
z#359                                               1 	(obj:0)
z#360                                               1 	(obj:0)
z#367                                               1 	(obj:0)
z#373                                               1 	(obj:0)
z#380                                               1 	(obj:0)
z#384                                               1 	(obj:0)
z#390                                               1 	(obj:0)
z#396                                               1 	(obj:0)
z#412                                               1 	(obj:0)
z#440                                               1 	(obj:0)
z#457                                               1 	(obj:0)
z#482                                               1 	(obj:0)
z#505                                               1 	(obj:0)
z#522                                               1 	(obj:0)
z#527                                               1 	(obj:0)
z#534                                               1 	(obj:0)
z#538                                               1 	(obj:0)
z#543                                               1 	(obj:0)
z#548                                               1 	(obj:0)
z#554                                               1 	(obj:0)
z#569                                               1 	(obj:0)
z#594                                               1 	(obj:0)
z#608                                               1 	(obj:0)
z#621                                               1 	(obj:0)
z#637                                               1 	(obj:0)
z#644                                               1 	(obj:0)
z#646                                               1 	(obj:0)
z#653                                               1 	(obj:0)
z#661                                               1 	(obj:0)
z#668                                               1 	(obj:0)
z#688                                               1 	(obj:0)
z#695                                               1 	(obj:0)
z#701                                               1 	(obj:0)
z#707                                               1 	(obj:0)
z#711                                               1 	(obj:0)
z#733                                               1 	(obj:0)
z#736                                               1 	(obj:0)
z#780                                               1 	(obj:0)
z#786                                               1 	(obj:0)
z#795                                               1 	(obj:0)
z#826                                               1 	(obj:0)
z#828                                               1 	(obj:0)
z#835                                               1 	(obj:0)
z#836                                               1 	(obj:0)
z#840                                               1 	(obj:0)
z#841                                               1 	(obj:0)
z#873                                               1 	(obj:0)
z#877                                               1 	(obj:0)
z#886                                               1 	(obj:0)
z#888                                               1 	(obj:0)
z#897                                               1 	(obj:0)
z#909                                               1 	(obj:0)
z#922                                               1 	(obj:0)
z#937                                               1 	(obj:0)
z#961                                               1 	(obj:0)
z#963                                               1 	(obj:0)
z#968                                               1 	(obj:0)
z#973                                               1 	(obj:0)
z#980                                               1 	(obj:0)
z#991                                               1 	(obj:0)
z#995                                               1 	(obj:0)
z#996                                               1 	(obj:0)
z#1006                                              1 	(obj:0)
z#1017                                              1 	(obj:0)
z#1019                                              1 	(obj:0)
z#1046                                              1 	(obj:0)
z#1048                                              1 	(obj:0)
z#1060                                              1 	(obj:0)
z#1064                                              1 	(obj:0)
z#1085                                              1 	(obj:0)
z#1097                                              1 	(obj:0)
z#1104                                              1 	(obj:0)
z#1106                                              1 	(obj:0)
z#1111                                              1 	(obj:0)
z#1128                                              1 	(obj:0)
z#1143                                              1 	(obj:0)
z#1145                                              1 	(obj:0)
z#1147                                              1 	(obj:0)
z#1173                                              1 	(obj:0)
z#1211                                              1 	(obj:0)
z#1220                                              1 	(obj:0)
z#1235                                              1 	(obj:0)
z#1247                                              1 	(obj:0)
z#1267                                              1 	(obj:0)
z#1288                                              1 	(obj:0)
z#1293                                              1 	(obj:0)
z#1299                                              1 	(obj:0)
z#1302                                              1 	(obj:0)
z#1304                                              1 	(obj:0)
z#1309                                              1 	(obj:0)
z#1316                                              1 	(obj:0)
z#1319                                              1 	(obj:0)
z#1321                                              1 	(obj:0)
z#1323                                              1 	(obj:0)
z#1334                                              1 	(obj:0)
z#1340                                              1 	(obj:0)
z#1343                                              1 	(obj:0)
z#1355                                              1 	(obj:0)
z#1356                                              1 	(obj:0)
z#1365                                              1 	(obj:0)
z#1377                                              1 	(obj:0)
z#1381                                              1 	(obj:0)
z#1382                                              1 	(obj:0)
z#1395                                              1 	(obj:0)
z#1396                                              1 	(obj:0)
z#1411                                              1 	(obj:0)
z#1412                                              1 	(obj:0)
z#1431                                              1 	(obj:0)
z#1434                                              1 	(obj:0)
z#1443                                              1 	(obj:0)
z#1456                                              1 	(obj:0)
z#1461                                              1 	(obj:0)
z#1471                                              1 	(obj:0)
z#1477                                              1 	(obj:0)
z#1478                                              1 	(obj:0)
z#1495                                              1 	(obj:0)
z#1506                                              1 	(obj:0)
z#1517                                              1 	(obj:0)
z#1519                                              1 	(obj:0)
z#1526                                              1 	(obj:0)
z#1537                                              1 	(obj:0)
z#1541                                              1 	(obj:0)
z#1543                                              1 	(obj:0)
z#1555                                              1 	(obj:0)
z#1556                                              1 	(obj:0)
z#1557                                              1 	(obj:0)
z#1585                                              1 	(obj:0)
z#1598                                              1 	(obj:0)
z#1601                                              1 	(obj:0)
z#1615                                              1 	(obj:0)
z#1620                                              1 	(obj:0)
z#1629                                              1 	(obj:0)
z#1631                                              1 	(obj:0)
z#1638                                              1 	(obj:0)
z#1652                                              1 	(obj:0)
z#1671                                              1 	(obj:0)
z#1673                                              1 	(obj:0)
z#1679                                              1 	(obj:0)
z#1691                                              1 	(obj:0)
z#1700                                              1 	(obj:0)
z#1711                                              1 	(obj:0)
z#1719                                              1 	(obj:0)
z#1734                                              1 	(obj:0)
z#1753                                              1 	(obj:0)
z#1756                                              1 	(obj:0)
z#1771                                              1 	(obj:0)
z#1775                                              1 	(obj:0)
z#1787                                              1 	(obj:0)
z#1792                                              1 	(obj:0)
z#1805                                              1 	(obj:0)
z#1810                                              1 	(obj:0)
z#1846                                              1 	(obj:0)
z#1847                                              1 	(obj:0)
z#1853                                              1 	(obj:0)
z#1862                                              1 	(obj:0)
z#1864                                              1 	(obj:0)
z#1875                                              1 	(obj:0)
z#1881                                              1 	(obj:0)
z#1899                                              1 	(obj:0)
z#1900                                              1 	(obj:0)
z#1902                                              1 	(obj:0)
z#1912                                              1 	(obj:0)
z#1919                                              1 	(obj:0)
z#1920                                              1 	(obj:0)
z#1926                                              1 	(obj:0)
z#1934                                              1 	(obj:0)
z#1961                                              1 	(obj:0)
z#1978                                              1 	(obj:0)
z#1981                                              1 	(obj:0)
z#1990                                              1 	(obj:0)
z#1999                                              1 	(obj:0)
z#2000                                              1 	(obj:0)
z#2018                                              1 	(obj:0)
z#2026                                              1 	(obj:0)
z#2049                                              1 	(obj:0)
z#2053                                              1 	(obj:0)
z#2063                                              1 	(obj:0)
z#2068                                              1 	(obj:0)
z#2072                                              1 	(obj:0)
z#2076                                              1 	(obj:0)
z#2082                                              1 	(obj:0)
z#2085                                              1 	(obj:0)
z#2090                                              1 	(obj:0)
z#2091                                              1 	(obj:0)
z#2093                                              1 	(obj:0)
z#2099                                              1 	(obj:0)
z#2107                                              1 	(obj:0)
z#2110                                              1 	(obj:0)
z#2115                                              1 	(obj:0)
z#2125                                              1 	(obj:0)
z#2142                                              1 	(obj:0)
z#2153                                              1 	(obj:0)
z#2165                                              1 	(obj:0)
z#2174                                              1 	(obj:0)
z#2175                                              1 	(obj:0)
z#2196                                              1 	(obj:0)
z#2214                                              1 	(obj:0)
z#2222                                              1 	(obj:0)
z#2223                                              1 	(obj:0)
z#2226                                              1 	(obj:0)
z#2233                                              1 	(obj:0)
z#2242                                              1 	(obj:0)
z#2244                                              1 	(obj:0)
z#2262                                              1 	(obj:0)
z#2274                                              1 	(obj:0)
z#2292                                              1 	(obj:0)
z#2298                                              1 	(obj:0)
z#2314                                              1 	(obj:0)
z#2323                                              1 	(obj:0)
z#2328                                              1 	(obj:0)
z#2333                                              1 	(obj:0)
z#2348                                              1 	(obj:0)
z#2357                                              1 	(obj:0)
z#2380                                              1 	(obj:0)
z#2386                                              1 	(obj:0)
z#2392                                              1 	(obj:0)
z#2424                                              1 	(obj:0)
z#2437                                              1 	(obj:0)
z#2443                                              1 	(obj:0)
z#2455                                              1 	(obj:0)
z#2482                                              1 	(obj:0)
z#2483                                              1 	(obj:0)
z#2505                                              1 	(obj:0)
z#2517                                              1 	(obj:0)
z#2518                                              1 	(obj:0)
z#2525                                              1 	(obj:0)
z#2539                                              1 	(obj:0)
z#2567                                              1 	(obj:0)
z#2568                                              1 	(obj:0)
z#2582                                              1 	(obj:0)
z#2592                                              1 	(obj:0)
z#2602                                              1 	(obj:0)
z#2611                                              1 	(obj:0)
z#2619                                              1 	(obj:0)
z#2625                                              1 	(obj:0)
z#2635                                              1 	(obj:0)
z#2652                                              1 	(obj:0)
z#2657                                              1 	(obj:0)
z#2675                                              1 	(obj:0)
z#2686                                              1 	(obj:0)
z#2692                                              1 	(obj:0)
z#2702                                              1 	(obj:0)
z#2704                                              1 	(obj:0)
z#2708                                              1 	(obj:0)
z#2711                                              1 	(obj:0)
z#2716                                              1 	(obj:0)
z#2752                                              1 	(obj:0)
z#2753                                              1 	(obj:0)
z#2770                                              1 	(obj:0)
z#2773                                              1 	(obj:0)
z#2777                                              1 	(obj:0)
z#2783                                              1 	(obj:0)
z#2784                                              1 	(obj:0)
z#2787                                              1 	(obj:0)
z#2796                                              1 	(obj:0)
z#2801                                              1 	(obj:0)
z#2802                                              1 	(obj:0)
z#2807                                              1 	(obj:0)
z#2809                                              1 	(obj:0)
z#2812                                              1 	(obj:0)
x#0                                           421.253 	(obj:181)
x#2                                          225.2658 	(obj:104)
x#15                                          403.764 	(obj:162)
x#16                                          294.176 	(obj:101)
y#0                                             136.2 	(obj:138)
y#6                                  35.0181999999999 	(obj:104)
u#0                                           421.253 	(obj:0)
u#1                                           421.253 	(obj:0)
u#2                                          646.5188 	(obj:0)
u#3                                          646.5188 	(obj:0)
u#4                                          646.5188 	(obj:0)
u#5                                          646.5188 	(obj:0)
u#6                                          646.5188 	(obj:0)
u#7                                          646.5188 	(obj:0)
u#8                                          646.5188 	(obj:0)
u#9                                          646.5188 	(obj:0)
u#10                                         646.5188 	(obj:0)
u#11                                         646.5188 	(obj:0)
u#12                                         646.5188 	(obj:0)
u#13                                         646.5188 	(obj:0)
u#14                                         646.5188 	(obj:0)
u#15                                         629.0298 	(obj:0)
u#16                                         923.2058 	(obj:0)
u#17                                           697.94 	(obj:0)
u#18                                           697.94 	(obj:0)
u#19                                           697.94 	(obj:0)
u#20                                           697.94 	(obj:0)
u#21                                           697.94 	(obj:0)
u#22                                           697.94 	(obj:0)
u#23                                           697.94 	(obj:0)
u#24                                           697.94 	(obj:0)
u#25                                           697.94 	(obj:0)
u#26                                           697.94 	(obj:0)
u#27                                           697.94 	(obj:0)
u#28                                           697.94 	(obj:0)
u#29                                           697.94 	(obj:0)
v#0                                             136.2 	(obj:0)
v#1                                             136.2 	(obj:0)
v#2                                             136.2 	(obj:0)
v#3                                             136.2 	(obj:0)
v#4                                             136.2 	(obj:0)
v#5                                             136.2 	(obj:0)
v#6                                          171.2182 	(obj:0)
v#7                                          171.2182 	(obj:0)
v#8                                          171.2182 	(obj:0)
v#9                                          171.2182 	(obj:0)
v#10                                 35.0181999999999 	(obj:0)
v#11                                 35.0181999999999 	(obj:0)
v#12                                 35.0181999999999 	(obj:0)
v#13                                 35.0181999999999 	(obj:0)
v#14                                 35.0181999999999 	(obj:0)
v#15                                 35.0181999999999 	(obj:0)
w#0                                           557.453 	(obj:0)
w#1                                           557.453 	(obj:0)
w#2                                          782.7188 	(obj:0)
w#3                                          782.7188 	(obj:0)
w#4                                          782.7188 	(obj:0)
w#5                                          782.7188 	(obj:0)
w#6                                           817.737 	(obj:0)
w#7                                           817.737 	(obj:0)
w#8                                           817.737 	(obj:0)
w#9                                           817.737 	(obj:0)
w#10                                          681.537 	(obj:0)
w#11                                          681.537 	(obj:0)
w#12                                          681.537 	(obj:0)
w#13                                          681.537 	(obj:0)
w#14                                          681.537 	(obj:0)
w#15                                          664.048 	(obj:0)
w#16                                         923.2058 	(obj:0)
w#17                                           697.94 	(obj:0)
w#18                                           697.94 	(obj:0)
w#19                                           697.94 	(obj:0)
w#20                                           697.94 	(obj:0)
w#21                                           697.94 	(obj:0)
w#22                                           697.94 	(obj:0)
w#23                                           697.94 	(obj:0)
w#24                                           697.94 	(obj:0)
w#25                                           697.94 	(obj:0)
w#26                                           697.94 	(obj:0)
w#27                                           697.94 	(obj:0)
w#28                                           697.94 	(obj:0)
w#29                                           697.94 	(obj:0)

Statistics
==========

SCIP Status        : solving was interrupted [time limit reached]
Total Time         :   87161.05
  solving          :   87160.48
  presolving       :       4.20 (included in solving)
  reading          :       0.57
  copying          :       0.13 (2 #copies) (minimal 0.06, maximal 0.07, average 0.07)
Original Problem   :
  Problem name     : 30-3000-0
  Variables        : 2965 (2815 binary, 0 integer, 0 implicit integer, 150 continuous)
  Constraints      : 9050 initial, 9050 maximal
  Objective        : minimize, 60 non-zeros (abs.min = 101, abs.max = 287)
Presolved Problem  :
  Problem name     : t_30-3000-0
  Variables        : 2926 (2814 binary, 0 integer, 0 implicit integer, 112 continuous)
  Constraints      : 8920 initial, 8932 maximal
  Objective        : minimize, 58 non-zeros (abs.min = 101, abs.max = 287)
  Nonzeros         : 21234 constraint, 41802 clique table
Presolvers         :   ExecTime  SetupTime  Calls  FixedVars   AggrVars   ChgTypes  ChgBounds   AddHoles    DelCons    AddCons   ChgSides   ChgCoefs
  boundshift       :       0.00       0.00      0          0          0          0          0          0          0          0          0          0
  convertinttobin  :       0.00       0.00      0          0          0          0          0          0          0          0          0          0
  domcol           :       0.03       0.00      1          0          0          0          0          0          0          0          0          0
  dualagg          :       0.00       0.00      0          0          0          0          0          0          0          0          0          0
  dualcomp         :       0.01       0.00      1          0          0          0          0          0          0          0          0          0
  dualinfer        :       0.00       0.00      0          0          0          0          0          0          0          0          0          0
  dualsparsify     :       0.03       0.00      1          0          0          0          0          0          0          0          0          0
  gateextraction   :       0.00       0.00      0          0          0          0          0          0          0          0          0          0
  implics          :       0.00       0.00      3          0          0          0          0          0          0          0          0          0
  inttobinary      :       0.00       0.00      0          0          0          0          0          0          0          0          0          0
  milp             :       0.03       0.00      1          2         32          0         11          0          0          0          0          0
  qpkktref         :       0.00       0.00      0          0          0          0          0          0          0          0          0          0
  redvub           :       0.00       0.00      0          0          0          0          0          0          0          0          0          0
  sparsify         :       0.01       0.00      1          0          0          0          0          0          0          0          0          0
  stuffing         :       0.00       0.00      0          0          0          0          0          0          0          0          0          0
  trivial          :       0.00       0.00      5          0          0          0          0          0          0          0          0          0
  tworowbnd        :       0.00       0.00      0          0          0          0          0          0          0          0          0          0
  dualfix          :       0.00       0.00      5          1          0          0          0          0          0          0          0          0
  genvbounds       :       0.00       0.00      0          0          0          0          0          0          0          0          0          0
  probing          :       4.02       0.00      1          0          0          0          0          0          0          0          0          0
  pseudoobj        :       0.00       0.00      0          0          0          0          0          0          0          0          0          0
  symmetry         :       0.00       0.00      1          0          0          0          0          0          0          0          0          0
  vbounds          :       0.00       0.00      1          0          0          0          0          0          0          0          0          0
  chancecons       :       0.01       0.00      1          0          0          0          0          0          0          0          0          0
  varbound         :       0.01       0.00      2          0          0          0          0          0          0          0          0          0
  linear           :       0.03       0.00      7          0          4          0         30          0        130          0          0          0
  logicor          :       0.00       0.00      0          0          0          0          0          0          0          0          0          0
  bounddisjunction :       0.00       0.00      0          0          0          0          0          0          0          0          0          0
  benders          :       0.00       0.00      0          0          0          0          0          0          0          0          0          0
  components       :       0.00       0.00      1          0          0          0          0          0          0          0          0          0
  root node        :          -          -      -        232          -          -       1419          -          -          -          -          -
Constraints        :     Number  MaxNumber  #Separate #Propagate    #EnfoLP    #EnfoRelax  #EnfoPS    #Check   #ResProp    Cutoffs    DomReds       Cuts    Applied      Conss   Children
  benderslp        :          0          0          0          0        193          0          0         44          0          0          0          0          0          0          0
  chancecons       :          1          1         74       9722          0          0          0          0          0         32      63304        629        564          0          0
  integral         :          0          0          0          0        193          0          0         44          0          0       1749          0          0         12        220
  varbound         :       8834       8834         46       9829          6          0          0         39         41          4       2094          0          0          0          0
  linear           :         85+        94         46       9863          8          0          0          8          4         48      15880          0          0          0          0
  logicor          :          0+         1         46        151          0          0          0          0          0          0          0          0          0          0          0
  bounddisjunction :          0+         5          0        534          0          0          0          0          0          0          0          0          0          0          0
  benders          :          0          0          0          0          8          0          0          4          0          0          0          0          0          0          0
  fixedvar         :          0          0          0          0          8          0          0          4          0          0          0          0          0          0          0
  countsols        :          0          0          0          0          8          0          0          4          0          0          0          0          0          0          0
  components       :          0          0          0          0          0          0          0          0          0          0          0          0          0          0          0
Constraint Timings :  TotalTime  SetupTime   Separate  Propagate     EnfoLP     EnfoPS     EnfoRelax   Check    ResProp    SB-Prop
  benderslp        :       0.00       0.00       0.00       0.00       0.00       0.00       0.00       0.00       0.00       0.00
  chancecons       :   87061.31       0.00       0.03   87059.95       0.00       0.00       0.00       0.00       0.00       1.33
  integral         :      58.46       0.00       0.00       0.00      58.46       0.00       0.00       0.00       0.00       0.00
  varbound         :       1.06       0.00       0.06       0.87       0.00       0.00       0.00       0.00       0.00       0.13
  linear           :       0.23       0.00       0.03       0.14       0.00       0.00       0.00       0.00       0.00       0.06
  logicor          :       0.00       0.00       0.00       0.00       0.00       0.00       0.00       0.00       0.00       0.00
  bounddisjunction :       0.00       0.00       0.00       0.00       0.00       0.00       0.00       0.00       0.00       0.00
  benders          :       0.00       0.00       0.00       0.00       0.00       0.00       0.00       0.00       0.00       0.00
  fixedvar         :       0.00       0.00       0.00       0.00       0.00       0.00       0.00       0.00       0.00       0.00
  countsols        :       0.00       0.00       0.00       0.00       0.00       0.00       0.00       0.00       0.00       0.00
  components       :       0.00       0.00       0.00       0.00       0.00       0.00       0.00       0.00       0.00       0.00
Propagators        : #Propagate   #ResProp    Cutoffs    DomReds
  dualfix          :         15          0          0          0
  genvbounds       :          0          0          0          0
  nlobbt           :          0          0          0          0
  obbt             :          0          0          0          0
  probing          :          0          0          0          0
  pseudoobj        :       1490          0          0        115
  redcost          :        671          0          0       6037
  rootredcost      :         10          0          0        312
  symmetry         :          0          0          0          0
  vbounds          :       4604          0          0          0
Propagator Timings :  TotalTime  SetupTime   Presolve  Propagate    ResProp    SB-Prop
  dualfix          :       0.00       0.00       0.00       0.00       0.00       0.00
  genvbounds       :       0.00       0.00       0.00       0.00       0.00       0.00
  nlobbt           :       0.00       0.00       0.00       0.00       0.00       0.00
  obbt             :       0.00       0.00       0.00       0.00       0.00       0.00
  probing          :       4.02       0.00       4.02       0.00       0.00       0.00
  pseudoobj        :       0.01       0.00       0.00       0.01       0.00       0.00
  redcost          :       0.06       0.00       0.00       0.06       0.00       0.00
  rootredcost      :       0.00       0.00       0.00       0.00       0.00       0.00
  symmetry         :       0.00       0.00       0.00       0.00       0.00       0.00
  vbounds          :       0.07       0.00       0.00       0.06       0.00       0.02
Symmetry           :
  orbitopal red.   :          0 reductions applied,          0 cutoffs
  orbital reduction:          0 reductions applied,          0 cutoffs
  lexicographic red:          0 reductions applied,          0 cutoffs
  shadow tree time :       0.00 s
Conflict Analysis  :       Time      Calls    Success    DomReds  Conflicts   Literals    Reconvs ReconvLits   Dualrays   Nonzeros   LP Iters   (pool size: [10000,10000])
  propagation      :       0.00          4          0          -          0        0.0          0        0.0          -          -          -
  infeasible LP    :       0.00          0          0          -          0        0.0          0        0.0          0        0.0          0
  bound exceed. LP :       0.28         94        144          -         15      109.7          0        0.0        126        5.0        700
  strong branching :       0.00          0          0          -          0        0.0          0        0.0          -          -          0
  pseudo solution  :       0.00          0          0          -          0        0.0          0        0.0          -          -          -
  applied globally :       0.00          -          -        117          7      194.9          -          -        126          -          -
  applied locally  :          -          -          -          0          0        0.0          -          -          0          -          -
Separators         :   ExecTime  SetupTime      Calls  RootCalls    Cutoffs    DomReds  FoundCuts ViaPoolAdd  DirectAdd    Applied ViaPoolApp  DirectApp      Conss
  cut pool         :       0.14          -        170         92          -          -      27014      72310          -          -          -          -          -    (maximal pool size:      26848)
  aggregation      :       1.24       0.00         73         46          0          0      22494      49237          0       2049       2049          0          0
  > cmir           :          -          -          -          -          -          -          -      49237          0       2049       2049          0          -
  > flowcover      :          -          -          -          -          -          -          -          0          0          0          0          0          -
  > knapsackcover  :          -          -          -          -          -          -          -          0          0          0          0          0          -
  cgmip            :       0.00       0.00          0          0          0          0          0          0          0          0          0          0          0
  clique           :       2.35       0.00         46         46          0          0          4         10          0          0          0          0          0
  closecuts        :       0.00       0.00          0          0          0          0          0          0          0          0          0          0          0
  convexproj       :       0.00       0.00          0          0          0          0          0          0          0          0          0          0          0
  disjunctive      :       0.00       0.00          0          0          0          0          0          0          0          0          0          0          0
  eccuts           :       0.00       0.00          0          0          0          0          0          0          0          0          0          0          0
  gauge            :       0.00       0.00          0          0          0          0          0          0          0          0          0          0          0
  gomory           :       0.73       0.00         35         10          0          0       2564      15650          0        577        577          0          0
  > gomorymi       :          -          -          -          -          -          -          -      15650          0        577        577          0          -
  > strongcg       :          -          -          -          -          -          -          -          0          0          0          0          0          -
  impliedbounds    :       0.07       0.00         73         46          0          1       1952       7413          0       1317       1317          0          0
  interminor       :       0.00       0.00          0          0          0          0          0          0          0          0          0          0          0
  intobj           :       0.00       0.00          0          0          0          0          0          0          0          0          0          0          0
  lagromory        :       0.00       0.00          0          0          0          0          0          0          0          0          0          0          0
  mcf              :       0.00       0.00          1          1          0          0          0          0          0          0          0          0          0
  minor            :       0.00       0.00         10         10          0          0          0          0          0          0          0          0          0
  mixing           :       0.00       0.00          0          0          0          0          0          0          0          0          0          0          0
  oddcycle         :       0.00       0.00          0          0          0          0          0          0          0          0          0          0          0
  rapidlearning    :       0.00       0.00          0          0          0          0          0          0          0          0          0          0          0
  rlt              :       0.00       0.00         10         10          0          0          0          0          0          0          0          0          0
  zerohalf         :       0.05       0.00         45         20          0          0          0          0          0          0          0          0          0
Cutselectors       :   ExecTime  SetupTime      Calls  RootCalls   Selected     Forced   Filtered  RootSelec   RootForc   RootFilt 
  hybrid           :       0.10       0.00         97         47       4507          0      68432       2840          0      53316
  ensemble         :       0.00       0.00          0          0          0          0          0          0          0          0
  dynamic          :       0.00       0.00          0          0          0          0          0          0          0          0
Pricers            :   ExecTime  SetupTime      Calls       Vars
  problem variables:       0.00          -          0          0
Branching Rules    :   ExecTime  SetupTime   BranchLP  BranchExt   BranchPS    Cutoffs    DomReds       Cuts      Conss   Children
  allfullstrong    :       0.00       0.00          0          0          0          0          0          0          0          0
  cloud            :       0.00       0.00          0          0          0          0          0          0          0          0
  distribution     :       0.00       0.00          0          0          0          0          0          0          0          0
  fullstrong       :       0.00       0.00          0          0          0          0          0          0          0          0
  gomory           :       0.00       0.00          0          0          0          0          0          0          0          0
  inference        :       0.00       0.00          0          0          0          0          0          0          0          0
  leastinf         :       0.00       0.00          0          0          0          0          0          0          0          0
  lookahead        :       0.00       0.00          0          0          0          0          0          0          0          0
  mostinf          :       0.00       0.00          0          0          0          0          0          0          0          0
  multaggr         :       0.00       0.00          0          0          0          0          0          0          0          0
  nodereopt        :       0.00       0.00          0          0          0          0          0          0          0          0
  pscost           :       0.00       0.00          0          0          0          0          0          0          0          0
  random           :       0.00       0.00          0          0          0          0          0          0          0          0
  relpscost        :      58.46       0.00        185          0          0          0       1749          0         12        220
  vanillafullstrong:       0.00       0.00          0          0          0          0          0          0          0          0
Primal Heuristics  :   ExecTime  SetupTime      Calls      Found       Best
  LP solutions     :       0.00          -          -          8          8
  relax solutions  :       0.00          -          -          0          0
  pseudo solutions :       0.00          -          -          0          0
  strong branching :       0.00          -          -          1          1
  actconsdiving    :       0.00       0.00          0          0          0
  adaptivediving   :       0.00       0.00          0          0          0
  alns             :       0.15       0.00          1          0          0
  bound            :       0.00       0.00          0          0          0
  clique           :       0.05       0.00          1          0          0
  coefdiving       :       0.00       0.00          0          0          0
  completesol      :       0.00       0.00          0          0          0
  conflictdiving   :       0.75       0.00          1          0          0
  crossover        :       0.00       0.00          0          0          0
  dins             :       0.00       0.00          0          0          0
  distributiondivin:       0.02       0.00          0          0          0
  dps              :       0.00       0.00          0          0          0
  dualval          :       0.00       0.00          0          0          0
  farkasdiving     :       0.00       0.00          0          0          0
  feaspump         :       0.99       0.00          1          1          1
  fixandinfer      :       0.00       0.00          0          0          0
  fracdiving       :       0.00       0.00          0          0          0
  gins             :       0.00       0.00          0          0          0
  guideddiving     :       0.00       0.00          0          0          0
  indicator        :       0.00       0.00          0          0          0
  indicatordiving  :       0.00       0.00          0          0          0
  intdiving        :       0.00       0.00          0          0          0
  intshifting      :       0.24       0.00          1          0          0
  linesearchdiving :       0.00       0.00          0          0          0
  localbranching   :       0.00       0.00          0          0          0
  locks            :       0.23       0.00          1          0          0
  lpface           :       0.00       0.00          0          0          0
  mpec             :       0.00       0.00          0          0          0
  multistart       :       0.00       0.00          0          0          0
  mutation         :       0.00       0.00          0          0          0
  nlpdiving        :       0.00       0.00          0          0          0
  objpscostdiving  :       0.00       0.00          0          0          0
  octane           :       0.00       0.00          0          0          0
  ofins            :       0.00       0.00          0          0          0
  oneopt           :       0.01       0.00         11          0          0
  padm             :       0.00       0.00          0          0          0
  proximity        :       0.00       0.00          0          0          0
  pscostdiving     :       0.00       0.00          0          0          0
  randrounding     :       1.55       0.00         49          0          0
  rens             :       0.18       0.00          1          0          0
  reoptsols        :       0.00       0.00          0          0          0
  repair           :       0.00       0.00          0          0          0
  rins             :       0.00       0.00          0          0          0
  rootsoldiving    :       0.00       0.00          0          0          0
  rounding         :       0.08       0.00        203          0          0
  scheduler        :       0.00       0.00          0          0          0
  shiftandpropagate:       0.00       0.00          0          0          0
  shifting         :       2.56       0.00        105          0          0
  simplerounding   :       0.00       0.00          0          0          0
  subnlp           :       0.00       0.00          0          0          0
  trivial          :       0.00       0.00          2          0          0
  trivialnegation  :       0.00       0.00          0          0          0
  trustregion      :       0.00       0.00          0          0          0
  trysol           :       0.00       0.00          0          0          0
  twoopt           :       0.00       0.00          0          0          0
  undercover       :       0.00       0.00          0          0          0
  vbounds          :       0.46       0.00          1          1          1
  veclendiving     :       0.00       0.00          0          0          0
  zeroobj          :       0.00       0.00          0          0          0
  zirounding       :       0.04       0.00        110          0          0
  other solutions  :          -          -          -          0          -
LNS (Scheduler)    :      Calls  SetupTime  SolveTime SolveNodes       Sols       Best       Exp3    Exp3-IX  EpsGreedy        UCB TgtFixRate  Opt  Inf Node Stal  Sol  Usr Othr Actv
  rens             :          0       0.00       0.00          0          0          0    0.00000    0.12500   -1.00000    1.00000      0.900    0    0    0    0    0    0    0    1
  rins             :          0       0.00       0.00          0          0          0    0.00000    0.12500   -1.00000    1.00000      0.900    0    0    0    0    0    0    0    1
  mutation         :          0       0.00       0.00          0          0          0    0.00000    0.12500   -1.00000    1.00000      0.900    0    0    0    0    0    0    0    1
  localbranching   :          0       0.00       0.00          0          0          0    0.00000    0.12500   -1.00000    1.00000      0.900    0    0    0    0    0    0    0    1
  crossover        :          0       0.00       0.00          0          0          0    0.00000    0.12500   -1.00000    1.00000      0.900    0    0    0    0    0    0    0    1
  proximity        :          0       0.00       0.00          0          0          0    0.00000    0.12500   -1.00000    1.00000      0.900    0    0    0    0    0    0    0    1
  zeroobjective    :          0       0.00       0.00          0          0          0    0.00000    0.12500   -1.00000    1.00000      0.900    0    0    0    0    0    0    0    1
  dins             :          0       0.00       0.00          0          0          0    0.00000    0.12500   -1.00000    1.00000      0.900    0    0    0    0    0    0    0    1
  trustregion      :          0       0.00       0.00          0          0          0    0.00000    0.00000   -1.00000    1.00000      0.900    0    0    0    0    0    0    0    0
LP                 :       Time      Calls Iterations  Iter/call   Iter/sec  Time-0-It Calls-0-It    ItLimit
  primal LP        :       0.04         31          0       0.00       0.00       0.04         31
  dual LP          :      28.91        504      95269     248.74    3294.90       0.16        121
  lex dual LP      :       0.00          0          0       0.00          -
  barrier LP       :       0.00          0          0       0.00          -       0.00          0
  resolve instable :       0.00          0          0       0.00          -
  diving/probing LP:       2.11         48       6848     142.67    3249.32
  strong branching :      55.47        420     176714     420.75    3186.03          -          -        202
    (at root node) :          -         35      28636     818.17          -
  conflict analysis:       0.18         73        700       9.59    3865.25
B&B Tree           :
  number of runs   :          1
  nodes            :        219 (110 internal, 109 leaves)
  feasible leaves  :          8
  infeas. leaves   :         29
  objective leaves :         71
  nodes (total)    :        219 (110 internal, 109 leaves)
  nodes left       :          2
  max depth        :         19
  max depth (total):         19
  backtracks       :         48 (21.9%)
  early backtracks :          0 (0.0%)
  nodes exc. ref.  :          0 (0.0%)
  delayed cutoffs  :          1
  repropagations   :         85 (812 domain reductions, 0 cutoffs)
  avg switch length:       3.84
  switching time   :       0.22
Root Node          :
  First LP value   : +2.14030417584345e+05
  First LP Iters   :       1865 (6267.71 Iter/sec)
  First LP Time    :       0.30
  Final Dual Bound : +2.16653441186001e+05
  Final Root Iters :      23706
  Root LP Estimate : +2.19382866959430e+05
Solution           :
  Solutions found  :         11 (11 improvements)
  First Solution   : +2.20999749000000e+05   (in run 1, after 1 nodes, 4.82 seconds, depth 322, found by <vbounds>)
  Gap First Sol.   :   infinite
  Gap Last Sol.    :       0.11 %
  Primal Bound     : +2.17233473000000e+05   (in run 1, after 154 nodes, 43332.37 seconds, depth 10, found by <relaxation>)
  Dual Bound       : +2.17094376375244e+05
  Gap              :       0.06 %
Integrals          :      Total       Avg%
  primal-dual      :   14506.22       0.17
  primal-ref       :          -          - (not evaluated)
  dual-ref         :          -          - (not evaluated)

 Branching Statistics...

 Total number of propagations -> 9722

 Number of cutoffs of KnaCons -> 0

 Total number of variables fixed to 1 by the propagator -> 3256

 Total number of variables fixed to 0 by the propagator -> 43440

 Maximum number of rounds of the approximation algorithm -> 6

 Runtime of the exact algorithm -> 86847.5700 s

 Total number of variables fixed to 1 in the exact algorithm -> 115

 Total number of variables fixed to 0 in the exact algorithm -> 12963

 Number of cutoffs in the exact algorithm -> 0

 Number of cutoffs in the approximation algorithm -> 6

 PS:  
