***************************************
*         SCIP-based CCP Solver       *
*                                     *
*    Wei Lv and Wei-Kun Chen (2024)   *
***************************************
/share/home/wangzhaowei/lvwei/scipoptsuite-9.1.0/build/bin/examples/ccp -f CCRPData/20-30-3000-0.ccrp -s CCRPSetting/DB-EOPF1.set 
SCIP version 9.1.0 [precision: 8 byte] [memory: block] [mode: optimized] [LP solver: Soplex 7.1.0] [GitHash: 8cab0278ba]
Copyright (c) 2002-2024 Zuse Institute Berlin (ZIB)

External libraries: 
  Soplex 7.1.0         Linear Programming Solver developed at Zuse Institute Berlin (soplex.zib.de) [GitHash: 595bfac9]
  CppAD 20180000.0     Algorithmic Differentiation of C++ algorithms developed by B. Bell (github.com/coin-or/CppAD)
  ZLIB 1.2.7           General purpose compression library by J. Gailly and M. Adler (zlib.net)
  GMP 6.0.0            GNU Multiple Precision Arithmetic Library developed by T. Granlund (gmplib.org)
  AMPL/MP 690e9e7      AMPL .nl file reader library (github.com/ampl/mp)
  PaPILO 2.3.0         parallel presolve for integer and linear optimization (github.com/scipopt/papilo) (built with TBB) [GitHash: 4b8ce6ed]
  Nauty 2.8.8          Computing Graph Automorphism Groups by Brendan D. McKay (users.cecs.anu.edu.au/~bdm/nauty)
  sassy 1.1            Symmetry preprocessor by Markus Anders (github.com/markusa4/sassy)

reading user parameter file <CCRPSetting/DB-EOPF1.set>

read problem <CCRPData/20-30-3000-0.ccrp>
============

File name: 	CCRPData/20-30-3000-0.ccrp
Problem name:	20-30-3000-0
NumResource: 	20
Dimension: 	30
NumScenario: 	3000
ConfidenceParameter: 	0.10
IsEqualProbability: 	1
BnC+MIX+DI: 	0
BnC+MIX+sDI: 	0
DB: 	0
DB+OPF: 	1
Dominance and Aggregation Statistics......
NumEdge:        4157987
NumBiEdge: 	910575
NumDomIneqs: 	3247412
DominanceRatio: 0.7219
NumAggScenario: 1651 
BasicNumScenario: 1650 
Propagator Statistics......
NumBasicDomIneqs: 109337
NumNonReDomIneqs: 20984
Duration: 0.1100 s 

original problem has 2301 variables (1651 bin, 0 int, 0 impl, 650 cont) and 9052 constraints

solve problem
=============

presolving:
(round 1, fast)       282 del vars, 0 del conss, 0 add conss, 30 chg bounds, 0 chg sides, 0 chg coeffs, 0 upgd conss, 0 impls, 20620 clqs
   (0.1s) running MILP presolver
   (0.1s) MILP presolver (3 rounds): 50 aggregations, 289 fixings, 0 bound changes
(round 2, medium)     621 del vars, 0 del conss, 0 add conss, 30 chg bounds, 0 chg sides, 0 chg coeffs, 0 upgd conss, 0 impls, 20620 clqs
(round 3, fast)       621 del vars, 50 del conss, 0 add conss, 30 chg bounds, 0 chg sides, 0 chg coeffs, 0 upgd conss, 0 impls, 20620 clqs
(round 4, fast)       621 del vars, 50 del conss, 0 add conss, 60 chg bounds, 0 chg sides, 0 chg coeffs, 0 upgd conss, 0 impls, 20620 clqs
(round 5, exhaustive) 621 del vars, 50 del conss, 0 add conss, 60 chg bounds, 0 chg sides, 0 chg coeffs, 9000 upgd conss, 0 impls, 20620 clqs
   (3.6s) probing: 1000/1650 (60.6%) - 0 fixings, 0 aggregations, 190223 implications, 0 bound changes
   (3.6s) probing: 1001/1650 (60.7%) - 0 fixings, 0 aggregations, 190765 implications, 0 bound changes
   (3.6s) probing aborted: 1000/1000 successive useless probings
   (3.6s) symmetry computation started: requiring (bin +, int +, cont +), (fixed: bin -, int -, cont -)
   Symmetry detection interrupted: constraints of type chancecons do not provide symmetry information.
   If symmetries shall be detected, implement the CONSGETPERMSYMGRAPH callback.
   (3.6s) could not compute symmetry
presolving (6 rounds: 6 fast, 3 medium, 2 exhaustive):
 621 deleted vars, 50 deleted constraints, 0 added constraints, 60 tightened bounds, 0 added holes, 0 changed sides, 0 changed coefficients
 15663 implications, 20620 cliques
presolved problem has 1680 variables (1650 bin, 0 int, 0 impl, 30 cont) and 9002 constraints
      1 constraints of type <chancecons>
   9000 constraints of type <varbound>
      1 constraints of type <knapsack>
Presolving Time: 3.59

 time | node  | left  |LP iter|LP it/n|mem/heur|mdpt |vars |cons |rows |cuts |sepa|confs|strbr|  dualbound   | primalbound  |  gap   | compl. 
p 3.7s|     1 |     0 |     0 |     - |  clique|   0 |1680 |9002 |9001 |   0 |  0 |   0 |   0 | 1.807428e+03 | 2.110129e+03 |  16.75%| unknown
p 4.8s|     1 |     0 |     0 |     - | vbounds|   0 |1680 |9003 |9001 |   0 |  0 |   1 |   0 | 1.807428e+03 | 2.110127e+03 |  16.75%| unknown
  5.1s|     1 |     0 |  2043 |     - |   205M |   0 |1680 |9005 |9001 |   0 |  0 |   5 |   0 | 1.931084e+03 | 2.110127e+03 |   9.27%| unknown
  5.4s|     1 |     0 |  2438 |     - |   207M |   0 |1680 |9005 |9039 |  38 |  1 |   5 |   0 | 1.946717e+03 | 2.110127e+03 |   8.39%| unknown
  5.6s|     1 |     0 |  2802 |     - |   209M |   0 |1680 |9005 |9108 | 107 |  2 |   5 |   0 | 1.958345e+03 | 2.110127e+03 |   7.75%| unknown
  5.7s|     1 |     0 |  3145 |     - |   210M |   0 |1680 |9005 |9187 | 186 |  3 |   5 |   0 | 1.967849e+03 | 2.110127e+03 |   7.23%| unknown
  5.9s|     1 |     0 |  3570 |     - |   212M |   0 |1680 |9005 |9272 | 271 |  4 |   5 |   0 | 1.976398e+03 | 2.110127e+03 |   6.77%| unknown
  6.2s|     1 |     0 |  3965 |     - |   214M |   0 |1680 |9005 |9360 | 359 |  5 |   5 |   0 | 1.984073e+03 | 2.110127e+03 |   6.35%| unknown
  6.4s|     1 |     0 |  4294 |     - |   216M |   0 |1680 |9005 |9444 | 443 |  6 |   5 |   0 | 1.988056e+03 | 2.110127e+03 |   6.14%| unknown
  6.6s|     1 |     0 |  4695 |     - |   217M |   0 |1680 |9005 |9523 | 522 |  7 |   5 |   0 | 1.992185e+03 | 2.110127e+03 |   5.92%| unknown
  6.9s|     1 |     0 |  5144 |     - |   220M |   0 |1680 |9005 |9607 | 606 |  8 |   5 |   0 | 1.995945e+03 | 2.110127e+03 |   5.72%| unknown
  7.1s|     1 |     0 |  5531 |     - |   222M |   0 |1680 |9005 |9686 | 685 |  9 |   5 |   0 | 1.998193e+03 | 2.110127e+03 |   5.60%| unknown
  7.4s|     1 |     0 |  5920 |     - |   223M |   0 |1680 |9005 |9762 | 761 | 10 |   5 |   0 | 2.000477e+03 | 2.110127e+03 |   5.48%| unknown
  7.6s|     1 |     0 |  6207 |     - |   224M |   0 |1680 |9005 |9829 | 828 | 11 |   5 |   0 | 2.001679e+03 | 2.110127e+03 |   5.42%| unknown
  7.8s|     1 |     0 |  6677 |     - |   226M |   0 |1680 |9005 |9885 | 884 | 12 |   5 |   0 | 2.003903e+03 | 2.110127e+03 |   5.30%| unknown
 time | node  | left  |LP iter|LP it/n|mem/heur|mdpt |vars |cons |rows |cuts |sepa|confs|strbr|  dualbound   | primalbound  |  gap   | compl. 
  8.0s|     1 |     0 |  7032 |     - |   227M |   0 |1680 |9005 |9969 | 968 | 13 |   5 |   0 | 2.005257e+03 | 2.110127e+03 |   5.23%| unknown
  8.3s|     1 |     0 |  7480 |     - |   229M |   0 |1680 |9005 |  10k|1023 | 14 |   5 |   0 | 2.006590e+03 | 2.110127e+03 |   5.16%| unknown
  8.7s|     1 |     0 |  8170 |     - |   231M |   0 |1680 |9005 |  10k|1094 | 15 |   5 |   0 | 2.008035e+03 | 2.110127e+03 |   5.08%| unknown
  8.9s|     1 |     0 |  8754 |     - |   232M |   0 |1680 |9005 |  10k|1156 | 16 |   5 |   0 | 2.009252e+03 | 2.110127e+03 |   5.02%| unknown
  9.2s|     1 |     0 |  9300 |     - |   233M |   0 |1680 |9005 |  10k|1213 | 17 |   5 |   0 | 2.010131e+03 | 2.110127e+03 |   4.97%| unknown
  9.6s|     1 |     0 |  9921 |     - |   234M |   0 |1680 |9005 |  10k|1282 | 18 |   5 |   0 | 2.011378e+03 | 2.110127e+03 |   4.91%| unknown
 10.0s|     1 |     0 | 10728 |     - |   235M |   0 |1680 |9005 |  10k|1352 | 19 |   5 |   0 | 2.012448e+03 | 2.110127e+03 |   4.85%| unknown
 10.3s|     1 |     0 | 11249 |     - |   237M |   0 |1680 |9005 |  10k|1416 | 20 |   5 |   0 | 2.012875e+03 | 2.110127e+03 |   4.83%| unknown
 10.7s|     1 |     0 | 11996 |     - |   239M |   0 |1680 |9005 |  10k|1468 | 21 |   5 |   0 | 2.013689e+03 | 2.110127e+03 |   4.79%| unknown
 11.1s|     1 |     0 | 12823 |     - |   240M |   0 |1680 |9005 |  10k|1528 | 22 |   5 |   0 | 2.014498e+03 | 2.110127e+03 |   4.75%| unknown
 11.5s|     1 |     0 | 13754 |     - |   240M |   0 |1680 |9005 |  10k|1589 | 23 |   5 |   0 | 2.015218e+03 | 2.110127e+03 |   4.71%| unknown
 11.9s|     1 |     0 | 14592 |     - |   241M |   0 |1680 |9005 |  10k|1659 | 24 |   5 |   0 | 2.015836e+03 | 2.110127e+03 |   4.68%| unknown
 12.4s|     1 |     0 | 15472 |     - |   241M |   0 |1680 |9005 |  10k|1726 | 25 |   5 |   0 | 2.016378e+03 | 2.110127e+03 |   4.65%| unknown
 12.9s|     1 |     0 | 16452 |     - |   241M |   0 |1680 |9005 |  10k|1803 | 26 |   5 |   0 | 2.017010e+03 | 2.110127e+03 |   4.62%| unknown
 13.5s|     1 |     0 | 17566 |     - |   242M |   0 |1680 |9005 |  10k|1869 | 27 |   5 |   0 | 2.017544e+03 | 2.110127e+03 |   4.59%| unknown
 time | node  | left  |LP iter|LP it/n|mem/heur|mdpt |vars |cons |rows |cuts |sepa|confs|strbr|  dualbound   | primalbound  |  gap   | compl. 
 14.1s|     1 |     0 | 18685 |     - |   244M |   0 |1680 |9005 |  10k|1937 | 28 |   5 |   0 | 2.018114e+03 | 2.110127e+03 |   4.56%| unknown
 14.7s|     1 |     0 | 19820 |     - |   244M |   0 |1680 |9005 |  10k|2010 | 29 |   5 |   0 | 2.018606e+03 | 2.110127e+03 |   4.53%| unknown
 15.4s|     1 |     0 | 20989 |     - |   245M |   0 |1680 |9005 |  10k|2075 | 30 |   5 |   0 | 2.019001e+03 | 2.110127e+03 |   4.51%| unknown
 16.1s|     1 |     0 | 22498 |     - |   245M |   0 |1680 |9005 |  10k|2137 | 31 |   5 |   0 | 2.019418e+03 | 2.110127e+03 |   4.49%| unknown
 16.8s|     1 |     0 | 23599 |     - |   245M |   0 |1680 |9005 |  10k|2214 | 32 |   5 |   0 | 2.019785e+03 | 2.110127e+03 |   4.47%| unknown
 17.6s|     1 |     0 | 24821 |     - |   245M |   0 |1680 |9005 |  10k|2283 | 33 |   5 |   0 | 2.020219e+03 | 2.110127e+03 |   4.45%| unknown
 18.3s|     1 |     0 | 25903 |     - |   247M |   0 |1680 |9005 |  10k|2350 | 34 |   5 |   0 | 2.020421e+03 | 2.110127e+03 |   4.44%| unknown
 18.9s|     1 |     0 | 27021 |     - |   248M |   0 |1680 |9005 |  10k|2416 | 35 |   5 |   0 | 2.020625e+03 | 2.110127e+03 |   4.43%| unknown
 19.8s|     1 |     0 | 28408 |     - |   248M |   0 |1680 |9005 |  10k|2485 | 36 |   5 |   0 | 2.020923e+03 | 2.110127e+03 |   4.41%| unknown
 20.8s|     1 |     0 | 29963 |     - |   249M |   0 |1680 |9005 |  10k|2557 | 37 |   5 |   0 | 2.021210e+03 | 2.110127e+03 |   4.40%| unknown
 21.4s|     1 |     0 | 31248 |     - |   249M |   0 |1680 |9005 |  10k|2616 | 38 |   5 |   0 | 2.021385e+03 | 2.110127e+03 |   4.39%| unknown
 22.5s|     1 |     0 | 32779 |     - |   250M |   0 |1680 |9005 |  10k|2676 | 39 |   5 |   0 | 2.021572e+03 | 2.110127e+03 |   4.38%| unknown
 23.5s|     1 |     0 | 33976 |     - |   251M |   0 |1680 |9005 |  10k|2742 | 40 |   5 |   0 | 2.021757e+03 | 2.110127e+03 |   4.37%| unknown
 24.5s|     1 |     0 | 35131 |     - |   251M |   0 |1680 |9005 |  10k|2813 | 41 |   5 |   0 | 2.021902e+03 | 2.110127e+03 |   4.36%| unknown
 25.5s|     1 |     0 | 36650 |     - |   251M |   0 |1680 |9005 |  10k|2876 | 42 |   5 |   0 | 2.022047e+03 | 2.110127e+03 |   4.36%| unknown
 time | node  | left  |LP iter|LP it/n|mem/heur|mdpt |vars |cons |rows |cuts |sepa|confs|strbr|  dualbound   | primalbound  |  gap   | compl. 
 26.5s|     1 |     0 | 38258 |     - |   253M |   0 |1680 |9005 |  10k|2935 | 43 |   5 |   0 | 2.022196e+03 | 2.110127e+03 |   4.35%| unknown
 27.3s|     1 |     0 | 39560 |     - |   254M |   0 |1680 |9005 |  10k|2995 | 44 |   5 |   0 | 2.022297e+03 | 2.110127e+03 |   4.34%| unknown
 28.1s|     1 |     0 | 41183 |     - |   254M |   0 |1680 |9005 |  10k|3050 | 45 |   5 |   0 | 2.022421e+03 | 2.110127e+03 |   4.34%| unknown
 29.0s|     1 |     0 | 42360 |     - |   255M |   0 |1680 |9004 |  10k|3109 | 46 |   5 |   0 | 2.022488e+03 | 2.110127e+03 |   4.33%| unknown
 30.1s|     1 |     0 | 43897 |     - |   255M |   0 |1680 |9004 |  10k|3170 | 47 |   5 |   0 | 2.022595e+03 | 2.110127e+03 |   4.33%| unknown
r30.5s|     1 |     0 | 44635 |     - |intshift|   0 |1680 |9004 |  10k|3170 | 47 |   5 |   0 | 2.022595e+03 | 2.083483e+03 |   3.01%| unknown
o34.3s|     1 |     0 | 56179 |     - |feaspump|   0 |1680 |9004 |  10k|3170 | 47 |   5 |   0 | 2.022595e+03 | 2.035399e+03 |   0.63%| unknown
 39.5s|     1 |     0 | 62665 |     - |   256M |   0 |1680 |9007 |  10k|3170 | 47 |   8 |   0 | 2.022595e+03 | 2.035399e+03 |   0.63%| unknown
 39.5s|     1 |     0 | 62665 |     - |   257M |   0 |1680 |9007 |  10k|3170 | 47 |   8 |   0 | 2.022595e+03 | 2.035399e+03 |   0.63%| unknown
 40.6s|     1 |     0 | 64228 |     - |   257M |   0 |1680 |9007 |  10k|3232 | 48 |   8 |   0 | 2.022715e+03 | 2.035399e+03 |   0.63%| unknown
 41.1s|     1 |     0 | 65343 |     - |   257M |   0 |1680 |9007 |  10k|3285 | 49 |   8 |   0 | 2.022787e+03 | 2.035399e+03 |   0.62%| unknown
  123s|     1 |     2 | 65343 |     - |   258M |   0 |1680 |8947 |  10k|3285 | 49 |   8 |  35 | 2.022865e+03 | 2.035399e+03 |   0.62%| unknown
d 969m|    47 |    21 |115393 |1496.1 |pscostdi|  21 |1680 |8947 |9754 |   0 |  1 |  10 | 322 | 2.022881e+03 | 2.033675e+03 |   0.53%|   0.37%
d1039m|    56 |    29 |125142 |1428.6 |fracdivi|  21 |1680 |8947 |9754 |   0 |  1 |  10 | 322 | 2.022881e+03 | 2.030425e+03 |   0.37%|   0.37%

SCIP Status        : solving was interrupted [time limit reached]
Solving Time (sec) : 88067.56
Solving Nodes      : 83
Primal Bound       : +2.03042498706372e+03 (12 solutions)
Dual Bound         : +2.02288097446639e+03
Gap                : 0.37 %

primal solution (original space):
=================================

objective value:                     2030.42498706372
z#2                                                 1 	(obj:0)
z#7                                                 1 	(obj:0)
z#11                                0.999999999999997 	(obj:0)
z#12                                                1 	(obj:0)
z#14                                                1 	(obj:0)
z#18                                                1 	(obj:0)
z#30                                                1 	(obj:0)
z#35                                                1 	(obj:0)
z#36                                                1 	(obj:0)
z#37                                                1 	(obj:0)
z#46                                                1 	(obj:0)
z#48                                                1 	(obj:0)
z#49                                0.999999999999999 	(obj:0)
z#52                                                1 	(obj:0)
z#65                                                1 	(obj:0)
z#67                                                1 	(obj:0)
z#70                                                1 	(obj:0)
z#72                                                1 	(obj:0)
z#86                                                1 	(obj:0)
z#90                                                1 	(obj:0)
z#98                                                1 	(obj:0)
z#101                                               1 	(obj:0)
z#113                                               1 	(obj:0)
z#117                                               1 	(obj:0)
z#125                                               1 	(obj:0)
z#130                                               1 	(obj:0)
z#138                                               1 	(obj:0)
z#140                                               1 	(obj:0)
z#142                                               1 	(obj:0)
z#145                                               1 	(obj:0)
z#147                                               1 	(obj:0)
z#149                                               1 	(obj:0)
z#151                               0.999999999999991 	(obj:0)
z#161                                               1 	(obj:0)
z#168                                               1 	(obj:0)
z#177                                               1 	(obj:0)
z#179                                               1 	(obj:0)
z#183                                               1 	(obj:0)
z#192                                               1 	(obj:0)
z#198                                               1 	(obj:0)
z#202                                               1 	(obj:0)
z#204                                               1 	(obj:0)
z#205                                               1 	(obj:0)
z#207                                               1 	(obj:0)
z#210                                               1 	(obj:0)
z#220                                               1 	(obj:0)
z#223                                               1 	(obj:0)
z#235                                               1 	(obj:0)
z#238                                               1 	(obj:0)
z#240                                               1 	(obj:0)
z#244                                               1 	(obj:0)
z#245                                               1 	(obj:0)
z#249                                               1 	(obj:0)
z#257                                               1 	(obj:0)
z#262                                               1 	(obj:0)
z#290                                               1 	(obj:0)
z#300                                               1 	(obj:0)
z#304                                               1 	(obj:0)
z#312                               0.999999999999998 	(obj:0)
z#326                                               1 	(obj:0)
z#341                                               1 	(obj:0)
z#343                                               1 	(obj:0)
z#344                                               1 	(obj:0)
z#350                                               1 	(obj:0)
z#354                                               1 	(obj:0)
z#363                                               1 	(obj:0)
z#365                                               1 	(obj:0)
z#368                                               1 	(obj:0)
z#375                                               1 	(obj:0)
z#382                                               1 	(obj:0)
z#386                                               1 	(obj:0)
z#388                                               1 	(obj:0)
z#392                                               1 	(obj:0)
z#393                               0.999999999999995 	(obj:0)
z#402                                               1 	(obj:0)
z#413                                               1 	(obj:0)
z#414                                               1 	(obj:0)
z#418                                1.00000000000001 	(obj:0)
z#423                                               1 	(obj:0)
z#427                                               1 	(obj:0)
z#429                                               1 	(obj:0)
z#432                                               1 	(obj:0)
z#444                                               1 	(obj:0)
z#445                                               1 	(obj:0)
z#448                                               1 	(obj:0)
z#453                                               1 	(obj:0)
z#457                                               1 	(obj:0)
z#478                                               1 	(obj:0)
z#480                                1.00000000000001 	(obj:0)
z#482                                               1 	(obj:0)
z#483                                               1 	(obj:0)
z#497                                               1 	(obj:0)
z#499                                               1 	(obj:0)
z#501                                               1 	(obj:0)
z#504                                               1 	(obj:0)
z#505                                               1 	(obj:0)
z#507                                               1 	(obj:0)
z#508                                               1 	(obj:0)
z#512                                               1 	(obj:0)
z#522                                               1 	(obj:0)
z#542                                               1 	(obj:0)
z#546                                               1 	(obj:0)
z#552                                               1 	(obj:0)
z#558                                               1 	(obj:0)
z#560                                               1 	(obj:0)
z#564                                               1 	(obj:0)
z#570                                               1 	(obj:0)
z#578                                               1 	(obj:0)
z#588                               0.999999999999995 	(obj:0)
z#590                                               1 	(obj:0)
z#591                                               1 	(obj:0)
z#593                                               1 	(obj:0)
z#602                                               1 	(obj:0)
z#615                                               1 	(obj:0)
z#616                                               1 	(obj:0)
z#619                                               1 	(obj:0)
z#621                                               1 	(obj:0)
z#626                                               1 	(obj:0)
z#627                                               1 	(obj:0)
z#638                               0.999999999999996 	(obj:0)
z#642                                               1 	(obj:0)
z#644                                               1 	(obj:0)
z#645                                               1 	(obj:0)
z#646                                               1 	(obj:0)
z#654                                               1 	(obj:0)
z#659                                               1 	(obj:0)
z#666                                               1 	(obj:0)
z#678                                               1 	(obj:0)
z#681                                               1 	(obj:0)
z#689                                               1 	(obj:0)
z#694                                               1 	(obj:0)
z#697                                               1 	(obj:0)
z#699                                               1 	(obj:0)
z#716                                               1 	(obj:0)
z#734                                               1 	(obj:0)
z#742                                               1 	(obj:0)
z#743                                               1 	(obj:0)
z#757                                               1 	(obj:0)
z#762                                               1 	(obj:0)
z#763                                               1 	(obj:0)
z#767                                               1 	(obj:0)
z#772                                               1 	(obj:0)
z#776                                               1 	(obj:0)
z#781                                               1 	(obj:0)
z#791                                               1 	(obj:0)
z#803                                               1 	(obj:0)
z#815                                               1 	(obj:0)
z#818                                               1 	(obj:0)
z#829                                               1 	(obj:0)
z#831                                               1 	(obj:0)
z#836                                               1 	(obj:0)
z#838                                               1 	(obj:0)
z#839                                               1 	(obj:0)
z#846                                               1 	(obj:0)
z#852                                               1 	(obj:0)
z#855                                               1 	(obj:0)
z#860                                               1 	(obj:0)
z#862                               0.999999999999999 	(obj:0)
z#866                                               1 	(obj:0)
z#870                                               1 	(obj:0)
z#871                               0.999999999999999 	(obj:0)
z#874                               0.999999999999979 	(obj:0)
z#879                               0.999999999999993 	(obj:0)
z#894                               0.999999999999994 	(obj:0)
z#905                                               1 	(obj:0)
z#911                                               1 	(obj:0)
z#915                                               1 	(obj:0)
z#916                                               1 	(obj:0)
z#918                                               1 	(obj:0)
z#924                                               1 	(obj:0)
z#926                                               1 	(obj:0)
z#931                                               1 	(obj:0)
z#933                                               1 	(obj:0)
z#940                                               1 	(obj:0)
z#946                                               1 	(obj:0)
z#950                                               1 	(obj:0)
z#955                               0.999999999999999 	(obj:0)
z#960                               0.999999999999985 	(obj:0)
z#962                                               1 	(obj:0)
z#964                                               1 	(obj:0)
z#967                               0.999999999999999 	(obj:0)
z#977                                               1 	(obj:0)
z#980                                               1 	(obj:0)
z#1009                                              1 	(obj:0)
z#1014                                              1 	(obj:0)
z#1019                                              1 	(obj:0)
z#1021                                              1 	(obj:0)
z#1040                                              1 	(obj:0)
z#1042                                              1 	(obj:0)
z#1046                                              1 	(obj:0)
z#1050                                              1 	(obj:0)
z#1056                                              1 	(obj:0)
z#1057                                              1 	(obj:0)
z#1070                                              1 	(obj:0)
z#1072                                              1 	(obj:0)
z#1076                                              1 	(obj:0)
z#1077                                              1 	(obj:0)
z#1080                                              1 	(obj:0)
z#1090                                              1 	(obj:0)
z#1103                                              1 	(obj:0)
z#1110                                              1 	(obj:0)
z#1112                                              1 	(obj:0)
z#1118                                              1 	(obj:0)
z#1120                                              1 	(obj:0)
z#1121                                              1 	(obj:0)
z#1122                                              1 	(obj:0)
z#1141                                              1 	(obj:0)
z#1152                                              1 	(obj:0)
z#1153                                              1 	(obj:0)
z#1159                                              1 	(obj:0)
z#1165                                              1 	(obj:0)
z#1168                                              1 	(obj:0)
z#1190                                              1 	(obj:0)
z#1191                                              1 	(obj:0)
z#1194                              0.999999999999996 	(obj:0)
z#1195                                              1 	(obj:0)
z#1207                                              1 	(obj:0)
z#1224                                              1 	(obj:0)
z#1226                                              1 	(obj:0)
z#1235                                              1 	(obj:0)
z#1236                                              1 	(obj:0)
z#1247                              0.999999999999943 	(obj:0)
z#1248                                              1 	(obj:0)
z#1256                                              1 	(obj:0)
z#1259                                              1 	(obj:0)
z#1263                                              1 	(obj:0)
z#1266                                              1 	(obj:0)
z#1270                                              1 	(obj:0)
z#1272                                              1 	(obj:0)
z#1276                                              1 	(obj:0)
z#1284                                              1 	(obj:0)
z#1289                                              1 	(obj:0)
z#1292                                              1 	(obj:0)
z#1304                                              1 	(obj:0)
z#1306                                              1 	(obj:0)
z#1308                                              1 	(obj:0)
z#1313                                              1 	(obj:0)
z#1314                               1.00000000000001 	(obj:0)
z#1328                                              1 	(obj:0)
z#1337                                              1 	(obj:0)
z#1342                                              1 	(obj:0)
z#1343                              0.999999999999999 	(obj:0)
z#1349                                              1 	(obj:0)
z#1350                              0.999999999999972 	(obj:0)
z#1352                                              1 	(obj:0)
z#1353                                              1 	(obj:0)
z#1358                                              1 	(obj:0)
z#1364                                              1 	(obj:0)
z#1372                                              1 	(obj:0)
z#1376                                              1 	(obj:0)
z#1390                                              1 	(obj:0)
z#1394                              0.999999999999997 	(obj:0)
z#1398                                              1 	(obj:0)
z#1407                                              1 	(obj:0)
z#1410                                              1 	(obj:0)
z#1413                              0.999999999999985 	(obj:0)
z#1425                                              1 	(obj:0)
z#1426                                              1 	(obj:0)
z#1438                                              1 	(obj:0)
z#1445                                              1 	(obj:0)
z#1447                                              1 	(obj:0)
z#1448                                              1 	(obj:0)
z#1449                                              1 	(obj:0)
z#1463                                              1 	(obj:0)
z#1471                                              1 	(obj:0)
z#1478                                              1 	(obj:0)
z#1480                                              1 	(obj:0)
z#1481                                              1 	(obj:0)
z#1483                                              1 	(obj:0)
z#1493                                              1 	(obj:0)
z#1495                                              1 	(obj:0)
z#1502                                              1 	(obj:0)
z#1521                                              1 	(obj:0)
z#1529                                              1 	(obj:0)
z#1532                                              1 	(obj:0)
z#1537                                              1 	(obj:0)
z#1538                                              1 	(obj:0)
z#1546                                              1 	(obj:0)
z#1547                                              1 	(obj:0)
z#1550                                              1 	(obj:0)
z#1559                                              1 	(obj:0)
z#1562                                              1 	(obj:0)
z#1564                                              1 	(obj:0)
z#1566                                              1 	(obj:0)
z#1578                                              1 	(obj:0)
z#1581                              0.999999999999998 	(obj:0)
z#1585                                              1 	(obj:0)
z#1586                                              1 	(obj:0)
z#1591                                              1 	(obj:0)
z#1592                                              1 	(obj:0)
z#1602                                              1 	(obj:0)
z#1603                                              1 	(obj:0)
z#1604                                              1 	(obj:0)
z#1612                                              1 	(obj:0)
z#1617                                              1 	(obj:0)
z#1624                                              1 	(obj:0)
z#1625                                              1 	(obj:0)
z#1626                                              1 	(obj:0)
z#1643                                              1 	(obj:0)
z#1648                              0.999999999999999 	(obj:0)
y#15#2                               90.3268199233716 	(obj:0)
x#0                                  105.061014994233 	(obj:0.89)
x#1                                  76.6725830441249 	(obj:0.95)
x#2                                  793.285412052961 	(obj:0.82)
x#4                                  927.651393938939 	(obj:0.76)
x#10                                 390.822385090177 	(obj:0.79)
x#11                                 127.273632747179 	(obj:0.91)
x#15                                 90.3268199233716 	(obj:0.93)
y#0#0                                105.061014994233 	(obj:0)
y#1#11                               76.6725830441249 	(obj:0)
y#2#3                                57.6337259100642 	(obj:0)
y#2#4                                107.082365145228 	(obj:0)
y#2#5                                76.0626874279123 	(obj:0)
y#2#6                                75.8633569739953 	(obj:0)
y#2#13                               64.9568996960486 	(obj:0)
y#2#14                               90.4703059388122 	(obj:0)
y#2#20                               60.9718647764449 	(obj:0)
y#2#23                               64.2745192307692 	(obj:0)
y#2#26                               97.6399869536856 	(obj:0)
y#2#27                                        98.3297 	(obj:0)
y#4#1                                77.1185259969712 	(obj:0)
y#4#10                               80.9502460360853 	(obj:0)
y#4#12                               103.509009009009 	(obj:0)
y#4#15                               100.618585209003 	(obj:0)
y#4#16                               57.4237505731316 	(obj:0)
y#4#18                               122.385772083614 	(obj:0)
y#4#24                               93.6344549125168 	(obj:0)
y#4#25                               146.717671691792 	(obj:0)
y#4#28                               90.1386767079075 	(obj:0)
y#4#29                                55.154701718908 	(obj:0)
y#10#7                               75.4959595959596 	(obj:0)
y#10#8                               74.3029924073247 	(obj:0)
y#10#9                               74.7447835738069 	(obj:0)
y#10#17                              97.7556461001164 	(obj:0)
y#10#21                              68.5230034129693 	(obj:0)
y#11#19                              58.8810344827586 	(obj:0)
y#11#22                              68.3925982644206 	(obj:0)
v#0                                          182.1758 	(obj:0)
v#1                                          152.7718 	(obj:0)
v#2                                          141.4518 	(obj:0)
v#3                                          107.6598 	(obj:0)
v#4                                          154.8411 	(obj:0)
v#5                                          131.8927 	(obj:0)
v#6                                           160.451 	(obj:0)
v#7                                           149.482 	(obj:0)
v#8                                          166.3644 	(obj:0)
v#9                                          134.6901 	(obj:0)
v#10                                          148.058 	(obj:0)
v#11                                         154.6486 	(obj:0)
v#12                                          183.832 	(obj:0)
v#13                                         106.8541 	(obj:0)
v#14                                          150.814 	(obj:0)
v#15                                         156.4619 	(obj:0)
v#16                                         125.2412 	(obj:0)
v#17                                         167.9442 	(obj:0)
v#18                                         181.4981 	(obj:0)
v#19                                         122.9436 	(obj:0)
v#20                                         111.8224 	(obj:0)
v#21                                         100.3862 	(obj:0)
v#22                                         133.9811 	(obj:0)
v#23                                         106.9528 	(obj:0)
v#24                                         139.1408 	(obj:0)
v#25                                         175.1809 	(obj:0)
v#26                                         149.6821 	(obj:0)
v#27                                         196.6594 	(obj:0)
v#28                                         167.5678 	(obj:0)
v#29                                          109.096 	(obj:0)

Statistics
==========

SCIP Status        : solving was interrupted [time limit reached]
Total Time         :   88068.04
  solving          :   88067.56
  presolving       :       3.59 (included in solving)
  reading          :       0.48
  copying          :       0.14 (4 #copies) (minimal 0.03, maximal 0.04, average 0.04)
Original Problem   :
  Problem name     : 20-30-3000-0
  Variables        : 2301 (1651 binary, 0 integer, 0 implicit integer, 650 continuous)
  Constraints      : 9052 initial, 9052 maximal
  Objective        : minimize, 20 non-zeros (abs.min = 0.76, abs.max = 1.15)
Presolved Problem  :
  Problem name     : t_20-30-3000-0
  Variables        : 1680 (1650 binary, 0 integer, 0 implicit integer, 30 continuous)
  Constraints      : 9002 initial, 9007 maximal
  Objective        : minimize, 30 non-zeros (abs.min = 0.352836, abs.max = 0.95)
  Nonzeros         : 19650 constraint, 39836 clique table
Presolvers         :   ExecTime  SetupTime  Calls  FixedVars   AggrVars   ChgTypes  ChgBounds   AddHoles    DelCons    AddCons   ChgSides   ChgCoefs
  boundshift       :       0.00       0.00      0          0          0          0          0          0          0          0          0          0
  convertinttobin  :       0.00       0.00      0          0          0          0          0          0          0          0          0          0
  domcol           :       0.04       0.00      1          0          0          0          0          0          0          0          0          0
  dualagg          :       0.00       0.00      0          0          0          0          0          0          0          0          0          0
  dualcomp         :       0.01       0.00      1          0          0          0          0          0          0          0          0          0
  dualinfer        :       0.00       0.00      0          0          0          0          0          0          0          0          0          0
  dualsparsify     :       0.03       0.00      1          0          0          0          0          0          0          0          0          0
  gateextraction   :       0.00       0.00      0          0          0          0          0          0          0          0          0          0
  implics          :       0.00       0.00      3          0          0          0          0          0          0          0          0          0
  inttobinary      :       0.00       0.00      0          0          0          0          0          0          0          0          0          0
  milp             :       0.02       0.00      1        289         50          0          0          0          0          0          0          0
  qpkktref         :       0.00       0.00      0          0          0          0          0          0          0          0          0          0
  redvub           :       0.00       0.00      0          0          0          0          0          0          0          0          0          0
  sparsify         :       0.01       0.00      1          0          0          0          0          0          0          0          0          0
  stuffing         :       0.00       0.00      0          0          0          0          0          0          0          0          0          0
  trivial          :       0.00       0.00      6          0          0          0          0          0          0          0          0          0
  tworowbnd        :       0.00       0.00      0          0          0          0          0          0          0          0          0          0
  dualfix          :       0.00       0.00      6        282          0          0          0          0          0          0          0          0
  genvbounds       :       0.00       0.00      0          0          0          0          0          0          0          0          0          0
  probing          :       3.41       0.00      1          0          0          0          0          0          0          0          0          0
  pseudoobj        :       0.00       0.00      0          0          0          0          0          0          0          0          0          0
  symmetry         :       0.00       0.00      1          0          0          0          0          0          0          0          0          0
  vbounds          :       0.00       0.00      1          0          0          0          0          0          0          0          0          0
  chancecons       :       0.01       0.00      1          0          0          0          0          0          0          0          0          0
  varbound         :       0.01       0.00      2          0          0          0          0          0          0          0          0          0
  knapsack         :       0.00       0.00      0          0          0          0          0          0          0          0          0          0
  linear           :       0.04       0.00      8          0          0          0         60          0         50          0          0          0
  logicor          :       0.00       0.00      0          0          0          0          0          0          0          0          0          0
  bounddisjunction :       0.00       0.00      0          0          0          0          0          0          0          0          0          0
  benders          :       0.00       0.00      0          0          0          0          0          0          0          0          0          0
  components       :       0.00       0.00      1          0          0          0          0          0          0          0          0          0
  root node        :          -          -      -          4          -          -          4          -          -          -          -          -
Constraints        :     Number  MaxNumber  #Separate #Propagate    #EnfoLP    #EnfoRelax  #EnfoPS    #Check   #ResProp    Cutoffs    DomReds       Cuts    Applied      Conss   Children
  benderslp        :          0          0          0          0         79          0          0         59          0          0          0          0          0          0          0
  chancecons       :          1          1         48      12436          0          0          0          0          0         27       6282       1440        616          0          0
  integral         :          0          0          0          0         79          0          0         59          0          0         75          0          0          0        136
  varbound         :       9000       9000         48      12410          0          0          0         54         81          0        961          0          0          0          0
  knapsack         :          1          1         48      12023          0          0          0         14          2          2          0          0          0          0          0
  linear           :          0+         3          0       7321          0          0          0          3          4          9          0          0          0          0          0
  logicor          :          0+         1          0          8          0          0          0          0          0          0          0          0          0          0          0
  bounddisjunction :          0+         3          0        288          0          0          0          0          0          0          0          0          0          0          0
  benders          :          0          0          0          0          0          0          0         13          0          0          0          0          0          0          0
  fixedvar         :          0          0          0          0          0          0          0         13          0          0          0          0          0          0          0
  countsols        :          0          0          0          0          0          0          0         13          0          0          0          0          0          0          0
  components       :          0          0          0          0          0          0          0          0          0          0          0          0          0          0          0
Constraint Timings :  TotalTime  SetupTime   Separate  Propagate     EnfoLP     EnfoPS     EnfoRelax   Check    ResProp    SB-Prop
  benderslp        :       0.00       0.00       0.00       0.00       0.00       0.00       0.00       0.00       0.00       0.00
  chancecons       :   87915.70       0.00       0.04   87914.91       0.00       0.00       0.00       0.00       0.00       0.75
  integral         :      81.53       0.00       0.00       0.00      81.53       0.00       0.00       0.00       0.00       0.00
  varbound         :       1.24       0.00       0.04       1.03       0.00       0.00       0.00       0.00       0.00       0.15
  knapsack         :       0.85       0.00       0.74       0.10       0.00       0.00       0.00       0.00       0.00       0.00
  linear           :       0.01       0.00       0.00       0.00       0.00       0.00       0.00       0.00       0.00       0.00
  logicor          :       0.00       0.00       0.00       0.00       0.00       0.00       0.00       0.00       0.00       0.00
  bounddisjunction :       0.00       0.00       0.00       0.00       0.00       0.00       0.00       0.00       0.00       0.00
  benders          :       0.00       0.00       0.00       0.00       0.00       0.00       0.00       0.00       0.00       0.00
  fixedvar         :       0.00       0.00       0.00       0.00       0.00       0.00       0.00       0.00       0.00       0.00
  countsols        :       0.00       0.00       0.00       0.00       0.00       0.00       0.00       0.00       0.00       0.00
  components       :       0.00       0.00       0.00       0.00       0.00       0.00       0.00       0.00       0.00       0.00
Propagators        : #Propagate   #ResProp    Cutoffs    DomReds
  dualfix          :          4          0          0          0
  genvbounds       :          0          0          0          0
  nlobbt           :          0          0          0          0
  obbt             :          0          0          0          0
  probing          :          0          0          0          0
  pseudoobj        :        348          0          0          0
  redcost          :        262          0          0        165
  rootredcost      :          3          0          0          2
  symmetry         :          0          0          0          0
  vbounds          :       7697          0          0          0
Propagator Timings :  TotalTime  SetupTime   Presolve  Propagate    ResProp    SB-Prop
  dualfix          :       0.00       0.00       0.00       0.00       0.00       0.00
  genvbounds       :       0.00       0.00       0.00       0.00       0.00       0.00
  nlobbt           :       0.00       0.00       0.00       0.00       0.00       0.00
  obbt             :       0.00       0.00       0.00       0.00       0.00       0.00
  probing          :       3.41       0.00       3.41       0.00       0.00       0.00
  pseudoobj        :       0.01       0.00       0.00       0.01       0.00       0.00
  redcost          :       0.01       0.00       0.00       0.01       0.00       0.00
  rootredcost      :       0.00       0.00       0.00       0.00       0.00       0.00
  symmetry         :       0.00       0.00       0.00       0.00       0.00       0.00
  vbounds          :       0.03       0.00       0.00       0.02       0.00       0.01
Symmetry           :
  orbitopal red.   :          0 reductions applied,          0 cutoffs
  orbital reduction:          0 reductions applied,          0 cutoffs
  lexicographic red:          0 reductions applied,          0 cutoffs
  shadow tree time :       0.00 s
Conflict Analysis  :       Time      Calls    Success    DomReds  Conflicts   Literals    Reconvs ReconvLits   Dualrays   Nonzeros   LP Iters   (pool size: [10000,10000])
  propagation      :       0.00          2          1          -          2      327.0          0        0.0          -          -          -
  infeasible LP    :       0.00          0          0          -          0        0.0          0        0.0          0        0.0          0
  bound exceed. LP :       0.25         74          5          -          8      143.5          0        0.0          3       30.0        680
  strong branching :       0.00          0          0          -          0        0.0          0        0.0          -          -          0
  pseudo solution  :       0.00          0          0          -          0        0.0          0        0.0          -          -          -
  applied globally :       0.00          -          -          0          5      104.0          -          -          3          -          -
  applied locally  :          -          -          -          0          2      327.0          -          -          0          -          -
Separators         :   ExecTime  SetupTime      Calls  RootCalls    Cutoffs    DomReds  FoundCuts ViaPoolAdd  DirectAdd    Applied ViaPoolApp  DirectApp      Conss
  cut pool         :       0.08          -        113         96          -          -      26052      71893          -          -          -          -          -    (maximal pool size:      26052)
  aggregation      :       4.80       0.00         48         48          0          0      22466      63440          0       2442       2442          0          0
  > cmir           :          -          -          -          -          -          -          -      63201          0       2441       2441          0          -
  > flowcover      :          -          -          -          -          -          -          -        239          0          1          1          0          -
  > knapsackcover  :          -          -          -          -          -          -          -          0          0          0          0          0          -
  cgmip            :       0.00       0.00          0          0          0          0          0          0          0          0          0          0          0
  clique           :       1.16       0.00         48         48          0          0          0          0          0          0          0          0          0
  closecuts        :       0.00       0.00          0          0          0          0          0          0          0          0          0          0          0
  convexproj       :       0.00       0.00          0          0          0          0          0          0          0          0          0          0          0
  disjunctive      :       0.00       0.00          0          0          0          0          0          0          0          0          0          0          0
  eccuts           :       0.00       0.00          0          0          0          0          0          0          0          0          0          0          0
  gauge            :       0.00       0.00          0          0          0          0          0          0          0          0          0          0          0
  gomory           :       0.22       0.00         10         10          0          0       2000       5114          0        477        477          0          0
  > gomorymi       :          -          -          -          -          -          -          -       5114          0        477        477          0          -
  > strongcg       :          -          -          -          -          -          -          -          0          0          0          0          0          -
  impliedbounds    :       0.03       0.00         48         48          0          0       1586       3339          0        762        762          0          0
  interminor       :       0.00       0.00          0          0          0          0          0          0          0          0          0          0          0
  intobj           :       0.00       0.00          0          0          0          0          0          0          0          0          0          0          0
  lagromory        :       0.00       0.00          0          0          0          0          0          0          0          0          0          0          0
  mcf              :       0.00       0.00          1          1          0          0          0          0          0          0          0          0          0
  minor            :       0.00       0.00         10         10          0          0          0          0          0          0          0          0          0
  mixing           :       0.00       0.00          0          0          0          0          0          0          0          0          0          0          0
  oddcycle         :       0.00       0.00          0          0          0          0          0          0          0          0          0          0          0
  rapidlearning    :       0.00       0.00          0          0          0          0          0          0          0          0          0          0          0
  rlt              :       0.00       0.00         10         10          0          0          0          0          0          0          0          0          0
  zerohalf         :       0.02       0.00         20         20          0          0          0          0          0          0          0          0          0
Cutselectors       :   ExecTime  SetupTime      Calls  RootCalls   Selected     Forced   Filtered  RootSelec   RootForc   RootFilt 
  hybrid           :       0.13       0.00         66         49       4297          0      69036       3285          0      49530
  ensemble         :       0.00       0.00          0          0          0          0          0          0          0          0
  dynamic          :       0.00       0.00          0          0          0          0          0          0          0          0
Pricers            :   ExecTime  SetupTime      Calls       Vars
  problem variables:       0.00          -          0          0
Branching Rules    :   ExecTime  SetupTime   BranchLP  BranchExt   BranchPS    Cutoffs    DomReds       Cuts      Conss   Children
  allfullstrong    :       0.00       0.00          0          0          0          0          0          0          0          0
  cloud            :       0.00       0.00          0          0          0          0          0          0          0          0
  distribution     :       0.00       0.00          0          0          0          0          0          0          0          0
  fullstrong       :       0.00       0.00          0          0          0          0          0          0          0          0
  gomory           :       0.00       0.00          0          0          0          0          0          0          0          0
  inference        :       0.00       0.00          0          0          0          0          0          0          0          0
  leastinf         :       0.00       0.00          0          0          0          0          0          0          0          0
  lookahead        :       0.00       0.00          0          0          0          0          0          0          0          0
  mostinf          :       0.00       0.00          0          0          0          0          0          0          0          0
  multaggr         :       0.00       0.00          0          0          0          0          0          0          0          0
  nodereopt        :       0.00       0.00          0          0          0          0          0          0          0          0
  pscost           :       0.00       0.00          0          0          0          0          0          0          0          0
  random           :       0.00       0.00          0          0          0          0          0          0          0          0
  relpscost        :      81.53       0.00         79          0          0          0         75          0          0        136
  vanillafullstrong:       0.00       0.00          0          0          0          0          0          0          0          0
Primal Heuristics  :   ExecTime  SetupTime      Calls      Found       Best
  LP solutions     :       0.00          -          -          0          0
  relax solutions  :       0.00          -          -          0          0
  pseudo solutions :       0.00          -          -          0          0
  strong branching :       0.00          -          -          0          0
  actconsdiving    :       0.00       0.00          0          0          0
  adaptivediving   :       0.76       0.00          2          0          0
  alns             :       0.27       0.00          3          0          0
  bound            :       0.00       0.00          0          0          0
  clique           :       0.05       0.00          1          1          1
  coefdiving       :       0.00       0.00          0          0          0
  completesol      :       0.00       0.00          0          0          0
  conflictdiving   :       2.62       0.00          1          0          0
  crossover        :       0.00       0.00          0          0          0
  dins             :       0.00       0.00          0          0          0
  distributiondivin:       0.66       0.00          1          0          0
  dps              :       0.00       0.00          0          0          0
  dualval          :       0.00       0.00          0          0          0
  farkasdiving     :       0.00       0.00          0          0          0
  feaspump         :       3.87       0.00          1          1          1
  fixandinfer      :       0.00       0.00          0          0          0
  fracdiving       :       0.43       0.00          1          1          1
  gins             :       0.00       0.00          0          0          0
  guideddiving     :       0.49       0.00          1          0          0
  indicator        :       0.00       0.00          0          0          0
  indicatordiving  :       0.00       0.00          0          0          0
  intdiving        :       0.00       0.00          0          0          0
  intshifting      :       0.65       0.00          4          1          1
  linesearchdiving :       0.31       0.00          1          0          0
  localbranching   :       0.00       0.00          0          0          0
  locks            :       0.72       0.00          1          0          0
  lpface           :       0.00       0.00          0          0          0
  mpec             :       0.00       0.00          0          0          0
  multistart       :       0.00       0.00          0          0          0
  mutation         :       0.00       0.00          0          0          0
  nlpdiving        :       0.00       0.00          0          0          0
  objpscostdiving  :       4.86       0.00          1          1          0
  octane           :       0.00       0.00          0          0          0
  ofins            :       0.00       0.00          0          0          0
  oneopt           :       0.00       0.00          4          0          0
  padm             :       0.00       0.00          0          0          0
  proximity        :       0.00       0.00          0          0          0
  pscostdiving     :       0.67       0.00          1          1          1
  randrounding     :       2.09       0.00         60          0          0
  rens             :       2.43       0.00          1          1          0
  reoptsols        :       0.00       0.00          0          0          0
  repair           :       0.00       0.00          0          0          0
  rins             :       0.00       0.00          0          0          0
  rootsoldiving    :       0.94       0.00          1          1          0
  rounding         :       0.08       0.00        121          0          0
  scheduler        :       0.00       0.00          0          0          0
  shiftandpropagate:       0.00       0.00          0          0          0
  shifting         :       1.00       0.00         75          3          0
  simplerounding   :       0.00       0.00          0          0          0
  subnlp           :       0.00       0.00          0          0          0
  trivial          :       0.00       0.00          2          0          0
  trivialnegation  :       0.00       0.00          0          0          0
  trustregion      :       0.00       0.00          0          0          0
  trysol           :       0.00       0.00          0          0          0
  twoopt           :       0.00       0.00          0          0          0
  undercover       :       0.00       0.00          0          0          0
  vbounds          :       0.42       0.00          1          1          1
  veclendiving     :       0.41       0.00          1          0          0
  zeroobj          :       0.00       0.00          0          0          0
  zirounding       :       0.04       0.00         68          0          0
  other solutions  :          -          -          -          0          -
LNS (Scheduler)    :      Calls  SetupTime  SolveTime SolveNodes       Sols       Best       Exp3    Exp3-IX  EpsGreedy        UCB TgtFixRate  Opt  Inf Node Stal  Sol  Usr Othr Actv
  rens             :          0       0.00       0.00          0          0          0    0.00000    0.12500   -1.00000    1.00000      0.900    0    0    0    0    0    0    0    1
  rins             :          0       0.00       0.00          0          0          0    0.00000    0.12500   -1.00000    1.00000      0.900    0    0    0    0    0    0    0    1
  mutation         :          0       0.00       0.00          0          0          0    0.00000    0.12500   -1.00000    1.00000      0.900    0    0    0    0    0    0    0    1
  localbranching   :          0       0.00       0.00          0          0          0    0.00000    0.12500   -1.00000    1.00000      0.900    0    0    0    0    0    0    0    1
  crossover        :          0       0.00       0.00          0          0          0    0.00000    0.12500   -1.00000    1.00000      0.900    0    0    0    0    0    0    0    1
  proximity        :          0       0.00       0.00          0          0          0    0.00000    0.12500   -1.00000    1.00000      0.900    0    0    0    0    0    0    0    1
  zeroobjective    :          0       0.00       0.00          0          0          0    0.00000    0.12500   -1.00000    1.00000      0.900    0    0    0    0    0    0    0    1
  dins             :          0       0.00       0.00          0          0          0    0.00000    0.12500   -1.00000    1.00000      0.900    0    0    0    0    0    0    0    1
  trustregion      :          0       0.00       0.00          0          0          0    0.00000    0.00000   -1.00000    1.00000      0.900    0    0    0    0    0    0    0    0
LP                 :       Time      Calls Iterations  Iter/call   Iter/sec  Time-0-It Calls-0-It    ItLimit
  primal LP        :       0.03         17          0       0.00       0.00       0.03         17
  dual LP          :      41.24        187     126888     798.04    3076.80       0.03         28
  lex dual LP      :       0.00          0          0       0.00          -
  barrier LP       :       0.00          0          0       0.00          -       0.00          0
  resolve instable :       0.00          0          0       0.00          -
  diving/probing LP:      16.05        508      61392     120.85    3824.21
  strong branching :      79.55        344     198882     578.15    2500.21          -          -        196
    (at root node) :          -         35      32204     920.11          -
  conflict analysis:       0.20         68        680      10.00    3433.88
B&B Tree           :
  number of runs   :          1
  nodes            :         83 (68 internal, 15 leaves)
  feasible leaves  :          0
  infeas. leaves   :          2
  objective leaves :         12
  nodes (total)    :         83 (68 internal, 15 leaves)
  nodes left       :         53
  max depth        :         21
  max depth (total):         21
  backtracks       :         13 (15.7%)
  early backtracks :          0 (0.0%)
  nodes exc. ref.  :          0 (0.0%)
  delayed cutoffs  :          0
  repropagations   :          2 (0 domain reductions, 0 cutoffs)
  avg switch length:       2.82
  switching time   :       0.04
Root Node          :
  First LP value   : +1.93108416547591e+03
  First LP Iters   :       2039 (6724.85 Iter/sec)
  First LP Time    :       0.30
  Final Dual Bound : +2.02286485729901e+03
  Final Root Iters :      46571
  Root LP Estimate : +2.02837411718979e+03
Solution           :
  Solutions found  :         12 (6 improvements)
  First Solution   : +2.11012909140403e+03   (in run 1, after 1 nodes, 3.68 seconds, depth 38, found by <clique>)
  Gap First Sol.   :      16.75 %
  Gap Last Sol.    :       0.37 %
  Primal Bound     : +2.03042498706372e+03   (in run 1, after 56 nodes, 62323.86 seconds, depth 114, found by <fracdiving>)
  Dual Bound       : +2.02288097446639e+03
  Gap              :       0.37 %
Integrals          :      Total       Avg%
  primal-dual      :   48037.52       0.55
  primal-ref       :          -          - (not evaluated)
  dual-ref         :          -          - (not evaluated)

 Branching Statistics...

 Total number of propagations -> 12436

 Number of cutoffs of KnaCons -> 0

 Total number of variables fixed to 1 by the propagator -> 1359

 Total number of variables fixed to 0 by the propagator -> 2975

 Maximum number of rounds of the approximation algorithm -> 6

 Runtime of the exact algorithm -> 87686.1300 s

 Total number of variables fixed to 1 in the exact algorithm -> 147

 Total number of variables fixed to 0 in the exact algorithm -> 1650

 Number of cutoffs in the exact algorithm -> 0

 Number of cutoffs in the approximation algorithm -> 2

 PS:  
