Set parameter TimeLimit to value 14400
Set parameter Threads to value 1
Set parameter MIPGap to value 0
Set parameter OutputFlag to value 1
Gurobi Optimizer version 12.0.3 build v12.0.3rc0 (linux64 - "CentOS Linux 7 (Core)")

CPU model: Intel(R) Xeon(R) Gold 6230R CPU @ 2.10GHz, instruction set [SSE2|AVX|AVX2|AVX512]
Thread count: 52 physical cores, 52 logical processors, using up to 1 threads

Non-default parameters:
TimeLimit  14400
MIPGap  0
Threads  1

Optimize a model with 4041 rows, 2050 columns and 10145 nonzeros
Model fingerprint: 0x00fb3627
Variable types: 50 continuous, 2000 integer (2000 binary)
Coefficient statistics:
  Matrix range     [5e-04, 8e+01]
  Objective range  [1e+02, 3e+02]
  Bounds range     [5e+02, 6e+02]
  RHS range        [2e-01, 7e+02]
Found heuristic solution: objective 121790.34300
Presolve removed 104 rows and 252 columns
Presolve time: 0.03s
Presolved: 3937 rows, 1798 columns, 9700 nonzeros
Found heuristic solution: objective 120664.10300
Variable types: 28 continuous, 1770 integer (1770 binary)

Root relaxation: objective 9.754032e+04, 1831 iterations, 0.09 seconds (0.12 work units)

    Nodes    |    Current Node    |     Objective Bounds      |     Work
 Expl Unexpl |  Obj  Depth IntInf | Incumbent    BestBd   Gap | It/Node Time

     0     0 97540.3169    0  993 120664.103 97540.3169  19.2%     -    0s
H    0     0                    103397.99400 97540.3169  5.67%     -    0s
H    0     0                    103337.99400 97540.3169  5.61%     -    0s
     0     0 98105.6452    0  917 103337.994 98105.6452  5.06%     -    0s
H    0     0                    103324.99400 98109.4970  5.05%     -    0s
H    0     0                    102178.04400 98109.4970  3.98%     -    0s
     0     0 98353.3594    0  915 102178.044 98353.3594  3.74%     -    0s
     0     0 98355.9358    0  915 102178.044 98355.9358  3.74%     -    0s
     0     0 98356.2626    0  915 102178.044 98356.2626  3.74%     -    0s
     0     0 98356.5919    0  915 102178.044 98356.5919  3.74%     -    0s
     0     0 98420.8857    0  895 102178.044 98420.8857  3.68%     -    0s
     0     0 98431.1861    0  897 102178.044 98431.1861  3.67%     -    1s
     0     0 98431.5214    0  897 102178.044 98431.5214  3.67%     -    1s
     0     0 98660.5665    0  876 102178.044 98660.5665  3.44%     -    1s
H    0     0                    101967.21400 98663.0891  3.24%     -    1s
     0     0 98714.7428    0  843 101967.214 98714.7428  3.19%     -    1s
     0     0 98718.2752    0  846 101967.214 98718.2752  3.19%     -    1s
     0     0 98719.1360    0  847 101967.214 98719.1360  3.19%     -    1s
     0     0 98803.1608    0  840 101967.214 98803.1608  3.10%     -    2s
     0     0 98813.6949    0  802 101967.214 98813.6949  3.09%     -    2s
     0     0 98814.4921    0  806 101967.214 98814.4921  3.09%     -    2s
     0     0 98841.6471    0  847 101967.214 98841.6471  3.07%     -    2s
     0     0 98850.1651    0  856 101967.214 98850.1651  3.06%     -    2s
     0     0 98851.6099    0  857 101967.214 98851.6099  3.06%     -    2s
     0     0 98872.9244    0  855 101967.214 98872.9244  3.03%     -    3s
     0     0 98877.8532    0  855 101967.214 98877.8532  3.03%     -    3s
     0     0 98878.4958    0  857 101967.214 98878.4958  3.03%     -    3s
     0     0 98910.4456    0  832 101967.214 98910.4456  3.00%     -    3s
     0     0 98919.2608    0  857 101967.214 98919.2608  2.99%     -    3s
     0     0 98920.5219    0  869 101967.214 98920.5219  2.99%     -    3s
     0     0 98946.5433    0  858 101967.214 98946.5433  2.96%     -    3s
     0     0 99507.4781    0  946 101967.214 99507.4781  2.41%     -    4s
     0     0 99628.1507    0  800 101967.214 99628.1507  2.29%     -    4s
     0     0 99669.7274    0  765 101967.214 99669.7274  2.25%     -    4s
H    0     0                    101967.21396 99672.2846  2.25%     -    5s
     0     0 100113.940    0  668 101967.214 100113.940  1.82%     -    5s
     0     0 100509.300    0  656 101967.214 100509.300  1.43%     -    5s
     0     0 100610.039    0  653 101967.214 100610.039  1.33%     -    5s
     0     0 100619.600    0  661 101967.214 100619.600  1.32%     -    5s
     0     0 100620.959    0  659 101967.214 100620.959  1.32%     -    5s
     0     0 100621.142    0  660 101967.214 100621.142  1.32%     -    5s
     0     0 100668.311    0  642 101967.214 100668.311  1.27%     -    6s
     0     0 100670.858    0  653 101967.214 100670.858  1.27%     -    6s
     0     0 100671.724    0  652 101967.214 100671.724  1.27%     -    6s
     0     0 100671.802    0  655 101967.214 100671.802  1.27%     -    6s
     0     0 100740.035    0  648 101967.214 100740.035  1.20%     -    6s
     0     0 100757.979    0  662 101967.214 100757.979  1.19%     -    6s
     0     0 100760.090    0  659 101967.214 100760.090  1.18%     -    6s
     0     0 100760.687    0  666 101967.214 100760.687  1.18%     -    6s
     0     0 100818.325    0  663 101967.214 100818.325  1.13%     -    7s
     0     0 100823.053    0  671 101967.214 100823.053  1.12%     -    7s
     0     0 100826.153    0  677 101967.214 100826.153  1.12%     -    7s
     0     0 100826.529    0  681 101967.214 100826.529  1.12%     -    7s
     0     0 100842.666    0  669 101967.214 100842.666  1.10%     -    7s
     0     0 100848.479    0  663 101967.214 100848.479  1.10%     -    7s
     0     0 100850.953    0  673 101967.214 100850.953  1.09%     -    7s
     0     0 100851.050    0  675 101967.214 100851.050  1.09%     -    7s
     0     0 100867.674    0  674 101967.214 100867.674  1.08%     -    7s
     0     0 100871.497    0  676 101967.214 100871.497  1.07%     -    7s
     0     0 100872.342    0  676 101967.214 100872.342  1.07%     -    7s
     0     0 100887.234    0  669 101967.214 100887.234  1.06%     -    8s
     0     0 100894.166    0  677 101967.214 100894.166  1.05%     -    8s
     0     0 100895.693    0  677 101967.214 100895.693  1.05%     -    8s
     0     0 100895.860    0  684 101967.214 100895.860  1.05%     -    8s
     0     0 100910.052    0  679 101967.214 100910.052  1.04%     -    8s
     0     0 100913.020    0  678 101967.214 100913.020  1.03%     -    8s
     0     0 100913.020    0  674 101967.214 100913.020  1.03%     -    8s
     0     0 100932.919    0  666 101967.214 100932.919  1.01%     -    8s
     0     0 100936.710    0  668 101967.214 100936.710  1.01%     -    8s
     0     0 100937.369    0  682 101967.214 100937.369  1.01%     -    8s
     0     0 100947.583    0  664 101967.214 100947.583  1.00%     -    9s
     0     0 100950.333    0  664 101967.214 100950.333  1.00%     -    9s
     0     0 100954.551    0  613 101967.214 100954.551  0.99%     -    9s
     0     0 101176.634    0  643 101967.214 101176.634  0.78%     -    9s
     0     0 101255.995    0  654 101967.214 101255.995  0.70%     -   10s
     0     0 101261.134    0  661 101967.214 101261.134  0.69%     -   10s
     0     0 101261.685    0  663 101967.214 101261.685  0.69%     -   10s
     0     0 101262.057    0  667 101967.214 101262.057  0.69%     -   10s
     0     0 101262.087    0  671 101967.214 101262.087  0.69%     -   10s
     0     0 101297.276    0  653 101967.214 101297.276  0.66%     -   10s
     0     0 101303.588    0  671 101967.214 101303.588  0.65%     -   10s
     0     0 101304.542    0  671 101967.214 101304.542  0.65%     -   10s
     0     0 101304.908    0  672 101967.214 101304.908  0.65%     -   10s
     0     0 101381.958    0  675 101967.214 101381.958  0.57%     -   10s
     0     0 101388.854    0  673 101967.214 101388.854  0.57%     -   10s
     0     0 101391.545    0  677 101967.214 101391.545  0.56%     -   10s
     0     0 101392.011    0  684 101967.214 101392.011  0.56%     -   10s
     0     0 101431.530    0  662 101967.214 101431.530  0.53%     -   11s
     0     0 101437.758    0  657 101967.214 101437.758  0.52%     -   11s
     0     0 101440.460    0  668 101967.214 101440.460  0.52%     -   11s
     0     0 101441.156    0  673 101967.214 101441.156  0.52%     -   11s
     0     0 101452.577    0  641 101967.214 101452.577  0.50%     -   11s
     0     0 101455.581    0  652 101967.214 101455.581  0.50%     -   11s
     0     0 101456.430    0  663 101967.214 101456.430  0.50%     -   11s
     0     0 101468.708    0  655 101967.214 101468.708  0.49%     -   12s
     0     0 101471.308    0  662 101967.214 101471.308  0.49%     -   12s
     0     0 101473.008    0  670 101967.214 101473.008  0.48%     -   12s
     0     0 101473.642    0  669 101967.214 101473.642  0.48%     -   12s
     0     0 101481.547    0  646 101967.214 101481.547  0.48%     -   12s
     0     0 101483.824    0  646 101967.214 101483.824  0.47%     -   12s
     0     0 101485.455    0  659 101967.214 101485.455  0.47%     -   12s
     0     0 101485.856    0  656 101967.214 101485.856  0.47%     -   12s
     0     0 101497.237    0  646 101967.214 101497.237  0.46%     -   12s
     0     0 101498.848    0  647 101967.214 101498.848  0.46%     -   13s
     0     0 101499.288    0  652 101967.214 101499.288  0.46%     -   13s
     0     0 101504.914    0  631 101967.214 101504.914  0.45%     -   13s
     0     0 101504.978    0  626 101967.214 101504.978  0.45%     -   13s
H    0     0                    101962.21400 101505.068  0.45%     -   13s
     0     0 101505.068    0  590 101962.214 101505.068  0.45%     -   14s
     0     0 101505.068    0  594 101962.214 101505.068  0.45%     -   14s
     0     0 101507.693    0  544 101962.214 101507.693  0.45%     -   14s
     0     0 101518.122    0  581 101962.214 101518.122  0.44%     -   14s
     0     0 101519.128    0  580 101962.214 101519.128  0.43%     -   14s
     0     0 101519.248    0  581 101962.214 101519.248  0.43%     -   14s
     0     0 101529.724    0  591 101962.214 101529.724  0.42%     -   14s
     0     0 101530.513    0  585 101962.214 101530.513  0.42%     -   14s
     0     0 101550.372    0  591 101962.214 101550.372  0.40%     -   15s
     0     0 101555.261    0  543 101962.214 101555.261  0.40%     -   15s
     0     0 101555.994    0  543 101962.214 101555.994  0.40%     -   15s
     0     0 101568.271    0  535 101962.214 101568.271  0.39%     -   15s
     0     0 101574.742    0  596 101962.214 101574.742  0.38%     -   15s
     0     0 101577.036    0  607 101962.214 101577.036  0.38%     -   15s
     0     0 101577.489    0  614 101962.214 101577.489  0.38%     -   15s
     0     0 101583.484    0  544 101962.214 101583.484  0.37%     -   15s
     0     0 101584.929    0  539 101962.214 101584.929  0.37%     -   16s
     0     0 101593.464    0  523 101962.214 101593.464  0.36%     -   16s
     0     0 101593.558    0  523 101962.214 101593.558  0.36%     -   16s
     0     0 101593.569    0  539 101962.214 101593.569  0.36%     -   18s
     0     0 101593.569    0  532 101962.214 101593.569  0.36%     -   18s
     0     0 101593.569    0  495 101962.214 101593.569  0.36%     -   18s
     0     0 101597.729    0  494 101962.214 101597.729  0.36%     -   18s
     0     0 101599.319    0  502 101962.214 101599.319  0.36%     -   18s
     0     0 101599.575    0  499 101962.214 101599.575  0.36%     -   18s
     0     0 101608.507    0  518 101962.214 101608.507  0.35%     -   18s
     0     0 101610.436    0  516 101962.214 101610.436  0.35%     -   18s
     0     0 101611.260    0  525 101962.214 101611.260  0.34%     -   18s
     0     0 101625.797    0  513 101962.214 101625.797  0.33%     -   19s
     0     0 101627.091    0  503 101962.214 101627.091  0.33%     -   19s
     0     0 101638.338    0  522 101962.214 101638.338  0.32%     -   19s
     0     0 101638.344    0  520 101962.214 101638.344  0.32%     -   19s
     0     2 101638.346    0  520 101962.214 101638.346  0.32%     -   21s
   419    62 101943.608   12  217 101962.214 101852.109  0.11%  84.8   25s

Cutting planes:
  Learned: 1
  Gomory: 9
  Implied bound: 7
  MIR: 570
  RLT: 24
  Relax-and-lift: 934

Explored 706 nodes (78965 simplex iterations) in 25.87 seconds (19.70 work units)
Thread count was 1 (of 52 available processors)

Solution count 9: 101962 101967 101967 ... 121790

Optimal solution found (tolerance 0.00e+00)
Best objective 1.019622140000e+05, best bound 1.019622140000e+05, gap 0.0000%

User-callback calls 9629, time in user-callback 0.10 sec
Instance: data/CCMPPData/10-2000-4.ccmpp
Setting: BASE-MIX
Epsilon: 0.2
Dimension: 10
NumScenario: 2000
NumAggScenario: 2000
BasicNumScenario: 1782
NumBasicDomIneqs: 0
NumNonReDomIneqs: 0
NumEdge:        4316
NumBiEdge:      0
NumDomIneqs:    4316
DominanceRatio: 0.0022
MixingCuts: off
MixingScope: root
DominanceLazy: 0
TerminationStatus: OPTIMAL
PrimalStatus: FEASIBLE_POINT
RawStatus: Model was solved to optimality (subject to tolerances), and an optimal solution is available.
SolvingTime: 25.873345136642456
NodeCount: 706
MixingCutsSubmitted: 0
ObjectiveValue: 101962.21399999993
ObjectiveBound: 101962.21399999993
RelativeGap: 0.0
