Set parameter TimeLimit to value 14400
Set parameter Threads to value 1
Set parameter MIPGap to value 0
Set parameter OutputFlag to value 1
Gurobi Optimizer version 12.0.3 build v12.0.3rc0 (linux64 - "CentOS Linux 7 (Core)")

CPU model: Intel(R) Xeon(R) Gold 6230R CPU @ 2.10GHz, instruction set [SSE2|AVX|AVX2|AVX512]
Thread count: 52 physical cores, 52 logical processors, using up to 1 threads

Non-default parameters:
TimeLimit  14400
MIPGap  0
Threads  1

Optimize a model with 3041 rows, 3050 columns and 9134 nonzeros
Model fingerprint: 0x4240b067
Variable types: 50 continuous, 3000 integer (3000 binary)
Coefficient statistics:
  Matrix range     [3e-04, 4e+01]
  Objective range  [1e+02, 3e+02]
  Bounds range     [5e+02, 6e+02]
  RHS range        [1e-01, 7e+02]
Found heuristic solution: objective 156897.24200
Presolve removed 204 rows and 1134 columns
Presolve time: 0.02s
Presolved: 2837 rows, 1916 columns, 7616 nonzeros
Found heuristic solution: objective 156601.56200
Variable types: 25 continuous, 1891 integer (1891 binary)

Root relaxation: objective 1.293964e+05, 938 iterations, 0.05 seconds (0.08 work units)

    Nodes    |    Current Node    |     Objective Bounds      |     Work
 Expl Unexpl |  Obj  Depth IntInf | Incumbent    BestBd   Gap | It/Node Time

     0     0 129396.443    0  734 156601.562 129396.443  17.4%     -    0s
H    0     0                    133789.27200 129396.443  3.28%     -    0s
H    0     0                    132255.87200 129396.443  2.16%     -    0s
H    0     0                    132213.87200 129396.443  2.13%     -    0s
H    0     0                    132209.44940 129396.443  2.13%     -    0s
H    0     0                    132142.47200 129396.443  2.08%     -    0s
     0     0 129499.780    0  741 132142.472 129499.780  2.00%     -    0s
H    0     0                    132121.27200 129503.306  1.98%     -    0s
H    0     0                    132087.47200 129503.306  1.96%     -    0s
     0     0 129505.229    0  728 132087.472 129505.229  1.95%     -    0s
     0     0 129506.486    0  728 132087.472 129506.486  1.95%     -    0s
     0     0 129553.400    0  726 132087.472 129553.400  1.92%     -    0s
     0     0 129572.295    0  721 132087.472 129572.295  1.90%     -    0s
     0     0 129573.615    0  723 132087.472 129573.615  1.90%     -    0s
     0     0 129573.681    0  723 132087.472 129573.681  1.90%     -    0s
     0     0 129691.708    0  692 132087.472 129691.708  1.81%     -    0s
     0     0 129711.252    0  681 132087.472 129711.252  1.80%     -    0s
     0     0 129732.235    0  671 132087.472 129732.235  1.78%     -    0s
     0     0 129737.923    0  680 132087.472 129737.923  1.78%     -    1s
     0     0 129738.452    0  680 132087.472 129738.452  1.78%     -    1s
     0     0 129914.203    0  556 132087.472 129914.203  1.65%     -    1s
     0     0 129920.025    0  557 132087.472 129920.025  1.64%     -    1s
     0     0 129920.257    0  558 132087.472 129920.257  1.64%     -    1s
     0     0 129953.178    0  542 132087.472 129953.178  1.62%     -    1s
     0     0 129978.396    0  537 132087.472 129978.396  1.60%     -    1s
     0     0 129980.487    0  537 132087.472 129980.487  1.60%     -    1s
     0     0 129980.509    0  537 132087.472 129980.509  1.60%     -    1s
     0     0 130031.379    0  538 132087.472 130031.379  1.56%     -    1s
     0     0 130048.828    0  528 132087.472 130048.828  1.54%     -    1s
     0     0 130049.363    0  528 132087.472 130049.363  1.54%     -    2s
     0     0 130100.559    0  534 132087.472 130100.559  1.50%     -    2s
     0     0 130109.711    0  528 132087.472 130109.711  1.50%     -    2s
     0     0 130112.128    0  524 132087.472 130112.128  1.50%     -    2s
     0     0 130185.372    0  518 132087.472 130185.372  1.44%     -    2s
     0     0 130199.435    0  483 132087.472 130199.435  1.43%     -    2s
     0     0 130201.967    0  499 132087.472 130201.967  1.43%     -    2s
     0     0 130278.057    0  487 132087.472 130278.057  1.37%     -    2s
H    0     0                    132084.07200 130281.110  1.37%     -    3s
     0     0 130287.061    0  496 132084.072 130287.061  1.36%     -    4s
     0     0 130293.430    0  498 132084.072 130293.430  1.36%     -    4s
     0     0 130293.561    0  497 132084.072 130293.561  1.36%     -    4s
     0     0 130319.128    0  491 132084.072 130319.128  1.34%     -    4s
     0     0 130349.445    0  480 132084.072 130349.445  1.31%     -    4s
     0     0 130352.577    0  591 132084.072 130352.577  1.31%     -    4s
H    0     0                    132078.53280 130352.577  1.31%     -    4s
     0     0 130393.053    0  516 132078.533 130393.053  1.28%     -    5s
     0     0 130559.898    0  510 132078.533 130559.898  1.15%     -    5s
     0     0 130609.204    0  477 132078.533 130609.204  1.11%     -    5s
     0     0 130624.038    0  489 132078.533 130624.038  1.10%     -    5s
     0     0 130624.653    0  478 132078.533 130624.653  1.10%     -    5s
     0     0 130624.741    0  477 132078.533 130624.741  1.10%     -    5s
     0     0 130665.436    0  483 132078.533 130665.436  1.07%     -    5s
     0     0 130670.183    0  490 132078.533 130670.183  1.07%     -    5s
     0     0 130670.581    0  486 132078.533 130670.581  1.07%     -    5s
     0     0 130804.202    0  408 132078.533 130804.202  0.96%     -    5s
     0     0 130826.055    0  464 132078.533 130826.055  0.95%     -    5s
     0     0 130833.029    0  462 132078.533 130833.029  0.94%     -    5s
     0     0 130833.625    0  453 132078.533 130833.625  0.94%     -    5s
     0     0 130916.704    0  468 132078.533 130916.704  0.88%     -    6s
     0     0 130920.791    0  459 132078.533 130920.791  0.88%     -    6s
     0     0 130922.775    0  458 132078.533 130922.775  0.88%     -    6s
     0     0 130947.443    0  533 132078.533 130947.443  0.86%     -    6s
     0     0 130957.673    0  538 132078.533 130957.673  0.85%     -    6s
     0     0 130958.695    0  550 132078.533 130958.695  0.85%     -    6s
     0     0 130983.000    0  505 132078.533 130983.000  0.83%     -    6s
     0     0 130987.730    0  535 132078.533 130987.730  0.83%     -    6s
     0     0 130988.817    0  541 132078.533 130988.817  0.83%     -    6s
     0     0 131016.095    0  521 132078.533 131016.095  0.80%     -    6s
     0     0 131023.174    0  512 132078.533 131023.174  0.80%     -    6s
     0     0 131026.481    0  520 132078.533 131026.481  0.80%     -    6s
     0     0 131027.388    0  512 132078.533 131027.388  0.80%     -    7s
     0     0 131043.739    0  548 132078.533 131043.739  0.78%     -    7s
     0     0 131043.976    0  545 132078.533 131043.976  0.78%     -    7s
     0     0 131044.064    0  573 132078.533 131044.064  0.78%     -   10s
     0     0 131044.064    0  477 132078.533 131044.064  0.78%     -   10s
     0     0 131044.064    0  525 132078.533 131044.064  0.78%     -   10s
     0     0 131049.282    0  531 132078.533 131049.282  0.78%     -   10s
     0     0 131051.391    0  536 132078.533 131051.391  0.78%     -   10s
     0     0 131052.228    0  538 132078.533 131052.228  0.78%     -   10s
     0     0 131052.418    0  539 132078.533 131052.418  0.78%     -   10s
     0     0 131073.514    0  505 132078.533 131073.514  0.76%     -   10s
     0     0 131076.708    0  492 132078.533 131076.708  0.76%     -   10s
     0     0 131078.507    0  493 132078.533 131078.507  0.76%     -   10s
     0     0 131133.404    0  520 132078.533 131133.404  0.72%     -   11s
     0     0 131136.810    0  515 132078.533 131136.810  0.71%     -   11s
     0     0 131137.435    0  513 132078.533 131137.435  0.71%     -   11s
     0     0 131171.566    0  509 132078.533 131171.566  0.69%     -   11s
     0     0 131172.827    0  509 132078.533 131172.827  0.69%     -   11s
     0     0 131193.500    0  480 132078.533 131193.500  0.67%     -   11s
     0     0 131193.694    0  478 132078.533 131193.694  0.67%     -   11s
H    0     0                    132062.13280 131193.743  0.66%     -   12s
H    0     0                    132053.93280 131193.743  0.65%     -   13s
     0     2 131193.964    0  478 132053.933 131193.964  0.65%     -   13s
   203    92 131789.532    8  150 132053.933 131405.076  0.49%  57.9   15s

Cutting planes:
  Gomory: 14
  Implied bound: 13
  MIR: 491
  RLT: 16
  Relax-and-lift: 1927

Explored 838 nodes (60328 simplex iterations) in 17.69 seconds (11.91 work units)
Thread count was 1 (of 52 available processors)

Solution count 10: 132054 132062 132079 ... 132256

Optimal solution found (tolerance 0.00e+00)
Best objective 1.320539328000e+05, best bound 1.320539328000e+05, gap 0.0000%

User-callback calls 8443, time in user-callback 0.02 sec
Instance: data/CCMPPData/10-3000-3.ccmpp
Setting: BASE-MIX
Epsilon: 0.1
Dimension: 10
NumScenario: 3000
NumAggScenario: 3000
BasicNumScenario: 1949
NumBasicDomIneqs: 0
NumNonReDomIneqs: 0
NumEdge:        8818
NumBiEdge:      0
NumDomIneqs:    8818
DominanceRatio: 0.0020
MixingCuts: off
MixingScope: root
DominanceLazy: 0
TerminationStatus: OPTIMAL
PrimalStatus: FEASIBLE_POINT
RawStatus: Model was solved to optimality (subject to tolerances), and an optimal solution is available.
SolvingTime: 17.687013864517212
NodeCount: 838
MixingCutsSubmitted: 0
ObjectiveValue: 132053.93279999937
ObjectiveBound: 132053.93279999937
RelativeGap: 0.0
