Set parameter TimeLimit to value 14400
Set parameter Threads to value 1
Set parameter MIPGap to value 0
Set parameter OutputFlag to value 1
Gurobi Optimizer version 12.0.3 build v12.0.3rc0 (linux64 - "CentOS Linux 7 (Core)")

CPU model: Intel(R) Xeon(R) Gold 6230R CPU @ 2.10GHz, instruction set [SSE2|AVX|AVX2|AVX512]
Thread count: 52 physical cores, 52 logical processors, using up to 1 threads

Non-default parameters:
TimeLimit  14400
MIPGap  0
Threads  1

Optimize a model with 1621 rows, 1150 columns and 4765 nonzeros
Model fingerprint: 0x1334a922
Variable types: 150 continuous, 1000 integer (1000 binary)
Coefficient statistics:
  Matrix range     [1e-03, 3e+01]
  Objective range  [1e+02, 3e+02]
  Bounds range     [5e+02, 7e+02]
  RHS range        [5e-02, 7e+02]
Found heuristic solution: objective 304458.22400
Presolve removed 78 rows and 256 columns
Presolve time: 0.04s
Presolved: 1543 rows, 894 columns, 5805 nonzeros
Variable types: 116 continuous, 778 integer (778 binary)

Root relaxation: objective 2.706891e+05, 1252 iterations, 0.04 seconds (0.04 work units)

    Nodes    |    Current Node    |     Objective Bounds      |     Work
 Expl Unexpl |  Obj  Depth IntInf | Incumbent    BestBd   Gap | It/Node Time

     0     0 270689.100    0  151 304458.224 270689.100  11.1%     -    0s
H    0     0                    273571.91900 270689.100  1.05%     -    0s
H    0     0                    272975.91900 270689.100  0.84%     -    0s
     0     0 270981.283    0  136 272975.919 270981.283  0.73%     -    0s
H    0     0                    272828.61900 270997.264  0.67%     -    0s
     0     0 270999.038    0  138 272828.619 270999.038  0.67%     -    0s
     0     0 270999.253    0  141 272828.619 270999.253  0.67%     -    0s
     0     0 271147.877    0  137 272828.619 271147.877  0.62%     -    0s
     0     0 271163.840    0  144 272828.619 271163.840  0.61%     -    0s
     0     0 271167.655    0  144 272828.619 271167.655  0.61%     -    0s
     0     0 271168.182    0  144 272828.619 271168.182  0.61%     -    0s
     0     0 271380.093    0  112 272828.619 271380.093  0.53%     -    0s
H    0     0                    272715.51900 271381.602  0.49%     -    0s
     0     0 271404.581    0  116 272715.519 271404.581  0.48%     -    0s
     0     0 271414.366    0  125 272715.519 271414.366  0.48%     -    0s
     0     0 271414.742    0  115 272715.519 271414.742  0.48%     -    0s
     0     0 271415.165    0  117 272715.519 271415.165  0.48%     -    0s
     0     0 271415.449    0  117 272715.519 271415.449  0.48%     -    0s
     0     0 271520.326    0  127 272715.519 271520.326  0.44%     -    0s
H    0     0                    272441.51900 271522.611  0.34%     -    0s
     0     0 271546.691    0  131 272441.519 271546.691  0.33%     -    0s
     0     0 271554.129    0  131 272441.519 271554.129  0.33%     -    0s
     0     0 271554.695    0  131 272441.519 271554.695  0.33%     -    0s
     0     0 271554.879    0  131 272441.519 271554.879  0.33%     -    0s
     0     0 271592.542    0  134 272441.519 271592.542  0.31%     -    0s
     0     0 271601.516    0  131 272441.519 271601.516  0.31%     -    0s
     0     0 271602.923    0  137 272441.519 271602.923  0.31%     -    0s
     0     0 271603.336    0  137 272441.519 271603.336  0.31%     -    0s
     0     0 271651.181    0  122 272441.519 271651.181  0.29%     -    0s
     0     0 271656.000    0  135 272441.519 271656.000  0.29%     -    0s
     0     0 271657.772    0  159 272441.519 271657.772  0.29%     -    0s
     0     0 271658.561    0  137 272441.519 271658.561  0.29%     -    0s
     0     0 271658.752    0  136 272441.519 271658.752  0.29%     -    0s
     0     0 271666.100    0  146 272441.519 271666.100  0.28%     -    0s
     0     0 271685.131    0  147 272441.519 271685.131  0.28%     -    0s
     0     0 271686.987    0  147 272441.519 271686.987  0.28%     -    0s
     0     0 271687.185    0  153 272441.519 271687.185  0.28%     -    0s
     0     0 271717.486    0  149 272441.519 271717.486  0.27%     -    0s
     0     0 271719.448    0  140 272441.519 271719.448  0.27%     -    0s
     0     0 271719.448    0  140 272441.519 271719.448  0.27%     -    0s
     0     0 271748.495    0  156 272441.519 271748.495  0.25%     -    0s
     0     0 271756.925    0  133 272441.519 271756.925  0.25%     -    0s
     0     0 271759.146    0  158 272441.519 271759.146  0.25%     -    0s
     0     0 271763.116    0  156 272441.519 271763.116  0.25%     -    0s
     0     0 271763.264    0  157 272441.519 271763.264  0.25%     -    0s
     0     0 271776.431    0  155 272441.519 271776.431  0.24%     -    0s
     0     0 271778.948    0  125 272441.519 271778.948  0.24%     -    0s
     0     0 271780.096    0  156 272441.519 271780.096  0.24%     -    0s
     0     0 271780.212    0  157 272441.519 271780.212  0.24%     -    0s
     0     0 271787.133    0  128 272441.519 271787.133  0.24%     -    0s
     0     0 271791.575    0  156 272441.519 271791.575  0.24%     -    0s
     0     0 271792.329    0  157 272441.519 271792.329  0.24%     -    0s
     0     0 271792.471    0  150 272441.519 271792.471  0.24%     -    0s
     0     0 271804.415    0  147 272441.519 271804.415  0.23%     -    0s
     0     0 271807.345    0  173 272441.519 271807.345  0.23%     -    0s
     0     0 271809.825    0  153 272441.519 271809.825  0.23%     -    0s
     0     0 271811.225    0  154 272441.519 271811.225  0.23%     -    0s
     0     0 271812.088    0  179 272441.519 271812.088  0.23%     -    0s
     0     0 271812.549    0  179 272441.519 271812.549  0.23%     -    0s
     0     0 271827.099    0  155 272441.519 271827.099  0.23%     -    0s
     0     0 271831.669    0  171 272441.519 271831.669  0.22%     -    0s
     0     0 271834.041    0  167 272441.519 271834.041  0.22%     -    0s
     0     0 271835.432    0  152 272441.519 271835.432  0.22%     -    0s
     0     0 271835.730    0  176 272441.519 271835.730  0.22%     -    0s
     0     0 271841.410    0  170 272441.519 271841.410  0.22%     -    0s
     0     0 271843.505    0  171 272441.519 271843.505  0.22%     -    0s
     0     0 271844.087    0  172 272441.519 271844.087  0.22%     -    0s
     0     0 271850.799    0  144 272441.519 271850.799  0.22%     -    0s
     0     0 271850.972    0  143 272441.519 271850.972  0.22%     -    0s
     0     0 271855.355    0  142 272441.519 271855.355  0.22%     -    0s
     0     0 271856.047    0  142 272441.519 271856.047  0.21%     -    0s
H    0     0                    272358.61900 271856.153  0.18%     -    0s
H    0     0                    272351.49400 271856.207  0.18%     -    1s
H    0     0                    272315.03500 271856.207  0.17%     -    1s
H    0     0                    272312.91000 271856.207  0.17%     -    1s
H    0     0                    272260.91000 271856.207  0.15%     -    1s
H    0     0                    272254.45500 271856.207  0.15%     -    1s
H    0     0                    272252.33000 271856.207  0.15%     -    1s
H    0     0                    272239.74600 271856.207  0.14%     -    1s
     0     2 271856.207    0  142 272239.746 271856.207  0.14%     -    1s
   702   451 272095.554   21  172 272239.746 272057.368  0.07%  21.6    5s
H  763   465                    272234.91000 272143.349  0.03%  19.9    9s
   783   479 272167.272   23  130 272234.910 272151.055  0.03%  29.4   10s
  1714   308 272223.294   39   31 272234.910 272200.154  0.01%  35.6   15s

Cutting planes:
  Gomory: 3
  MIR: 126
  Flow cover: 251
  Relax-and-lift: 56

Explored 2189 nodes (79376 simplex iterations) in 16.38 seconds (11.55 work units)
Thread count was 1 (of 52 available processors)

Solution count 10: 272235 272240 272252 ... 272442

Optimal solution found (tolerance 0.00e+00)
Best objective 2.722349100003e+05, best bound 2.722349100003e+05, gap 0.0000%

User-callback calls 12792, time in user-callback 0.02 sec
Instance: data/CCMPPData/30-1000-3.ccmpp
Setting: BASE-MIX
Epsilon: 0.05
Dimension: 30
NumScenario: 1000
NumAggScenario: 1000
BasicNumScenario: 778
NumBasicDomIneqs: 0
NumNonReDomIneqs: 0
NumEdge:        0
NumBiEdge:      0
NumDomIneqs:    0
DominanceRatio: 0.0000
MixingCuts: off
MixingScope: root
DominanceLazy: 0
TerminationStatus: OPTIMAL
PrimalStatus: FEASIBLE_POINT
RawStatus: Model was solved to optimality (subject to tolerances), and an optimal solution is available.
SolvingTime: 16.380836963653564
NodeCount: 2189
MixingCutsSubmitted: 0
ObjectiveValue: 272234.9100003065
ObjectiveBound: 272234.91000030644
RelativeGap: 0.0
