Set parameter TimeLimit to value 14400
Set parameter Threads to value 1
Set parameter MIPGap to value 0
Set parameter OutputFlag to value 1
Set parameter PreCrush to value 1
Gurobi Optimizer version 12.0.3 build v12.0.3rc0 (linux64 - "CentOS Linux 7 (Core)")

CPU model: Intel(R) Xeon(R) Gold 6230R CPU @ 2.10GHz, instruction set [SSE2|AVX|AVX2|AVX512]
Thread count: 52 physical cores, 52 logical processors, using up to 1 threads

Non-default parameters:
TimeLimit  14400
MIPGap  0
PreCrush  1
Threads  1

Optimize a model with 1231 rows, 414 columns and 2924 nonzeros
Model fingerprint: 0x3c882fac
Variable types: 50 continuous, 364 integer (364 binary)
Coefficient statistics:
  Matrix range     [5e-04, 2e+01]
  Objective range  [1e+02, 3e+02]
  Bounds range     [5e+02, 6e+02]
  RHS range        [5e-02, 7e+02]
Found heuristic solution: objective 121790.34300
Presolve removed 71 rows and 34 columns
Presolve time: 0.11s
Presolved: 1160 rows, 380 columns, 3475 nonzeros
Found heuristic solution: objective 120664.10300
Variable types: 26 continuous, 354 integer (354 binary)

Root relaxation: objective 1.039566e+05, 378 iterations, 0.02 seconds (0.01 work units)

    Nodes    |    Current Node    |     Objective Bounds      |     Work
 Expl Unexpl |  Obj  Depth IntInf | Incumbent    BestBd   Gap | It/Node Time

     0     0 103956.645    0  124 120664.103 103956.645  13.8%     -    0s
H    0     0                    104753.90400 103956.645  0.76%     -    0s
H    0     0                    104656.04400 103956.645  0.67%     -    0s
     0     0 104239.109    0   92 104656.044 104239.109  0.40%     -    0s
     0     0 104303.220    0   88 104656.044 104303.220  0.34%     -    0s
     0     0 104311.081    0   88 104656.044 104311.081  0.33%     -    0s
     0     0 104403.484    0   92 104656.044 104403.484  0.24%     -    0s
     0     0 104419.185    0   96 104656.044 104419.185  0.23%     -    0s
     0     0 104450.529    0   93 104656.044 104450.529  0.20%     -    0s
     0     0 104453.188    0   98 104656.044 104453.188  0.19%     -    0s
     0     0 104461.129    0   96 104656.044 104461.129  0.19%     -    0s
     0     0 104467.141    0   99 104656.044 104467.141  0.18%     -    0s
     0     0 104470.689    0  101 104656.044 104470.689  0.18%     -    0s
     0     0 104477.703    0   91 104656.044 104477.703  0.17%     -    0s
H    0     0                    104628.35000 104478.443  0.14%     -    0s
     0     0 104487.027    0   85 104628.350 104487.027  0.14%     -    0s
     0     0 104493.430    0  101 104628.350 104493.430  0.13%     -    0s
     0     0 104494.614    0  103 104628.350 104494.614  0.13%     -    0s
     0     0 104497.856    0  106 104628.350 104497.856  0.12%     -    0s
     0     0 104498.314    0   99 104628.350 104498.314  0.12%     -    0s
     0     0 104501.425    0   97 104628.350 104501.425  0.12%     -    0s
     0     0 104504.476    0  103 104628.350 104504.476  0.12%     -    0s
     0     0 104507.140    0  105 104628.350 104507.140  0.12%     -    0s
     0     0 104510.630    0   90 104628.350 104510.630  0.11%     -    0s
     0     0 104512.279    0  104 104628.350 104512.279  0.11%     -    0s
     0     0 104515.090    0   93 104628.350 104515.090  0.11%     -    0s
     0     0 104517.096    0   77 104628.350 104517.096  0.11%     -    0s
     0     0 104517.751    0   83 104628.350 104517.751  0.11%     -    0s
     0     0 104518.314    0  104 104628.350 104518.314  0.11%     -    0s
     0     0 104519.267    0   80 104628.350 104519.267  0.10%     -    0s
     0     0 104521.912    0   75 104628.350 104521.912  0.10%     -    0s
     0     0 104521.912    0   76 104628.350 104521.912  0.10%     -    0s
     0     0 104525.183    0   84 104628.350 104525.183  0.10%     -    0s
     0     0 104526.223    0   80 104628.350 104526.223  0.10%     -    0s
     0     0 104528.883    0   69 104628.350 104528.883  0.10%     -    0s
     0     0 104529.624    0   77 104628.350 104529.624  0.09%     -    0s
     0     0 104530.052    0   81 104628.350 104530.052  0.09%     -    0s
     0     0 104531.361    0   78 104628.350 104531.361  0.09%     -    0s
     0     0 104531.539    0   80 104628.350 104531.539  0.09%     -    0s
     0     0 104536.909    0   59 104628.350 104536.909  0.09%     -    1s
     0     0 104537.444    0   62 104628.350 104537.444  0.09%     -    1s
     0     0 104538.193    0   70 104628.350 104538.193  0.09%     -    1s
     0     0 104538.935    0   79 104628.350 104538.935  0.09%     -    1s
     0     0 104539.573    0   74 104628.350 104539.573  0.08%     -    1s
     0     0 104539.701    0   71 104628.350 104539.701  0.08%     -    1s
     0     0 104539.824    0   78 104628.350 104539.824  0.08%     -    1s
     0     0 104539.954    0   63 104628.350 104539.954  0.08%     -    1s
     0     0 104540.682    0   83 104628.350 104540.682  0.08%     -    1s
     0     0 104540.999    0   83 104628.350 104540.999  0.08%     -    1s
     0     0 104541.898    0   77 104628.350 104541.898  0.08%     -    1s
     0     0 104542.149    0   80 104628.350 104542.149  0.08%     -    1s
     0     0 104546.130    0   71 104628.350 104546.130  0.08%     -    1s
     0     0 104546.268    0   72 104628.350 104546.268  0.08%     -    1s
     0     0 104546.934    0   62 104628.350 104546.934  0.08%     -    1s
     0     0 104547.464    0   64 104628.350 104547.464  0.08%     -    1s
     0     0 104547.464    0   64 104628.350 104547.464  0.08%     -    1s
     0     0 104547.622    0   78 104628.350 104547.622  0.08%     -    1s
     0     0 104547.681    0   64 104628.350 104547.681  0.08%     -    1s
     0     0 104548.126    0   62 104628.350 104548.126  0.08%     -    1s
     0     0 104548.345    0   59 104628.350 104548.345  0.08%     -    1s
     0     0 104548.345    0   90 104628.350 104548.345  0.08%     -    1s
     0     0 104553.775    0  104 104628.350 104553.775  0.07%     -    1s
     0     0 104562.380    0   77 104628.350 104562.380  0.06%     -    1s
     0     0 104562.507    0   75 104628.350 104562.507  0.06%     -    1s
     0     0 104603.589    0   10 104628.350 104603.589  0.02%     -    1s
     0     0 104620.517    0    5 104628.350 104620.517  0.01%     -    1s
     0     0     cutoff    0      104628.350 104628.350  0.00%     -    1s

Cutting planes:
  Cover: 1

Explored 1 nodes (2315 simplex iterations) in 1.16 seconds (0.28 work units)
Thread count was 1 (of 52 available processors)

Solution count 8: 104628 104628 104656 ... 121790

Optimal solution found (tolerance 0.00e+00)
Best objective 1.046283500000e+05, best bound 1.046283500000e+05, gap 0.0000%

User-callback calls 1079, time in user-callback 1.43 sec
Instance: data/CCMPPData/10-2000-4.ccmpp
Setting: BASE+sDI
Epsilon: 0.05
Dimension: 10
NumScenario: 2000
NumAggScenario: 364
BasicNumScenario: 363
NumBasicDomIneqs: 5886
NumNonReDomIneqs: 636
NumEdge:        2479822
NumBiEdge:      750561
NumDomIneqs:    1729261
DominanceRatio: 0.8651
MixingCuts: on
MixingScope: root
DominanceLazy: 0
TerminationStatus: OPTIMAL
PrimalStatus: FEASIBLE_POINT
RawStatus: Model was solved to optimality (subject to tolerances), and an optimal solution is available.
SolvingTime: 1.1586878299713135
NodeCount: 1
MixingCutsSubmitted: 137
ObjectiveValue: 104628.34999999948
ObjectiveBound: 104628.34999999948
RelativeGap: 0.0
